[2026-03-03T21:27:38.640Z] ERROR: 
Stack: AggregateError [ECONNREFUSED]: 
    at C:\Users\ludin\Desktop\salidas\scanqueue\backend\node_modules\pg-pool\index.js:45:11
    at process.processTicksAndRejections (node:internal/process/task_queues:105:5)
    at async query (file:///C:/Users/ludin/Desktop/salidas/scanqueue/backend/src/config/database.js:25:18)
    at async Module.getScansToday (file:///C:/Users/ludin/Desktop/salidas/scanqueue/backend/src/models/Scan.js:23:15)
    at async Module.getScanStatistics (file:///C:/Users/ludin/Desktop/salidas/scanqueue/backend/src/services/ScanService.js:76:24)
    at async getQueueStats (file:///C:/Users/ludin/Desktop/salidas/scanqueue/backend/src/controllers/QueueController.js:27:23)
Path: /api/queue/stats

[2026-03-03T21:27:38.662Z] ERROR: 
Stack: AggregateError [ECONNREFUSED]: 
    at C:\Users\ludin\Desktop\salidas\scanqueue\backend\node_modules\pg-pool\index.js:45:11
    at process.processTicksAndRejections (node:internal/process/task_queues:105:5)
    at async query (file:///C:/Users/ludin/Desktop/salidas/scanqueue/backend/src/config/database.js:25:18)
    at async Module.getScansToday (file:///C:/Users/ludin/Desktop/salidas/scanqueue/backend/src/models/Scan.js:23:15)
    at async Module.getScanStatistics (file:///C:/Users/ludin/Desktop/salidas/scanqueue/backend/src/services/ScanService.js:76:24)
    at async getQueueStats (file:///C:/Users/ludin/Desktop/salidas/scanqueue/backend/src/controllers/QueueController.js:27:23)
Path: /api/queue/stats

[2026-03-03T21:27:49.202Z] ERROR: 
Stack: AggregateError [ECONNREFUSED]: 
    at C:\Users\ludin\Desktop\salidas\scanqueue\backend\node_modules\pg-pool\index.js:45:11
    at process.processTicksAndRejections (node:internal/process/task_queues:105:5)
    at async query (file:///C:/Users/ludin/Desktop/salidas/scanqueue/backend/src/config/database.js:25:18)
    at async Module.getScansToday (file:///C:/Users/ludin/Desktop/salidas/scanqueue/backend/src/models/Scan.js:23:15)
    at async Module.getScanStatistics (file:///C:/Users/ludin/Desktop/salidas/scanqueue/backend/src/services/ScanService.js:76:24)
    at async getQueueStats (file:///C:/Users/ludin/Desktop/salidas/scanqueue/backend/src/controllers/QueueController.js:27:23)
Path: /api/queue/stats

[2026-03-03T21:27:59.203Z] ERROR: 
Stack: AggregateError [ECONNREFUSED]: 
    at C:\Users\ludin\Desktop\salidas\scanqueue\backend\node_modules\pg-pool\index.js:45:11
    at process.processTicksAndRejections (node:internal/process/task_queues:105:5)
    at async query (file:///C:/Users/ludin/Desktop/salidas/scanqueue/backend/src/config/database.js:25:18)
    at async Module.getScansToday (file:///C:/Users/ludin/Desktop/salidas/scanqueue/backend/src/models/Scan.js:23:15)
    at async Module.getScanStatistics (file:///C:/Users/ludin/Desktop/salidas/scanqueue/backend/src/services/ScanService.js:76:24)
    at async getQueueStats (file:///C:/Users/ludin/Desktop/salidas/scanqueue/backend/src/controllers/QueueController.js:27:23)
Path: /api/queue/stats

[2026-03-03T21:28:09.254Z] ERROR: 
Stack: AggregateError [ECONNREFUSED]: 
    at C:\Users\ludin\Desktop\salidas\scanqueue\backend\node_modules\pg-pool\index.js:45:11
    at process.processTicksAndRejections (node:internal/process/task_queues:105:5)
    at async query (file:///C:/Users/ludin/Desktop/salidas/scanqueue/backend/src/config/database.js:25:18)
    at async Module.getScansToday (file:///C:/Users/ludin/Desktop/salidas/scanqueue/backend/src/models/Scan.js:23:15)
    at async Module.getScanStatistics (file:///C:/Users/ludin/Desktop/salidas/scanqueue/backend/src/services/ScanService.js:76:24)
    at async getQueueStats (file:///C:/Users/ludin/Desktop/salidas/scanqueue/backend/src/controllers/QueueController.js:27:23)
Path: /api/queue/stats

[2026-03-03T21:28:19.221Z] ERROR: 
Stack: AggregateError [ECONNREFUSED]: 
    at C:\Users\ludin\Desktop\salidas\scanqueue\backend\node_modules\pg-pool\index.js:45:11
    at process.processTicksAndRejections (node:internal/process/task_queues:105:5)
    at async query (file:///C:/Users/ludin/Desktop/salidas/scanqueue/backend/src/config/database.js:25:18)
    at async Module.getScansToday (file:///C:/Users/ludin/Desktop/salidas/scanqueue/backend/src/models/Scan.js:23:15)
    at async Module.getScanStatistics (file:///C:/Users/ludin/Desktop/salidas/scanqueue/backend/src/services/ScanService.js:76:24)
    at async getQueueStats (file:///C:/Users/ludin/Desktop/salidas/scanqueue/backend/src/controllers/QueueController.js:27:23)
Path: /api/queue/stats

[2026-03-03T21:28:29.207Z] ERROR: 
Stack: AggregateError [ECONNREFUSED]: 
    at C:\Users\ludin\Desktop\salidas\scanqueue\backend\node_modules\pg-pool\index.js:45:11
    at process.processTicksAndRejections (node:internal/process/task_queues:105:5)
    at async query (file:///C:/Users/ludin/Desktop/salidas/scanqueue/backend/src/config/database.js:25:18)
    at async Module.getScansToday (file:///C:/Users/ludin/Desktop/salidas/scanqueue/backend/src/models/Scan.js:23:15)
    at async Module.getScanStatistics (file:///C:/Users/ludin/Desktop/salidas/scanqueue/backend/src/services/ScanService.js:76:24)
    at async getQueueStats (file:///C:/Users/ludin/Desktop/salidas/scanqueue/backend/src/controllers/QueueController.js:27:23)
Path: /api/queue/stats

[2026-03-03T21:28:38.449Z] ERROR: 
Stack: AggregateError [ECONNREFUSED]: 
    at C:\Users\ludin\Desktop\salidas\scanqueue\backend\node_modules\pg-pool\index.js:45:11
    at process.processTicksAndRejections (node:internal/process/task_queues:105:5)
    at async query (file:///C:/Users/ludin/Desktop/salidas/scanqueue/backend/src/config/database.js:25:18)
    at async Module.getScansToday (file:///C:/Users/ludin/Desktop/salidas/scanqueue/backend/src/models/Scan.js:23:15)
    at async Module.getScanStatistics (file:///C:/Users/ludin/Desktop/salidas/scanqueue/backend/src/services/ScanService.js:76:24)
    at async getQueueStats (file:///C:/Users/ludin/Desktop/salidas/scanqueue/backend/src/controllers/QueueController.js:27:23)
Path: /api/queue/stats

[2026-03-03T21:28:49.926Z] ERROR: 
Stack: AggregateError [ECONNREFUSED]: 
    at C:\Users\ludin\Desktop\salidas\scanqueue\backend\node_modules\pg-pool\index.js:45:11
    at process.processTicksAndRejections (node:internal/process/task_queues:105:5)
    at async query (file:///C:/Users/ludin/Desktop/salidas/scanqueue/backend/src/config/database.js:25:18)
    at async Module.getScansToday (file:///C:/Users/ludin/Desktop/salidas/scanqueue/backend/src/models/Scan.js:23:15)
    at async Module.getScanStatistics (file:///C:/Users/ludin/Desktop/salidas/scanqueue/backend/src/services/ScanService.js:76:24)
    at async getQueueStats (file:///C:/Users/ludin/Desktop/salidas/scanqueue/backend/src/controllers/QueueController.js:27:23)
Path: /api/queue/stats

[2026-03-03T21:28:59.223Z] ERROR: 
Stack: AggregateError [ECONNREFUSED]: 
    at C:\Users\ludin\Desktop\salidas\scanqueue\backend\node_modules\pg-pool\index.js:45:11
    at process.processTicksAndRejections (node:internal/process/task_queues:105:5)
    at async query (file:///C:/Users/ludin/Desktop/salidas/scanqueue/backend/src/config/database.js:25:18)
    at async Module.getScansToday (file:///C:/Users/ludin/Desktop/salidas/scanqueue/backend/src/models/Scan.js:23:15)
    at async Module.getScanStatistics (file:///C:/Users/ludin/Desktop/salidas/scanqueue/backend/src/services/ScanService.js:76:24)
    at async getQueueStats (file:///C:/Users/ludin/Desktop/salidas/scanqueue/backend/src/controllers/QueueController.js:27:23)
Path: /api/queue/stats

[2026-03-04T12:38:27.916Z] ERROR: 
Stack: AggregateError [ECONNREFUSED]: 
    at C:\Users\ludin\Desktop\salidas\scanqueue\backend\node_modules\pg-pool\index.js:45:11
    at process.processTicksAndRejections (node:internal/process/task_queues:105:5)
    at async query (file:///C:/Users/ludin/Desktop/salidas/scanqueue/backend/src/config/database.js:25:18)
    at async Module.getScansToday (file:///C:/Users/ludin/Desktop/salidas/scanqueue/backend/src/models/Scan.js:23:15)
    at async Module.getScanStatistics (file:///C:/Users/ludin/Desktop/salidas/scanqueue/backend/src/services/ScanService.js:76:24)
    at async getQueueStats (file:///C:/Users/ludin/Desktop/salidas/scanqueue/backend/src/controllers/QueueController.js:27:23)
Path: /api/queue/stats

[2026-03-04T12:38:27.946Z] ERROR: 
Stack: AggregateError [ECONNREFUSED]: 
    at C:\Users\ludin\Desktop\salidas\scanqueue\backend\node_modules\pg-pool\index.js:45:11
    at process.processTicksAndRejections (node:internal/process/task_queues:105:5)
    at async query (file:///C:/Users/ludin/Desktop/salidas/scanqueue/backend/src/config/database.js:25:18)
    at async Module.getScansToday (file:///C:/Users/ludin/Desktop/salidas/scanqueue/backend/src/models/Scan.js:23:15)
    at async Module.getScanStatistics (file:///C:/Users/ludin/Desktop/salidas/scanqueue/backend/src/services/ScanService.js:76:24)
    at async getQueueStats (file:///C:/Users/ludin/Desktop/salidas/scanqueue/backend/src/controllers/QueueController.js:27:23)
Path: /api/queue/stats

[2026-03-04T12:38:38.365Z] ERROR: 
Stack: AggregateError [ECONNREFUSED]: 
    at C:\Users\ludin\Desktop\salidas\scanqueue\backend\node_modules\pg-pool\index.js:45:11
    at process.processTicksAndRejections (node:internal/process/task_queues:105:5)
    at async query (file:///C:/Users/ludin/Desktop/salidas/scanqueue/backend/src/config/database.js:25:18)
    at async Module.getScansToday (file:///C:/Users/ludin/Desktop/salidas/scanqueue/backend/src/models/Scan.js:23:15)
    at async Module.getScanStatistics (file:///C:/Users/ludin/Desktop/salidas/scanqueue/backend/src/services/ScanService.js:76:24)
    at async getQueueStats (file:///C:/Users/ludin/Desktop/salidas/scanqueue/backend/src/controllers/QueueController.js:27:23)
Path: /api/queue/stats

[2026-03-04T12:38:48.972Z] ERROR: 
Stack: AggregateError [ECONNREFUSED]: 
    at C:\Users\ludin\Desktop\salidas\scanqueue\backend\node_modules\pg-pool\index.js:45:11
    at process.processTicksAndRejections (node:internal/process/task_queues:105:5)
    at async query (file:///C:/Users/ludin/Desktop/salidas/scanqueue/backend/src/config/database.js:25:18)
    at async Module.getScansToday (file:///C:/Users/ludin/Desktop/salidas/scanqueue/backend/src/models/Scan.js:23:15)
    at async Module.getScanStatistics (file:///C:/Users/ludin/Desktop/salidas/scanqueue/backend/src/services/ScanService.js:76:24)
    at async getQueueStats (file:///C:/Users/ludin/Desktop/salidas/scanqueue/backend/src/controllers/QueueController.js:27:23)
Path: /api/queue/stats

[2026-03-04T12:38:58.210Z] ERROR: 
Stack: AggregateError [ECONNREFUSED]: 
    at C:\Users\ludin\Desktop\salidas\scanqueue\backend\node_modules\pg-pool\index.js:45:11
    at process.processTicksAndRejections (node:internal/process/task_queues:105:5)
    at async query (file:///C:/Users/ludin/Desktop/salidas/scanqueue/backend/src/config/database.js:25:18)
    at async Module.getScansToday (file:///C:/Users/ludin/Desktop/salidas/scanqueue/backend/src/models/Scan.js:23:15)
    at async Module.getScanStatistics (file:///C:/Users/ludin/Desktop/salidas/scanqueue/backend/src/services/ScanService.js:76:24)
    at async getQueueStats (file:///C:/Users/ludin/Desktop/salidas/scanqueue/backend/src/controllers/QueueController.js:27:23)
Path: /api/queue/stats

[2026-03-04T12:39:08.226Z] ERROR: 
Stack: AggregateError [ECONNREFUSED]: 
    at C:\Users\ludin\Desktop\salidas\scanqueue\backend\node_modules\pg-pool\index.js:45:11
    at process.processTicksAndRejections (node:internal/process/task_queues:105:5)
    at async query (file:///C:/Users/ludin/Desktop/salidas/scanqueue/backend/src/config/database.js:25:18)
    at async Module.getScansToday (file:///C:/Users/ludin/Desktop/salidas/scanqueue/backend/src/models/Scan.js:23:15)
    at async Module.getScanStatistics (file:///C:/Users/ludin/Desktop/salidas/scanqueue/backend/src/services/ScanService.js:76:24)
    at async getQueueStats (file:///C:/Users/ludin/Desktop/salidas/scanqueue/backend/src/controllers/QueueController.js:27:23)
Path: /api/queue/stats

[2026-03-04T12:39:18.218Z] ERROR: 
Stack: AggregateError [ECONNREFUSED]: 
    at C:\Users\ludin\Desktop\salidas\scanqueue\backend\node_modules\pg-pool\index.js:45:11
    at process.processTicksAndRejections (node:internal/process/task_queues:105:5)
    at async query (file:///C:/Users/ludin/Desktop/salidas/scanqueue/backend/src/config/database.js:25:18)
    at async Module.getScansToday (file:///C:/Users/ludin/Desktop/salidas/scanqueue/backend/src/models/Scan.js:23:15)
    at async Module.getScanStatistics (file:///C:/Users/ludin/Desktop/salidas/scanqueue/backend/src/services/ScanService.js:76:24)
    at async getQueueStats (file:///C:/Users/ludin/Desktop/salidas/scanqueue/backend/src/controllers/QueueController.js:27:23)
Path: /api/queue/stats

[2026-03-04T12:39:28.196Z] ERROR: 
Stack: AggregateError [ECONNREFUSED]: 
    at C:\Users\ludin\Desktop\salidas\scanqueue\backend\node_modules\pg-pool\index.js:45:11
    at process.processTicksAndRejections (node:internal/process/task_queues:105:5)
    at async query (file:///C:/Users/ludin/Desktop/salidas/scanqueue/backend/src/config/database.js:25:18)
    at async Module.getScansToday (file:///C:/Users/ludin/Desktop/salidas/scanqueue/backend/src/models/Scan.js:23:15)
    at async Module.getScanStatistics (file:///C:/Users/ludin/Desktop/salidas/scanqueue/backend/src/services/ScanService.js:76:24)
    at async getQueueStats (file:///C:/Users/ludin/Desktop/salidas/scanqueue/backend/src/controllers/QueueController.js:27:23)
Path: /api/queue/stats

[2026-03-04T12:39:39.772Z] ERROR: 
Stack: AggregateError [ECONNREFUSED]: 
    at C:\Users\ludin\Desktop\salidas\scanqueue\backend\node_modules\pg-pool\index.js:45:11
    at process.processTicksAndRejections (node:internal/process/task_queues:105:5)
    at async query (file:///C:/Users/ludin/Desktop/salidas/scanqueue/backend/src/config/database.js:25:18)
    at async Module.getScansToday (file:///C:/Users/ludin/Desktop/salidas/scanqueue/backend/src/models/Scan.js:23:15)
    at async Module.getScanStatistics (file:///C:/Users/ludin/Desktop/salidas/scanqueue/backend/src/services/ScanService.js:76:24)
    at async getQueueStats (file:///C:/Users/ludin/Desktop/salidas/scanqueue/backend/src/controllers/QueueController.js:27:23)
Path: /api/queue/stats

[2026-03-04T12:39:47.744Z] ERROR: 
Stack: AggregateError [ECONNREFUSED]: 
    at C:\Users\ludin\Desktop\salidas\scanqueue\backend\node_modules\pg-pool\index.js:45:11
    at process.processTicksAndRejections (node:internal/process/task_queues:105:5)
    at async query (file:///C:/Users/ludin/Desktop/salidas/scanqueue/backend/src/config/database.js:25:18)
    at async Module.getScansToday (file:///C:/Users/ludin/Desktop/salidas/scanqueue/backend/src/models/Scan.js:23:15)
    at async Module.getScanStatistics (file:///C:/Users/ludin/Desktop/salidas/scanqueue/backend/src/services/ScanService.js:76:24)
    at async getQueueStats (file:///C:/Users/ludin/Desktop/salidas/scanqueue/backend/src/controllers/QueueController.js:27:23)
Path: /api/queue/stats

[2026-03-04T12:39:57.744Z] ERROR: 
Stack: AggregateError [ECONNREFUSED]: 
    at C:\Users\ludin\Desktop\salidas\scanqueue\backend\node_modules\pg-pool\index.js:45:11
    at process.processTicksAndRejections (node:internal/process/task_queues:105:5)
    at async query (file:///C:/Users/ludin/Desktop/salidas/scanqueue/backend/src/config/database.js:25:18)
    at async Module.getScansToday (file:///C:/Users/ludin/Desktop/salidas/scanqueue/backend/src/models/Scan.js:23:15)
    at async Module.getScanStatistics (file:///C:/Users/ludin/Desktop/salidas/scanqueue/backend/src/services/ScanService.js:76:24)
    at async getQueueStats (file:///C:/Users/ludin/Desktop/salidas/scanqueue/backend/src/controllers/QueueController.js:27:23)
Path: /api/queue/stats

[2026-03-04T12:40:07.744Z] ERROR: 
Stack: AggregateError [ECONNREFUSED]: 
    at C:\Users\ludin\Desktop\salidas\scanqueue\backend\node_modules\pg-pool\index.js:45:11
    at process.processTicksAndRejections (node:internal/process/task_queues:105:5)
    at async query (file:///C:/Users/ludin/Desktop/salidas/scanqueue/backend/src/config/database.js:25:18)
    at async Module.getScansToday (file:///C:/Users/ludin/Desktop/salidas/scanqueue/backend/src/models/Scan.js:23:15)
    at async Module.getScanStatistics (file:///C:/Users/ludin/Desktop/salidas/scanqueue/backend/src/services/ScanService.js:76:24)
    at async getQueueStats (file:///C:/Users/ludin/Desktop/salidas/scanqueue/backend/src/controllers/QueueController.js:27:23)
Path: /api/queue/stats

[2026-03-04T12:40:17.745Z] ERROR: 
Stack: AggregateError [ECONNREFUSED]: 
    at C:\Users\ludin\Desktop\salidas\scanqueue\backend\node_modules\pg-pool\index.js:45:11
    at process.processTicksAndRejections (node:internal/process/task_queues:105:5)
    at async query (file:///C:/Users/ludin/Desktop/salidas/scanqueue/backend/src/config/database.js:25:18)
    at async Module.getScansToday (file:///C:/Users/ludin/Desktop/salidas/scanqueue/backend/src/models/Scan.js:23:15)
    at async Module.getScanStatistics (file:///C:/Users/ludin/Desktop/salidas/scanqueue/backend/src/services/ScanService.js:76:24)
    at async getQueueStats (file:///C:/Users/ludin/Desktop/salidas/scanqueue/backend/src/controllers/QueueController.js:27:23)
Path: /api/queue/stats

[2026-03-04T12:40:27.747Z] ERROR: 
Stack: AggregateError [ECONNREFUSED]: 
    at C:\Users\ludin\Desktop\salidas\scanqueue\backend\node_modules\pg-pool\index.js:45:11
    at process.processTicksAndRejections (node:internal/process/task_queues:105:5)
    at async query (file:///C:/Users/ludin/Desktop/salidas/scanqueue/backend/src/config/database.js:25:18)
    at async Module.getScansToday (file:///C:/Users/ludin/Desktop/salidas/scanqueue/backend/src/models/Scan.js:23:15)
    at async Module.getScanStatistics (file:///C:/Users/ludin/Desktop/salidas/scanqueue/backend/src/services/ScanService.js:76:24)
    at async getQueueStats (file:///C:/Users/ludin/Desktop/salidas/scanqueue/backend/src/controllers/QueueController.js:27:23)
Path: /api/queue/stats

[2026-03-04T12:40:37.742Z] ERROR: 
Stack: AggregateError [ECONNREFUSED]: 
    at C:\Users\ludin\Desktop\salidas\scanqueue\backend\node_modules\pg-pool\index.js:45:11
    at process.processTicksAndRejections (node:internal/process/task_queues:105:5)
    at async query (file:///C:/Users/ludin/Desktop/salidas/scanqueue/backend/src/config/database.js:25:18)
    at async Module.getScansToday (file:///C:/Users/ludin/Desktop/salidas/scanqueue/backend/src/models/Scan.js:23:15)
    at async Module.getScanStatistics (file:///C:/Users/ludin/Desktop/salidas/scanqueue/backend/src/services/ScanService.js:76:24)
    at async getQueueStats (file:///C:/Users/ludin/Desktop/salidas/scanqueue/backend/src/controllers/QueueController.js:27:23)
Path: /api/queue/stats

[2026-03-04T12:40:47.746Z] ERROR: 
Stack: AggregateError [ECONNREFUSED]: 
    at C:\Users\ludin\Desktop\salidas\scanqueue\backend\node_modules\pg-pool\index.js:45:11
    at process.processTicksAndRejections (node:internal/process/task_queues:105:5)
    at async query (file:///C:/Users/ludin/Desktop/salidas/scanqueue/backend/src/config/database.js:25:18)
    at async Module.getScansToday (file:///C:/Users/ludin/Desktop/salidas/scanqueue/backend/src/models/Scan.js:23:15)
    at async Module.getScanStatistics (file:///C:/Users/ludin/Desktop/salidas/scanqueue/backend/src/services/ScanService.js:76:24)
    at async getQueueStats (file:///C:/Users/ludin/Desktop/salidas/scanqueue/backend/src/controllers/QueueController.js:27:23)
Path: /api/queue/stats

[2026-03-04T12:40:51.661Z] ERROR: 
Stack: AggregateError [ECONNREFUSED]: 
    at C:\Users\ludin\Desktop\salidas\scanqueue\backend\node_modules\pg-pool\index.js:45:11
    at process.processTicksAndRejections (node:internal/process/task_queues:105:5)
    at async query (file:///C:/Users/ludin/Desktop/salidas/scanqueue/backend/src/config/database.js:25:18)
    at async Module.getScansToday (file:///C:/Users/ludin/Desktop/salidas/scanqueue/backend/src/models/Scan.js:23:15)
    at async Module.getScanStatistics (file:///C:/Users/ludin/Desktop/salidas/scanqueue/backend/src/services/ScanService.js:76:24)
    at async getDashboardStats (file:///C:/Users/ludin/Desktop/salidas/scanqueue/backend/src/controllers/DashboardController.js:12:19)
Path: /api/dashboard/stats

[2026-03-04T12:40:51.669Z] ERROR: 
Stack: AggregateError [ECONNREFUSED]: 
    at C:\Users\ludin\Desktop\salidas\scanqueue\backend\node_modules\pg-pool\index.js:45:11
    at process.processTicksAndRejections (node:internal/process/task_queues:105:5)
    at async query (file:///C:/Users/ludin/Desktop/salidas/scanqueue/backend/src/config/database.js:25:18)
    at async Module.getScansToday (file:///C:/Users/ludin/Desktop/salidas/scanqueue/backend/src/models/Scan.js:23:15)
    at async getTodaySummary (file:///C:/Users/ludin/Desktop/salidas/scanqueue/backend/src/controllers/DashboardController.js:30:24)
Path: /api/dashboard/today

[2026-03-04T12:40:51.687Z] ERROR: 
Stack: AggregateError [ECONNREFUSED]: 
    at C:\Users\ludin\Desktop\salidas\scanqueue\backend\node_modules\pg-pool\index.js:45:11
    at process.processTicksAndRejections (node:internal/process/task_queues:105:5)
    at async query (file:///C:/Users/ludin/Desktop/salidas/scanqueue/backend/src/config/database.js:25:18)
    at async Module.getScansToday (file:///C:/Users/ludin/Desktop/salidas/scanqueue/backend/src/models/Scan.js:23:15)
    at async Module.getScanStatistics (file:///C:/Users/ludin/Desktop/salidas/scanqueue/backend/src/services/ScanService.js:76:24)
    at async getDashboardStats (file:///C:/Users/ludin/Desktop/salidas/scanqueue/backend/src/controllers/DashboardController.js:12:19)
Path: /api/dashboard/stats

[2026-03-04T12:40:51.695Z] ERROR: 
Stack: AggregateError [ECONNREFUSED]: 
    at C:\Users\ludin\Desktop\salidas\scanqueue\backend\node_modules\pg-pool\index.js:45:11
    at process.processTicksAndRejections (node:internal/process/task_queues:105:5)
    at async query (file:///C:/Users/ludin/Desktop/salidas/scanqueue/backend/src/config/database.js:25:18)
    at async Module.getScansToday (file:///C:/Users/ludin/Desktop/salidas/scanqueue/backend/src/models/Scan.js:23:15)
    at async getTodaySummary (file:///C:/Users/ludin/Desktop/salidas/scanqueue/backend/src/controllers/DashboardController.js:30:24)
Path: /api/dashboard/today

[2026-03-04T12:40:51.758Z] ERROR: 
Stack: AggregateError [ECONNREFUSED]: 
    at C:\Users\ludin\Desktop\salidas\scanqueue\backend\node_modules\pg-pool\index.js:45:11
    at process.processTicksAndRejections (node:internal/process/task_queues:105:5)
    at async query (file:///C:/Users/ludin/Desktop/salidas/scanqueue/backend/src/config/database.js:25:18)
    at async Module.getScansToday (file:///C:/Users/ludin/Desktop/salidas/scanqueue/backend/src/models/Scan.js:23:15)
    at async Module.getScanStatistics (file:///C:/Users/ludin/Desktop/salidas/scanqueue/backend/src/services/ScanService.js:76:24)
    at async getDashboardStats (file:///C:/Users/ludin/Desktop/salidas/scanqueue/backend/src/controllers/DashboardController.js:12:19)
Path: /api/dashboard/stats

[2026-03-04T12:40:51.770Z] ERROR: 
Stack: AggregateError [ECONNREFUSED]: 
    at C:\Users\ludin\Desktop\salidas\scanqueue\backend\node_modules\pg-pool\index.js:45:11
    at process.processTicksAndRejections (node:internal/process/task_queues:105:5)
    at async query (file:///C:/Users/ludin/Desktop/salidas/scanqueue/backend/src/config/database.js:25:18)
    at async Module.getScansToday (file:///C:/Users/ludin/Desktop/salidas/scanqueue/backend/src/models/Scan.js:23:15)
    at async getTodaySummary (file:///C:/Users/ludin/Desktop/salidas/scanqueue/backend/src/controllers/DashboardController.js:30:24)
Path: /api/dashboard/today

[2026-03-04T12:40:51.800Z] ERROR: 
Stack: AggregateError [ECONNREFUSED]: 
    at C:\Users\ludin\Desktop\salidas\scanqueue\backend\node_modules\pg-pool\index.js:45:11
    at process.processTicksAndRejections (node:internal/process/task_queues:105:5)
    at async query (file:///C:/Users/ludin/Desktop/salidas/scanqueue/backend/src/config/database.js:25:18)
    at async Module.getScansToday (file:///C:/Users/ludin/Desktop/salidas/scanqueue/backend/src/models/Scan.js:23:15)
    at async Module.getScanStatistics (file:///C:/Users/ludin/Desktop/salidas/scanqueue/backend/src/services/ScanService.js:76:24)
    at async getDashboardStats (file:///C:/Users/ludin/Desktop/salidas/scanqueue/backend/src/controllers/DashboardController.js:12:19)
Path: /api/dashboard/stats

[2026-03-04T12:40:51.805Z] ERROR: 
Stack: AggregateError [ECONNREFUSED]: 
    at C:\Users\ludin\Desktop\salidas\scanqueue\backend\node_modules\pg-pool\index.js:45:11
    at process.processTicksAndRejections (node:internal/process/task_queues:105:5)
    at async query (file:///C:/Users/ludin/Desktop/salidas/scanqueue/backend/src/config/database.js:25:18)
    at async Module.getScansToday (file:///C:/Users/ludin/Desktop/salidas/scanqueue/backend/src/models/Scan.js:23:15)
    at async getTodaySummary (file:///C:/Users/ludin/Desktop/salidas/scanqueue/backend/src/controllers/DashboardController.js:30:24)
Path: /api/dashboard/today

[2026-03-04T12:40:51.823Z] ERROR: 
Stack: AggregateError [ECONNREFUSED]: 
    at C:\Users\ludin\Desktop\salidas\scanqueue\backend\node_modules\pg-pool\index.js:45:11
    at process.processTicksAndRejections (node:internal/process/task_queues:105:5)
    at async query (file:///C:/Users/ludin/Desktop/salidas/scanqueue/backend/src/config/database.js:25:18)
    at async Module.getScansToday (file:///C:/Users/ludin/Desktop/salidas/scanqueue/backend/src/models/Scan.js:23:15)
    at async Module.getScanStatistics (file:///C:/Users/ludin/Desktop/salidas/scanqueue/backend/src/services/ScanService.js:76:24)
    at async getDashboardStats (file:///C:/Users/ludin/Desktop/salidas/scanqueue/backend/src/controllers/DashboardController.js:12:19)
Path: /api/dashboard/stats

[2026-03-04T12:40:51.867Z] ERROR: 
Stack: AggregateError [ECONNREFUSED]: 
    at C:\Users\ludin\Desktop\salidas\scanqueue\backend\node_modules\pg-pool\index.js:45:11
    at process.processTicksAndRejections (node:internal/process/task_queues:105:5)
    at async query (file:///C:/Users/ludin/Desktop/salidas/scanqueue/backend/src/config/database.js:25:18)
    at async Module.getScansToday (file:///C:/Users/ludin/Desktop/salidas/scanqueue/backend/src/models/Scan.js:23:15)
    at async getTodaySummary (file:///C:/Users/ludin/Desktop/salidas/scanqueue/backend/src/controllers/DashboardController.js:30:24)
Path: /api/dashboard/today

[2026-03-04T12:40:51.939Z] ERROR: 
Stack: AggregateError [ECONNREFUSED]: 
    at C:\Users\ludin\Desktop\salidas\scanqueue\backend\node_modules\pg-pool\index.js:45:11
    at process.processTicksAndRejections (node:internal/process/task_queues:105:5)
    at async query (file:///C:/Users/ludin/Desktop/salidas/scanqueue/backend/src/config/database.js:25:18)
    at async Module.getScansToday (file:///C:/Users/ludin/Desktop/salidas/scanqueue/backend/src/models/Scan.js:23:15)
    at async Module.getScanStatistics (file:///C:/Users/ludin/Desktop/salidas/scanqueue/backend/src/services/ScanService.js:76:24)
    at async getDashboardStats (file:///C:/Users/ludin/Desktop/salidas/scanqueue/backend/src/controllers/DashboardController.js:12:19)
Path: /api/dashboard/stats

[2026-03-04T12:40:51.946Z] ERROR: 
Stack: AggregateError [ECONNREFUSED]: 
    at C:\Users\ludin\Desktop\salidas\scanqueue\backend\node_modules\pg-pool\index.js:45:11
    at process.processTicksAndRejections (node:internal/process/task_queues:105:5)
    at async query (file:///C:/Users/ludin/Desktop/salidas/scanqueue/backend/src/config/database.js:25:18)
    at async Module.getScansToday (file:///C:/Users/ludin/Desktop/salidas/scanqueue/backend/src/models/Scan.js:23:15)
    at async getTodaySummary (file:///C:/Users/ludin/Desktop/salidas/scanqueue/backend/src/controllers/DashboardController.js:30:24)
Path: /api/dashboard/today

[2026-03-04T12:40:51.990Z] ERROR: 
Stack: AggregateError [ECONNREFUSED]: 
    at C:\Users\ludin\Desktop\salidas\scanqueue\backend\node_modules\pg-pool\index.js:45:11
    at process.processTicksAndRejections (node:internal/process/task_queues:105:5)
    at async query (file:///C:/Users/ludin/Desktop/salidas/scanqueue/backend/src/config/database.js:25:18)
    at async Module.getScansToday (file:///C:/Users/ludin/Desktop/salidas/scanqueue/backend/src/models/Scan.js:23:15)
    at async Module.getScanStatistics (file:///C:/Users/ludin/Desktop/salidas/scanqueue/backend/src/services/ScanService.js:76:24)
    at async getDashboardStats (file:///C:/Users/ludin/Desktop/salidas/scanqueue/backend/src/controllers/DashboardController.js:12:19)
Path: /api/dashboard/stats

[2026-03-04T12:40:51.995Z] ERROR: 
Stack: AggregateError [ECONNREFUSED]: 
    at C:\Users\ludin\Desktop\salidas\scanqueue\backend\node_modules\pg-pool\index.js:45:11
    at process.processTicksAndRejections (node:internal/process/task_queues:105:5)
    at async query (file:///C:/Users/ludin/Desktop/salidas/scanqueue/backend/src/config/database.js:25:18)
    at async Module.getScansToday (file:///C:/Users/ludin/Desktop/salidas/scanqueue/backend/src/models/Scan.js:23:15)
    at async getTodaySummary (file:///C:/Users/ludin/Desktop/salidas/scanqueue/backend/src/controllers/DashboardController.js:30:24)
Path: /api/dashboard/today

[2026-03-04T12:40:52.021Z] ERROR: 
Stack: AggregateError [ECONNREFUSED]: 
    at C:\Users\ludin\Desktop\salidas\scanqueue\backend\node_modules\pg-pool\index.js:45:11
    at process.processTicksAndRejections (node:internal/process/task_queues:105:5)
    at async query (file:///C:/Users/ludin/Desktop/salidas/scanqueue/backend/src/config/database.js:25:18)
    at async Module.getScansToday (file:///C:/Users/ludin/Desktop/salidas/scanqueue/backend/src/models/Scan.js:23:15)
    at async Module.getScanStatistics (file:///C:/Users/ludin/Desktop/salidas/scanqueue/backend/src/services/ScanService.js:76:24)
    at async getDashboardStats (file:///C:/Users/ludin/Desktop/salidas/scanqueue/backend/src/controllers/DashboardController.js:12:19)
Path: /api/dashboard/stats

[2026-03-04T12:40:52.028Z] ERROR: 
Stack: AggregateError [ECONNREFUSED]: 
    at C:\Users\ludin\Desktop\salidas\scanqueue\backend\node_modules\pg-pool\index.js:45:11
    at process.processTicksAndRejections (node:internal/process/task_queues:105:5)
    at async query (file:///C:/Users/ludin/Desktop/salidas/scanqueue/backend/src/config/database.js:25:18)
    at async Module.getScansToday (file:///C:/Users/ludin/Desktop/salidas/scanqueue/backend/src/models/Scan.js:23:15)
    at async getTodaySummary (file:///C:/Users/ludin/Desktop/salidas/scanqueue/backend/src/controllers/DashboardController.js:30:24)
Path: /api/dashboard/today

[2026-03-04T12:40:52.039Z] ERROR: 
Stack: AggregateError [ECONNREFUSED]: 
    at C:\Users\ludin\Desktop\salidas\scanqueue\backend\node_modules\pg-pool\index.js:45:11
    at process.processTicksAndRejections (node:internal/process/task_queues:105:5)
    at async query (file:///C:/Users/ludin/Desktop/salidas/scanqueue/backend/src/config/database.js:25:18)
    at async Module.getScansToday (file:///C:/Users/ludin/Desktop/salidas/scanqueue/backend/src/models/Scan.js:23:15)
    at async Module.getScanStatistics (file:///C:/Users/ludin/Desktop/salidas/scanqueue/backend/src/services/ScanService.js:76:24)
    at async getDashboardStats (file:///C:/Users/ludin/Desktop/salidas/scanqueue/backend/src/controllers/DashboardController.js:12:19)
Path: /api/dashboard/stats

[2026-03-04T12:40:52.044Z] ERROR: 
Stack: AggregateError [ECONNREFUSED]: 
    at C:\Users\ludin\Desktop\salidas\scanqueue\backend\node_modules\pg-pool\index.js:45:11
    at process.processTicksAndRejections (node:internal/process/task_queues:105:5)
    at async query (file:///C:/Users/ludin/Desktop/salidas/scanqueue/backend/src/config/database.js:25:18)
    at async Module.getScansToday (file:///C:/Users/ludin/Desktop/salidas/scanqueue/backend/src/models/Scan.js:23:15)
    at async getTodaySummary (file:///C:/Users/ludin/Desktop/salidas/scanqueue/backend/src/controllers/DashboardController.js:30:24)
Path: /api/dashboard/today

[2026-03-04T12:40:52.060Z] ERROR: 
Stack: AggregateError [ECONNREFUSED]: 
    at C:\Users\ludin\Desktop\salidas\scanqueue\backend\node_modules\pg-pool\index.js:45:11
    at process.processTicksAndRejections (node:internal/process/task_queues:105:5)
    at async query (file:///C:/Users/ludin/Desktop/salidas/scanqueue/backend/src/config/database.js:25:18)
    at async Module.getScansToday (file:///C:/Users/ludin/Desktop/salidas/scanqueue/backend/src/models/Scan.js:23:15)
    at async Module.getScanStatistics (file:///C:/Users/ludin/Desktop/salidas/scanqueue/backend/src/services/ScanService.js:76:24)
    at async getDashboardStats (file:///C:/Users/ludin/Desktop/salidas/scanqueue/backend/src/controllers/DashboardController.js:12:19)
Path: /api/dashboard/stats

[2026-03-04T12:40:52.063Z] ERROR: 
Stack: AggregateError [ECONNREFUSED]: 
    at C:\Users\ludin\Desktop\salidas\scanqueue\backend\node_modules\pg-pool\index.js:45:11
    at process.processTicksAndRejections (node:internal/process/task_queues:105:5)
    at async query (file:///C:/Users/ludin/Desktop/salidas/scanqueue/backend/src/config/database.js:25:18)
    at async Module.getScansToday (file:///C:/Users/ludin/Desktop/salidas/scanqueue/backend/src/models/Scan.js:23:15)
    at async getTodaySummary (file:///C:/Users/ludin/Desktop/salidas/scanqueue/backend/src/controllers/DashboardController.js:30:24)
Path: /api/dashboard/today

[2026-03-04T12:40:52.080Z] ERROR: 
Stack: AggregateError [ECONNREFUSED]: 
    at C:\Users\ludin\Desktop\salidas\scanqueue\backend\node_modules\pg-pool\index.js:45:11
    at process.processTicksAndRejections (node:internal/process/task_queues:105:5)
    at async query (file:///C:/Users/ludin/Desktop/salidas/scanqueue/backend/src/config/database.js:25:18)
    at async Module.getScansToday (file:///C:/Users/ludin/Desktop/salidas/scanqueue/backend/src/models/Scan.js:23:15)
    at async Module.getScanStatistics (file:///C:/Users/ludin/Desktop/salidas/scanqueue/backend/src/services/ScanService.js:76:24)
    at async getDashboardStats (file:///C:/Users/ludin/Desktop/salidas/scanqueue/backend/src/controllers/DashboardController.js:12:19)
Path: /api/dashboard/stats

[2026-03-04T12:40:52.084Z] ERROR: 
Stack: AggregateError [ECONNREFUSED]: 
    at C:\Users\ludin\Desktop\salidas\scanqueue\backend\node_modules\pg-pool\index.js:45:11
    at process.processTicksAndRejections (node:internal/process/task_queues:105:5)
    at async query (file:///C:/Users/ludin/Desktop/salidas/scanqueue/backend/src/config/database.js:25:18)
    at async Module.getScansToday (file:///C:/Users/ludin/Desktop/salidas/scanqueue/backend/src/models/Scan.js:23:15)
    at async getTodaySummary (file:///C:/Users/ludin/Desktop/salidas/scanqueue/backend/src/controllers/DashboardController.js:30:24)
Path: /api/dashboard/today

[2026-03-04T12:40:52.094Z] ERROR: 
Stack: AggregateError [ECONNREFUSED]: 
    at C:\Users\ludin\Desktop\salidas\scanqueue\backend\node_modules\pg-pool\index.js:45:11
    at process.processTicksAndRejections (node:internal/process/task_queues:105:5)
    at async query (file:///C:/Users/ludin/Desktop/salidas/scanqueue/backend/src/config/database.js:25:18)
    at async Module.getScansToday (file:///C:/Users/ludin/Desktop/salidas/scanqueue/backend/src/models/Scan.js:23:15)
    at async Module.getScanStatistics (file:///C:/Users/ludin/Desktop/salidas/scanqueue/backend/src/services/ScanService.js:76:24)
    at async getDashboardStats (file:///C:/Users/ludin/Desktop/salidas/scanqueue/backend/src/controllers/DashboardController.js:12:19)
Path: /api/dashboard/stats

[2026-03-04T12:40:52.098Z] ERROR: 
Stack: AggregateError [ECONNREFUSED]: 
    at C:\Users\ludin\Desktop\salidas\scanqueue\backend\node_modules\pg-pool\index.js:45:11
    at process.processTicksAndRejections (node:internal/process/task_queues:105:5)
    at async query (file:///C:/Users/ludin/Desktop/salidas/scanqueue/backend/src/config/database.js:25:18)
    at async Module.getScansToday (file:///C:/Users/ludin/Desktop/salidas/scanqueue/backend/src/models/Scan.js:23:15)
    at async getTodaySummary (file:///C:/Users/ludin/Desktop/salidas/scanqueue/backend/src/controllers/DashboardController.js:30:24)
Path: /api/dashboard/today

[2026-03-04T12:40:52.116Z] ERROR: 
Stack: AggregateError [ECONNREFUSED]: 
    at C:\Users\ludin\Desktop\salidas\scanqueue\backend\node_modules\pg-pool\index.js:45:11
    at process.processTicksAndRejections (node:internal/process/task_queues:105:5)
    at async query (file:///C:/Users/ludin/Desktop/salidas/scanqueue/backend/src/config/database.js:25:18)
    at async Module.getScansToday (file:///C:/Users/ludin/Desktop/salidas/scanqueue/backend/src/models/Scan.js:23:15)
    at async Module.getScanStatistics (file:///C:/Users/ludin/Desktop/salidas/scanqueue/backend/src/services/ScanService.js:76:24)
    at async getDashboardStats (file:///C:/Users/ludin/Desktop/salidas/scanqueue/backend/src/controllers/DashboardController.js:12:19)
Path: /api/dashboard/stats

[2026-03-04T12:40:52.121Z] ERROR: 
Stack: AggregateError [ECONNREFUSED]: 
    at C:\Users\ludin\Desktop\salidas\scanqueue\backend\node_modules\pg-pool\index.js:45:11
    at process.processTicksAndRejections (node:internal/process/task_queues:105:5)
    at async query (file:///C:/Users/ludin/Desktop/salidas/scanqueue/backend/src/config/database.js:25:18)
    at async Module.getScansToday (file:///C:/Users/ludin/Desktop/salidas/scanqueue/backend/src/models/Scan.js:23:15)
    at async getTodaySummary (file:///C:/Users/ludin/Desktop/salidas/scanqueue/backend/src/controllers/DashboardController.js:30:24)
Path: /api/dashboard/today

[2026-03-04T12:40:52.156Z] ERROR: 
Stack: AggregateError [ECONNREFUSED]: 
    at C:\Users\ludin\Desktop\salidas\scanqueue\backend\node_modules\pg-pool\index.js:45:11
    at process.processTicksAndRejections (node:internal/process/task_queues:105:5)
    at async query (file:///C:/Users/ludin/Desktop/salidas/scanqueue/backend/src/config/database.js:25:18)
    at async Module.getScansToday (file:///C:/Users/ludin/Desktop/salidas/scanqueue/backend/src/models/Scan.js:23:15)
    at async Module.getScanStatistics (file:///C:/Users/ludin/Desktop/salidas/scanqueue/backend/src/services/ScanService.js:76:24)
    at async getDashboardStats (file:///C:/Users/ludin/Desktop/salidas/scanqueue/backend/src/controllers/DashboardController.js:12:19)
Path: /api/dashboard/stats

[2026-03-04T12:40:52.163Z] ERROR: 
Stack: AggregateError [ECONNREFUSED]: 
    at C:\Users\ludin\Desktop\salidas\scanqueue\backend\node_modules\pg-pool\index.js:45:11
    at process.processTicksAndRejections (node:internal/process/task_queues:105:5)
    at async query (file:///C:/Users/ludin/Desktop/salidas/scanqueue/backend/src/config/database.js:25:18)
    at async Module.getScansToday (file:///C:/Users/ludin/Desktop/salidas/scanqueue/backend/src/models/Scan.js:23:15)
    at async getTodaySummary (file:///C:/Users/ludin/Desktop/salidas/scanqueue/backend/src/controllers/DashboardController.js:30:24)
Path: /api/dashboard/today

[2026-03-04T12:40:52.183Z] ERROR: 
Stack: AggregateError [ECONNREFUSED]: 
    at C:\Users\ludin\Desktop\salidas\scanqueue\backend\node_modules\pg-pool\index.js:45:11
    at process.processTicksAndRejections (node:internal/process/task_queues:105:5)
    at async query (file:///C:/Users/ludin/Desktop/salidas/scanqueue/backend/src/config/database.js:25:18)
    at async Module.getScansToday (file:///C:/Users/ludin/Desktop/salidas/scanqueue/backend/src/models/Scan.js:23:15)
    at async Module.getScanStatistics (file:///C:/Users/ludin/Desktop/salidas/scanqueue/backend/src/services/ScanService.js:76:24)
    at async getDashboardStats (file:///C:/Users/ludin/Desktop/salidas/scanqueue/backend/src/controllers/DashboardController.js:12:19)
Path: /api/dashboard/stats

[2026-03-04T12:40:52.189Z] ERROR: 
Stack: AggregateError [ECONNREFUSED]: 
    at C:\Users\ludin\Desktop\salidas\scanqueue\backend\node_modules\pg-pool\index.js:45:11
    at process.processTicksAndRejections (node:internal/process/task_queues:105:5)
    at async query (file:///C:/Users/ludin/Desktop/salidas/scanqueue/backend/src/config/database.js:25:18)
    at async Module.getScansToday (file:///C:/Users/ludin/Desktop/salidas/scanqueue/backend/src/models/Scan.js:23:15)
    at async getTodaySummary (file:///C:/Users/ludin/Desktop/salidas/scanqueue/backend/src/controllers/DashboardController.js:30:24)
Path: /api/dashboard/today

[2026-03-04T12:40:52.324Z] ERROR: 
Stack: AggregateError [ECONNREFUSED]: 
    at C:\Users\ludin\Desktop\salidas\scanqueue\backend\node_modules\pg-pool\index.js:45:11
    at process.processTicksAndRejections (node:internal/process/task_queues:105:5)
    at async query (file:///C:/Users/ludin/Desktop/salidas/scanqueue/backend/src/config/database.js:25:18)
    at async Module.getScansToday (file:///C:/Users/ludin/Desktop/salidas/scanqueue/backend/src/models/Scan.js:23:15)
    at async Module.getScanStatistics (file:///C:/Users/ludin/Desktop/salidas/scanqueue/backend/src/services/ScanService.js:76:24)
    at async getDashboardStats (file:///C:/Users/ludin/Desktop/salidas/scanqueue/backend/src/controllers/DashboardController.js:12:19)
Path: /api/dashboard/stats

[2026-03-04T12:40:52.338Z] ERROR: 
Stack: AggregateError [ECONNREFUSED]: 
    at C:\Users\ludin\Desktop\salidas\scanqueue\backend\node_modules\pg-pool\index.js:45:11
    at process.processTicksAndRejections (node:internal/process/task_queues:105:5)
    at async query (file:///C:/Users/ludin/Desktop/salidas/scanqueue/backend/src/config/database.js:25:18)
    at async Module.getScansToday (file:///C:/Users/ludin/Desktop/salidas/scanqueue/backend/src/models/Scan.js:23:15)
    at async getTodaySummary (file:///C:/Users/ludin/Desktop/salidas/scanqueue/backend/src/controllers/DashboardController.js:30:24)
Path: /api/dashboard/today

[2026-03-04T12:40:52.344Z] ERROR: 
Stack: AggregateError [ECONNREFUSED]: 
    at C:\Users\ludin\Desktop\salidas\scanqueue\backend\node_modules\pg-pool\index.js:45:11
    at process.processTicksAndRejections (node:internal/process/task_queues:105:5)
    at async query (file:///C:/Users/ludin/Desktop/salidas/scanqueue/backend/src/config/database.js:25:18)
    at async Module.getScansToday (file:///C:/Users/ludin/Desktop/salidas/scanqueue/backend/src/models/Scan.js:23:15)
    at async Module.getScanStatistics (file:///C:/Users/ludin/Desktop/salidas/scanqueue/backend/src/services/ScanService.js:76:24)
    at async getDashboardStats (file:///C:/Users/ludin/Desktop/salidas/scanqueue/backend/src/controllers/DashboardController.js:12:19)
Path: /api/dashboard/stats

[2026-03-04T12:40:52.353Z] ERROR: 
Stack: AggregateError [ECONNREFUSED]: 
    at C:\Users\ludin\Desktop\salidas\scanqueue\backend\node_modules\pg-pool\index.js:45:11
    at process.processTicksAndRejections (node:internal/process/task_queues:105:5)
    at async query (file:///C:/Users/ludin/Desktop/salidas/scanqueue/backend/src/config/database.js:25:18)
    at async Module.getScansToday (file:///C:/Users/ludin/Desktop/salidas/scanqueue/backend/src/models/Scan.js:23:15)
    at async getTodaySummary (file:///C:/Users/ludin/Desktop/salidas/scanqueue/backend/src/controllers/DashboardController.js:30:24)
Path: /api/dashboard/today

[2026-03-04T12:40:52.380Z] ERROR: 
Stack: AggregateError [ECONNREFUSED]: 
    at C:\Users\ludin\Desktop\salidas\scanqueue\backend\node_modules\pg-pool\index.js:45:11
    at process.processTicksAndRejections (node:internal/process/task_queues:105:5)
    at async query (file:///C:/Users/ludin/Desktop/salidas/scanqueue/backend/src/config/database.js:25:18)
    at async Module.getScansToday (file:///C:/Users/ludin/Desktop/salidas/scanqueue/backend/src/models/Scan.js:23:15)
    at async Module.getScanStatistics (file:///C:/Users/ludin/Desktop/salidas/scanqueue/backend/src/services/ScanService.js:76:24)
    at async getDashboardStats (file:///C:/Users/ludin/Desktop/salidas/scanqueue/backend/src/controllers/DashboardController.js:12:19)
Path: /api/dashboard/stats

[2026-03-04T12:40:52.384Z] ERROR: 
Stack: AggregateError [ECONNREFUSED]: 
    at C:\Users\ludin\Desktop\salidas\scanqueue\backend\node_modules\pg-pool\index.js:45:11
    at process.processTicksAndRejections (node:internal/process/task_queues:105:5)
    at async query (file:///C:/Users/ludin/Desktop/salidas/scanqueue/backend/src/config/database.js:25:18)
    at async Module.getScansToday (file:///C:/Users/ludin/Desktop/salidas/scanqueue/backend/src/models/Scan.js:23:15)
    at async getTodaySummary (file:///C:/Users/ludin/Desktop/salidas/scanqueue/backend/src/controllers/DashboardController.js:30:24)
Path: /api/dashboard/today

[2026-03-04T12:40:52.402Z] ERROR: 
Stack: AggregateError [ECONNREFUSED]: 
    at C:\Users\ludin\Desktop\salidas\scanqueue\backend\node_modules\pg-pool\index.js:45:11
    at process.processTicksAndRejections (node:internal/process/task_queues:105:5)
    at async query (file:///C:/Users/ludin/Desktop/salidas/scanqueue/backend/src/config/database.js:25:18)
    at async Module.getScansToday (file:///C:/Users/ludin/Desktop/salidas/scanqueue/backend/src/models/Scan.js:23:15)
    at async Module.getScanStatistics (file:///C:/Users/ludin/Desktop/salidas/scanqueue/backend/src/services/ScanService.js:76:24)
    at async getDashboardStats (file:///C:/Users/ludin/Desktop/salidas/scanqueue/backend/src/controllers/DashboardController.js:12:19)
Path: /api/dashboard/stats

[2026-03-04T12:40:52.408Z] ERROR: 
Stack: AggregateError [ECONNREFUSED]: 
    at C:\Users\ludin\Desktop\salidas\scanqueue\backend\node_modules\pg-pool\index.js:45:11
    at process.processTicksAndRejections (node:internal/process/task_queues:105:5)
    at async query (file:///C:/Users/ludin/Desktop/salidas/scanqueue/backend/src/config/database.js:25:18)
    at async Module.getScansToday (file:///C:/Users/ludin/Desktop/salidas/scanqueue/backend/src/models/Scan.js:23:15)
    at async getTodaySummary (file:///C:/Users/ludin/Desktop/salidas/scanqueue/backend/src/controllers/DashboardController.js:30:24)
Path: /api/dashboard/today

[2026-03-04T12:40:52.419Z] ERROR: 
Stack: AggregateError [ECONNREFUSED]: 
    at C:\Users\ludin\Desktop\salidas\scanqueue\backend\node_modules\pg-pool\index.js:45:11
    at process.processTicksAndRejections (node:internal/process/task_queues:105:5)
    at async query (file:///C:/Users/ludin/Desktop/salidas/scanqueue/backend/src/config/database.js:25:18)
    at async Module.getScansToday (file:///C:/Users/ludin/Desktop/salidas/scanqueue/backend/src/models/Scan.js:23:15)
    at async Module.getScanStatistics (file:///C:/Users/ludin/Desktop/salidas/scanqueue/backend/src/services/ScanService.js:76:24)
    at async getDashboardStats (file:///C:/Users/ludin/Desktop/salidas/scanqueue/backend/src/controllers/DashboardController.js:12:19)
Path: /api/dashboard/stats

[2026-03-04T12:40:52.424Z] ERROR: 
Stack: AggregateError [ECONNREFUSED]: 
    at C:\Users\ludin\Desktop\salidas\scanqueue\backend\node_modules\pg-pool\index.js:45:11
    at process.processTicksAndRejections (node:internal/process/task_queues:105:5)
    at async query (file:///C:/Users/ludin/Desktop/salidas/scanqueue/backend/src/config/database.js:25:18)
    at async Module.getScansToday (file:///C:/Users/ludin/Desktop/salidas/scanqueue/backend/src/models/Scan.js:23:15)
    at async getTodaySummary (file:///C:/Users/ludin/Desktop/salidas/scanqueue/backend/src/controllers/DashboardController.js:30:24)
Path: /api/dashboard/today

[2026-03-04T12:40:52.449Z] ERROR: 
Stack: AggregateError [ECONNREFUSED]: 
    at C:\Users\ludin\Desktop\salidas\scanqueue\backend\node_modules\pg-pool\index.js:45:11
    at process.processTicksAndRejections (node:internal/process/task_queues:105:5)
    at async query (file:///C:/Users/ludin/Desktop/salidas/scanqueue/backend/src/config/database.js:25:18)
    at async Module.getScansToday (file:///C:/Users/ludin/Desktop/salidas/scanqueue/backend/src/models/Scan.js:23:15)
    at async Module.getScanStatistics (file:///C:/Users/ludin/Desktop/salidas/scanqueue/backend/src/services/ScanService.js:76:24)
    at async getDashboardStats (file:///C:/Users/ludin/Desktop/salidas/scanqueue/backend/src/controllers/DashboardController.js:12:19)
Path: /api/dashboard/stats

[2026-03-04T12:40:52.453Z] ERROR: 
Stack: AggregateError [ECONNREFUSED]: 
    at C:\Users\ludin\Desktop\salidas\scanqueue\backend\node_modules\pg-pool\index.js:45:11
    at process.processTicksAndRejections (node:internal/process/task_queues:105:5)
    at async query (file:///C:/Users/ludin/Desktop/salidas/scanqueue/backend/src/config/database.js:25:18)
    at async Module.getScansToday (file:///C:/Users/ludin/Desktop/salidas/scanqueue/backend/src/models/Scan.js:23:15)
    at async getTodaySummary (file:///C:/Users/ludin/Desktop/salidas/scanqueue/backend/src/controllers/DashboardController.js:30:24)
Path: /api/dashboard/today

[2026-03-04T12:40:52.473Z] ERROR: 
Stack: AggregateError [ECONNREFUSED]: 
    at C:\Users\ludin\Desktop\salidas\scanqueue\backend\node_modules\pg-pool\index.js:45:11
    at process.processTicksAndRejections (node:internal/process/task_queues:105:5)
    at async query (file:///C:/Users/ludin/Desktop/salidas/scanqueue/backend/src/config/database.js:25:18)
    at async Module.getScansToday (file:///C:/Users/ludin/Desktop/salidas/scanqueue/backend/src/models/Scan.js:23:15)
    at async Module.getScanStatistics (file:///C:/Users/ludin/Desktop/salidas/scanqueue/backend/src/services/ScanService.js:76:24)
    at async getDashboardStats (file:///C:/Users/ludin/Desktop/salidas/scanqueue/backend/src/controllers/DashboardController.js:12:19)
Path: /api/dashboard/stats

[2026-03-04T12:40:52.477Z] ERROR: 
Stack: AggregateError [ECONNREFUSED]: 
    at C:\Users\ludin\Desktop\salidas\scanqueue\backend\node_modules\pg-pool\index.js:45:11
    at process.processTicksAndRejections (node:internal/process/task_queues:105:5)
    at async query (file:///C:/Users/ludin/Desktop/salidas/scanqueue/backend/src/config/database.js:25:18)
    at async Module.getScansToday (file:///C:/Users/ludin/Desktop/salidas/scanqueue/backend/src/models/Scan.js:23:15)
    at async getTodaySummary (file:///C:/Users/ludin/Desktop/salidas/scanqueue/backend/src/controllers/DashboardController.js:30:24)
Path: /api/dashboard/today

[2026-03-04T12:40:52.488Z] ERROR: 
Stack: AggregateError [ECONNREFUSED]: 
    at C:\Users\ludin\Desktop\salidas\scanqueue\backend\node_modules\pg-pool\index.js:45:11
    at process.processTicksAndRejections (node:internal/process/task_queues:105:5)
    at async query (file:///C:/Users/ludin/Desktop/salidas/scanqueue/backend/src/config/database.js:25:18)
    at async Module.getScansToday (file:///C:/Users/ludin/Desktop/salidas/scanqueue/backend/src/models/Scan.js:23:15)
    at async Module.getScanStatistics (file:///C:/Users/ludin/Desktop/salidas/scanqueue/backend/src/services/ScanService.js:76:24)
    at async getDashboardStats (file:///C:/Users/ludin/Desktop/salidas/scanqueue/backend/src/controllers/DashboardController.js:12:19)
Path: /api/dashboard/stats

[2026-03-04T12:40:52.492Z] ERROR: 
Stack: AggregateError [ECONNREFUSED]: 
    at C:\Users\ludin\Desktop\salidas\scanqueue\backend\node_modules\pg-pool\index.js:45:11
    at process.processTicksAndRejections (node:internal/process/task_queues:105:5)
    at async query (file:///C:/Users/ludin/Desktop/salidas/scanqueue/backend/src/config/database.js:25:18)
    at async Module.getScansToday (file:///C:/Users/ludin/Desktop/salidas/scanqueue/backend/src/models/Scan.js:23:15)
    at async getTodaySummary (file:///C:/Users/ludin/Desktop/salidas/scanqueue/backend/src/controllers/DashboardController.js:30:24)
Path: /api/dashboard/today

[2026-03-04T12:40:52.520Z] ERROR: 
Stack: AggregateError [ECONNREFUSED]: 
    at C:\Users\ludin\Desktop\salidas\scanqueue\backend\node_modules\pg-pool\index.js:45:11
    at process.processTicksAndRejections (node:internal/process/task_queues:105:5)
    at async query (file:///C:/Users/ludin/Desktop/salidas/scanqueue/backend/src/config/database.js:25:18)
    at async Module.getScansToday (file:///C:/Users/ludin/Desktop/salidas/scanqueue/backend/src/models/Scan.js:23:15)
    at async Module.getScanStatistics (file:///C:/Users/ludin/Desktop/salidas/scanqueue/backend/src/services/ScanService.js:76:24)
    at async getDashboardStats (file:///C:/Users/ludin/Desktop/salidas/scanqueue/backend/src/controllers/DashboardController.js:12:19)
Path: /api/dashboard/stats

[2026-03-04T12:40:52.526Z] ERROR: 
Stack: AggregateError [ECONNREFUSED]: 
    at C:\Users\ludin\Desktop\salidas\scanqueue\backend\node_modules\pg-pool\index.js:45:11
    at process.processTicksAndRejections (node:internal/process/task_queues:105:5)
    at async query (file:///C:/Users/ludin/Desktop/salidas/scanqueue/backend/src/config/database.js:25:18)
    at async Module.getScansToday (file:///C:/Users/ludin/Desktop/salidas/scanqueue/backend/src/models/Scan.js:23:15)
    at async getTodaySummary (file:///C:/Users/ludin/Desktop/salidas/scanqueue/backend/src/controllers/DashboardController.js:30:24)
Path: /api/dashboard/today

[2026-03-04T12:40:52.544Z] ERROR: 
Stack: AggregateError [ECONNREFUSED]: 
    at C:\Users\ludin\Desktop\salidas\scanqueue\backend\node_modules\pg-pool\index.js:45:11
    at process.processTicksAndRejections (node:internal/process/task_queues:105:5)
    at async query (file:///C:/Users/ludin/Desktop/salidas/scanqueue/backend/src/config/database.js:25:18)
    at async Module.getScansToday (file:///C:/Users/ludin/Desktop/salidas/scanqueue/backend/src/models/Scan.js:23:15)
    at async Module.getScanStatistics (file:///C:/Users/ludin/Desktop/salidas/scanqueue/backend/src/services/ScanService.js:76:24)
    at async getDashboardStats (file:///C:/Users/ludin/Desktop/salidas/scanqueue/backend/src/controllers/DashboardController.js:12:19)
Path: /api/dashboard/stats

[2026-03-04T12:40:52.549Z] ERROR: 
Stack: AggregateError [ECONNREFUSED]: 
    at C:\Users\ludin\Desktop\salidas\scanqueue\backend\node_modules\pg-pool\index.js:45:11
    at process.processTicksAndRejections (node:internal/process/task_queues:105:5)
    at async query (file:///C:/Users/ludin/Desktop/salidas/scanqueue/backend/src/config/database.js:25:18)
    at async Module.getScansToday (file:///C:/Users/ludin/Desktop/salidas/scanqueue/backend/src/models/Scan.js:23:15)
    at async getTodaySummary (file:///C:/Users/ludin/Desktop/salidas/scanqueue/backend/src/controllers/DashboardController.js:30:24)
Path: /api/dashboard/today

[2026-03-04T12:40:52.561Z] ERROR: 
Stack: AggregateError [ECONNREFUSED]: 
    at C:\Users\ludin\Desktop\salidas\scanqueue\backend\node_modules\pg-pool\index.js:45:11
    at process.processTicksAndRejections (node:internal/process/task_queues:105:5)
    at async query (file:///C:/Users/ludin/Desktop/salidas/scanqueue/backend/src/config/database.js:25:18)
    at async Module.getScansToday (file:///C:/Users/ludin/Desktop/salidas/scanqueue/backend/src/models/Scan.js:23:15)
    at async Module.getScanStatistics (file:///C:/Users/ludin/Desktop/salidas/scanqueue/backend/src/services/ScanService.js:76:24)
    at async getDashboardStats (file:///C:/Users/ludin/Desktop/salidas/scanqueue/backend/src/controllers/DashboardController.js:12:19)
Path: /api/dashboard/stats

[2026-03-04T12:40:52.564Z] ERROR: 
Stack: AggregateError [ECONNREFUSED]: 
    at C:\Users\ludin\Desktop\salidas\scanqueue\backend\node_modules\pg-pool\index.js:45:11
    at process.processTicksAndRejections (node:internal/process/task_queues:105:5)
    at async query (file:///C:/Users/ludin/Desktop/salidas/scanqueue/backend/src/config/database.js:25:18)
    at async Module.getScansToday (file:///C:/Users/ludin/Desktop/salidas/scanqueue/backend/src/models/Scan.js:23:15)
    at async getTodaySummary (file:///C:/Users/ludin/Desktop/salidas/scanqueue/backend/src/controllers/DashboardController.js:30:24)
Path: /api/dashboard/today

[2026-03-04T12:40:52.586Z] ERROR: 
Stack: AggregateError [ECONNREFUSED]: 
    at C:\Users\ludin\Desktop\salidas\scanqueue\backend\node_modules\pg-pool\index.js:45:11
    at process.processTicksAndRejections (node:internal/process/task_queues:105:5)
    at async query (file:///C:/Users/ludin/Desktop/salidas/scanqueue/backend/src/config/database.js:25:18)
    at async Module.getScansToday (file:///C:/Users/ludin/Desktop/salidas/scanqueue/backend/src/models/Scan.js:23:15)
    at async Module.getScanStatistics (file:///C:/Users/ludin/Desktop/salidas/scanqueue/backend/src/services/ScanService.js:76:24)
    at async getDashboardStats (file:///C:/Users/ludin/Desktop/salidas/scanqueue/backend/src/controllers/DashboardController.js:12:19)
Path: /api/dashboard/stats

[2026-03-04T12:40:52.590Z] ERROR: 
Stack: AggregateError [ECONNREFUSED]: 
    at C:\Users\ludin\Desktop\salidas\scanqueue\backend\node_modules\pg-pool\index.js:45:11
    at process.processTicksAndRejections (node:internal/process/task_queues:105:5)
    at async query (file:///C:/Users/ludin/Desktop/salidas/scanqueue/backend/src/config/database.js:25:18)
    at async Module.getScansToday (file:///C:/Users/ludin/Desktop/salidas/scanqueue/backend/src/models/Scan.js:23:15)
    at async getTodaySummary (file:///C:/Users/ludin/Desktop/salidas/scanqueue/backend/src/controllers/DashboardController.js:30:24)
Path: /api/dashboard/today

[2026-03-04T12:40:52.610Z] ERROR: 
Stack: AggregateError [ECONNREFUSED]: 
    at C:\Users\ludin\Desktop\salidas\scanqueue\backend\node_modules\pg-pool\index.js:45:11
    at process.processTicksAndRejections (node:internal/process/task_queues:105:5)
    at async query (file:///C:/Users/ludin/Desktop/salidas/scanqueue/backend/src/config/database.js:25:18)
    at async Module.getScansToday (file:///C:/Users/ludin/Desktop/salidas/scanqueue/backend/src/models/Scan.js:23:15)
    at async Module.getScanStatistics (file:///C:/Users/ludin/Desktop/salidas/scanqueue/backend/src/services/ScanService.js:76:24)
    at async getDashboardStats (file:///C:/Users/ludin/Desktop/salidas/scanqueue/backend/src/controllers/DashboardController.js:12:19)
Path: /api/dashboard/stats

[2026-03-04T12:40:52.615Z] ERROR: 
Stack: AggregateError [ECONNREFUSED]: 
    at C:\Users\ludin\Desktop\salidas\scanqueue\backend\node_modules\pg-pool\index.js:45:11
    at process.processTicksAndRejections (node:internal/process/task_queues:105:5)
    at async query (file:///C:/Users/ludin/Desktop/salidas/scanqueue/backend/src/config/database.js:25:18)
    at async Module.getScansToday (file:///C:/Users/ludin/Desktop/salidas/scanqueue/backend/src/models/Scan.js:23:15)
    at async getTodaySummary (file:///C:/Users/ludin/Desktop/salidas/scanqueue/backend/src/controllers/DashboardController.js:30:24)
Path: /api/dashboard/today

[2026-03-04T12:40:52.624Z] ERROR: 
Stack: AggregateError [ECONNREFUSED]: 
    at C:\Users\ludin\Desktop\salidas\scanqueue\backend\node_modules\pg-pool\index.js:45:11
    at process.processTicksAndRejections (node:internal/process/task_queues:105:5)
    at async query (file:///C:/Users/ludin/Desktop/salidas/scanqueue/backend/src/config/database.js:25:18)
    at async Module.getScansToday (file:///C:/Users/ludin/Desktop/salidas/scanqueue/backend/src/models/Scan.js:23:15)
    at async Module.getScanStatistics (file:///C:/Users/ludin/Desktop/salidas/scanqueue/backend/src/services/ScanService.js:76:24)
    at async getDashboardStats (file:///C:/Users/ludin/Desktop/salidas/scanqueue/backend/src/controllers/DashboardController.js:12:19)
Path: /api/dashboard/stats

[2026-03-04T12:40:52.628Z] ERROR: 
Stack: AggregateError [ECONNREFUSED]: 
    at C:\Users\ludin\Desktop\salidas\scanqueue\backend\node_modules\pg-pool\index.js:45:11
    at process.processTicksAndRejections (node:internal/process/task_queues:105:5)
    at async query (file:///C:/Users/ludin/Desktop/salidas/scanqueue/backend/src/config/database.js:25:18)
    at async Module.getScansToday (file:///C:/Users/ludin/Desktop/salidas/scanqueue/backend/src/models/Scan.js:23:15)
    at async getTodaySummary (file:///C:/Users/ludin/Desktop/salidas/scanqueue/backend/src/controllers/DashboardController.js:30:24)
Path: /api/dashboard/today

[2026-03-04T12:40:52.760Z] ERROR: 
Stack: AggregateError [ECONNREFUSED]: 
    at C:\Users\ludin\Desktop\salidas\scanqueue\backend\node_modules\pg-pool\index.js:45:11
    at process.processTicksAndRejections (node:internal/process/task_queues:105:5)
    at async query (file:///C:/Users/ludin/Desktop/salidas/scanqueue/backend/src/config/database.js:25:18)
    at async Module.getScansToday (file:///C:/Users/ludin/Desktop/salidas/scanqueue/backend/src/models/Scan.js:23:15)
    at async Module.getScanStatistics (file:///C:/Users/ludin/Desktop/salidas/scanqueue/backend/src/services/ScanService.js:76:24)
    at async getDashboardStats (file:///C:/Users/ludin/Desktop/salidas/scanqueue/backend/src/controllers/DashboardController.js:12:19)
Path: /api/dashboard/stats

[2026-03-04T12:40:52.764Z] ERROR: 
Stack: AggregateError [ECONNREFUSED]: 
    at C:\Users\ludin\Desktop\salidas\scanqueue\backend\node_modules\pg-pool\index.js:45:11
    at process.processTicksAndRejections (node:internal/process/task_queues:105:5)
    at async query (file:///C:/Users/ludin/Desktop/salidas/scanqueue/backend/src/config/database.js:25:18)
    at async Module.getScansToday (file:///C:/Users/ludin/Desktop/salidas/scanqueue/backend/src/models/Scan.js:23:15)
    at async getTodaySummary (file:///C:/Users/ludin/Desktop/salidas/scanqueue/backend/src/controllers/DashboardController.js:30:24)
Path: /api/dashboard/today

[2026-03-04T12:40:52.792Z] ERROR: 
Stack: AggregateError [ECONNREFUSED]: 
    at C:\Users\ludin\Desktop\salidas\scanqueue\backend\node_modules\pg-pool\index.js:45:11
    at process.processTicksAndRejections (node:internal/process/task_queues:105:5)
    at async query (file:///C:/Users/ludin/Desktop/salidas/scanqueue/backend/src/config/database.js:25:18)
    at async Module.getScansToday (file:///C:/Users/ludin/Desktop/salidas/scanqueue/backend/src/models/Scan.js:23:15)
    at async Module.getScanStatistics (file:///C:/Users/ludin/Desktop/salidas/scanqueue/backend/src/services/ScanService.js:76:24)
    at async getDashboardStats (file:///C:/Users/ludin/Desktop/salidas/scanqueue/backend/src/controllers/DashboardController.js:12:19)
Path: /api/dashboard/stats

[2026-03-04T12:40:52.797Z] ERROR: 
Stack: AggregateError [ECONNREFUSED]: 
    at C:\Users\ludin\Desktop\salidas\scanqueue\backend\node_modules\pg-pool\index.js:45:11
    at process.processTicksAndRejections (node:internal/process/task_queues:105:5)
    at async query (file:///C:/Users/ludin/Desktop/salidas/scanqueue/backend/src/config/database.js:25:18)
    at async Module.getScansToday (file:///C:/Users/ludin/Desktop/salidas/scanqueue/backend/src/models/Scan.js:23:15)
    at async getTodaySummary (file:///C:/Users/ludin/Desktop/salidas/scanqueue/backend/src/controllers/DashboardController.js:30:24)
Path: /api/dashboard/today

[2026-03-04T12:40:52.808Z] ERROR: 
Stack: AggregateError [ECONNREFUSED]: 
    at C:\Users\ludin\Desktop\salidas\scanqueue\backend\node_modules\pg-pool\index.js:45:11
    at process.processTicksAndRejections (node:internal/process/task_queues:105:5)
    at async query (file:///C:/Users/ludin/Desktop/salidas/scanqueue/backend/src/config/database.js:25:18)
    at async Module.getScansToday (file:///C:/Users/ludin/Desktop/salidas/scanqueue/backend/src/models/Scan.js:23:15)
    at async Module.getScanStatistics (file:///C:/Users/ludin/Desktop/salidas/scanqueue/backend/src/services/ScanService.js:76:24)
    at async getDashboardStats (file:///C:/Users/ludin/Desktop/salidas/scanqueue/backend/src/controllers/DashboardController.js:12:19)
Path: /api/dashboard/stats

[2026-03-04T12:40:52.813Z] ERROR: 
Stack: AggregateError [ECONNREFUSED]: 
    at C:\Users\ludin\Desktop\salidas\scanqueue\backend\node_modules\pg-pool\index.js:45:11
    at process.processTicksAndRejections (node:internal/process/task_queues:105:5)
    at async query (file:///C:/Users/ludin/Desktop/salidas/scanqueue/backend/src/config/database.js:25:18)
    at async Module.getScansToday (file:///C:/Users/ludin/Desktop/salidas/scanqueue/backend/src/models/Scan.js:23:15)
    at async getTodaySummary (file:///C:/Users/ludin/Desktop/salidas/scanqueue/backend/src/controllers/DashboardController.js:30:24)
Path: /api/dashboard/today

[2026-03-04T12:40:52.851Z] ERROR: 
Stack: AggregateError [ECONNREFUSED]: 
    at C:\Users\ludin\Desktop\salidas\scanqueue\backend\node_modules\pg-pool\index.js:45:11
    at process.processTicksAndRejections (node:internal/process/task_queues:105:5)
    at async query (file:///C:/Users/ludin/Desktop/salidas/scanqueue/backend/src/config/database.js:25:18)
    at async Module.getScansToday (file:///C:/Users/ludin/Desktop/salidas/scanqueue/backend/src/models/Scan.js:23:15)
    at async Module.getScanStatistics (file:///C:/Users/ludin/Desktop/salidas/scanqueue/backend/src/services/ScanService.js:76:24)
    at async getDashboardStats (file:///C:/Users/ludin/Desktop/salidas/scanqueue/backend/src/controllers/DashboardController.js:12:19)
Path: /api/dashboard/stats

[2026-03-04T12:40:52.855Z] ERROR: 
Stack: AggregateError [ECONNREFUSED]: 
    at C:\Users\ludin\Desktop\salidas\scanqueue\backend\node_modules\pg-pool\index.js:45:11
    at process.processTicksAndRejections (node:internal/process/task_queues:105:5)
    at async query (file:///C:/Users/ludin/Desktop/salidas/scanqueue/backend/src/config/database.js:25:18)
    at async Module.getScansToday (file:///C:/Users/ludin/Desktop/salidas/scanqueue/backend/src/models/Scan.js:23:15)
    at async getTodaySummary (file:///C:/Users/ludin/Desktop/salidas/scanqueue/backend/src/controllers/DashboardController.js:30:24)
Path: /api/dashboard/today

[2026-03-04T12:40:52.871Z] ERROR: 
Stack: AggregateError [ECONNREFUSED]: 
    at C:\Users\ludin\Desktop\salidas\scanqueue\backend\node_modules\pg-pool\index.js:45:11
    at process.processTicksAndRejections (node:internal/process/task_queues:105:5)
    at async query (file:///C:/Users/ludin/Desktop/salidas/scanqueue/backend/src/config/database.js:25:18)
    at async Module.getScansToday (file:///C:/Users/ludin/Desktop/salidas/scanqueue/backend/src/models/Scan.js:23:15)
    at async Module.getScanStatistics (file:///C:/Users/ludin/Desktop/salidas/scanqueue/backend/src/services/ScanService.js:76:24)
    at async getDashboardStats (file:///C:/Users/ludin/Desktop/salidas/scanqueue/backend/src/controllers/DashboardController.js:12:19)
Path: /api/dashboard/stats

[2026-03-04T12:40:52.875Z] ERROR: 
Stack: AggregateError [ECONNREFUSED]: 
    at C:\Users\ludin\Desktop\salidas\scanqueue\backend\node_modules\pg-pool\index.js:45:11
    at process.processTicksAndRejections (node:internal/process/task_queues:105:5)
    at async query (file:///C:/Users/ludin/Desktop/salidas/scanqueue/backend/src/config/database.js:25:18)
    at async Module.getScansToday (file:///C:/Users/ludin/Desktop/salidas/scanqueue/backend/src/models/Scan.js:23:15)
    at async getTodaySummary (file:///C:/Users/ludin/Desktop/salidas/scanqueue/backend/src/controllers/DashboardController.js:30:24)
Path: /api/dashboard/today

[2026-03-04T12:40:52.888Z] ERROR: 
Stack: AggregateError [ECONNREFUSED]: 
    at C:\Users\ludin\Desktop\salidas\scanqueue\backend\node_modules\pg-pool\index.js:45:11
    at process.processTicksAndRejections (node:internal/process/task_queues:105:5)
    at async query (file:///C:/Users/ludin/Desktop/salidas/scanqueue/backend/src/config/database.js:25:18)
    at async Module.getScansToday (file:///C:/Users/ludin/Desktop/salidas/scanqueue/backend/src/models/Scan.js:23:15)
    at async Module.getScanStatistics (file:///C:/Users/ludin/Desktop/salidas/scanqueue/backend/src/services/ScanService.js:76:24)
    at async getDashboardStats (file:///C:/Users/ludin/Desktop/salidas/scanqueue/backend/src/controllers/DashboardController.js:12:19)
Path: /api/dashboard/stats

[2026-03-04T12:40:52.892Z] ERROR: 
Stack: AggregateError [ECONNREFUSED]: 
    at C:\Users\ludin\Desktop\salidas\scanqueue\backend\node_modules\pg-pool\index.js:45:11
    at process.processTicksAndRejections (node:internal/process/task_queues:105:5)
    at async query (file:///C:/Users/ludin/Desktop/salidas/scanqueue/backend/src/config/database.js:25:18)
    at async Module.getScansToday (file:///C:/Users/ludin/Desktop/salidas/scanqueue/backend/src/models/Scan.js:23:15)
    at async getTodaySummary (file:///C:/Users/ludin/Desktop/salidas/scanqueue/backend/src/controllers/DashboardController.js:30:24)
Path: /api/dashboard/today

[2026-03-04T12:40:52.922Z] ERROR: 
Stack: AggregateError [ECONNREFUSED]: 
    at C:\Users\ludin\Desktop\salidas\scanqueue\backend\node_modules\pg-pool\index.js:45:11
    at process.processTicksAndRejections (node:internal/process/task_queues:105:5)
    at async query (file:///C:/Users/ludin/Desktop/salidas/scanqueue/backend/src/config/database.js:25:18)
    at async Module.getScansToday (file:///C:/Users/ludin/Desktop/salidas/scanqueue/backend/src/models/Scan.js:23:15)
    at async Module.getScanStatistics (file:///C:/Users/ludin/Desktop/salidas/scanqueue/backend/src/services/ScanService.js:76:24)
    at async getDashboardStats (file:///C:/Users/ludin/Desktop/salidas/scanqueue/backend/src/controllers/DashboardController.js:12:19)
Path: /api/dashboard/stats

[2026-03-04T12:40:52.926Z] ERROR: 
Stack: AggregateError [ECONNREFUSED]: 
    at C:\Users\ludin\Desktop\salidas\scanqueue\backend\node_modules\pg-pool\index.js:45:11
    at process.processTicksAndRejections (node:internal/process/task_queues:105:5)
    at async query (file:///C:/Users/ludin/Desktop/salidas/scanqueue/backend/src/config/database.js:25:18)
    at async Module.getScansToday (file:///C:/Users/ludin/Desktop/salidas/scanqueue/backend/src/models/Scan.js:23:15)
    at async getTodaySummary (file:///C:/Users/ludin/Desktop/salidas/scanqueue/backend/src/controllers/DashboardController.js:30:24)
Path: /api/dashboard/today

[2026-03-04T12:40:52.948Z] ERROR: 
Stack: AggregateError [ECONNREFUSED]: 
    at C:\Users\ludin\Desktop\salidas\scanqueue\backend\node_modules\pg-pool\index.js:45:11
    at process.processTicksAndRejections (node:internal/process/task_queues:105:5)
    at async query (file:///C:/Users/ludin/Desktop/salidas/scanqueue/backend/src/config/database.js:25:18)
    at async Module.getScansToday (file:///C:/Users/ludin/Desktop/salidas/scanqueue/backend/src/models/Scan.js:23:15)
    at async Module.getScanStatistics (file:///C:/Users/ludin/Desktop/salidas/scanqueue/backend/src/services/ScanService.js:76:24)
    at async getDashboardStats (file:///C:/Users/ludin/Desktop/salidas/scanqueue/backend/src/controllers/DashboardController.js:12:19)
Path: /api/dashboard/stats

[2026-03-04T12:40:52.953Z] ERROR: 
Stack: AggregateError [ECONNREFUSED]: 
    at C:\Users\ludin\Desktop\salidas\scanqueue\backend\node_modules\pg-pool\index.js:45:11
    at process.processTicksAndRejections (node:internal/process/task_queues:105:5)
    at async query (file:///C:/Users/ludin/Desktop/salidas/scanqueue/backend/src/config/database.js:25:18)
    at async Module.getScansToday (file:///C:/Users/ludin/Desktop/salidas/scanqueue/backend/src/models/Scan.js:23:15)
    at async getTodaySummary (file:///C:/Users/ludin/Desktop/salidas/scanqueue/backend/src/controllers/DashboardController.js:30:24)
Path: /api/dashboard/today

[2026-03-04T12:40:52.963Z] ERROR: 
Stack: AggregateError [ECONNREFUSED]: 
    at C:\Users\ludin\Desktop\salidas\scanqueue\backend\node_modules\pg-pool\index.js:45:11
    at process.processTicksAndRejections (node:internal/process/task_queues:105:5)
    at async query (file:///C:/Users/ludin/Desktop/salidas/scanqueue/backend/src/config/database.js:25:18)
    at async Module.getScansToday (file:///C:/Users/ludin/Desktop/salidas/scanqueue/backend/src/models/Scan.js:23:15)
    at async Module.getScanStatistics (file:///C:/Users/ludin/Desktop/salidas/scanqueue/backend/src/services/ScanService.js:76:24)
    at async getDashboardStats (file:///C:/Users/ludin/Desktop/salidas/scanqueue/backend/src/controllers/DashboardController.js:12:19)
Path: /api/dashboard/stats

[2026-03-04T12:40:52.968Z] ERROR: 
Stack: AggregateError [ECONNREFUSED]: 
    at C:\Users\ludin\Desktop\salidas\scanqueue\backend\node_modules\pg-pool\index.js:45:11
    at process.processTicksAndRejections (node:internal/process/task_queues:105:5)
    at async query (file:///C:/Users/ludin/Desktop/salidas/scanqueue/backend/src/config/database.js:25:18)
    at async Module.getScansToday (file:///C:/Users/ludin/Desktop/salidas/scanqueue/backend/src/models/Scan.js:23:15)
    at async getTodaySummary (file:///C:/Users/ludin/Desktop/salidas/scanqueue/backend/src/controllers/DashboardController.js:30:24)
Path: /api/dashboard/today

[2026-03-04T12:40:52.993Z] ERROR: 
Stack: AggregateError [ECONNREFUSED]: 
    at C:\Users\ludin\Desktop\salidas\scanqueue\backend\node_modules\pg-pool\index.js:45:11
    at process.processTicksAndRejections (node:internal/process/task_queues:105:5)
    at async query (file:///C:/Users/ludin/Desktop/salidas/scanqueue/backend/src/config/database.js:25:18)
    at async Module.getScansToday (file:///C:/Users/ludin/Desktop/salidas/scanqueue/backend/src/models/Scan.js:23:15)
    at async Module.getScanStatistics (file:///C:/Users/ludin/Desktop/salidas/scanqueue/backend/src/services/ScanService.js:76:24)
    at async getDashboardStats (file:///C:/Users/ludin/Desktop/salidas/scanqueue/backend/src/controllers/DashboardController.js:12:19)
Path: /api/dashboard/stats

[2026-03-04T12:40:52.997Z] ERROR: 
Stack: AggregateError [ECONNREFUSED]: 
    at C:\Users\ludin\Desktop\salidas\scanqueue\backend\node_modules\pg-pool\index.js:45:11
    at process.processTicksAndRejections (node:internal/process/task_queues:105:5)
    at async query (file:///C:/Users/ludin/Desktop/salidas/scanqueue/backend/src/config/database.js:25:18)
    at async Module.getScansToday (file:///C:/Users/ludin/Desktop/salidas/scanqueue/backend/src/models/Scan.js:23:15)
    at async getTodaySummary (file:///C:/Users/ludin/Desktop/salidas/scanqueue/backend/src/controllers/DashboardController.js:30:24)
Path: /api/dashboard/today

[2026-03-04T12:40:53.018Z] ERROR: 
Stack: AggregateError [ECONNREFUSED]: 
    at C:\Users\ludin\Desktop\salidas\scanqueue\backend\node_modules\pg-pool\index.js:45:11
    at process.processTicksAndRejections (node:internal/process/task_queues:105:5)
    at async query (file:///C:/Users/ludin/Desktop/salidas/scanqueue/backend/src/config/database.js:25:18)
    at async Module.getScansToday (file:///C:/Users/ludin/Desktop/salidas/scanqueue/backend/src/models/Scan.js:23:15)
    at async Module.getScanStatistics (file:///C:/Users/ludin/Desktop/salidas/scanqueue/backend/src/services/ScanService.js:76:24)
    at async getDashboardStats (file:///C:/Users/ludin/Desktop/salidas/scanqueue/backend/src/controllers/DashboardController.js:12:19)
Path: /api/dashboard/stats

[2026-03-04T12:40:53.022Z] ERROR: 
Stack: AggregateError [ECONNREFUSED]: 
    at C:\Users\ludin\Desktop\salidas\scanqueue\backend\node_modules\pg-pool\index.js:45:11
    at process.processTicksAndRejections (node:internal/process/task_queues:105:5)
    at async query (file:///C:/Users/ludin/Desktop/salidas/scanqueue/backend/src/config/database.js:25:18)
    at async Module.getScansToday (file:///C:/Users/ludin/Desktop/salidas/scanqueue/backend/src/models/Scan.js:23:15)
    at async getTodaySummary (file:///C:/Users/ludin/Desktop/salidas/scanqueue/backend/src/controllers/DashboardController.js:30:24)
Path: /api/dashboard/today

[2026-03-04T12:40:53.035Z] ERROR: 
Stack: AggregateError [ECONNREFUSED]: 
    at C:\Users\ludin\Desktop\salidas\scanqueue\backend\node_modules\pg-pool\index.js:45:11
    at process.processTicksAndRejections (node:internal/process/task_queues:105:5)
    at async query (file:///C:/Users/ludin/Desktop/salidas/scanqueue/backend/src/config/database.js:25:18)
    at async Module.getScansToday (file:///C:/Users/ludin/Desktop/salidas/scanqueue/backend/src/models/Scan.js:23:15)
    at async Module.getScanStatistics (file:///C:/Users/ludin/Desktop/salidas/scanqueue/backend/src/services/ScanService.js:76:24)
    at async getDashboardStats (file:///C:/Users/ludin/Desktop/salidas/scanqueue/backend/src/controllers/DashboardController.js:12:19)
Path: /api/dashboard/stats

[2026-03-04T12:40:53.038Z] ERROR: 
Stack: AggregateError [ECONNREFUSED]: 
    at C:\Users\ludin\Desktop\salidas\scanqueue\backend\node_modules\pg-pool\index.js:45:11
    at process.processTicksAndRejections (node:internal/process/task_queues:105:5)
    at async query (file:///C:/Users/ludin/Desktop/salidas/scanqueue/backend/src/config/database.js:25:18)
    at async Module.getScansToday (file:///C:/Users/ludin/Desktop/salidas/scanqueue/backend/src/models/Scan.js:23:15)
    at async getTodaySummary (file:///C:/Users/ludin/Desktop/salidas/scanqueue/backend/src/controllers/DashboardController.js:30:24)
Path: /api/dashboard/today

[2026-03-04T12:40:53.052Z] ERROR: 
Stack: AggregateError [ECONNREFUSED]: 
    at C:\Users\ludin\Desktop\salidas\scanqueue\backend\node_modules\pg-pool\index.js:45:11
    at process.processTicksAndRejections (node:internal/process/task_queues:105:5)
    at async query (file:///C:/Users/ludin/Desktop/salidas/scanqueue/backend/src/config/database.js:25:18)
    at async Module.getScansToday (file:///C:/Users/ludin/Desktop/salidas/scanqueue/backend/src/models/Scan.js:23:15)
    at async Module.getScanStatistics (file:///C:/Users/ludin/Desktop/salidas/scanqueue/backend/src/services/ScanService.js:76:24)
    at async getDashboardStats (file:///C:/Users/ludin/Desktop/salidas/scanqueue/backend/src/controllers/DashboardController.js:12:19)
Path: /api/dashboard/stats

[2026-03-04T12:40:53.056Z] ERROR: 
Stack: AggregateError [ECONNREFUSED]: 
    at C:\Users\ludin\Desktop\salidas\scanqueue\backend\node_modules\pg-pool\index.js:45:11
    at process.processTicksAndRejections (node:internal/process/task_queues:105:5)
    at async query (file:///C:/Users/ludin/Desktop/salidas/scanqueue/backend/src/config/database.js:25:18)
    at async Module.getScansToday (file:///C:/Users/ludin/Desktop/salidas/scanqueue/backend/src/models/Scan.js:23:15)
    at async getTodaySummary (file:///C:/Users/ludin/Desktop/salidas/scanqueue/backend/src/controllers/DashboardController.js:30:24)
Path: /api/dashboard/today

[2026-03-04T12:40:53.080Z] ERROR: 
Stack: AggregateError [ECONNREFUSED]: 
    at C:\Users\ludin\Desktop\salidas\scanqueue\backend\node_modules\pg-pool\index.js:45:11
    at process.processTicksAndRejections (node:internal/process/task_queues:105:5)
    at async query (file:///C:/Users/ludin/Desktop/salidas/scanqueue/backend/src/config/database.js:25:18)
    at async Module.getScansToday (file:///C:/Users/ludin/Desktop/salidas/scanqueue/backend/src/models/Scan.js:23:15)
    at async Module.getScanStatistics (file:///C:/Users/ludin/Desktop/salidas/scanqueue/backend/src/services/ScanService.js:76:24)
    at async getDashboardStats (file:///C:/Users/ludin/Desktop/salidas/scanqueue/backend/src/controllers/DashboardController.js:12:19)
Path: /api/dashboard/stats

[2026-03-04T12:40:53.085Z] ERROR: 
Stack: AggregateError [ECONNREFUSED]: 
    at C:\Users\ludin\Desktop\salidas\scanqueue\backend\node_modules\pg-pool\index.js:45:11
    at process.processTicksAndRejections (node:internal/process/task_queues:105:5)
    at async query (file:///C:/Users/ludin/Desktop/salidas/scanqueue/backend/src/config/database.js:25:18)
    at async Module.getScansToday (file:///C:/Users/ludin/Desktop/salidas/scanqueue/backend/src/models/Scan.js:23:15)
    at async getTodaySummary (file:///C:/Users/ludin/Desktop/salidas/scanqueue/backend/src/controllers/DashboardController.js:30:24)
Path: /api/dashboard/today

[2026-03-04T12:40:53.111Z] ERROR: 
Stack: AggregateError [ECONNREFUSED]: 
    at C:\Users\ludin\Desktop\salidas\scanqueue\backend\node_modules\pg-pool\index.js:45:11
    at process.processTicksAndRejections (node:internal/process/task_queues:105:5)
    at async query (file:///C:/Users/ludin/Desktop/salidas/scanqueue/backend/src/config/database.js:25:18)
    at async Module.getScansToday (file:///C:/Users/ludin/Desktop/salidas/scanqueue/backend/src/models/Scan.js:23:15)
    at async Module.getScanStatistics (file:///C:/Users/ludin/Desktop/salidas/scanqueue/backend/src/services/ScanService.js:76:24)
    at async getDashboardStats (file:///C:/Users/ludin/Desktop/salidas/scanqueue/backend/src/controllers/DashboardController.js:12:19)
Path: /api/dashboard/stats

[2026-03-04T12:40:53.117Z] ERROR: 
Stack: AggregateError [ECONNREFUSED]: 
    at C:\Users\ludin\Desktop\salidas\scanqueue\backend\node_modules\pg-pool\index.js:45:11
    at process.processTicksAndRejections (node:internal/process/task_queues:105:5)
    at async query (file:///C:/Users/ludin/Desktop/salidas/scanqueue/backend/src/config/database.js:25:18)
    at async Module.getScansToday (file:///C:/Users/ludin/Desktop/salidas/scanqueue/backend/src/models/Scan.js:23:15)
    at async getTodaySummary (file:///C:/Users/ludin/Desktop/salidas/scanqueue/backend/src/controllers/DashboardController.js:30:24)
Path: /api/dashboard/today

[2026-03-04T12:40:53.129Z] ERROR: 
Stack: AggregateError [ECONNREFUSED]: 
    at C:\Users\ludin\Desktop\salidas\scanqueue\backend\node_modules\pg-pool\index.js:45:11
    at process.processTicksAndRejections (node:internal/process/task_queues:105:5)
    at async query (file:///C:/Users/ludin/Desktop/salidas/scanqueue/backend/src/config/database.js:25:18)
    at async Module.getScansToday (file:///C:/Users/ludin/Desktop/salidas/scanqueue/backend/src/models/Scan.js:23:15)
    at async Module.getScanStatistics (file:///C:/Users/ludin/Desktop/salidas/scanqueue/backend/src/services/ScanService.js:76:24)
    at async getDashboardStats (file:///C:/Users/ludin/Desktop/salidas/scanqueue/backend/src/controllers/DashboardController.js:12:19)
Path: /api/dashboard/stats

[2026-03-04T12:40:53.134Z] ERROR: 
Stack: AggregateError [ECONNREFUSED]: 
    at C:\Users\ludin\Desktop\salidas\scanqueue\backend\node_modules\pg-pool\index.js:45:11
    at process.processTicksAndRejections (node:internal/process/task_queues:105:5)
    at async query (file:///C:/Users/ludin/Desktop/salidas/scanqueue/backend/src/config/database.js:25:18)
    at async Module.getScansToday (file:///C:/Users/ludin/Desktop/salidas/scanqueue/backend/src/models/Scan.js:23:15)
    at async getTodaySummary (file:///C:/Users/ludin/Desktop/salidas/scanqueue/backend/src/controllers/DashboardController.js:30:24)
Path: /api/dashboard/today

[2026-03-04T12:40:53.266Z] ERROR: 
Stack: AggregateError [ECONNREFUSED]: 
    at C:\Users\ludin\Desktop\salidas\scanqueue\backend\node_modules\pg-pool\index.js:45:11
    at process.processTicksAndRejections (node:internal/process/task_queues:105:5)
    at async query (file:///C:/Users/ludin/Desktop/salidas/scanqueue/backend/src/config/database.js:25:18)
    at async Module.getScansToday (file:///C:/Users/ludin/Desktop/salidas/scanqueue/backend/src/models/Scan.js:23:15)
    at async Module.getScanStatistics (file:///C:/Users/ludin/Desktop/salidas/scanqueue/backend/src/services/ScanService.js:76:24)
    at async getDashboardStats (file:///C:/Users/ludin/Desktop/salidas/scanqueue/backend/src/controllers/DashboardController.js:12:19)
Path: /api/dashboard/stats

[2026-03-04T12:40:53.271Z] ERROR: 
Stack: AggregateError [ECONNREFUSED]: 
    at C:\Users\ludin\Desktop\salidas\scanqueue\backend\node_modules\pg-pool\index.js:45:11
    at process.processTicksAndRejections (node:internal/process/task_queues:105:5)
    at async query (file:///C:/Users/ludin/Desktop/salidas/scanqueue/backend/src/config/database.js:25:18)
    at async Module.getScansToday (file:///C:/Users/ludin/Desktop/salidas/scanqueue/backend/src/models/Scan.js:23:15)
    at async getTodaySummary (file:///C:/Users/ludin/Desktop/salidas/scanqueue/backend/src/controllers/DashboardController.js:30:24)
Path: /api/dashboard/today

[2026-03-04T12:40:53.281Z] ERROR: 
Stack: AggregateError [ECONNREFUSED]: 
    at C:\Users\ludin\Desktop\salidas\scanqueue\backend\node_modules\pg-pool\index.js:45:11
    at process.processTicksAndRejections (node:internal/process/task_queues:105:5)
    at async query (file:///C:/Users/ludin/Desktop/salidas/scanqueue/backend/src/config/database.js:25:18)
    at async Module.getScansToday (file:///C:/Users/ludin/Desktop/salidas/scanqueue/backend/src/models/Scan.js:23:15)
    at async Module.getScanStatistics (file:///C:/Users/ludin/Desktop/salidas/scanqueue/backend/src/services/ScanService.js:76:24)
    at async getDashboardStats (file:///C:/Users/ludin/Desktop/salidas/scanqueue/backend/src/controllers/DashboardController.js:12:19)
Path: /api/dashboard/stats

[2026-03-04T12:40:53.286Z] ERROR: 
Stack: AggregateError [ECONNREFUSED]: 
    at C:\Users\ludin\Desktop\salidas\scanqueue\backend\node_modules\pg-pool\index.js:45:11
    at process.processTicksAndRejections (node:internal/process/task_queues:105:5)
    at async query (file:///C:/Users/ludin/Desktop/salidas/scanqueue/backend/src/config/database.js:25:18)
    at async Module.getScansToday (file:///C:/Users/ludin/Desktop/salidas/scanqueue/backend/src/models/Scan.js:23:15)
    at async getTodaySummary (file:///C:/Users/ludin/Desktop/salidas/scanqueue/backend/src/controllers/DashboardController.js:30:24)
Path: /api/dashboard/today

[2026-03-04T12:40:53.312Z] ERROR: 
Stack: AggregateError [ECONNREFUSED]: 
    at C:\Users\ludin\Desktop\salidas\scanqueue\backend\node_modules\pg-pool\index.js:45:11
    at process.processTicksAndRejections (node:internal/process/task_queues:105:5)
    at async query (file:///C:/Users/ludin/Desktop/salidas/scanqueue/backend/src/config/database.js:25:18)
    at async Module.getScansToday (file:///C:/Users/ludin/Desktop/salidas/scanqueue/backend/src/models/Scan.js:23:15)
    at async Module.getScanStatistics (file:///C:/Users/ludin/Desktop/salidas/scanqueue/backend/src/services/ScanService.js:76:24)
    at async getDashboardStats (file:///C:/Users/ludin/Desktop/salidas/scanqueue/backend/src/controllers/DashboardController.js:12:19)
Path: /api/dashboard/stats

[2026-03-04T12:40:53.316Z] ERROR: 
Stack: AggregateError [ECONNREFUSED]: 
    at C:\Users\ludin\Desktop\salidas\scanqueue\backend\node_modules\pg-pool\index.js:45:11
    at process.processTicksAndRejections (node:internal/process/task_queues:105:5)
    at async query (file:///C:/Users/ludin/Desktop/salidas/scanqueue/backend/src/config/database.js:25:18)
    at async Module.getScansToday (file:///C:/Users/ludin/Desktop/salidas/scanqueue/backend/src/models/Scan.js:23:15)
    at async getTodaySummary (file:///C:/Users/ludin/Desktop/salidas/scanqueue/backend/src/controllers/DashboardController.js:30:24)
Path: /api/dashboard/today

[2026-03-04T12:40:53.342Z] ERROR: 
Stack: AggregateError [ECONNREFUSED]: 
    at C:\Users\ludin\Desktop\salidas\scanqueue\backend\node_modules\pg-pool\index.js:45:11
    at process.processTicksAndRejections (node:internal/process/task_queues:105:5)
    at async query (file:///C:/Users/ludin/Desktop/salidas/scanqueue/backend/src/config/database.js:25:18)
    at async Module.getScansToday (file:///C:/Users/ludin/Desktop/salidas/scanqueue/backend/src/models/Scan.js:23:15)
    at async Module.getScanStatistics (file:///C:/Users/ludin/Desktop/salidas/scanqueue/backend/src/services/ScanService.js:76:24)
    at async getDashboardStats (file:///C:/Users/ludin/Desktop/salidas/scanqueue/backend/src/controllers/DashboardController.js:12:19)
Path: /api/dashboard/stats

[2026-03-04T12:40:53.346Z] ERROR: 
Stack: AggregateError [ECONNREFUSED]: 
    at C:\Users\ludin\Desktop\salidas\scanqueue\backend\node_modules\pg-pool\index.js:45:11
    at process.processTicksAndRejections (node:internal/process/task_queues:105:5)
    at async query (file:///C:/Users/ludin/Desktop/salidas/scanqueue/backend/src/config/database.js:25:18)
    at async Module.getScansToday (file:///C:/Users/ludin/Desktop/salidas/scanqueue/backend/src/models/Scan.js:23:15)
    at async getTodaySummary (file:///C:/Users/ludin/Desktop/salidas/scanqueue/backend/src/controllers/DashboardController.js:30:24)
Path: /api/dashboard/today

[2026-03-04T12:40:53.364Z] ERROR: 
Stack: AggregateError [ECONNREFUSED]: 
    at C:\Users\ludin\Desktop\salidas\scanqueue\backend\node_modules\pg-pool\index.js:45:11
    at process.processTicksAndRejections (node:internal/process/task_queues:105:5)
    at async query (file:///C:/Users/ludin/Desktop/salidas/scanqueue/backend/src/config/database.js:25:18)
    at async Module.getScansToday (file:///C:/Users/ludin/Desktop/salidas/scanqueue/backend/src/models/Scan.js:23:15)
    at async Module.getScanStatistics (file:///C:/Users/ludin/Desktop/salidas/scanqueue/backend/src/services/ScanService.js:76:24)
    at async getDashboardStats (file:///C:/Users/ludin/Desktop/salidas/scanqueue/backend/src/controllers/DashboardController.js:12:19)
Path: /api/dashboard/stats

[2026-03-04T12:40:53.387Z] ERROR: 
Stack: AggregateError [ECONNREFUSED]: 
    at C:\Users\ludin\Desktop\salidas\scanqueue\backend\node_modules\pg-pool\index.js:45:11
    at process.processTicksAndRejections (node:internal/process/task_queues:105:5)
    at async query (file:///C:/Users/ludin/Desktop/salidas/scanqueue/backend/src/config/database.js:25:18)
    at async Module.getScansToday (file:///C:/Users/ludin/Desktop/salidas/scanqueue/backend/src/models/Scan.js:23:15)
    at async getTodaySummary (file:///C:/Users/ludin/Desktop/salidas/scanqueue/backend/src/controllers/DashboardController.js:30:24)
Path: /api/dashboard/today

[2026-03-04T12:40:53.406Z] ERROR: 
Stack: AggregateError [ECONNREFUSED]: 
    at C:\Users\ludin\Desktop\salidas\scanqueue\backend\node_modules\pg-pool\index.js:45:11
    at process.processTicksAndRejections (node:internal/process/task_queues:105:5)
    at async query (file:///C:/Users/ludin/Desktop/salidas/scanqueue/backend/src/config/database.js:25:18)
    at async Module.getScansToday (file:///C:/Users/ludin/Desktop/salidas/scanqueue/backend/src/models/Scan.js:23:15)
    at async Module.getScanStatistics (file:///C:/Users/ludin/Desktop/salidas/scanqueue/backend/src/services/ScanService.js:76:24)
    at async getDashboardStats (file:///C:/Users/ludin/Desktop/salidas/scanqueue/backend/src/controllers/DashboardController.js:12:19)
Path: /api/dashboard/stats

[2026-03-04T12:40:53.411Z] ERROR: 
Stack: AggregateError [ECONNREFUSED]: 
    at C:\Users\ludin\Desktop\salidas\scanqueue\backend\node_modules\pg-pool\index.js:45:11
    at process.processTicksAndRejections (node:internal/process/task_queues:105:5)
    at async query (file:///C:/Users/ludin/Desktop/salidas/scanqueue/backend/src/config/database.js:25:18)
    at async Module.getScansToday (file:///C:/Users/ludin/Desktop/salidas/scanqueue/backend/src/models/Scan.js:23:15)
    at async getTodaySummary (file:///C:/Users/ludin/Desktop/salidas/scanqueue/backend/src/controllers/DashboardController.js:30:24)
Path: /api/dashboard/today

[2026-03-04T12:40:53.457Z] ERROR: 
Stack: AggregateError [ECONNREFUSED]: 
    at C:\Users\ludin\Desktop\salidas\scanqueue\backend\node_modules\pg-pool\index.js:45:11
    at process.processTicksAndRejections (node:internal/process/task_queues:105:5)
    at async query (file:///C:/Users/ludin/Desktop/salidas/scanqueue/backend/src/config/database.js:25:18)
    at async Module.getScansToday (file:///C:/Users/ludin/Desktop/salidas/scanqueue/backend/src/models/Scan.js:23:15)
    at async Module.getScanStatistics (file:///C:/Users/ludin/Desktop/salidas/scanqueue/backend/src/services/ScanService.js:76:24)
    at async getDashboardStats (file:///C:/Users/ludin/Desktop/salidas/scanqueue/backend/src/controllers/DashboardController.js:12:19)
Path: /api/dashboard/stats

[2026-03-04T12:40:53.462Z] ERROR: 
Stack: AggregateError [ECONNREFUSED]: 
    at C:\Users\ludin\Desktop\salidas\scanqueue\backend\node_modules\pg-pool\index.js:45:11
    at process.processTicksAndRejections (node:internal/process/task_queues:105:5)
    at async query (file:///C:/Users/ludin/Desktop/salidas/scanqueue/backend/src/config/database.js:25:18)
    at async Module.getScansToday (file:///C:/Users/ludin/Desktop/salidas/scanqueue/backend/src/models/Scan.js:23:15)
    at async getTodaySummary (file:///C:/Users/ludin/Desktop/salidas/scanqueue/backend/src/controllers/DashboardController.js:30:24)
Path: /api/dashboard/today

[2026-03-04T12:40:53.485Z] ERROR: 
Stack: AggregateError [ECONNREFUSED]: 
    at C:\Users\ludin\Desktop\salidas\scanqueue\backend\node_modules\pg-pool\index.js:45:11
    at process.processTicksAndRejections (node:internal/process/task_queues:105:5)
    at async query (file:///C:/Users/ludin/Desktop/salidas/scanqueue/backend/src/config/database.js:25:18)
    at async Module.getScansToday (file:///C:/Users/ludin/Desktop/salidas/scanqueue/backend/src/models/Scan.js:23:15)
    at async Module.getScanStatistics (file:///C:/Users/ludin/Desktop/salidas/scanqueue/backend/src/services/ScanService.js:76:24)
    at async getDashboardStats (file:///C:/Users/ludin/Desktop/salidas/scanqueue/backend/src/controllers/DashboardController.js:12:19)
Path: /api/dashboard/stats

[2026-03-04T12:40:53.489Z] ERROR: 
Stack: AggregateError [ECONNREFUSED]: 
    at C:\Users\ludin\Desktop\salidas\scanqueue\backend\node_modules\pg-pool\index.js:45:11
    at process.processTicksAndRejections (node:internal/process/task_queues:105:5)
    at async query (file:///C:/Users/ludin/Desktop/salidas/scanqueue/backend/src/config/database.js:25:18)
    at async Module.getScansToday (file:///C:/Users/ludin/Desktop/salidas/scanqueue/backend/src/models/Scan.js:23:15)
    at async getTodaySummary (file:///C:/Users/ludin/Desktop/salidas/scanqueue/backend/src/controllers/DashboardController.js:30:24)
Path: /api/dashboard/today

[2026-03-04T12:40:53.500Z] ERROR: 
Stack: AggregateError [ECONNREFUSED]: 
    at C:\Users\ludin\Desktop\salidas\scanqueue\backend\node_modules\pg-pool\index.js:45:11
    at process.processTicksAndRejections (node:internal/process/task_queues:105:5)
    at async query (file:///C:/Users/ludin/Desktop/salidas/scanqueue/backend/src/config/database.js:25:18)
    at async Module.getScansToday (file:///C:/Users/ludin/Desktop/salidas/scanqueue/backend/src/models/Scan.js:23:15)
    at async Module.getScanStatistics (file:///C:/Users/ludin/Desktop/salidas/scanqueue/backend/src/services/ScanService.js:76:24)
    at async getDashboardStats (file:///C:/Users/ludin/Desktop/salidas/scanqueue/backend/src/controllers/DashboardController.js:12:19)
Path: /api/dashboard/stats

[2026-03-04T12:40:53.505Z] ERROR: 
Stack: AggregateError [ECONNREFUSED]: 
    at C:\Users\ludin\Desktop\salidas\scanqueue\backend\node_modules\pg-pool\index.js:45:11
    at process.processTicksAndRejections (node:internal/process/task_queues:105:5)
    at async query (file:///C:/Users/ludin/Desktop/salidas/scanqueue/backend/src/config/database.js:25:18)
    at async Module.getScansToday (file:///C:/Users/ludin/Desktop/salidas/scanqueue/backend/src/models/Scan.js:23:15)
    at async getTodaySummary (file:///C:/Users/ludin/Desktop/salidas/scanqueue/backend/src/controllers/DashboardController.js:30:24)
Path: /api/dashboard/today

[2026-03-04T12:40:53.530Z] ERROR: 
Stack: AggregateError [ECONNREFUSED]: 
    at C:\Users\ludin\Desktop\salidas\scanqueue\backend\node_modules\pg-pool\index.js:45:11
    at process.processTicksAndRejections (node:internal/process/task_queues:105:5)
    at async query (file:///C:/Users/ludin/Desktop/salidas/scanqueue/backend/src/config/database.js:25:18)
    at async Module.getScansToday (file:///C:/Users/ludin/Desktop/salidas/scanqueue/backend/src/models/Scan.js:23:15)
    at async Module.getScanStatistics (file:///C:/Users/ludin/Desktop/salidas/scanqueue/backend/src/services/ScanService.js:76:24)
    at async getDashboardStats (file:///C:/Users/ludin/Desktop/salidas/scanqueue/backend/src/controllers/DashboardController.js:12:19)
Path: /api/dashboard/stats

[2026-03-04T12:40:53.535Z] ERROR: 
Stack: AggregateError [ECONNREFUSED]: 
    at C:\Users\ludin\Desktop\salidas\scanqueue\backend\node_modules\pg-pool\index.js:45:11
    at process.processTicksAndRejections (node:internal/process/task_queues:105:5)
    at async query (file:///C:/Users/ludin/Desktop/salidas/scanqueue/backend/src/config/database.js:25:18)
    at async Module.getScansToday (file:///C:/Users/ludin/Desktop/salidas/scanqueue/backend/src/models/Scan.js:23:15)
    at async getTodaySummary (file:///C:/Users/ludin/Desktop/salidas/scanqueue/backend/src/controllers/DashboardController.js:30:24)
Path: /api/dashboard/today

[2026-03-04T12:40:53.558Z] ERROR: 
Stack: AggregateError [ECONNREFUSED]: 
    at C:\Users\ludin\Desktop\salidas\scanqueue\backend\node_modules\pg-pool\index.js:45:11
    at process.processTicksAndRejections (node:internal/process/task_queues:105:5)
    at async query (file:///C:/Users/ludin/Desktop/salidas/scanqueue/backend/src/config/database.js:25:18)
    at async Module.getScansToday (file:///C:/Users/ludin/Desktop/salidas/scanqueue/backend/src/models/Scan.js:23:15)
    at async Module.getScanStatistics (file:///C:/Users/ludin/Desktop/salidas/scanqueue/backend/src/services/ScanService.js:76:24)
    at async getDashboardStats (file:///C:/Users/ludin/Desktop/salidas/scanqueue/backend/src/controllers/DashboardController.js:12:19)
Path: /api/dashboard/stats

[2026-03-04T12:40:53.562Z] ERROR: 
Stack: AggregateError [ECONNREFUSED]: 
    at C:\Users\ludin\Desktop\salidas\scanqueue\backend\node_modules\pg-pool\index.js:45:11
    at process.processTicksAndRejections (node:internal/process/task_queues:105:5)
    at async query (file:///C:/Users/ludin/Desktop/salidas/scanqueue/backend/src/config/database.js:25:18)
    at async Module.getScansToday (file:///C:/Users/ludin/Desktop/salidas/scanqueue/backend/src/models/Scan.js:23:15)
    at async getTodaySummary (file:///C:/Users/ludin/Desktop/salidas/scanqueue/backend/src/controllers/DashboardController.js:30:24)
Path: /api/dashboard/today

[2026-03-04T12:40:53.579Z] ERROR: 
Stack: AggregateError [ECONNREFUSED]: 
    at C:\Users\ludin\Desktop\salidas\scanqueue\backend\node_modules\pg-pool\index.js:45:11
    at process.processTicksAndRejections (node:internal/process/task_queues:105:5)
    at async query (file:///C:/Users/ludin/Desktop/salidas/scanqueue/backend/src/config/database.js:25:18)
    at async Module.getScansToday (file:///C:/Users/ludin/Desktop/salidas/scanqueue/backend/src/models/Scan.js:23:15)
    at async Module.getScanStatistics (file:///C:/Users/ludin/Desktop/salidas/scanqueue/backend/src/services/ScanService.js:76:24)
    at async getDashboardStats (file:///C:/Users/ludin/Desktop/salidas/scanqueue/backend/src/controllers/DashboardController.js:12:19)
Path: /api/dashboard/stats

[2026-03-04T12:40:53.583Z] ERROR: 
Stack: AggregateError [ECONNREFUSED]: 
    at C:\Users\ludin\Desktop\salidas\scanqueue\backend\node_modules\pg-pool\index.js:45:11
    at process.processTicksAndRejections (node:internal/process/task_queues:105:5)
    at async query (file:///C:/Users/ludin/Desktop/salidas/scanqueue/backend/src/config/database.js:25:18)
    at async Module.getScansToday (file:///C:/Users/ludin/Desktop/salidas/scanqueue/backend/src/models/Scan.js:23:15)
    at async getTodaySummary (file:///C:/Users/ludin/Desktop/salidas/scanqueue/backend/src/controllers/DashboardController.js:30:24)
Path: /api/dashboard/today

[2026-03-04T12:40:53.593Z] ERROR: 
Stack: AggregateError [ECONNREFUSED]: 
    at C:\Users\ludin\Desktop\salidas\scanqueue\backend\node_modules\pg-pool\index.js:45:11
    at process.processTicksAndRejections (node:internal/process/task_queues:105:5)
    at async query (file:///C:/Users/ludin/Desktop/salidas/scanqueue/backend/src/config/database.js:25:18)
    at async Module.getScansToday (file:///C:/Users/ludin/Desktop/salidas/scanqueue/backend/src/models/Scan.js:23:15)
    at async Module.getScanStatistics (file:///C:/Users/ludin/Desktop/salidas/scanqueue/backend/src/services/ScanService.js:76:24)
    at async getDashboardStats (file:///C:/Users/ludin/Desktop/salidas/scanqueue/backend/src/controllers/DashboardController.js:12:19)
Path: /api/dashboard/stats

[2026-03-04T12:40:53.597Z] ERROR: 
Stack: AggregateError [ECONNREFUSED]: 
    at C:\Users\ludin\Desktop\salidas\scanqueue\backend\node_modules\pg-pool\index.js:45:11
    at process.processTicksAndRejections (node:internal/process/task_queues:105:5)
    at async query (file:///C:/Users/ludin/Desktop/salidas/scanqueue/backend/src/config/database.js:25:18)
    at async Module.getScansToday (file:///C:/Users/ludin/Desktop/salidas/scanqueue/backend/src/models/Scan.js:23:15)
    at async getTodaySummary (file:///C:/Users/ludin/Desktop/salidas/scanqueue/backend/src/controllers/DashboardController.js:30:24)
Path: /api/dashboard/today

[2026-03-04T12:40:53.753Z] ERROR: 
Stack: AggregateError [ECONNREFUSED]: 
    at C:\Users\ludin\Desktop\salidas\scanqueue\backend\node_modules\pg-pool\index.js:45:11
    at process.processTicksAndRejections (node:internal/process/task_queues:105:5)
    at async query (file:///C:/Users/ludin/Desktop/salidas/scanqueue/backend/src/config/database.js:25:18)
    at async Module.getScansToday (file:///C:/Users/ludin/Desktop/salidas/scanqueue/backend/src/models/Scan.js:23:15)
    at async Module.getScanStatistics (file:///C:/Users/ludin/Desktop/salidas/scanqueue/backend/src/services/ScanService.js:76:24)
    at async getDashboardStats (file:///C:/Users/ludin/Desktop/salidas/scanqueue/backend/src/controllers/DashboardController.js:12:19)
Path: /api/dashboard/stats

[2026-03-04T12:40:53.757Z] ERROR: 
Stack: AggregateError [ECONNREFUSED]: 
    at C:\Users\ludin\Desktop\salidas\scanqueue\backend\node_modules\pg-pool\index.js:45:11
    at process.processTicksAndRejections (node:internal/process/task_queues:105:5)
    at async query (file:///C:/Users/ludin/Desktop/salidas/scanqueue/backend/src/config/database.js:25:18)
    at async Module.getScansToday (file:///C:/Users/ludin/Desktop/salidas/scanqueue/backend/src/models/Scan.js:23:15)
    at async getTodaySummary (file:///C:/Users/ludin/Desktop/salidas/scanqueue/backend/src/controllers/DashboardController.js:30:24)
Path: /api/dashboard/today

[2026-03-04T12:40:53.766Z] ERROR: 
Stack: AggregateError [ECONNREFUSED]: 
    at C:\Users\ludin\Desktop\salidas\scanqueue\backend\node_modules\pg-pool\index.js:45:11
    at process.processTicksAndRejections (node:internal/process/task_queues:105:5)
    at async query (file:///C:/Users/ludin/Desktop/salidas/scanqueue/backend/src/config/database.js:25:18)
    at async Module.getScansToday (file:///C:/Users/ludin/Desktop/salidas/scanqueue/backend/src/models/Scan.js:23:15)
    at async Module.getScanStatistics (file:///C:/Users/ludin/Desktop/salidas/scanqueue/backend/src/services/ScanService.js:76:24)
    at async getDashboardStats (file:///C:/Users/ludin/Desktop/salidas/scanqueue/backend/src/controllers/DashboardController.js:12:19)
Path: /api/dashboard/stats

[2026-03-04T12:40:53.770Z] ERROR: 
Stack: AggregateError [ECONNREFUSED]: 
    at C:\Users\ludin\Desktop\salidas\scanqueue\backend\node_modules\pg-pool\index.js:45:11
    at process.processTicksAndRejections (node:internal/process/task_queues:105:5)
    at async query (file:///C:/Users/ludin/Desktop/salidas/scanqueue/backend/src/config/database.js:25:18)
    at async Module.getScansToday (file:///C:/Users/ludin/Desktop/salidas/scanqueue/backend/src/models/Scan.js:23:15)
    at async getTodaySummary (file:///C:/Users/ludin/Desktop/salidas/scanqueue/backend/src/controllers/DashboardController.js:30:24)
Path: /api/dashboard/today

[2026-03-04T12:40:53.795Z] ERROR: 
Stack: AggregateError [ECONNREFUSED]: 
    at C:\Users\ludin\Desktop\salidas\scanqueue\backend\node_modules\pg-pool\index.js:45:11
    at process.processTicksAndRejections (node:internal/process/task_queues:105:5)
    at async query (file:///C:/Users/ludin/Desktop/salidas/scanqueue/backend/src/config/database.js:25:18)
    at async Module.getScansToday (file:///C:/Users/ludin/Desktop/salidas/scanqueue/backend/src/models/Scan.js:23:15)
    at async Module.getScanStatistics (file:///C:/Users/ludin/Desktop/salidas/scanqueue/backend/src/services/ScanService.js:76:24)
    at async getDashboardStats (file:///C:/Users/ludin/Desktop/salidas/scanqueue/backend/src/controllers/DashboardController.js:12:19)
Path: /api/dashboard/stats

[2026-03-04T12:40:53.799Z] ERROR: 
Stack: AggregateError [ECONNREFUSED]: 
    at C:\Users\ludin\Desktop\salidas\scanqueue\backend\node_modules\pg-pool\index.js:45:11
    at process.processTicksAndRejections (node:internal/process/task_queues:105:5)
    at async query (file:///C:/Users/ludin/Desktop/salidas/scanqueue/backend/src/config/database.js:25:18)
    at async Module.getScansToday (file:///C:/Users/ludin/Desktop/salidas/scanqueue/backend/src/models/Scan.js:23:15)
    at async getTodaySummary (file:///C:/Users/ludin/Desktop/salidas/scanqueue/backend/src/controllers/DashboardController.js:30:24)
Path: /api/dashboard/today

[2026-03-04T12:40:53.828Z] ERROR: 
Stack: AggregateError [ECONNREFUSED]: 
    at C:\Users\ludin\Desktop\salidas\scanqueue\backend\node_modules\pg-pool\index.js:45:11
    at process.processTicksAndRejections (node:internal/process/task_queues:105:5)
    at async query (file:///C:/Users/ludin/Desktop/salidas/scanqueue/backend/src/config/database.js:25:18)
    at async Module.getScansToday (file:///C:/Users/ludin/Desktop/salidas/scanqueue/backend/src/models/Scan.js:23:15)
    at async Module.getScanStatistics (file:///C:/Users/ludin/Desktop/salidas/scanqueue/backend/src/services/ScanService.js:76:24)
    at async getDashboardStats (file:///C:/Users/ludin/Desktop/salidas/scanqueue/backend/src/controllers/DashboardController.js:12:19)
Path: /api/dashboard/stats

[2026-03-04T12:40:53.831Z] ERROR: 
Stack: AggregateError [ECONNREFUSED]: 
    at C:\Users\ludin\Desktop\salidas\scanqueue\backend\node_modules\pg-pool\index.js:45:11
    at process.processTicksAndRejections (node:internal/process/task_queues:105:5)
    at async query (file:///C:/Users/ludin/Desktop/salidas/scanqueue/backend/src/config/database.js:25:18)
    at async Module.getScansToday (file:///C:/Users/ludin/Desktop/salidas/scanqueue/backend/src/models/Scan.js:23:15)
    at async getTodaySummary (file:///C:/Users/ludin/Desktop/salidas/scanqueue/backend/src/controllers/DashboardController.js:30:24)
Path: /api/dashboard/today

[2026-03-04T12:40:53.844Z] ERROR: 
Stack: AggregateError [ECONNREFUSED]: 
    at C:\Users\ludin\Desktop\salidas\scanqueue\backend\node_modules\pg-pool\index.js:45:11
    at process.processTicksAndRejections (node:internal/process/task_queues:105:5)
    at async query (file:///C:/Users/ludin/Desktop/salidas/scanqueue/backend/src/config/database.js:25:18)
    at async Module.getScansToday (file:///C:/Users/ludin/Desktop/salidas/scanqueue/backend/src/models/Scan.js:23:15)
    at async Module.getScanStatistics (file:///C:/Users/ludin/Desktop/salidas/scanqueue/backend/src/services/ScanService.js:76:24)
    at async getDashboardStats (file:///C:/Users/ludin/Desktop/salidas/scanqueue/backend/src/controllers/DashboardController.js:12:19)
Path: /api/dashboard/stats

[2026-03-04T12:40:53.848Z] ERROR: 
Stack: AggregateError [ECONNREFUSED]: 
    at C:\Users\ludin\Desktop\salidas\scanqueue\backend\node_modules\pg-pool\index.js:45:11
    at process.processTicksAndRejections (node:internal/process/task_queues:105:5)
    at async query (file:///C:/Users/ludin/Desktop/salidas/scanqueue/backend/src/config/database.js:25:18)
    at async Module.getScansToday (file:///C:/Users/ludin/Desktop/salidas/scanqueue/backend/src/models/Scan.js:23:15)
    at async getTodaySummary (file:///C:/Users/ludin/Desktop/salidas/scanqueue/backend/src/controllers/DashboardController.js:30:24)
Path: /api/dashboard/today

[2026-03-04T12:40:53.862Z] ERROR: 
Stack: AggregateError [ECONNREFUSED]: 
    at C:\Users\ludin\Desktop\salidas\scanqueue\backend\node_modules\pg-pool\index.js:45:11
    at process.processTicksAndRejections (node:internal/process/task_queues:105:5)
    at async query (file:///C:/Users/ludin/Desktop/salidas/scanqueue/backend/src/config/database.js:25:18)
    at async Module.getScansToday (file:///C:/Users/ludin/Desktop/salidas/scanqueue/backend/src/models/Scan.js:23:15)
    at async Module.getScanStatistics (file:///C:/Users/ludin/Desktop/salidas/scanqueue/backend/src/services/ScanService.js:76:24)
    at async getDashboardStats (file:///C:/Users/ludin/Desktop/salidas/scanqueue/backend/src/controllers/DashboardController.js:12:19)
Path: /api/dashboard/stats

[2026-03-04T12:40:53.865Z] ERROR: 
Stack: AggregateError [ECONNREFUSED]: 
    at C:\Users\ludin\Desktop\salidas\scanqueue\backend\node_modules\pg-pool\index.js:45:11
    at process.processTicksAndRejections (node:internal/process/task_queues:105:5)
    at async query (file:///C:/Users/ludin/Desktop/salidas/scanqueue/backend/src/config/database.js:25:18)
    at async Module.getScansToday (file:///C:/Users/ludin/Desktop/salidas/scanqueue/backend/src/models/Scan.js:23:15)
    at async getTodaySummary (file:///C:/Users/ludin/Desktop/salidas/scanqueue/backend/src/controllers/DashboardController.js:30:24)
Path: /api/dashboard/today

[2026-03-04T12:40:53.897Z] ERROR: 
Stack: AggregateError [ECONNREFUSED]: 
    at C:\Users\ludin\Desktop\salidas\scanqueue\backend\node_modules\pg-pool\index.js:45:11
    at process.processTicksAndRejections (node:internal/process/task_queues:105:5)
    at async query (file:///C:/Users/ludin/Desktop/salidas/scanqueue/backend/src/config/database.js:25:18)
    at async Module.getScansToday (file:///C:/Users/ludin/Desktop/salidas/scanqueue/backend/src/models/Scan.js:23:15)
    at async Module.getScanStatistics (file:///C:/Users/ludin/Desktop/salidas/scanqueue/backend/src/services/ScanService.js:76:24)
    at async getDashboardStats (file:///C:/Users/ludin/Desktop/salidas/scanqueue/backend/src/controllers/DashboardController.js:12:19)
Path: /api/dashboard/stats

[2026-03-04T12:40:53.901Z] ERROR: 
Stack: AggregateError [ECONNREFUSED]: 
    at C:\Users\ludin\Desktop\salidas\scanqueue\backend\node_modules\pg-pool\index.js:45:11
    at process.processTicksAndRejections (node:internal/process/task_queues:105:5)
    at async query (file:///C:/Users/ludin/Desktop/salidas/scanqueue/backend/src/config/database.js:25:18)
    at async Module.getScansToday (file:///C:/Users/ludin/Desktop/salidas/scanqueue/backend/src/models/Scan.js:23:15)
    at async getTodaySummary (file:///C:/Users/ludin/Desktop/salidas/scanqueue/backend/src/controllers/DashboardController.js:30:24)
Path: /api/dashboard/today

[2026-03-04T12:40:53.934Z] ERROR: 
Stack: AggregateError [ECONNREFUSED]: 
    at C:\Users\ludin\Desktop\salidas\scanqueue\backend\node_modules\pg-pool\index.js:45:11
    at process.processTicksAndRejections (node:internal/process/task_queues:105:5)
    at async query (file:///C:/Users/ludin/Desktop/salidas/scanqueue/backend/src/config/database.js:25:18)
    at async Module.getScansToday (file:///C:/Users/ludin/Desktop/salidas/scanqueue/backend/src/models/Scan.js:23:15)
    at async Module.getScanStatistics (file:///C:/Users/ludin/Desktop/salidas/scanqueue/backend/src/services/ScanService.js:76:24)
    at async getDashboardStats (file:///C:/Users/ludin/Desktop/salidas/scanqueue/backend/src/controllers/DashboardController.js:12:19)
Path: /api/dashboard/stats

[2026-03-04T12:40:53.938Z] ERROR: 
Stack: AggregateError [ECONNREFUSED]: 
    at C:\Users\ludin\Desktop\salidas\scanqueue\backend\node_modules\pg-pool\index.js:45:11
    at process.processTicksAndRejections (node:internal/process/task_queues:105:5)
    at async query (file:///C:/Users/ludin/Desktop/salidas/scanqueue/backend/src/config/database.js:25:18)
    at async Module.getScansToday (file:///C:/Users/ludin/Desktop/salidas/scanqueue/backend/src/models/Scan.js:23:15)
    at async getTodaySummary (file:///C:/Users/ludin/Desktop/salidas/scanqueue/backend/src/controllers/DashboardController.js:30:24)
Path: /api/dashboard/today

[2026-03-04T12:40:53.953Z] ERROR: 
Stack: AggregateError [ECONNREFUSED]: 
    at C:\Users\ludin\Desktop\salidas\scanqueue\backend\node_modules\pg-pool\index.js:45:11
    at process.processTicksAndRejections (node:internal/process/task_queues:105:5)
    at async query (file:///C:/Users/ludin/Desktop/salidas/scanqueue/backend/src/config/database.js:25:18)
    at async Module.getScansToday (file:///C:/Users/ludin/Desktop/salidas/scanqueue/backend/src/models/Scan.js:23:15)
    at async Module.getScanStatistics (file:///C:/Users/ludin/Desktop/salidas/scanqueue/backend/src/services/ScanService.js:76:24)
    at async getDashboardStats (file:///C:/Users/ludin/Desktop/salidas/scanqueue/backend/src/controllers/DashboardController.js:12:19)
Path: /api/dashboard/stats

[2026-03-04T12:40:53.956Z] ERROR: 
Stack: AggregateError [ECONNREFUSED]: 
    at C:\Users\ludin\Desktop\salidas\scanqueue\backend\node_modules\pg-pool\index.js:45:11
    at process.processTicksAndRejections (node:internal/process/task_queues:105:5)
    at async query (file:///C:/Users/ludin/Desktop/salidas/scanqueue/backend/src/config/database.js:25:18)
    at async Module.getScansToday (file:///C:/Users/ludin/Desktop/salidas/scanqueue/backend/src/models/Scan.js:23:15)
    at async getTodaySummary (file:///C:/Users/ludin/Desktop/salidas/scanqueue/backend/src/controllers/DashboardController.js:30:24)
Path: /api/dashboard/today

[2026-03-04T12:40:53.971Z] ERROR: 
Stack: AggregateError [ECONNREFUSED]: 
    at C:\Users\ludin\Desktop\salidas\scanqueue\backend\node_modules\pg-pool\index.js:45:11
    at process.processTicksAndRejections (node:internal/process/task_queues:105:5)
    at async query (file:///C:/Users/ludin/Desktop/salidas/scanqueue/backend/src/config/database.js:25:18)
    at async Module.getScansToday (file:///C:/Users/ludin/Desktop/salidas/scanqueue/backend/src/models/Scan.js:23:15)
    at async Module.getScanStatistics (file:///C:/Users/ludin/Desktop/salidas/scanqueue/backend/src/services/ScanService.js:76:24)
    at async getDashboardStats (file:///C:/Users/ludin/Desktop/salidas/scanqueue/backend/src/controllers/DashboardController.js:12:19)
Path: /api/dashboard/stats

[2026-03-04T12:40:53.976Z] ERROR: 
Stack: AggregateError [ECONNREFUSED]: 
    at C:\Users\ludin\Desktop\salidas\scanqueue\backend\node_modules\pg-pool\index.js:45:11
    at process.processTicksAndRejections (node:internal/process/task_queues:105:5)
    at async query (file:///C:/Users/ludin/Desktop/salidas/scanqueue/backend/src/config/database.js:25:18)
    at async Module.getScansToday (file:///C:/Users/ludin/Desktop/salidas/scanqueue/backend/src/models/Scan.js:23:15)
    at async getTodaySummary (file:///C:/Users/ludin/Desktop/salidas/scanqueue/backend/src/controllers/DashboardController.js:30:24)
Path: /api/dashboard/today

[2026-03-04T12:40:53.996Z] ERROR: 
Stack: AggregateError [ECONNREFUSED]: 
    at C:\Users\ludin\Desktop\salidas\scanqueue\backend\node_modules\pg-pool\index.js:45:11
    at process.processTicksAndRejections (node:internal/process/task_queues:105:5)
    at async query (file:///C:/Users/ludin/Desktop/salidas/scanqueue/backend/src/config/database.js:25:18)
    at async Module.getScansToday (file:///C:/Users/ludin/Desktop/salidas/scanqueue/backend/src/models/Scan.js:23:15)
    at async Module.getScanStatistics (file:///C:/Users/ludin/Desktop/salidas/scanqueue/backend/src/services/ScanService.js:76:24)
    at async getDashboardStats (file:///C:/Users/ludin/Desktop/salidas/scanqueue/backend/src/controllers/DashboardController.js:12:19)
Path: /api/dashboard/stats

[2026-03-04T12:40:54.001Z] ERROR: 
Stack: AggregateError [ECONNREFUSED]: 
    at C:\Users\ludin\Desktop\salidas\scanqueue\backend\node_modules\pg-pool\index.js:45:11
    at process.processTicksAndRejections (node:internal/process/task_queues:105:5)
    at async query (file:///C:/Users/ludin/Desktop/salidas/scanqueue/backend/src/config/database.js:25:18)
    at async Module.getScansToday (file:///C:/Users/ludin/Desktop/salidas/scanqueue/backend/src/models/Scan.js:23:15)
    at async getTodaySummary (file:///C:/Users/ludin/Desktop/salidas/scanqueue/backend/src/controllers/DashboardController.js:30:24)
Path: /api/dashboard/today

[2026-03-04T12:40:54.013Z] ERROR: 
Stack: AggregateError [ECONNREFUSED]: 
    at C:\Users\ludin\Desktop\salidas\scanqueue\backend\node_modules\pg-pool\index.js:45:11
    at process.processTicksAndRejections (node:internal/process/task_queues:105:5)
    at async query (file:///C:/Users/ludin/Desktop/salidas/scanqueue/backend/src/config/database.js:25:18)
    at async Module.getScansToday (file:///C:/Users/ludin/Desktop/salidas/scanqueue/backend/src/models/Scan.js:23:15)
    at async Module.getScanStatistics (file:///C:/Users/ludin/Desktop/salidas/scanqueue/backend/src/services/ScanService.js:76:24)
    at async getDashboardStats (file:///C:/Users/ludin/Desktop/salidas/scanqueue/backend/src/controllers/DashboardController.js:12:19)
Path: /api/dashboard/stats

[2026-03-04T12:40:54.022Z] ERROR: 
Stack: AggregateError [ECONNREFUSED]: 
    at C:\Users\ludin\Desktop\salidas\scanqueue\backend\node_modules\pg-pool\index.js:45:11
    at process.processTicksAndRejections (node:internal/process/task_queues:105:5)
    at async query (file:///C:/Users/ludin/Desktop/salidas/scanqueue/backend/src/config/database.js:25:18)
    at async Module.getScansToday (file:///C:/Users/ludin/Desktop/salidas/scanqueue/backend/src/models/Scan.js:23:15)
    at async getTodaySummary (file:///C:/Users/ludin/Desktop/salidas/scanqueue/backend/src/controllers/DashboardController.js:30:24)
Path: /api/dashboard/today

[2026-03-04T12:40:54.063Z] ERROR: 
Stack: AggregateError [ECONNREFUSED]: 
    at C:\Users\ludin\Desktop\salidas\scanqueue\backend\node_modules\pg-pool\index.js:45:11
    at process.processTicksAndRejections (node:internal/process/task_queues:105:5)
    at async query (file:///C:/Users/ludin/Desktop/salidas/scanqueue/backend/src/config/database.js:25:18)
    at async Module.getScansToday (file:///C:/Users/ludin/Desktop/salidas/scanqueue/backend/src/models/Scan.js:23:15)
    at async Module.getScanStatistics (file:///C:/Users/ludin/Desktop/salidas/scanqueue/backend/src/services/ScanService.js:76:24)
    at async getDashboardStats (file:///C:/Users/ludin/Desktop/salidas/scanqueue/backend/src/controllers/DashboardController.js:12:19)
Path: /api/dashboard/stats

[2026-03-04T12:40:54.068Z] ERROR: 
Stack: AggregateError [ECONNREFUSED]: 
    at C:\Users\ludin\Desktop\salidas\scanqueue\backend\node_modules\pg-pool\index.js:45:11
    at process.processTicksAndRejections (node:internal/process/task_queues:105:5)
    at async query (file:///C:/Users/ludin/Desktop/salidas/scanqueue/backend/src/config/database.js:25:18)
    at async Module.getScansToday (file:///C:/Users/ludin/Desktop/salidas/scanqueue/backend/src/models/Scan.js:23:15)
    at async getTodaySummary (file:///C:/Users/ludin/Desktop/salidas/scanqueue/backend/src/controllers/DashboardController.js:30:24)
Path: /api/dashboard/today

[2026-03-04T12:40:54.077Z] ERROR: 
Stack: AggregateError [ECONNREFUSED]: 
    at C:\Users\ludin\Desktop\salidas\scanqueue\backend\node_modules\pg-pool\index.js:45:11
    at process.processTicksAndRejections (node:internal/process/task_queues:105:5)
    at async query (file:///C:/Users/ludin/Desktop/salidas/scanqueue/backend/src/config/database.js:25:18)
    at async Module.getScansToday (file:///C:/Users/ludin/Desktop/salidas/scanqueue/backend/src/models/Scan.js:23:15)
    at async Module.getScanStatistics (file:///C:/Users/ludin/Desktop/salidas/scanqueue/backend/src/services/ScanService.js:76:24)
    at async getDashboardStats (file:///C:/Users/ludin/Desktop/salidas/scanqueue/backend/src/controllers/DashboardController.js:12:19)
Path: /api/dashboard/stats

[2026-03-04T12:40:54.083Z] ERROR: 
Stack: AggregateError [ECONNREFUSED]: 
    at C:\Users\ludin\Desktop\salidas\scanqueue\backend\node_modules\pg-pool\index.js:45:11
    at process.processTicksAndRejections (node:internal/process/task_queues:105:5)
    at async query (file:///C:/Users/ludin/Desktop/salidas/scanqueue/backend/src/config/database.js:25:18)
    at async Module.getScansToday (file:///C:/Users/ludin/Desktop/salidas/scanqueue/backend/src/models/Scan.js:23:15)
    at async getTodaySummary (file:///C:/Users/ludin/Desktop/salidas/scanqueue/backend/src/controllers/DashboardController.js:30:24)
Path: /api/dashboard/today

[2026-03-04T12:40:54.119Z] ERROR: 
Stack: AggregateError [ECONNREFUSED]: 
    at C:\Users\ludin\Desktop\salidas\scanqueue\backend\node_modules\pg-pool\index.js:45:11
    at process.processTicksAndRejections (node:internal/process/task_queues:105:5)
    at async query (file:///C:/Users/ludin/Desktop/salidas/scanqueue/backend/src/config/database.js:25:18)
    at async Module.getScansToday (file:///C:/Users/ludin/Desktop/salidas/scanqueue/backend/src/models/Scan.js:23:15)
    at async Module.getScanStatistics (file:///C:/Users/ludin/Desktop/salidas/scanqueue/backend/src/services/ScanService.js:76:24)
    at async getDashboardStats (file:///C:/Users/ludin/Desktop/salidas/scanqueue/backend/src/controllers/DashboardController.js:12:19)
Path: /api/dashboard/stats

[2026-03-04T12:40:54.123Z] ERROR: 
Stack: AggregateError [ECONNREFUSED]: 
    at C:\Users\ludin\Desktop\salidas\scanqueue\backend\node_modules\pg-pool\index.js:45:11
    at process.processTicksAndRejections (node:internal/process/task_queues:105:5)
    at async query (file:///C:/Users/ludin/Desktop/salidas/scanqueue/backend/src/config/database.js:25:18)
    at async Module.getScansToday (file:///C:/Users/ludin/Desktop/salidas/scanqueue/backend/src/models/Scan.js:23:15)
    at async getTodaySummary (file:///C:/Users/ludin/Desktop/salidas/scanqueue/backend/src/controllers/DashboardController.js:30:24)
Path: /api/dashboard/today

[2026-03-04T12:40:54.146Z] ERROR: 
Stack: AggregateError [ECONNREFUSED]: 
    at C:\Users\ludin\Desktop\salidas\scanqueue\backend\node_modules\pg-pool\index.js:45:11
    at process.processTicksAndRejections (node:internal/process/task_queues:105:5)
    at async query (file:///C:/Users/ludin/Desktop/salidas/scanqueue/backend/src/config/database.js:25:18)
    at async Module.getScansToday (file:///C:/Users/ludin/Desktop/salidas/scanqueue/backend/src/models/Scan.js:23:15)
    at async Module.getScanStatistics (file:///C:/Users/ludin/Desktop/salidas/scanqueue/backend/src/services/ScanService.js:76:24)
    at async getDashboardStats (file:///C:/Users/ludin/Desktop/salidas/scanqueue/backend/src/controllers/DashboardController.js:12:19)
Path: /api/dashboard/stats

[2026-03-04T12:40:54.149Z] ERROR: 
Stack: AggregateError [ECONNREFUSED]: 
    at C:\Users\ludin\Desktop\salidas\scanqueue\backend\node_modules\pg-pool\index.js:45:11
    at process.processTicksAndRejections (node:internal/process/task_queues:105:5)
    at async query (file:///C:/Users/ludin/Desktop/salidas/scanqueue/backend/src/config/database.js:25:18)
    at async Module.getScansToday (file:///C:/Users/ludin/Desktop/salidas/scanqueue/backend/src/models/Scan.js:23:15)
    at async getTodaySummary (file:///C:/Users/ludin/Desktop/salidas/scanqueue/backend/src/controllers/DashboardController.js:30:24)
Path: /api/dashboard/today

[2026-03-04T12:40:54.166Z] ERROR: 
Stack: AggregateError [ECONNREFUSED]: 
    at C:\Users\ludin\Desktop\salidas\scanqueue\backend\node_modules\pg-pool\index.js:45:11
    at process.processTicksAndRejections (node:internal/process/task_queues:105:5)
    at async query (file:///C:/Users/ludin/Desktop/salidas/scanqueue/backend/src/config/database.js:25:18)
    at async Module.getScansToday (file:///C:/Users/ludin/Desktop/salidas/scanqueue/backend/src/models/Scan.js:23:15)
    at async Module.getScanStatistics (file:///C:/Users/ludin/Desktop/salidas/scanqueue/backend/src/services/ScanService.js:76:24)
    at async getDashboardStats (file:///C:/Users/ludin/Desktop/salidas/scanqueue/backend/src/controllers/DashboardController.js:12:19)
Path: /api/dashboard/stats

[2026-03-04T12:40:54.169Z] ERROR: 
Stack: AggregateError [ECONNREFUSED]: 
    at C:\Users\ludin\Desktop\salidas\scanqueue\backend\node_modules\pg-pool\index.js:45:11
    at process.processTicksAndRejections (node:internal/process/task_queues:105:5)
    at async query (file:///C:/Users/ludin/Desktop/salidas/scanqueue/backend/src/config/database.js:25:18)
    at async Module.getScansToday (file:///C:/Users/ludin/Desktop/salidas/scanqueue/backend/src/models/Scan.js:23:15)
    at async getTodaySummary (file:///C:/Users/ludin/Desktop/salidas/scanqueue/backend/src/controllers/DashboardController.js:30:24)
Path: /api/dashboard/today

[2026-03-04T12:40:54.184Z] ERROR: 
Stack: AggregateError [ECONNREFUSED]: 
    at C:\Users\ludin\Desktop\salidas\scanqueue\backend\node_modules\pg-pool\index.js:45:11
    at process.processTicksAndRejections (node:internal/process/task_queues:105:5)
    at async query (file:///C:/Users/ludin/Desktop/salidas/scanqueue/backend/src/config/database.js:25:18)
    at async Module.getScansToday (file:///C:/Users/ludin/Desktop/salidas/scanqueue/backend/src/models/Scan.js:23:15)
    at async Module.getScanStatistics (file:///C:/Users/ludin/Desktop/salidas/scanqueue/backend/src/services/ScanService.js:76:24)
    at async getDashboardStats (file:///C:/Users/ludin/Desktop/salidas/scanqueue/backend/src/controllers/DashboardController.js:12:19)
Path: /api/dashboard/stats

[2026-03-04T12:40:54.187Z] ERROR: 
Stack: AggregateError [ECONNREFUSED]: 
    at C:\Users\ludin\Desktop\salidas\scanqueue\backend\node_modules\pg-pool\index.js:45:11
    at process.processTicksAndRejections (node:internal/process/task_queues:105:5)
    at async query (file:///C:/Users/ludin/Desktop/salidas/scanqueue/backend/src/config/database.js:25:18)
    at async Module.getScansToday (file:///C:/Users/ludin/Desktop/salidas/scanqueue/backend/src/models/Scan.js:23:15)
    at async getTodaySummary (file:///C:/Users/ludin/Desktop/salidas/scanqueue/backend/src/controllers/DashboardController.js:30:24)
Path: /api/dashboard/today

[2026-03-04T12:40:54.206Z] ERROR: 
Stack: AggregateError [ECONNREFUSED]: 
    at C:\Users\ludin\Desktop\salidas\scanqueue\backend\node_modules\pg-pool\index.js:45:11
    at process.processTicksAndRejections (node:internal/process/task_queues:105:5)
    at async query (file:///C:/Users/ludin/Desktop/salidas/scanqueue/backend/src/config/database.js:25:18)
    at async Module.getScansToday (file:///C:/Users/ludin/Desktop/salidas/scanqueue/backend/src/models/Scan.js:23:15)
    at async Module.getScanStatistics (file:///C:/Users/ludin/Desktop/salidas/scanqueue/backend/src/services/ScanService.js:76:24)
    at async getDashboardStats (file:///C:/Users/ludin/Desktop/salidas/scanqueue/backend/src/controllers/DashboardController.js:12:19)
Path: /api/dashboard/stats

[2026-03-04T12:40:54.210Z] ERROR: 
Stack: AggregateError [ECONNREFUSED]: 
    at C:\Users\ludin\Desktop\salidas\scanqueue\backend\node_modules\pg-pool\index.js:45:11
    at process.processTicksAndRejections (node:internal/process/task_queues:105:5)
    at async query (file:///C:/Users/ludin/Desktop/salidas/scanqueue/backend/src/config/database.js:25:18)
    at async Module.getScansToday (file:///C:/Users/ludin/Desktop/salidas/scanqueue/backend/src/models/Scan.js:23:15)
    at async getTodaySummary (file:///C:/Users/ludin/Desktop/salidas/scanqueue/backend/src/controllers/DashboardController.js:30:24)
Path: /api/dashboard/today

[2026-03-04T12:40:54.218Z] ERROR: 
Stack: AggregateError [ECONNREFUSED]: 
    at C:\Users\ludin\Desktop\salidas\scanqueue\backend\node_modules\pg-pool\index.js:45:11
    at process.processTicksAndRejections (node:internal/process/task_queues:105:5)
    at async query (file:///C:/Users/ludin/Desktop/salidas/scanqueue/backend/src/config/database.js:25:18)
    at async Module.getScansToday (file:///C:/Users/ludin/Desktop/salidas/scanqueue/backend/src/models/Scan.js:23:15)
    at async Module.getScanStatistics (file:///C:/Users/ludin/Desktop/salidas/scanqueue/backend/src/services/ScanService.js:76:24)
    at async getDashboardStats (file:///C:/Users/ludin/Desktop/salidas/scanqueue/backend/src/controllers/DashboardController.js:12:19)
Path: /api/dashboard/stats

[2026-03-04T12:40:54.222Z] ERROR: 
Stack: AggregateError [ECONNREFUSED]: 
    at C:\Users\ludin\Desktop\salidas\scanqueue\backend\node_modules\pg-pool\index.js:45:11
    at process.processTicksAndRejections (node:internal/process/task_queues:105:5)
    at async query (file:///C:/Users/ludin/Desktop/salidas/scanqueue/backend/src/config/database.js:25:18)
    at async Module.getScansToday (file:///C:/Users/ludin/Desktop/salidas/scanqueue/backend/src/models/Scan.js:23:15)
    at async getTodaySummary (file:///C:/Users/ludin/Desktop/salidas/scanqueue/backend/src/controllers/DashboardController.js:30:24)
Path: /api/dashboard/today

[2026-03-04T12:40:54.237Z] ERROR: 
Stack: AggregateError [ECONNREFUSED]: 
    at C:\Users\ludin\Desktop\salidas\scanqueue\backend\node_modules\pg-pool\index.js:45:11
    at process.processTicksAndRejections (node:internal/process/task_queues:105:5)
    at async query (file:///C:/Users/ludin/Desktop/salidas/scanqueue/backend/src/config/database.js:25:18)
    at async Module.getScansToday (file:///C:/Users/ludin/Desktop/salidas/scanqueue/backend/src/models/Scan.js:23:15)
    at async Module.getScanStatistics (file:///C:/Users/ludin/Desktop/salidas/scanqueue/backend/src/services/ScanService.js:76:24)
    at async getDashboardStats (file:///C:/Users/ludin/Desktop/salidas/scanqueue/backend/src/controllers/DashboardController.js:12:19)
Path: /api/dashboard/stats

[2026-03-04T12:40:54.241Z] ERROR: 
Stack: AggregateError [ECONNREFUSED]: 
    at C:\Users\ludin\Desktop\salidas\scanqueue\backend\node_modules\pg-pool\index.js:45:11
    at process.processTicksAndRejections (node:internal/process/task_queues:105:5)
    at async query (file:///C:/Users/ludin/Desktop/salidas/scanqueue/backend/src/config/database.js:25:18)
    at async Module.getScansToday (file:///C:/Users/ludin/Desktop/salidas/scanqueue/backend/src/models/Scan.js:23:15)
    at async getTodaySummary (file:///C:/Users/ludin/Desktop/salidas/scanqueue/backend/src/controllers/DashboardController.js:30:24)
Path: /api/dashboard/today

[2026-03-04T12:40:54.252Z] ERROR: 
Stack: AggregateError [ECONNREFUSED]: 
    at C:\Users\ludin\Desktop\salidas\scanqueue\backend\node_modules\pg-pool\index.js:45:11
    at process.processTicksAndRejections (node:internal/process/task_queues:105:5)
    at async query (file:///C:/Users/ludin/Desktop/salidas/scanqueue/backend/src/config/database.js:25:18)
    at async Module.getScansToday (file:///C:/Users/ludin/Desktop/salidas/scanqueue/backend/src/models/Scan.js:23:15)
    at async Module.getScanStatistics (file:///C:/Users/ludin/Desktop/salidas/scanqueue/backend/src/services/ScanService.js:76:24)
    at async getDashboardStats (file:///C:/Users/ludin/Desktop/salidas/scanqueue/backend/src/controllers/DashboardController.js:12:19)
Path: /api/dashboard/stats

[2026-03-04T12:40:54.256Z] ERROR: 
Stack: AggregateError [ECONNREFUSED]: 
    at C:\Users\ludin\Desktop\salidas\scanqueue\backend\node_modules\pg-pool\index.js:45:11
    at process.processTicksAndRejections (node:internal/process/task_queues:105:5)
    at async query (file:///C:/Users/ludin/Desktop/salidas/scanqueue/backend/src/config/database.js:25:18)
    at async Module.getScansToday (file:///C:/Users/ludin/Desktop/salidas/scanqueue/backend/src/models/Scan.js:23:15)
    at async getTodaySummary (file:///C:/Users/ludin/Desktop/salidas/scanqueue/backend/src/controllers/DashboardController.js:30:24)
Path: /api/dashboard/today

[2026-03-04T12:40:54.275Z] ERROR: 
Stack: AggregateError [ECONNREFUSED]: 
    at C:\Users\ludin\Desktop\salidas\scanqueue\backend\node_modules\pg-pool\index.js:45:11
    at process.processTicksAndRejections (node:internal/process/task_queues:105:5)
    at async query (file:///C:/Users/ludin/Desktop/salidas/scanqueue/backend/src/config/database.js:25:18)
    at async Module.getScansToday (file:///C:/Users/ludin/Desktop/salidas/scanqueue/backend/src/models/Scan.js:23:15)
    at async Module.getScanStatistics (file:///C:/Users/ludin/Desktop/salidas/scanqueue/backend/src/services/ScanService.js:76:24)
    at async getDashboardStats (file:///C:/Users/ludin/Desktop/salidas/scanqueue/backend/src/controllers/DashboardController.js:12:19)
Path: /api/dashboard/stats

[2026-03-04T12:40:54.280Z] ERROR: 
Stack: AggregateError [ECONNREFUSED]: 
    at C:\Users\ludin\Desktop\salidas\scanqueue\backend\node_modules\pg-pool\index.js:45:11
    at process.processTicksAndRejections (node:internal/process/task_queues:105:5)
    at async query (file:///C:/Users/ludin/Desktop/salidas/scanqueue/backend/src/config/database.js:25:18)
    at async Module.getScansToday (file:///C:/Users/ludin/Desktop/salidas/scanqueue/backend/src/models/Scan.js:23:15)
    at async getTodaySummary (file:///C:/Users/ludin/Desktop/salidas/scanqueue/backend/src/controllers/DashboardController.js:30:24)
Path: /api/dashboard/today

[2026-03-04T12:40:54.299Z] ERROR: 
Stack: AggregateError [ECONNREFUSED]: 
    at C:\Users\ludin\Desktop\salidas\scanqueue\backend\node_modules\pg-pool\index.js:45:11
    at process.processTicksAndRejections (node:internal/process/task_queues:105:5)
    at async query (file:///C:/Users/ludin/Desktop/salidas/scanqueue/backend/src/config/database.js:25:18)
    at async Module.getScansToday (file:///C:/Users/ludin/Desktop/salidas/scanqueue/backend/src/models/Scan.js:23:15)
    at async Module.getScanStatistics (file:///C:/Users/ludin/Desktop/salidas/scanqueue/backend/src/services/ScanService.js:76:24)
    at async getDashboardStats (file:///C:/Users/ludin/Desktop/salidas/scanqueue/backend/src/controllers/DashboardController.js:12:19)
Path: /api/dashboard/stats

[2026-03-04T12:40:54.302Z] ERROR: 
Stack: AggregateError [ECONNREFUSED]: 
    at C:\Users\ludin\Desktop\salidas\scanqueue\backend\node_modules\pg-pool\index.js:45:11
    at process.processTicksAndRejections (node:internal/process/task_queues:105:5)
    at async query (file:///C:/Users/ludin/Desktop/salidas/scanqueue/backend/src/config/database.js:25:18)
    at async Module.getScansToday (file:///C:/Users/ludin/Desktop/salidas/scanqueue/backend/src/models/Scan.js:23:15)
    at async getTodaySummary (file:///C:/Users/ludin/Desktop/salidas/scanqueue/backend/src/controllers/DashboardController.js:30:24)
Path: /api/dashboard/today

[2026-03-04T12:40:54.413Z] ERROR: 
Stack: AggregateError [ECONNREFUSED]: 
    at C:\Users\ludin\Desktop\salidas\scanqueue\backend\node_modules\pg-pool\index.js:45:11
    at process.processTicksAndRejections (node:internal/process/task_queues:105:5)
    at async query (file:///C:/Users/ludin/Desktop/salidas/scanqueue/backend/src/config/database.js:25:18)
    at async Module.getScansToday (file:///C:/Users/ludin/Desktop/salidas/scanqueue/backend/src/models/Scan.js:23:15)
    at async Module.getScanStatistics (file:///C:/Users/ludin/Desktop/salidas/scanqueue/backend/src/services/ScanService.js:76:24)
    at async getDashboardStats (file:///C:/Users/ludin/Desktop/salidas/scanqueue/backend/src/controllers/DashboardController.js:12:19)
Path: /api/dashboard/stats

[2026-03-04T12:40:54.420Z] ERROR: 
Stack: AggregateError [ECONNREFUSED]: 
    at C:\Users\ludin\Desktop\salidas\scanqueue\backend\node_modules\pg-pool\index.js:45:11
    at process.processTicksAndRejections (node:internal/process/task_queues:105:5)
    at async query (file:///C:/Users/ludin/Desktop/salidas/scanqueue/backend/src/config/database.js:25:18)
    at async Module.getScansToday (file:///C:/Users/ludin/Desktop/salidas/scanqueue/backend/src/models/Scan.js:23:15)
    at async getTodaySummary (file:///C:/Users/ludin/Desktop/salidas/scanqueue/backend/src/controllers/DashboardController.js:30:24)
Path: /api/dashboard/today

[2026-03-04T12:40:54.446Z] ERROR: 
Stack: AggregateError [ECONNREFUSED]: 
    at C:\Users\ludin\Desktop\salidas\scanqueue\backend\node_modules\pg-pool\index.js:45:11
    at process.processTicksAndRejections (node:internal/process/task_queues:105:5)
    at async query (file:///C:/Users/ludin/Desktop/salidas/scanqueue/backend/src/config/database.js:25:18)
    at async Module.getScansToday (file:///C:/Users/ludin/Desktop/salidas/scanqueue/backend/src/models/Scan.js:23:15)
    at async Module.getScanStatistics (file:///C:/Users/ludin/Desktop/salidas/scanqueue/backend/src/services/ScanService.js:76:24)
    at async getDashboardStats (file:///C:/Users/ludin/Desktop/salidas/scanqueue/backend/src/controllers/DashboardController.js:12:19)
Path: /api/dashboard/stats

[2026-03-04T12:40:54.450Z] ERROR: 
Stack: AggregateError [ECONNREFUSED]: 
    at C:\Users\ludin\Desktop\salidas\scanqueue\backend\node_modules\pg-pool\index.js:45:11
    at process.processTicksAndRejections (node:internal/process/task_queues:105:5)
    at async query (file:///C:/Users/ludin/Desktop/salidas/scanqueue/backend/src/config/database.js:25:18)
    at async Module.getScansToday (file:///C:/Users/ludin/Desktop/salidas/scanqueue/backend/src/models/Scan.js:23:15)
    at async getTodaySummary (file:///C:/Users/ludin/Desktop/salidas/scanqueue/backend/src/controllers/DashboardController.js:30:24)
Path: /api/dashboard/today

[2026-03-04T12:40:54.476Z] ERROR: 
Stack: AggregateError [ECONNREFUSED]: 
    at C:\Users\ludin\Desktop\salidas\scanqueue\backend\node_modules\pg-pool\index.js:45:11
    at process.processTicksAndRejections (node:internal/process/task_queues:105:5)
    at async query (file:///C:/Users/ludin/Desktop/salidas/scanqueue/backend/src/config/database.js:25:18)
    at async Module.getScansToday (file:///C:/Users/ludin/Desktop/salidas/scanqueue/backend/src/models/Scan.js:23:15)
    at async Module.getScanStatistics (file:///C:/Users/ludin/Desktop/salidas/scanqueue/backend/src/services/ScanService.js:76:24)
    at async getDashboardStats (file:///C:/Users/ludin/Desktop/salidas/scanqueue/backend/src/controllers/DashboardController.js:12:19)
Path: /api/dashboard/stats

[2026-03-04T12:40:54.486Z] ERROR: 
Stack: AggregateError [ECONNREFUSED]: 
    at C:\Users\ludin\Desktop\salidas\scanqueue\backend\node_modules\pg-pool\index.js:45:11
    at process.processTicksAndRejections (node:internal/process/task_queues:105:5)
    at async query (file:///C:/Users/ludin/Desktop/salidas/scanqueue/backend/src/config/database.js:25:18)
    at async Module.getScansToday (file:///C:/Users/ludin/Desktop/salidas/scanqueue/backend/src/models/Scan.js:23:15)
    at async getTodaySummary (file:///C:/Users/ludin/Desktop/salidas/scanqueue/backend/src/controllers/DashboardController.js:30:24)
Path: /api/dashboard/today

[2026-03-04T12:40:54.501Z] ERROR: 
Stack: AggregateError [ECONNREFUSED]: 
    at C:\Users\ludin\Desktop\salidas\scanqueue\backend\node_modules\pg-pool\index.js:45:11
    at process.processTicksAndRejections (node:internal/process/task_queues:105:5)
    at async query (file:///C:/Users/ludin/Desktop/salidas/scanqueue/backend/src/config/database.js:25:18)
    at async Module.getScansToday (file:///C:/Users/ludin/Desktop/salidas/scanqueue/backend/src/models/Scan.js:23:15)
    at async Module.getScanStatistics (file:///C:/Users/ludin/Desktop/salidas/scanqueue/backend/src/services/ScanService.js:76:24)
    at async getDashboardStats (file:///C:/Users/ludin/Desktop/salidas/scanqueue/backend/src/controllers/DashboardController.js:12:19)
Path: /api/dashboard/stats

[2026-03-04T12:40:54.506Z] ERROR: 
Stack: AggregateError [ECONNREFUSED]: 
    at C:\Users\ludin\Desktop\salidas\scanqueue\backend\node_modules\pg-pool\index.js:45:11
    at process.processTicksAndRejections (node:internal/process/task_queues:105:5)
    at async query (file:///C:/Users/ludin/Desktop/salidas/scanqueue/backend/src/config/database.js:25:18)
    at async Module.getScansToday (file:///C:/Users/ludin/Desktop/salidas/scanqueue/backend/src/models/Scan.js:23:15)
    at async getTodaySummary (file:///C:/Users/ludin/Desktop/salidas/scanqueue/backend/src/controllers/DashboardController.js:30:24)
Path: /api/dashboard/today

[2026-03-04T12:40:54.527Z] ERROR: 
Stack: AggregateError [ECONNREFUSED]: 
    at C:\Users\ludin\Desktop\salidas\scanqueue\backend\node_modules\pg-pool\index.js:45:11
    at process.processTicksAndRejections (node:internal/process/task_queues:105:5)
    at async query (file:///C:/Users/ludin/Desktop/salidas/scanqueue/backend/src/config/database.js:25:18)
    at async Module.getScansToday (file:///C:/Users/ludin/Desktop/salidas/scanqueue/backend/src/models/Scan.js:23:15)
    at async Module.getScanStatistics (file:///C:/Users/ludin/Desktop/salidas/scanqueue/backend/src/services/ScanService.js:76:24)
    at async getDashboardStats (file:///C:/Users/ludin/Desktop/salidas/scanqueue/backend/src/controllers/DashboardController.js:12:19)
Path: /api/dashboard/stats

[2026-03-04T12:40:54.540Z] ERROR: 
Stack: AggregateError [ECONNREFUSED]: 
    at C:\Users\ludin\Desktop\salidas\scanqueue\backend\node_modules\pg-pool\index.js:45:11
    at process.processTicksAndRejections (node:internal/process/task_queues:105:5)
    at async query (file:///C:/Users/ludin/Desktop/salidas/scanqueue/backend/src/config/database.js:25:18)
    at async Module.getScansToday (file:///C:/Users/ludin/Desktop/salidas/scanqueue/backend/src/models/Scan.js:23:15)
    at async getTodaySummary (file:///C:/Users/ludin/Desktop/salidas/scanqueue/backend/src/controllers/DashboardController.js:30:24)
Path: /api/dashboard/today

[2026-03-04T12:40:54.558Z] ERROR: 
Stack: AggregateError [ECONNREFUSED]: 
    at C:\Users\ludin\Desktop\salidas\scanqueue\backend\node_modules\pg-pool\index.js:45:11
    at process.processTicksAndRejections (node:internal/process/task_queues:105:5)
    at async query (file:///C:/Users/ludin/Desktop/salidas/scanqueue/backend/src/config/database.js:25:18)
    at async Module.getScansToday (file:///C:/Users/ludin/Desktop/salidas/scanqueue/backend/src/models/Scan.js:23:15)
    at async Module.getScanStatistics (file:///C:/Users/ludin/Desktop/salidas/scanqueue/backend/src/services/ScanService.js:76:24)
    at async getDashboardStats (file:///C:/Users/ludin/Desktop/salidas/scanqueue/backend/src/controllers/DashboardController.js:12:19)
Path: /api/dashboard/stats

[2026-03-04T12:40:54.562Z] ERROR: 
Stack: AggregateError [ECONNREFUSED]: 
    at C:\Users\ludin\Desktop\salidas\scanqueue\backend\node_modules\pg-pool\index.js:45:11
    at process.processTicksAndRejections (node:internal/process/task_queues:105:5)
    at async query (file:///C:/Users/ludin/Desktop/salidas/scanqueue/backend/src/config/database.js:25:18)
    at async Module.getScansToday (file:///C:/Users/ludin/Desktop/salidas/scanqueue/backend/src/models/Scan.js:23:15)
    at async getTodaySummary (file:///C:/Users/ludin/Desktop/salidas/scanqueue/backend/src/controllers/DashboardController.js:30:24)
Path: /api/dashboard/today

[2026-03-04T12:40:54.600Z] ERROR: 
Stack: AggregateError [ECONNREFUSED]: 
    at C:\Users\ludin\Desktop\salidas\scanqueue\backend\node_modules\pg-pool\index.js:45:11
    at process.processTicksAndRejections (node:internal/process/task_queues:105:5)
    at async query (file:///C:/Users/ludin/Desktop/salidas/scanqueue/backend/src/config/database.js:25:18)
    at async Module.getScansToday (file:///C:/Users/ludin/Desktop/salidas/scanqueue/backend/src/models/Scan.js:23:15)
    at async Module.getScanStatistics (file:///C:/Users/ludin/Desktop/salidas/scanqueue/backend/src/services/ScanService.js:76:24)
    at async getDashboardStats (file:///C:/Users/ludin/Desktop/salidas/scanqueue/backend/src/controllers/DashboardController.js:12:19)
Path: /api/dashboard/stats

[2026-03-04T12:40:54.605Z] ERROR: 
Stack: AggregateError [ECONNREFUSED]: 
    at C:\Users\ludin\Desktop\salidas\scanqueue\backend\node_modules\pg-pool\index.js:45:11
    at process.processTicksAndRejections (node:internal/process/task_queues:105:5)
    at async query (file:///C:/Users/ludin/Desktop/salidas/scanqueue/backend/src/config/database.js:25:18)
    at async Module.getScansToday (file:///C:/Users/ludin/Desktop/salidas/scanqueue/backend/src/models/Scan.js:23:15)
    at async getTodaySummary (file:///C:/Users/ludin/Desktop/salidas/scanqueue/backend/src/controllers/DashboardController.js:30:24)
Path: /api/dashboard/today

[2026-03-04T12:40:54.662Z] ERROR: 
Stack: AggregateError [ECONNREFUSED]: 
    at C:\Users\ludin\Desktop\salidas\scanqueue\backend\node_modules\pg-pool\index.js:45:11
    at process.processTicksAndRejections (node:internal/process/task_queues:105:5)
    at async query (file:///C:/Users/ludin/Desktop/salidas/scanqueue/backend/src/config/database.js:25:18)
    at async Module.getScansToday (file:///C:/Users/ludin/Desktop/salidas/scanqueue/backend/src/models/Scan.js:23:15)
    at async Module.getScanStatistics (file:///C:/Users/ludin/Desktop/salidas/scanqueue/backend/src/services/ScanService.js:76:24)
    at async getDashboardStats (file:///C:/Users/ludin/Desktop/salidas/scanqueue/backend/src/controllers/DashboardController.js:12:19)
Path: /api/dashboard/stats

[2026-03-04T12:40:54.675Z] ERROR: 
Stack: AggregateError [ECONNREFUSED]: 
    at C:\Users\ludin\Desktop\salidas\scanqueue\backend\node_modules\pg-pool\index.js:45:11
    at process.processTicksAndRejections (node:internal/process/task_queues:105:5)
    at async query (file:///C:/Users/ludin/Desktop/salidas/scanqueue/backend/src/config/database.js:25:18)
    at async Module.getScansToday (file:///C:/Users/ludin/Desktop/salidas/scanqueue/backend/src/models/Scan.js:23:15)
    at async getTodaySummary (file:///C:/Users/ludin/Desktop/salidas/scanqueue/backend/src/controllers/DashboardController.js:30:24)
Path: /api/dashboard/today

[2026-03-04T12:40:54.689Z] ERROR: 
Stack: AggregateError [ECONNREFUSED]: 
    at C:\Users\ludin\Desktop\salidas\scanqueue\backend\node_modules\pg-pool\index.js:45:11
    at process.processTicksAndRejections (node:internal/process/task_queues:105:5)
    at async query (file:///C:/Users/ludin/Desktop/salidas/scanqueue/backend/src/config/database.js:25:18)
    at async Module.getScansToday (file:///C:/Users/ludin/Desktop/salidas/scanqueue/backend/src/models/Scan.js:23:15)
    at async Module.getScanStatistics (file:///C:/Users/ludin/Desktop/salidas/scanqueue/backend/src/services/ScanService.js:76:24)
    at async getDashboardStats (file:///C:/Users/ludin/Desktop/salidas/scanqueue/backend/src/controllers/DashboardController.js:12:19)
Path: /api/dashboard/stats

[2026-03-04T12:40:54.693Z] ERROR: 
Stack: AggregateError [ECONNREFUSED]: 
    at C:\Users\ludin\Desktop\salidas\scanqueue\backend\node_modules\pg-pool\index.js:45:11
    at process.processTicksAndRejections (node:internal/process/task_queues:105:5)
    at async query (file:///C:/Users/ludin/Desktop/salidas/scanqueue/backend/src/config/database.js:25:18)
    at async Module.getScansToday (file:///C:/Users/ludin/Desktop/salidas/scanqueue/backend/src/models/Scan.js:23:15)
    at async getTodaySummary (file:///C:/Users/ludin/Desktop/salidas/scanqueue/backend/src/controllers/DashboardController.js:30:24)
Path: /api/dashboard/today

[2026-03-04T12:40:54.749Z] ERROR: 
Stack: AggregateError [ECONNREFUSED]: 
    at C:\Users\ludin\Desktop\salidas\scanqueue\backend\node_modules\pg-pool\index.js:45:11
    at process.processTicksAndRejections (node:internal/process/task_queues:105:5)
    at async query (file:///C:/Users/ludin/Desktop/salidas/scanqueue/backend/src/config/database.js:25:18)
    at async Module.getScansToday (file:///C:/Users/ludin/Desktop/salidas/scanqueue/backend/src/models/Scan.js:23:15)
    at async Module.getScanStatistics (file:///C:/Users/ludin/Desktop/salidas/scanqueue/backend/src/services/ScanService.js:76:24)
    at async getDashboardStats (file:///C:/Users/ludin/Desktop/salidas/scanqueue/backend/src/controllers/DashboardController.js:12:19)
Path: /api/dashboard/stats

[2026-03-04T12:40:54.754Z] ERROR: 
Stack: AggregateError [ECONNREFUSED]: 
    at C:\Users\ludin\Desktop\salidas\scanqueue\backend\node_modules\pg-pool\index.js:45:11
    at process.processTicksAndRejections (node:internal/process/task_queues:105:5)
    at async query (file:///C:/Users/ludin/Desktop/salidas/scanqueue/backend/src/config/database.js:25:18)
    at async Module.getScansToday (file:///C:/Users/ludin/Desktop/salidas/scanqueue/backend/src/models/Scan.js:23:15)
    at async getTodaySummary (file:///C:/Users/ludin/Desktop/salidas/scanqueue/backend/src/controllers/DashboardController.js:30:24)
Path: /api/dashboard/today

[2026-03-04T12:40:54.788Z] ERROR: 
Stack: AggregateError [ECONNREFUSED]: 
    at C:\Users\ludin\Desktop\salidas\scanqueue\backend\node_modules\pg-pool\index.js:45:11
    at process.processTicksAndRejections (node:internal/process/task_queues:105:5)
    at async query (file:///C:/Users/ludin/Desktop/salidas/scanqueue/backend/src/config/database.js:25:18)
    at async Module.getScansToday (file:///C:/Users/ludin/Desktop/salidas/scanqueue/backend/src/models/Scan.js:23:15)
    at async Module.getScanStatistics (file:///C:/Users/ludin/Desktop/salidas/scanqueue/backend/src/services/ScanService.js:76:24)
    at async getDashboardStats (file:///C:/Users/ludin/Desktop/salidas/scanqueue/backend/src/controllers/DashboardController.js:12:19)
Path: /api/dashboard/stats

[2026-03-04T12:40:54.793Z] ERROR: 
Stack: AggregateError [ECONNREFUSED]: 
    at C:\Users\ludin\Desktop\salidas\scanqueue\backend\node_modules\pg-pool\index.js:45:11
    at process.processTicksAndRejections (node:internal/process/task_queues:105:5)
    at async query (file:///C:/Users/ludin/Desktop/salidas/scanqueue/backend/src/config/database.js:25:18)
    at async Module.getScansToday (file:///C:/Users/ludin/Desktop/salidas/scanqueue/backend/src/models/Scan.js:23:15)
    at async getTodaySummary (file:///C:/Users/ludin/Desktop/salidas/scanqueue/backend/src/controllers/DashboardController.js:30:24)
Path: /api/dashboard/today

[2026-03-04T12:40:54.809Z] ERROR: 
Stack: AggregateError [ECONNREFUSED]: 
    at C:\Users\ludin\Desktop\salidas\scanqueue\backend\node_modules\pg-pool\index.js:45:11
    at process.processTicksAndRejections (node:internal/process/task_queues:105:5)
    at async query (file:///C:/Users/ludin/Desktop/salidas/scanqueue/backend/src/config/database.js:25:18)
    at async Module.getScansToday (file:///C:/Users/ludin/Desktop/salidas/scanqueue/backend/src/models/Scan.js:23:15)
    at async Module.getScanStatistics (file:///C:/Users/ludin/Desktop/salidas/scanqueue/backend/src/services/ScanService.js:76:24)
    at async getDashboardStats (file:///C:/Users/ludin/Desktop/salidas/scanqueue/backend/src/controllers/DashboardController.js:12:19)
Path: /api/dashboard/stats

[2026-03-04T12:40:54.814Z] ERROR: 
Stack: AggregateError [ECONNREFUSED]: 
    at C:\Users\ludin\Desktop\salidas\scanqueue\backend\node_modules\pg-pool\index.js:45:11
    at process.processTicksAndRejections (node:internal/process/task_queues:105:5)
    at async query (file:///C:/Users/ludin/Desktop/salidas/scanqueue/backend/src/config/database.js:25:18)
    at async Module.getScansToday (file:///C:/Users/ludin/Desktop/salidas/scanqueue/backend/src/models/Scan.js:23:15)
    at async getTodaySummary (file:///C:/Users/ludin/Desktop/salidas/scanqueue/backend/src/controllers/DashboardController.js:30:24)
Path: /api/dashboard/today

[2026-03-04T12:40:54.834Z] ERROR: 
Stack: AggregateError [ECONNREFUSED]: 
    at C:\Users\ludin\Desktop\salidas\scanqueue\backend\node_modules\pg-pool\index.js:45:11
    at process.processTicksAndRejections (node:internal/process/task_queues:105:5)
    at async query (file:///C:/Users/ludin/Desktop/salidas/scanqueue/backend/src/config/database.js:25:18)
    at async Module.getScansToday (file:///C:/Users/ludin/Desktop/salidas/scanqueue/backend/src/models/Scan.js:23:15)
    at async Module.getScanStatistics (file:///C:/Users/ludin/Desktop/salidas/scanqueue/backend/src/services/ScanService.js:76:24)
    at async getDashboardStats (file:///C:/Users/ludin/Desktop/salidas/scanqueue/backend/src/controllers/DashboardController.js:12:19)
Path: /api/dashboard/stats

[2026-03-04T12:40:54.837Z] ERROR: 
Stack: AggregateError [ECONNREFUSED]: 
    at C:\Users\ludin\Desktop\salidas\scanqueue\backend\node_modules\pg-pool\index.js:45:11
    at process.processTicksAndRejections (node:internal/process/task_queues:105:5)
    at async query (file:///C:/Users/ludin/Desktop/salidas/scanqueue/backend/src/config/database.js:25:18)
    at async Module.getScansToday (file:///C:/Users/ludin/Desktop/salidas/scanqueue/backend/src/models/Scan.js:23:15)
    at async getTodaySummary (file:///C:/Users/ludin/Desktop/salidas/scanqueue/backend/src/controllers/DashboardController.js:30:24)
Path: /api/dashboard/today

[2026-03-04T12:40:54.852Z] ERROR: 
Stack: AggregateError [ECONNREFUSED]: 
    at C:\Users\ludin\Desktop\salidas\scanqueue\backend\node_modules\pg-pool\index.js:45:11
    at process.processTicksAndRejections (node:internal/process/task_queues:105:5)
    at async query (file:///C:/Users/ludin/Desktop/salidas/scanqueue/backend/src/config/database.js:25:18)
    at async Module.getScansToday (file:///C:/Users/ludin/Desktop/salidas/scanqueue/backend/src/models/Scan.js:23:15)
    at async Module.getScanStatistics (file:///C:/Users/ludin/Desktop/salidas/scanqueue/backend/src/services/ScanService.js:76:24)
    at async getDashboardStats (file:///C:/Users/ludin/Desktop/salidas/scanqueue/backend/src/controllers/DashboardController.js:12:19)
Path: /api/dashboard/stats

[2026-03-04T12:40:54.856Z] ERROR: 
Stack: AggregateError [ECONNREFUSED]: 
    at C:\Users\ludin\Desktop\salidas\scanqueue\backend\node_modules\pg-pool\index.js:45:11
    at process.processTicksAndRejections (node:internal/process/task_queues:105:5)
    at async query (file:///C:/Users/ludin/Desktop/salidas/scanqueue/backend/src/config/database.js:25:18)
    at async Module.getScansToday (file:///C:/Users/ludin/Desktop/salidas/scanqueue/backend/src/models/Scan.js:23:15)
    at async getTodaySummary (file:///C:/Users/ludin/Desktop/salidas/scanqueue/backend/src/controllers/DashboardController.js:30:24)
Path: /api/dashboard/today

[2026-03-04T12:40:54.881Z] ERROR: 
Stack: AggregateError [ECONNREFUSED]: 
    at C:\Users\ludin\Desktop\salidas\scanqueue\backend\node_modules\pg-pool\index.js:45:11
    at process.processTicksAndRejections (node:internal/process/task_queues:105:5)
    at async query (file:///C:/Users/ludin/Desktop/salidas/scanqueue/backend/src/config/database.js:25:18)
    at async Module.getScansToday (file:///C:/Users/ludin/Desktop/salidas/scanqueue/backend/src/models/Scan.js:23:15)
    at async Module.getScanStatistics (file:///C:/Users/ludin/Desktop/salidas/scanqueue/backend/src/services/ScanService.js:76:24)
    at async getDashboardStats (file:///C:/Users/ludin/Desktop/salidas/scanqueue/backend/src/controllers/DashboardController.js:12:19)
Path: /api/dashboard/stats

[2026-03-04T12:40:54.885Z] ERROR: 
Stack: AggregateError [ECONNREFUSED]: 
    at C:\Users\ludin\Desktop\salidas\scanqueue\backend\node_modules\pg-pool\index.js:45:11
    at process.processTicksAndRejections (node:internal/process/task_queues:105:5)
    at async query (file:///C:/Users/ludin/Desktop/salidas/scanqueue/backend/src/config/database.js:25:18)
    at async Module.getScansToday (file:///C:/Users/ludin/Desktop/salidas/scanqueue/backend/src/models/Scan.js:23:15)
    at async getTodaySummary (file:///C:/Users/ludin/Desktop/salidas/scanqueue/backend/src/controllers/DashboardController.js:30:24)
Path: /api/dashboard/today

[2026-03-04T12:40:54.905Z] ERROR: 
Stack: AggregateError [ECONNREFUSED]: 
    at C:\Users\ludin\Desktop\salidas\scanqueue\backend\node_modules\pg-pool\index.js:45:11
    at process.processTicksAndRejections (node:internal/process/task_queues:105:5)
    at async query (file:///C:/Users/ludin/Desktop/salidas/scanqueue/backend/src/config/database.js:25:18)
    at async Module.getScansToday (file:///C:/Users/ludin/Desktop/salidas/scanqueue/backend/src/models/Scan.js:23:15)
    at async Module.getScanStatistics (file:///C:/Users/ludin/Desktop/salidas/scanqueue/backend/src/services/ScanService.js:76:24)
    at async getDashboardStats (file:///C:/Users/ludin/Desktop/salidas/scanqueue/backend/src/controllers/DashboardController.js:12:19)
Path: /api/dashboard/stats

[2026-03-04T12:40:54.909Z] ERROR: 
Stack: AggregateError [ECONNREFUSED]: 
    at C:\Users\ludin\Desktop\salidas\scanqueue\backend\node_modules\pg-pool\index.js:45:11
    at process.processTicksAndRejections (node:internal/process/task_queues:105:5)
    at async query (file:///C:/Users/ludin/Desktop/salidas/scanqueue/backend/src/config/database.js:25:18)
    at async Module.getScansToday (file:///C:/Users/ludin/Desktop/salidas/scanqueue/backend/src/models/Scan.js:23:15)
    at async getTodaySummary (file:///C:/Users/ludin/Desktop/salidas/scanqueue/backend/src/controllers/DashboardController.js:30:24)
Path: /api/dashboard/today

[2026-03-04T12:40:54.928Z] ERROR: 
Stack: AggregateError [ECONNREFUSED]: 
    at C:\Users\ludin\Desktop\salidas\scanqueue\backend\node_modules\pg-pool\index.js:45:11
    at process.processTicksAndRejections (node:internal/process/task_queues:105:5)
    at async query (file:///C:/Users/ludin/Desktop/salidas/scanqueue/backend/src/config/database.js:25:18)
    at async Module.getScansToday (file:///C:/Users/ludin/Desktop/salidas/scanqueue/backend/src/models/Scan.js:23:15)
    at async Module.getScanStatistics (file:///C:/Users/ludin/Desktop/salidas/scanqueue/backend/src/services/ScanService.js:76:24)
    at async getDashboardStats (file:///C:/Users/ludin/Desktop/salidas/scanqueue/backend/src/controllers/DashboardController.js:12:19)
Path: /api/dashboard/stats

[2026-03-04T12:40:54.931Z] ERROR: 
Stack: AggregateError [ECONNREFUSED]: 
    at C:\Users\ludin\Desktop\salidas\scanqueue\backend\node_modules\pg-pool\index.js:45:11
    at process.processTicksAndRejections (node:internal/process/task_queues:105:5)
    at async query (file:///C:/Users/ludin/Desktop/salidas/scanqueue/backend/src/config/database.js:25:18)
    at async Module.getScansToday (file:///C:/Users/ludin/Desktop/salidas/scanqueue/backend/src/models/Scan.js:23:15)
    at async getTodaySummary (file:///C:/Users/ludin/Desktop/salidas/scanqueue/backend/src/controllers/DashboardController.js:30:24)
Path: /api/dashboard/today

[2026-03-04T12:40:54.953Z] ERROR: 
Stack: AggregateError [ECONNREFUSED]: 
    at C:\Users\ludin\Desktop\salidas\scanqueue\backend\node_modules\pg-pool\index.js:45:11
    at process.processTicksAndRejections (node:internal/process/task_queues:105:5)
    at async query (file:///C:/Users/ludin/Desktop/salidas/scanqueue/backend/src/config/database.js:25:18)
    at async Module.getScansToday (file:///C:/Users/ludin/Desktop/salidas/scanqueue/backend/src/models/Scan.js:23:15)
    at async Module.getScanStatistics (file:///C:/Users/ludin/Desktop/salidas/scanqueue/backend/src/services/ScanService.js:76:24)
    at async getDashboardStats (file:///C:/Users/ludin/Desktop/salidas/scanqueue/backend/src/controllers/DashboardController.js:12:19)
Path: /api/dashboard/stats

[2026-03-04T12:40:54.957Z] ERROR: 
Stack: AggregateError [ECONNREFUSED]: 
    at C:\Users\ludin\Desktop\salidas\scanqueue\backend\node_modules\pg-pool\index.js:45:11
    at process.processTicksAndRejections (node:internal/process/task_queues:105:5)
    at async query (file:///C:/Users/ludin/Desktop/salidas/scanqueue/backend/src/config/database.js:25:18)
    at async Module.getScansToday (file:///C:/Users/ludin/Desktop/salidas/scanqueue/backend/src/models/Scan.js:23:15)
    at async getTodaySummary (file:///C:/Users/ludin/Desktop/salidas/scanqueue/backend/src/controllers/DashboardController.js:30:24)
Path: /api/dashboard/today

[2026-03-04T12:40:54.972Z] ERROR: 
Stack: AggregateError [ECONNREFUSED]: 
    at C:\Users\ludin\Desktop\salidas\scanqueue\backend\node_modules\pg-pool\index.js:45:11
    at process.processTicksAndRejections (node:internal/process/task_queues:105:5)
    at async query (file:///C:/Users/ludin/Desktop/salidas/scanqueue/backend/src/config/database.js:25:18)
    at async Module.getScansToday (file:///C:/Users/ludin/Desktop/salidas/scanqueue/backend/src/models/Scan.js:23:15)
    at async Module.getScanStatistics (file:///C:/Users/ludin/Desktop/salidas/scanqueue/backend/src/services/ScanService.js:76:24)
    at async getDashboardStats (file:///C:/Users/ludin/Desktop/salidas/scanqueue/backend/src/controllers/DashboardController.js:12:19)
Path: /api/dashboard/stats

[2026-03-04T12:40:54.975Z] ERROR: 
Stack: AggregateError [ECONNREFUSED]: 
    at C:\Users\ludin\Desktop\salidas\scanqueue\backend\node_modules\pg-pool\index.js:45:11
    at process.processTicksAndRejections (node:internal/process/task_queues:105:5)
    at async query (file:///C:/Users/ludin/Desktop/salidas/scanqueue/backend/src/config/database.js:25:18)
    at async Module.getScansToday (file:///C:/Users/ludin/Desktop/salidas/scanqueue/backend/src/models/Scan.js:23:15)
    at async getTodaySummary (file:///C:/Users/ludin/Desktop/salidas/scanqueue/backend/src/controllers/DashboardController.js:30:24)
Path: /api/dashboard/today

[2026-03-04T12:40:54.994Z] ERROR: 
Stack: AggregateError [ECONNREFUSED]: 
    at C:\Users\ludin\Desktop\salidas\scanqueue\backend\node_modules\pg-pool\index.js:45:11
    at process.processTicksAndRejections (node:internal/process/task_queues:105:5)
    at async query (file:///C:/Users/ludin/Desktop/salidas/scanqueue/backend/src/config/database.js:25:18)
    at async Module.getScansToday (file:///C:/Users/ludin/Desktop/salidas/scanqueue/backend/src/models/Scan.js:23:15)
    at async Module.getScanStatistics (file:///C:/Users/ludin/Desktop/salidas/scanqueue/backend/src/services/ScanService.js:76:24)
    at async getDashboardStats (file:///C:/Users/ludin/Desktop/salidas/scanqueue/backend/src/controllers/DashboardController.js:12:19)
Path: /api/dashboard/stats

[2026-03-04T12:40:54.998Z] ERROR: 
Stack: AggregateError [ECONNREFUSED]: 
    at C:\Users\ludin\Desktop\salidas\scanqueue\backend\node_modules\pg-pool\index.js:45:11
    at process.processTicksAndRejections (node:internal/process/task_queues:105:5)
    at async query (file:///C:/Users/ludin/Desktop/salidas/scanqueue/backend/src/config/database.js:25:18)
    at async Module.getScansToday (file:///C:/Users/ludin/Desktop/salidas/scanqueue/backend/src/models/Scan.js:23:15)
    at async getTodaySummary (file:///C:/Users/ludin/Desktop/salidas/scanqueue/backend/src/controllers/DashboardController.js:30:24)
Path: /api/dashboard/today

[2026-03-04T12:40:55.018Z] ERROR: 
Stack: AggregateError [ECONNREFUSED]: 
    at C:\Users\ludin\Desktop\salidas\scanqueue\backend\node_modules\pg-pool\index.js:45:11
    at process.processTicksAndRejections (node:internal/process/task_queues:105:5)
    at async query (file:///C:/Users/ludin/Desktop/salidas/scanqueue/backend/src/config/database.js:25:18)
    at async Module.getScansToday (file:///C:/Users/ludin/Desktop/salidas/scanqueue/backend/src/models/Scan.js:23:15)
    at async Module.getScanStatistics (file:///C:/Users/ludin/Desktop/salidas/scanqueue/backend/src/services/ScanService.js:76:24)
    at async getDashboardStats (file:///C:/Users/ludin/Desktop/salidas/scanqueue/backend/src/controllers/DashboardController.js:12:19)
Path: /api/dashboard/stats

[2026-03-04T12:40:55.022Z] ERROR: 
Stack: AggregateError [ECONNREFUSED]: 
    at C:\Users\ludin\Desktop\salidas\scanqueue\backend\node_modules\pg-pool\index.js:45:11
    at process.processTicksAndRejections (node:internal/process/task_queues:105:5)
    at async query (file:///C:/Users/ludin/Desktop/salidas/scanqueue/backend/src/config/database.js:25:18)
    at async Module.getScansToday (file:///C:/Users/ludin/Desktop/salidas/scanqueue/backend/src/models/Scan.js:23:15)
    at async getTodaySummary (file:///C:/Users/ludin/Desktop/salidas/scanqueue/backend/src/controllers/DashboardController.js:30:24)
Path: /api/dashboard/today

[2026-03-04T12:40:55.056Z] ERROR: 
Stack: AggregateError [ECONNREFUSED]: 
    at C:\Users\ludin\Desktop\salidas\scanqueue\backend\node_modules\pg-pool\index.js:45:11
    at process.processTicksAndRejections (node:internal/process/task_queues:105:5)
    at async query (file:///C:/Users/ludin/Desktop/salidas/scanqueue/backend/src/config/database.js:25:18)
    at async Module.getScansToday (file:///C:/Users/ludin/Desktop/salidas/scanqueue/backend/src/models/Scan.js:23:15)
    at async Module.getScanStatistics (file:///C:/Users/ludin/Desktop/salidas/scanqueue/backend/src/services/ScanService.js:76:24)
    at async getDashboardStats (file:///C:/Users/ludin/Desktop/salidas/scanqueue/backend/src/controllers/DashboardController.js:12:19)
Path: /api/dashboard/stats

[2026-03-04T12:40:55.059Z] ERROR: 
Stack: AggregateError [ECONNREFUSED]: 
    at C:\Users\ludin\Desktop\salidas\scanqueue\backend\node_modules\pg-pool\index.js:45:11
    at process.processTicksAndRejections (node:internal/process/task_queues:105:5)
    at async query (file:///C:/Users/ludin/Desktop/salidas/scanqueue/backend/src/config/database.js:25:18)
    at async Module.getScansToday (file:///C:/Users/ludin/Desktop/salidas/scanqueue/backend/src/models/Scan.js:23:15)
    at async getTodaySummary (file:///C:/Users/ludin/Desktop/salidas/scanqueue/backend/src/controllers/DashboardController.js:30:24)
Path: /api/dashboard/today

[2026-03-04T12:40:55.190Z] ERROR: 
Stack: AggregateError [ECONNREFUSED]: 
    at C:\Users\ludin\Desktop\salidas\scanqueue\backend\node_modules\pg-pool\index.js:45:11
    at process.processTicksAndRejections (node:internal/process/task_queues:105:5)
    at async query (file:///C:/Users/ludin/Desktop/salidas/scanqueue/backend/src/config/database.js:25:18)
    at async Module.getScansToday (file:///C:/Users/ludin/Desktop/salidas/scanqueue/backend/src/models/Scan.js:23:15)
    at async Module.getScanStatistics (file:///C:/Users/ludin/Desktop/salidas/scanqueue/backend/src/services/ScanService.js:76:24)
    at async getDashboardStats (file:///C:/Users/ludin/Desktop/salidas/scanqueue/backend/src/controllers/DashboardController.js:12:19)
Path: /api/dashboard/stats

[2026-03-04T12:40:55.207Z] ERROR: 
Stack: AggregateError [ECONNREFUSED]: 
    at C:\Users\ludin\Desktop\salidas\scanqueue\backend\node_modules\pg-pool\index.js:45:11
    at process.processTicksAndRejections (node:internal/process/task_queues:105:5)
    at async query (file:///C:/Users/ludin/Desktop/salidas/scanqueue/backend/src/config/database.js:25:18)
    at async Module.getScansToday (file:///C:/Users/ludin/Desktop/salidas/scanqueue/backend/src/models/Scan.js:23:15)
    at async getTodaySummary (file:///C:/Users/ludin/Desktop/salidas/scanqueue/backend/src/controllers/DashboardController.js:30:24)
Path: /api/dashboard/today

[2026-03-04T12:40:55.248Z] ERROR: 
Stack: AggregateError [ECONNREFUSED]: 
    at C:\Users\ludin\Desktop\salidas\scanqueue\backend\node_modules\pg-pool\index.js:45:11
    at process.processTicksAndRejections (node:internal/process/task_queues:105:5)
    at async query (file:///C:/Users/ludin/Desktop/salidas/scanqueue/backend/src/config/database.js:25:18)
    at async Module.getScansToday (file:///C:/Users/ludin/Desktop/salidas/scanqueue/backend/src/models/Scan.js:23:15)
    at async Module.getScanStatistics (file:///C:/Users/ludin/Desktop/salidas/scanqueue/backend/src/services/ScanService.js:76:24)
    at async getDashboardStats (file:///C:/Users/ludin/Desktop/salidas/scanqueue/backend/src/controllers/DashboardController.js:12:19)
Path: /api/dashboard/stats

[2026-03-04T12:40:55.255Z] ERROR: 
Stack: AggregateError [ECONNREFUSED]: 
    at C:\Users\ludin\Desktop\salidas\scanqueue\backend\node_modules\pg-pool\index.js:45:11
    at process.processTicksAndRejections (node:internal/process/task_queues:105:5)
    at async query (file:///C:/Users/ludin/Desktop/salidas/scanqueue/backend/src/config/database.js:25:18)
    at async Module.getScansToday (file:///C:/Users/ludin/Desktop/salidas/scanqueue/backend/src/models/Scan.js:23:15)
    at async getTodaySummary (file:///C:/Users/ludin/Desktop/salidas/scanqueue/backend/src/controllers/DashboardController.js:30:24)
Path: /api/dashboard/today

[2026-03-04T12:40:55.306Z] ERROR: 
Stack: AggregateError [ECONNREFUSED]: 
    at C:\Users\ludin\Desktop\salidas\scanqueue\backend\node_modules\pg-pool\index.js:45:11
    at process.processTicksAndRejections (node:internal/process/task_queues:105:5)
    at async query (file:///C:/Users/ludin/Desktop/salidas/scanqueue/backend/src/config/database.js:25:18)
    at async Module.getScansToday (file:///C:/Users/ludin/Desktop/salidas/scanqueue/backend/src/models/Scan.js:23:15)
    at async Module.getScanStatistics (file:///C:/Users/ludin/Desktop/salidas/scanqueue/backend/src/services/ScanService.js:76:24)
    at async getDashboardStats (file:///C:/Users/ludin/Desktop/salidas/scanqueue/backend/src/controllers/DashboardController.js:12:19)
Path: /api/dashboard/stats

[2026-03-04T12:40:55.319Z] ERROR: 
Stack: AggregateError [ECONNREFUSED]: 
    at C:\Users\ludin\Desktop\salidas\scanqueue\backend\node_modules\pg-pool\index.js:45:11
    at process.processTicksAndRejections (node:internal/process/task_queues:105:5)
    at async query (file:///C:/Users/ludin/Desktop/salidas/scanqueue/backend/src/config/database.js:25:18)
    at async Module.getScansToday (file:///C:/Users/ludin/Desktop/salidas/scanqueue/backend/src/models/Scan.js:23:15)
    at async getTodaySummary (file:///C:/Users/ludin/Desktop/salidas/scanqueue/backend/src/controllers/DashboardController.js:30:24)
Path: /api/dashboard/today

[2026-03-04T12:40:55.345Z] ERROR: 
Stack: AggregateError [ECONNREFUSED]: 
    at C:\Users\ludin\Desktop\salidas\scanqueue\backend\node_modules\pg-pool\index.js:45:11
    at process.processTicksAndRejections (node:internal/process/task_queues:105:5)
    at async query (file:///C:/Users/ludin/Desktop/salidas/scanqueue/backend/src/config/database.js:25:18)
    at async Module.getScansToday (file:///C:/Users/ludin/Desktop/salidas/scanqueue/backend/src/models/Scan.js:23:15)
    at async Module.getScanStatistics (file:///C:/Users/ludin/Desktop/salidas/scanqueue/backend/src/services/ScanService.js:76:24)
    at async getDashboardStats (file:///C:/Users/ludin/Desktop/salidas/scanqueue/backend/src/controllers/DashboardController.js:12:19)
Path: /api/dashboard/stats

[2026-03-04T12:40:55.353Z] ERROR: 
Stack: AggregateError [ECONNREFUSED]: 
    at C:\Users\ludin\Desktop\salidas\scanqueue\backend\node_modules\pg-pool\index.js:45:11
    at process.processTicksAndRejections (node:internal/process/task_queues:105:5)
    at async query (file:///C:/Users/ludin/Desktop/salidas/scanqueue/backend/src/config/database.js:25:18)
    at async Module.getScansToday (file:///C:/Users/ludin/Desktop/salidas/scanqueue/backend/src/models/Scan.js:23:15)
    at async getTodaySummary (file:///C:/Users/ludin/Desktop/salidas/scanqueue/backend/src/controllers/DashboardController.js:30:24)
Path: /api/dashboard/today

[2026-03-04T12:40:55.381Z] ERROR: 
Stack: AggregateError [ECONNREFUSED]: 
    at C:\Users\ludin\Desktop\salidas\scanqueue\backend\node_modules\pg-pool\index.js:45:11
    at process.processTicksAndRejections (node:internal/process/task_queues:105:5)
    at async query (file:///C:/Users/ludin/Desktop/salidas/scanqueue/backend/src/config/database.js:25:18)
    at async Module.getScansToday (file:///C:/Users/ludin/Desktop/salidas/scanqueue/backend/src/models/Scan.js:23:15)
    at async Module.getScanStatistics (file:///C:/Users/ludin/Desktop/salidas/scanqueue/backend/src/services/ScanService.js:76:24)
    at async getDashboardStats (file:///C:/Users/ludin/Desktop/salidas/scanqueue/backend/src/controllers/DashboardController.js:12:19)
Path: /api/dashboard/stats

[2026-03-04T12:40:55.393Z] ERROR: 
Stack: AggregateError [ECONNREFUSED]: 
    at C:\Users\ludin\Desktop\salidas\scanqueue\backend\node_modules\pg-pool\index.js:45:11
    at process.processTicksAndRejections (node:internal/process/task_queues:105:5)
    at async query (file:///C:/Users/ludin/Desktop/salidas/scanqueue/backend/src/config/database.js:25:18)
    at async Module.getScansToday (file:///C:/Users/ludin/Desktop/salidas/scanqueue/backend/src/models/Scan.js:23:15)
    at async getTodaySummary (file:///C:/Users/ludin/Desktop/salidas/scanqueue/backend/src/controllers/DashboardController.js:30:24)
Path: /api/dashboard/today

[2026-03-04T12:40:55.416Z] ERROR: 
Stack: AggregateError [ECONNREFUSED]: 
    at C:\Users\ludin\Desktop\salidas\scanqueue\backend\node_modules\pg-pool\index.js:45:11
    at process.processTicksAndRejections (node:internal/process/task_queues:105:5)
    at async query (file:///C:/Users/ludin/Desktop/salidas/scanqueue/backend/src/config/database.js:25:18)
    at async Module.getScansToday (file:///C:/Users/ludin/Desktop/salidas/scanqueue/backend/src/models/Scan.js:23:15)
    at async Module.getScanStatistics (file:///C:/Users/ludin/Desktop/salidas/scanqueue/backend/src/services/ScanService.js:76:24)
    at async getDashboardStats (file:///C:/Users/ludin/Desktop/salidas/scanqueue/backend/src/controllers/DashboardController.js:12:19)
Path: /api/dashboard/stats

[2026-03-04T12:40:55.421Z] ERROR: 
Stack: AggregateError [ECONNREFUSED]: 
    at C:\Users\ludin\Desktop\salidas\scanqueue\backend\node_modules\pg-pool\index.js:45:11
    at process.processTicksAndRejections (node:internal/process/task_queues:105:5)
    at async query (file:///C:/Users/ludin/Desktop/salidas/scanqueue/backend/src/config/database.js:25:18)
    at async Module.getScansToday (file:///C:/Users/ludin/Desktop/salidas/scanqueue/backend/src/models/Scan.js:23:15)
    at async getTodaySummary (file:///C:/Users/ludin/Desktop/salidas/scanqueue/backend/src/controllers/DashboardController.js:30:24)
Path: /api/dashboard/today

[2026-03-04T12:40:55.446Z] ERROR: 
Stack: AggregateError [ECONNREFUSED]: 
    at C:\Users\ludin\Desktop\salidas\scanqueue\backend\node_modules\pg-pool\index.js:45:11
    at process.processTicksAndRejections (node:internal/process/task_queues:105:5)
    at async query (file:///C:/Users/ludin/Desktop/salidas/scanqueue/backend/src/config/database.js:25:18)
    at async Module.getScansToday (file:///C:/Users/ludin/Desktop/salidas/scanqueue/backend/src/models/Scan.js:23:15)
    at async Module.getScanStatistics (file:///C:/Users/ludin/Desktop/salidas/scanqueue/backend/src/services/ScanService.js:76:24)
    at async getDashboardStats (file:///C:/Users/ludin/Desktop/salidas/scanqueue/backend/src/controllers/DashboardController.js:12:19)
Path: /api/dashboard/stats

[2026-03-04T12:40:55.450Z] ERROR: 
Stack: AggregateError [ECONNREFUSED]: 
    at C:\Users\ludin\Desktop\salidas\scanqueue\backend\node_modules\pg-pool\index.js:45:11
    at process.processTicksAndRejections (node:internal/process/task_queues:105:5)
    at async query (file:///C:/Users/ludin/Desktop/salidas/scanqueue/backend/src/config/database.js:25:18)
    at async Module.getScansToday (file:///C:/Users/ludin/Desktop/salidas/scanqueue/backend/src/models/Scan.js:23:15)
    at async getTodaySummary (file:///C:/Users/ludin/Desktop/salidas/scanqueue/backend/src/controllers/DashboardController.js:30:24)
Path: /api/dashboard/today

[2026-03-04T12:40:55.488Z] ERROR: 
Stack: AggregateError [ECONNREFUSED]: 
    at C:\Users\ludin\Desktop\salidas\scanqueue\backend\node_modules\pg-pool\index.js:45:11
    at process.processTicksAndRejections (node:internal/process/task_queues:105:5)
    at async query (file:///C:/Users/ludin/Desktop/salidas/scanqueue/backend/src/config/database.js:25:18)
    at async Module.getScansToday (file:///C:/Users/ludin/Desktop/salidas/scanqueue/backend/src/models/Scan.js:23:15)
    at async Module.getScanStatistics (file:///C:/Users/ludin/Desktop/salidas/scanqueue/backend/src/services/ScanService.js:76:24)
    at async getDashboardStats (file:///C:/Users/ludin/Desktop/salidas/scanqueue/backend/src/controllers/DashboardController.js:12:19)
Path: /api/dashboard/stats

[2026-03-04T12:40:55.492Z] ERROR: 
Stack: AggregateError [ECONNREFUSED]: 
    at C:\Users\ludin\Desktop\salidas\scanqueue\backend\node_modules\pg-pool\index.js:45:11
    at process.processTicksAndRejections (node:internal/process/task_queues:105:5)
    at async query (file:///C:/Users/ludin/Desktop/salidas/scanqueue/backend/src/config/database.js:25:18)
    at async Module.getScansToday (file:///C:/Users/ludin/Desktop/salidas/scanqueue/backend/src/models/Scan.js:23:15)
    at async getTodaySummary (file:///C:/Users/ludin/Desktop/salidas/scanqueue/backend/src/controllers/DashboardController.js:30:24)
Path: /api/dashboard/today

[2026-03-04T12:40:55.521Z] ERROR: 
Stack: AggregateError [ECONNREFUSED]: 
    at C:\Users\ludin\Desktop\salidas\scanqueue\backend\node_modules\pg-pool\index.js:45:11
    at process.processTicksAndRejections (node:internal/process/task_queues:105:5)
    at async query (file:///C:/Users/ludin/Desktop/salidas/scanqueue/backend/src/config/database.js:25:18)
    at async Module.getScansToday (file:///C:/Users/ludin/Desktop/salidas/scanqueue/backend/src/models/Scan.js:23:15)
    at async Module.getScanStatistics (file:///C:/Users/ludin/Desktop/salidas/scanqueue/backend/src/services/ScanService.js:76:24)
    at async getDashboardStats (file:///C:/Users/ludin/Desktop/salidas/scanqueue/backend/src/controllers/DashboardController.js:12:19)
Path: /api/dashboard/stats

[2026-03-04T12:40:55.528Z] ERROR: 
Stack: AggregateError [ECONNREFUSED]: 
    at C:\Users\ludin\Desktop\salidas\scanqueue\backend\node_modules\pg-pool\index.js:45:11
    at process.processTicksAndRejections (node:internal/process/task_queues:105:5)
    at async query (file:///C:/Users/ludin/Desktop/salidas/scanqueue/backend/src/config/database.js:25:18)
    at async Module.getScansToday (file:///C:/Users/ludin/Desktop/salidas/scanqueue/backend/src/models/Scan.js:23:15)
    at async getTodaySummary (file:///C:/Users/ludin/Desktop/salidas/scanqueue/backend/src/controllers/DashboardController.js:30:24)
Path: /api/dashboard/today

[2026-03-04T12:40:55.555Z] ERROR: 
Stack: AggregateError [ECONNREFUSED]: 
    at C:\Users\ludin\Desktop\salidas\scanqueue\backend\node_modules\pg-pool\index.js:45:11
    at process.processTicksAndRejections (node:internal/process/task_queues:105:5)
    at async query (file:///C:/Users/ludin/Desktop/salidas/scanqueue/backend/src/config/database.js:25:18)
    at async Module.getScansToday (file:///C:/Users/ludin/Desktop/salidas/scanqueue/backend/src/models/Scan.js:23:15)
    at async Module.getScanStatistics (file:///C:/Users/ludin/Desktop/salidas/scanqueue/backend/src/services/ScanService.js:76:24)
    at async getDashboardStats (file:///C:/Users/ludin/Desktop/salidas/scanqueue/backend/src/controllers/DashboardController.js:12:19)
Path: /api/dashboard/stats

[2026-03-04T12:40:55.559Z] ERROR: 
Stack: AggregateError [ECONNREFUSED]: 
    at C:\Users\ludin\Desktop\salidas\scanqueue\backend\node_modules\pg-pool\index.js:45:11
    at process.processTicksAndRejections (node:internal/process/task_queues:105:5)
    at async query (file:///C:/Users/ludin/Desktop/salidas/scanqueue/backend/src/config/database.js:25:18)
    at async Module.getScansToday (file:///C:/Users/ludin/Desktop/salidas/scanqueue/backend/src/models/Scan.js:23:15)
    at async getTodaySummary (file:///C:/Users/ludin/Desktop/salidas/scanqueue/backend/src/controllers/DashboardController.js:30:24)
Path: /api/dashboard/today

[2026-03-04T12:40:55.581Z] ERROR: 
Stack: AggregateError [ECONNREFUSED]: 
    at C:\Users\ludin\Desktop\salidas\scanqueue\backend\node_modules\pg-pool\index.js:45:11
    at process.processTicksAndRejections (node:internal/process/task_queues:105:5)
    at async query (file:///C:/Users/ludin/Desktop/salidas/scanqueue/backend/src/config/database.js:25:18)
    at async Module.getScansToday (file:///C:/Users/ludin/Desktop/salidas/scanqueue/backend/src/models/Scan.js:23:15)
    at async Module.getScanStatistics (file:///C:/Users/ludin/Desktop/salidas/scanqueue/backend/src/services/ScanService.js:76:24)
    at async getDashboardStats (file:///C:/Users/ludin/Desktop/salidas/scanqueue/backend/src/controllers/DashboardController.js:12:19)
Path: /api/dashboard/stats

[2026-03-04T12:40:55.585Z] ERROR: 
Stack: AggregateError [ECONNREFUSED]: 
    at C:\Users\ludin\Desktop\salidas\scanqueue\backend\node_modules\pg-pool\index.js:45:11
    at process.processTicksAndRejections (node:internal/process/task_queues:105:5)
    at async query (file:///C:/Users/ludin/Desktop/salidas/scanqueue/backend/src/config/database.js:25:18)
    at async Module.getScansToday (file:///C:/Users/ludin/Desktop/salidas/scanqueue/backend/src/models/Scan.js:23:15)
    at async getTodaySummary (file:///C:/Users/ludin/Desktop/salidas/scanqueue/backend/src/controllers/DashboardController.js:30:24)
Path: /api/dashboard/today

[2026-03-04T12:40:55.605Z] ERROR: 
Stack: AggregateError [ECONNREFUSED]: 
    at C:\Users\ludin\Desktop\salidas\scanqueue\backend\node_modules\pg-pool\index.js:45:11
    at process.processTicksAndRejections (node:internal/process/task_queues:105:5)
    at async query (file:///C:/Users/ludin/Desktop/salidas/scanqueue/backend/src/config/database.js:25:18)
    at async Module.getScansToday (file:///C:/Users/ludin/Desktop/salidas/scanqueue/backend/src/models/Scan.js:23:15)
    at async Module.getScanStatistics (file:///C:/Users/ludin/Desktop/salidas/scanqueue/backend/src/services/ScanService.js:76:24)
    at async getDashboardStats (file:///C:/Users/ludin/Desktop/salidas/scanqueue/backend/src/controllers/DashboardController.js:12:19)
Path: /api/dashboard/stats

[2026-03-04T12:40:55.609Z] ERROR: 
Stack: AggregateError [ECONNREFUSED]: 
    at C:\Users\ludin\Desktop\salidas\scanqueue\backend\node_modules\pg-pool\index.js:45:11
    at process.processTicksAndRejections (node:internal/process/task_queues:105:5)
    at async query (file:///C:/Users/ludin/Desktop/salidas/scanqueue/backend/src/config/database.js:25:18)
    at async Module.getScansToday (file:///C:/Users/ludin/Desktop/salidas/scanqueue/backend/src/models/Scan.js:23:15)
    at async getTodaySummary (file:///C:/Users/ludin/Desktop/salidas/scanqueue/backend/src/controllers/DashboardController.js:30:24)
Path: /api/dashboard/today

[2026-03-04T12:40:55.640Z] ERROR: 
Stack: AggregateError [ECONNREFUSED]: 
    at C:\Users\ludin\Desktop\salidas\scanqueue\backend\node_modules\pg-pool\index.js:45:11
    at process.processTicksAndRejections (node:internal/process/task_queues:105:5)
    at async query (file:///C:/Users/ludin/Desktop/salidas/scanqueue/backend/src/config/database.js:25:18)
    at async Module.getScansToday (file:///C:/Users/ludin/Desktop/salidas/scanqueue/backend/src/models/Scan.js:23:15)
    at async Module.getScanStatistics (file:///C:/Users/ludin/Desktop/salidas/scanqueue/backend/src/services/ScanService.js:76:24)
    at async getDashboardStats (file:///C:/Users/ludin/Desktop/salidas/scanqueue/backend/src/controllers/DashboardController.js:12:19)
Path: /api/dashboard/stats

[2026-03-04T12:40:55.644Z] ERROR: 
Stack: AggregateError [ECONNREFUSED]: 
    at C:\Users\ludin\Desktop\salidas\scanqueue\backend\node_modules\pg-pool\index.js:45:11
    at process.processTicksAndRejections (node:internal/process/task_queues:105:5)
    at async query (file:///C:/Users/ludin/Desktop/salidas/scanqueue/backend/src/config/database.js:25:18)
    at async Module.getScansToday (file:///C:/Users/ludin/Desktop/salidas/scanqueue/backend/src/models/Scan.js:23:15)
    at async getTodaySummary (file:///C:/Users/ludin/Desktop/salidas/scanqueue/backend/src/controllers/DashboardController.js:30:24)
Path: /api/dashboard/today

[2026-03-04T12:40:55.677Z] ERROR: 
Stack: AggregateError [ECONNREFUSED]: 
    at C:\Users\ludin\Desktop\salidas\scanqueue\backend\node_modules\pg-pool\index.js:45:11
    at process.processTicksAndRejections (node:internal/process/task_queues:105:5)
    at async query (file:///C:/Users/ludin/Desktop/salidas/scanqueue/backend/src/config/database.js:25:18)
    at async Module.getScansToday (file:///C:/Users/ludin/Desktop/salidas/scanqueue/backend/src/models/Scan.js:23:15)
    at async Module.getScanStatistics (file:///C:/Users/ludin/Desktop/salidas/scanqueue/backend/src/services/ScanService.js:76:24)
    at async getDashboardStats (file:///C:/Users/ludin/Desktop/salidas/scanqueue/backend/src/controllers/DashboardController.js:12:19)
Path: /api/dashboard/stats

[2026-03-04T12:40:55.682Z] ERROR: 
Stack: AggregateError [ECONNREFUSED]: 
    at C:\Users\ludin\Desktop\salidas\scanqueue\backend\node_modules\pg-pool\index.js:45:11
    at process.processTicksAndRejections (node:internal/process/task_queues:105:5)
    at async query (file:///C:/Users/ludin/Desktop/salidas/scanqueue/backend/src/config/database.js:25:18)
    at async Module.getScansToday (file:///C:/Users/ludin/Desktop/salidas/scanqueue/backend/src/models/Scan.js:23:15)
    at async getTodaySummary (file:///C:/Users/ludin/Desktop/salidas/scanqueue/backend/src/controllers/DashboardController.js:30:24)
Path: /api/dashboard/today

[2026-03-04T12:40:55.704Z] ERROR: 
Stack: AggregateError [ECONNREFUSED]: 
    at C:\Users\ludin\Desktop\salidas\scanqueue\backend\node_modules\pg-pool\index.js:45:11
    at process.processTicksAndRejections (node:internal/process/task_queues:105:5)
    at async query (file:///C:/Users/ludin/Desktop/salidas/scanqueue/backend/src/config/database.js:25:18)
    at async Module.getScansToday (file:///C:/Users/ludin/Desktop/salidas/scanqueue/backend/src/models/Scan.js:23:15)
    at async Module.getScanStatistics (file:///C:/Users/ludin/Desktop/salidas/scanqueue/backend/src/services/ScanService.js:76:24)
    at async getDashboardStats (file:///C:/Users/ludin/Desktop/salidas/scanqueue/backend/src/controllers/DashboardController.js:12:19)
Path: /api/dashboard/stats

[2026-03-04T12:40:55.708Z] ERROR: 
Stack: AggregateError [ECONNREFUSED]: 
    at C:\Users\ludin\Desktop\salidas\scanqueue\backend\node_modules\pg-pool\index.js:45:11
    at process.processTicksAndRejections (node:internal/process/task_queues:105:5)
    at async query (file:///C:/Users/ludin/Desktop/salidas/scanqueue/backend/src/config/database.js:25:18)
    at async Module.getScansToday (file:///C:/Users/ludin/Desktop/salidas/scanqueue/backend/src/models/Scan.js:23:15)
    at async getTodaySummary (file:///C:/Users/ludin/Desktop/salidas/scanqueue/backend/src/controllers/DashboardController.js:30:24)
Path: /api/dashboard/today

[2026-03-04T12:40:55.733Z] ERROR: 
Stack: AggregateError [ECONNREFUSED]: 
    at C:\Users\ludin\Desktop\salidas\scanqueue\backend\node_modules\pg-pool\index.js:45:11
    at process.processTicksAndRejections (node:internal/process/task_queues:105:5)
    at async query (file:///C:/Users/ludin/Desktop/salidas/scanqueue/backend/src/config/database.js:25:18)
    at async Module.getScansToday (file:///C:/Users/ludin/Desktop/salidas/scanqueue/backend/src/models/Scan.js:23:15)
    at async Module.getScanStatistics (file:///C:/Users/ludin/Desktop/salidas/scanqueue/backend/src/services/ScanService.js:76:24)
    at async getDashboardStats (file:///C:/Users/ludin/Desktop/salidas/scanqueue/backend/src/controllers/DashboardController.js:12:19)
Path: /api/dashboard/stats

[2026-03-04T12:40:55.738Z] ERROR: 
Stack: AggregateError [ECONNREFUSED]: 
    at C:\Users\ludin\Desktop\salidas\scanqueue\backend\node_modules\pg-pool\index.js:45:11
    at process.processTicksAndRejections (node:internal/process/task_queues:105:5)
    at async query (file:///C:/Users/ludin/Desktop/salidas/scanqueue/backend/src/config/database.js:25:18)
    at async Module.getScansToday (file:///C:/Users/ludin/Desktop/salidas/scanqueue/backend/src/models/Scan.js:23:15)
    at async getTodaySummary (file:///C:/Users/ludin/Desktop/salidas/scanqueue/backend/src/controllers/DashboardController.js:30:24)
Path: /api/dashboard/today

[2026-03-04T12:40:55.763Z] ERROR: 
Stack: AggregateError [ECONNREFUSED]: 
    at C:\Users\ludin\Desktop\salidas\scanqueue\backend\node_modules\pg-pool\index.js:45:11
    at process.processTicksAndRejections (node:internal/process/task_queues:105:5)
    at async query (file:///C:/Users/ludin/Desktop/salidas/scanqueue/backend/src/config/database.js:25:18)
    at async Module.getScansToday (file:///C:/Users/ludin/Desktop/salidas/scanqueue/backend/src/models/Scan.js:23:15)
    at async Module.getScanStatistics (file:///C:/Users/ludin/Desktop/salidas/scanqueue/backend/src/services/ScanService.js:76:24)
    at async getDashboardStats (file:///C:/Users/ludin/Desktop/salidas/scanqueue/backend/src/controllers/DashboardController.js:12:19)
Path: /api/dashboard/stats

[2026-03-04T12:40:55.766Z] ERROR: 
Stack: AggregateError [ECONNREFUSED]: 
    at C:\Users\ludin\Desktop\salidas\scanqueue\backend\node_modules\pg-pool\index.js:45:11
    at process.processTicksAndRejections (node:internal/process/task_queues:105:5)
    at async query (file:///C:/Users/ludin/Desktop/salidas/scanqueue/backend/src/config/database.js:25:18)
    at async Module.getScansToday (file:///C:/Users/ludin/Desktop/salidas/scanqueue/backend/src/models/Scan.js:23:15)
    at async getTodaySummary (file:///C:/Users/ludin/Desktop/salidas/scanqueue/backend/src/controllers/DashboardController.js:30:24)
Path: /api/dashboard/today

[2026-03-04T12:40:55.790Z] ERROR: 
Stack: AggregateError [ECONNREFUSED]: 
    at C:\Users\ludin\Desktop\salidas\scanqueue\backend\node_modules\pg-pool\index.js:45:11
    at process.processTicksAndRejections (node:internal/process/task_queues:105:5)
    at async query (file:///C:/Users/ludin/Desktop/salidas/scanqueue/backend/src/config/database.js:25:18)
    at async Module.getScansToday (file:///C:/Users/ludin/Desktop/salidas/scanqueue/backend/src/models/Scan.js:23:15)
    at async Module.getScanStatistics (file:///C:/Users/ludin/Desktop/salidas/scanqueue/backend/src/services/ScanService.js:76:24)
    at async getDashboardStats (file:///C:/Users/ludin/Desktop/salidas/scanqueue/backend/src/controllers/DashboardController.js:12:19)
Path: /api/dashboard/stats

[2026-03-04T12:40:55.794Z] ERROR: 
Stack: AggregateError [ECONNREFUSED]: 
    at C:\Users\ludin\Desktop\salidas\scanqueue\backend\node_modules\pg-pool\index.js:45:11
    at process.processTicksAndRejections (node:internal/process/task_queues:105:5)
    at async query (file:///C:/Users/ludin/Desktop/salidas/scanqueue/backend/src/config/database.js:25:18)
    at async Module.getScansToday (file:///C:/Users/ludin/Desktop/salidas/scanqueue/backend/src/models/Scan.js:23:15)
    at async getTodaySummary (file:///C:/Users/ludin/Desktop/salidas/scanqueue/backend/src/controllers/DashboardController.js:30:24)
Path: /api/dashboard/today

[2026-03-04T12:40:55.815Z] ERROR: 
Stack: AggregateError [ECONNREFUSED]: 
    at C:\Users\ludin\Desktop\salidas\scanqueue\backend\node_modules\pg-pool\index.js:45:11
    at process.processTicksAndRejections (node:internal/process/task_queues:105:5)
    at async query (file:///C:/Users/ludin/Desktop/salidas/scanqueue/backend/src/config/database.js:25:18)
    at async Module.getScansToday (file:///C:/Users/ludin/Desktop/salidas/scanqueue/backend/src/models/Scan.js:23:15)
    at async Module.getScanStatistics (file:///C:/Users/ludin/Desktop/salidas/scanqueue/backend/src/services/ScanService.js:76:24)
    at async getDashboardStats (file:///C:/Users/ludin/Desktop/salidas/scanqueue/backend/src/controllers/DashboardController.js:12:19)
Path: /api/dashboard/stats

[2026-03-04T12:40:55.818Z] ERROR: 
Stack: AggregateError [ECONNREFUSED]: 
    at C:\Users\ludin\Desktop\salidas\scanqueue\backend\node_modules\pg-pool\index.js:45:11
    at process.processTicksAndRejections (node:internal/process/task_queues:105:5)
    at async query (file:///C:/Users/ludin/Desktop/salidas/scanqueue/backend/src/config/database.js:25:18)
    at async Module.getScansToday (file:///C:/Users/ludin/Desktop/salidas/scanqueue/backend/src/models/Scan.js:23:15)
    at async getTodaySummary (file:///C:/Users/ludin/Desktop/salidas/scanqueue/backend/src/controllers/DashboardController.js:30:24)
Path: /api/dashboard/today

[2026-03-04T12:40:55.841Z] ERROR: 
Stack: AggregateError [ECONNREFUSED]: 
    at C:\Users\ludin\Desktop\salidas\scanqueue\backend\node_modules\pg-pool\index.js:45:11
    at process.processTicksAndRejections (node:internal/process/task_queues:105:5)
    at async query (file:///C:/Users/ludin/Desktop/salidas/scanqueue/backend/src/config/database.js:25:18)
    at async Module.getScansToday (file:///C:/Users/ludin/Desktop/salidas/scanqueue/backend/src/models/Scan.js:23:15)
    at async Module.getScanStatistics (file:///C:/Users/ludin/Desktop/salidas/scanqueue/backend/src/services/ScanService.js:76:24)
    at async getDashboardStats (file:///C:/Users/ludin/Desktop/salidas/scanqueue/backend/src/controllers/DashboardController.js:12:19)
Path: /api/dashboard/stats

[2026-03-04T12:40:55.846Z] ERROR: 
Stack: AggregateError [ECONNREFUSED]: 
    at C:\Users\ludin\Desktop\salidas\scanqueue\backend\node_modules\pg-pool\index.js:45:11
    at process.processTicksAndRejections (node:internal/process/task_queues:105:5)
    at async query (file:///C:/Users/ludin/Desktop/salidas/scanqueue/backend/src/config/database.js:25:18)
    at async Module.getScansToday (file:///C:/Users/ludin/Desktop/salidas/scanqueue/backend/src/models/Scan.js:23:15)
    at async getTodaySummary (file:///C:/Users/ludin/Desktop/salidas/scanqueue/backend/src/controllers/DashboardController.js:30:24)
Path: /api/dashboard/today

[2026-03-04T12:40:55.870Z] ERROR: 
Stack: AggregateError [ECONNREFUSED]: 
    at C:\Users\ludin\Desktop\salidas\scanqueue\backend\node_modules\pg-pool\index.js:45:11
    at process.processTicksAndRejections (node:internal/process/task_queues:105:5)
    at async query (file:///C:/Users/ludin/Desktop/salidas/scanqueue/backend/src/config/database.js:25:18)
    at async Module.getScansToday (file:///C:/Users/ludin/Desktop/salidas/scanqueue/backend/src/models/Scan.js:23:15)
    at async Module.getScanStatistics (file:///C:/Users/ludin/Desktop/salidas/scanqueue/backend/src/services/ScanService.js:76:24)
    at async getDashboardStats (file:///C:/Users/ludin/Desktop/salidas/scanqueue/backend/src/controllers/DashboardController.js:12:19)
Path: /api/dashboard/stats

[2026-03-04T12:40:55.875Z] ERROR: 
Stack: AggregateError [ECONNREFUSED]: 
    at C:\Users\ludin\Desktop\salidas\scanqueue\backend\node_modules\pg-pool\index.js:45:11
    at process.processTicksAndRejections (node:internal/process/task_queues:105:5)
    at async query (file:///C:/Users/ludin/Desktop/salidas/scanqueue/backend/src/config/database.js:25:18)
    at async Module.getScansToday (file:///C:/Users/ludin/Desktop/salidas/scanqueue/backend/src/models/Scan.js:23:15)
    at async getTodaySummary (file:///C:/Users/ludin/Desktop/salidas/scanqueue/backend/src/controllers/DashboardController.js:30:24)
Path: /api/dashboard/today

[2026-03-04T12:40:55.904Z] ERROR: 
Stack: AggregateError [ECONNREFUSED]: 
    at C:\Users\ludin\Desktop\salidas\scanqueue\backend\node_modules\pg-pool\index.js:45:11
    at process.processTicksAndRejections (node:internal/process/task_queues:105:5)
    at async query (file:///C:/Users/ludin/Desktop/salidas/scanqueue/backend/src/config/database.js:25:18)
    at async Module.getScansToday (file:///C:/Users/ludin/Desktop/salidas/scanqueue/backend/src/models/Scan.js:23:15)
    at async Module.getScanStatistics (file:///C:/Users/ludin/Desktop/salidas/scanqueue/backend/src/services/ScanService.js:76:24)
    at async getDashboardStats (file:///C:/Users/ludin/Desktop/salidas/scanqueue/backend/src/controllers/DashboardController.js:12:19)
Path: /api/dashboard/stats

[2026-03-04T12:40:55.909Z] ERROR: 
Stack: AggregateError [ECONNREFUSED]: 
    at C:\Users\ludin\Desktop\salidas\scanqueue\backend\node_modules\pg-pool\index.js:45:11
    at process.processTicksAndRejections (node:internal/process/task_queues:105:5)
    at async query (file:///C:/Users/ludin/Desktop/salidas/scanqueue/backend/src/config/database.js:25:18)
    at async Module.getScansToday (file:///C:/Users/ludin/Desktop/salidas/scanqueue/backend/src/models/Scan.js:23:15)
    at async getTodaySummary (file:///C:/Users/ludin/Desktop/salidas/scanqueue/backend/src/controllers/DashboardController.js:30:24)
Path: /api/dashboard/today

[2026-03-04T12:40:55.944Z] ERROR: 
Stack: AggregateError [ECONNREFUSED]: 
    at C:\Users\ludin\Desktop\salidas\scanqueue\backend\node_modules\pg-pool\index.js:45:11
    at process.processTicksAndRejections (node:internal/process/task_queues:105:5)
    at async query (file:///C:/Users/ludin/Desktop/salidas/scanqueue/backend/src/config/database.js:25:18)
    at async Module.getScansToday (file:///C:/Users/ludin/Desktop/salidas/scanqueue/backend/src/models/Scan.js:23:15)
    at async Module.getScanStatistics (file:///C:/Users/ludin/Desktop/salidas/scanqueue/backend/src/services/ScanService.js:76:24)
    at async getDashboardStats (file:///C:/Users/ludin/Desktop/salidas/scanqueue/backend/src/controllers/DashboardController.js:12:19)
Path: /api/dashboard/stats

[2026-03-04T12:40:55.949Z] ERROR: 
Stack: AggregateError [ECONNREFUSED]: 
    at C:\Users\ludin\Desktop\salidas\scanqueue\backend\node_modules\pg-pool\index.js:45:11
    at process.processTicksAndRejections (node:internal/process/task_queues:105:5)
    at async query (file:///C:/Users/ludin/Desktop/salidas/scanqueue/backend/src/config/database.js:25:18)
    at async Module.getScansToday (file:///C:/Users/ludin/Desktop/salidas/scanqueue/backend/src/models/Scan.js:23:15)
    at async getTodaySummary (file:///C:/Users/ludin/Desktop/salidas/scanqueue/backend/src/controllers/DashboardController.js:30:24)
Path: /api/dashboard/today

[2026-03-04T12:40:56.097Z] ERROR: 
Stack: AggregateError [ECONNREFUSED]: 
    at C:\Users\ludin\Desktop\salidas\scanqueue\backend\node_modules\pg-pool\index.js:45:11
    at process.processTicksAndRejections (node:internal/process/task_queues:105:5)
    at async query (file:///C:/Users/ludin/Desktop/salidas/scanqueue/backend/src/config/database.js:25:18)
    at async Module.getScansToday (file:///C:/Users/ludin/Desktop/salidas/scanqueue/backend/src/models/Scan.js:23:15)
    at async Module.getScanStatistics (file:///C:/Users/ludin/Desktop/salidas/scanqueue/backend/src/services/ScanService.js:76:24)
    at async getDashboardStats (file:///C:/Users/ludin/Desktop/salidas/scanqueue/backend/src/controllers/DashboardController.js:12:19)
Path: /api/dashboard/stats

[2026-03-04T12:40:56.101Z] ERROR: 
Stack: AggregateError [ECONNREFUSED]: 
    at C:\Users\ludin\Desktop\salidas\scanqueue\backend\node_modules\pg-pool\index.js:45:11
    at process.processTicksAndRejections (node:internal/process/task_queues:105:5)
    at async query (file:///C:/Users/ludin/Desktop/salidas/scanqueue/backend/src/config/database.js:25:18)
    at async Module.getScansToday (file:///C:/Users/ludin/Desktop/salidas/scanqueue/backend/src/models/Scan.js:23:15)
    at async getTodaySummary (file:///C:/Users/ludin/Desktop/salidas/scanqueue/backend/src/controllers/DashboardController.js:30:24)
Path: /api/dashboard/today

[2026-03-04T12:40:56.138Z] ERROR: 
Stack: AggregateError [ECONNREFUSED]: 
    at C:\Users\ludin\Desktop\salidas\scanqueue\backend\node_modules\pg-pool\index.js:45:11
    at process.processTicksAndRejections (node:internal/process/task_queues:105:5)
    at async query (file:///C:/Users/ludin/Desktop/salidas/scanqueue/backend/src/config/database.js:25:18)
    at async Module.getScansToday (file:///C:/Users/ludin/Desktop/salidas/scanqueue/backend/src/models/Scan.js:23:15)
    at async Module.getScanStatistics (file:///C:/Users/ludin/Desktop/salidas/scanqueue/backend/src/services/ScanService.js:76:24)
    at async getDashboardStats (file:///C:/Users/ludin/Desktop/salidas/scanqueue/backend/src/controllers/DashboardController.js:12:19)
Path: /api/dashboard/stats

[2026-03-04T12:40:56.142Z] ERROR: 
Stack: AggregateError [ECONNREFUSED]: 
    at C:\Users\ludin\Desktop\salidas\scanqueue\backend\node_modules\pg-pool\index.js:45:11
    at process.processTicksAndRejections (node:internal/process/task_queues:105:5)
    at async query (file:///C:/Users/ludin/Desktop/salidas/scanqueue/backend/src/config/database.js:25:18)
    at async Module.getScansToday (file:///C:/Users/ludin/Desktop/salidas/scanqueue/backend/src/models/Scan.js:23:15)
    at async getTodaySummary (file:///C:/Users/ludin/Desktop/salidas/scanqueue/backend/src/controllers/DashboardController.js:30:24)
Path: /api/dashboard/today

[2026-03-04T12:40:56.184Z] ERROR: 
Stack: AggregateError [ECONNREFUSED]: 
    at C:\Users\ludin\Desktop\salidas\scanqueue\backend\node_modules\pg-pool\index.js:45:11
    at process.processTicksAndRejections (node:internal/process/task_queues:105:5)
    at async query (file:///C:/Users/ludin/Desktop/salidas/scanqueue/backend/src/config/database.js:25:18)
    at async Module.getScansToday (file:///C:/Users/ludin/Desktop/salidas/scanqueue/backend/src/models/Scan.js:23:15)
    at async Module.getScanStatistics (file:///C:/Users/ludin/Desktop/salidas/scanqueue/backend/src/services/ScanService.js:76:24)
    at async getDashboardStats (file:///C:/Users/ludin/Desktop/salidas/scanqueue/backend/src/controllers/DashboardController.js:12:19)
Path: /api/dashboard/stats

[2026-03-04T12:40:56.191Z] ERROR: 
Stack: AggregateError [ECONNREFUSED]: 
    at C:\Users\ludin\Desktop\salidas\scanqueue\backend\node_modules\pg-pool\index.js:45:11
    at process.processTicksAndRejections (node:internal/process/task_queues:105:5)
    at async query (file:///C:/Users/ludin/Desktop/salidas/scanqueue/backend/src/config/database.js:25:18)
    at async Module.getScansToday (file:///C:/Users/ludin/Desktop/salidas/scanqueue/backend/src/models/Scan.js:23:15)
    at async getTodaySummary (file:///C:/Users/ludin/Desktop/salidas/scanqueue/backend/src/controllers/DashboardController.js:30:24)
Path: /api/dashboard/today

[2026-03-04T12:40:56.250Z] ERROR: 
Stack: AggregateError [ECONNREFUSED]: 
    at C:\Users\ludin\Desktop\salidas\scanqueue\backend\node_modules\pg-pool\index.js:45:11
    at process.processTicksAndRejections (node:internal/process/task_queues:105:5)
    at async query (file:///C:/Users/ludin/Desktop/salidas/scanqueue/backend/src/config/database.js:25:18)
    at async Module.getScansToday (file:///C:/Users/ludin/Desktop/salidas/scanqueue/backend/src/models/Scan.js:23:15)
    at async Module.getScanStatistics (file:///C:/Users/ludin/Desktop/salidas/scanqueue/backend/src/services/ScanService.js:76:24)
    at async getDashboardStats (file:///C:/Users/ludin/Desktop/salidas/scanqueue/backend/src/controllers/DashboardController.js:12:19)
Path: /api/dashboard/stats

[2026-03-04T12:40:56.256Z] ERROR: 
Stack: AggregateError [ECONNREFUSED]: 
    at C:\Users\ludin\Desktop\salidas\scanqueue\backend\node_modules\pg-pool\index.js:45:11
    at process.processTicksAndRejections (node:internal/process/task_queues:105:5)
    at async query (file:///C:/Users/ludin/Desktop/salidas/scanqueue/backend/src/config/database.js:25:18)
    at async Module.getScansToday (file:///C:/Users/ludin/Desktop/salidas/scanqueue/backend/src/models/Scan.js:23:15)
    at async getTodaySummary (file:///C:/Users/ludin/Desktop/salidas/scanqueue/backend/src/controllers/DashboardController.js:30:24)
Path: /api/dashboard/today

[2026-03-04T12:40:56.325Z] ERROR: 
Stack: AggregateError [ECONNREFUSED]: 
    at C:\Users\ludin\Desktop\salidas\scanqueue\backend\node_modules\pg-pool\index.js:45:11
    at process.processTicksAndRejections (node:internal/process/task_queues:105:5)
    at async query (file:///C:/Users/ludin/Desktop/salidas/scanqueue/backend/src/config/database.js:25:18)
    at async Module.getScansToday (file:///C:/Users/ludin/Desktop/salidas/scanqueue/backend/src/models/Scan.js:23:15)
    at async Module.getScanStatistics (file:///C:/Users/ludin/Desktop/salidas/scanqueue/backend/src/services/ScanService.js:76:24)
    at async getDashboardStats (file:///C:/Users/ludin/Desktop/salidas/scanqueue/backend/src/controllers/DashboardController.js:12:19)
Path: /api/dashboard/stats

[2026-03-04T12:40:56.331Z] ERROR: 
Stack: AggregateError [ECONNREFUSED]: 
    at C:\Users\ludin\Desktop\salidas\scanqueue\backend\node_modules\pg-pool\index.js:45:11
    at process.processTicksAndRejections (node:internal/process/task_queues:105:5)
    at async query (file:///C:/Users/ludin/Desktop/salidas/scanqueue/backend/src/config/database.js:25:18)
    at async Module.getScansToday (file:///C:/Users/ludin/Desktop/salidas/scanqueue/backend/src/models/Scan.js:23:15)
    at async getTodaySummary (file:///C:/Users/ludin/Desktop/salidas/scanqueue/backend/src/controllers/DashboardController.js:30:24)
Path: /api/dashboard/today

[2026-03-04T12:40:56.375Z] ERROR: 
Stack: AggregateError [ECONNREFUSED]: 
    at C:\Users\ludin\Desktop\salidas\scanqueue\backend\node_modules\pg-pool\index.js:45:11
    at process.processTicksAndRejections (node:internal/process/task_queues:105:5)
    at async query (file:///C:/Users/ludin/Desktop/salidas/scanqueue/backend/src/config/database.js:25:18)
    at async Module.getScansToday (file:///C:/Users/ludin/Desktop/salidas/scanqueue/backend/src/models/Scan.js:23:15)
    at async Module.getScanStatistics (file:///C:/Users/ludin/Desktop/salidas/scanqueue/backend/src/services/ScanService.js:76:24)
    at async getDashboardStats (file:///C:/Users/ludin/Desktop/salidas/scanqueue/backend/src/controllers/DashboardController.js:12:19)
Path: /api/dashboard/stats

[2026-03-04T12:40:56.379Z] ERROR: 
Stack: AggregateError [ECONNREFUSED]: 
    at C:\Users\ludin\Desktop\salidas\scanqueue\backend\node_modules\pg-pool\index.js:45:11
    at process.processTicksAndRejections (node:internal/process/task_queues:105:5)
    at async query (file:///C:/Users/ludin/Desktop/salidas/scanqueue/backend/src/config/database.js:25:18)
    at async Module.getScansToday (file:///C:/Users/ludin/Desktop/salidas/scanqueue/backend/src/models/Scan.js:23:15)
    at async getTodaySummary (file:///C:/Users/ludin/Desktop/salidas/scanqueue/backend/src/controllers/DashboardController.js:30:24)
Path: /api/dashboard/today

[2026-03-04T12:40:56.456Z] ERROR: 
Stack: AggregateError [ECONNREFUSED]: 
    at C:\Users\ludin\Desktop\salidas\scanqueue\backend\node_modules\pg-pool\index.js:45:11
    at process.processTicksAndRejections (node:internal/process/task_queues:105:5)
    at async query (file:///C:/Users/ludin/Desktop/salidas/scanqueue/backend/src/config/database.js:25:18)
    at async Module.getScansToday (file:///C:/Users/ludin/Desktop/salidas/scanqueue/backend/src/models/Scan.js:23:15)
    at async Module.getScanStatistics (file:///C:/Users/ludin/Desktop/salidas/scanqueue/backend/src/services/ScanService.js:76:24)
    at async getDashboardStats (file:///C:/Users/ludin/Desktop/salidas/scanqueue/backend/src/controllers/DashboardController.js:12:19)
Path: /api/dashboard/stats

[2026-03-04T12:40:56.465Z] ERROR: 
Stack: AggregateError [ECONNREFUSED]: 
    at C:\Users\ludin\Desktop\salidas\scanqueue\backend\node_modules\pg-pool\index.js:45:11
    at process.processTicksAndRejections (node:internal/process/task_queues:105:5)
    at async query (file:///C:/Users/ludin/Desktop/salidas/scanqueue/backend/src/config/database.js:25:18)
    at async Module.getScansToday (file:///C:/Users/ludin/Desktop/salidas/scanqueue/backend/src/models/Scan.js:23:15)
    at async getTodaySummary (file:///C:/Users/ludin/Desktop/salidas/scanqueue/backend/src/controllers/DashboardController.js:30:24)
Path: /api/dashboard/today

[2026-03-04T12:40:56.538Z] ERROR: 
Stack: AggregateError [ECONNREFUSED]: 
    at C:\Users\ludin\Desktop\salidas\scanqueue\backend\node_modules\pg-pool\index.js:45:11
    at process.processTicksAndRejections (node:internal/process/task_queues:105:5)
    at async query (file:///C:/Users/ludin/Desktop/salidas/scanqueue/backend/src/config/database.js:25:18)
    at async Module.getScansToday (file:///C:/Users/ludin/Desktop/salidas/scanqueue/backend/src/models/Scan.js:23:15)
    at async Module.getScanStatistics (file:///C:/Users/ludin/Desktop/salidas/scanqueue/backend/src/services/ScanService.js:76:24)
    at async getDashboardStats (file:///C:/Users/ludin/Desktop/salidas/scanqueue/backend/src/controllers/DashboardController.js:12:19)
Path: /api/dashboard/stats

[2026-03-04T12:40:56.543Z] ERROR: 
Stack: AggregateError [ECONNREFUSED]: 
    at C:\Users\ludin\Desktop\salidas\scanqueue\backend\node_modules\pg-pool\index.js:45:11
    at process.processTicksAndRejections (node:internal/process/task_queues:105:5)
    at async query (file:///C:/Users/ludin/Desktop/salidas/scanqueue/backend/src/config/database.js:25:18)
    at async Module.getScansToday (file:///C:/Users/ludin/Desktop/salidas/scanqueue/backend/src/models/Scan.js:23:15)
    at async getTodaySummary (file:///C:/Users/ludin/Desktop/salidas/scanqueue/backend/src/controllers/DashboardController.js:30:24)
Path: /api/dashboard/today

[2026-03-04T12:40:56.608Z] ERROR: 
Stack: AggregateError [ECONNREFUSED]: 
    at C:\Users\ludin\Desktop\salidas\scanqueue\backend\node_modules\pg-pool\index.js:45:11
    at process.processTicksAndRejections (node:internal/process/task_queues:105:5)
    at async query (file:///C:/Users/ludin/Desktop/salidas/scanqueue/backend/src/config/database.js:25:18)
    at async Module.getScansToday (file:///C:/Users/ludin/Desktop/salidas/scanqueue/backend/src/models/Scan.js:23:15)
    at async Module.getScanStatistics (file:///C:/Users/ludin/Desktop/salidas/scanqueue/backend/src/services/ScanService.js:76:24)
    at async getDashboardStats (file:///C:/Users/ludin/Desktop/salidas/scanqueue/backend/src/controllers/DashboardController.js:12:19)
Path: /api/dashboard/stats

[2026-03-04T12:40:56.613Z] ERROR: 
Stack: AggregateError [ECONNREFUSED]: 
    at C:\Users\ludin\Desktop\salidas\scanqueue\backend\node_modules\pg-pool\index.js:45:11
    at process.processTicksAndRejections (node:internal/process/task_queues:105:5)
    at async query (file:///C:/Users/ludin/Desktop/salidas/scanqueue/backend/src/config/database.js:25:18)
    at async Module.getScansToday (file:///C:/Users/ludin/Desktop/salidas/scanqueue/backend/src/models/Scan.js:23:15)
    at async getTodaySummary (file:///C:/Users/ludin/Desktop/salidas/scanqueue/backend/src/controllers/DashboardController.js:30:24)
Path: /api/dashboard/today

[2026-03-04T12:40:56.687Z] ERROR: 
Stack: AggregateError [ECONNREFUSED]: 
    at C:\Users\ludin\Desktop\salidas\scanqueue\backend\node_modules\pg-pool\index.js:45:11
    at process.processTicksAndRejections (node:internal/process/task_queues:105:5)
    at async query (file:///C:/Users/ludin/Desktop/salidas/scanqueue/backend/src/config/database.js:25:18)
    at async Module.getScansToday (file:///C:/Users/ludin/Desktop/salidas/scanqueue/backend/src/models/Scan.js:23:15)
    at async Module.getScanStatistics (file:///C:/Users/ludin/Desktop/salidas/scanqueue/backend/src/services/ScanService.js:76:24)
    at async getDashboardStats (file:///C:/Users/ludin/Desktop/salidas/scanqueue/backend/src/controllers/DashboardController.js:12:19)
Path: /api/dashboard/stats

[2026-03-04T12:40:56.691Z] ERROR: 
Stack: AggregateError [ECONNREFUSED]: 
    at C:\Users\ludin\Desktop\salidas\scanqueue\backend\node_modules\pg-pool\index.js:45:11
    at process.processTicksAndRejections (node:internal/process/task_queues:105:5)
    at async query (file:///C:/Users/ludin/Desktop/salidas/scanqueue/backend/src/config/database.js:25:18)
    at async Module.getScansToday (file:///C:/Users/ludin/Desktop/salidas/scanqueue/backend/src/models/Scan.js:23:15)
    at async getTodaySummary (file:///C:/Users/ludin/Desktop/salidas/scanqueue/backend/src/controllers/DashboardController.js:30:24)
Path: /api/dashboard/today

[2026-03-04T12:40:56.754Z] ERROR: 
Stack: AggregateError [ECONNREFUSED]: 
    at C:\Users\ludin\Desktop\salidas\scanqueue\backend\node_modules\pg-pool\index.js:45:11
    at process.processTicksAndRejections (node:internal/process/task_queues:105:5)
    at async query (file:///C:/Users/ludin/Desktop/salidas/scanqueue/backend/src/config/database.js:25:18)
    at async Module.getScansToday (file:///C:/Users/ludin/Desktop/salidas/scanqueue/backend/src/models/Scan.js:23:15)
    at async Module.getScanStatistics (file:///C:/Users/ludin/Desktop/salidas/scanqueue/backend/src/services/ScanService.js:76:24)
    at async getDashboardStats (file:///C:/Users/ludin/Desktop/salidas/scanqueue/backend/src/controllers/DashboardController.js:12:19)
Path: /api/dashboard/stats

[2026-03-04T12:40:56.759Z] ERROR: 
Stack: AggregateError [ECONNREFUSED]: 
    at C:\Users\ludin\Desktop\salidas\scanqueue\backend\node_modules\pg-pool\index.js:45:11
    at process.processTicksAndRejections (node:internal/process/task_queues:105:5)
    at async query (file:///C:/Users/ludin/Desktop/salidas/scanqueue/backend/src/config/database.js:25:18)
    at async Module.getScansToday (file:///C:/Users/ludin/Desktop/salidas/scanqueue/backend/src/models/Scan.js:23:15)
    at async getTodaySummary (file:///C:/Users/ludin/Desktop/salidas/scanqueue/backend/src/controllers/DashboardController.js:30:24)
Path: /api/dashboard/today

[2026-03-04T12:40:56.829Z] ERROR: 
Stack: AggregateError [ECONNREFUSED]: 
    at C:\Users\ludin\Desktop\salidas\scanqueue\backend\node_modules\pg-pool\index.js:45:11
    at process.processTicksAndRejections (node:internal/process/task_queues:105:5)
    at async query (file:///C:/Users/ludin/Desktop/salidas/scanqueue/backend/src/config/database.js:25:18)
    at async Module.getScansToday (file:///C:/Users/ludin/Desktop/salidas/scanqueue/backend/src/models/Scan.js:23:15)
    at async Module.getScanStatistics (file:///C:/Users/ludin/Desktop/salidas/scanqueue/backend/src/services/ScanService.js:76:24)
    at async getDashboardStats (file:///C:/Users/ludin/Desktop/salidas/scanqueue/backend/src/controllers/DashboardController.js:12:19)
Path: /api/dashboard/stats

[2026-03-04T12:40:56.834Z] ERROR: 
Stack: AggregateError [ECONNREFUSED]: 
    at C:\Users\ludin\Desktop\salidas\scanqueue\backend\node_modules\pg-pool\index.js:45:11
    at process.processTicksAndRejections (node:internal/process/task_queues:105:5)
    at async query (file:///C:/Users/ludin/Desktop/salidas/scanqueue/backend/src/config/database.js:25:18)
    at async Module.getScansToday (file:///C:/Users/ludin/Desktop/salidas/scanqueue/backend/src/models/Scan.js:23:15)
    at async getTodaySummary (file:///C:/Users/ludin/Desktop/salidas/scanqueue/backend/src/controllers/DashboardController.js:30:24)
Path: /api/dashboard/today

[2026-03-04T12:40:56.895Z] ERROR: 
Stack: AggregateError [ECONNREFUSED]: 
    at C:\Users\ludin\Desktop\salidas\scanqueue\backend\node_modules\pg-pool\index.js:45:11
    at process.processTicksAndRejections (node:internal/process/task_queues:105:5)
    at async query (file:///C:/Users/ludin/Desktop/salidas/scanqueue/backend/src/config/database.js:25:18)
    at async Module.getScansToday (file:///C:/Users/ludin/Desktop/salidas/scanqueue/backend/src/models/Scan.js:23:15)
    at async Module.getScanStatistics (file:///C:/Users/ludin/Desktop/salidas/scanqueue/backend/src/services/ScanService.js:76:24)
    at async getDashboardStats (file:///C:/Users/ludin/Desktop/salidas/scanqueue/backend/src/controllers/DashboardController.js:12:19)
Path: /api/dashboard/stats

[2026-03-04T12:40:56.900Z] ERROR: 
Stack: AggregateError [ECONNREFUSED]: 
    at C:\Users\ludin\Desktop\salidas\scanqueue\backend\node_modules\pg-pool\index.js:45:11
    at process.processTicksAndRejections (node:internal/process/task_queues:105:5)
    at async query (file:///C:/Users/ludin/Desktop/salidas/scanqueue/backend/src/config/database.js:25:18)
    at async Module.getScansToday (file:///C:/Users/ludin/Desktop/salidas/scanqueue/backend/src/models/Scan.js:23:15)
    at async getTodaySummary (file:///C:/Users/ludin/Desktop/salidas/scanqueue/backend/src/controllers/DashboardController.js:30:24)
Path: /api/dashboard/today

[2026-03-04T12:40:56.952Z] ERROR: 
Stack: AggregateError [ECONNREFUSED]: 
    at C:\Users\ludin\Desktop\salidas\scanqueue\backend\node_modules\pg-pool\index.js:45:11
    at process.processTicksAndRejections (node:internal/process/task_queues:105:5)
    at async query (file:///C:/Users/ludin/Desktop/salidas/scanqueue/backend/src/config/database.js:25:18)
    at async Module.getScansToday (file:///C:/Users/ludin/Desktop/salidas/scanqueue/backend/src/models/Scan.js:23:15)
    at async Module.getScanStatistics (file:///C:/Users/ludin/Desktop/salidas/scanqueue/backend/src/services/ScanService.js:76:24)
    at async getDashboardStats (file:///C:/Users/ludin/Desktop/salidas/scanqueue/backend/src/controllers/DashboardController.js:12:19)
Path: /api/dashboard/stats

[2026-03-04T12:40:56.957Z] ERROR: 
Stack: AggregateError [ECONNREFUSED]: 
    at C:\Users\ludin\Desktop\salidas\scanqueue\backend\node_modules\pg-pool\index.js:45:11
    at process.processTicksAndRejections (node:internal/process/task_queues:105:5)
    at async query (file:///C:/Users/ludin/Desktop/salidas/scanqueue/backend/src/config/database.js:25:18)
    at async Module.getScansToday (file:///C:/Users/ludin/Desktop/salidas/scanqueue/backend/src/models/Scan.js:23:15)
    at async getTodaySummary (file:///C:/Users/ludin/Desktop/salidas/scanqueue/backend/src/controllers/DashboardController.js:30:24)
Path: /api/dashboard/today

[2026-03-04T12:40:57.162Z] ERROR: 
Stack: AggregateError [ECONNREFUSED]: 
    at C:\Users\ludin\Desktop\salidas\scanqueue\backend\node_modules\pg-pool\index.js:45:11
    at process.processTicksAndRejections (node:internal/process/task_queues:105:5)
    at async query (file:///C:/Users/ludin/Desktop/salidas/scanqueue/backend/src/config/database.js:25:18)
    at async Module.getScansToday (file:///C:/Users/ludin/Desktop/salidas/scanqueue/backend/src/models/Scan.js:23:15)
    at async Module.getScanStatistics (file:///C:/Users/ludin/Desktop/salidas/scanqueue/backend/src/services/ScanService.js:76:24)
    at async getDashboardStats (file:///C:/Users/ludin/Desktop/salidas/scanqueue/backend/src/controllers/DashboardController.js:12:19)
Path: /api/dashboard/stats

[2026-03-04T12:40:57.169Z] ERROR: 
Stack: AggregateError [ECONNREFUSED]: 
    at C:\Users\ludin\Desktop\salidas\scanqueue\backend\node_modules\pg-pool\index.js:45:11
    at process.processTicksAndRejections (node:internal/process/task_queues:105:5)
    at async query (file:///C:/Users/ludin/Desktop/salidas/scanqueue/backend/src/config/database.js:25:18)
    at async Module.getScansToday (file:///C:/Users/ludin/Desktop/salidas/scanqueue/backend/src/models/Scan.js:23:15)
    at async getTodaySummary (file:///C:/Users/ludin/Desktop/salidas/scanqueue/backend/src/controllers/DashboardController.js:30:24)
Path: /api/dashboard/today

[2026-03-04T12:40:57.214Z] ERROR: 
Stack: AggregateError [ECONNREFUSED]: 
    at C:\Users\ludin\Desktop\salidas\scanqueue\backend\node_modules\pg-pool\index.js:45:11
    at process.processTicksAndRejections (node:internal/process/task_queues:105:5)
    at async query (file:///C:/Users/ludin/Desktop/salidas/scanqueue/backend/src/config/database.js:25:18)
    at async Module.getScansToday (file:///C:/Users/ludin/Desktop/salidas/scanqueue/backend/src/models/Scan.js:23:15)
    at async Module.getScanStatistics (file:///C:/Users/ludin/Desktop/salidas/scanqueue/backend/src/services/ScanService.js:76:24)
    at async getDashboardStats (file:///C:/Users/ludin/Desktop/salidas/scanqueue/backend/src/controllers/DashboardController.js:12:19)
Path: /api/dashboard/stats

[2026-03-04T12:40:57.219Z] ERROR: 
Stack: AggregateError [ECONNREFUSED]: 
    at C:\Users\ludin\Desktop\salidas\scanqueue\backend\node_modules\pg-pool\index.js:45:11
    at process.processTicksAndRejections (node:internal/process/task_queues:105:5)
    at async query (file:///C:/Users/ludin/Desktop/salidas/scanqueue/backend/src/config/database.js:25:18)
    at async Module.getScansToday (file:///C:/Users/ludin/Desktop/salidas/scanqueue/backend/src/models/Scan.js:23:15)
    at async getTodaySummary (file:///C:/Users/ludin/Desktop/salidas/scanqueue/backend/src/controllers/DashboardController.js:30:24)
Path: /api/dashboard/today

[2026-03-04T12:40:57.282Z] ERROR: 
Stack: AggregateError [ECONNREFUSED]: 
    at C:\Users\ludin\Desktop\salidas\scanqueue\backend\node_modules\pg-pool\index.js:45:11
    at process.processTicksAndRejections (node:internal/process/task_queues:105:5)
    at async query (file:///C:/Users/ludin/Desktop/salidas/scanqueue/backend/src/config/database.js:25:18)
    at async Module.getScansToday (file:///C:/Users/ludin/Desktop/salidas/scanqueue/backend/src/models/Scan.js:23:15)
    at async Module.getScanStatistics (file:///C:/Users/ludin/Desktop/salidas/scanqueue/backend/src/services/ScanService.js:76:24)
    at async getDashboardStats (file:///C:/Users/ludin/Desktop/salidas/scanqueue/backend/src/controllers/DashboardController.js:12:19)
Path: /api/dashboard/stats

[2026-03-04T12:40:57.288Z] ERROR: 
Stack: AggregateError [ECONNREFUSED]: 
    at C:\Users\ludin\Desktop\salidas\scanqueue\backend\node_modules\pg-pool\index.js:45:11
    at process.processTicksAndRejections (node:internal/process/task_queues:105:5)
    at async query (file:///C:/Users/ludin/Desktop/salidas/scanqueue/backend/src/config/database.js:25:18)
    at async Module.getScansToday (file:///C:/Users/ludin/Desktop/salidas/scanqueue/backend/src/models/Scan.js:23:15)
    at async getTodaySummary (file:///C:/Users/ludin/Desktop/salidas/scanqueue/backend/src/controllers/DashboardController.js:30:24)
Path: /api/dashboard/today

[2026-03-04T12:40:57.355Z] ERROR: 
Stack: AggregateError [ECONNREFUSED]: 
    at C:\Users\ludin\Desktop\salidas\scanqueue\backend\node_modules\pg-pool\index.js:45:11
    at process.processTicksAndRejections (node:internal/process/task_queues:105:5)
    at async query (file:///C:/Users/ludin/Desktop/salidas/scanqueue/backend/src/config/database.js:25:18)
    at async Module.getScansToday (file:///C:/Users/ludin/Desktop/salidas/scanqueue/backend/src/models/Scan.js:23:15)
    at async Module.getScanStatistics (file:///C:/Users/ludin/Desktop/salidas/scanqueue/backend/src/services/ScanService.js:76:24)
    at async getDashboardStats (file:///C:/Users/ludin/Desktop/salidas/scanqueue/backend/src/controllers/DashboardController.js:12:19)
Path: /api/dashboard/stats

[2026-03-04T12:40:57.359Z] ERROR: 
Stack: AggregateError [ECONNREFUSED]: 
    at C:\Users\ludin\Desktop\salidas\scanqueue\backend\node_modules\pg-pool\index.js:45:11
    at process.processTicksAndRejections (node:internal/process/task_queues:105:5)
    at async query (file:///C:/Users/ludin/Desktop/salidas/scanqueue/backend/src/config/database.js:25:18)
    at async Module.getScansToday (file:///C:/Users/ludin/Desktop/salidas/scanqueue/backend/src/models/Scan.js:23:15)
    at async getTodaySummary (file:///C:/Users/ludin/Desktop/salidas/scanqueue/backend/src/controllers/DashboardController.js:30:24)
Path: /api/dashboard/today

[2026-03-04T12:40:57.399Z] ERROR: 
Stack: AggregateError [ECONNREFUSED]: 
    at C:\Users\ludin\Desktop\salidas\scanqueue\backend\node_modules\pg-pool\index.js:45:11
    at process.processTicksAndRejections (node:internal/process/task_queues:105:5)
    at async query (file:///C:/Users/ludin/Desktop/salidas/scanqueue/backend/src/config/database.js:25:18)
    at async Module.getScansToday (file:///C:/Users/ludin/Desktop/salidas/scanqueue/backend/src/models/Scan.js:23:15)
    at async Module.getScanStatistics (file:///C:/Users/ludin/Desktop/salidas/scanqueue/backend/src/services/ScanService.js:76:24)
    at async getDashboardStats (file:///C:/Users/ludin/Desktop/salidas/scanqueue/backend/src/controllers/DashboardController.js:12:19)
Path: /api/dashboard/stats

[2026-03-04T12:40:57.403Z] ERROR: 
Stack: AggregateError [ECONNREFUSED]: 
    at C:\Users\ludin\Desktop\salidas\scanqueue\backend\node_modules\pg-pool\index.js:45:11
    at process.processTicksAndRejections (node:internal/process/task_queues:105:5)
    at async query (file:///C:/Users/ludin/Desktop/salidas/scanqueue/backend/src/config/database.js:25:18)
    at async Module.getScansToday (file:///C:/Users/ludin/Desktop/salidas/scanqueue/backend/src/models/Scan.js:23:15)
    at async getTodaySummary (file:///C:/Users/ludin/Desktop/salidas/scanqueue/backend/src/controllers/DashboardController.js:30:24)
Path: /api/dashboard/today

[2026-03-04T12:40:57.455Z] ERROR: 
Stack: AggregateError [ECONNREFUSED]: 
    at C:\Users\ludin\Desktop\salidas\scanqueue\backend\node_modules\pg-pool\index.js:45:11
    at process.processTicksAndRejections (node:internal/process/task_queues:105:5)
    at async query (file:///C:/Users/ludin/Desktop/salidas/scanqueue/backend/src/config/database.js:25:18)
    at async Module.getScansToday (file:///C:/Users/ludin/Desktop/salidas/scanqueue/backend/src/models/Scan.js:23:15)
    at async Module.getScanStatistics (file:///C:/Users/ludin/Desktop/salidas/scanqueue/backend/src/services/ScanService.js:76:24)
    at async getDashboardStats (file:///C:/Users/ludin/Desktop/salidas/scanqueue/backend/src/controllers/DashboardController.js:12:19)
Path: /api/dashboard/stats

[2026-03-04T12:40:57.459Z] ERROR: 
Stack: AggregateError [ECONNREFUSED]: 
    at C:\Users\ludin\Desktop\salidas\scanqueue\backend\node_modules\pg-pool\index.js:45:11
    at process.processTicksAndRejections (node:internal/process/task_queues:105:5)
    at async query (file:///C:/Users/ludin/Desktop/salidas/scanqueue/backend/src/config/database.js:25:18)
    at async Module.getScansToday (file:///C:/Users/ludin/Desktop/salidas/scanqueue/backend/src/models/Scan.js:23:15)
    at async getTodaySummary (file:///C:/Users/ludin/Desktop/salidas/scanqueue/backend/src/controllers/DashboardController.js:30:24)
Path: /api/dashboard/today

[2026-03-04T12:40:57.495Z] ERROR: 
Stack: AggregateError [ECONNREFUSED]: 
    at C:\Users\ludin\Desktop\salidas\scanqueue\backend\node_modules\pg-pool\index.js:45:11
    at process.processTicksAndRejections (node:internal/process/task_queues:105:5)
    at async query (file:///C:/Users/ludin/Desktop/salidas/scanqueue/backend/src/config/database.js:25:18)
    at async Module.getScansToday (file:///C:/Users/ludin/Desktop/salidas/scanqueue/backend/src/models/Scan.js:23:15)
    at async Module.getScanStatistics (file:///C:/Users/ludin/Desktop/salidas/scanqueue/backend/src/services/ScanService.js:76:24)
    at async getDashboardStats (file:///C:/Users/ludin/Desktop/salidas/scanqueue/backend/src/controllers/DashboardController.js:12:19)
Path: /api/dashboard/stats

[2026-03-04T12:40:57.499Z] ERROR: 
Stack: AggregateError [ECONNREFUSED]: 
    at C:\Users\ludin\Desktop\salidas\scanqueue\backend\node_modules\pg-pool\index.js:45:11
    at process.processTicksAndRejections (node:internal/process/task_queues:105:5)
    at async query (file:///C:/Users/ludin/Desktop/salidas/scanqueue/backend/src/config/database.js:25:18)
    at async Module.getScansToday (file:///C:/Users/ludin/Desktop/salidas/scanqueue/backend/src/models/Scan.js:23:15)
    at async getTodaySummary (file:///C:/Users/ludin/Desktop/salidas/scanqueue/backend/src/controllers/DashboardController.js:30:24)
Path: /api/dashboard/today

[2026-03-04T12:40:57.547Z] ERROR: 
Stack: AggregateError [ECONNREFUSED]: 
    at C:\Users\ludin\Desktop\salidas\scanqueue\backend\node_modules\pg-pool\index.js:45:11
    at process.processTicksAndRejections (node:internal/process/task_queues:105:5)
    at async query (file:///C:/Users/ludin/Desktop/salidas/scanqueue/backend/src/config/database.js:25:18)
    at async Module.getScansToday (file:///C:/Users/ludin/Desktop/salidas/scanqueue/backend/src/models/Scan.js:23:15)
    at async Module.getScanStatistics (file:///C:/Users/ludin/Desktop/salidas/scanqueue/backend/src/services/ScanService.js:76:24)
    at async getDashboardStats (file:///C:/Users/ludin/Desktop/salidas/scanqueue/backend/src/controllers/DashboardController.js:12:19)
Path: /api/dashboard/stats

[2026-03-04T12:40:57.551Z] ERROR: 
Stack: AggregateError [ECONNREFUSED]: 
    at C:\Users\ludin\Desktop\salidas\scanqueue\backend\node_modules\pg-pool\index.js:45:11
    at process.processTicksAndRejections (node:internal/process/task_queues:105:5)
    at async query (file:///C:/Users/ludin/Desktop/salidas/scanqueue/backend/src/config/database.js:25:18)
    at async Module.getScansToday (file:///C:/Users/ludin/Desktop/salidas/scanqueue/backend/src/models/Scan.js:23:15)
    at async getTodaySummary (file:///C:/Users/ludin/Desktop/salidas/scanqueue/backend/src/controllers/DashboardController.js:30:24)
Path: /api/dashboard/today

[2026-03-04T12:40:57.601Z] ERROR: 
Stack: AggregateError [ECONNREFUSED]: 
    at C:\Users\ludin\Desktop\salidas\scanqueue\backend\node_modules\pg-pool\index.js:45:11
    at process.processTicksAndRejections (node:internal/process/task_queues:105:5)
    at async query (file:///C:/Users/ludin/Desktop/salidas/scanqueue/backend/src/config/database.js:25:18)
    at async Module.getScansToday (file:///C:/Users/ludin/Desktop/salidas/scanqueue/backend/src/models/Scan.js:23:15)
    at async Module.getScanStatistics (file:///C:/Users/ludin/Desktop/salidas/scanqueue/backend/src/services/ScanService.js:76:24)
    at async getDashboardStats (file:///C:/Users/ludin/Desktop/salidas/scanqueue/backend/src/controllers/DashboardController.js:12:19)
Path: /api/dashboard/stats

[2026-03-04T12:40:57.604Z] ERROR: 
Stack: AggregateError [ECONNREFUSED]: 
    at C:\Users\ludin\Desktop\salidas\scanqueue\backend\node_modules\pg-pool\index.js:45:11
    at process.processTicksAndRejections (node:internal/process/task_queues:105:5)
    at async query (file:///C:/Users/ludin/Desktop/salidas/scanqueue/backend/src/config/database.js:25:18)
    at async Module.getScansToday (file:///C:/Users/ludin/Desktop/salidas/scanqueue/backend/src/models/Scan.js:23:15)
    at async getTodaySummary (file:///C:/Users/ludin/Desktop/salidas/scanqueue/backend/src/controllers/DashboardController.js:30:24)
Path: /api/dashboard/today

[2026-03-04T12:40:57.644Z] ERROR: 
Stack: AggregateError [ECONNREFUSED]: 
    at C:\Users\ludin\Desktop\salidas\scanqueue\backend\node_modules\pg-pool\index.js:45:11
    at process.processTicksAndRejections (node:internal/process/task_queues:105:5)
    at async query (file:///C:/Users/ludin/Desktop/salidas/scanqueue/backend/src/config/database.js:25:18)
    at async Module.getScansToday (file:///C:/Users/ludin/Desktop/salidas/scanqueue/backend/src/models/Scan.js:23:15)
    at async Module.getScanStatistics (file:///C:/Users/ludin/Desktop/salidas/scanqueue/backend/src/services/ScanService.js:76:24)
    at async getDashboardStats (file:///C:/Users/ludin/Desktop/salidas/scanqueue/backend/src/controllers/DashboardController.js:12:19)
Path: /api/dashboard/stats

[2026-03-04T12:40:57.648Z] ERROR: 
Stack: AggregateError [ECONNREFUSED]: 
    at C:\Users\ludin\Desktop\salidas\scanqueue\backend\node_modules\pg-pool\index.js:45:11
    at process.processTicksAndRejections (node:internal/process/task_queues:105:5)
    at async query (file:///C:/Users/ludin/Desktop/salidas/scanqueue/backend/src/config/database.js:25:18)
    at async Module.getScansToday (file:///C:/Users/ludin/Desktop/salidas/scanqueue/backend/src/models/Scan.js:23:15)
    at async getTodaySummary (file:///C:/Users/ludin/Desktop/salidas/scanqueue/backend/src/controllers/DashboardController.js:30:24)
Path: /api/dashboard/today

[2026-03-04T12:40:57.712Z] ERROR: 
Stack: AggregateError [ECONNREFUSED]: 
    at C:\Users\ludin\Desktop\salidas\scanqueue\backend\node_modules\pg-pool\index.js:45:11
    at process.processTicksAndRejections (node:internal/process/task_queues:105:5)
    at async query (file:///C:/Users/ludin/Desktop/salidas/scanqueue/backend/src/config/database.js:25:18)
    at async Module.getScansToday (file:///C:/Users/ludin/Desktop/salidas/scanqueue/backend/src/models/Scan.js:23:15)
    at async Module.getScanStatistics (file:///C:/Users/ludin/Desktop/salidas/scanqueue/backend/src/services/ScanService.js:76:24)
    at async getDashboardStats (file:///C:/Users/ludin/Desktop/salidas/scanqueue/backend/src/controllers/DashboardController.js:12:19)
Path: /api/dashboard/stats

[2026-03-04T12:40:57.718Z] ERROR: 
Stack: AggregateError [ECONNREFUSED]: 
    at C:\Users\ludin\Desktop\salidas\scanqueue\backend\node_modules\pg-pool\index.js:45:11
    at process.processTicksAndRejections (node:internal/process/task_queues:105:5)
    at async query (file:///C:/Users/ludin/Desktop/salidas/scanqueue/backend/src/config/database.js:25:18)
    at async Module.getScansToday (file:///C:/Users/ludin/Desktop/salidas/scanqueue/backend/src/models/Scan.js:23:15)
    at async getTodaySummary (file:///C:/Users/ludin/Desktop/salidas/scanqueue/backend/src/controllers/DashboardController.js:30:24)
Path: /api/dashboard/today

[2026-03-04T12:40:57.769Z] ERROR: 
Stack: AggregateError [ECONNREFUSED]: 
    at C:\Users\ludin\Desktop\salidas\scanqueue\backend\node_modules\pg-pool\index.js:45:11
    at process.processTicksAndRejections (node:internal/process/task_queues:105:5)
    at async query (file:///C:/Users/ludin/Desktop/salidas/scanqueue/backend/src/config/database.js:25:18)
    at async Module.getScansToday (file:///C:/Users/ludin/Desktop/salidas/scanqueue/backend/src/models/Scan.js:23:15)
    at async Module.getScanStatistics (file:///C:/Users/ludin/Desktop/salidas/scanqueue/backend/src/services/ScanService.js:76:24)
    at async getDashboardStats (file:///C:/Users/ludin/Desktop/salidas/scanqueue/backend/src/controllers/DashboardController.js:12:19)
Path: /api/dashboard/stats

[2026-03-04T12:40:57.773Z] ERROR: 
Stack: AggregateError [ECONNREFUSED]: 
    at C:\Users\ludin\Desktop\salidas\scanqueue\backend\node_modules\pg-pool\index.js:45:11
    at process.processTicksAndRejections (node:internal/process/task_queues:105:5)
    at async query (file:///C:/Users/ludin/Desktop/salidas/scanqueue/backend/src/config/database.js:25:18)
    at async Module.getScansToday (file:///C:/Users/ludin/Desktop/salidas/scanqueue/backend/src/models/Scan.js:23:15)
    at async getTodaySummary (file:///C:/Users/ludin/Desktop/salidas/scanqueue/backend/src/controllers/DashboardController.js:30:24)
Path: /api/dashboard/today

[2026-03-04T12:40:57.820Z] ERROR: 
Stack: AggregateError [ECONNREFUSED]: 
    at C:\Users\ludin\Desktop\salidas\scanqueue\backend\node_modules\pg-pool\index.js:45:11
    at process.processTicksAndRejections (node:internal/process/task_queues:105:5)
    at async query (file:///C:/Users/ludin/Desktop/salidas/scanqueue/backend/src/config/database.js:25:18)
    at async Module.getScansToday (file:///C:/Users/ludin/Desktop/salidas/scanqueue/backend/src/models/Scan.js:23:15)
    at async Module.getScanStatistics (file:///C:/Users/ludin/Desktop/salidas/scanqueue/backend/src/services/ScanService.js:76:24)
    at async getDashboardStats (file:///C:/Users/ludin/Desktop/salidas/scanqueue/backend/src/controllers/DashboardController.js:12:19)
Path: /api/dashboard/stats

[2026-03-04T12:40:57.824Z] ERROR: 
Stack: AggregateError [ECONNREFUSED]: 
    at C:\Users\ludin\Desktop\salidas\scanqueue\backend\node_modules\pg-pool\index.js:45:11
    at process.processTicksAndRejections (node:internal/process/task_queues:105:5)
    at async query (file:///C:/Users/ludin/Desktop/salidas/scanqueue/backend/src/config/database.js:25:18)
    at async Module.getScansToday (file:///C:/Users/ludin/Desktop/salidas/scanqueue/backend/src/models/Scan.js:23:15)
    at async getTodaySummary (file:///C:/Users/ludin/Desktop/salidas/scanqueue/backend/src/controllers/DashboardController.js:30:24)
Path: /api/dashboard/today

[2026-03-04T12:40:57.858Z] ERROR: 
Stack: AggregateError [ECONNREFUSED]: 
    at C:\Users\ludin\Desktop\salidas\scanqueue\backend\node_modules\pg-pool\index.js:45:11
    at process.processTicksAndRejections (node:internal/process/task_queues:105:5)
    at async query (file:///C:/Users/ludin/Desktop/salidas/scanqueue/backend/src/config/database.js:25:18)
    at async Module.getScansToday (file:///C:/Users/ludin/Desktop/salidas/scanqueue/backend/src/models/Scan.js:23:15)
    at async Module.getScanStatistics (file:///C:/Users/ludin/Desktop/salidas/scanqueue/backend/src/services/ScanService.js:76:24)
    at async getDashboardStats (file:///C:/Users/ludin/Desktop/salidas/scanqueue/backend/src/controllers/DashboardController.js:12:19)
Path: /api/dashboard/stats

[2026-03-04T12:40:57.863Z] ERROR: 
Stack: AggregateError [ECONNREFUSED]: 
    at C:\Users\ludin\Desktop\salidas\scanqueue\backend\node_modules\pg-pool\index.js:45:11
    at process.processTicksAndRejections (node:internal/process/task_queues:105:5)
    at async query (file:///C:/Users/ludin/Desktop/salidas/scanqueue/backend/src/config/database.js:25:18)
    at async Module.getScansToday (file:///C:/Users/ludin/Desktop/salidas/scanqueue/backend/src/models/Scan.js:23:15)
    at async getTodaySummary (file:///C:/Users/ludin/Desktop/salidas/scanqueue/backend/src/controllers/DashboardController.js:30:24)
Path: /api/dashboard/today

[2026-03-04T12:40:58.044Z] ERROR: 
Stack: AggregateError [ECONNREFUSED]: 
    at C:\Users\ludin\Desktop\salidas\scanqueue\backend\node_modules\pg-pool\index.js:45:11
    at process.processTicksAndRejections (node:internal/process/task_queues:105:5)
    at async query (file:///C:/Users/ludin/Desktop/salidas/scanqueue/backend/src/config/database.js:25:18)
    at async Module.getScansToday (file:///C:/Users/ludin/Desktop/salidas/scanqueue/backend/src/models/Scan.js:23:15)
    at async Module.getScanStatistics (file:///C:/Users/ludin/Desktop/salidas/scanqueue/backend/src/services/ScanService.js:76:24)
    at async getDashboardStats (file:///C:/Users/ludin/Desktop/salidas/scanqueue/backend/src/controllers/DashboardController.js:12:19)
Path: /api/dashboard/stats

[2026-03-04T12:40:58.050Z] ERROR: 
Stack: AggregateError [ECONNREFUSED]: 
    at C:\Users\ludin\Desktop\salidas\scanqueue\backend\node_modules\pg-pool\index.js:45:11
    at process.processTicksAndRejections (node:internal/process/task_queues:105:5)
    at async query (file:///C:/Users/ludin/Desktop/salidas/scanqueue/backend/src/config/database.js:25:18)
    at async Module.getScansToday (file:///C:/Users/ludin/Desktop/salidas/scanqueue/backend/src/models/Scan.js:23:15)
    at async getTodaySummary (file:///C:/Users/ludin/Desktop/salidas/scanqueue/backend/src/controllers/DashboardController.js:30:24)
Path: /api/dashboard/today

[2026-03-04T12:40:58.094Z] ERROR: 
Stack: AggregateError [ECONNREFUSED]: 
    at C:\Users\ludin\Desktop\salidas\scanqueue\backend\node_modules\pg-pool\index.js:45:11
    at process.processTicksAndRejections (node:internal/process/task_queues:105:5)
    at async query (file:///C:/Users/ludin/Desktop/salidas/scanqueue/backend/src/config/database.js:25:18)
    at async Module.getScansToday (file:///C:/Users/ludin/Desktop/salidas/scanqueue/backend/src/models/Scan.js:23:15)
    at async Module.getScanStatistics (file:///C:/Users/ludin/Desktop/salidas/scanqueue/backend/src/services/ScanService.js:76:24)
    at async getDashboardStats (file:///C:/Users/ludin/Desktop/salidas/scanqueue/backend/src/controllers/DashboardController.js:12:19)
Path: /api/dashboard/stats

[2026-03-04T12:40:58.099Z] ERROR: 
Stack: AggregateError [ECONNREFUSED]: 
    at C:\Users\ludin\Desktop\salidas\scanqueue\backend\node_modules\pg-pool\index.js:45:11
    at process.processTicksAndRejections (node:internal/process/task_queues:105:5)
    at async query (file:///C:/Users/ludin/Desktop/salidas/scanqueue/backend/src/config/database.js:25:18)
    at async Module.getScansToday (file:///C:/Users/ludin/Desktop/salidas/scanqueue/backend/src/models/Scan.js:23:15)
    at async getTodaySummary (file:///C:/Users/ludin/Desktop/salidas/scanqueue/backend/src/controllers/DashboardController.js:30:24)
Path: /api/dashboard/today

[2026-03-04T12:40:58.152Z] ERROR: 
Stack: AggregateError [ECONNREFUSED]: 
    at C:\Users\ludin\Desktop\salidas\scanqueue\backend\node_modules\pg-pool\index.js:45:11
    at process.processTicksAndRejections (node:internal/process/task_queues:105:5)
    at async query (file:///C:/Users/ludin/Desktop/salidas/scanqueue/backend/src/config/database.js:25:18)
    at async Module.getScansToday (file:///C:/Users/ludin/Desktop/salidas/scanqueue/backend/src/models/Scan.js:23:15)
    at async Module.getScanStatistics (file:///C:/Users/ludin/Desktop/salidas/scanqueue/backend/src/services/ScanService.js:76:24)
    at async getDashboardStats (file:///C:/Users/ludin/Desktop/salidas/scanqueue/backend/src/controllers/DashboardController.js:12:19)
Path: /api/dashboard/stats

[2026-03-04T12:40:58.155Z] ERROR: 
Stack: AggregateError [ECONNREFUSED]: 
    at C:\Users\ludin\Desktop\salidas\scanqueue\backend\node_modules\pg-pool\index.js:45:11
    at process.processTicksAndRejections (node:internal/process/task_queues:105:5)
    at async query (file:///C:/Users/ludin/Desktop/salidas/scanqueue/backend/src/config/database.js:25:18)
    at async Module.getScansToday (file:///C:/Users/ludin/Desktop/salidas/scanqueue/backend/src/models/Scan.js:23:15)
    at async getTodaySummary (file:///C:/Users/ludin/Desktop/salidas/scanqueue/backend/src/controllers/DashboardController.js:30:24)
Path: /api/dashboard/today

[2026-03-04T12:40:58.212Z] ERROR: 
Stack: AggregateError [ECONNREFUSED]: 
    at C:\Users\ludin\Desktop\salidas\scanqueue\backend\node_modules\pg-pool\index.js:45:11
    at process.processTicksAndRejections (node:internal/process/task_queues:105:5)
    at async query (file:///C:/Users/ludin/Desktop/salidas/scanqueue/backend/src/config/database.js:25:18)
    at async Module.getScansToday (file:///C:/Users/ludin/Desktop/salidas/scanqueue/backend/src/models/Scan.js:23:15)
    at async Module.getScanStatistics (file:///C:/Users/ludin/Desktop/salidas/scanqueue/backend/src/services/ScanService.js:76:24)
    at async getDashboardStats (file:///C:/Users/ludin/Desktop/salidas/scanqueue/backend/src/controllers/DashboardController.js:12:19)
Path: /api/dashboard/stats

[2026-03-04T12:40:58.217Z] ERROR: 
Stack: AggregateError [ECONNREFUSED]: 
    at C:\Users\ludin\Desktop\salidas\scanqueue\backend\node_modules\pg-pool\index.js:45:11
    at process.processTicksAndRejections (node:internal/process/task_queues:105:5)
    at async query (file:///C:/Users/ludin/Desktop/salidas/scanqueue/backend/src/config/database.js:25:18)
    at async Module.getScansToday (file:///C:/Users/ludin/Desktop/salidas/scanqueue/backend/src/models/Scan.js:23:15)
    at async getTodaySummary (file:///C:/Users/ludin/Desktop/salidas/scanqueue/backend/src/controllers/DashboardController.js:30:24)
Path: /api/dashboard/today

[2026-03-04T12:40:58.268Z] ERROR: 
Stack: AggregateError [ECONNREFUSED]: 
    at C:\Users\ludin\Desktop\salidas\scanqueue\backend\node_modules\pg-pool\index.js:45:11
    at process.processTicksAndRejections (node:internal/process/task_queues:105:5)
    at async query (file:///C:/Users/ludin/Desktop/salidas/scanqueue/backend/src/config/database.js:25:18)
    at async Module.getScansToday (file:///C:/Users/ludin/Desktop/salidas/scanqueue/backend/src/models/Scan.js:23:15)
    at async Module.getScanStatistics (file:///C:/Users/ludin/Desktop/salidas/scanqueue/backend/src/services/ScanService.js:76:24)
    at async getDashboardStats (file:///C:/Users/ludin/Desktop/salidas/scanqueue/backend/src/controllers/DashboardController.js:12:19)
Path: /api/dashboard/stats

[2026-03-04T12:40:58.272Z] ERROR: 
Stack: AggregateError [ECONNREFUSED]: 
    at C:\Users\ludin\Desktop\salidas\scanqueue\backend\node_modules\pg-pool\index.js:45:11
    at process.processTicksAndRejections (node:internal/process/task_queues:105:5)
    at async query (file:///C:/Users/ludin/Desktop/salidas/scanqueue/backend/src/config/database.js:25:18)
    at async Module.getScansToday (file:///C:/Users/ludin/Desktop/salidas/scanqueue/backend/src/models/Scan.js:23:15)
    at async getTodaySummary (file:///C:/Users/ludin/Desktop/salidas/scanqueue/backend/src/controllers/DashboardController.js:30:24)
Path: /api/dashboard/today

[2026-03-04T12:40:58.330Z] ERROR: 
Stack: AggregateError [ECONNREFUSED]: 
    at C:\Users\ludin\Desktop\salidas\scanqueue\backend\node_modules\pg-pool\index.js:45:11
    at process.processTicksAndRejections (node:internal/process/task_queues:105:5)
    at async query (file:///C:/Users/ludin/Desktop/salidas/scanqueue/backend/src/config/database.js:25:18)
    at async Module.getScansToday (file:///C:/Users/ludin/Desktop/salidas/scanqueue/backend/src/models/Scan.js:23:15)
    at async Module.getScanStatistics (file:///C:/Users/ludin/Desktop/salidas/scanqueue/backend/src/services/ScanService.js:76:24)
    at async getDashboardStats (file:///C:/Users/ludin/Desktop/salidas/scanqueue/backend/src/controllers/DashboardController.js:12:19)
Path: /api/dashboard/stats

[2026-03-04T12:40:58.334Z] ERROR: 
Stack: AggregateError [ECONNREFUSED]: 
    at C:\Users\ludin\Desktop\salidas\scanqueue\backend\node_modules\pg-pool\index.js:45:11
    at process.processTicksAndRejections (node:internal/process/task_queues:105:5)
    at async query (file:///C:/Users/ludin/Desktop/salidas/scanqueue/backend/src/config/database.js:25:18)
    at async Module.getScansToday (file:///C:/Users/ludin/Desktop/salidas/scanqueue/backend/src/models/Scan.js:23:15)
    at async getTodaySummary (file:///C:/Users/ludin/Desktop/salidas/scanqueue/backend/src/controllers/DashboardController.js:30:24)
Path: /api/dashboard/today

[2026-03-04T12:40:58.392Z] ERROR: 
Stack: AggregateError [ECONNREFUSED]: 
    at C:\Users\ludin\Desktop\salidas\scanqueue\backend\node_modules\pg-pool\index.js:45:11
    at process.processTicksAndRejections (node:internal/process/task_queues:105:5)
    at async query (file:///C:/Users/ludin/Desktop/salidas/scanqueue/backend/src/config/database.js:25:18)
    at async Module.getScansToday (file:///C:/Users/ludin/Desktop/salidas/scanqueue/backend/src/models/Scan.js:23:15)
    at async Module.getScanStatistics (file:///C:/Users/ludin/Desktop/salidas/scanqueue/backend/src/services/ScanService.js:76:24)
    at async getDashboardStats (file:///C:/Users/ludin/Desktop/salidas/scanqueue/backend/src/controllers/DashboardController.js:12:19)
Path: /api/dashboard/stats

[2026-03-04T12:40:58.397Z] ERROR: 
Stack: AggregateError [ECONNREFUSED]: 
    at C:\Users\ludin\Desktop\salidas\scanqueue\backend\node_modules\pg-pool\index.js:45:11
    at process.processTicksAndRejections (node:internal/process/task_queues:105:5)
    at async query (file:///C:/Users/ludin/Desktop/salidas/scanqueue/backend/src/config/database.js:25:18)
    at async Module.getScansToday (file:///C:/Users/ludin/Desktop/salidas/scanqueue/backend/src/models/Scan.js:23:15)
    at async getTodaySummary (file:///C:/Users/ludin/Desktop/salidas/scanqueue/backend/src/controllers/DashboardController.js:30:24)
Path: /api/dashboard/today

[2026-03-04T12:40:58.482Z] ERROR: 
Stack: AggregateError [ECONNREFUSED]: 
    at C:\Users\ludin\Desktop\salidas\scanqueue\backend\node_modules\pg-pool\index.js:45:11
    at process.processTicksAndRejections (node:internal/process/task_queues:105:5)
    at async query (file:///C:/Users/ludin/Desktop/salidas/scanqueue/backend/src/config/database.js:25:18)
    at async Module.getScansToday (file:///C:/Users/ludin/Desktop/salidas/scanqueue/backend/src/models/Scan.js:23:15)
    at async Module.getScanStatistics (file:///C:/Users/ludin/Desktop/salidas/scanqueue/backend/src/services/ScanService.js:76:24)
    at async getDashboardStats (file:///C:/Users/ludin/Desktop/salidas/scanqueue/backend/src/controllers/DashboardController.js:12:19)
Path: /api/dashboard/stats

[2026-03-04T12:40:58.495Z] ERROR: 
Stack: AggregateError [ECONNREFUSED]: 
    at C:\Users\ludin\Desktop\salidas\scanqueue\backend\node_modules\pg-pool\index.js:45:11
    at process.processTicksAndRejections (node:internal/process/task_queues:105:5)
    at async query (file:///C:/Users/ludin/Desktop/salidas/scanqueue/backend/src/config/database.js:25:18)
    at async Module.getScansToday (file:///C:/Users/ludin/Desktop/salidas/scanqueue/backend/src/models/Scan.js:23:15)
    at async getTodaySummary (file:///C:/Users/ludin/Desktop/salidas/scanqueue/backend/src/controllers/DashboardController.js:30:24)
Path: /api/dashboard/today

[2026-03-04T12:40:58.552Z] ERROR: 
Stack: AggregateError [ECONNREFUSED]: 
    at C:\Users\ludin\Desktop\salidas\scanqueue\backend\node_modules\pg-pool\index.js:45:11
    at process.processTicksAndRejections (node:internal/process/task_queues:105:5)
    at async query (file:///C:/Users/ludin/Desktop/salidas/scanqueue/backend/src/config/database.js:25:18)
    at async Module.getScansToday (file:///C:/Users/ludin/Desktop/salidas/scanqueue/backend/src/models/Scan.js:23:15)
    at async Module.getScanStatistics (file:///C:/Users/ludin/Desktop/salidas/scanqueue/backend/src/services/ScanService.js:76:24)
    at async getDashboardStats (file:///C:/Users/ludin/Desktop/salidas/scanqueue/backend/src/controllers/DashboardController.js:12:19)
Path: /api/dashboard/stats

[2026-03-04T12:40:58.557Z] ERROR: 
Stack: AggregateError [ECONNREFUSED]: 
    at C:\Users\ludin\Desktop\salidas\scanqueue\backend\node_modules\pg-pool\index.js:45:11
    at process.processTicksAndRejections (node:internal/process/task_queues:105:5)
    at async query (file:///C:/Users/ludin/Desktop/salidas/scanqueue/backend/src/config/database.js:25:18)
    at async Module.getScansToday (file:///C:/Users/ludin/Desktop/salidas/scanqueue/backend/src/models/Scan.js:23:15)
    at async getTodaySummary (file:///C:/Users/ludin/Desktop/salidas/scanqueue/backend/src/controllers/DashboardController.js:30:24)
Path: /api/dashboard/today

[2026-03-04T12:40:58.613Z] ERROR: 
Stack: AggregateError [ECONNREFUSED]: 
    at C:\Users\ludin\Desktop\salidas\scanqueue\backend\node_modules\pg-pool\index.js:45:11
    at process.processTicksAndRejections (node:internal/process/task_queues:105:5)
    at async query (file:///C:/Users/ludin/Desktop/salidas/scanqueue/backend/src/config/database.js:25:18)
    at async Module.getScansToday (file:///C:/Users/ludin/Desktop/salidas/scanqueue/backend/src/models/Scan.js:23:15)
    at async Module.getScanStatistics (file:///C:/Users/ludin/Desktop/salidas/scanqueue/backend/src/services/ScanService.js:76:24)
    at async getDashboardStats (file:///C:/Users/ludin/Desktop/salidas/scanqueue/backend/src/controllers/DashboardController.js:12:19)
Path: /api/dashboard/stats

[2026-03-04T12:40:58.623Z] ERROR: 
Stack: AggregateError [ECONNREFUSED]: 
    at C:\Users\ludin\Desktop\salidas\scanqueue\backend\node_modules\pg-pool\index.js:45:11
    at process.processTicksAndRejections (node:internal/process/task_queues:105:5)
    at async query (file:///C:/Users/ludin/Desktop/salidas/scanqueue/backend/src/config/database.js:25:18)
    at async Module.getScansToday (file:///C:/Users/ludin/Desktop/salidas/scanqueue/backend/src/models/Scan.js:23:15)
    at async getTodaySummary (file:///C:/Users/ludin/Desktop/salidas/scanqueue/backend/src/controllers/DashboardController.js:30:24)
Path: /api/dashboard/today

[2026-03-04T12:40:58.683Z] ERROR: 
Stack: AggregateError [ECONNREFUSED]: 
    at C:\Users\ludin\Desktop\salidas\scanqueue\backend\node_modules\pg-pool\index.js:45:11
    at process.processTicksAndRejections (node:internal/process/task_queues:105:5)
    at async query (file:///C:/Users/ludin/Desktop/salidas/scanqueue/backend/src/config/database.js:25:18)
    at async Module.getScansToday (file:///C:/Users/ludin/Desktop/salidas/scanqueue/backend/src/models/Scan.js:23:15)
    at async Module.getScanStatistics (file:///C:/Users/ludin/Desktop/salidas/scanqueue/backend/src/services/ScanService.js:76:24)
    at async getDashboardStats (file:///C:/Users/ludin/Desktop/salidas/scanqueue/backend/src/controllers/DashboardController.js:12:19)
Path: /api/dashboard/stats

[2026-03-04T12:40:58.687Z] ERROR: 
Stack: AggregateError [ECONNREFUSED]: 
    at C:\Users\ludin\Desktop\salidas\scanqueue\backend\node_modules\pg-pool\index.js:45:11
    at process.processTicksAndRejections (node:internal/process/task_queues:105:5)
    at async query (file:///C:/Users/ludin/Desktop/salidas/scanqueue/backend/src/config/database.js:25:18)
    at async Module.getScansToday (file:///C:/Users/ludin/Desktop/salidas/scanqueue/backend/src/models/Scan.js:23:15)
    at async getTodaySummary (file:///C:/Users/ludin/Desktop/salidas/scanqueue/backend/src/controllers/DashboardController.js:30:24)
Path: /api/dashboard/today

[2026-03-04T12:40:58.741Z] ERROR: 
Stack: AggregateError [ECONNREFUSED]: 
    at C:\Users\ludin\Desktop\salidas\scanqueue\backend\node_modules\pg-pool\index.js:45:11
    at process.processTicksAndRejections (node:internal/process/task_queues:105:5)
    at async query (file:///C:/Users/ludin/Desktop/salidas/scanqueue/backend/src/config/database.js:25:18)
    at async Module.getScansToday (file:///C:/Users/ludin/Desktop/salidas/scanqueue/backend/src/models/Scan.js:23:15)
    at async Module.getScanStatistics (file:///C:/Users/ludin/Desktop/salidas/scanqueue/backend/src/services/ScanService.js:76:24)
    at async getDashboardStats (file:///C:/Users/ludin/Desktop/salidas/scanqueue/backend/src/controllers/DashboardController.js:12:19)
Path: /api/dashboard/stats

[2026-03-04T12:40:58.746Z] ERROR: 
Stack: AggregateError [ECONNREFUSED]: 
    at C:\Users\ludin\Desktop\salidas\scanqueue\backend\node_modules\pg-pool\index.js:45:11
    at process.processTicksAndRejections (node:internal/process/task_queues:105:5)
    at async query (file:///C:/Users/ludin/Desktop/salidas/scanqueue/backend/src/config/database.js:25:18)
    at async Module.getScansToday (file:///C:/Users/ludin/Desktop/salidas/scanqueue/backend/src/models/Scan.js:23:15)
    at async getTodaySummary (file:///C:/Users/ludin/Desktop/salidas/scanqueue/backend/src/controllers/DashboardController.js:30:24)
Path: /api/dashboard/today

[2026-03-04T12:40:58.969Z] ERROR: 
Stack: AggregateError [ECONNREFUSED]: 
    at C:\Users\ludin\Desktop\salidas\scanqueue\backend\node_modules\pg-pool\index.js:45:11
    at process.processTicksAndRejections (node:internal/process/task_queues:105:5)
    at async query (file:///C:/Users/ludin/Desktop/salidas/scanqueue/backend/src/config/database.js:25:18)
    at async Module.getScansToday (file:///C:/Users/ludin/Desktop/salidas/scanqueue/backend/src/models/Scan.js:23:15)
    at async Module.getScanStatistics (file:///C:/Users/ludin/Desktop/salidas/scanqueue/backend/src/services/ScanService.js:76:24)
    at async getDashboardStats (file:///C:/Users/ludin/Desktop/salidas/scanqueue/backend/src/controllers/DashboardController.js:12:19)
Path: /api/dashboard/stats

[2026-03-04T12:40:58.973Z] ERROR: 
Stack: AggregateError [ECONNREFUSED]: 
    at C:\Users\ludin\Desktop\salidas\scanqueue\backend\node_modules\pg-pool\index.js:45:11
    at process.processTicksAndRejections (node:internal/process/task_queues:105:5)
    at async query (file:///C:/Users/ludin/Desktop/salidas/scanqueue/backend/src/config/database.js:25:18)
    at async Module.getScansToday (file:///C:/Users/ludin/Desktop/salidas/scanqueue/backend/src/models/Scan.js:23:15)
    at async getTodaySummary (file:///C:/Users/ludin/Desktop/salidas/scanqueue/backend/src/controllers/DashboardController.js:30:24)
Path: /api/dashboard/today

[2026-03-04T12:40:59.023Z] ERROR: 
Stack: AggregateError [ECONNREFUSED]: 
    at C:\Users\ludin\Desktop\salidas\scanqueue\backend\node_modules\pg-pool\index.js:45:11
    at process.processTicksAndRejections (node:internal/process/task_queues:105:5)
    at async query (file:///C:/Users/ludin/Desktop/salidas/scanqueue/backend/src/config/database.js:25:18)
    at async Module.getScansToday (file:///C:/Users/ludin/Desktop/salidas/scanqueue/backend/src/models/Scan.js:23:15)
    at async Module.getScanStatistics (file:///C:/Users/ludin/Desktop/salidas/scanqueue/backend/src/services/ScanService.js:76:24)
    at async getDashboardStats (file:///C:/Users/ludin/Desktop/salidas/scanqueue/backend/src/controllers/DashboardController.js:12:19)
Path: /api/dashboard/stats

[2026-03-04T12:40:59.029Z] ERROR: 
Stack: AggregateError [ECONNREFUSED]: 
    at C:\Users\ludin\Desktop\salidas\scanqueue\backend\node_modules\pg-pool\index.js:45:11
    at process.processTicksAndRejections (node:internal/process/task_queues:105:5)
    at async query (file:///C:/Users/ludin/Desktop/salidas/scanqueue/backend/src/config/database.js:25:18)
    at async Module.getScansToday (file:///C:/Users/ludin/Desktop/salidas/scanqueue/backend/src/models/Scan.js:23:15)
    at async getTodaySummary (file:///C:/Users/ludin/Desktop/salidas/scanqueue/backend/src/controllers/DashboardController.js:30:24)
Path: /api/dashboard/today

[2026-03-04T12:40:59.081Z] ERROR: 
Stack: AggregateError [ECONNREFUSED]: 
    at C:\Users\ludin\Desktop\salidas\scanqueue\backend\node_modules\pg-pool\index.js:45:11
    at process.processTicksAndRejections (node:internal/process/task_queues:105:5)
    at async query (file:///C:/Users/ludin/Desktop/salidas/scanqueue/backend/src/config/database.js:25:18)
    at async Module.getScansToday (file:///C:/Users/ludin/Desktop/salidas/scanqueue/backend/src/models/Scan.js:23:15)
    at async Module.getScanStatistics (file:///C:/Users/ludin/Desktop/salidas/scanqueue/backend/src/services/ScanService.js:76:24)
    at async getDashboardStats (file:///C:/Users/ludin/Desktop/salidas/scanqueue/backend/src/controllers/DashboardController.js:12:19)
Path: /api/dashboard/stats

[2026-03-04T12:40:59.085Z] ERROR: 
Stack: AggregateError [ECONNREFUSED]: 
    at C:\Users\ludin\Desktop\salidas\scanqueue\backend\node_modules\pg-pool\index.js:45:11
    at process.processTicksAndRejections (node:internal/process/task_queues:105:5)
    at async query (file:///C:/Users/ludin/Desktop/salidas/scanqueue/backend/src/config/database.js:25:18)
    at async Module.getScansToday (file:///C:/Users/ludin/Desktop/salidas/scanqueue/backend/src/models/Scan.js:23:15)
    at async getTodaySummary (file:///C:/Users/ludin/Desktop/salidas/scanqueue/backend/src/controllers/DashboardController.js:30:24)
Path: /api/dashboard/today

[2026-03-04T12:40:59.143Z] ERROR: 
Stack: AggregateError [ECONNREFUSED]: 
    at C:\Users\ludin\Desktop\salidas\scanqueue\backend\node_modules\pg-pool\index.js:45:11
    at process.processTicksAndRejections (node:internal/process/task_queues:105:5)
    at async query (file:///C:/Users/ludin/Desktop/salidas/scanqueue/backend/src/config/database.js:25:18)
    at async Module.getScansToday (file:///C:/Users/ludin/Desktop/salidas/scanqueue/backend/src/models/Scan.js:23:15)
    at async Module.getScanStatistics (file:///C:/Users/ludin/Desktop/salidas/scanqueue/backend/src/services/ScanService.js:76:24)
    at async getDashboardStats (file:///C:/Users/ludin/Desktop/salidas/scanqueue/backend/src/controllers/DashboardController.js:12:19)
Path: /api/dashboard/stats

[2026-03-04T12:40:59.147Z] ERROR: 
Stack: AggregateError [ECONNREFUSED]: 
    at C:\Users\ludin\Desktop\salidas\scanqueue\backend\node_modules\pg-pool\index.js:45:11
    at process.processTicksAndRejections (node:internal/process/task_queues:105:5)
    at async query (file:///C:/Users/ludin/Desktop/salidas/scanqueue/backend/src/config/database.js:25:18)
    at async Module.getScansToday (file:///C:/Users/ludin/Desktop/salidas/scanqueue/backend/src/models/Scan.js:23:15)
    at async getTodaySummary (file:///C:/Users/ludin/Desktop/salidas/scanqueue/backend/src/controllers/DashboardController.js:30:24)
Path: /api/dashboard/today

[2026-03-04T12:40:59.194Z] ERROR: 
Stack: AggregateError [ECONNREFUSED]: 
    at C:\Users\ludin\Desktop\salidas\scanqueue\backend\node_modules\pg-pool\index.js:45:11
    at process.processTicksAndRejections (node:internal/process/task_queues:105:5)
    at async query (file:///C:/Users/ludin/Desktop/salidas/scanqueue/backend/src/config/database.js:25:18)
    at async Module.getScansToday (file:///C:/Users/ludin/Desktop/salidas/scanqueue/backend/src/models/Scan.js:23:15)
    at async Module.getScanStatistics (file:///C:/Users/ludin/Desktop/salidas/scanqueue/backend/src/services/ScanService.js:76:24)
    at async getDashboardStats (file:///C:/Users/ludin/Desktop/salidas/scanqueue/backend/src/controllers/DashboardController.js:12:19)
Path: /api/dashboard/stats

[2026-03-04T12:40:59.197Z] ERROR: 
Stack: AggregateError [ECONNREFUSED]: 
    at C:\Users\ludin\Desktop\salidas\scanqueue\backend\node_modules\pg-pool\index.js:45:11
    at process.processTicksAndRejections (node:internal/process/task_queues:105:5)
    at async query (file:///C:/Users/ludin/Desktop/salidas/scanqueue/backend/src/config/database.js:25:18)
    at async Module.getScansToday (file:///C:/Users/ludin/Desktop/salidas/scanqueue/backend/src/models/Scan.js:23:15)
    at async getTodaySummary (file:///C:/Users/ludin/Desktop/salidas/scanqueue/backend/src/controllers/DashboardController.js:30:24)
Path: /api/dashboard/today

[2026-03-04T12:40:59.248Z] ERROR: 
Stack: AggregateError [ECONNREFUSED]: 
    at C:\Users\ludin\Desktop\salidas\scanqueue\backend\node_modules\pg-pool\index.js:45:11
    at process.processTicksAndRejections (node:internal/process/task_queues:105:5)
    at async query (file:///C:/Users/ludin/Desktop/salidas/scanqueue/backend/src/config/database.js:25:18)
    at async Module.getScansToday (file:///C:/Users/ludin/Desktop/salidas/scanqueue/backend/src/models/Scan.js:23:15)
    at async Module.getScanStatistics (file:///C:/Users/ludin/Desktop/salidas/scanqueue/backend/src/services/ScanService.js:76:24)
    at async getDashboardStats (file:///C:/Users/ludin/Desktop/salidas/scanqueue/backend/src/controllers/DashboardController.js:12:19)
Path: /api/dashboard/stats

[2026-03-04T12:40:59.252Z] ERROR: 
Stack: AggregateError [ECONNREFUSED]: 
    at C:\Users\ludin\Desktop\salidas\scanqueue\backend\node_modules\pg-pool\index.js:45:11
    at process.processTicksAndRejections (node:internal/process/task_queues:105:5)
    at async query (file:///C:/Users/ludin/Desktop/salidas/scanqueue/backend/src/config/database.js:25:18)
    at async Module.getScansToday (file:///C:/Users/ludin/Desktop/salidas/scanqueue/backend/src/models/Scan.js:23:15)
    at async getTodaySummary (file:///C:/Users/ludin/Desktop/salidas/scanqueue/backend/src/controllers/DashboardController.js:30:24)
Path: /api/dashboard/today

[2026-03-04T12:40:59.304Z] ERROR: 
Stack: AggregateError [ECONNREFUSED]: 
    at C:\Users\ludin\Desktop\salidas\scanqueue\backend\node_modules\pg-pool\index.js:45:11
    at process.processTicksAndRejections (node:internal/process/task_queues:105:5)
    at async query (file:///C:/Users/ludin/Desktop/salidas/scanqueue/backend/src/config/database.js:25:18)
    at async Module.getScansToday (file:///C:/Users/ludin/Desktop/salidas/scanqueue/backend/src/models/Scan.js:23:15)
    at async Module.getScanStatistics (file:///C:/Users/ludin/Desktop/salidas/scanqueue/backend/src/services/ScanService.js:76:24)
    at async getDashboardStats (file:///C:/Users/ludin/Desktop/salidas/scanqueue/backend/src/controllers/DashboardController.js:12:19)
Path: /api/dashboard/stats

[2026-03-04T12:40:59.312Z] ERROR: 
Stack: AggregateError [ECONNREFUSED]: 
    at C:\Users\ludin\Desktop\salidas\scanqueue\backend\node_modules\pg-pool\index.js:45:11
    at process.processTicksAndRejections (node:internal/process/task_queues:105:5)
    at async query (file:///C:/Users/ludin/Desktop/salidas/scanqueue/backend/src/config/database.js:25:18)
    at async Module.getScansToday (file:///C:/Users/ludin/Desktop/salidas/scanqueue/backend/src/models/Scan.js:23:15)
    at async getTodaySummary (file:///C:/Users/ludin/Desktop/salidas/scanqueue/backend/src/controllers/DashboardController.js:30:24)
Path: /api/dashboard/today

[2026-03-04T12:40:59.369Z] ERROR: 
Stack: AggregateError [ECONNREFUSED]: 
    at C:\Users\ludin\Desktop\salidas\scanqueue\backend\node_modules\pg-pool\index.js:45:11
    at process.processTicksAndRejections (node:internal/process/task_queues:105:5)
    at async query (file:///C:/Users/ludin/Desktop/salidas/scanqueue/backend/src/config/database.js:25:18)
    at async Module.getScansToday (file:///C:/Users/ludin/Desktop/salidas/scanqueue/backend/src/models/Scan.js:23:15)
    at async Module.getScanStatistics (file:///C:/Users/ludin/Desktop/salidas/scanqueue/backend/src/services/ScanService.js:76:24)
    at async getDashboardStats (file:///C:/Users/ludin/Desktop/salidas/scanqueue/backend/src/controllers/DashboardController.js:12:19)
Path: /api/dashboard/stats

[2026-03-04T12:40:59.374Z] ERROR: 
Stack: AggregateError [ECONNREFUSED]: 
    at C:\Users\ludin\Desktop\salidas\scanqueue\backend\node_modules\pg-pool\index.js:45:11
    at process.processTicksAndRejections (node:internal/process/task_queues:105:5)
    at async query (file:///C:/Users/ludin/Desktop/salidas/scanqueue/backend/src/config/database.js:25:18)
    at async Module.getScansToday (file:///C:/Users/ludin/Desktop/salidas/scanqueue/backend/src/models/Scan.js:23:15)
    at async getTodaySummary (file:///C:/Users/ludin/Desktop/salidas/scanqueue/backend/src/controllers/DashboardController.js:30:24)
Path: /api/dashboard/today

[2026-03-04T12:40:59.418Z] ERROR: 
Stack: AggregateError [ECONNREFUSED]: 
    at C:\Users\ludin\Desktop\salidas\scanqueue\backend\node_modules\pg-pool\index.js:45:11
    at process.processTicksAndRejections (node:internal/process/task_queues:105:5)
    at async query (file:///C:/Users/ludin/Desktop/salidas/scanqueue/backend/src/config/database.js:25:18)
    at async Module.getScansToday (file:///C:/Users/ludin/Desktop/salidas/scanqueue/backend/src/models/Scan.js:23:15)
    at async Module.getScanStatistics (file:///C:/Users/ludin/Desktop/salidas/scanqueue/backend/src/services/ScanService.js:76:24)
    at async getDashboardStats (file:///C:/Users/ludin/Desktop/salidas/scanqueue/backend/src/controllers/DashboardController.js:12:19)
Path: /api/dashboard/stats

[2026-03-04T12:40:59.423Z] ERROR: 
Stack: AggregateError [ECONNREFUSED]: 
    at C:\Users\ludin\Desktop\salidas\scanqueue\backend\node_modules\pg-pool\index.js:45:11
    at process.processTicksAndRejections (node:internal/process/task_queues:105:5)
    at async query (file:///C:/Users/ludin/Desktop/salidas/scanqueue/backend/src/config/database.js:25:18)
    at async Module.getScansToday (file:///C:/Users/ludin/Desktop/salidas/scanqueue/backend/src/models/Scan.js:23:15)
    at async getTodaySummary (file:///C:/Users/ludin/Desktop/salidas/scanqueue/backend/src/controllers/DashboardController.js:30:24)
Path: /api/dashboard/today

[2026-03-04T12:40:59.480Z] ERROR: 
Stack: AggregateError [ECONNREFUSED]: 
    at C:\Users\ludin\Desktop\salidas\scanqueue\backend\node_modules\pg-pool\index.js:45:11
    at process.processTicksAndRejections (node:internal/process/task_queues:105:5)
    at async query (file:///C:/Users/ludin/Desktop/salidas/scanqueue/backend/src/config/database.js:25:18)
    at async Module.getScansToday (file:///C:/Users/ludin/Desktop/salidas/scanqueue/backend/src/models/Scan.js:23:15)
    at async Module.getScanStatistics (file:///C:/Users/ludin/Desktop/salidas/scanqueue/backend/src/services/ScanService.js:76:24)
    at async getDashboardStats (file:///C:/Users/ludin/Desktop/salidas/scanqueue/backend/src/controllers/DashboardController.js:12:19)
Path: /api/dashboard/stats

[2026-03-04T12:40:59.484Z] ERROR: 
Stack: AggregateError [ECONNREFUSED]: 
    at C:\Users\ludin\Desktop\salidas\scanqueue\backend\node_modules\pg-pool\index.js:45:11
    at process.processTicksAndRejections (node:internal/process/task_queues:105:5)
    at async query (file:///C:/Users/ludin/Desktop/salidas/scanqueue/backend/src/config/database.js:25:18)
    at async Module.getScansToday (file:///C:/Users/ludin/Desktop/salidas/scanqueue/backend/src/models/Scan.js:23:15)
    at async getTodaySummary (file:///C:/Users/ludin/Desktop/salidas/scanqueue/backend/src/controllers/DashboardController.js:30:24)
Path: /api/dashboard/today

[2026-03-04T12:40:59.539Z] ERROR: 
Stack: AggregateError [ECONNREFUSED]: 
    at C:\Users\ludin\Desktop\salidas\scanqueue\backend\node_modules\pg-pool\index.js:45:11
    at process.processTicksAndRejections (node:internal/process/task_queues:105:5)
    at async query (file:///C:/Users/ludin/Desktop/salidas/scanqueue/backend/src/config/database.js:25:18)
    at async Module.getScansToday (file:///C:/Users/ludin/Desktop/salidas/scanqueue/backend/src/models/Scan.js:23:15)
    at async Module.getScanStatistics (file:///C:/Users/ludin/Desktop/salidas/scanqueue/backend/src/services/ScanService.js:76:24)
    at async getDashboardStats (file:///C:/Users/ludin/Desktop/salidas/scanqueue/backend/src/controllers/DashboardController.js:12:19)
Path: /api/dashboard/stats

[2026-03-04T12:40:59.543Z] ERROR: 
Stack: AggregateError [ECONNREFUSED]: 
    at C:\Users\ludin\Desktop\salidas\scanqueue\backend\node_modules\pg-pool\index.js:45:11
    at process.processTicksAndRejections (node:internal/process/task_queues:105:5)
    at async query (file:///C:/Users/ludin/Desktop/salidas/scanqueue/backend/src/config/database.js:25:18)
    at async Module.getScansToday (file:///C:/Users/ludin/Desktop/salidas/scanqueue/backend/src/models/Scan.js:23:15)
    at async getTodaySummary (file:///C:/Users/ludin/Desktop/salidas/scanqueue/backend/src/controllers/DashboardController.js:30:24)
Path: /api/dashboard/today

[2026-03-04T12:40:59.593Z] ERROR: 
Stack: AggregateError [ECONNREFUSED]: 
    at C:\Users\ludin\Desktop\salidas\scanqueue\backend\node_modules\pg-pool\index.js:45:11
    at process.processTicksAndRejections (node:internal/process/task_queues:105:5)
    at async query (file:///C:/Users/ludin/Desktop/salidas/scanqueue/backend/src/config/database.js:25:18)
    at async Module.getScansToday (file:///C:/Users/ludin/Desktop/salidas/scanqueue/backend/src/models/Scan.js:23:15)
    at async Module.getScanStatistics (file:///C:/Users/ludin/Desktop/salidas/scanqueue/backend/src/services/ScanService.js:76:24)
    at async getDashboardStats (file:///C:/Users/ludin/Desktop/salidas/scanqueue/backend/src/controllers/DashboardController.js:12:19)
Path: /api/dashboard/stats

[2026-03-04T12:40:59.597Z] ERROR: 
Stack: AggregateError [ECONNREFUSED]: 
    at C:\Users\ludin\Desktop\salidas\scanqueue\backend\node_modules\pg-pool\index.js:45:11
    at process.processTicksAndRejections (node:internal/process/task_queues:105:5)
    at async query (file:///C:/Users/ludin/Desktop/salidas/scanqueue/backend/src/config/database.js:25:18)
    at async Module.getScansToday (file:///C:/Users/ludin/Desktop/salidas/scanqueue/backend/src/models/Scan.js:23:15)
    at async getTodaySummary (file:///C:/Users/ludin/Desktop/salidas/scanqueue/backend/src/controllers/DashboardController.js:30:24)
Path: /api/dashboard/today

[2026-03-04T12:40:59.641Z] ERROR: 
Stack: AggregateError [ECONNREFUSED]: 
    at C:\Users\ludin\Desktop\salidas\scanqueue\backend\node_modules\pg-pool\index.js:45:11
    at process.processTicksAndRejections (node:internal/process/task_queues:105:5)
    at async query (file:///C:/Users/ludin/Desktop/salidas/scanqueue/backend/src/config/database.js:25:18)
    at async Module.getScansToday (file:///C:/Users/ludin/Desktop/salidas/scanqueue/backend/src/models/Scan.js:23:15)
    at async Module.getScanStatistics (file:///C:/Users/ludin/Desktop/salidas/scanqueue/backend/src/services/ScanService.js:76:24)
    at async getDashboardStats (file:///C:/Users/ludin/Desktop/salidas/scanqueue/backend/src/controllers/DashboardController.js:12:19)
Path: /api/dashboard/stats

[2026-03-04T12:40:59.649Z] ERROR: 
Stack: AggregateError [ECONNREFUSED]: 
    at C:\Users\ludin\Desktop\salidas\scanqueue\backend\node_modules\pg-pool\index.js:45:11
    at process.processTicksAndRejections (node:internal/process/task_queues:105:5)
    at async query (file:///C:/Users/ludin/Desktop/salidas/scanqueue/backend/src/config/database.js:25:18)
    at async Module.getScansToday (file:///C:/Users/ludin/Desktop/salidas/scanqueue/backend/src/models/Scan.js:23:15)
    at async getTodaySummary (file:///C:/Users/ludin/Desktop/salidas/scanqueue/backend/src/controllers/DashboardController.js:30:24)
Path: /api/dashboard/today

[2026-03-04T12:40:59.799Z] ERROR: 
Stack: AggregateError [ECONNREFUSED]: 
    at C:\Users\ludin\Desktop\salidas\scanqueue\backend\node_modules\pg-pool\index.js:45:11
    at process.processTicksAndRejections (node:internal/process/task_queues:105:5)
    at async query (file:///C:/Users/ludin/Desktop/salidas/scanqueue/backend/src/config/database.js:25:18)
    at async Module.getScansToday (file:///C:/Users/ludin/Desktop/salidas/scanqueue/backend/src/models/Scan.js:23:15)
    at async Module.getScanStatistics (file:///C:/Users/ludin/Desktop/salidas/scanqueue/backend/src/services/ScanService.js:76:24)
    at async getDashboardStats (file:///C:/Users/ludin/Desktop/salidas/scanqueue/backend/src/controllers/DashboardController.js:12:19)
Path: /api/dashboard/stats

[2026-03-04T12:40:59.805Z] ERROR: 
Stack: AggregateError [ECONNREFUSED]: 
    at C:\Users\ludin\Desktop\salidas\scanqueue\backend\node_modules\pg-pool\index.js:45:11
    at process.processTicksAndRejections (node:internal/process/task_queues:105:5)
    at async query (file:///C:/Users/ludin/Desktop/salidas/scanqueue/backend/src/config/database.js:25:18)
    at async Module.getScansToday (file:///C:/Users/ludin/Desktop/salidas/scanqueue/backend/src/models/Scan.js:23:15)
    at async getTodaySummary (file:///C:/Users/ludin/Desktop/salidas/scanqueue/backend/src/controllers/DashboardController.js:30:24)
Path: /api/dashboard/today

[2026-03-04T12:40:59.839Z] ERROR: 
Stack: AggregateError [ECONNREFUSED]: 
    at C:\Users\ludin\Desktop\salidas\scanqueue\backend\node_modules\pg-pool\index.js:45:11
    at process.processTicksAndRejections (node:internal/process/task_queues:105:5)
    at async query (file:///C:/Users/ludin/Desktop/salidas/scanqueue/backend/src/config/database.js:25:18)
    at async Module.getScansToday (file:///C:/Users/ludin/Desktop/salidas/scanqueue/backend/src/models/Scan.js:23:15)
    at async Module.getScanStatistics (file:///C:/Users/ludin/Desktop/salidas/scanqueue/backend/src/services/ScanService.js:76:24)
    at async getDashboardStats (file:///C:/Users/ludin/Desktop/salidas/scanqueue/backend/src/controllers/DashboardController.js:12:19)
Path: /api/dashboard/stats

[2026-03-04T12:40:59.843Z] ERROR: 
Stack: AggregateError [ECONNREFUSED]: 
    at C:\Users\ludin\Desktop\salidas\scanqueue\backend\node_modules\pg-pool\index.js:45:11
    at process.processTicksAndRejections (node:internal/process/task_queues:105:5)
    at async query (file:///C:/Users/ludin/Desktop/salidas/scanqueue/backend/src/config/database.js:25:18)
    at async Module.getScansToday (file:///C:/Users/ludin/Desktop/salidas/scanqueue/backend/src/models/Scan.js:23:15)
    at async getTodaySummary (file:///C:/Users/ludin/Desktop/salidas/scanqueue/backend/src/controllers/DashboardController.js:30:24)
Path: /api/dashboard/today

[2026-03-04T12:40:59.889Z] ERROR: 
Stack: AggregateError [ECONNREFUSED]: 
    at C:\Users\ludin\Desktop\salidas\scanqueue\backend\node_modules\pg-pool\index.js:45:11
    at process.processTicksAndRejections (node:internal/process/task_queues:105:5)
    at async query (file:///C:/Users/ludin/Desktop/salidas/scanqueue/backend/src/config/database.js:25:18)
    at async Module.getScansToday (file:///C:/Users/ludin/Desktop/salidas/scanqueue/backend/src/models/Scan.js:23:15)
    at async Module.getScanStatistics (file:///C:/Users/ludin/Desktop/salidas/scanqueue/backend/src/services/ScanService.js:76:24)
    at async getDashboardStats (file:///C:/Users/ludin/Desktop/salidas/scanqueue/backend/src/controllers/DashboardController.js:12:19)
Path: /api/dashboard/stats

[2026-03-04T12:40:59.893Z] ERROR: 
Stack: AggregateError [ECONNREFUSED]: 
    at C:\Users\ludin\Desktop\salidas\scanqueue\backend\node_modules\pg-pool\index.js:45:11
    at process.processTicksAndRejections (node:internal/process/task_queues:105:5)
    at async query (file:///C:/Users/ludin/Desktop/salidas/scanqueue/backend/src/config/database.js:25:18)
    at async Module.getScansToday (file:///C:/Users/ludin/Desktop/salidas/scanqueue/backend/src/models/Scan.js:23:15)
    at async getTodaySummary (file:///C:/Users/ludin/Desktop/salidas/scanqueue/backend/src/controllers/DashboardController.js:30:24)
Path: /api/dashboard/today

[2026-03-04T12:40:59.933Z] ERROR: 
Stack: AggregateError [ECONNREFUSED]: 
    at C:\Users\ludin\Desktop\salidas\scanqueue\backend\node_modules\pg-pool\index.js:45:11
    at process.processTicksAndRejections (node:internal/process/task_queues:105:5)
    at async query (file:///C:/Users/ludin/Desktop/salidas/scanqueue/backend/src/config/database.js:25:18)
    at async Module.getScansToday (file:///C:/Users/ludin/Desktop/salidas/scanqueue/backend/src/models/Scan.js:23:15)
    at async Module.getScanStatistics (file:///C:/Users/ludin/Desktop/salidas/scanqueue/backend/src/services/ScanService.js:76:24)
    at async getDashboardStats (file:///C:/Users/ludin/Desktop/salidas/scanqueue/backend/src/controllers/DashboardController.js:12:19)
Path: /api/dashboard/stats

[2026-03-04T12:40:59.936Z] ERROR: 
Stack: AggregateError [ECONNREFUSED]: 
    at C:\Users\ludin\Desktop\salidas\scanqueue\backend\node_modules\pg-pool\index.js:45:11
    at process.processTicksAndRejections (node:internal/process/task_queues:105:5)
    at async query (file:///C:/Users/ludin/Desktop/salidas/scanqueue/backend/src/config/database.js:25:18)
    at async Module.getScansToday (file:///C:/Users/ludin/Desktop/salidas/scanqueue/backend/src/models/Scan.js:23:15)
    at async getTodaySummary (file:///C:/Users/ludin/Desktop/salidas/scanqueue/backend/src/controllers/DashboardController.js:30:24)
Path: /api/dashboard/today

[2026-03-04T12:41:00.036Z] ERROR: 
Stack: AggregateError [ECONNREFUSED]: 
    at C:\Users\ludin\Desktop\salidas\scanqueue\backend\node_modules\pg-pool\index.js:45:11
    at process.processTicksAndRejections (node:internal/process/task_queues:105:5)
    at async query (file:///C:/Users/ludin/Desktop/salidas/scanqueue/backend/src/config/database.js:25:18)
    at async Module.getScansToday (file:///C:/Users/ludin/Desktop/salidas/scanqueue/backend/src/models/Scan.js:23:15)
    at async Module.getScanStatistics (file:///C:/Users/ludin/Desktop/salidas/scanqueue/backend/src/services/ScanService.js:76:24)
    at async getDashboardStats (file:///C:/Users/ludin/Desktop/salidas/scanqueue/backend/src/controllers/DashboardController.js:12:19)
Path: /api/dashboard/stats

[2026-03-04T12:41:00.041Z] ERROR: 
Stack: AggregateError [ECONNREFUSED]: 
    at C:\Users\ludin\Desktop\salidas\scanqueue\backend\node_modules\pg-pool\index.js:45:11
    at process.processTicksAndRejections (node:internal/process/task_queues:105:5)
    at async query (file:///C:/Users/ludin/Desktop/salidas/scanqueue/backend/src/config/database.js:25:18)
    at async Module.getScansToday (file:///C:/Users/ludin/Desktop/salidas/scanqueue/backend/src/models/Scan.js:23:15)
    at async getTodaySummary (file:///C:/Users/ludin/Desktop/salidas/scanqueue/backend/src/controllers/DashboardController.js:30:24)
Path: /api/dashboard/today

[2026-03-04T12:41:00.107Z] ERROR: 
Stack: AggregateError [ECONNREFUSED]: 
    at C:\Users\ludin\Desktop\salidas\scanqueue\backend\node_modules\pg-pool\index.js:45:11
    at process.processTicksAndRejections (node:internal/process/task_queues:105:5)
    at async query (file:///C:/Users/ludin/Desktop/salidas/scanqueue/backend/src/config/database.js:25:18)
    at async Module.getScansToday (file:///C:/Users/ludin/Desktop/salidas/scanqueue/backend/src/models/Scan.js:23:15)
    at async Module.getScanStatistics (file:///C:/Users/ludin/Desktop/salidas/scanqueue/backend/src/services/ScanService.js:76:24)
    at async getDashboardStats (file:///C:/Users/ludin/Desktop/salidas/scanqueue/backend/src/controllers/DashboardController.js:12:19)
Path: /api/dashboard/stats

[2026-03-04T12:41:00.111Z] ERROR: 
Stack: AggregateError [ECONNREFUSED]: 
    at C:\Users\ludin\Desktop\salidas\scanqueue\backend\node_modules\pg-pool\index.js:45:11
    at process.processTicksAndRejections (node:internal/process/task_queues:105:5)
    at async query (file:///C:/Users/ludin/Desktop/salidas/scanqueue/backend/src/config/database.js:25:18)
    at async Module.getScansToday (file:///C:/Users/ludin/Desktop/salidas/scanqueue/backend/src/models/Scan.js:23:15)
    at async getTodaySummary (file:///C:/Users/ludin/Desktop/salidas/scanqueue/backend/src/controllers/DashboardController.js:30:24)
Path: /api/dashboard/today

[2026-03-04T12:41:00.163Z] ERROR: 
Stack: AggregateError [ECONNREFUSED]: 
    at C:\Users\ludin\Desktop\salidas\scanqueue\backend\node_modules\pg-pool\index.js:45:11
    at process.processTicksAndRejections (node:internal/process/task_queues:105:5)
    at async query (file:///C:/Users/ludin/Desktop/salidas/scanqueue/backend/src/config/database.js:25:18)
    at async Module.getScansToday (file:///C:/Users/ludin/Desktop/salidas/scanqueue/backend/src/models/Scan.js:23:15)
    at async Module.getScanStatistics (file:///C:/Users/ludin/Desktop/salidas/scanqueue/backend/src/services/ScanService.js:76:24)
    at async getDashboardStats (file:///C:/Users/ludin/Desktop/salidas/scanqueue/backend/src/controllers/DashboardController.js:12:19)
Path: /api/dashboard/stats

[2026-03-04T12:41:00.167Z] ERROR: 
Stack: AggregateError [ECONNREFUSED]: 
    at C:\Users\ludin\Desktop\salidas\scanqueue\backend\node_modules\pg-pool\index.js:45:11
    at process.processTicksAndRejections (node:internal/process/task_queues:105:5)
    at async query (file:///C:/Users/ludin/Desktop/salidas/scanqueue/backend/src/config/database.js:25:18)
    at async Module.getScansToday (file:///C:/Users/ludin/Desktop/salidas/scanqueue/backend/src/models/Scan.js:23:15)
    at async getTodaySummary (file:///C:/Users/ludin/Desktop/salidas/scanqueue/backend/src/controllers/DashboardController.js:30:24)
Path: /api/dashboard/today

[2026-03-04T12:41:00.207Z] ERROR: 
Stack: AggregateError [ECONNREFUSED]: 
    at C:\Users\ludin\Desktop\salidas\scanqueue\backend\node_modules\pg-pool\index.js:45:11
    at process.processTicksAndRejections (node:internal/process/task_queues:105:5)
    at async query (file:///C:/Users/ludin/Desktop/salidas/scanqueue/backend/src/config/database.js:25:18)
    at async Module.getScansToday (file:///C:/Users/ludin/Desktop/salidas/scanqueue/backend/src/models/Scan.js:23:15)
    at async Module.getScanStatistics (file:///C:/Users/ludin/Desktop/salidas/scanqueue/backend/src/services/ScanService.js:76:24)
    at async getDashboardStats (file:///C:/Users/ludin/Desktop/salidas/scanqueue/backend/src/controllers/DashboardController.js:12:19)
Path: /api/dashboard/stats

[2026-03-04T12:41:00.211Z] ERROR: 
Stack: AggregateError [ECONNREFUSED]: 
    at C:\Users\ludin\Desktop\salidas\scanqueue\backend\node_modules\pg-pool\index.js:45:11
    at process.processTicksAndRejections (node:internal/process/task_queues:105:5)
    at async query (file:///C:/Users/ludin/Desktop/salidas/scanqueue/backend/src/config/database.js:25:18)
    at async Module.getScansToday (file:///C:/Users/ludin/Desktop/salidas/scanqueue/backend/src/models/Scan.js:23:15)
    at async getTodaySummary (file:///C:/Users/ludin/Desktop/salidas/scanqueue/backend/src/controllers/DashboardController.js:30:24)
Path: /api/dashboard/today

[2026-03-04T12:41:00.273Z] ERROR: 
Stack: AggregateError [ECONNREFUSED]: 
    at C:\Users\ludin\Desktop\salidas\scanqueue\backend\node_modules\pg-pool\index.js:45:11
    at process.processTicksAndRejections (node:internal/process/task_queues:105:5)
    at async query (file:///C:/Users/ludin/Desktop/salidas/scanqueue/backend/src/config/database.js:25:18)
    at async Module.getScansToday (file:///C:/Users/ludin/Desktop/salidas/scanqueue/backend/src/models/Scan.js:23:15)
    at async Module.getScanStatistics (file:///C:/Users/ludin/Desktop/salidas/scanqueue/backend/src/services/ScanService.js:76:24)
    at async getDashboardStats (file:///C:/Users/ludin/Desktop/salidas/scanqueue/backend/src/controllers/DashboardController.js:12:19)
Path: /api/dashboard/stats

[2026-03-04T12:41:00.277Z] ERROR: 
Stack: AggregateError [ECONNREFUSED]: 
    at C:\Users\ludin\Desktop\salidas\scanqueue\backend\node_modules\pg-pool\index.js:45:11
    at process.processTicksAndRejections (node:internal/process/task_queues:105:5)
    at async query (file:///C:/Users/ludin/Desktop/salidas/scanqueue/backend/src/config/database.js:25:18)
    at async Module.getScansToday (file:///C:/Users/ludin/Desktop/salidas/scanqueue/backend/src/models/Scan.js:23:15)
    at async getTodaySummary (file:///C:/Users/ludin/Desktop/salidas/scanqueue/backend/src/controllers/DashboardController.js:30:24)
Path: /api/dashboard/today

[2026-03-04T12:41:00.331Z] ERROR: 
Stack: AggregateError [ECONNREFUSED]: 
    at C:\Users\ludin\Desktop\salidas\scanqueue\backend\node_modules\pg-pool\index.js:45:11
    at process.processTicksAndRejections (node:internal/process/task_queues:105:5)
    at async query (file:///C:/Users/ludin/Desktop/salidas/scanqueue/backend/src/config/database.js:25:18)
    at async Module.getScansToday (file:///C:/Users/ludin/Desktop/salidas/scanqueue/backend/src/models/Scan.js:23:15)
    at async Module.getScanStatistics (file:///C:/Users/ludin/Desktop/salidas/scanqueue/backend/src/services/ScanService.js:76:24)
    at async getDashboardStats (file:///C:/Users/ludin/Desktop/salidas/scanqueue/backend/src/controllers/DashboardController.js:12:19)
Path: /api/dashboard/stats

[2026-03-04T12:41:00.335Z] ERROR: 
Stack: AggregateError [ECONNREFUSED]: 
    at C:\Users\ludin\Desktop\salidas\scanqueue\backend\node_modules\pg-pool\index.js:45:11
    at process.processTicksAndRejections (node:internal/process/task_queues:105:5)
    at async query (file:///C:/Users/ludin/Desktop/salidas/scanqueue/backend/src/config/database.js:25:18)
    at async Module.getScansToday (file:///C:/Users/ludin/Desktop/salidas/scanqueue/backend/src/models/Scan.js:23:15)
    at async getTodaySummary (file:///C:/Users/ludin/Desktop/salidas/scanqueue/backend/src/controllers/DashboardController.js:30:24)
Path: /api/dashboard/today

[2026-03-04T12:41:00.374Z] ERROR: 
Stack: AggregateError [ECONNREFUSED]: 
    at C:\Users\ludin\Desktop\salidas\scanqueue\backend\node_modules\pg-pool\index.js:45:11
    at process.processTicksAndRejections (node:internal/process/task_queues:105:5)
    at async query (file:///C:/Users/ludin/Desktop/salidas/scanqueue/backend/src/config/database.js:25:18)
    at async Module.getScansToday (file:///C:/Users/ludin/Desktop/salidas/scanqueue/backend/src/models/Scan.js:23:15)
    at async Module.getScanStatistics (file:///C:/Users/ludin/Desktop/salidas/scanqueue/backend/src/services/ScanService.js:76:24)
    at async getDashboardStats (file:///C:/Users/ludin/Desktop/salidas/scanqueue/backend/src/controllers/DashboardController.js:12:19)
Path: /api/dashboard/stats

[2026-03-04T12:41:00.378Z] ERROR: 
Stack: AggregateError [ECONNREFUSED]: 
    at C:\Users\ludin\Desktop\salidas\scanqueue\backend\node_modules\pg-pool\index.js:45:11
    at process.processTicksAndRejections (node:internal/process/task_queues:105:5)
    at async query (file:///C:/Users/ludin/Desktop/salidas/scanqueue/backend/src/config/database.js:25:18)
    at async Module.getScansToday (file:///C:/Users/ludin/Desktop/salidas/scanqueue/backend/src/models/Scan.js:23:15)
    at async getTodaySummary (file:///C:/Users/ludin/Desktop/salidas/scanqueue/backend/src/controllers/DashboardController.js:30:24)
Path: /api/dashboard/today

[2026-03-04T12:41:00.454Z] ERROR: 
Stack: AggregateError [ECONNREFUSED]: 
    at C:\Users\ludin\Desktop\salidas\scanqueue\backend\node_modules\pg-pool\index.js:45:11
    at process.processTicksAndRejections (node:internal/process/task_queues:105:5)
    at async query (file:///C:/Users/ludin/Desktop/salidas/scanqueue/backend/src/config/database.js:25:18)
    at async Module.getScansToday (file:///C:/Users/ludin/Desktop/salidas/scanqueue/backend/src/models/Scan.js:23:15)
    at async Module.getScanStatistics (file:///C:/Users/ludin/Desktop/salidas/scanqueue/backend/src/services/ScanService.js:76:24)
    at async getDashboardStats (file:///C:/Users/ludin/Desktop/salidas/scanqueue/backend/src/controllers/DashboardController.js:12:19)
Path: /api/dashboard/stats

[2026-03-04T12:41:00.465Z] ERROR: 
Stack: AggregateError [ECONNREFUSED]: 
    at C:\Users\ludin\Desktop\salidas\scanqueue\backend\node_modules\pg-pool\index.js:45:11
    at process.processTicksAndRejections (node:internal/process/task_queues:105:5)
    at async query (file:///C:/Users/ludin/Desktop/salidas/scanqueue/backend/src/config/database.js:25:18)
    at async Module.getScansToday (file:///C:/Users/ludin/Desktop/salidas/scanqueue/backend/src/models/Scan.js:23:15)
    at async getTodaySummary (file:///C:/Users/ludin/Desktop/salidas/scanqueue/backend/src/controllers/DashboardController.js:30:24)
Path: /api/dashboard/today

[2026-03-04T12:41:00.625Z] ERROR: 
Stack: AggregateError [ECONNREFUSED]: 
    at C:\Users\ludin\Desktop\salidas\scanqueue\backend\node_modules\pg-pool\index.js:45:11
    at process.processTicksAndRejections (node:internal/process/task_queues:105:5)
    at async query (file:///C:/Users/ludin/Desktop/salidas/scanqueue/backend/src/config/database.js:25:18)
    at async Module.getScansToday (file:///C:/Users/ludin/Desktop/salidas/scanqueue/backend/src/models/Scan.js:23:15)
    at async Module.getScanStatistics (file:///C:/Users/ludin/Desktop/salidas/scanqueue/backend/src/services/ScanService.js:76:24)
    at async getDashboardStats (file:///C:/Users/ludin/Desktop/salidas/scanqueue/backend/src/controllers/DashboardController.js:12:19)
Path: /api/dashboard/stats

[2026-03-04T12:41:00.629Z] ERROR: 
Stack: AggregateError [ECONNREFUSED]: 
    at C:\Users\ludin\Desktop\salidas\scanqueue\backend\node_modules\pg-pool\index.js:45:11
    at process.processTicksAndRejections (node:internal/process/task_queues:105:5)
    at async query (file:///C:/Users/ludin/Desktop/salidas/scanqueue/backend/src/config/database.js:25:18)
    at async Module.getScansToday (file:///C:/Users/ludin/Desktop/salidas/scanqueue/backend/src/models/Scan.js:23:15)
    at async getTodaySummary (file:///C:/Users/ludin/Desktop/salidas/scanqueue/backend/src/controllers/DashboardController.js:30:24)
Path: /api/dashboard/today

[2026-03-04T12:41:00.673Z] ERROR: 
Stack: AggregateError [ECONNREFUSED]: 
    at C:\Users\ludin\Desktop\salidas\scanqueue\backend\node_modules\pg-pool\index.js:45:11
    at process.processTicksAndRejections (node:internal/process/task_queues:105:5)
    at async query (file:///C:/Users/ludin/Desktop/salidas/scanqueue/backend/src/config/database.js:25:18)
    at async Module.getScansToday (file:///C:/Users/ludin/Desktop/salidas/scanqueue/backend/src/models/Scan.js:23:15)
    at async Module.getScanStatistics (file:///C:/Users/ludin/Desktop/salidas/scanqueue/backend/src/services/ScanService.js:76:24)
    at async getDashboardStats (file:///C:/Users/ludin/Desktop/salidas/scanqueue/backend/src/controllers/DashboardController.js:12:19)
Path: /api/dashboard/stats

[2026-03-04T12:41:00.677Z] ERROR: 
Stack: AggregateError [ECONNREFUSED]: 
    at C:\Users\ludin\Desktop\salidas\scanqueue\backend\node_modules\pg-pool\index.js:45:11
    at process.processTicksAndRejections (node:internal/process/task_queues:105:5)
    at async query (file:///C:/Users/ludin/Desktop/salidas/scanqueue/backend/src/config/database.js:25:18)
    at async Module.getScansToday (file:///C:/Users/ludin/Desktop/salidas/scanqueue/backend/src/models/Scan.js:23:15)
    at async getTodaySummary (file:///C:/Users/ludin/Desktop/salidas/scanqueue/backend/src/controllers/DashboardController.js:30:24)
Path: /api/dashboard/today

[2026-03-04T12:41:00.732Z] ERROR: 
Stack: AggregateError [ECONNREFUSED]: 
    at C:\Users\ludin\Desktop\salidas\scanqueue\backend\node_modules\pg-pool\index.js:45:11
    at process.processTicksAndRejections (node:internal/process/task_queues:105:5)
    at async query (file:///C:/Users/ludin/Desktop/salidas/scanqueue/backend/src/config/database.js:25:18)
    at async Module.getScansToday (file:///C:/Users/ludin/Desktop/salidas/scanqueue/backend/src/models/Scan.js:23:15)
    at async Module.getScanStatistics (file:///C:/Users/ludin/Desktop/salidas/scanqueue/backend/src/services/ScanService.js:76:24)
    at async getDashboardStats (file:///C:/Users/ludin/Desktop/salidas/scanqueue/backend/src/controllers/DashboardController.js:12:19)
Path: /api/dashboard/stats

[2026-03-04T12:41:00.736Z] ERROR: 
Stack: AggregateError [ECONNREFUSED]: 
    at C:\Users\ludin\Desktop\salidas\scanqueue\backend\node_modules\pg-pool\index.js:45:11
    at process.processTicksAndRejections (node:internal/process/task_queues:105:5)
    at async query (file:///C:/Users/ludin/Desktop/salidas/scanqueue/backend/src/config/database.js:25:18)
    at async Module.getScansToday (file:///C:/Users/ludin/Desktop/salidas/scanqueue/backend/src/models/Scan.js:23:15)
    at async getTodaySummary (file:///C:/Users/ludin/Desktop/salidas/scanqueue/backend/src/controllers/DashboardController.js:30:24)
Path: /api/dashboard/today

[2026-03-04T12:41:00.789Z] ERROR: 
Stack: AggregateError [ECONNREFUSED]: 
    at C:\Users\ludin\Desktop\salidas\scanqueue\backend\node_modules\pg-pool\index.js:45:11
    at process.processTicksAndRejections (node:internal/process/task_queues:105:5)
    at async query (file:///C:/Users/ludin/Desktop/salidas/scanqueue/backend/src/config/database.js:25:18)
    at async Module.getScansToday (file:///C:/Users/ludin/Desktop/salidas/scanqueue/backend/src/models/Scan.js:23:15)
    at async Module.getScanStatistics (file:///C:/Users/ludin/Desktop/salidas/scanqueue/backend/src/services/ScanService.js:76:24)
    at async getDashboardStats (file:///C:/Users/ludin/Desktop/salidas/scanqueue/backend/src/controllers/DashboardController.js:12:19)
Path: /api/dashboard/stats

[2026-03-04T12:41:00.793Z] ERROR: 
Stack: AggregateError [ECONNREFUSED]: 
    at C:\Users\ludin\Desktop\salidas\scanqueue\backend\node_modules\pg-pool\index.js:45:11
    at process.processTicksAndRejections (node:internal/process/task_queues:105:5)
    at async query (file:///C:/Users/ludin/Desktop/salidas/scanqueue/backend/src/config/database.js:25:18)
    at async Module.getScansToday (file:///C:/Users/ludin/Desktop/salidas/scanqueue/backend/src/models/Scan.js:23:15)
    at async getTodaySummary (file:///C:/Users/ludin/Desktop/salidas/scanqueue/backend/src/controllers/DashboardController.js:30:24)
Path: /api/dashboard/today

[2026-03-04T12:41:00.840Z] ERROR: 
Stack: AggregateError [ECONNREFUSED]: 
    at C:\Users\ludin\Desktop\salidas\scanqueue\backend\node_modules\pg-pool\index.js:45:11
    at process.processTicksAndRejections (node:internal/process/task_queues:105:5)
    at async query (file:///C:/Users/ludin/Desktop/salidas/scanqueue/backend/src/config/database.js:25:18)
    at async Module.getScansToday (file:///C:/Users/ludin/Desktop/salidas/scanqueue/backend/src/models/Scan.js:23:15)
    at async Module.getScanStatistics (file:///C:/Users/ludin/Desktop/salidas/scanqueue/backend/src/services/ScanService.js:76:24)
    at async getDashboardStats (file:///C:/Users/ludin/Desktop/salidas/scanqueue/backend/src/controllers/DashboardController.js:12:19)
Path: /api/dashboard/stats

[2026-03-04T12:41:00.844Z] ERROR: 
Stack: AggregateError [ECONNREFUSED]: 
    at C:\Users\ludin\Desktop\salidas\scanqueue\backend\node_modules\pg-pool\index.js:45:11
    at process.processTicksAndRejections (node:internal/process/task_queues:105:5)
    at async query (file:///C:/Users/ludin/Desktop/salidas/scanqueue/backend/src/config/database.js:25:18)
    at async Module.getScansToday (file:///C:/Users/ludin/Desktop/salidas/scanqueue/backend/src/models/Scan.js:23:15)
    at async getTodaySummary (file:///C:/Users/ludin/Desktop/salidas/scanqueue/backend/src/controllers/DashboardController.js:30:24)
Path: /api/dashboard/today

[2026-03-04T12:41:00.896Z] ERROR: 
Stack: AggregateError [ECONNREFUSED]: 
    at C:\Users\ludin\Desktop\salidas\scanqueue\backend\node_modules\pg-pool\index.js:45:11
    at process.processTicksAndRejections (node:internal/process/task_queues:105:5)
    at async query (file:///C:/Users/ludin/Desktop/salidas/scanqueue/backend/src/config/database.js:25:18)
    at async Module.getScansToday (file:///C:/Users/ludin/Desktop/salidas/scanqueue/backend/src/models/Scan.js:23:15)
    at async Module.getScanStatistics (file:///C:/Users/ludin/Desktop/salidas/scanqueue/backend/src/services/ScanService.js:76:24)
    at async getDashboardStats (file:///C:/Users/ludin/Desktop/salidas/scanqueue/backend/src/controllers/DashboardController.js:12:19)
Path: /api/dashboard/stats

[2026-03-04T12:41:00.900Z] ERROR: 
Stack: AggregateError [ECONNREFUSED]: 
    at C:\Users\ludin\Desktop\salidas\scanqueue\backend\node_modules\pg-pool\index.js:45:11
    at process.processTicksAndRejections (node:internal/process/task_queues:105:5)
    at async query (file:///C:/Users/ludin/Desktop/salidas/scanqueue/backend/src/config/database.js:25:18)
    at async Module.getScansToday (file:///C:/Users/ludin/Desktop/salidas/scanqueue/backend/src/models/Scan.js:23:15)
    at async getTodaySummary (file:///C:/Users/ludin/Desktop/salidas/scanqueue/backend/src/controllers/DashboardController.js:30:24)
Path: /api/dashboard/today

[2026-03-04T12:41:00.935Z] ERROR: 
Stack: AggregateError [ECONNREFUSED]: 
    at C:\Users\ludin\Desktop\salidas\scanqueue\backend\node_modules\pg-pool\index.js:45:11
    at process.processTicksAndRejections (node:internal/process/task_queues:105:5)
    at async query (file:///C:/Users/ludin/Desktop/salidas/scanqueue/backend/src/config/database.js:25:18)
    at async Module.getScansToday (file:///C:/Users/ludin/Desktop/salidas/scanqueue/backend/src/models/Scan.js:23:15)
    at async Module.getScanStatistics (file:///C:/Users/ludin/Desktop/salidas/scanqueue/backend/src/services/ScanService.js:76:24)
    at async getDashboardStats (file:///C:/Users/ludin/Desktop/salidas/scanqueue/backend/src/controllers/DashboardController.js:12:19)
Path: /api/dashboard/stats

[2026-03-04T12:41:00.939Z] ERROR: 
Stack: AggregateError [ECONNREFUSED]: 
    at C:\Users\ludin\Desktop\salidas\scanqueue\backend\node_modules\pg-pool\index.js:45:11
    at process.processTicksAndRejections (node:internal/process/task_queues:105:5)
    at async query (file:///C:/Users/ludin/Desktop/salidas/scanqueue/backend/src/config/database.js:25:18)
    at async Module.getScansToday (file:///C:/Users/ludin/Desktop/salidas/scanqueue/backend/src/models/Scan.js:23:15)
    at async getTodaySummary (file:///C:/Users/ludin/Desktop/salidas/scanqueue/backend/src/controllers/DashboardController.js:30:24)
Path: /api/dashboard/today

[2026-03-04T12:41:00.989Z] ERROR: 
Stack: AggregateError [ECONNREFUSED]: 
    at C:\Users\ludin\Desktop\salidas\scanqueue\backend\node_modules\pg-pool\index.js:45:11
    at process.processTicksAndRejections (node:internal/process/task_queues:105:5)
    at async query (file:///C:/Users/ludin/Desktop/salidas/scanqueue/backend/src/config/database.js:25:18)
    at async Module.getScansToday (file:///C:/Users/ludin/Desktop/salidas/scanqueue/backend/src/models/Scan.js:23:15)
    at async Module.getScanStatistics (file:///C:/Users/ludin/Desktop/salidas/scanqueue/backend/src/services/ScanService.js:76:24)
    at async getDashboardStats (file:///C:/Users/ludin/Desktop/salidas/scanqueue/backend/src/controllers/DashboardController.js:12:19)
Path: /api/dashboard/stats

[2026-03-04T12:41:00.992Z] ERROR: 
Stack: AggregateError [ECONNREFUSED]: 
    at C:\Users\ludin\Desktop\salidas\scanqueue\backend\node_modules\pg-pool\index.js:45:11
    at process.processTicksAndRejections (node:internal/process/task_queues:105:5)
    at async query (file:///C:/Users/ludin/Desktop/salidas/scanqueue/backend/src/config/database.js:25:18)
    at async Module.getScansToday (file:///C:/Users/ludin/Desktop/salidas/scanqueue/backend/src/models/Scan.js:23:15)
    at async getTodaySummary (file:///C:/Users/ludin/Desktop/salidas/scanqueue/backend/src/controllers/DashboardController.js:30:24)
Path: /api/dashboard/today

[2026-03-04T12:41:01.054Z] ERROR: 
Stack: AggregateError [ECONNREFUSED]: 
    at C:\Users\ludin\Desktop\salidas\scanqueue\backend\node_modules\pg-pool\index.js:45:11
    at process.processTicksAndRejections (node:internal/process/task_queues:105:5)
    at async query (file:///C:/Users/ludin/Desktop/salidas/scanqueue/backend/src/config/database.js:25:18)
    at async Module.getScansToday (file:///C:/Users/ludin/Desktop/salidas/scanqueue/backend/src/models/Scan.js:23:15)
    at async Module.getScanStatistics (file:///C:/Users/ludin/Desktop/salidas/scanqueue/backend/src/services/ScanService.js:76:24)
    at async getDashboardStats (file:///C:/Users/ludin/Desktop/salidas/scanqueue/backend/src/controllers/DashboardController.js:12:19)
Path: /api/dashboard/stats

[2026-03-04T12:41:01.057Z] ERROR: 
Stack: AggregateError [ECONNREFUSED]: 
    at C:\Users\ludin\Desktop\salidas\scanqueue\backend\node_modules\pg-pool\index.js:45:11
    at process.processTicksAndRejections (node:internal/process/task_queues:105:5)
    at async query (file:///C:/Users/ludin/Desktop/salidas/scanqueue/backend/src/config/database.js:25:18)
    at async Module.getScansToday (file:///C:/Users/ludin/Desktop/salidas/scanqueue/backend/src/models/Scan.js:23:15)
    at async getTodaySummary (file:///C:/Users/ludin/Desktop/salidas/scanqueue/backend/src/controllers/DashboardController.js:30:24)
Path: /api/dashboard/today

[2026-03-04T12:41:01.096Z] ERROR: 
Stack: AggregateError [ECONNREFUSED]: 
    at C:\Users\ludin\Desktop\salidas\scanqueue\backend\node_modules\pg-pool\index.js:45:11
    at process.processTicksAndRejections (node:internal/process/task_queues:105:5)
    at async query (file:///C:/Users/ludin/Desktop/salidas/scanqueue/backend/src/config/database.js:25:18)
    at async Module.getScansToday (file:///C:/Users/ludin/Desktop/salidas/scanqueue/backend/src/models/Scan.js:23:15)
    at async Module.getScanStatistics (file:///C:/Users/ludin/Desktop/salidas/scanqueue/backend/src/services/ScanService.js:76:24)
    at async getDashboardStats (file:///C:/Users/ludin/Desktop/salidas/scanqueue/backend/src/controllers/DashboardController.js:12:19)
Path: /api/dashboard/stats

[2026-03-04T12:41:01.099Z] ERROR: 
Stack: AggregateError [ECONNREFUSED]: 
    at C:\Users\ludin\Desktop\salidas\scanqueue\backend\node_modules\pg-pool\index.js:45:11
    at process.processTicksAndRejections (node:internal/process/task_queues:105:5)
    at async query (file:///C:/Users/ludin/Desktop/salidas/scanqueue/backend/src/config/database.js:25:18)
    at async Module.getScansToday (file:///C:/Users/ludin/Desktop/salidas/scanqueue/backend/src/models/Scan.js:23:15)
    at async getTodaySummary (file:///C:/Users/ludin/Desktop/salidas/scanqueue/backend/src/controllers/DashboardController.js:30:24)
Path: /api/dashboard/today

[2026-03-04T12:41:01.130Z] ERROR: 
Stack: AggregateError [ECONNREFUSED]: 
    at C:\Users\ludin\Desktop\salidas\scanqueue\backend\node_modules\pg-pool\index.js:45:11
    at process.processTicksAndRejections (node:internal/process/task_queues:105:5)
    at async query (file:///C:/Users/ludin/Desktop/salidas/scanqueue/backend/src/config/database.js:25:18)
    at async Module.getScansToday (file:///C:/Users/ludin/Desktop/salidas/scanqueue/backend/src/models/Scan.js:23:15)
    at async Module.getScanStatistics (file:///C:/Users/ludin/Desktop/salidas/scanqueue/backend/src/services/ScanService.js:76:24)
    at async getDashboardStats (file:///C:/Users/ludin/Desktop/salidas/scanqueue/backend/src/controllers/DashboardController.js:12:19)
Path: /api/dashboard/stats

[2026-03-04T12:41:01.133Z] ERROR: 
Stack: AggregateError [ECONNREFUSED]: 
    at C:\Users\ludin\Desktop\salidas\scanqueue\backend\node_modules\pg-pool\index.js:45:11
    at process.processTicksAndRejections (node:internal/process/task_queues:105:5)
    at async query (file:///C:/Users/ludin/Desktop/salidas/scanqueue/backend/src/config/database.js:25:18)
    at async Module.getScansToday (file:///C:/Users/ludin/Desktop/salidas/scanqueue/backend/src/models/Scan.js:23:15)
    at async getTodaySummary (file:///C:/Users/ludin/Desktop/salidas/scanqueue/backend/src/controllers/DashboardController.js:30:24)
Path: /api/dashboard/today

[2026-03-04T12:41:01.189Z] ERROR: 
Stack: AggregateError [ECONNREFUSED]: 
    at C:\Users\ludin\Desktop\salidas\scanqueue\backend\node_modules\pg-pool\index.js:45:11
    at process.processTicksAndRejections (node:internal/process/task_queues:105:5)
    at async query (file:///C:/Users/ludin/Desktop/salidas/scanqueue/backend/src/config/database.js:25:18)
    at async Module.getScansToday (file:///C:/Users/ludin/Desktop/salidas/scanqueue/backend/src/models/Scan.js:23:15)
    at async Module.getScanStatistics (file:///C:/Users/ludin/Desktop/salidas/scanqueue/backend/src/services/ScanService.js:76:24)
    at async getDashboardStats (file:///C:/Users/ludin/Desktop/salidas/scanqueue/backend/src/controllers/DashboardController.js:12:19)
Path: /api/dashboard/stats

[2026-03-04T12:41:01.193Z] ERROR: 
Stack: AggregateError [ECONNREFUSED]: 
    at C:\Users\ludin\Desktop\salidas\scanqueue\backend\node_modules\pg-pool\index.js:45:11
    at process.processTicksAndRejections (node:internal/process/task_queues:105:5)
    at async query (file:///C:/Users/ludin/Desktop/salidas/scanqueue/backend/src/config/database.js:25:18)
    at async Module.getScansToday (file:///C:/Users/ludin/Desktop/salidas/scanqueue/backend/src/models/Scan.js:23:15)
    at async getTodaySummary (file:///C:/Users/ludin/Desktop/salidas/scanqueue/backend/src/controllers/DashboardController.js:30:24)
Path: /api/dashboard/today

[2026-03-04T12:41:01.322Z] ERROR: 
Stack: AggregateError [ECONNREFUSED]: 
    at C:\Users\ludin\Desktop\salidas\scanqueue\backend\node_modules\pg-pool\index.js:45:11
    at process.processTicksAndRejections (node:internal/process/task_queues:105:5)
    at async query (file:///C:/Users/ludin/Desktop/salidas/scanqueue/backend/src/config/database.js:25:18)
    at async Module.getScansToday (file:///C:/Users/ludin/Desktop/salidas/scanqueue/backend/src/models/Scan.js:23:15)
    at async Module.getScanStatistics (file:///C:/Users/ludin/Desktop/salidas/scanqueue/backend/src/services/ScanService.js:76:24)
    at async getDashboardStats (file:///C:/Users/ludin/Desktop/salidas/scanqueue/backend/src/controllers/DashboardController.js:12:19)
Path: /api/dashboard/stats

[2026-03-04T12:41:01.325Z] ERROR: 
Stack: AggregateError [ECONNREFUSED]: 
    at C:\Users\ludin\Desktop\salidas\scanqueue\backend\node_modules\pg-pool\index.js:45:11
    at process.processTicksAndRejections (node:internal/process/task_queues:105:5)
    at async query (file:///C:/Users/ludin/Desktop/salidas/scanqueue/backend/src/config/database.js:25:18)
    at async Module.getScansToday (file:///C:/Users/ludin/Desktop/salidas/scanqueue/backend/src/models/Scan.js:23:15)
    at async getTodaySummary (file:///C:/Users/ludin/Desktop/salidas/scanqueue/backend/src/controllers/DashboardController.js:30:24)
Path: /api/dashboard/today

[2026-03-04T12:41:01.370Z] ERROR: 
Stack: AggregateError [ECONNREFUSED]: 
    at C:\Users\ludin\Desktop\salidas\scanqueue\backend\node_modules\pg-pool\index.js:45:11
    at process.processTicksAndRejections (node:internal/process/task_queues:105:5)
    at async query (file:///C:/Users/ludin/Desktop/salidas/scanqueue/backend/src/config/database.js:25:18)
    at async Module.getScansToday (file:///C:/Users/ludin/Desktop/salidas/scanqueue/backend/src/models/Scan.js:23:15)
    at async Module.getScanStatistics (file:///C:/Users/ludin/Desktop/salidas/scanqueue/backend/src/services/ScanService.js:76:24)
    at async getDashboardStats (file:///C:/Users/ludin/Desktop/salidas/scanqueue/backend/src/controllers/DashboardController.js:12:19)
Path: /api/dashboard/stats

[2026-03-04T12:41:01.373Z] ERROR: 
Stack: AggregateError [ECONNREFUSED]: 
    at C:\Users\ludin\Desktop\salidas\scanqueue\backend\node_modules\pg-pool\index.js:45:11
    at process.processTicksAndRejections (node:internal/process/task_queues:105:5)
    at async query (file:///C:/Users/ludin/Desktop/salidas/scanqueue/backend/src/config/database.js:25:18)
    at async Module.getScansToday (file:///C:/Users/ludin/Desktop/salidas/scanqueue/backend/src/models/Scan.js:23:15)
    at async getTodaySummary (file:///C:/Users/ludin/Desktop/salidas/scanqueue/backend/src/controllers/DashboardController.js:30:24)
Path: /api/dashboard/today

[2026-03-04T12:41:01.432Z] ERROR: 
Stack: AggregateError [ECONNREFUSED]: 
    at C:\Users\ludin\Desktop\salidas\scanqueue\backend\node_modules\pg-pool\index.js:45:11
    at process.processTicksAndRejections (node:internal/process/task_queues:105:5)
    at async query (file:///C:/Users/ludin/Desktop/salidas/scanqueue/backend/src/config/database.js:25:18)
    at async Module.getScansToday (file:///C:/Users/ludin/Desktop/salidas/scanqueue/backend/src/models/Scan.js:23:15)
    at async Module.getScanStatistics (file:///C:/Users/ludin/Desktop/salidas/scanqueue/backend/src/services/ScanService.js:76:24)
    at async getDashboardStats (file:///C:/Users/ludin/Desktop/salidas/scanqueue/backend/src/controllers/DashboardController.js:12:19)
Path: /api/dashboard/stats

[2026-03-04T12:41:01.436Z] ERROR: 
Stack: AggregateError [ECONNREFUSED]: 
    at C:\Users\ludin\Desktop\salidas\scanqueue\backend\node_modules\pg-pool\index.js:45:11
    at process.processTicksAndRejections (node:internal/process/task_queues:105:5)
    at async query (file:///C:/Users/ludin/Desktop/salidas/scanqueue/backend/src/config/database.js:25:18)
    at async Module.getScansToday (file:///C:/Users/ludin/Desktop/salidas/scanqueue/backend/src/models/Scan.js:23:15)
    at async getTodaySummary (file:///C:/Users/ludin/Desktop/salidas/scanqueue/backend/src/controllers/DashboardController.js:30:24)
Path: /api/dashboard/today

[2026-03-04T12:41:01.495Z] ERROR: 
Stack: AggregateError [ECONNREFUSED]: 
    at C:\Users\ludin\Desktop\salidas\scanqueue\backend\node_modules\pg-pool\index.js:45:11
    at process.processTicksAndRejections (node:internal/process/task_queues:105:5)
    at async query (file:///C:/Users/ludin/Desktop/salidas/scanqueue/backend/src/config/database.js:25:18)
    at async Module.getScansToday (file:///C:/Users/ludin/Desktop/salidas/scanqueue/backend/src/models/Scan.js:23:15)
    at async Module.getScanStatistics (file:///C:/Users/ludin/Desktop/salidas/scanqueue/backend/src/services/ScanService.js:76:24)
    at async getDashboardStats (file:///C:/Users/ludin/Desktop/salidas/scanqueue/backend/src/controllers/DashboardController.js:12:19)
Path: /api/dashboard/stats

[2026-03-04T12:41:01.498Z] ERROR: 
Stack: AggregateError [ECONNREFUSED]: 
    at C:\Users\ludin\Desktop\salidas\scanqueue\backend\node_modules\pg-pool\index.js:45:11
    at process.processTicksAndRejections (node:internal/process/task_queues:105:5)
    at async query (file:///C:/Users/ludin/Desktop/salidas/scanqueue/backend/src/config/database.js:25:18)
    at async Module.getScansToday (file:///C:/Users/ludin/Desktop/salidas/scanqueue/backend/src/models/Scan.js:23:15)
    at async getTodaySummary (file:///C:/Users/ludin/Desktop/salidas/scanqueue/backend/src/controllers/DashboardController.js:30:24)
Path: /api/dashboard/today

[2026-03-04T12:41:01.538Z] ERROR: 
Stack: AggregateError [ECONNREFUSED]: 
    at C:\Users\ludin\Desktop\salidas\scanqueue\backend\node_modules\pg-pool\index.js:45:11
    at process.processTicksAndRejections (node:internal/process/task_queues:105:5)
    at async query (file:///C:/Users/ludin/Desktop/salidas/scanqueue/backend/src/config/database.js:25:18)
    at async Module.getScansToday (file:///C:/Users/ludin/Desktop/salidas/scanqueue/backend/src/models/Scan.js:23:15)
    at async Module.getScanStatistics (file:///C:/Users/ludin/Desktop/salidas/scanqueue/backend/src/services/ScanService.js:76:24)
    at async getDashboardStats (file:///C:/Users/ludin/Desktop/salidas/scanqueue/backend/src/controllers/DashboardController.js:12:19)
Path: /api/dashboard/stats

[2026-03-04T12:41:01.542Z] ERROR: 
Stack: AggregateError [ECONNREFUSED]: 
    at C:\Users\ludin\Desktop\salidas\scanqueue\backend\node_modules\pg-pool\index.js:45:11
    at process.processTicksAndRejections (node:internal/process/task_queues:105:5)
    at async query (file:///C:/Users/ludin/Desktop/salidas/scanqueue/backend/src/config/database.js:25:18)
    at async Module.getScansToday (file:///C:/Users/ludin/Desktop/salidas/scanqueue/backend/src/models/Scan.js:23:15)
    at async getTodaySummary (file:///C:/Users/ludin/Desktop/salidas/scanqueue/backend/src/controllers/DashboardController.js:30:24)
Path: /api/dashboard/today

[2026-03-04T12:41:01.595Z] ERROR: 
Stack: AggregateError [ECONNREFUSED]: 
    at C:\Users\ludin\Desktop\salidas\scanqueue\backend\node_modules\pg-pool\index.js:45:11
    at process.processTicksAndRejections (node:internal/process/task_queues:105:5)
    at async query (file:///C:/Users/ludin/Desktop/salidas/scanqueue/backend/src/config/database.js:25:18)
    at async Module.getScansToday (file:///C:/Users/ludin/Desktop/salidas/scanqueue/backend/src/models/Scan.js:23:15)
    at async Module.getScanStatistics (file:///C:/Users/ludin/Desktop/salidas/scanqueue/backend/src/services/ScanService.js:76:24)
    at async getDashboardStats (file:///C:/Users/ludin/Desktop/salidas/scanqueue/backend/src/controllers/DashboardController.js:12:19)
Path: /api/dashboard/stats

[2026-03-04T12:41:01.598Z] ERROR: 
Stack: AggregateError [ECONNREFUSED]: 
    at C:\Users\ludin\Desktop\salidas\scanqueue\backend\node_modules\pg-pool\index.js:45:11
    at process.processTicksAndRejections (node:internal/process/task_queues:105:5)
    at async query (file:///C:/Users/ludin/Desktop/salidas/scanqueue/backend/src/config/database.js:25:18)
    at async Module.getScansToday (file:///C:/Users/ludin/Desktop/salidas/scanqueue/backend/src/models/Scan.js:23:15)
    at async getTodaySummary (file:///C:/Users/ludin/Desktop/salidas/scanqueue/backend/src/controllers/DashboardController.js:30:24)
Path: /api/dashboard/today

[2026-03-04T12:41:01.711Z] ERROR: 
Stack: AggregateError [ECONNREFUSED]: 
    at C:\Users\ludin\Desktop\salidas\scanqueue\backend\node_modules\pg-pool\index.js:45:11
    at process.processTicksAndRejections (node:internal/process/task_queues:105:5)
    at async query (file:///C:/Users/ludin/Desktop/salidas/scanqueue/backend/src/config/database.js:25:18)
    at async Module.getScansToday (file:///C:/Users/ludin/Desktop/salidas/scanqueue/backend/src/models/Scan.js:23:15)
    at async Module.getScanStatistics (file:///C:/Users/ludin/Desktop/salidas/scanqueue/backend/src/services/ScanService.js:76:24)
    at async getDashboardStats (file:///C:/Users/ludin/Desktop/salidas/scanqueue/backend/src/controllers/DashboardController.js:12:19)
Path: /api/dashboard/stats

[2026-03-04T12:41:01.722Z] ERROR: 
Stack: AggregateError [ECONNREFUSED]: 
    at C:\Users\ludin\Desktop\salidas\scanqueue\backend\node_modules\pg-pool\index.js:45:11
    at process.processTicksAndRejections (node:internal/process/task_queues:105:5)
    at async query (file:///C:/Users/ludin/Desktop/salidas/scanqueue/backend/src/config/database.js:25:18)
    at async Module.getScansToday (file:///C:/Users/ludin/Desktop/salidas/scanqueue/backend/src/models/Scan.js:23:15)
    at async getTodaySummary (file:///C:/Users/ludin/Desktop/salidas/scanqueue/backend/src/controllers/DashboardController.js:30:24)
Path: /api/dashboard/today

[2026-03-04T12:41:01.778Z] ERROR: 
Stack: AggregateError [ECONNREFUSED]: 
    at C:\Users\ludin\Desktop\salidas\scanqueue\backend\node_modules\pg-pool\index.js:45:11
    at process.processTicksAndRejections (node:internal/process/task_queues:105:5)
    at async query (file:///C:/Users/ludin/Desktop/salidas/scanqueue/backend/src/config/database.js:25:18)
    at async Module.getScansToday (file:///C:/Users/ludin/Desktop/salidas/scanqueue/backend/src/models/Scan.js:23:15)
    at async Module.getScanStatistics (file:///C:/Users/ludin/Desktop/salidas/scanqueue/backend/src/services/ScanService.js:76:24)
    at async getDashboardStats (file:///C:/Users/ludin/Desktop/salidas/scanqueue/backend/src/controllers/DashboardController.js:12:19)
Path: /api/dashboard/stats

[2026-03-04T12:41:01.783Z] ERROR: 
Stack: AggregateError [ECONNREFUSED]: 
    at C:\Users\ludin\Desktop\salidas\scanqueue\backend\node_modules\pg-pool\index.js:45:11
    at process.processTicksAndRejections (node:internal/process/task_queues:105:5)
    at async query (file:///C:/Users/ludin/Desktop/salidas/scanqueue/backend/src/config/database.js:25:18)
    at async Module.getScansToday (file:///C:/Users/ludin/Desktop/salidas/scanqueue/backend/src/models/Scan.js:23:15)
    at async getTodaySummary (file:///C:/Users/ludin/Desktop/salidas/scanqueue/backend/src/controllers/DashboardController.js:30:24)
Path: /api/dashboard/today

[2026-03-04T12:41:01.913Z] ERROR: 
Stack: AggregateError [ECONNREFUSED]: 
    at C:\Users\ludin\Desktop\salidas\scanqueue\backend\node_modules\pg-pool\index.js:45:11
    at process.processTicksAndRejections (node:internal/process/task_queues:105:5)
    at async query (file:///C:/Users/ludin/Desktop/salidas/scanqueue/backend/src/config/database.js:25:18)
    at async Module.getScansToday (file:///C:/Users/ludin/Desktop/salidas/scanqueue/backend/src/models/Scan.js:23:15)
    at async Module.getScanStatistics (file:///C:/Users/ludin/Desktop/salidas/scanqueue/backend/src/services/ScanService.js:76:24)
    at async getDashboardStats (file:///C:/Users/ludin/Desktop/salidas/scanqueue/backend/src/controllers/DashboardController.js:12:19)
Path: /api/dashboard/stats

[2026-03-04T12:41:01.920Z] ERROR: 
Stack: AggregateError [ECONNREFUSED]: 
    at C:\Users\ludin\Desktop\salidas\scanqueue\backend\node_modules\pg-pool\index.js:45:11
    at process.processTicksAndRejections (node:internal/process/task_queues:105:5)
    at async query (file:///C:/Users/ludin/Desktop/salidas/scanqueue/backend/src/config/database.js:25:18)
    at async Module.getScansToday (file:///C:/Users/ludin/Desktop/salidas/scanqueue/backend/src/models/Scan.js:23:15)
    at async getTodaySummary (file:///C:/Users/ludin/Desktop/salidas/scanqueue/backend/src/controllers/DashboardController.js:30:24)
Path: /api/dashboard/today

[2026-03-04T12:41:01.997Z] ERROR: 
Stack: AggregateError [ECONNREFUSED]: 
    at C:\Users\ludin\Desktop\salidas\scanqueue\backend\node_modules\pg-pool\index.js:45:11
    at process.processTicksAndRejections (node:internal/process/task_queues:105:5)
    at async query (file:///C:/Users/ludin/Desktop/salidas/scanqueue/backend/src/config/database.js:25:18)
    at async Module.getScansToday (file:///C:/Users/ludin/Desktop/salidas/scanqueue/backend/src/models/Scan.js:23:15)
    at async Module.getScanStatistics (file:///C:/Users/ludin/Desktop/salidas/scanqueue/backend/src/services/ScanService.js:76:24)
    at async getDashboardStats (file:///C:/Users/ludin/Desktop/salidas/scanqueue/backend/src/controllers/DashboardController.js:12:19)
Path: /api/dashboard/stats

[2026-03-04T12:41:02.000Z] ERROR: 
Stack: AggregateError [ECONNREFUSED]: 
    at C:\Users\ludin\Desktop\salidas\scanqueue\backend\node_modules\pg-pool\index.js:45:11
    at process.processTicksAndRejections (node:internal/process/task_queues:105:5)
    at async query (file:///C:/Users/ludin/Desktop/salidas/scanqueue/backend/src/config/database.js:25:18)
    at async Module.getScansToday (file:///C:/Users/ludin/Desktop/salidas/scanqueue/backend/src/models/Scan.js:23:15)
    at async getTodaySummary (file:///C:/Users/ludin/Desktop/salidas/scanqueue/backend/src/controllers/DashboardController.js:30:24)
Path: /api/dashboard/today

[2026-03-04T12:41:02.068Z] ERROR: 
Stack: AggregateError [ECONNREFUSED]: 
    at C:\Users\ludin\Desktop\salidas\scanqueue\backend\node_modules\pg-pool\index.js:45:11
    at process.processTicksAndRejections (node:internal/process/task_queues:105:5)
    at async query (file:///C:/Users/ludin/Desktop/salidas/scanqueue/backend/src/config/database.js:25:18)
    at async Module.getScansToday (file:///C:/Users/ludin/Desktop/salidas/scanqueue/backend/src/models/Scan.js:23:15)
    at async Module.getScanStatistics (file:///C:/Users/ludin/Desktop/salidas/scanqueue/backend/src/services/ScanService.js:76:24)
    at async getDashboardStats (file:///C:/Users/ludin/Desktop/salidas/scanqueue/backend/src/controllers/DashboardController.js:12:19)
Path: /api/dashboard/stats

[2026-03-04T12:41:02.074Z] ERROR: 
Stack: AggregateError [ECONNREFUSED]: 
    at C:\Users\ludin\Desktop\salidas\scanqueue\backend\node_modules\pg-pool\index.js:45:11
    at process.processTicksAndRejections (node:internal/process/task_queues:105:5)
    at async query (file:///C:/Users/ludin/Desktop/salidas/scanqueue/backend/src/config/database.js:25:18)
    at async Module.getScansToday (file:///C:/Users/ludin/Desktop/salidas/scanqueue/backend/src/models/Scan.js:23:15)
    at async getTodaySummary (file:///C:/Users/ludin/Desktop/salidas/scanqueue/backend/src/controllers/DashboardController.js:30:24)
Path: /api/dashboard/today

[2026-03-04T12:41:02.268Z] ERROR: 
Stack: AggregateError [ECONNREFUSED]: 
    at C:\Users\ludin\Desktop\salidas\scanqueue\backend\node_modules\pg-pool\index.js:45:11
    at process.processTicksAndRejections (node:internal/process/task_queues:105:5)
    at async query (file:///C:/Users/ludin/Desktop/salidas/scanqueue/backend/src/config/database.js:25:18)
    at async Module.getScansToday (file:///C:/Users/ludin/Desktop/salidas/scanqueue/backend/src/models/Scan.js:23:15)
    at async Module.getScanStatistics (file:///C:/Users/ludin/Desktop/salidas/scanqueue/backend/src/services/ScanService.js:76:24)
    at async getDashboardStats (file:///C:/Users/ludin/Desktop/salidas/scanqueue/backend/src/controllers/DashboardController.js:12:19)
Path: /api/dashboard/stats

[2026-03-04T12:41:02.272Z] ERROR: 
Stack: AggregateError [ECONNREFUSED]: 
    at C:\Users\ludin\Desktop\salidas\scanqueue\backend\node_modules\pg-pool\index.js:45:11
    at process.processTicksAndRejections (node:internal/process/task_queues:105:5)
    at async query (file:///C:/Users/ludin/Desktop/salidas/scanqueue/backend/src/config/database.js:25:18)
    at async Module.getScansToday (file:///C:/Users/ludin/Desktop/salidas/scanqueue/backend/src/models/Scan.js:23:15)
    at async getTodaySummary (file:///C:/Users/ludin/Desktop/salidas/scanqueue/backend/src/controllers/DashboardController.js:30:24)
Path: /api/dashboard/today

[2026-03-04T12:41:02.318Z] ERROR: 
Stack: AggregateError [ECONNREFUSED]: 
    at C:\Users\ludin\Desktop\salidas\scanqueue\backend\node_modules\pg-pool\index.js:45:11
    at process.processTicksAndRejections (node:internal/process/task_queues:105:5)
    at async query (file:///C:/Users/ludin/Desktop/salidas/scanqueue/backend/src/config/database.js:25:18)
    at async Module.getScansToday (file:///C:/Users/ludin/Desktop/salidas/scanqueue/backend/src/models/Scan.js:23:15)
    at async Module.getScanStatistics (file:///C:/Users/ludin/Desktop/salidas/scanqueue/backend/src/services/ScanService.js:76:24)
    at async getDashboardStats (file:///C:/Users/ludin/Desktop/salidas/scanqueue/backend/src/controllers/DashboardController.js:12:19)
Path: /api/dashboard/stats

[2026-03-04T12:41:02.323Z] ERROR: 
Stack: AggregateError [ECONNREFUSED]: 
    at C:\Users\ludin\Desktop\salidas\scanqueue\backend\node_modules\pg-pool\index.js:45:11
    at process.processTicksAndRejections (node:internal/process/task_queues:105:5)
    at async query (file:///C:/Users/ludin/Desktop/salidas/scanqueue/backend/src/config/database.js:25:18)
    at async Module.getScansToday (file:///C:/Users/ludin/Desktop/salidas/scanqueue/backend/src/models/Scan.js:23:15)
    at async getTodaySummary (file:///C:/Users/ludin/Desktop/salidas/scanqueue/backend/src/controllers/DashboardController.js:30:24)
Path: /api/dashboard/today

[2026-03-04T12:41:02.365Z] ERROR: 
Stack: AggregateError [ECONNREFUSED]: 
    at C:\Users\ludin\Desktop\salidas\scanqueue\backend\node_modules\pg-pool\index.js:45:11
    at process.processTicksAndRejections (node:internal/process/task_queues:105:5)
    at async query (file:///C:/Users/ludin/Desktop/salidas/scanqueue/backend/src/config/database.js:25:18)
    at async Module.getScansToday (file:///C:/Users/ludin/Desktop/salidas/scanqueue/backend/src/models/Scan.js:23:15)
    at async Module.getScanStatistics (file:///C:/Users/ludin/Desktop/salidas/scanqueue/backend/src/services/ScanService.js:76:24)
    at async getDashboardStats (file:///C:/Users/ludin/Desktop/salidas/scanqueue/backend/src/controllers/DashboardController.js:12:19)
Path: /api/dashboard/stats

[2026-03-04T12:41:02.369Z] ERROR: 
Stack: AggregateError [ECONNREFUSED]: 
    at C:\Users\ludin\Desktop\salidas\scanqueue\backend\node_modules\pg-pool\index.js:45:11
    at process.processTicksAndRejections (node:internal/process/task_queues:105:5)
    at async query (file:///C:/Users/ludin/Desktop/salidas/scanqueue/backend/src/config/database.js:25:18)
    at async Module.getScansToday (file:///C:/Users/ludin/Desktop/salidas/scanqueue/backend/src/models/Scan.js:23:15)
    at async getTodaySummary (file:///C:/Users/ludin/Desktop/salidas/scanqueue/backend/src/controllers/DashboardController.js:30:24)
Path: /api/dashboard/today

[2026-03-04T12:41:02.415Z] ERROR: 
Stack: AggregateError [ECONNREFUSED]: 
    at C:\Users\ludin\Desktop\salidas\scanqueue\backend\node_modules\pg-pool\index.js:45:11
    at process.processTicksAndRejections (node:internal/process/task_queues:105:5)
    at async query (file:///C:/Users/ludin/Desktop/salidas/scanqueue/backend/src/config/database.js:25:18)
    at async Module.getScansToday (file:///C:/Users/ludin/Desktop/salidas/scanqueue/backend/src/models/Scan.js:23:15)
    at async Module.getScanStatistics (file:///C:/Users/ludin/Desktop/salidas/scanqueue/backend/src/services/ScanService.js:76:24)
    at async getDashboardStats (file:///C:/Users/ludin/Desktop/salidas/scanqueue/backend/src/controllers/DashboardController.js:12:19)
Path: /api/dashboard/stats

[2026-03-04T12:41:02.418Z] ERROR: 
Stack: AggregateError [ECONNREFUSED]: 
    at C:\Users\ludin\Desktop\salidas\scanqueue\backend\node_modules\pg-pool\index.js:45:11
    at process.processTicksAndRejections (node:internal/process/task_queues:105:5)
    at async query (file:///C:/Users/ludin/Desktop/salidas/scanqueue/backend/src/config/database.js:25:18)
    at async Module.getScansToday (file:///C:/Users/ludin/Desktop/salidas/scanqueue/backend/src/models/Scan.js:23:15)
    at async getTodaySummary (file:///C:/Users/ludin/Desktop/salidas/scanqueue/backend/src/controllers/DashboardController.js:30:24)
Path: /api/dashboard/today

[2026-03-04T12:41:02.484Z] ERROR: 
Stack: AggregateError [ECONNREFUSED]: 
    at C:\Users\ludin\Desktop\salidas\scanqueue\backend\node_modules\pg-pool\index.js:45:11
    at process.processTicksAndRejections (node:internal/process/task_queues:105:5)
    at async query (file:///C:/Users/ludin/Desktop/salidas/scanqueue/backend/src/config/database.js:25:18)
    at async Module.getScansToday (file:///C:/Users/ludin/Desktop/salidas/scanqueue/backend/src/models/Scan.js:23:15)
    at async Module.getScanStatistics (file:///C:/Users/ludin/Desktop/salidas/scanqueue/backend/src/services/ScanService.js:76:24)
    at async getDashboardStats (file:///C:/Users/ludin/Desktop/salidas/scanqueue/backend/src/controllers/DashboardController.js:12:19)
Path: /api/dashboard/stats

[2026-03-04T12:41:02.494Z] ERROR: 
Stack: AggregateError [ECONNREFUSED]: 
    at C:\Users\ludin\Desktop\salidas\scanqueue\backend\node_modules\pg-pool\index.js:45:11
    at process.processTicksAndRejections (node:internal/process/task_queues:105:5)
    at async query (file:///C:/Users/ludin/Desktop/salidas/scanqueue/backend/src/config/database.js:25:18)
    at async Module.getScansToday (file:///C:/Users/ludin/Desktop/salidas/scanqueue/backend/src/models/Scan.js:23:15)
    at async getTodaySummary (file:///C:/Users/ludin/Desktop/salidas/scanqueue/backend/src/controllers/DashboardController.js:30:24)
Path: /api/dashboard/today

[2026-03-04T12:41:02.542Z] ERROR: 
Stack: AggregateError [ECONNREFUSED]: 
    at C:\Users\ludin\Desktop\salidas\scanqueue\backend\node_modules\pg-pool\index.js:45:11
    at process.processTicksAndRejections (node:internal/process/task_queues:105:5)
    at async query (file:///C:/Users/ludin/Desktop/salidas/scanqueue/backend/src/config/database.js:25:18)
    at async Module.getScansToday (file:///C:/Users/ludin/Desktop/salidas/scanqueue/backend/src/models/Scan.js:23:15)
    at async Module.getScanStatistics (file:///C:/Users/ludin/Desktop/salidas/scanqueue/backend/src/services/ScanService.js:76:24)
    at async getDashboardStats (file:///C:/Users/ludin/Desktop/salidas/scanqueue/backend/src/controllers/DashboardController.js:12:19)
Path: /api/dashboard/stats

[2026-03-04T12:41:02.546Z] ERROR: 
Stack: AggregateError [ECONNREFUSED]: 
    at C:\Users\ludin\Desktop\salidas\scanqueue\backend\node_modules\pg-pool\index.js:45:11
    at process.processTicksAndRejections (node:internal/process/task_queues:105:5)
    at async query (file:///C:/Users/ludin/Desktop/salidas/scanqueue/backend/src/config/database.js:25:18)
    at async Module.getScansToday (file:///C:/Users/ludin/Desktop/salidas/scanqueue/backend/src/models/Scan.js:23:15)
    at async getTodaySummary (file:///C:/Users/ludin/Desktop/salidas/scanqueue/backend/src/controllers/DashboardController.js:30:24)
Path: /api/dashboard/today

[2026-03-04T12:41:02.592Z] ERROR: 
Stack: AggregateError [ECONNREFUSED]: 
    at C:\Users\ludin\Desktop\salidas\scanqueue\backend\node_modules\pg-pool\index.js:45:11
    at process.processTicksAndRejections (node:internal/process/task_queues:105:5)
    at async query (file:///C:/Users/ludin/Desktop/salidas/scanqueue/backend/src/config/database.js:25:18)
    at async Module.getScansToday (file:///C:/Users/ludin/Desktop/salidas/scanqueue/backend/src/models/Scan.js:23:15)
    at async Module.getScanStatistics (file:///C:/Users/ludin/Desktop/salidas/scanqueue/backend/src/services/ScanService.js:76:24)
    at async getDashboardStats (file:///C:/Users/ludin/Desktop/salidas/scanqueue/backend/src/controllers/DashboardController.js:12:19)
Path: /api/dashboard/stats

[2026-03-04T12:41:02.595Z] ERROR: 
Stack: AggregateError [ECONNREFUSED]: 
    at C:\Users\ludin\Desktop\salidas\scanqueue\backend\node_modules\pg-pool\index.js:45:11
    at process.processTicksAndRejections (node:internal/process/task_queues:105:5)
    at async query (file:///C:/Users/ludin/Desktop/salidas/scanqueue/backend/src/config/database.js:25:18)
    at async Module.getScansToday (file:///C:/Users/ludin/Desktop/salidas/scanqueue/backend/src/models/Scan.js:23:15)
    at async getTodaySummary (file:///C:/Users/ludin/Desktop/salidas/scanqueue/backend/src/controllers/DashboardController.js:30:24)
Path: /api/dashboard/today

[2026-03-04T12:41:02.656Z] ERROR: 
Stack: AggregateError [ECONNREFUSED]: 
    at C:\Users\ludin\Desktop\salidas\scanqueue\backend\node_modules\pg-pool\index.js:45:11
    at process.processTicksAndRejections (node:internal/process/task_queues:105:5)
    at async query (file:///C:/Users/ludin/Desktop/salidas/scanqueue/backend/src/config/database.js:25:18)
    at async Module.getScansToday (file:///C:/Users/ludin/Desktop/salidas/scanqueue/backend/src/models/Scan.js:23:15)
    at async Module.getScanStatistics (file:///C:/Users/ludin/Desktop/salidas/scanqueue/backend/src/services/ScanService.js:76:24)
    at async getDashboardStats (file:///C:/Users/ludin/Desktop/salidas/scanqueue/backend/src/controllers/DashboardController.js:12:19)
Path: /api/dashboard/stats

[2026-03-04T12:41:02.660Z] ERROR: 
Stack: AggregateError [ECONNREFUSED]: 
    at C:\Users\ludin\Desktop\salidas\scanqueue\backend\node_modules\pg-pool\index.js:45:11
    at process.processTicksAndRejections (node:internal/process/task_queues:105:5)
    at async query (file:///C:/Users/ludin/Desktop/salidas/scanqueue/backend/src/config/database.js:25:18)
    at async Module.getScansToday (file:///C:/Users/ludin/Desktop/salidas/scanqueue/backend/src/models/Scan.js:23:15)
    at async getTodaySummary (file:///C:/Users/ludin/Desktop/salidas/scanqueue/backend/src/controllers/DashboardController.js:30:24)
Path: /api/dashboard/today

[2026-03-04T12:41:02.709Z] ERROR: 
Stack: AggregateError [ECONNREFUSED]: 
    at C:\Users\ludin\Desktop\salidas\scanqueue\backend\node_modules\pg-pool\index.js:45:11
    at process.processTicksAndRejections (node:internal/process/task_queues:105:5)
    at async query (file:///C:/Users/ludin/Desktop/salidas/scanqueue/backend/src/config/database.js:25:18)
    at async Module.getScansToday (file:///C:/Users/ludin/Desktop/salidas/scanqueue/backend/src/models/Scan.js:23:15)
    at async Module.getScanStatistics (file:///C:/Users/ludin/Desktop/salidas/scanqueue/backend/src/services/ScanService.js:76:24)
    at async getDashboardStats (file:///C:/Users/ludin/Desktop/salidas/scanqueue/backend/src/controllers/DashboardController.js:12:19)
Path: /api/dashboard/stats

[2026-03-04T12:41:02.712Z] ERROR: 
Stack: AggregateError [ECONNREFUSED]: 
    at C:\Users\ludin\Desktop\salidas\scanqueue\backend\node_modules\pg-pool\index.js:45:11
    at process.processTicksAndRejections (node:internal/process/task_queues:105:5)
    at async query (file:///C:/Users/ludin/Desktop/salidas/scanqueue/backend/src/config/database.js:25:18)
    at async Module.getScansToday (file:///C:/Users/ludin/Desktop/salidas/scanqueue/backend/src/models/Scan.js:23:15)
    at async getTodaySummary (file:///C:/Users/ludin/Desktop/salidas/scanqueue/backend/src/controllers/DashboardController.js:30:24)
Path: /api/dashboard/today

[2026-03-04T12:41:02.761Z] ERROR: 
Stack: AggregateError [ECONNREFUSED]: 
    at C:\Users\ludin\Desktop\salidas\scanqueue\backend\node_modules\pg-pool\index.js:45:11
    at process.processTicksAndRejections (node:internal/process/task_queues:105:5)
    at async query (file:///C:/Users/ludin/Desktop/salidas/scanqueue/backend/src/config/database.js:25:18)
    at async Module.getScansToday (file:///C:/Users/ludin/Desktop/salidas/scanqueue/backend/src/models/Scan.js:23:15)
    at async Module.getScanStatistics (file:///C:/Users/ludin/Desktop/salidas/scanqueue/backend/src/services/ScanService.js:76:24)
    at async getDashboardStats (file:///C:/Users/ludin/Desktop/salidas/scanqueue/backend/src/controllers/DashboardController.js:12:19)
Path: /api/dashboard/stats

[2026-03-04T12:41:02.766Z] ERROR: 
Stack: AggregateError [ECONNREFUSED]: 
    at C:\Users\ludin\Desktop\salidas\scanqueue\backend\node_modules\pg-pool\index.js:45:11
    at process.processTicksAndRejections (node:internal/process/task_queues:105:5)
    at async query (file:///C:/Users/ludin/Desktop/salidas/scanqueue/backend/src/config/database.js:25:18)
    at async Module.getScansToday (file:///C:/Users/ludin/Desktop/salidas/scanqueue/backend/src/models/Scan.js:23:15)
    at async getTodaySummary (file:///C:/Users/ludin/Desktop/salidas/scanqueue/backend/src/controllers/DashboardController.js:30:24)
Path: /api/dashboard/today

[2026-03-04T12:41:02.814Z] ERROR: 
Stack: AggregateError [ECONNREFUSED]: 
    at C:\Users\ludin\Desktop\salidas\scanqueue\backend\node_modules\pg-pool\index.js:45:11
    at process.processTicksAndRejections (node:internal/process/task_queues:105:5)
    at async query (file:///C:/Users/ludin/Desktop/salidas/scanqueue/backend/src/config/database.js:25:18)
    at async Module.getScansToday (file:///C:/Users/ludin/Desktop/salidas/scanqueue/backend/src/models/Scan.js:23:15)
    at async Module.getScanStatistics (file:///C:/Users/ludin/Desktop/salidas/scanqueue/backend/src/services/ScanService.js:76:24)
    at async getDashboardStats (file:///C:/Users/ludin/Desktop/salidas/scanqueue/backend/src/controllers/DashboardController.js:12:19)
Path: /api/dashboard/stats

[2026-03-04T12:41:02.818Z] ERROR: 
Stack: AggregateError [ECONNREFUSED]: 
    at C:\Users\ludin\Desktop\salidas\scanqueue\backend\node_modules\pg-pool\index.js:45:11
    at process.processTicksAndRejections (node:internal/process/task_queues:105:5)
    at async query (file:///C:/Users/ludin/Desktop/salidas/scanqueue/backend/src/config/database.js:25:18)
    at async Module.getScansToday (file:///C:/Users/ludin/Desktop/salidas/scanqueue/backend/src/models/Scan.js:23:15)
    at async getTodaySummary (file:///C:/Users/ludin/Desktop/salidas/scanqueue/backend/src/controllers/DashboardController.js:30:24)
Path: /api/dashboard/today

[2026-03-04T12:41:02.886Z] ERROR: 
Stack: AggregateError [ECONNREFUSED]: 
    at C:\Users\ludin\Desktop\salidas\scanqueue\backend\node_modules\pg-pool\index.js:45:11
    at process.processTicksAndRejections (node:internal/process/task_queues:105:5)
    at async query (file:///C:/Users/ludin/Desktop/salidas/scanqueue/backend/src/config/database.js:25:18)
    at async Module.getScansToday (file:///C:/Users/ludin/Desktop/salidas/scanqueue/backend/src/models/Scan.js:23:15)
    at async Module.getScanStatistics (file:///C:/Users/ludin/Desktop/salidas/scanqueue/backend/src/services/ScanService.js:76:24)
    at async getDashboardStats (file:///C:/Users/ludin/Desktop/salidas/scanqueue/backend/src/controllers/DashboardController.js:12:19)
Path: /api/dashboard/stats

[2026-03-04T12:41:02.891Z] ERROR: 
Stack: AggregateError [ECONNREFUSED]: 
    at C:\Users\ludin\Desktop\salidas\scanqueue\backend\node_modules\pg-pool\index.js:45:11
    at process.processTicksAndRejections (node:internal/process/task_queues:105:5)
    at async query (file:///C:/Users/ludin/Desktop/salidas/scanqueue/backend/src/config/database.js:25:18)
    at async Module.getScansToday (file:///C:/Users/ludin/Desktop/salidas/scanqueue/backend/src/models/Scan.js:23:15)
    at async getTodaySummary (file:///C:/Users/ludin/Desktop/salidas/scanqueue/backend/src/controllers/DashboardController.js:30:24)
Path: /api/dashboard/today

[2026-03-04T12:41:03.064Z] ERROR: 
Stack: AggregateError [ECONNREFUSED]: 
    at C:\Users\ludin\Desktop\salidas\scanqueue\backend\node_modules\pg-pool\index.js:45:11
    at process.processTicksAndRejections (node:internal/process/task_queues:105:5)
    at async query (file:///C:/Users/ludin/Desktop/salidas/scanqueue/backend/src/config/database.js:25:18)
    at async Module.getScansToday (file:///C:/Users/ludin/Desktop/salidas/scanqueue/backend/src/models/Scan.js:23:15)
    at async Module.getScanStatistics (file:///C:/Users/ludin/Desktop/salidas/scanqueue/backend/src/services/ScanService.js:76:24)
    at async getDashboardStats (file:///C:/Users/ludin/Desktop/salidas/scanqueue/backend/src/controllers/DashboardController.js:12:19)
Path: /api/dashboard/stats

[2026-03-04T12:41:03.075Z] ERROR: 
Stack: AggregateError [ECONNREFUSED]: 
    at C:\Users\ludin\Desktop\salidas\scanqueue\backend\node_modules\pg-pool\index.js:45:11
    at process.processTicksAndRejections (node:internal/process/task_queues:105:5)
    at async query (file:///C:/Users/ludin/Desktop/salidas/scanqueue/backend/src/config/database.js:25:18)
    at async Module.getScansToday (file:///C:/Users/ludin/Desktop/salidas/scanqueue/backend/src/models/Scan.js:23:15)
    at async getTodaySummary (file:///C:/Users/ludin/Desktop/salidas/scanqueue/backend/src/controllers/DashboardController.js:30:24)
Path: /api/dashboard/today

[2026-03-04T12:41:03.146Z] ERROR: 
Stack: AggregateError [ECONNREFUSED]: 
    at C:\Users\ludin\Desktop\salidas\scanqueue\backend\node_modules\pg-pool\index.js:45:11
    at process.processTicksAndRejections (node:internal/process/task_queues:105:5)
    at async query (file:///C:/Users/ludin/Desktop/salidas/scanqueue/backend/src/config/database.js:25:18)
    at async Module.getScansToday (file:///C:/Users/ludin/Desktop/salidas/scanqueue/backend/src/models/Scan.js:23:15)
    at async Module.getScanStatistics (file:///C:/Users/ludin/Desktop/salidas/scanqueue/backend/src/services/ScanService.js:76:24)
    at async getDashboardStats (file:///C:/Users/ludin/Desktop/salidas/scanqueue/backend/src/controllers/DashboardController.js:12:19)
Path: /api/dashboard/stats

[2026-03-04T12:41:03.151Z] ERROR: 
Stack: AggregateError [ECONNREFUSED]: 
    at C:\Users\ludin\Desktop\salidas\scanqueue\backend\node_modules\pg-pool\index.js:45:11
    at process.processTicksAndRejections (node:internal/process/task_queues:105:5)
    at async query (file:///C:/Users/ludin/Desktop/salidas/scanqueue/backend/src/config/database.js:25:18)
    at async Module.getScansToday (file:///C:/Users/ludin/Desktop/salidas/scanqueue/backend/src/models/Scan.js:23:15)
    at async getTodaySummary (file:///C:/Users/ludin/Desktop/salidas/scanqueue/backend/src/controllers/DashboardController.js:30:24)
Path: /api/dashboard/today

[2026-03-04T12:41:03.233Z] ERROR: 
Stack: AggregateError [ECONNREFUSED]: 
    at C:\Users\ludin\Desktop\salidas\scanqueue\backend\node_modules\pg-pool\index.js:45:11
    at process.processTicksAndRejections (node:internal/process/task_queues:105:5)
    at async query (file:///C:/Users/ludin/Desktop/salidas/scanqueue/backend/src/config/database.js:25:18)
    at async Module.getScansToday (file:///C:/Users/ludin/Desktop/salidas/scanqueue/backend/src/models/Scan.js:23:15)
    at async Module.getScanStatistics (file:///C:/Users/ludin/Desktop/salidas/scanqueue/backend/src/services/ScanService.js:76:24)
    at async getDashboardStats (file:///C:/Users/ludin/Desktop/salidas/scanqueue/backend/src/controllers/DashboardController.js:12:19)
Path: /api/dashboard/stats

[2026-03-04T12:41:03.237Z] ERROR: 
Stack: AggregateError [ECONNREFUSED]: 
    at C:\Users\ludin\Desktop\salidas\scanqueue\backend\node_modules\pg-pool\index.js:45:11
    at process.processTicksAndRejections (node:internal/process/task_queues:105:5)
    at async query (file:///C:/Users/ludin/Desktop/salidas/scanqueue/backend/src/config/database.js:25:18)
    at async Module.getScansToday (file:///C:/Users/ludin/Desktop/salidas/scanqueue/backend/src/models/Scan.js:23:15)
    at async getTodaySummary (file:///C:/Users/ludin/Desktop/salidas/scanqueue/backend/src/controllers/DashboardController.js:30:24)
Path: /api/dashboard/today

[2026-03-04T12:41:03.295Z] ERROR: 
Stack: AggregateError [ECONNREFUSED]: 
    at C:\Users\ludin\Desktop\salidas\scanqueue\backend\node_modules\pg-pool\index.js:45:11
    at process.processTicksAndRejections (node:internal/process/task_queues:105:5)
    at async query (file:///C:/Users/ludin/Desktop/salidas/scanqueue/backend/src/config/database.js:25:18)
    at async Module.getScansToday (file:///C:/Users/ludin/Desktop/salidas/scanqueue/backend/src/models/Scan.js:23:15)
    at async Module.getScanStatistics (file:///C:/Users/ludin/Desktop/salidas/scanqueue/backend/src/services/ScanService.js:76:24)
    at async getDashboardStats (file:///C:/Users/ludin/Desktop/salidas/scanqueue/backend/src/controllers/DashboardController.js:12:19)
Path: /api/dashboard/stats

[2026-03-04T12:41:03.299Z] ERROR: 
Stack: AggregateError [ECONNREFUSED]: 
    at C:\Users\ludin\Desktop\salidas\scanqueue\backend\node_modules\pg-pool\index.js:45:11
    at process.processTicksAndRejections (node:internal/process/task_queues:105:5)
    at async query (file:///C:/Users/ludin/Desktop/salidas/scanqueue/backend/src/config/database.js:25:18)
    at async Module.getScansToday (file:///C:/Users/ludin/Desktop/salidas/scanqueue/backend/src/models/Scan.js:23:15)
    at async getTodaySummary (file:///C:/Users/ludin/Desktop/salidas/scanqueue/backend/src/controllers/DashboardController.js:30:24)
Path: /api/dashboard/today

[2026-03-04T12:41:03.343Z] ERROR: 
Stack: AggregateError [ECONNREFUSED]: 
    at C:\Users\ludin\Desktop\salidas\scanqueue\backend\node_modules\pg-pool\index.js:45:11
    at process.processTicksAndRejections (node:internal/process/task_queues:105:5)
    at async query (file:///C:/Users/ludin/Desktop/salidas/scanqueue/backend/src/config/database.js:25:18)
    at async Module.getScansToday (file:///C:/Users/ludin/Desktop/salidas/scanqueue/backend/src/models/Scan.js:23:15)
    at async Module.getScanStatistics (file:///C:/Users/ludin/Desktop/salidas/scanqueue/backend/src/services/ScanService.js:76:24)
    at async getDashboardStats (file:///C:/Users/ludin/Desktop/salidas/scanqueue/backend/src/controllers/DashboardController.js:12:19)
Path: /api/dashboard/stats

[2026-03-04T12:41:03.346Z] ERROR: 
Stack: AggregateError [ECONNREFUSED]: 
    at C:\Users\ludin\Desktop\salidas\scanqueue\backend\node_modules\pg-pool\index.js:45:11
    at process.processTicksAndRejections (node:internal/process/task_queues:105:5)
    at async query (file:///C:/Users/ludin/Desktop/salidas/scanqueue/backend/src/config/database.js:25:18)
    at async Module.getScansToday (file:///C:/Users/ludin/Desktop/salidas/scanqueue/backend/src/models/Scan.js:23:15)
    at async getTodaySummary (file:///C:/Users/ludin/Desktop/salidas/scanqueue/backend/src/controllers/DashboardController.js:30:24)
Path: /api/dashboard/today

[2026-03-04T12:41:03.414Z] ERROR: 
Stack: AggregateError [ECONNREFUSED]: 
    at C:\Users\ludin\Desktop\salidas\scanqueue\backend\node_modules\pg-pool\index.js:45:11
    at process.processTicksAndRejections (node:internal/process/task_queues:105:5)
    at async query (file:///C:/Users/ludin/Desktop/salidas/scanqueue/backend/src/config/database.js:25:18)
    at async Module.getScansToday (file:///C:/Users/ludin/Desktop/salidas/scanqueue/backend/src/models/Scan.js:23:15)
    at async Module.getScanStatistics (file:///C:/Users/ludin/Desktop/salidas/scanqueue/backend/src/services/ScanService.js:76:24)
    at async getDashboardStats (file:///C:/Users/ludin/Desktop/salidas/scanqueue/backend/src/controllers/DashboardController.js:12:19)
Path: /api/dashboard/stats

[2026-03-04T12:41:03.419Z] ERROR: 
Stack: AggregateError [ECONNREFUSED]: 
    at C:\Users\ludin\Desktop\salidas\scanqueue\backend\node_modules\pg-pool\index.js:45:11
    at process.processTicksAndRejections (node:internal/process/task_queues:105:5)
    at async query (file:///C:/Users/ludin/Desktop/salidas/scanqueue/backend/src/config/database.js:25:18)
    at async Module.getScansToday (file:///C:/Users/ludin/Desktop/salidas/scanqueue/backend/src/models/Scan.js:23:15)
    at async getTodaySummary (file:///C:/Users/ludin/Desktop/salidas/scanqueue/backend/src/controllers/DashboardController.js:30:24)
Path: /api/dashboard/today

[2026-03-04T12:41:03.475Z] ERROR: 
Stack: AggregateError [ECONNREFUSED]: 
    at C:\Users\ludin\Desktop\salidas\scanqueue\backend\node_modules\pg-pool\index.js:45:11
    at process.processTicksAndRejections (node:internal/process/task_queues:105:5)
    at async query (file:///C:/Users/ludin/Desktop/salidas/scanqueue/backend/src/config/database.js:25:18)
    at async Module.getScansToday (file:///C:/Users/ludin/Desktop/salidas/scanqueue/backend/src/models/Scan.js:23:15)
    at async Module.getScanStatistics (file:///C:/Users/ludin/Desktop/salidas/scanqueue/backend/src/services/ScanService.js:76:24)
    at async getDashboardStats (file:///C:/Users/ludin/Desktop/salidas/scanqueue/backend/src/controllers/DashboardController.js:12:19)
Path: /api/dashboard/stats

[2026-03-04T12:41:03.480Z] ERROR: 
Stack: AggregateError [ECONNREFUSED]: 
    at C:\Users\ludin\Desktop\salidas\scanqueue\backend\node_modules\pg-pool\index.js:45:11
    at process.processTicksAndRejections (node:internal/process/task_queues:105:5)
    at async query (file:///C:/Users/ludin/Desktop/salidas/scanqueue/backend/src/config/database.js:25:18)
    at async Module.getScansToday (file:///C:/Users/ludin/Desktop/salidas/scanqueue/backend/src/models/Scan.js:23:15)
    at async getTodaySummary (file:///C:/Users/ludin/Desktop/salidas/scanqueue/backend/src/controllers/DashboardController.js:30:24)
Path: /api/dashboard/today

[2026-03-04T12:41:03.527Z] ERROR: 
Stack: AggregateError [ECONNREFUSED]: 
    at C:\Users\ludin\Desktop\salidas\scanqueue\backend\node_modules\pg-pool\index.js:45:11
    at process.processTicksAndRejections (node:internal/process/task_queues:105:5)
    at async query (file:///C:/Users/ludin/Desktop/salidas/scanqueue/backend/src/config/database.js:25:18)
    at async Module.getScansToday (file:///C:/Users/ludin/Desktop/salidas/scanqueue/backend/src/models/Scan.js:23:15)
    at async Module.getScanStatistics (file:///C:/Users/ludin/Desktop/salidas/scanqueue/backend/src/services/ScanService.js:76:24)
    at async getDashboardStats (file:///C:/Users/ludin/Desktop/salidas/scanqueue/backend/src/controllers/DashboardController.js:12:19)
Path: /api/dashboard/stats

[2026-03-04T12:41:03.530Z] ERROR: 
Stack: AggregateError [ECONNREFUSED]: 
    at C:\Users\ludin\Desktop\salidas\scanqueue\backend\node_modules\pg-pool\index.js:45:11
    at process.processTicksAndRejections (node:internal/process/task_queues:105:5)
    at async query (file:///C:/Users/ludin/Desktop/salidas/scanqueue/backend/src/config/database.js:25:18)
    at async Module.getScansToday (file:///C:/Users/ludin/Desktop/salidas/scanqueue/backend/src/models/Scan.js:23:15)
    at async getTodaySummary (file:///C:/Users/ludin/Desktop/salidas/scanqueue/backend/src/controllers/DashboardController.js:30:24)
Path: /api/dashboard/today

[2026-03-04T12:41:03.669Z] ERROR: 
Stack: AggregateError [ECONNREFUSED]: 
    at C:\Users\ludin\Desktop\salidas\scanqueue\backend\node_modules\pg-pool\index.js:45:11
    at process.processTicksAndRejections (node:internal/process/task_queues:105:5)
    at async query (file:///C:/Users/ludin/Desktop/salidas/scanqueue/backend/src/config/database.js:25:18)
    at async Module.getScansToday (file:///C:/Users/ludin/Desktop/salidas/scanqueue/backend/src/models/Scan.js:23:15)
    at async Module.getScanStatistics (file:///C:/Users/ludin/Desktop/salidas/scanqueue/backend/src/services/ScanService.js:76:24)
    at async getDashboardStats (file:///C:/Users/ludin/Desktop/salidas/scanqueue/backend/src/controllers/DashboardController.js:12:19)
Path: /api/dashboard/stats

[2026-03-04T12:41:03.674Z] ERROR: 
Stack: AggregateError [ECONNREFUSED]: 
    at C:\Users\ludin\Desktop\salidas\scanqueue\backend\node_modules\pg-pool\index.js:45:11
    at process.processTicksAndRejections (node:internal/process/task_queues:105:5)
    at async query (file:///C:/Users/ludin/Desktop/salidas/scanqueue/backend/src/config/database.js:25:18)
    at async Module.getScansToday (file:///C:/Users/ludin/Desktop/salidas/scanqueue/backend/src/models/Scan.js:23:15)
    at async getTodaySummary (file:///C:/Users/ludin/Desktop/salidas/scanqueue/backend/src/controllers/DashboardController.js:30:24)
Path: /api/dashboard/today

[2026-03-04T12:41:03.730Z] ERROR: 
Stack: AggregateError [ECONNREFUSED]: 
    at C:\Users\ludin\Desktop\salidas\scanqueue\backend\node_modules\pg-pool\index.js:45:11
    at process.processTicksAndRejections (node:internal/process/task_queues:105:5)
    at async query (file:///C:/Users/ludin/Desktop/salidas/scanqueue/backend/src/config/database.js:25:18)
    at async Module.getScansToday (file:///C:/Users/ludin/Desktop/salidas/scanqueue/backend/src/models/Scan.js:23:15)
    at async Module.getScanStatistics (file:///C:/Users/ludin/Desktop/salidas/scanqueue/backend/src/services/ScanService.js:76:24)
    at async getDashboardStats (file:///C:/Users/ludin/Desktop/salidas/scanqueue/backend/src/controllers/DashboardController.js:12:19)
Path: /api/dashboard/stats

[2026-03-04T12:41:03.737Z] ERROR: 
Stack: AggregateError [ECONNREFUSED]: 
    at C:\Users\ludin\Desktop\salidas\scanqueue\backend\node_modules\pg-pool\index.js:45:11
    at process.processTicksAndRejections (node:internal/process/task_queues:105:5)
    at async query (file:///C:/Users/ludin/Desktop/salidas/scanqueue/backend/src/config/database.js:25:18)
    at async Module.getScansToday (file:///C:/Users/ludin/Desktop/salidas/scanqueue/backend/src/models/Scan.js:23:15)
    at async getTodaySummary (file:///C:/Users/ludin/Desktop/salidas/scanqueue/backend/src/controllers/DashboardController.js:30:24)
Path: /api/dashboard/today

[2026-03-04T12:41:03.793Z] ERROR: 
Stack: AggregateError [ECONNREFUSED]: 
    at C:\Users\ludin\Desktop\salidas\scanqueue\backend\node_modules\pg-pool\index.js:45:11
    at process.processTicksAndRejections (node:internal/process/task_queues:105:5)
    at async query (file:///C:/Users/ludin/Desktop/salidas/scanqueue/backend/src/config/database.js:25:18)
    at async Module.getScansToday (file:///C:/Users/ludin/Desktop/salidas/scanqueue/backend/src/models/Scan.js:23:15)
    at async Module.getScanStatistics (file:///C:/Users/ludin/Desktop/salidas/scanqueue/backend/src/services/ScanService.js:76:24)
    at async getDashboardStats (file:///C:/Users/ludin/Desktop/salidas/scanqueue/backend/src/controllers/DashboardController.js:12:19)
Path: /api/dashboard/stats

[2026-03-04T12:41:03.797Z] ERROR: 
Stack: AggregateError [ECONNREFUSED]: 
    at C:\Users\ludin\Desktop\salidas\scanqueue\backend\node_modules\pg-pool\index.js:45:11
    at process.processTicksAndRejections (node:internal/process/task_queues:105:5)
    at async query (file:///C:/Users/ludin/Desktop/salidas/scanqueue/backend/src/config/database.js:25:18)
    at async Module.getScansToday (file:///C:/Users/ludin/Desktop/salidas/scanqueue/backend/src/models/Scan.js:23:15)
    at async getTodaySummary (file:///C:/Users/ludin/Desktop/salidas/scanqueue/backend/src/controllers/DashboardController.js:30:24)
Path: /api/dashboard/today

[2026-03-04T12:41:03.889Z] ERROR: 
Stack: AggregateError [ECONNREFUSED]: 
    at C:\Users\ludin\Desktop\salidas\scanqueue\backend\node_modules\pg-pool\index.js:45:11
    at process.processTicksAndRejections (node:internal/process/task_queues:105:5)
    at async query (file:///C:/Users/ludin/Desktop/salidas/scanqueue/backend/src/config/database.js:25:18)
    at async Module.getScansToday (file:///C:/Users/ludin/Desktop/salidas/scanqueue/backend/src/models/Scan.js:23:15)
    at async Module.getScanStatistics (file:///C:/Users/ludin/Desktop/salidas/scanqueue/backend/src/services/ScanService.js:76:24)
    at async getDashboardStats (file:///C:/Users/ludin/Desktop/salidas/scanqueue/backend/src/controllers/DashboardController.js:12:19)
Path: /api/dashboard/stats

[2026-03-04T12:41:03.893Z] ERROR: 
Stack: AggregateError [ECONNREFUSED]: 
    at C:\Users\ludin\Desktop\salidas\scanqueue\backend\node_modules\pg-pool\index.js:45:11
    at process.processTicksAndRejections (node:internal/process/task_queues:105:5)
    at async query (file:///C:/Users/ludin/Desktop/salidas/scanqueue/backend/src/config/database.js:25:18)
    at async Module.getScansToday (file:///C:/Users/ludin/Desktop/salidas/scanqueue/backend/src/models/Scan.js:23:15)
    at async getTodaySummary (file:///C:/Users/ludin/Desktop/salidas/scanqueue/backend/src/controllers/DashboardController.js:30:24)
Path: /api/dashboard/today

[2026-03-04T12:41:03.955Z] ERROR: 
Stack: AggregateError [ECONNREFUSED]: 
    at C:\Users\ludin\Desktop\salidas\scanqueue\backend\node_modules\pg-pool\index.js:45:11
    at process.processTicksAndRejections (node:internal/process/task_queues:105:5)
    at async query (file:///C:/Users/ludin/Desktop/salidas/scanqueue/backend/src/config/database.js:25:18)
    at async Module.getScansToday (file:///C:/Users/ludin/Desktop/salidas/scanqueue/backend/src/models/Scan.js:23:15)
    at async Module.getScanStatistics (file:///C:/Users/ludin/Desktop/salidas/scanqueue/backend/src/services/ScanService.js:76:24)
    at async getDashboardStats (file:///C:/Users/ludin/Desktop/salidas/scanqueue/backend/src/controllers/DashboardController.js:12:19)
Path: /api/dashboard/stats

[2026-03-04T12:41:03.962Z] ERROR: 
Stack: AggregateError [ECONNREFUSED]: 
    at C:\Users\ludin\Desktop\salidas\scanqueue\backend\node_modules\pg-pool\index.js:45:11
    at process.processTicksAndRejections (node:internal/process/task_queues:105:5)
    at async query (file:///C:/Users/ludin/Desktop/salidas/scanqueue/backend/src/config/database.js:25:18)
    at async Module.getScansToday (file:///C:/Users/ludin/Desktop/salidas/scanqueue/backend/src/models/Scan.js:23:15)
    at async getTodaySummary (file:///C:/Users/ludin/Desktop/salidas/scanqueue/backend/src/controllers/DashboardController.js:30:24)
Path: /api/dashboard/today

[2026-03-04T12:41:04.022Z] ERROR: 
Stack: AggregateError [ECONNREFUSED]: 
    at C:\Users\ludin\Desktop\salidas\scanqueue\backend\node_modules\pg-pool\index.js:45:11
    at process.processTicksAndRejections (node:internal/process/task_queues:105:5)
    at async query (file:///C:/Users/ludin/Desktop/salidas/scanqueue/backend/src/config/database.js:25:18)
    at async Module.getScansToday (file:///C:/Users/ludin/Desktop/salidas/scanqueue/backend/src/models/Scan.js:23:15)
    at async Module.getScanStatistics (file:///C:/Users/ludin/Desktop/salidas/scanqueue/backend/src/services/ScanService.js:76:24)
    at async getDashboardStats (file:///C:/Users/ludin/Desktop/salidas/scanqueue/backend/src/controllers/DashboardController.js:12:19)
Path: /api/dashboard/stats

[2026-03-04T12:41:04.025Z] ERROR: 
Stack: AggregateError [ECONNREFUSED]: 
    at C:\Users\ludin\Desktop\salidas\scanqueue\backend\node_modules\pg-pool\index.js:45:11
    at process.processTicksAndRejections (node:internal/process/task_queues:105:5)
    at async query (file:///C:/Users/ludin/Desktop/salidas/scanqueue/backend/src/config/database.js:25:18)
    at async Module.getScansToday (file:///C:/Users/ludin/Desktop/salidas/scanqueue/backend/src/models/Scan.js:23:15)
    at async getTodaySummary (file:///C:/Users/ludin/Desktop/salidas/scanqueue/backend/src/controllers/DashboardController.js:30:24)
Path: /api/dashboard/today

[2026-03-04T12:41:04.097Z] ERROR: 
Stack: AggregateError [ECONNREFUSED]: 
    at C:\Users\ludin\Desktop\salidas\scanqueue\backend\node_modules\pg-pool\index.js:45:11
    at process.processTicksAndRejections (node:internal/process/task_queues:105:5)
    at async query (file:///C:/Users/ludin/Desktop/salidas/scanqueue/backend/src/config/database.js:25:18)
    at async Module.getScansToday (file:///C:/Users/ludin/Desktop/salidas/scanqueue/backend/src/models/Scan.js:23:15)
    at async Module.getScanStatistics (file:///C:/Users/ludin/Desktop/salidas/scanqueue/backend/src/services/ScanService.js:76:24)
    at async getDashboardStats (file:///C:/Users/ludin/Desktop/salidas/scanqueue/backend/src/controllers/DashboardController.js:12:19)
Path: /api/dashboard/stats

[2026-03-04T12:41:04.100Z] ERROR: 
Stack: AggregateError [ECONNREFUSED]: 
    at C:\Users\ludin\Desktop\salidas\scanqueue\backend\node_modules\pg-pool\index.js:45:11
    at process.processTicksAndRejections (node:internal/process/task_queues:105:5)
    at async query (file:///C:/Users/ludin/Desktop/salidas/scanqueue/backend/src/config/database.js:25:18)
    at async Module.getScansToday (file:///C:/Users/ludin/Desktop/salidas/scanqueue/backend/src/models/Scan.js:23:15)
    at async getTodaySummary (file:///C:/Users/ludin/Desktop/salidas/scanqueue/backend/src/controllers/DashboardController.js:30:24)
Path: /api/dashboard/today

[2026-03-04T12:41:04.155Z] ERROR: 
Stack: AggregateError [ECONNREFUSED]: 
    at C:\Users\ludin\Desktop\salidas\scanqueue\backend\node_modules\pg-pool\index.js:45:11
    at process.processTicksAndRejections (node:internal/process/task_queues:105:5)
    at async query (file:///C:/Users/ludin/Desktop/salidas/scanqueue/backend/src/config/database.js:25:18)
    at async Module.getScansToday (file:///C:/Users/ludin/Desktop/salidas/scanqueue/backend/src/models/Scan.js:23:15)
    at async Module.getScanStatistics (file:///C:/Users/ludin/Desktop/salidas/scanqueue/backend/src/services/ScanService.js:76:24)
    at async getDashboardStats (file:///C:/Users/ludin/Desktop/salidas/scanqueue/backend/src/controllers/DashboardController.js:12:19)
Path: /api/dashboard/stats

[2026-03-04T12:41:04.161Z] ERROR: 
Stack: AggregateError [ECONNREFUSED]: 
    at C:\Users\ludin\Desktop\salidas\scanqueue\backend\node_modules\pg-pool\index.js:45:11
    at process.processTicksAndRejections (node:internal/process/task_queues:105:5)
    at async query (file:///C:/Users/ludin/Desktop/salidas/scanqueue/backend/src/config/database.js:25:18)
    at async Module.getScansToday (file:///C:/Users/ludin/Desktop/salidas/scanqueue/backend/src/models/Scan.js:23:15)
    at async getTodaySummary (file:///C:/Users/ludin/Desktop/salidas/scanqueue/backend/src/controllers/DashboardController.js:30:24)
Path: /api/dashboard/today

[2026-03-04T12:41:04.199Z] ERROR: 
Stack: AggregateError [ECONNREFUSED]: 
    at C:\Users\ludin\Desktop\salidas\scanqueue\backend\node_modules\pg-pool\index.js:45:11
    at process.processTicksAndRejections (node:internal/process/task_queues:105:5)
    at async query (file:///C:/Users/ludin/Desktop/salidas/scanqueue/backend/src/config/database.js:25:18)
    at async Module.getScansToday (file:///C:/Users/ludin/Desktop/salidas/scanqueue/backend/src/models/Scan.js:23:15)
    at async Module.getScanStatistics (file:///C:/Users/ludin/Desktop/salidas/scanqueue/backend/src/services/ScanService.js:76:24)
    at async getDashboardStats (file:///C:/Users/ludin/Desktop/salidas/scanqueue/backend/src/controllers/DashboardController.js:12:19)
Path: /api/dashboard/stats

[2026-03-04T12:41:04.203Z] ERROR: 
Stack: AggregateError [ECONNREFUSED]: 
    at C:\Users\ludin\Desktop\salidas\scanqueue\backend\node_modules\pg-pool\index.js:45:11
    at process.processTicksAndRejections (node:internal/process/task_queues:105:5)
    at async query (file:///C:/Users/ludin/Desktop/salidas/scanqueue/backend/src/config/database.js:25:18)
    at async Module.getScansToday (file:///C:/Users/ludin/Desktop/salidas/scanqueue/backend/src/models/Scan.js:23:15)
    at async getTodaySummary (file:///C:/Users/ludin/Desktop/salidas/scanqueue/backend/src/controllers/DashboardController.js:30:24)
Path: /api/dashboard/today

[2026-03-04T12:41:04.244Z] ERROR: 
Stack: AggregateError [ECONNREFUSED]: 
    at C:\Users\ludin\Desktop\salidas\scanqueue\backend\node_modules\pg-pool\index.js:45:11
    at process.processTicksAndRejections (node:internal/process/task_queues:105:5)
    at async query (file:///C:/Users/ludin/Desktop/salidas/scanqueue/backend/src/config/database.js:25:18)
    at async Module.getScansToday (file:///C:/Users/ludin/Desktop/salidas/scanqueue/backend/src/models/Scan.js:23:15)
    at async Module.getScanStatistics (file:///C:/Users/ludin/Desktop/salidas/scanqueue/backend/src/services/ScanService.js:76:24)
    at async getDashboardStats (file:///C:/Users/ludin/Desktop/salidas/scanqueue/backend/src/controllers/DashboardController.js:12:19)
Path: /api/dashboard/stats

[2026-03-04T12:41:04.247Z] ERROR: 
Stack: AggregateError [ECONNREFUSED]: 
    at C:\Users\ludin\Desktop\salidas\scanqueue\backend\node_modules\pg-pool\index.js:45:11
    at process.processTicksAndRejections (node:internal/process/task_queues:105:5)
    at async query (file:///C:/Users/ludin/Desktop/salidas/scanqueue/backend/src/config/database.js:25:18)
    at async Module.getScansToday (file:///C:/Users/ludin/Desktop/salidas/scanqueue/backend/src/models/Scan.js:23:15)
    at async getTodaySummary (file:///C:/Users/ludin/Desktop/salidas/scanqueue/backend/src/controllers/DashboardController.js:30:24)
Path: /api/dashboard/today

[2026-03-04T12:41:04.408Z] ERROR: 
Stack: AggregateError [ECONNREFUSED]: 
    at C:\Users\ludin\Desktop\salidas\scanqueue\backend\node_modules\pg-pool\index.js:45:11
    at process.processTicksAndRejections (node:internal/process/task_queues:105:5)
    at async query (file:///C:/Users/ludin/Desktop/salidas/scanqueue/backend/src/config/database.js:25:18)
    at async Module.getScansToday (file:///C:/Users/ludin/Desktop/salidas/scanqueue/backend/src/models/Scan.js:23:15)
    at async Module.getScanStatistics (file:///C:/Users/ludin/Desktop/salidas/scanqueue/backend/src/services/ScanService.js:76:24)
    at async getDashboardStats (file:///C:/Users/ludin/Desktop/salidas/scanqueue/backend/src/controllers/DashboardController.js:12:19)
Path: /api/dashboard/stats

[2026-03-04T12:41:04.412Z] ERROR: 
Stack: AggregateError [ECONNREFUSED]: 
    at C:\Users\ludin\Desktop\salidas\scanqueue\backend\node_modules\pg-pool\index.js:45:11
    at process.processTicksAndRejections (node:internal/process/task_queues:105:5)
    at async query (file:///C:/Users/ludin/Desktop/salidas/scanqueue/backend/src/config/database.js:25:18)
    at async Module.getScansToday (file:///C:/Users/ludin/Desktop/salidas/scanqueue/backend/src/models/Scan.js:23:15)
    at async getTodaySummary (file:///C:/Users/ludin/Desktop/salidas/scanqueue/backend/src/controllers/DashboardController.js:30:24)
Path: /api/dashboard/today

[2026-03-04T12:41:04.454Z] ERROR: 
Stack: AggregateError [ECONNREFUSED]: 
    at C:\Users\ludin\Desktop\salidas\scanqueue\backend\node_modules\pg-pool\index.js:45:11
    at process.processTicksAndRejections (node:internal/process/task_queues:105:5)
    at async query (file:///C:/Users/ludin/Desktop/salidas/scanqueue/backend/src/config/database.js:25:18)
    at async Module.getScansToday (file:///C:/Users/ludin/Desktop/salidas/scanqueue/backend/src/models/Scan.js:23:15)
    at async Module.getScanStatistics (file:///C:/Users/ludin/Desktop/salidas/scanqueue/backend/src/services/ScanService.js:76:24)
    at async getDashboardStats (file:///C:/Users/ludin/Desktop/salidas/scanqueue/backend/src/controllers/DashboardController.js:12:19)
Path: /api/dashboard/stats

[2026-03-04T12:41:04.458Z] ERROR: 
Stack: AggregateError [ECONNREFUSED]: 
    at C:\Users\ludin\Desktop\salidas\scanqueue\backend\node_modules\pg-pool\index.js:45:11
    at process.processTicksAndRejections (node:internal/process/task_queues:105:5)
    at async query (file:///C:/Users/ludin/Desktop/salidas/scanqueue/backend/src/config/database.js:25:18)
    at async Module.getScansToday (file:///C:/Users/ludin/Desktop/salidas/scanqueue/backend/src/models/Scan.js:23:15)
    at async getTodaySummary (file:///C:/Users/ludin/Desktop/salidas/scanqueue/backend/src/controllers/DashboardController.js:30:24)
Path: /api/dashboard/today

[2026-03-04T12:41:04.535Z] ERROR: 
Stack: AggregateError [ECONNREFUSED]: 
    at C:\Users\ludin\Desktop\salidas\scanqueue\backend\node_modules\pg-pool\index.js:45:11
    at process.processTicksAndRejections (node:internal/process/task_queues:105:5)
    at async query (file:///C:/Users/ludin/Desktop/salidas/scanqueue/backend/src/config/database.js:25:18)
    at async Module.getScansToday (file:///C:/Users/ludin/Desktop/salidas/scanqueue/backend/src/models/Scan.js:23:15)
    at async Module.getScanStatistics (file:///C:/Users/ludin/Desktop/salidas/scanqueue/backend/src/services/ScanService.js:76:24)
    at async getDashboardStats (file:///C:/Users/ludin/Desktop/salidas/scanqueue/backend/src/controllers/DashboardController.js:12:19)
Path: /api/dashboard/stats

[2026-03-04T12:41:04.538Z] ERROR: 
Stack: AggregateError [ECONNREFUSED]: 
    at C:\Users\ludin\Desktop\salidas\scanqueue\backend\node_modules\pg-pool\index.js:45:11
    at process.processTicksAndRejections (node:internal/process/task_queues:105:5)
    at async query (file:///C:/Users/ludin/Desktop/salidas/scanqueue/backend/src/config/database.js:25:18)
    at async Module.getScansToday (file:///C:/Users/ludin/Desktop/salidas/scanqueue/backend/src/models/Scan.js:23:15)
    at async getTodaySummary (file:///C:/Users/ludin/Desktop/salidas/scanqueue/backend/src/controllers/DashboardController.js:30:24)
Path: /api/dashboard/today

[2026-03-04T12:41:04.582Z] ERROR: 
Stack: AggregateError [ECONNREFUSED]: 
    at C:\Users\ludin\Desktop\salidas\scanqueue\backend\node_modules\pg-pool\index.js:45:11
    at process.processTicksAndRejections (node:internal/process/task_queues:105:5)
    at async query (file:///C:/Users/ludin/Desktop/salidas/scanqueue/backend/src/config/database.js:25:18)
    at async Module.getScansToday (file:///C:/Users/ludin/Desktop/salidas/scanqueue/backend/src/models/Scan.js:23:15)
    at async Module.getScanStatistics (file:///C:/Users/ludin/Desktop/salidas/scanqueue/backend/src/services/ScanService.js:76:24)
    at async getDashboardStats (file:///C:/Users/ludin/Desktop/salidas/scanqueue/backend/src/controllers/DashboardController.js:12:19)
Path: /api/dashboard/stats

[2026-03-04T12:41:04.586Z] ERROR: 
Stack: AggregateError [ECONNREFUSED]: 
    at C:\Users\ludin\Desktop\salidas\scanqueue\backend\node_modules\pg-pool\index.js:45:11
    at process.processTicksAndRejections (node:internal/process/task_queues:105:5)
    at async query (file:///C:/Users/ludin/Desktop/salidas/scanqueue/backend/src/config/database.js:25:18)
    at async Module.getScansToday (file:///C:/Users/ludin/Desktop/salidas/scanqueue/backend/src/models/Scan.js:23:15)
    at async getTodaySummary (file:///C:/Users/ludin/Desktop/salidas/scanqueue/backend/src/controllers/DashboardController.js:30:24)
Path: /api/dashboard/today

[2026-03-04T12:41:04.632Z] ERROR: 
Stack: AggregateError [ECONNREFUSED]: 
    at C:\Users\ludin\Desktop\salidas\scanqueue\backend\node_modules\pg-pool\index.js:45:11
    at process.processTicksAndRejections (node:internal/process/task_queues:105:5)
    at async query (file:///C:/Users/ludin/Desktop/salidas/scanqueue/backend/src/config/database.js:25:18)
    at async Module.getScansToday (file:///C:/Users/ludin/Desktop/salidas/scanqueue/backend/src/models/Scan.js:23:15)
    at async Module.getScanStatistics (file:///C:/Users/ludin/Desktop/salidas/scanqueue/backend/src/services/ScanService.js:76:24)
    at async getDashboardStats (file:///C:/Users/ludin/Desktop/salidas/scanqueue/backend/src/controllers/DashboardController.js:12:19)
Path: /api/dashboard/stats

[2026-03-04T12:41:04.636Z] ERROR: 
Stack: AggregateError [ECONNREFUSED]: 
    at C:\Users\ludin\Desktop\salidas\scanqueue\backend\node_modules\pg-pool\index.js:45:11
    at process.processTicksAndRejections (node:internal/process/task_queues:105:5)
    at async query (file:///C:/Users/ludin/Desktop/salidas/scanqueue/backend/src/config/database.js:25:18)
    at async Module.getScansToday (file:///C:/Users/ludin/Desktop/salidas/scanqueue/backend/src/models/Scan.js:23:15)
    at async getTodaySummary (file:///C:/Users/ludin/Desktop/salidas/scanqueue/backend/src/controllers/DashboardController.js:30:24)
Path: /api/dashboard/today

[2026-03-04T12:41:04.683Z] ERROR: 
Stack: AggregateError [ECONNREFUSED]: 
    at C:\Users\ludin\Desktop\salidas\scanqueue\backend\node_modules\pg-pool\index.js:45:11
    at process.processTicksAndRejections (node:internal/process/task_queues:105:5)
    at async query (file:///C:/Users/ludin/Desktop/salidas/scanqueue/backend/src/config/database.js:25:18)
    at async Module.getScansToday (file:///C:/Users/ludin/Desktop/salidas/scanqueue/backend/src/models/Scan.js:23:15)
    at async Module.getScanStatistics (file:///C:/Users/ludin/Desktop/salidas/scanqueue/backend/src/services/ScanService.js:76:24)
    at async getDashboardStats (file:///C:/Users/ludin/Desktop/salidas/scanqueue/backend/src/controllers/DashboardController.js:12:19)
Path: /api/dashboard/stats

[2026-03-04T12:41:04.688Z] ERROR: 
Stack: AggregateError [ECONNREFUSED]: 
    at C:\Users\ludin\Desktop\salidas\scanqueue\backend\node_modules\pg-pool\index.js:45:11
    at process.processTicksAndRejections (node:internal/process/task_queues:105:5)
    at async query (file:///C:/Users/ludin/Desktop/salidas/scanqueue/backend/src/config/database.js:25:18)
    at async Module.getScansToday (file:///C:/Users/ludin/Desktop/salidas/scanqueue/backend/src/models/Scan.js:23:15)
    at async getTodaySummary (file:///C:/Users/ludin/Desktop/salidas/scanqueue/backend/src/controllers/DashboardController.js:30:24)
Path: /api/dashboard/today

[2026-03-04T12:41:04.738Z] ERROR: 
Stack: AggregateError [ECONNREFUSED]: 
    at C:\Users\ludin\Desktop\salidas\scanqueue\backend\node_modules\pg-pool\index.js:45:11
    at process.processTicksAndRejections (node:internal/process/task_queues:105:5)
    at async query (file:///C:/Users/ludin/Desktop/salidas/scanqueue/backend/src/config/database.js:25:18)
    at async Module.getScansToday (file:///C:/Users/ludin/Desktop/salidas/scanqueue/backend/src/models/Scan.js:23:15)
    at async Module.getScanStatistics (file:///C:/Users/ludin/Desktop/salidas/scanqueue/backend/src/services/ScanService.js:76:24)
    at async getDashboardStats (file:///C:/Users/ludin/Desktop/salidas/scanqueue/backend/src/controllers/DashboardController.js:12:19)
Path: /api/dashboard/stats

[2026-03-04T12:41:04.742Z] ERROR: 
Stack: AggregateError [ECONNREFUSED]: 
    at C:\Users\ludin\Desktop\salidas\scanqueue\backend\node_modules\pg-pool\index.js:45:11
    at process.processTicksAndRejections (node:internal/process/task_queues:105:5)
    at async query (file:///C:/Users/ludin/Desktop/salidas/scanqueue/backend/src/config/database.js:25:18)
    at async Module.getScansToday (file:///C:/Users/ludin/Desktop/salidas/scanqueue/backend/src/models/Scan.js:23:15)
    at async getTodaySummary (file:///C:/Users/ludin/Desktop/salidas/scanqueue/backend/src/controllers/DashboardController.js:30:24)
Path: /api/dashboard/today

[2026-03-04T12:41:04.785Z] ERROR: 
Stack: AggregateError [ECONNREFUSED]: 
    at C:\Users\ludin\Desktop\salidas\scanqueue\backend\node_modules\pg-pool\index.js:45:11
    at process.processTicksAndRejections (node:internal/process/task_queues:105:5)
    at async query (file:///C:/Users/ludin/Desktop/salidas/scanqueue/backend/src/config/database.js:25:18)
    at async Module.getScansToday (file:///C:/Users/ludin/Desktop/salidas/scanqueue/backend/src/models/Scan.js:23:15)
    at async Module.getScanStatistics (file:///C:/Users/ludin/Desktop/salidas/scanqueue/backend/src/services/ScanService.js:76:24)
    at async getDashboardStats (file:///C:/Users/ludin/Desktop/salidas/scanqueue/backend/src/controllers/DashboardController.js:12:19)
Path: /api/dashboard/stats

[2026-03-04T12:41:04.788Z] ERROR: 
Stack: AggregateError [ECONNREFUSED]: 
    at C:\Users\ludin\Desktop\salidas\scanqueue\backend\node_modules\pg-pool\index.js:45:11
    at process.processTicksAndRejections (node:internal/process/task_queues:105:5)
    at async query (file:///C:/Users/ludin/Desktop/salidas/scanqueue/backend/src/config/database.js:25:18)
    at async Module.getScansToday (file:///C:/Users/ludin/Desktop/salidas/scanqueue/backend/src/models/Scan.js:23:15)
    at async getTodaySummary (file:///C:/Users/ludin/Desktop/salidas/scanqueue/backend/src/controllers/DashboardController.js:30:24)
Path: /api/dashboard/today

[2026-03-04T12:41:04.845Z] ERROR: 
Stack: AggregateError [ECONNREFUSED]: 
    at C:\Users\ludin\Desktop\salidas\scanqueue\backend\node_modules\pg-pool\index.js:45:11
    at process.processTicksAndRejections (node:internal/process/task_queues:105:5)
    at async query (file:///C:/Users/ludin/Desktop/salidas/scanqueue/backend/src/config/database.js:25:18)
    at async Module.getScansToday (file:///C:/Users/ludin/Desktop/salidas/scanqueue/backend/src/models/Scan.js:23:15)
    at async Module.getScanStatistics (file:///C:/Users/ludin/Desktop/salidas/scanqueue/backend/src/services/ScanService.js:76:24)
    at async getDashboardStats (file:///C:/Users/ludin/Desktop/salidas/scanqueue/backend/src/controllers/DashboardController.js:12:19)
Path: /api/dashboard/stats

[2026-03-04T12:41:04.849Z] ERROR: 
Stack: AggregateError [ECONNREFUSED]: 
    at C:\Users\ludin\Desktop\salidas\scanqueue\backend\node_modules\pg-pool\index.js:45:11
    at process.processTicksAndRejections (node:internal/process/task_queues:105:5)
    at async query (file:///C:/Users/ludin/Desktop/salidas/scanqueue/backend/src/config/database.js:25:18)
    at async Module.getScansToday (file:///C:/Users/ludin/Desktop/salidas/scanqueue/backend/src/models/Scan.js:23:15)
    at async getTodaySummary (file:///C:/Users/ludin/Desktop/salidas/scanqueue/backend/src/controllers/DashboardController.js:30:24)
Path: /api/dashboard/today

[2026-03-04T12:41:05.014Z] ERROR: 
Stack: AggregateError [ECONNREFUSED]: 
    at C:\Users\ludin\Desktop\salidas\scanqueue\backend\node_modules\pg-pool\index.js:45:11
    at process.processTicksAndRejections (node:internal/process/task_queues:105:5)
    at async query (file:///C:/Users/ludin/Desktop/salidas/scanqueue/backend/src/config/database.js:25:18)
    at async Module.getScansToday (file:///C:/Users/ludin/Desktop/salidas/scanqueue/backend/src/models/Scan.js:23:15)
    at async Module.getScanStatistics (file:///C:/Users/ludin/Desktop/salidas/scanqueue/backend/src/services/ScanService.js:76:24)
    at async getDashboardStats (file:///C:/Users/ludin/Desktop/salidas/scanqueue/backend/src/controllers/DashboardController.js:12:19)
Path: /api/dashboard/stats

[2026-03-04T12:41:05.018Z] ERROR: 
Stack: AggregateError [ECONNREFUSED]: 
    at C:\Users\ludin\Desktop\salidas\scanqueue\backend\node_modules\pg-pool\index.js:45:11
    at process.processTicksAndRejections (node:internal/process/task_queues:105:5)
    at async query (file:///C:/Users/ludin/Desktop/salidas/scanqueue/backend/src/config/database.js:25:18)
    at async Module.getScansToday (file:///C:/Users/ludin/Desktop/salidas/scanqueue/backend/src/models/Scan.js:23:15)
    at async getTodaySummary (file:///C:/Users/ludin/Desktop/salidas/scanqueue/backend/src/controllers/DashboardController.js:30:24)
Path: /api/dashboard/today

[2026-03-04T12:41:05.073Z] ERROR: 
Stack: AggregateError [ECONNREFUSED]: 
    at C:\Users\ludin\Desktop\salidas\scanqueue\backend\node_modules\pg-pool\index.js:45:11
    at process.processTicksAndRejections (node:internal/process/task_queues:105:5)
    at async query (file:///C:/Users/ludin/Desktop/salidas/scanqueue/backend/src/config/database.js:25:18)
    at async Module.getScansToday (file:///C:/Users/ludin/Desktop/salidas/scanqueue/backend/src/models/Scan.js:23:15)
    at async Module.getScanStatistics (file:///C:/Users/ludin/Desktop/salidas/scanqueue/backend/src/services/ScanService.js:76:24)
    at async getDashboardStats (file:///C:/Users/ludin/Desktop/salidas/scanqueue/backend/src/controllers/DashboardController.js:12:19)
Path: /api/dashboard/stats

[2026-03-04T12:41:05.077Z] ERROR: 
Stack: AggregateError [ECONNREFUSED]: 
    at C:\Users\ludin\Desktop\salidas\scanqueue\backend\node_modules\pg-pool\index.js:45:11
    at process.processTicksAndRejections (node:internal/process/task_queues:105:5)
    at async query (file:///C:/Users/ludin/Desktop/salidas/scanqueue/backend/src/config/database.js:25:18)
    at async Module.getScansToday (file:///C:/Users/ludin/Desktop/salidas/scanqueue/backend/src/models/Scan.js:23:15)
    at async getTodaySummary (file:///C:/Users/ludin/Desktop/salidas/scanqueue/backend/src/controllers/DashboardController.js:30:24)
Path: /api/dashboard/today

[2026-03-04T12:41:05.129Z] ERROR: 
Stack: AggregateError [ECONNREFUSED]: 
    at C:\Users\ludin\Desktop\salidas\scanqueue\backend\node_modules\pg-pool\index.js:45:11
    at process.processTicksAndRejections (node:internal/process/task_queues:105:5)
    at async query (file:///C:/Users/ludin/Desktop/salidas/scanqueue/backend/src/config/database.js:25:18)
    at async Module.getScansToday (file:///C:/Users/ludin/Desktop/salidas/scanqueue/backend/src/models/Scan.js:23:15)
    at async Module.getScanStatistics (file:///C:/Users/ludin/Desktop/salidas/scanqueue/backend/src/services/ScanService.js:76:24)
    at async getDashboardStats (file:///C:/Users/ludin/Desktop/salidas/scanqueue/backend/src/controllers/DashboardController.js:12:19)
Path: /api/dashboard/stats

[2026-03-04T12:41:05.134Z] ERROR: 
Stack: AggregateError [ECONNREFUSED]: 
    at C:\Users\ludin\Desktop\salidas\scanqueue\backend\node_modules\pg-pool\index.js:45:11
    at process.processTicksAndRejections (node:internal/process/task_queues:105:5)
    at async query (file:///C:/Users/ludin/Desktop/salidas/scanqueue/backend/src/config/database.js:25:18)
    at async Module.getScansToday (file:///C:/Users/ludin/Desktop/salidas/scanqueue/backend/src/models/Scan.js:23:15)
    at async getTodaySummary (file:///C:/Users/ludin/Desktop/salidas/scanqueue/backend/src/controllers/DashboardController.js:30:24)
Path: /api/dashboard/today

[2026-03-04T12:41:05.236Z] ERROR: 
Stack: AggregateError [ECONNREFUSED]: 
    at C:\Users\ludin\Desktop\salidas\scanqueue\backend\node_modules\pg-pool\index.js:45:11
    at process.processTicksAndRejections (node:internal/process/task_queues:105:5)
    at async query (file:///C:/Users/ludin/Desktop/salidas/scanqueue/backend/src/config/database.js:25:18)
    at async Module.getScansToday (file:///C:/Users/ludin/Desktop/salidas/scanqueue/backend/src/models/Scan.js:23:15)
    at async Module.getScanStatistics (file:///C:/Users/ludin/Desktop/salidas/scanqueue/backend/src/services/ScanService.js:76:24)
    at async getDashboardStats (file:///C:/Users/ludin/Desktop/salidas/scanqueue/backend/src/controllers/DashboardController.js:12:19)
Path: /api/dashboard/stats

[2026-03-04T12:41:05.240Z] ERROR: 
Stack: AggregateError [ECONNREFUSED]: 
    at C:\Users\ludin\Desktop\salidas\scanqueue\backend\node_modules\pg-pool\index.js:45:11
    at process.processTicksAndRejections (node:internal/process/task_queues:105:5)
    at async query (file:///C:/Users/ludin/Desktop/salidas/scanqueue/backend/src/config/database.js:25:18)
    at async Module.getScansToday (file:///C:/Users/ludin/Desktop/salidas/scanqueue/backend/src/models/Scan.js:23:15)
    at async getTodaySummary (file:///C:/Users/ludin/Desktop/salidas/scanqueue/backend/src/controllers/DashboardController.js:30:24)
Path: /api/dashboard/today

[2026-03-04T12:41:05.295Z] ERROR: 
Stack: AggregateError [ECONNREFUSED]: 
    at C:\Users\ludin\Desktop\salidas\scanqueue\backend\node_modules\pg-pool\index.js:45:11
    at process.processTicksAndRejections (node:internal/process/task_queues:105:5)
    at async query (file:///C:/Users/ludin/Desktop/salidas/scanqueue/backend/src/config/database.js:25:18)
    at async Module.getScansToday (file:///C:/Users/ludin/Desktop/salidas/scanqueue/backend/src/models/Scan.js:23:15)
    at async Module.getScanStatistics (file:///C:/Users/ludin/Desktop/salidas/scanqueue/backend/src/services/ScanService.js:76:24)
    at async getDashboardStats (file:///C:/Users/ludin/Desktop/salidas/scanqueue/backend/src/controllers/DashboardController.js:12:19)
Path: /api/dashboard/stats

[2026-03-04T12:41:05.299Z] ERROR: 
Stack: AggregateError [ECONNREFUSED]: 
    at C:\Users\ludin\Desktop\salidas\scanqueue\backend\node_modules\pg-pool\index.js:45:11
    at process.processTicksAndRejections (node:internal/process/task_queues:105:5)
    at async query (file:///C:/Users/ludin/Desktop/salidas/scanqueue/backend/src/config/database.js:25:18)
    at async Module.getScansToday (file:///C:/Users/ludin/Desktop/salidas/scanqueue/backend/src/models/Scan.js:23:15)
    at async getTodaySummary (file:///C:/Users/ludin/Desktop/salidas/scanqueue/backend/src/controllers/DashboardController.js:30:24)
Path: /api/dashboard/today

[2026-03-04T12:41:05.352Z] ERROR: 
Stack: AggregateError [ECONNREFUSED]: 
    at C:\Users\ludin\Desktop\salidas\scanqueue\backend\node_modules\pg-pool\index.js:45:11
    at process.processTicksAndRejections (node:internal/process/task_queues:105:5)
    at async query (file:///C:/Users/ludin/Desktop/salidas/scanqueue/backend/src/config/database.js:25:18)
    at async Module.getScansToday (file:///C:/Users/ludin/Desktop/salidas/scanqueue/backend/src/models/Scan.js:23:15)
    at async Module.getScanStatistics (file:///C:/Users/ludin/Desktop/salidas/scanqueue/backend/src/services/ScanService.js:76:24)
    at async getDashboardStats (file:///C:/Users/ludin/Desktop/salidas/scanqueue/backend/src/controllers/DashboardController.js:12:19)
Path: /api/dashboard/stats

[2026-03-04T12:41:05.360Z] ERROR: 
Stack: AggregateError [ECONNREFUSED]: 
    at C:\Users\ludin\Desktop\salidas\scanqueue\backend\node_modules\pg-pool\index.js:45:11
    at process.processTicksAndRejections (node:internal/process/task_queues:105:5)
    at async query (file:///C:/Users/ludin/Desktop/salidas/scanqueue/backend/src/config/database.js:25:18)
    at async Module.getScansToday (file:///C:/Users/ludin/Desktop/salidas/scanqueue/backend/src/models/Scan.js:23:15)
    at async getTodaySummary (file:///C:/Users/ludin/Desktop/salidas/scanqueue/backend/src/controllers/DashboardController.js:30:24)
Path: /api/dashboard/today

[2026-03-04T12:41:05.422Z] ERROR: 
Stack: AggregateError [ECONNREFUSED]: 
    at C:\Users\ludin\Desktop\salidas\scanqueue\backend\node_modules\pg-pool\index.js:45:11
    at process.processTicksAndRejections (node:internal/process/task_queues:105:5)
    at async query (file:///C:/Users/ludin/Desktop/salidas/scanqueue/backend/src/config/database.js:25:18)
    at async Module.getScansToday (file:///C:/Users/ludin/Desktop/salidas/scanqueue/backend/src/models/Scan.js:23:15)
    at async Module.getScanStatistics (file:///C:/Users/ludin/Desktop/salidas/scanqueue/backend/src/services/ScanService.js:76:24)
    at async getDashboardStats (file:///C:/Users/ludin/Desktop/salidas/scanqueue/backend/src/controllers/DashboardController.js:12:19)
Path: /api/dashboard/stats

[2026-03-04T12:41:05.428Z] ERROR: 
Stack: AggregateError [ECONNREFUSED]: 
    at C:\Users\ludin\Desktop\salidas\scanqueue\backend\node_modules\pg-pool\index.js:45:11
    at process.processTicksAndRejections (node:internal/process/task_queues:105:5)
    at async query (file:///C:/Users/ludin/Desktop/salidas/scanqueue/backend/src/config/database.js:25:18)
    at async Module.getScansToday (file:///C:/Users/ludin/Desktop/salidas/scanqueue/backend/src/models/Scan.js:23:15)
    at async getTodaySummary (file:///C:/Users/ludin/Desktop/salidas/scanqueue/backend/src/controllers/DashboardController.js:30:24)
Path: /api/dashboard/today

[2026-03-04T12:41:05.556Z] ERROR: 
Stack: AggregateError [ECONNREFUSED]: 
    at C:\Users\ludin\Desktop\salidas\scanqueue\backend\node_modules\pg-pool\index.js:45:11
    at process.processTicksAndRejections (node:internal/process/task_queues:105:5)
    at async query (file:///C:/Users/ludin/Desktop/salidas/scanqueue/backend/src/config/database.js:25:18)
    at async Module.getScansToday (file:///C:/Users/ludin/Desktop/salidas/scanqueue/backend/src/models/Scan.js:23:15)
    at async Module.getScanStatistics (file:///C:/Users/ludin/Desktop/salidas/scanqueue/backend/src/services/ScanService.js:76:24)
    at async getDashboardStats (file:///C:/Users/ludin/Desktop/salidas/scanqueue/backend/src/controllers/DashboardController.js:12:19)
Path: /api/dashboard/stats

[2026-03-04T12:41:05.587Z] ERROR: 
Stack: AggregateError [ECONNREFUSED]: 
    at C:\Users\ludin\Desktop\salidas\scanqueue\backend\node_modules\pg-pool\index.js:45:11
    at process.processTicksAndRejections (node:internal/process/task_queues:105:5)
    at async query (file:///C:/Users/ludin/Desktop/salidas/scanqueue/backend/src/config/database.js:25:18)
    at async Module.getScansToday (file:///C:/Users/ludin/Desktop/salidas/scanqueue/backend/src/models/Scan.js:23:15)
    at async getTodaySummary (file:///C:/Users/ludin/Desktop/salidas/scanqueue/backend/src/controllers/DashboardController.js:30:24)
Path: /api/dashboard/today

[2026-03-04T12:41:05.668Z] ERROR: 
Stack: AggregateError [ECONNREFUSED]: 
    at C:\Users\ludin\Desktop\salidas\scanqueue\backend\node_modules\pg-pool\index.js:45:11
    at process.processTicksAndRejections (node:internal/process/task_queues:105:5)
    at async query (file:///C:/Users/ludin/Desktop/salidas/scanqueue/backend/src/config/database.js:25:18)
    at async Module.getScansToday (file:///C:/Users/ludin/Desktop/salidas/scanqueue/backend/src/models/Scan.js:23:15)
    at async Module.getScanStatistics (file:///C:/Users/ludin/Desktop/salidas/scanqueue/backend/src/services/ScanService.js:76:24)
    at async getDashboardStats (file:///C:/Users/ludin/Desktop/salidas/scanqueue/backend/src/controllers/DashboardController.js:12:19)
Path: /api/dashboard/stats

[2026-03-04T12:41:05.674Z] ERROR: 
Stack: AggregateError [ECONNREFUSED]: 
    at C:\Users\ludin\Desktop\salidas\scanqueue\backend\node_modules\pg-pool\index.js:45:11
    at process.processTicksAndRejections (node:internal/process/task_queues:105:5)
    at async query (file:///C:/Users/ludin/Desktop/salidas/scanqueue/backend/src/config/database.js:25:18)
    at async Module.getScansToday (file:///C:/Users/ludin/Desktop/salidas/scanqueue/backend/src/models/Scan.js:23:15)
    at async getTodaySummary (file:///C:/Users/ludin/Desktop/salidas/scanqueue/backend/src/controllers/DashboardController.js:30:24)
Path: /api/dashboard/today

[2026-03-04T12:41:05.963Z] ERROR: 
Stack: AggregateError [ECONNREFUSED]: 
    at C:\Users\ludin\Desktop\salidas\scanqueue\backend\node_modules\pg-pool\index.js:45:11
    at process.processTicksAndRejections (node:internal/process/task_queues:105:5)
    at async query (file:///C:/Users/ludin/Desktop/salidas/scanqueue/backend/src/config/database.js:25:18)
    at async Module.getScansToday (file:///C:/Users/ludin/Desktop/salidas/scanqueue/backend/src/models/Scan.js:23:15)
    at async Module.getScanStatistics (file:///C:/Users/ludin/Desktop/salidas/scanqueue/backend/src/services/ScanService.js:76:24)
    at async getDashboardStats (file:///C:/Users/ludin/Desktop/salidas/scanqueue/backend/src/controllers/DashboardController.js:12:19)
Path: /api/dashboard/stats

[2026-03-04T12:41:05.973Z] ERROR: 
Stack: AggregateError [ECONNREFUSED]: 
    at C:\Users\ludin\Desktop\salidas\scanqueue\backend\node_modules\pg-pool\index.js:45:11
    at process.processTicksAndRejections (node:internal/process/task_queues:105:5)
    at async query (file:///C:/Users/ludin/Desktop/salidas/scanqueue/backend/src/config/database.js:25:18)
    at async Module.getScansToday (file:///C:/Users/ludin/Desktop/salidas/scanqueue/backend/src/models/Scan.js:23:15)
    at async getTodaySummary (file:///C:/Users/ludin/Desktop/salidas/scanqueue/backend/src/controllers/DashboardController.js:30:24)
Path: /api/dashboard/today

[2026-03-04T12:41:06.093Z] ERROR: 
Stack: AggregateError [ECONNREFUSED]: 
    at C:\Users\ludin\Desktop\salidas\scanqueue\backend\node_modules\pg-pool\index.js:45:11
    at process.processTicksAndRejections (node:internal/process/task_queues:105:5)
    at async query (file:///C:/Users/ludin/Desktop/salidas/scanqueue/backend/src/config/database.js:25:18)
    at async Module.getScansToday (file:///C:/Users/ludin/Desktop/salidas/scanqueue/backend/src/models/Scan.js:23:15)
    at async Module.getScanStatistics (file:///C:/Users/ludin/Desktop/salidas/scanqueue/backend/src/services/ScanService.js:76:24)
    at async getDashboardStats (file:///C:/Users/ludin/Desktop/salidas/scanqueue/backend/src/controllers/DashboardController.js:12:19)
Path: /api/dashboard/stats

[2026-03-04T12:41:06.104Z] ERROR: 
Stack: AggregateError [ECONNREFUSED]: 
    at C:\Users\ludin\Desktop\salidas\scanqueue\backend\node_modules\pg-pool\index.js:45:11
    at process.processTicksAndRejections (node:internal/process/task_queues:105:5)
    at async query (file:///C:/Users/ludin/Desktop/salidas/scanqueue/backend/src/config/database.js:25:18)
    at async Module.getScansToday (file:///C:/Users/ludin/Desktop/salidas/scanqueue/backend/src/models/Scan.js:23:15)
    at async getTodaySummary (file:///C:/Users/ludin/Desktop/salidas/scanqueue/backend/src/controllers/DashboardController.js:30:24)
Path: /api/dashboard/today

[2026-03-04T12:41:06.223Z] ERROR: 
Stack: AggregateError [ECONNREFUSED]: 
    at C:\Users\ludin\Desktop\salidas\scanqueue\backend\node_modules\pg-pool\index.js:45:11
    at process.processTicksAndRejections (node:internal/process/task_queues:105:5)
    at async query (file:///C:/Users/ludin/Desktop/salidas/scanqueue/backend/src/config/database.js:25:18)
    at async Module.getScansToday (file:///C:/Users/ludin/Desktop/salidas/scanqueue/backend/src/models/Scan.js:23:15)
    at async Module.getScanStatistics (file:///C:/Users/ludin/Desktop/salidas/scanqueue/backend/src/services/ScanService.js:76:24)
    at async getDashboardStats (file:///C:/Users/ludin/Desktop/salidas/scanqueue/backend/src/controllers/DashboardController.js:12:19)
Path: /api/dashboard/stats

[2026-03-04T12:41:06.231Z] ERROR: 
Stack: AggregateError [ECONNREFUSED]: 
    at C:\Users\ludin\Desktop\salidas\scanqueue\backend\node_modules\pg-pool\index.js:45:11
    at process.processTicksAndRejections (node:internal/process/task_queues:105:5)
    at async query (file:///C:/Users/ludin/Desktop/salidas/scanqueue/backend/src/config/database.js:25:18)
    at async Module.getScansToday (file:///C:/Users/ludin/Desktop/salidas/scanqueue/backend/src/models/Scan.js:23:15)
    at async getTodaySummary (file:///C:/Users/ludin/Desktop/salidas/scanqueue/backend/src/controllers/DashboardController.js:30:24)
Path: /api/dashboard/today

[2026-03-04T12:41:06.352Z] ERROR: 
Stack: AggregateError [ECONNREFUSED]: 
    at C:\Users\ludin\Desktop\salidas\scanqueue\backend\node_modules\pg-pool\index.js:45:11
    at process.processTicksAndRejections (node:internal/process/task_queues:105:5)
    at async query (file:///C:/Users/ludin/Desktop/salidas/scanqueue/backend/src/config/database.js:25:18)
    at async Module.getScansToday (file:///C:/Users/ludin/Desktop/salidas/scanqueue/backend/src/models/Scan.js:23:15)
    at async Module.getScanStatistics (file:///C:/Users/ludin/Desktop/salidas/scanqueue/backend/src/services/ScanService.js:76:24)
    at async getDashboardStats (file:///C:/Users/ludin/Desktop/salidas/scanqueue/backend/src/controllers/DashboardController.js:12:19)
Path: /api/dashboard/stats

[2026-03-04T12:41:06.359Z] ERROR: 
Stack: AggregateError [ECONNREFUSED]: 
    at C:\Users\ludin\Desktop\salidas\scanqueue\backend\node_modules\pg-pool\index.js:45:11
    at process.processTicksAndRejections (node:internal/process/task_queues:105:5)
    at async query (file:///C:/Users/ludin/Desktop/salidas/scanqueue/backend/src/config/database.js:25:18)
    at async Module.getScansToday (file:///C:/Users/ludin/Desktop/salidas/scanqueue/backend/src/models/Scan.js:23:15)
    at async getTodaySummary (file:///C:/Users/ludin/Desktop/salidas/scanqueue/backend/src/controllers/DashboardController.js:30:24)
Path: /api/dashboard/today

[2026-03-04T12:41:06.428Z] ERROR: 
Stack: AggregateError [ECONNREFUSED]: 
    at C:\Users\ludin\Desktop\salidas\scanqueue\backend\node_modules\pg-pool\index.js:45:11
    at process.processTicksAndRejections (node:internal/process/task_queues:105:5)
    at async query (file:///C:/Users/ludin/Desktop/salidas/scanqueue/backend/src/config/database.js:25:18)
    at async Module.getScansToday (file:///C:/Users/ludin/Desktop/salidas/scanqueue/backend/src/models/Scan.js:23:15)
    at async Module.getScanStatistics (file:///C:/Users/ludin/Desktop/salidas/scanqueue/backend/src/services/ScanService.js:76:24)
    at async getDashboardStats (file:///C:/Users/ludin/Desktop/salidas/scanqueue/backend/src/controllers/DashboardController.js:12:19)
Path: /api/dashboard/stats

[2026-03-04T12:41:06.433Z] ERROR: 
Stack: AggregateError [ECONNREFUSED]: 
    at C:\Users\ludin\Desktop\salidas\scanqueue\backend\node_modules\pg-pool\index.js:45:11
    at process.processTicksAndRejections (node:internal/process/task_queues:105:5)
    at async query (file:///C:/Users/ludin/Desktop/salidas/scanqueue/backend/src/config/database.js:25:18)
    at async Module.getScansToday (file:///C:/Users/ludin/Desktop/salidas/scanqueue/backend/src/models/Scan.js:23:15)
    at async getTodaySummary (file:///C:/Users/ludin/Desktop/salidas/scanqueue/backend/src/controllers/DashboardController.js:30:24)
Path: /api/dashboard/today

[2026-03-04T12:41:06.497Z] ERROR: 
Stack: AggregateError [ECONNREFUSED]: 
    at C:\Users\ludin\Desktop\salidas\scanqueue\backend\node_modules\pg-pool\index.js:45:11
    at process.processTicksAndRejections (node:internal/process/task_queues:105:5)
    at async query (file:///C:/Users/ludin/Desktop/salidas/scanqueue/backend/src/config/database.js:25:18)
    at async Module.getScansToday (file:///C:/Users/ludin/Desktop/salidas/scanqueue/backend/src/models/Scan.js:23:15)
    at async Module.getScanStatistics (file:///C:/Users/ludin/Desktop/salidas/scanqueue/backend/src/services/ScanService.js:76:24)
    at async getDashboardStats (file:///C:/Users/ludin/Desktop/salidas/scanqueue/backend/src/controllers/DashboardController.js:12:19)
Path: /api/dashboard/stats

[2026-03-04T12:41:06.501Z] ERROR: 
Stack: AggregateError [ECONNREFUSED]: 
    at C:\Users\ludin\Desktop\salidas\scanqueue\backend\node_modules\pg-pool\index.js:45:11
    at process.processTicksAndRejections (node:internal/process/task_queues:105:5)
    at async query (file:///C:/Users/ludin/Desktop/salidas/scanqueue/backend/src/config/database.js:25:18)
    at async Module.getScansToday (file:///C:/Users/ludin/Desktop/salidas/scanqueue/backend/src/models/Scan.js:23:15)
    at async getTodaySummary (file:///C:/Users/ludin/Desktop/salidas/scanqueue/backend/src/controllers/DashboardController.js:30:24)
Path: /api/dashboard/today

[2026-03-04T12:41:06.604Z] ERROR: 
Stack: AggregateError [ECONNREFUSED]: 
    at C:\Users\ludin\Desktop\salidas\scanqueue\backend\node_modules\pg-pool\index.js:45:11
    at process.processTicksAndRejections (node:internal/process/task_queues:105:5)
    at async query (file:///C:/Users/ludin/Desktop/salidas/scanqueue/backend/src/config/database.js:25:18)
    at async Module.getScansToday (file:///C:/Users/ludin/Desktop/salidas/scanqueue/backend/src/models/Scan.js:23:15)
    at async Module.getScanStatistics (file:///C:/Users/ludin/Desktop/salidas/scanqueue/backend/src/services/ScanService.js:76:24)
    at async getDashboardStats (file:///C:/Users/ludin/Desktop/salidas/scanqueue/backend/src/controllers/DashboardController.js:12:19)
Path: /api/dashboard/stats

[2026-03-04T12:41:06.608Z] ERROR: 
Stack: AggregateError [ECONNREFUSED]: 
    at C:\Users\ludin\Desktop\salidas\scanqueue\backend\node_modules\pg-pool\index.js:45:11
    at process.processTicksAndRejections (node:internal/process/task_queues:105:5)
    at async query (file:///C:/Users/ludin/Desktop/salidas/scanqueue/backend/src/config/database.js:25:18)
    at async Module.getScansToday (file:///C:/Users/ludin/Desktop/salidas/scanqueue/backend/src/models/Scan.js:23:15)
    at async getTodaySummary (file:///C:/Users/ludin/Desktop/salidas/scanqueue/backend/src/controllers/DashboardController.js:30:24)
Path: /api/dashboard/today

[2026-03-04T12:41:06.709Z] ERROR: 
Stack: AggregateError [ECONNREFUSED]: 
    at C:\Users\ludin\Desktop\salidas\scanqueue\backend\node_modules\pg-pool\index.js:45:11
    at process.processTicksAndRejections (node:internal/process/task_queues:105:5)
    at async query (file:///C:/Users/ludin/Desktop/salidas/scanqueue/backend/src/config/database.js:25:18)
    at async Module.getScansToday (file:///C:/Users/ludin/Desktop/salidas/scanqueue/backend/src/models/Scan.js:23:15)
    at async Module.getScanStatistics (file:///C:/Users/ludin/Desktop/salidas/scanqueue/backend/src/services/ScanService.js:76:24)
    at async getDashboardStats (file:///C:/Users/ludin/Desktop/salidas/scanqueue/backend/src/controllers/DashboardController.js:12:19)
Path: /api/dashboard/stats

[2026-03-04T12:41:06.712Z] ERROR: 
Stack: AggregateError [ECONNREFUSED]: 
    at C:\Users\ludin\Desktop\salidas\scanqueue\backend\node_modules\pg-pool\index.js:45:11
    at process.processTicksAndRejections (node:internal/process/task_queues:105:5)
    at async query (file:///C:/Users/ludin/Desktop/salidas/scanqueue/backend/src/config/database.js:25:18)
    at async Module.getScansToday (file:///C:/Users/ludin/Desktop/salidas/scanqueue/backend/src/models/Scan.js:23:15)
    at async getTodaySummary (file:///C:/Users/ludin/Desktop/salidas/scanqueue/backend/src/controllers/DashboardController.js:30:24)
Path: /api/dashboard/today

[2026-03-04T12:41:06.817Z] ERROR: 
Stack: AggregateError [ECONNREFUSED]: 
    at C:\Users\ludin\Desktop\salidas\scanqueue\backend\node_modules\pg-pool\index.js:45:11
    at process.processTicksAndRejections (node:internal/process/task_queues:105:5)
    at async query (file:///C:/Users/ludin/Desktop/salidas/scanqueue/backend/src/config/database.js:25:18)
    at async Module.getScansToday (file:///C:/Users/ludin/Desktop/salidas/scanqueue/backend/src/models/Scan.js:23:15)
    at async Module.getScanStatistics (file:///C:/Users/ludin/Desktop/salidas/scanqueue/backend/src/services/ScanService.js:76:24)
    at async getDashboardStats (file:///C:/Users/ludin/Desktop/salidas/scanqueue/backend/src/controllers/DashboardController.js:12:19)
Path: /api/dashboard/stats

[2026-03-04T12:41:06.821Z] ERROR: 
Stack: AggregateError [ECONNREFUSED]: 
    at C:\Users\ludin\Desktop\salidas\scanqueue\backend\node_modules\pg-pool\index.js:45:11
    at process.processTicksAndRejections (node:internal/process/task_queues:105:5)
    at async query (file:///C:/Users/ludin/Desktop/salidas/scanqueue/backend/src/config/database.js:25:18)
    at async Module.getScansToday (file:///C:/Users/ludin/Desktop/salidas/scanqueue/backend/src/models/Scan.js:23:15)
    at async getTodaySummary (file:///C:/Users/ludin/Desktop/salidas/scanqueue/backend/src/controllers/DashboardController.js:30:24)
Path: /api/dashboard/today

[2026-03-04T12:41:06.896Z] ERROR: 
Stack: AggregateError [ECONNREFUSED]: 
    at C:\Users\ludin\Desktop\salidas\scanqueue\backend\node_modules\pg-pool\index.js:45:11
    at process.processTicksAndRejections (node:internal/process/task_queues:105:5)
    at async query (file:///C:/Users/ludin/Desktop/salidas/scanqueue/backend/src/config/database.js:25:18)
    at async Module.getScansToday (file:///C:/Users/ludin/Desktop/salidas/scanqueue/backend/src/models/Scan.js:23:15)
    at async Module.getScanStatistics (file:///C:/Users/ludin/Desktop/salidas/scanqueue/backend/src/services/ScanService.js:76:24)
    at async getDashboardStats (file:///C:/Users/ludin/Desktop/salidas/scanqueue/backend/src/controllers/DashboardController.js:12:19)
Path: /api/dashboard/stats

[2026-03-04T12:41:06.901Z] ERROR: 
Stack: AggregateError [ECONNREFUSED]: 
    at C:\Users\ludin\Desktop\salidas\scanqueue\backend\node_modules\pg-pool\index.js:45:11
    at process.processTicksAndRejections (node:internal/process/task_queues:105:5)
    at async query (file:///C:/Users/ludin/Desktop/salidas/scanqueue/backend/src/config/database.js:25:18)
    at async Module.getScansToday (file:///C:/Users/ludin/Desktop/salidas/scanqueue/backend/src/models/Scan.js:23:15)
    at async getTodaySummary (file:///C:/Users/ludin/Desktop/salidas/scanqueue/backend/src/controllers/DashboardController.js:30:24)
Path: /api/dashboard/today

[2026-03-04T12:41:06.956Z] ERROR: 
Stack: AggregateError [ECONNREFUSED]: 
    at C:\Users\ludin\Desktop\salidas\scanqueue\backend\node_modules\pg-pool\index.js:45:11
    at process.processTicksAndRejections (node:internal/process/task_queues:105:5)
    at async query (file:///C:/Users/ludin/Desktop/salidas/scanqueue/backend/src/config/database.js:25:18)
    at async Module.getScansToday (file:///C:/Users/ludin/Desktop/salidas/scanqueue/backend/src/models/Scan.js:23:15)
    at async Module.getScanStatistics (file:///C:/Users/ludin/Desktop/salidas/scanqueue/backend/src/services/ScanService.js:76:24)
    at async getDashboardStats (file:///C:/Users/ludin/Desktop/salidas/scanqueue/backend/src/controllers/DashboardController.js:12:19)
Path: /api/dashboard/stats

[2026-03-04T12:41:06.960Z] ERROR: 
Stack: AggregateError [ECONNREFUSED]: 
    at C:\Users\ludin\Desktop\salidas\scanqueue\backend\node_modules\pg-pool\index.js:45:11
    at process.processTicksAndRejections (node:internal/process/task_queues:105:5)
    at async query (file:///C:/Users/ludin/Desktop/salidas/scanqueue/backend/src/config/database.js:25:18)
    at async Module.getScansToday (file:///C:/Users/ludin/Desktop/salidas/scanqueue/backend/src/models/Scan.js:23:15)
    at async getTodaySummary (file:///C:/Users/ludin/Desktop/salidas/scanqueue/backend/src/controllers/DashboardController.js:30:24)
Path: /api/dashboard/today

[2026-03-04T12:41:07.013Z] ERROR: 
Stack: AggregateError [ECONNREFUSED]: 
    at C:\Users\ludin\Desktop\salidas\scanqueue\backend\node_modules\pg-pool\index.js:45:11
    at process.processTicksAndRejections (node:internal/process/task_queues:105:5)
    at async query (file:///C:/Users/ludin/Desktop/salidas/scanqueue/backend/src/config/database.js:25:18)
    at async Module.getScansToday (file:///C:/Users/ludin/Desktop/salidas/scanqueue/backend/src/models/Scan.js:23:15)
    at async Module.getScanStatistics (file:///C:/Users/ludin/Desktop/salidas/scanqueue/backend/src/services/ScanService.js:76:24)
    at async getDashboardStats (file:///C:/Users/ludin/Desktop/salidas/scanqueue/backend/src/controllers/DashboardController.js:12:19)
Path: /api/dashboard/stats

[2026-03-04T12:41:07.017Z] ERROR: 
Stack: AggregateError [ECONNREFUSED]: 
    at C:\Users\ludin\Desktop\salidas\scanqueue\backend\node_modules\pg-pool\index.js:45:11
    at process.processTicksAndRejections (node:internal/process/task_queues:105:5)
    at async query (file:///C:/Users/ludin/Desktop/salidas/scanqueue/backend/src/config/database.js:25:18)
    at async Module.getScansToday (file:///C:/Users/ludin/Desktop/salidas/scanqueue/backend/src/models/Scan.js:23:15)
    at async getTodaySummary (file:///C:/Users/ludin/Desktop/salidas/scanqueue/backend/src/controllers/DashboardController.js:30:24)
Path: /api/dashboard/today

[2026-03-04T12:41:07.092Z] ERROR: 
Stack: AggregateError [ECONNREFUSED]: 
    at C:\Users\ludin\Desktop\salidas\scanqueue\backend\node_modules\pg-pool\index.js:45:11
    at process.processTicksAndRejections (node:internal/process/task_queues:105:5)
    at async query (file:///C:/Users/ludin/Desktop/salidas/scanqueue/backend/src/config/database.js:25:18)
    at async Module.getScansToday (file:///C:/Users/ludin/Desktop/salidas/scanqueue/backend/src/models/Scan.js:23:15)
    at async Module.getScanStatistics (file:///C:/Users/ludin/Desktop/salidas/scanqueue/backend/src/services/ScanService.js:76:24)
    at async getDashboardStats (file:///C:/Users/ludin/Desktop/salidas/scanqueue/backend/src/controllers/DashboardController.js:12:19)
Path: /api/dashboard/stats

[2026-03-04T12:41:07.101Z] ERROR: 
Stack: AggregateError [ECONNREFUSED]: 
    at C:\Users\ludin\Desktop\salidas\scanqueue\backend\node_modules\pg-pool\index.js:45:11
    at process.processTicksAndRejections (node:internal/process/task_queues:105:5)
    at async query (file:///C:/Users/ludin/Desktop/salidas/scanqueue/backend/src/config/database.js:25:18)
    at async Module.getScansToday (file:///C:/Users/ludin/Desktop/salidas/scanqueue/backend/src/models/Scan.js:23:15)
    at async getTodaySummary (file:///C:/Users/ludin/Desktop/salidas/scanqueue/backend/src/controllers/DashboardController.js:30:24)
Path: /api/dashboard/today

[2026-03-04T12:41:07.179Z] ERROR: 
Stack: AggregateError [ECONNREFUSED]: 
    at C:\Users\ludin\Desktop\salidas\scanqueue\backend\node_modules\pg-pool\index.js:45:11
    at process.processTicksAndRejections (node:internal/process/task_queues:105:5)
    at async query (file:///C:/Users/ludin/Desktop/salidas/scanqueue/backend/src/config/database.js:25:18)
    at async Module.getScansToday (file:///C:/Users/ludin/Desktop/salidas/scanqueue/backend/src/models/Scan.js:23:15)
    at async Module.getScanStatistics (file:///C:/Users/ludin/Desktop/salidas/scanqueue/backend/src/services/ScanService.js:76:24)
    at async getDashboardStats (file:///C:/Users/ludin/Desktop/salidas/scanqueue/backend/src/controllers/DashboardController.js:12:19)
Path: /api/dashboard/stats

[2026-03-04T12:41:07.184Z] ERROR: 
Stack: AggregateError [ECONNREFUSED]: 
    at C:\Users\ludin\Desktop\salidas\scanqueue\backend\node_modules\pg-pool\index.js:45:11
    at process.processTicksAndRejections (node:internal/process/task_queues:105:5)
    at async query (file:///C:/Users/ludin/Desktop/salidas/scanqueue/backend/src/config/database.js:25:18)
    at async Module.getScansToday (file:///C:/Users/ludin/Desktop/salidas/scanqueue/backend/src/models/Scan.js:23:15)
    at async getTodaySummary (file:///C:/Users/ludin/Desktop/salidas/scanqueue/backend/src/controllers/DashboardController.js:30:24)
Path: /api/dashboard/today

[2026-03-04T12:41:07.478Z] ERROR: 
Stack: AggregateError [ECONNREFUSED]: 
    at C:\Users\ludin\Desktop\salidas\scanqueue\backend\node_modules\pg-pool\index.js:45:11
    at process.processTicksAndRejections (node:internal/process/task_queues:105:5)
    at async query (file:///C:/Users/ludin/Desktop/salidas/scanqueue/backend/src/config/database.js:25:18)
    at async Module.getScansToday (file:///C:/Users/ludin/Desktop/salidas/scanqueue/backend/src/models/Scan.js:23:15)
    at async Module.getScanStatistics (file:///C:/Users/ludin/Desktop/salidas/scanqueue/backend/src/services/ScanService.js:76:24)
    at async getDashboardStats (file:///C:/Users/ludin/Desktop/salidas/scanqueue/backend/src/controllers/DashboardController.js:12:19)
Path: /api/dashboard/stats

[2026-03-04T12:41:07.485Z] ERROR: 
Stack: AggregateError [ECONNREFUSED]: 
    at C:\Users\ludin\Desktop\salidas\scanqueue\backend\node_modules\pg-pool\index.js:45:11
    at process.processTicksAndRejections (node:internal/process/task_queues:105:5)
    at async query (file:///C:/Users/ludin/Desktop/salidas/scanqueue/backend/src/config/database.js:25:18)
    at async Module.getScansToday (file:///C:/Users/ludin/Desktop/salidas/scanqueue/backend/src/models/Scan.js:23:15)
    at async getTodaySummary (file:///C:/Users/ludin/Desktop/salidas/scanqueue/backend/src/controllers/DashboardController.js:30:24)
Path: /api/dashboard/today

[2026-03-04T12:41:07.599Z] ERROR: 
Stack: AggregateError [ECONNREFUSED]: 
    at C:\Users\ludin\Desktop\salidas\scanqueue\backend\node_modules\pg-pool\index.js:45:11
    at process.processTicksAndRejections (node:internal/process/task_queues:105:5)
    at async query (file:///C:/Users/ludin/Desktop/salidas/scanqueue/backend/src/config/database.js:25:18)
    at async Module.getScansToday (file:///C:/Users/ludin/Desktop/salidas/scanqueue/backend/src/models/Scan.js:23:15)
    at async Module.getScanStatistics (file:///C:/Users/ludin/Desktop/salidas/scanqueue/backend/src/services/ScanService.js:76:24)
    at async getDashboardStats (file:///C:/Users/ludin/Desktop/salidas/scanqueue/backend/src/controllers/DashboardController.js:12:19)
Path: /api/dashboard/stats

[2026-03-04T12:41:07.609Z] ERROR: 
Stack: AggregateError [ECONNREFUSED]: 
    at C:\Users\ludin\Desktop\salidas\scanqueue\backend\node_modules\pg-pool\index.js:45:11
    at process.processTicksAndRejections (node:internal/process/task_queues:105:5)
    at async query (file:///C:/Users/ludin/Desktop/salidas/scanqueue/backend/src/config/database.js:25:18)
    at async Module.getScansToday (file:///C:/Users/ludin/Desktop/salidas/scanqueue/backend/src/models/Scan.js:23:15)
    at async getTodaySummary (file:///C:/Users/ludin/Desktop/salidas/scanqueue/backend/src/controllers/DashboardController.js:30:24)
Path: /api/dashboard/today

[2026-03-04T12:41:07.732Z] ERROR: 
Stack: AggregateError [ECONNREFUSED]: 
    at C:\Users\ludin\Desktop\salidas\scanqueue\backend\node_modules\pg-pool\index.js:45:11
    at process.processTicksAndRejections (node:internal/process/task_queues:105:5)
    at async query (file:///C:/Users/ludin/Desktop/salidas/scanqueue/backend/src/config/database.js:25:18)
    at async Module.getScansToday (file:///C:/Users/ludin/Desktop/salidas/scanqueue/backend/src/models/Scan.js:23:15)
    at async Module.getScanStatistics (file:///C:/Users/ludin/Desktop/salidas/scanqueue/backend/src/services/ScanService.js:76:24)
    at async getDashboardStats (file:///C:/Users/ludin/Desktop/salidas/scanqueue/backend/src/controllers/DashboardController.js:12:19)
Path: /api/dashboard/stats

[2026-03-04T12:41:07.742Z] ERROR: 
Stack: AggregateError [ECONNREFUSED]: 
    at C:\Users\ludin\Desktop\salidas\scanqueue\backend\node_modules\pg-pool\index.js:45:11
    at process.processTicksAndRejections (node:internal/process/task_queues:105:5)
    at async query (file:///C:/Users/ludin/Desktop/salidas/scanqueue/backend/src/config/database.js:25:18)
    at async Module.getScansToday (file:///C:/Users/ludin/Desktop/salidas/scanqueue/backend/src/models/Scan.js:23:15)
    at async getTodaySummary (file:///C:/Users/ludin/Desktop/salidas/scanqueue/backend/src/controllers/DashboardController.js:30:24)
Path: /api/dashboard/today

[2026-03-04T12:41:07.841Z] ERROR: 
Stack: AggregateError [ECONNREFUSED]: 
    at C:\Users\ludin\Desktop\salidas\scanqueue\backend\node_modules\pg-pool\index.js:45:11
    at process.processTicksAndRejections (node:internal/process/task_queues:105:5)
    at async query (file:///C:/Users/ludin/Desktop/salidas/scanqueue/backend/src/config/database.js:25:18)
    at async Module.getScansToday (file:///C:/Users/ludin/Desktop/salidas/scanqueue/backend/src/models/Scan.js:23:15)
    at async Module.getScanStatistics (file:///C:/Users/ludin/Desktop/salidas/scanqueue/backend/src/services/ScanService.js:76:24)
    at async getDashboardStats (file:///C:/Users/ludin/Desktop/salidas/scanqueue/backend/src/controllers/DashboardController.js:12:19)
Path: /api/dashboard/stats

[2026-03-04T12:41:07.845Z] ERROR: 
Stack: AggregateError [ECONNREFUSED]: 
    at C:\Users\ludin\Desktop\salidas\scanqueue\backend\node_modules\pg-pool\index.js:45:11
    at process.processTicksAndRejections (node:internal/process/task_queues:105:5)
    at async query (file:///C:/Users/ludin/Desktop/salidas/scanqueue/backend/src/config/database.js:25:18)
    at async Module.getScansToday (file:///C:/Users/ludin/Desktop/salidas/scanqueue/backend/src/models/Scan.js:23:15)
    at async getTodaySummary (file:///C:/Users/ludin/Desktop/salidas/scanqueue/backend/src/controllers/DashboardController.js:30:24)
Path: /api/dashboard/today

[2026-03-04T12:41:07.975Z] ERROR: 
Stack: AggregateError [ECONNREFUSED]: 
    at C:\Users\ludin\Desktop\salidas\scanqueue\backend\node_modules\pg-pool\index.js:45:11
    at process.processTicksAndRejections (node:internal/process/task_queues:105:5)
    at async query (file:///C:/Users/ludin/Desktop/salidas/scanqueue/backend/src/config/database.js:25:18)
    at async Module.getScansToday (file:///C:/Users/ludin/Desktop/salidas/scanqueue/backend/src/models/Scan.js:23:15)
    at async Module.getScanStatistics (file:///C:/Users/ludin/Desktop/salidas/scanqueue/backend/src/services/ScanService.js:76:24)
    at async getDashboardStats (file:///C:/Users/ludin/Desktop/salidas/scanqueue/backend/src/controllers/DashboardController.js:12:19)
Path: /api/dashboard/stats

[2026-03-04T12:41:07.982Z] ERROR: 
Stack: AggregateError [ECONNREFUSED]: 
    at C:\Users\ludin\Desktop\salidas\scanqueue\backend\node_modules\pg-pool\index.js:45:11
    at process.processTicksAndRejections (node:internal/process/task_queues:105:5)
    at async query (file:///C:/Users/ludin/Desktop/salidas/scanqueue/backend/src/config/database.js:25:18)
    at async Module.getScansToday (file:///C:/Users/ludin/Desktop/salidas/scanqueue/backend/src/models/Scan.js:23:15)
    at async getTodaySummary (file:///C:/Users/ludin/Desktop/salidas/scanqueue/backend/src/controllers/DashboardController.js:30:24)
Path: /api/dashboard/today

[2026-03-04T12:41:08.094Z] ERROR: 
Stack: AggregateError [ECONNREFUSED]: 
    at C:\Users\ludin\Desktop\salidas\scanqueue\backend\node_modules\pg-pool\index.js:45:11
    at process.processTicksAndRejections (node:internal/process/task_queues:105:5)
    at async query (file:///C:/Users/ludin/Desktop/salidas/scanqueue/backend/src/config/database.js:25:18)
    at async Module.getScansToday (file:///C:/Users/ludin/Desktop/salidas/scanqueue/backend/src/models/Scan.js:23:15)
    at async Module.getScanStatistics (file:///C:/Users/ludin/Desktop/salidas/scanqueue/backend/src/services/ScanService.js:76:24)
    at async getDashboardStats (file:///C:/Users/ludin/Desktop/salidas/scanqueue/backend/src/controllers/DashboardController.js:12:19)
Path: /api/dashboard/stats

[2026-03-04T12:41:08.101Z] ERROR: 
Stack: AggregateError [ECONNREFUSED]: 
    at C:\Users\ludin\Desktop\salidas\scanqueue\backend\node_modules\pg-pool\index.js:45:11
    at process.processTicksAndRejections (node:internal/process/task_queues:105:5)
    at async query (file:///C:/Users/ludin/Desktop/salidas/scanqueue/backend/src/config/database.js:25:18)
    at async Module.getScansToday (file:///C:/Users/ludin/Desktop/salidas/scanqueue/backend/src/models/Scan.js:23:15)
    at async getTodaySummary (file:///C:/Users/ludin/Desktop/salidas/scanqueue/backend/src/controllers/DashboardController.js:30:24)
Path: /api/dashboard/today

[2026-03-04T12:41:08.213Z] ERROR: 
Stack: AggregateError [ECONNREFUSED]: 
    at C:\Users\ludin\Desktop\salidas\scanqueue\backend\node_modules\pg-pool\index.js:45:11
    at process.processTicksAndRejections (node:internal/process/task_queues:105:5)
    at async query (file:///C:/Users/ludin/Desktop/salidas/scanqueue/backend/src/config/database.js:25:18)
    at async Module.getScansToday (file:///C:/Users/ludin/Desktop/salidas/scanqueue/backend/src/models/Scan.js:23:15)
    at async Module.getScanStatistics (file:///C:/Users/ludin/Desktop/salidas/scanqueue/backend/src/services/ScanService.js:76:24)
    at async getDashboardStats (file:///C:/Users/ludin/Desktop/salidas/scanqueue/backend/src/controllers/DashboardController.js:12:19)
Path: /api/dashboard/stats

[2026-03-04T12:41:08.219Z] ERROR: 
Stack: AggregateError [ECONNREFUSED]: 
    at C:\Users\ludin\Desktop\salidas\scanqueue\backend\node_modules\pg-pool\index.js:45:11
    at process.processTicksAndRejections (node:internal/process/task_queues:105:5)
    at async query (file:///C:/Users/ludin/Desktop/salidas/scanqueue/backend/src/config/database.js:25:18)
    at async Module.getScansToday (file:///C:/Users/ludin/Desktop/salidas/scanqueue/backend/src/models/Scan.js:23:15)
    at async getTodaySummary (file:///C:/Users/ludin/Desktop/salidas/scanqueue/backend/src/controllers/DashboardController.js:30:24)
Path: /api/dashboard/today

[2026-03-04T12:41:08.286Z] ERROR: 
Stack: AggregateError [ECONNREFUSED]: 
    at C:\Users\ludin\Desktop\salidas\scanqueue\backend\node_modules\pg-pool\index.js:45:11
    at process.processTicksAndRejections (node:internal/process/task_queues:105:5)
    at async query (file:///C:/Users/ludin/Desktop/salidas/scanqueue/backend/src/config/database.js:25:18)
    at async Module.getScansToday (file:///C:/Users/ludin/Desktop/salidas/scanqueue/backend/src/models/Scan.js:23:15)
    at async Module.getScanStatistics (file:///C:/Users/ludin/Desktop/salidas/scanqueue/backend/src/services/ScanService.js:76:24)
    at async getDashboardStats (file:///C:/Users/ludin/Desktop/salidas/scanqueue/backend/src/controllers/DashboardController.js:12:19)
Path: /api/dashboard/stats

[2026-03-04T12:41:08.291Z] ERROR: 
Stack: AggregateError [ECONNREFUSED]: 
    at C:\Users\ludin\Desktop\salidas\scanqueue\backend\node_modules\pg-pool\index.js:45:11
    at process.processTicksAndRejections (node:internal/process/task_queues:105:5)
    at async query (file:///C:/Users/ludin/Desktop/salidas/scanqueue/backend/src/config/database.js:25:18)
    at async Module.getScansToday (file:///C:/Users/ludin/Desktop/salidas/scanqueue/backend/src/models/Scan.js:23:15)
    at async getTodaySummary (file:///C:/Users/ludin/Desktop/salidas/scanqueue/backend/src/controllers/DashboardController.js:30:24)
Path: /api/dashboard/today

[2026-03-04T12:41:08.363Z] ERROR: 
Stack: AggregateError [ECONNREFUSED]: 
    at C:\Users\ludin\Desktop\salidas\scanqueue\backend\node_modules\pg-pool\index.js:45:11
    at process.processTicksAndRejections (node:internal/process/task_queues:105:5)
    at async query (file:///C:/Users/ludin/Desktop/salidas/scanqueue/backend/src/config/database.js:25:18)
    at async Module.getScansToday (file:///C:/Users/ludin/Desktop/salidas/scanqueue/backend/src/models/Scan.js:23:15)
    at async Module.getScanStatistics (file:///C:/Users/ludin/Desktop/salidas/scanqueue/backend/src/services/ScanService.js:76:24)
    at async getDashboardStats (file:///C:/Users/ludin/Desktop/salidas/scanqueue/backend/src/controllers/DashboardController.js:12:19)
Path: /api/dashboard/stats

[2026-03-04T12:41:08.366Z] ERROR: 
Stack: AggregateError [ECONNREFUSED]: 
    at C:\Users\ludin\Desktop\salidas\scanqueue\backend\node_modules\pg-pool\index.js:45:11
    at process.processTicksAndRejections (node:internal/process/task_queues:105:5)
    at async query (file:///C:/Users/ludin/Desktop/salidas/scanqueue/backend/src/config/database.js:25:18)
    at async Module.getScansToday (file:///C:/Users/ludin/Desktop/salidas/scanqueue/backend/src/models/Scan.js:23:15)
    at async getTodaySummary (file:///C:/Users/ludin/Desktop/salidas/scanqueue/backend/src/controllers/DashboardController.js:30:24)
Path: /api/dashboard/today

[2026-03-04T12:41:08.428Z] ERROR: 
Stack: AggregateError [ECONNREFUSED]: 
    at C:\Users\ludin\Desktop\salidas\scanqueue\backend\node_modules\pg-pool\index.js:45:11
    at process.processTicksAndRejections (node:internal/process/task_queues:105:5)
    at async query (file:///C:/Users/ludin/Desktop/salidas/scanqueue/backend/src/config/database.js:25:18)
    at async Module.getScansToday (file:///C:/Users/ludin/Desktop/salidas/scanqueue/backend/src/models/Scan.js:23:15)
    at async Module.getScanStatistics (file:///C:/Users/ludin/Desktop/salidas/scanqueue/backend/src/services/ScanService.js:76:24)
    at async getDashboardStats (file:///C:/Users/ludin/Desktop/salidas/scanqueue/backend/src/controllers/DashboardController.js:12:19)
Path: /api/dashboard/stats

[2026-03-04T12:41:08.431Z] ERROR: 
Stack: AggregateError [ECONNREFUSED]: 
    at C:\Users\ludin\Desktop\salidas\scanqueue\backend\node_modules\pg-pool\index.js:45:11
    at process.processTicksAndRejections (node:internal/process/task_queues:105:5)
    at async query (file:///C:/Users/ludin/Desktop/salidas/scanqueue/backend/src/config/database.js:25:18)
    at async Module.getScansToday (file:///C:/Users/ludin/Desktop/salidas/scanqueue/backend/src/models/Scan.js:23:15)
    at async getTodaySummary (file:///C:/Users/ludin/Desktop/salidas/scanqueue/backend/src/controllers/DashboardController.js:30:24)
Path: /api/dashboard/today

[2026-03-04T12:41:08.632Z] ERROR: 
Stack: AggregateError [ECONNREFUSED]: 
    at C:\Users\ludin\Desktop\salidas\scanqueue\backend\node_modules\pg-pool\index.js:45:11
    at process.processTicksAndRejections (node:internal/process/task_queues:105:5)
    at async query (file:///C:/Users/ludin/Desktop/salidas/scanqueue/backend/src/config/database.js:25:18)
    at async Module.getScansToday (file:///C:/Users/ludin/Desktop/salidas/scanqueue/backend/src/models/Scan.js:23:15)
    at async Module.getScanStatistics (file:///C:/Users/ludin/Desktop/salidas/scanqueue/backend/src/services/ScanService.js:76:24)
    at async getDashboardStats (file:///C:/Users/ludin/Desktop/salidas/scanqueue/backend/src/controllers/DashboardController.js:12:19)
Path: /api/dashboard/stats

[2026-03-04T12:41:08.638Z] ERROR: 
Stack: AggregateError [ECONNREFUSED]: 
    at C:\Users\ludin\Desktop\salidas\scanqueue\backend\node_modules\pg-pool\index.js:45:11
    at process.processTicksAndRejections (node:internal/process/task_queues:105:5)
    at async query (file:///C:/Users/ludin/Desktop/salidas/scanqueue/backend/src/config/database.js:25:18)
    at async Module.getScansToday (file:///C:/Users/ludin/Desktop/salidas/scanqueue/backend/src/models/Scan.js:23:15)
    at async getTodaySummary (file:///C:/Users/ludin/Desktop/salidas/scanqueue/backend/src/controllers/DashboardController.js:30:24)
Path: /api/dashboard/today

[2026-03-04T12:41:08.701Z] ERROR: 
Stack: AggregateError [ECONNREFUSED]: 
    at C:\Users\ludin\Desktop\salidas\scanqueue\backend\node_modules\pg-pool\index.js:45:11
    at process.processTicksAndRejections (node:internal/process/task_queues:105:5)
    at async query (file:///C:/Users/ludin/Desktop/salidas/scanqueue/backend/src/config/database.js:25:18)
    at async Module.getScansToday (file:///C:/Users/ludin/Desktop/salidas/scanqueue/backend/src/models/Scan.js:23:15)
    at async Module.getScanStatistics (file:///C:/Users/ludin/Desktop/salidas/scanqueue/backend/src/services/ScanService.js:76:24)
    at async getDashboardStats (file:///C:/Users/ludin/Desktop/salidas/scanqueue/backend/src/controllers/DashboardController.js:12:19)
Path: /api/dashboard/stats

[2026-03-04T12:41:08.705Z] ERROR: 
Stack: AggregateError [ECONNREFUSED]: 
    at C:\Users\ludin\Desktop\salidas\scanqueue\backend\node_modules\pg-pool\index.js:45:11
    at process.processTicksAndRejections (node:internal/process/task_queues:105:5)
    at async query (file:///C:/Users/ludin/Desktop/salidas/scanqueue/backend/src/config/database.js:25:18)
    at async Module.getScansToday (file:///C:/Users/ludin/Desktop/salidas/scanqueue/backend/src/models/Scan.js:23:15)
    at async getTodaySummary (file:///C:/Users/ludin/Desktop/salidas/scanqueue/backend/src/controllers/DashboardController.js:30:24)
Path: /api/dashboard/today

[2026-03-04T12:41:08.775Z] ERROR: 
Stack: AggregateError [ECONNREFUSED]: 
    at C:\Users\ludin\Desktop\salidas\scanqueue\backend\node_modules\pg-pool\index.js:45:11
    at process.processTicksAndRejections (node:internal/process/task_queues:105:5)
    at async query (file:///C:/Users/ludin/Desktop/salidas/scanqueue/backend/src/config/database.js:25:18)
    at async Module.getScansToday (file:///C:/Users/ludin/Desktop/salidas/scanqueue/backend/src/models/Scan.js:23:15)
    at async Module.getScanStatistics (file:///C:/Users/ludin/Desktop/salidas/scanqueue/backend/src/services/ScanService.js:76:24)
    at async getDashboardStats (file:///C:/Users/ludin/Desktop/salidas/scanqueue/backend/src/controllers/DashboardController.js:12:19)
Path: /api/dashboard/stats

[2026-03-04T12:41:08.779Z] ERROR: 
Stack: AggregateError [ECONNREFUSED]: 
    at C:\Users\ludin\Desktop\salidas\scanqueue\backend\node_modules\pg-pool\index.js:45:11
    at process.processTicksAndRejections (node:internal/process/task_queues:105:5)
    at async query (file:///C:/Users/ludin/Desktop/salidas/scanqueue/backend/src/config/database.js:25:18)
    at async Module.getScansToday (file:///C:/Users/ludin/Desktop/salidas/scanqueue/backend/src/models/Scan.js:23:15)
    at async getTodaySummary (file:///C:/Users/ludin/Desktop/salidas/scanqueue/backend/src/controllers/DashboardController.js:30:24)
Path: /api/dashboard/today

[2026-03-04T12:41:08.852Z] ERROR: 
Stack: AggregateError [ECONNREFUSED]: 
    at C:\Users\ludin\Desktop\salidas\scanqueue\backend\node_modules\pg-pool\index.js:45:11
    at process.processTicksAndRejections (node:internal/process/task_queues:105:5)
    at async query (file:///C:/Users/ludin/Desktop/salidas/scanqueue/backend/src/config/database.js:25:18)
    at async Module.getScansToday (file:///C:/Users/ludin/Desktop/salidas/scanqueue/backend/src/models/Scan.js:23:15)
    at async Module.getScanStatistics (file:///C:/Users/ludin/Desktop/salidas/scanqueue/backend/src/services/ScanService.js:76:24)
    at async getDashboardStats (file:///C:/Users/ludin/Desktop/salidas/scanqueue/backend/src/controllers/DashboardController.js:12:19)
Path: /api/dashboard/stats

[2026-03-04T12:41:08.857Z] ERROR: 
Stack: AggregateError [ECONNREFUSED]: 
    at C:\Users\ludin\Desktop\salidas\scanqueue\backend\node_modules\pg-pool\index.js:45:11
    at process.processTicksAndRejections (node:internal/process/task_queues:105:5)
    at async query (file:///C:/Users/ludin/Desktop/salidas/scanqueue/backend/src/config/database.js:25:18)
    at async Module.getScansToday (file:///C:/Users/ludin/Desktop/salidas/scanqueue/backend/src/models/Scan.js:23:15)
    at async getTodaySummary (file:///C:/Users/ludin/Desktop/salidas/scanqueue/backend/src/controllers/DashboardController.js:30:24)
Path: /api/dashboard/today

[2026-03-04T12:41:08.932Z] ERROR: 
Stack: AggregateError [ECONNREFUSED]: 
    at C:\Users\ludin\Desktop\salidas\scanqueue\backend\node_modules\pg-pool\index.js:45:11
    at process.processTicksAndRejections (node:internal/process/task_queues:105:5)
    at async query (file:///C:/Users/ludin/Desktop/salidas/scanqueue/backend/src/config/database.js:25:18)
    at async Module.getScansToday (file:///C:/Users/ludin/Desktop/salidas/scanqueue/backend/src/models/Scan.js:23:15)
    at async Module.getScanStatistics (file:///C:/Users/ludin/Desktop/salidas/scanqueue/backend/src/services/ScanService.js:76:24)
    at async getDashboardStats (file:///C:/Users/ludin/Desktop/salidas/scanqueue/backend/src/controllers/DashboardController.js:12:19)
Path: /api/dashboard/stats

[2026-03-04T12:41:08.935Z] ERROR: 
Stack: AggregateError [ECONNREFUSED]: 
    at C:\Users\ludin\Desktop\salidas\scanqueue\backend\node_modules\pg-pool\index.js:45:11
    at process.processTicksAndRejections (node:internal/process/task_queues:105:5)
    at async query (file:///C:/Users/ludin/Desktop/salidas/scanqueue/backend/src/config/database.js:25:18)
    at async Module.getScansToday (file:///C:/Users/ludin/Desktop/salidas/scanqueue/backend/src/models/Scan.js:23:15)
    at async getTodaySummary (file:///C:/Users/ludin/Desktop/salidas/scanqueue/backend/src/controllers/DashboardController.js:30:24)
Path: /api/dashboard/today

[2026-03-04T12:41:09.035Z] ERROR: 
Stack: AggregateError [ECONNREFUSED]: 
    at C:\Users\ludin\Desktop\salidas\scanqueue\backend\node_modules\pg-pool\index.js:45:11
    at process.processTicksAndRejections (node:internal/process/task_queues:105:5)
    at async query (file:///C:/Users/ludin/Desktop/salidas/scanqueue/backend/src/config/database.js:25:18)
    at async Module.getScansToday (file:///C:/Users/ludin/Desktop/salidas/scanqueue/backend/src/models/Scan.js:23:15)
    at async Module.getScanStatistics (file:///C:/Users/ludin/Desktop/salidas/scanqueue/backend/src/services/ScanService.js:76:24)
    at async getDashboardStats (file:///C:/Users/ludin/Desktop/salidas/scanqueue/backend/src/controllers/DashboardController.js:12:19)
Path: /api/dashboard/stats

[2026-03-04T12:41:09.038Z] ERROR: 
Stack: AggregateError [ECONNREFUSED]: 
    at C:\Users\ludin\Desktop\salidas\scanqueue\backend\node_modules\pg-pool\index.js:45:11
    at process.processTicksAndRejections (node:internal/process/task_queues:105:5)
    at async query (file:///C:/Users/ludin/Desktop/salidas/scanqueue/backend/src/config/database.js:25:18)
    at async Module.getScansToday (file:///C:/Users/ludin/Desktop/salidas/scanqueue/backend/src/models/Scan.js:23:15)
    at async getTodaySummary (file:///C:/Users/ludin/Desktop/salidas/scanqueue/backend/src/controllers/DashboardController.js:30:24)
Path: /api/dashboard/today

[2026-03-04T12:41:09.119Z] ERROR: 
Stack: AggregateError [ECONNREFUSED]: 
    at C:\Users\ludin\Desktop\salidas\scanqueue\backend\node_modules\pg-pool\index.js:45:11
    at process.processTicksAndRejections (node:internal/process/task_queues:105:5)
    at async query (file:///C:/Users/ludin/Desktop/salidas/scanqueue/backend/src/config/database.js:25:18)
    at async Module.getScansToday (file:///C:/Users/ludin/Desktop/salidas/scanqueue/backend/src/models/Scan.js:23:15)
    at async Module.getScanStatistics (file:///C:/Users/ludin/Desktop/salidas/scanqueue/backend/src/services/ScanService.js:76:24)
    at async getDashboardStats (file:///C:/Users/ludin/Desktop/salidas/scanqueue/backend/src/controllers/DashboardController.js:12:19)
Path: /api/dashboard/stats

[2026-03-04T12:41:09.123Z] ERROR: 
Stack: AggregateError [ECONNREFUSED]: 
    at C:\Users\ludin\Desktop\salidas\scanqueue\backend\node_modules\pg-pool\index.js:45:11
    at process.processTicksAndRejections (node:internal/process/task_queues:105:5)
    at async query (file:///C:/Users/ludin/Desktop/salidas/scanqueue/backend/src/config/database.js:25:18)
    at async Module.getScansToday (file:///C:/Users/ludin/Desktop/salidas/scanqueue/backend/src/models/Scan.js:23:15)
    at async getTodaySummary (file:///C:/Users/ludin/Desktop/salidas/scanqueue/backend/src/controllers/DashboardController.js:30:24)
Path: /api/dashboard/today

[2026-03-04T12:41:09.212Z] ERROR: 
Stack: AggregateError [ECONNREFUSED]: 
    at C:\Users\ludin\Desktop\salidas\scanqueue\backend\node_modules\pg-pool\index.js:45:11
    at process.processTicksAndRejections (node:internal/process/task_queues:105:5)
    at async query (file:///C:/Users/ludin/Desktop/salidas/scanqueue/backend/src/config/database.js:25:18)
    at async Module.getScansToday (file:///C:/Users/ludin/Desktop/salidas/scanqueue/backend/src/models/Scan.js:23:15)
    at async Module.getScanStatistics (file:///C:/Users/ludin/Desktop/salidas/scanqueue/backend/src/services/ScanService.js:76:24)
    at async getDashboardStats (file:///C:/Users/ludin/Desktop/salidas/scanqueue/backend/src/controllers/DashboardController.js:12:19)
Path: /api/dashboard/stats

[2026-03-04T12:41:09.215Z] ERROR: 
Stack: AggregateError [ECONNREFUSED]: 
    at C:\Users\ludin\Desktop\salidas\scanqueue\backend\node_modules\pg-pool\index.js:45:11
    at process.processTicksAndRejections (node:internal/process/task_queues:105:5)
    at async query (file:///C:/Users/ludin/Desktop/salidas/scanqueue/backend/src/config/database.js:25:18)
    at async Module.getScansToday (file:///C:/Users/ludin/Desktop/salidas/scanqueue/backend/src/models/Scan.js:23:15)
    at async getTodaySummary (file:///C:/Users/ludin/Desktop/salidas/scanqueue/backend/src/controllers/DashboardController.js:30:24)
Path: /api/dashboard/today

[2026-03-04T12:41:09.278Z] ERROR: 
Stack: AggregateError [ECONNREFUSED]: 
    at C:\Users\ludin\Desktop\salidas\scanqueue\backend\node_modules\pg-pool\index.js:45:11
    at process.processTicksAndRejections (node:internal/process/task_queues:105:5)
    at async query (file:///C:/Users/ludin/Desktop/salidas/scanqueue/backend/src/config/database.js:25:18)
    at async Module.getScansToday (file:///C:/Users/ludin/Desktop/salidas/scanqueue/backend/src/models/Scan.js:23:15)
    at async Module.getScanStatistics (file:///C:/Users/ludin/Desktop/salidas/scanqueue/backend/src/services/ScanService.js:76:24)
    at async getDashboardStats (file:///C:/Users/ludin/Desktop/salidas/scanqueue/backend/src/controllers/DashboardController.js:12:19)
Path: /api/dashboard/stats

[2026-03-04T12:41:09.282Z] ERROR: 
Stack: AggregateError [ECONNREFUSED]: 
    at C:\Users\ludin\Desktop\salidas\scanqueue\backend\node_modules\pg-pool\index.js:45:11
    at process.processTicksAndRejections (node:internal/process/task_queues:105:5)
    at async query (file:///C:/Users/ludin/Desktop/salidas/scanqueue/backend/src/config/database.js:25:18)
    at async Module.getScansToday (file:///C:/Users/ludin/Desktop/salidas/scanqueue/backend/src/models/Scan.js:23:15)
    at async getTodaySummary (file:///C:/Users/ludin/Desktop/salidas/scanqueue/backend/src/controllers/DashboardController.js:30:24)
Path: /api/dashboard/today

[2026-03-04T12:41:09.338Z] ERROR: 
Stack: AggregateError [ECONNREFUSED]: 
    at C:\Users\ludin\Desktop\salidas\scanqueue\backend\node_modules\pg-pool\index.js:45:11
    at process.processTicksAndRejections (node:internal/process/task_queues:105:5)
    at async query (file:///C:/Users/ludin/Desktop/salidas/scanqueue/backend/src/config/database.js:25:18)
    at async Module.getScansToday (file:///C:/Users/ludin/Desktop/salidas/scanqueue/backend/src/models/Scan.js:23:15)
    at async Module.getScanStatistics (file:///C:/Users/ludin/Desktop/salidas/scanqueue/backend/src/services/ScanService.js:76:24)
    at async getDashboardStats (file:///C:/Users/ludin/Desktop/salidas/scanqueue/backend/src/controllers/DashboardController.js:12:19)
Path: /api/dashboard/stats

[2026-03-04T12:41:09.343Z] ERROR: 
Stack: AggregateError [ECONNREFUSED]: 
    at C:\Users\ludin\Desktop\salidas\scanqueue\backend\node_modules\pg-pool\index.js:45:11
    at process.processTicksAndRejections (node:internal/process/task_queues:105:5)
    at async query (file:///C:/Users/ludin/Desktop/salidas/scanqueue/backend/src/config/database.js:25:18)
    at async Module.getScansToday (file:///C:/Users/ludin/Desktop/salidas/scanqueue/backend/src/models/Scan.js:23:15)
    at async getTodaySummary (file:///C:/Users/ludin/Desktop/salidas/scanqueue/backend/src/controllers/DashboardController.js:30:24)
Path: /api/dashboard/today

[2026-03-04T12:41:09.408Z] ERROR: 
Stack: AggregateError [ECONNREFUSED]: 
    at C:\Users\ludin\Desktop\salidas\scanqueue\backend\node_modules\pg-pool\index.js:45:11
    at process.processTicksAndRejections (node:internal/process/task_queues:105:5)
    at async query (file:///C:/Users/ludin/Desktop/salidas/scanqueue/backend/src/config/database.js:25:18)
    at async Module.getScansToday (file:///C:/Users/ludin/Desktop/salidas/scanqueue/backend/src/models/Scan.js:23:15)
    at async Module.getScanStatistics (file:///C:/Users/ludin/Desktop/salidas/scanqueue/backend/src/services/ScanService.js:76:24)
    at async getDashboardStats (file:///C:/Users/ludin/Desktop/salidas/scanqueue/backend/src/controllers/DashboardController.js:12:19)
Path: /api/dashboard/stats

[2026-03-04T12:41:09.412Z] ERROR: 
Stack: AggregateError [ECONNREFUSED]: 
    at C:\Users\ludin\Desktop\salidas\scanqueue\backend\node_modules\pg-pool\index.js:45:11
    at process.processTicksAndRejections (node:internal/process/task_queues:105:5)
    at async query (file:///C:/Users/ludin/Desktop/salidas/scanqueue/backend/src/config/database.js:25:18)
    at async Module.getScansToday (file:///C:/Users/ludin/Desktop/salidas/scanqueue/backend/src/models/Scan.js:23:15)
    at async getTodaySummary (file:///C:/Users/ludin/Desktop/salidas/scanqueue/backend/src/controllers/DashboardController.js:30:24)
Path: /api/dashboard/today

[2026-03-04T12:41:09.493Z] ERROR: 
Stack: AggregateError [ECONNREFUSED]: 
    at C:\Users\ludin\Desktop\salidas\scanqueue\backend\node_modules\pg-pool\index.js:45:11
    at process.processTicksAndRejections (node:internal/process/task_queues:105:5)
    at async query (file:///C:/Users/ludin/Desktop/salidas/scanqueue/backend/src/config/database.js:25:18)
    at async Module.getScansToday (file:///C:/Users/ludin/Desktop/salidas/scanqueue/backend/src/models/Scan.js:23:15)
    at async Module.getScanStatistics (file:///C:/Users/ludin/Desktop/salidas/scanqueue/backend/src/services/ScanService.js:76:24)
    at async getDashboardStats (file:///C:/Users/ludin/Desktop/salidas/scanqueue/backend/src/controllers/DashboardController.js:12:19)
Path: /api/dashboard/stats

[2026-03-04T12:41:09.498Z] ERROR: 
Stack: AggregateError [ECONNREFUSED]: 
    at C:\Users\ludin\Desktop\salidas\scanqueue\backend\node_modules\pg-pool\index.js:45:11
    at process.processTicksAndRejections (node:internal/process/task_queues:105:5)
    at async query (file:///C:/Users/ludin/Desktop/salidas/scanqueue/backend/src/config/database.js:25:18)
    at async Module.getScansToday (file:///C:/Users/ludin/Desktop/salidas/scanqueue/backend/src/models/Scan.js:23:15)
    at async getTodaySummary (file:///C:/Users/ludin/Desktop/salidas/scanqueue/backend/src/controllers/DashboardController.js:30:24)
Path: /api/dashboard/today

[2026-03-04T12:41:09.590Z] ERROR: 
Stack: AggregateError [ECONNREFUSED]: 
    at C:\Users\ludin\Desktop\salidas\scanqueue\backend\node_modules\pg-pool\index.js:45:11
    at process.processTicksAndRejections (node:internal/process/task_queues:105:5)
    at async query (file:///C:/Users/ludin/Desktop/salidas/scanqueue/backend/src/config/database.js:25:18)
    at async Module.getScansToday (file:///C:/Users/ludin/Desktop/salidas/scanqueue/backend/src/models/Scan.js:23:15)
    at async Module.getScanStatistics (file:///C:/Users/ludin/Desktop/salidas/scanqueue/backend/src/services/ScanService.js:76:24)
    at async getDashboardStats (file:///C:/Users/ludin/Desktop/salidas/scanqueue/backend/src/controllers/DashboardController.js:12:19)
Path: /api/dashboard/stats

[2026-03-04T12:41:09.597Z] ERROR: 
Stack: AggregateError [ECONNREFUSED]: 
    at C:\Users\ludin\Desktop\salidas\scanqueue\backend\node_modules\pg-pool\index.js:45:11
    at process.processTicksAndRejections (node:internal/process/task_queues:105:5)
    at async query (file:///C:/Users/ludin/Desktop/salidas/scanqueue/backend/src/config/database.js:25:18)
    at async Module.getScansToday (file:///C:/Users/ludin/Desktop/salidas/scanqueue/backend/src/models/Scan.js:23:15)
    at async getTodaySummary (file:///C:/Users/ludin/Desktop/salidas/scanqueue/backend/src/controllers/DashboardController.js:30:24)
Path: /api/dashboard/today

[2026-03-04T12:41:09.797Z] ERROR: 
Stack: AggregateError [ECONNREFUSED]: 
    at C:\Users\ludin\Desktop\salidas\scanqueue\backend\node_modules\pg-pool\index.js:45:11
    at process.processTicksAndRejections (node:internal/process/task_queues:105:5)
    at async query (file:///C:/Users/ludin/Desktop/salidas/scanqueue/backend/src/config/database.js:25:18)
    at async Module.getScansToday (file:///C:/Users/ludin/Desktop/salidas/scanqueue/backend/src/models/Scan.js:23:15)
    at async Module.getScanStatistics (file:///C:/Users/ludin/Desktop/salidas/scanqueue/backend/src/services/ScanService.js:76:24)
    at async getDashboardStats (file:///C:/Users/ludin/Desktop/salidas/scanqueue/backend/src/controllers/DashboardController.js:12:19)
Path: /api/dashboard/stats

[2026-03-04T12:41:09.801Z] ERROR: 
Stack: AggregateError [ECONNREFUSED]: 
    at C:\Users\ludin\Desktop\salidas\scanqueue\backend\node_modules\pg-pool\index.js:45:11
    at process.processTicksAndRejections (node:internal/process/task_queues:105:5)
    at async query (file:///C:/Users/ludin/Desktop/salidas/scanqueue/backend/src/config/database.js:25:18)
    at async Module.getScansToday (file:///C:/Users/ludin/Desktop/salidas/scanqueue/backend/src/models/Scan.js:23:15)
    at async getTodaySummary (file:///C:/Users/ludin/Desktop/salidas/scanqueue/backend/src/controllers/DashboardController.js:30:24)
Path: /api/dashboard/today

[2026-03-04T12:41:09.885Z] ERROR: 
Stack: AggregateError [ECONNREFUSED]: 
    at C:\Users\ludin\Desktop\salidas\scanqueue\backend\node_modules\pg-pool\index.js:45:11
    at process.processTicksAndRejections (node:internal/process/task_queues:105:5)
    at async query (file:///C:/Users/ludin/Desktop/salidas/scanqueue/backend/src/config/database.js:25:18)
    at async Module.getScansToday (file:///C:/Users/ludin/Desktop/salidas/scanqueue/backend/src/models/Scan.js:23:15)
    at async Module.getScanStatistics (file:///C:/Users/ludin/Desktop/salidas/scanqueue/backend/src/services/ScanService.js:76:24)
    at async getDashboardStats (file:///C:/Users/ludin/Desktop/salidas/scanqueue/backend/src/controllers/DashboardController.js:12:19)
Path: /api/dashboard/stats

[2026-03-04T12:41:09.890Z] ERROR: 
Stack: AggregateError [ECONNREFUSED]: 
    at C:\Users\ludin\Desktop\salidas\scanqueue\backend\node_modules\pg-pool\index.js:45:11
    at process.processTicksAndRejections (node:internal/process/task_queues:105:5)
    at async query (file:///C:/Users/ludin/Desktop/salidas/scanqueue/backend/src/config/database.js:25:18)
    at async Module.getScansToday (file:///C:/Users/ludin/Desktop/salidas/scanqueue/backend/src/models/Scan.js:23:15)
    at async getTodaySummary (file:///C:/Users/ludin/Desktop/salidas/scanqueue/backend/src/controllers/DashboardController.js:30:24)
Path: /api/dashboard/today

[2026-03-04T12:41:09.938Z] ERROR: 
Stack: AggregateError [ECONNREFUSED]: 
    at C:\Users\ludin\Desktop\salidas\scanqueue\backend\node_modules\pg-pool\index.js:45:11
    at process.processTicksAndRejections (node:internal/process/task_queues:105:5)
    at async query (file:///C:/Users/ludin/Desktop/salidas/scanqueue/backend/src/config/database.js:25:18)
    at async Module.getScansToday (file:///C:/Users/ludin/Desktop/salidas/scanqueue/backend/src/models/Scan.js:23:15)
    at async Module.getScanStatistics (file:///C:/Users/ludin/Desktop/salidas/scanqueue/backend/src/services/ScanService.js:76:24)
    at async getDashboardStats (file:///C:/Users/ludin/Desktop/salidas/scanqueue/backend/src/controllers/DashboardController.js:12:19)
Path: /api/dashboard/stats

[2026-03-04T12:41:09.941Z] ERROR: 
Stack: AggregateError [ECONNREFUSED]: 
    at C:\Users\ludin\Desktop\salidas\scanqueue\backend\node_modules\pg-pool\index.js:45:11
    at process.processTicksAndRejections (node:internal/process/task_queues:105:5)
    at async query (file:///C:/Users/ludin/Desktop/salidas/scanqueue/backend/src/config/database.js:25:18)
    at async Module.getScansToday (file:///C:/Users/ludin/Desktop/salidas/scanqueue/backend/src/models/Scan.js:23:15)
    at async getTodaySummary (file:///C:/Users/ludin/Desktop/salidas/scanqueue/backend/src/controllers/DashboardController.js:30:24)
Path: /api/dashboard/today

[2026-03-04T12:41:10.005Z] ERROR: 
Stack: AggregateError [ECONNREFUSED]: 
    at C:\Users\ludin\Desktop\salidas\scanqueue\backend\node_modules\pg-pool\index.js:45:11
    at process.processTicksAndRejections (node:internal/process/task_queues:105:5)
    at async query (file:///C:/Users/ludin/Desktop/salidas/scanqueue/backend/src/config/database.js:25:18)
    at async Module.getScansToday (file:///C:/Users/ludin/Desktop/salidas/scanqueue/backend/src/models/Scan.js:23:15)
    at async Module.getScanStatistics (file:///C:/Users/ludin/Desktop/salidas/scanqueue/backend/src/services/ScanService.js:76:24)
    at async getDashboardStats (file:///C:/Users/ludin/Desktop/salidas/scanqueue/backend/src/controllers/DashboardController.js:12:19)
Path: /api/dashboard/stats

[2026-03-04T12:41:10.008Z] ERROR: 
Stack: AggregateError [ECONNREFUSED]: 
    at C:\Users\ludin\Desktop\salidas\scanqueue\backend\node_modules\pg-pool\index.js:45:11
    at process.processTicksAndRejections (node:internal/process/task_queues:105:5)
    at async query (file:///C:/Users/ludin/Desktop/salidas/scanqueue/backend/src/config/database.js:25:18)
    at async Module.getScansToday (file:///C:/Users/ludin/Desktop/salidas/scanqueue/backend/src/models/Scan.js:23:15)
    at async getTodaySummary (file:///C:/Users/ludin/Desktop/salidas/scanqueue/backend/src/controllers/DashboardController.js:30:24)
Path: /api/dashboard/today

[2026-03-04T12:41:10.069Z] ERROR: 
Stack: AggregateError [ECONNREFUSED]: 
    at C:\Users\ludin\Desktop\salidas\scanqueue\backend\node_modules\pg-pool\index.js:45:11
    at process.processTicksAndRejections (node:internal/process/task_queues:105:5)
    at async query (file:///C:/Users/ludin/Desktop/salidas/scanqueue/backend/src/config/database.js:25:18)
    at async Module.getScansToday (file:///C:/Users/ludin/Desktop/salidas/scanqueue/backend/src/models/Scan.js:23:15)
    at async Module.getScanStatistics (file:///C:/Users/ludin/Desktop/salidas/scanqueue/backend/src/services/ScanService.js:76:24)
    at async getDashboardStats (file:///C:/Users/ludin/Desktop/salidas/scanqueue/backend/src/controllers/DashboardController.js:12:19)
Path: /api/dashboard/stats

[2026-03-04T12:41:10.072Z] ERROR: 
Stack: AggregateError [ECONNREFUSED]: 
    at C:\Users\ludin\Desktop\salidas\scanqueue\backend\node_modules\pg-pool\index.js:45:11
    at process.processTicksAndRejections (node:internal/process/task_queues:105:5)
    at async query (file:///C:/Users/ludin/Desktop/salidas/scanqueue/backend/src/config/database.js:25:18)
    at async Module.getScansToday (file:///C:/Users/ludin/Desktop/salidas/scanqueue/backend/src/models/Scan.js:23:15)
    at async getTodaySummary (file:///C:/Users/ludin/Desktop/salidas/scanqueue/backend/src/controllers/DashboardController.js:30:24)
Path: /api/dashboard/today

[2026-03-04T12:41:10.130Z] ERROR: 
Stack: AggregateError [ECONNREFUSED]: 
    at C:\Users\ludin\Desktop\salidas\scanqueue\backend\node_modules\pg-pool\index.js:45:11
    at process.processTicksAndRejections (node:internal/process/task_queues:105:5)
    at async query (file:///C:/Users/ludin/Desktop/salidas/scanqueue/backend/src/config/database.js:25:18)
    at async Module.getScansToday (file:///C:/Users/ludin/Desktop/salidas/scanqueue/backend/src/models/Scan.js:23:15)
    at async Module.getScanStatistics (file:///C:/Users/ludin/Desktop/salidas/scanqueue/backend/src/services/ScanService.js:76:24)
    at async getDashboardStats (file:///C:/Users/ludin/Desktop/salidas/scanqueue/backend/src/controllers/DashboardController.js:12:19)
Path: /api/dashboard/stats

[2026-03-04T12:41:10.133Z] ERROR: 
Stack: AggregateError [ECONNREFUSED]: 
    at C:\Users\ludin\Desktop\salidas\scanqueue\backend\node_modules\pg-pool\index.js:45:11
    at process.processTicksAndRejections (node:internal/process/task_queues:105:5)
    at async query (file:///C:/Users/ludin/Desktop/salidas/scanqueue/backend/src/config/database.js:25:18)
    at async Module.getScansToday (file:///C:/Users/ludin/Desktop/salidas/scanqueue/backend/src/models/Scan.js:23:15)
    at async getTodaySummary (file:///C:/Users/ludin/Desktop/salidas/scanqueue/backend/src/controllers/DashboardController.js:30:24)
Path: /api/dashboard/today

[2026-03-04T12:41:10.336Z] ERROR: 
Stack: AggregateError [ECONNREFUSED]: 
    at C:\Users\ludin\Desktop\salidas\scanqueue\backend\node_modules\pg-pool\index.js:45:11
    at process.processTicksAndRejections (node:internal/process/task_queues:105:5)
    at async query (file:///C:/Users/ludin/Desktop/salidas/scanqueue/backend/src/config/database.js:25:18)
    at async Module.getScansToday (file:///C:/Users/ludin/Desktop/salidas/scanqueue/backend/src/models/Scan.js:23:15)
    at async Module.getScanStatistics (file:///C:/Users/ludin/Desktop/salidas/scanqueue/backend/src/services/ScanService.js:76:24)
    at async getDashboardStats (file:///C:/Users/ludin/Desktop/salidas/scanqueue/backend/src/controllers/DashboardController.js:12:19)
Path: /api/dashboard/stats

[2026-03-04T12:41:10.342Z] ERROR: 
Stack: AggregateError [ECONNREFUSED]: 
    at C:\Users\ludin\Desktop\salidas\scanqueue\backend\node_modules\pg-pool\index.js:45:11
    at process.processTicksAndRejections (node:internal/process/task_queues:105:5)
    at async query (file:///C:/Users/ludin/Desktop/salidas/scanqueue/backend/src/config/database.js:25:18)
    at async Module.getScansToday (file:///C:/Users/ludin/Desktop/salidas/scanqueue/backend/src/models/Scan.js:23:15)
    at async getTodaySummary (file:///C:/Users/ludin/Desktop/salidas/scanqueue/backend/src/controllers/DashboardController.js:30:24)
Path: /api/dashboard/today

[2026-03-04T12:41:10.431Z] ERROR: 
Stack: AggregateError [ECONNREFUSED]: 
    at C:\Users\ludin\Desktop\salidas\scanqueue\backend\node_modules\pg-pool\index.js:45:11
    at process.processTicksAndRejections (node:internal/process/task_queues:105:5)
    at async query (file:///C:/Users/ludin/Desktop/salidas/scanqueue/backend/src/config/database.js:25:18)
    at async Module.getScansToday (file:///C:/Users/ludin/Desktop/salidas/scanqueue/backend/src/models/Scan.js:23:15)
    at async Module.getScanStatistics (file:///C:/Users/ludin/Desktop/salidas/scanqueue/backend/src/services/ScanService.js:76:24)
    at async getDashboardStats (file:///C:/Users/ludin/Desktop/salidas/scanqueue/backend/src/controllers/DashboardController.js:12:19)
Path: /api/dashboard/stats

[2026-03-04T12:41:10.436Z] ERROR: 
Stack: AggregateError [ECONNREFUSED]: 
    at C:\Users\ludin\Desktop\salidas\scanqueue\backend\node_modules\pg-pool\index.js:45:11
    at process.processTicksAndRejections (node:internal/process/task_queues:105:5)
    at async query (file:///C:/Users/ludin/Desktop/salidas/scanqueue/backend/src/config/database.js:25:18)
    at async Module.getScansToday (file:///C:/Users/ludin/Desktop/salidas/scanqueue/backend/src/models/Scan.js:23:15)
    at async getTodaySummary (file:///C:/Users/ludin/Desktop/salidas/scanqueue/backend/src/controllers/DashboardController.js:30:24)
Path: /api/dashboard/today

[2026-03-04T12:41:10.515Z] ERROR: 
Stack: AggregateError [ECONNREFUSED]: 
    at C:\Users\ludin\Desktop\salidas\scanqueue\backend\node_modules\pg-pool\index.js:45:11
    at process.processTicksAndRejections (node:internal/process/task_queues:105:5)
    at async query (file:///C:/Users/ludin/Desktop/salidas/scanqueue/backend/src/config/database.js:25:18)
    at async Module.getScansToday (file:///C:/Users/ludin/Desktop/salidas/scanqueue/backend/src/models/Scan.js:23:15)
    at async Module.getScanStatistics (file:///C:/Users/ludin/Desktop/salidas/scanqueue/backend/src/services/ScanService.js:76:24)
    at async getDashboardStats (file:///C:/Users/ludin/Desktop/salidas/scanqueue/backend/src/controllers/DashboardController.js:12:19)
Path: /api/dashboard/stats

[2026-03-04T12:41:10.521Z] ERROR: 
Stack: AggregateError [ECONNREFUSED]: 
    at C:\Users\ludin\Desktop\salidas\scanqueue\backend\node_modules\pg-pool\index.js:45:11
    at process.processTicksAndRejections (node:internal/process/task_queues:105:5)
    at async query (file:///C:/Users/ludin/Desktop/salidas/scanqueue/backend/src/config/database.js:25:18)
    at async Module.getScansToday (file:///C:/Users/ludin/Desktop/salidas/scanqueue/backend/src/models/Scan.js:23:15)
    at async getTodaySummary (file:///C:/Users/ludin/Desktop/salidas/scanqueue/backend/src/controllers/DashboardController.js:30:24)
Path: /api/dashboard/today

[2026-03-04T12:41:10.587Z] ERROR: 
Stack: AggregateError [ECONNREFUSED]: 
    at C:\Users\ludin\Desktop\salidas\scanqueue\backend\node_modules\pg-pool\index.js:45:11
    at process.processTicksAndRejections (node:internal/process/task_queues:105:5)
    at async query (file:///C:/Users/ludin/Desktop/salidas/scanqueue/backend/src/config/database.js:25:18)
    at async Module.getScansToday (file:///C:/Users/ludin/Desktop/salidas/scanqueue/backend/src/models/Scan.js:23:15)
    at async Module.getScanStatistics (file:///C:/Users/ludin/Desktop/salidas/scanqueue/backend/src/services/ScanService.js:76:24)
    at async getDashboardStats (file:///C:/Users/ludin/Desktop/salidas/scanqueue/backend/src/controllers/DashboardController.js:12:19)
Path: /api/dashboard/stats

[2026-03-04T12:41:10.593Z] ERROR: 
Stack: AggregateError [ECONNREFUSED]: 
    at C:\Users\ludin\Desktop\salidas\scanqueue\backend\node_modules\pg-pool\index.js:45:11
    at process.processTicksAndRejections (node:internal/process/task_queues:105:5)
    at async query (file:///C:/Users/ludin/Desktop/salidas/scanqueue/backend/src/config/database.js:25:18)
    at async Module.getScansToday (file:///C:/Users/ludin/Desktop/salidas/scanqueue/backend/src/models/Scan.js:23:15)
    at async getTodaySummary (file:///C:/Users/ludin/Desktop/salidas/scanqueue/backend/src/controllers/DashboardController.js:30:24)
Path: /api/dashboard/today

[2026-03-04T12:41:10.663Z] ERROR: 
Stack: AggregateError [ECONNREFUSED]: 
    at C:\Users\ludin\Desktop\salidas\scanqueue\backend\node_modules\pg-pool\index.js:45:11
    at process.processTicksAndRejections (node:internal/process/task_queues:105:5)
    at async query (file:///C:/Users/ludin/Desktop/salidas/scanqueue/backend/src/config/database.js:25:18)
    at async Module.getScansToday (file:///C:/Users/ludin/Desktop/salidas/scanqueue/backend/src/models/Scan.js:23:15)
    at async Module.getScanStatistics (file:///C:/Users/ludin/Desktop/salidas/scanqueue/backend/src/services/ScanService.js:76:24)
    at async getDashboardStats (file:///C:/Users/ludin/Desktop/salidas/scanqueue/backend/src/controllers/DashboardController.js:12:19)
Path: /api/dashboard/stats

[2026-03-04T12:41:10.668Z] ERROR: 
Stack: AggregateError [ECONNREFUSED]: 
    at C:\Users\ludin\Desktop\salidas\scanqueue\backend\node_modules\pg-pool\index.js:45:11
    at process.processTicksAndRejections (node:internal/process/task_queues:105:5)
    at async query (file:///C:/Users/ludin/Desktop/salidas/scanqueue/backend/src/config/database.js:25:18)
    at async Module.getScansToday (file:///C:/Users/ludin/Desktop/salidas/scanqueue/backend/src/models/Scan.js:23:15)
    at async getTodaySummary (file:///C:/Users/ludin/Desktop/salidas/scanqueue/backend/src/controllers/DashboardController.js:30:24)
Path: /api/dashboard/today

[2026-03-04T12:41:10.759Z] ERROR: 
Stack: AggregateError [ECONNREFUSED]: 
    at C:\Users\ludin\Desktop\salidas\scanqueue\backend\node_modules\pg-pool\index.js:45:11
    at process.processTicksAndRejections (node:internal/process/task_queues:105:5)
    at async query (file:///C:/Users/ludin/Desktop/salidas/scanqueue/backend/src/config/database.js:25:18)
    at async Module.getScansToday (file:///C:/Users/ludin/Desktop/salidas/scanqueue/backend/src/models/Scan.js:23:15)
    at async Module.getScanStatistics (file:///C:/Users/ludin/Desktop/salidas/scanqueue/backend/src/services/ScanService.js:76:24)
    at async getDashboardStats (file:///C:/Users/ludin/Desktop/salidas/scanqueue/backend/src/controllers/DashboardController.js:12:19)
Path: /api/dashboard/stats

[2026-03-04T12:41:10.766Z] ERROR: 
Stack: AggregateError [ECONNREFUSED]: 
    at C:\Users\ludin\Desktop\salidas\scanqueue\backend\node_modules\pg-pool\index.js:45:11
    at process.processTicksAndRejections (node:internal/process/task_queues:105:5)
    at async query (file:///C:/Users/ludin/Desktop/salidas/scanqueue/backend/src/config/database.js:25:18)
    at async Module.getScansToday (file:///C:/Users/ludin/Desktop/salidas/scanqueue/backend/src/models/Scan.js:23:15)
    at async getTodaySummary (file:///C:/Users/ludin/Desktop/salidas/scanqueue/backend/src/controllers/DashboardController.js:30:24)
Path: /api/dashboard/today

[2026-03-04T12:41:11.031Z] ERROR: 
Stack: AggregateError [ECONNREFUSED]: 
    at C:\Users\ludin\Desktop\salidas\scanqueue\backend\node_modules\pg-pool\index.js:45:11
    at process.processTicksAndRejections (node:internal/process/task_queues:105:5)
    at async query (file:///C:/Users/ludin/Desktop/salidas/scanqueue/backend/src/config/database.js:25:18)
    at async Module.getScansToday (file:///C:/Users/ludin/Desktop/salidas/scanqueue/backend/src/models/Scan.js:23:15)
    at async Module.getScanStatistics (file:///C:/Users/ludin/Desktop/salidas/scanqueue/backend/src/services/ScanService.js:76:24)
    at async getDashboardStats (file:///C:/Users/ludin/Desktop/salidas/scanqueue/backend/src/controllers/DashboardController.js:12:19)
Path: /api/dashboard/stats

[2026-03-04T12:41:11.040Z] ERROR: 
Stack: AggregateError [ECONNREFUSED]: 
    at C:\Users\ludin\Desktop\salidas\scanqueue\backend\node_modules\pg-pool\index.js:45:11
    at process.processTicksAndRejections (node:internal/process/task_queues:105:5)
    at async query (file:///C:/Users/ludin/Desktop/salidas/scanqueue/backend/src/config/database.js:25:18)
    at async Module.getScansToday (file:///C:/Users/ludin/Desktop/salidas/scanqueue/backend/src/models/Scan.js:23:15)
    at async getTodaySummary (file:///C:/Users/ludin/Desktop/salidas/scanqueue/backend/src/controllers/DashboardController.js:30:24)
Path: /api/dashboard/today

[2026-03-04T12:41:11.224Z] ERROR: 
Stack: AggregateError [ECONNREFUSED]: 
    at C:\Users\ludin\Desktop\salidas\scanqueue\backend\node_modules\pg-pool\index.js:45:11
    at process.processTicksAndRejections (node:internal/process/task_queues:105:5)
    at async query (file:///C:/Users/ludin/Desktop/salidas/scanqueue/backend/src/config/database.js:25:18)
    at async Module.getScansToday (file:///C:/Users/ludin/Desktop/salidas/scanqueue/backend/src/models/Scan.js:23:15)
    at async Module.getScanStatistics (file:///C:/Users/ludin/Desktop/salidas/scanqueue/backend/src/services/ScanService.js:76:24)
    at async getDashboardStats (file:///C:/Users/ludin/Desktop/salidas/scanqueue/backend/src/controllers/DashboardController.js:12:19)
Path: /api/dashboard/stats

[2026-03-04T12:41:11.240Z] ERROR: 
Stack: AggregateError [ECONNREFUSED]: 
    at C:\Users\ludin\Desktop\salidas\scanqueue\backend\node_modules\pg-pool\index.js:45:11
    at process.processTicksAndRejections (node:internal/process/task_queues:105:5)
    at async query (file:///C:/Users/ludin/Desktop/salidas/scanqueue/backend/src/config/database.js:25:18)
    at async Module.getScansToday (file:///C:/Users/ludin/Desktop/salidas/scanqueue/backend/src/models/Scan.js:23:15)
    at async getTodaySummary (file:///C:/Users/ludin/Desktop/salidas/scanqueue/backend/src/controllers/DashboardController.js:30:24)
Path: /api/dashboard/today

[2026-03-04T12:41:11.346Z] ERROR: 
Stack: AggregateError [ECONNREFUSED]: 
    at C:\Users\ludin\Desktop\salidas\scanqueue\backend\node_modules\pg-pool\index.js:45:11
    at process.processTicksAndRejections (node:internal/process/task_queues:105:5)
    at async query (file:///C:/Users/ludin/Desktop/salidas/scanqueue/backend/src/config/database.js:25:18)
    at async Module.getScansToday (file:///C:/Users/ludin/Desktop/salidas/scanqueue/backend/src/models/Scan.js:23:15)
    at async Module.getScanStatistics (file:///C:/Users/ludin/Desktop/salidas/scanqueue/backend/src/services/ScanService.js:76:24)
    at async getDashboardStats (file:///C:/Users/ludin/Desktop/salidas/scanqueue/backend/src/controllers/DashboardController.js:12:19)
Path: /api/dashboard/stats

[2026-03-04T12:41:11.350Z] ERROR: 
Stack: AggregateError [ECONNREFUSED]: 
    at C:\Users\ludin\Desktop\salidas\scanqueue\backend\node_modules\pg-pool\index.js:45:11
    at process.processTicksAndRejections (node:internal/process/task_queues:105:5)
    at async query (file:///C:/Users/ludin/Desktop/salidas/scanqueue/backend/src/config/database.js:25:18)
    at async Module.getScansToday (file:///C:/Users/ludin/Desktop/salidas/scanqueue/backend/src/models/Scan.js:23:15)
    at async getTodaySummary (file:///C:/Users/ludin/Desktop/salidas/scanqueue/backend/src/controllers/DashboardController.js:30:24)
Path: /api/dashboard/today

[2026-03-04T12:41:11.453Z] ERROR: 
Stack: AggregateError [ECONNREFUSED]: 
    at C:\Users\ludin\Desktop\salidas\scanqueue\backend\node_modules\pg-pool\index.js:45:11
    at process.processTicksAndRejections (node:internal/process/task_queues:105:5)
    at async query (file:///C:/Users/ludin/Desktop/salidas/scanqueue/backend/src/config/database.js:25:18)
    at async Module.getScansToday (file:///C:/Users/ludin/Desktop/salidas/scanqueue/backend/src/models/Scan.js:23:15)
    at async Module.getScanStatistics (file:///C:/Users/ludin/Desktop/salidas/scanqueue/backend/src/services/ScanService.js:76:24)
    at async getDashboardStats (file:///C:/Users/ludin/Desktop/salidas/scanqueue/backend/src/controllers/DashboardController.js:12:19)
Path: /api/dashboard/stats

[2026-03-04T12:41:11.457Z] ERROR: 
Stack: AggregateError [ECONNREFUSED]: 
    at C:\Users\ludin\Desktop\salidas\scanqueue\backend\node_modules\pg-pool\index.js:45:11
    at process.processTicksAndRejections (node:internal/process/task_queues:105:5)
    at async query (file:///C:/Users/ludin/Desktop/salidas/scanqueue/backend/src/config/database.js:25:18)
    at async Module.getScansToday (file:///C:/Users/ludin/Desktop/salidas/scanqueue/backend/src/models/Scan.js:23:15)
    at async getTodaySummary (file:///C:/Users/ludin/Desktop/salidas/scanqueue/backend/src/controllers/DashboardController.js:30:24)
Path: /api/dashboard/today

[2026-03-04T12:41:11.587Z] ERROR: 
Stack: AggregateError [ECONNREFUSED]: 
    at C:\Users\ludin\Desktop\salidas\scanqueue\backend\node_modules\pg-pool\index.js:45:11
    at process.processTicksAndRejections (node:internal/process/task_queues:105:5)
    at async query (file:///C:/Users/ludin/Desktop/salidas/scanqueue/backend/src/config/database.js:25:18)
    at async Module.getScansToday (file:///C:/Users/ludin/Desktop/salidas/scanqueue/backend/src/models/Scan.js:23:15)
    at async Module.getScanStatistics (file:///C:/Users/ludin/Desktop/salidas/scanqueue/backend/src/services/ScanService.js:76:24)
    at async getDashboardStats (file:///C:/Users/ludin/Desktop/salidas/scanqueue/backend/src/controllers/DashboardController.js:12:19)
Path: /api/dashboard/stats

[2026-03-04T12:41:11.612Z] ERROR: 
Stack: AggregateError [ECONNREFUSED]: 
    at C:\Users\ludin\Desktop\salidas\scanqueue\backend\node_modules\pg-pool\index.js:45:11
    at process.processTicksAndRejections (node:internal/process/task_queues:105:5)
    at async query (file:///C:/Users/ludin/Desktop/salidas/scanqueue/backend/src/config/database.js:25:18)
    at async Module.getScansToday (file:///C:/Users/ludin/Desktop/salidas/scanqueue/backend/src/models/Scan.js:23:15)
    at async getTodaySummary (file:///C:/Users/ludin/Desktop/salidas/scanqueue/backend/src/controllers/DashboardController.js:30:24)
Path: /api/dashboard/today

[2026-03-04T12:41:11.733Z] ERROR: 
Stack: AggregateError [ECONNREFUSED]: 
    at C:\Users\ludin\Desktop\salidas\scanqueue\backend\node_modules\pg-pool\index.js:45:11
    at process.processTicksAndRejections (node:internal/process/task_queues:105:5)
    at async query (file:///C:/Users/ludin/Desktop/salidas/scanqueue/backend/src/config/database.js:25:18)
    at async Module.getScansToday (file:///C:/Users/ludin/Desktop/salidas/scanqueue/backend/src/models/Scan.js:23:15)
    at async Module.getScanStatistics (file:///C:/Users/ludin/Desktop/salidas/scanqueue/backend/src/services/ScanService.js:76:24)
    at async getDashboardStats (file:///C:/Users/ludin/Desktop/salidas/scanqueue/backend/src/controllers/DashboardController.js:12:19)
Path: /api/dashboard/stats

[2026-03-04T12:41:11.745Z] ERROR: 
Stack: AggregateError [ECONNREFUSED]: 
    at C:\Users\ludin\Desktop\salidas\scanqueue\backend\node_modules\pg-pool\index.js:45:11
    at process.processTicksAndRejections (node:internal/process/task_queues:105:5)
    at async query (file:///C:/Users/ludin/Desktop/salidas/scanqueue/backend/src/config/database.js:25:18)
    at async Module.getScansToday (file:///C:/Users/ludin/Desktop/salidas/scanqueue/backend/src/models/Scan.js:23:15)
    at async getTodaySummary (file:///C:/Users/ludin/Desktop/salidas/scanqueue/backend/src/controllers/DashboardController.js:30:24)
Path: /api/dashboard/today

[2026-03-04T12:41:11.847Z] ERROR: 
Stack: AggregateError [ECONNREFUSED]: 
    at C:\Users\ludin\Desktop\salidas\scanqueue\backend\node_modules\pg-pool\index.js:45:11
    at process.processTicksAndRejections (node:internal/process/task_queues:105:5)
    at async query (file:///C:/Users/ludin/Desktop/salidas/scanqueue/backend/src/config/database.js:25:18)
    at async Module.getScansToday (file:///C:/Users/ludin/Desktop/salidas/scanqueue/backend/src/models/Scan.js:23:15)
    at async Module.getScanStatistics (file:///C:/Users/ludin/Desktop/salidas/scanqueue/backend/src/services/ScanService.js:76:24)
    at async getDashboardStats (file:///C:/Users/ludin/Desktop/salidas/scanqueue/backend/src/controllers/DashboardController.js:12:19)
Path: /api/dashboard/stats

[2026-03-04T12:41:11.851Z] ERROR: 
Stack: AggregateError [ECONNREFUSED]: 
    at C:\Users\ludin\Desktop\salidas\scanqueue\backend\node_modules\pg-pool\index.js:45:11
    at process.processTicksAndRejections (node:internal/process/task_queues:105:5)
    at async query (file:///C:/Users/ludin/Desktop/salidas/scanqueue/backend/src/config/database.js:25:18)
    at async Module.getScansToday (file:///C:/Users/ludin/Desktop/salidas/scanqueue/backend/src/models/Scan.js:23:15)
    at async getTodaySummary (file:///C:/Users/ludin/Desktop/salidas/scanqueue/backend/src/controllers/DashboardController.js:30:24)
Path: /api/dashboard/today

[2026-03-04T12:41:11.910Z] ERROR: 
Stack: AggregateError [ECONNREFUSED]: 
    at C:\Users\ludin\Desktop\salidas\scanqueue\backend\node_modules\pg-pool\index.js:45:11
    at process.processTicksAndRejections (node:internal/process/task_queues:105:5)
    at async query (file:///C:/Users/ludin/Desktop/salidas/scanqueue/backend/src/config/database.js:25:18)
    at async Module.getScansToday (file:///C:/Users/ludin/Desktop/salidas/scanqueue/backend/src/models/Scan.js:23:15)
    at async Module.getScanStatistics (file:///C:/Users/ludin/Desktop/salidas/scanqueue/backend/src/services/ScanService.js:76:24)
    at async getDashboardStats (file:///C:/Users/ludin/Desktop/salidas/scanqueue/backend/src/controllers/DashboardController.js:12:19)
Path: /api/dashboard/stats

[2026-03-04T12:41:11.915Z] ERROR: 
Stack: AggregateError [ECONNREFUSED]: 
    at C:\Users\ludin\Desktop\salidas\scanqueue\backend\node_modules\pg-pool\index.js:45:11
    at process.processTicksAndRejections (node:internal/process/task_queues:105:5)
    at async query (file:///C:/Users/ludin/Desktop/salidas/scanqueue/backend/src/config/database.js:25:18)
    at async Module.getScansToday (file:///C:/Users/ludin/Desktop/salidas/scanqueue/backend/src/models/Scan.js:23:15)
    at async getTodaySummary (file:///C:/Users/ludin/Desktop/salidas/scanqueue/backend/src/controllers/DashboardController.js:30:24)
Path: /api/dashboard/today

[2026-03-04T12:41:11.980Z] ERROR: 
Stack: AggregateError [ECONNREFUSED]: 
    at C:\Users\ludin\Desktop\salidas\scanqueue\backend\node_modules\pg-pool\index.js:45:11
    at process.processTicksAndRejections (node:internal/process/task_queues:105:5)
    at async query (file:///C:/Users/ludin/Desktop/salidas/scanqueue/backend/src/config/database.js:25:18)
    at async Module.getScansToday (file:///C:/Users/ludin/Desktop/salidas/scanqueue/backend/src/models/Scan.js:23:15)
    at async Module.getScanStatistics (file:///C:/Users/ludin/Desktop/salidas/scanqueue/backend/src/services/ScanService.js:76:24)
    at async getDashboardStats (file:///C:/Users/ludin/Desktop/salidas/scanqueue/backend/src/controllers/DashboardController.js:12:19)
Path: /api/dashboard/stats

[2026-03-04T12:41:11.985Z] ERROR: 
Stack: AggregateError [ECONNREFUSED]: 
    at C:\Users\ludin\Desktop\salidas\scanqueue\backend\node_modules\pg-pool\index.js:45:11
    at process.processTicksAndRejections (node:internal/process/task_queues:105:5)
    at async query (file:///C:/Users/ludin/Desktop/salidas/scanqueue/backend/src/config/database.js:25:18)
    at async Module.getScansToday (file:///C:/Users/ludin/Desktop/salidas/scanqueue/backend/src/models/Scan.js:23:15)
    at async getTodaySummary (file:///C:/Users/ludin/Desktop/salidas/scanqueue/backend/src/controllers/DashboardController.js:30:24)
Path: /api/dashboard/today

[2026-03-04T12:41:12.080Z] ERROR: 
Stack: AggregateError [ECONNREFUSED]: 
    at C:\Users\ludin\Desktop\salidas\scanqueue\backend\node_modules\pg-pool\index.js:45:11
    at process.processTicksAndRejections (node:internal/process/task_queues:105:5)
    at async query (file:///C:/Users/ludin/Desktop/salidas/scanqueue/backend/src/config/database.js:25:18)
    at async Module.getScansToday (file:///C:/Users/ludin/Desktop/salidas/scanqueue/backend/src/models/Scan.js:23:15)
    at async Module.getScanStatistics (file:///C:/Users/ludin/Desktop/salidas/scanqueue/backend/src/services/ScanService.js:76:24)
    at async getDashboardStats (file:///C:/Users/ludin/Desktop/salidas/scanqueue/backend/src/controllers/DashboardController.js:12:19)
Path: /api/dashboard/stats

[2026-03-04T12:41:12.085Z] ERROR: 
Stack: AggregateError [ECONNREFUSED]: 
    at C:\Users\ludin\Desktop\salidas\scanqueue\backend\node_modules\pg-pool\index.js:45:11
    at process.processTicksAndRejections (node:internal/process/task_queues:105:5)
    at async query (file:///C:/Users/ludin/Desktop/salidas/scanqueue/backend/src/config/database.js:25:18)
    at async Module.getScansToday (file:///C:/Users/ludin/Desktop/salidas/scanqueue/backend/src/models/Scan.js:23:15)
    at async getTodaySummary (file:///C:/Users/ludin/Desktop/salidas/scanqueue/backend/src/controllers/DashboardController.js:30:24)
Path: /api/dashboard/today

[2026-03-04T12:41:12.169Z] ERROR: 
Stack: AggregateError [ECONNREFUSED]: 
    at C:\Users\ludin\Desktop\salidas\scanqueue\backend\node_modules\pg-pool\index.js:45:11
    at process.processTicksAndRejections (node:internal/process/task_queues:105:5)
    at async query (file:///C:/Users/ludin/Desktop/salidas/scanqueue/backend/src/config/database.js:25:18)
    at async Module.getScansToday (file:///C:/Users/ludin/Desktop/salidas/scanqueue/backend/src/models/Scan.js:23:15)
    at async Module.getScanStatistics (file:///C:/Users/ludin/Desktop/salidas/scanqueue/backend/src/services/ScanService.js:76:24)
    at async getDashboardStats (file:///C:/Users/ludin/Desktop/salidas/scanqueue/backend/src/controllers/DashboardController.js:12:19)
Path: /api/dashboard/stats

[2026-03-04T12:41:12.172Z] ERROR: 
Stack: AggregateError [ECONNREFUSED]: 
    at C:\Users\ludin\Desktop\salidas\scanqueue\backend\node_modules\pg-pool\index.js:45:11
    at process.processTicksAndRejections (node:internal/process/task_queues:105:5)
    at async query (file:///C:/Users/ludin/Desktop/salidas/scanqueue/backend/src/config/database.js:25:18)
    at async Module.getScansToday (file:///C:/Users/ludin/Desktop/salidas/scanqueue/backend/src/models/Scan.js:23:15)
    at async getTodaySummary (file:///C:/Users/ludin/Desktop/salidas/scanqueue/backend/src/controllers/DashboardController.js:30:24)
Path: /api/dashboard/today

[2026-03-04T12:41:12.243Z] ERROR: 
Stack: AggregateError [ECONNREFUSED]: 
    at C:\Users\ludin\Desktop\salidas\scanqueue\backend\node_modules\pg-pool\index.js:45:11
    at process.processTicksAndRejections (node:internal/process/task_queues:105:5)
    at async query (file:///C:/Users/ludin/Desktop/salidas/scanqueue/backend/src/config/database.js:25:18)
    at async Module.getScansToday (file:///C:/Users/ludin/Desktop/salidas/scanqueue/backend/src/models/Scan.js:23:15)
    at async Module.getScanStatistics (file:///C:/Users/ludin/Desktop/salidas/scanqueue/backend/src/services/ScanService.js:76:24)
    at async getDashboardStats (file:///C:/Users/ludin/Desktop/salidas/scanqueue/backend/src/controllers/DashboardController.js:12:19)
Path: /api/dashboard/stats

[2026-03-04T12:41:12.247Z] ERROR: 
Stack: AggregateError [ECONNREFUSED]: 
    at C:\Users\ludin\Desktop\salidas\scanqueue\backend\node_modules\pg-pool\index.js:45:11
    at process.processTicksAndRejections (node:internal/process/task_queues:105:5)
    at async query (file:///C:/Users/ludin/Desktop/salidas/scanqueue/backend/src/config/database.js:25:18)
    at async Module.getScansToday (file:///C:/Users/ludin/Desktop/salidas/scanqueue/backend/src/models/Scan.js:23:15)
    at async getTodaySummary (file:///C:/Users/ludin/Desktop/salidas/scanqueue/backend/src/controllers/DashboardController.js:30:24)
Path: /api/dashboard/today

[2026-03-04T12:41:12.324Z] ERROR: 
Stack: AggregateError [ECONNREFUSED]: 
    at C:\Users\ludin\Desktop\salidas\scanqueue\backend\node_modules\pg-pool\index.js:45:11
    at process.processTicksAndRejections (node:internal/process/task_queues:105:5)
    at async query (file:///C:/Users/ludin/Desktop/salidas/scanqueue/backend/src/config/database.js:25:18)
    at async Module.getScansToday (file:///C:/Users/ludin/Desktop/salidas/scanqueue/backend/src/models/Scan.js:23:15)
    at async Module.getScanStatistics (file:///C:/Users/ludin/Desktop/salidas/scanqueue/backend/src/services/ScanService.js:76:24)
    at async getDashboardStats (file:///C:/Users/ludin/Desktop/salidas/scanqueue/backend/src/controllers/DashboardController.js:12:19)
Path: /api/dashboard/stats

[2026-03-04T12:41:12.333Z] ERROR: 
Stack: AggregateError [ECONNREFUSED]: 
    at C:\Users\ludin\Desktop\salidas\scanqueue\backend\node_modules\pg-pool\index.js:45:11
    at process.processTicksAndRejections (node:internal/process/task_queues:105:5)
    at async query (file:///C:/Users/ludin/Desktop/salidas/scanqueue/backend/src/config/database.js:25:18)
    at async Module.getScansToday (file:///C:/Users/ludin/Desktop/salidas/scanqueue/backend/src/models/Scan.js:23:15)
    at async getTodaySummary (file:///C:/Users/ludin/Desktop/salidas/scanqueue/backend/src/controllers/DashboardController.js:30:24)
Path: /api/dashboard/today

[2026-03-04T12:41:12.415Z] ERROR: 
Stack: AggregateError [ECONNREFUSED]: 
    at C:\Users\ludin\Desktop\salidas\scanqueue\backend\node_modules\pg-pool\index.js:45:11
    at process.processTicksAndRejections (node:internal/process/task_queues:105:5)
    at async query (file:///C:/Users/ludin/Desktop/salidas/scanqueue/backend/src/config/database.js:25:18)
    at async Module.getScansToday (file:///C:/Users/ludin/Desktop/salidas/scanqueue/backend/src/models/Scan.js:23:15)
    at async Module.getScanStatistics (file:///C:/Users/ludin/Desktop/salidas/scanqueue/backend/src/services/ScanService.js:76:24)
    at async getDashboardStats (file:///C:/Users/ludin/Desktop/salidas/scanqueue/backend/src/controllers/DashboardController.js:12:19)
Path: /api/dashboard/stats

[2026-03-04T12:41:12.420Z] ERROR: 
Stack: AggregateError [ECONNREFUSED]: 
    at C:\Users\ludin\Desktop\salidas\scanqueue\backend\node_modules\pg-pool\index.js:45:11
    at process.processTicksAndRejections (node:internal/process/task_queues:105:5)
    at async query (file:///C:/Users/ludin/Desktop/salidas/scanqueue/backend/src/config/database.js:25:18)
    at async Module.getScansToday (file:///C:/Users/ludin/Desktop/salidas/scanqueue/backend/src/models/Scan.js:23:15)
    at async getTodaySummary (file:///C:/Users/ludin/Desktop/salidas/scanqueue/backend/src/controllers/DashboardController.js:30:24)
Path: /api/dashboard/today

[2026-03-04T12:41:12.527Z] ERROR: 
Stack: AggregateError [ECONNREFUSED]: 
    at C:\Users\ludin\Desktop\salidas\scanqueue\backend\node_modules\pg-pool\index.js:45:11
    at process.processTicksAndRejections (node:internal/process/task_queues:105:5)
    at async query (file:///C:/Users/ludin/Desktop/salidas/scanqueue/backend/src/config/database.js:25:18)
    at async Module.getScansToday (file:///C:/Users/ludin/Desktop/salidas/scanqueue/backend/src/models/Scan.js:23:15)
    at async Module.getScanStatistics (file:///C:/Users/ludin/Desktop/salidas/scanqueue/backend/src/services/ScanService.js:76:24)
    at async getDashboardStats (file:///C:/Users/ludin/Desktop/salidas/scanqueue/backend/src/controllers/DashboardController.js:12:19)
Path: /api/dashboard/stats

[2026-03-04T12:41:12.531Z] ERROR: 
Stack: AggregateError [ECONNREFUSED]: 
    at C:\Users\ludin\Desktop\salidas\scanqueue\backend\node_modules\pg-pool\index.js:45:11
    at process.processTicksAndRejections (node:internal/process/task_queues:105:5)
    at async query (file:///C:/Users/ludin/Desktop/salidas/scanqueue/backend/src/config/database.js:25:18)
    at async Module.getScansToday (file:///C:/Users/ludin/Desktop/salidas/scanqueue/backend/src/models/Scan.js:23:15)
    at async getTodaySummary (file:///C:/Users/ludin/Desktop/salidas/scanqueue/backend/src/controllers/DashboardController.js:30:24)
Path: /api/dashboard/today

[2026-03-04T12:41:12.624Z] ERROR: 
Stack: AggregateError [ECONNREFUSED]: 
    at C:\Users\ludin\Desktop\salidas\scanqueue\backend\node_modules\pg-pool\index.js:45:11
    at process.processTicksAndRejections (node:internal/process/task_queues:105:5)
    at async query (file:///C:/Users/ludin/Desktop/salidas/scanqueue/backend/src/config/database.js:25:18)
    at async Module.getScansToday (file:///C:/Users/ludin/Desktop/salidas/scanqueue/backend/src/models/Scan.js:23:15)
    at async Module.getScanStatistics (file:///C:/Users/ludin/Desktop/salidas/scanqueue/backend/src/services/ScanService.js:76:24)
    at async getDashboardStats (file:///C:/Users/ludin/Desktop/salidas/scanqueue/backend/src/controllers/DashboardController.js:12:19)
Path: /api/dashboard/stats

[2026-03-04T12:41:12.627Z] ERROR: 
Stack: AggregateError [ECONNREFUSED]: 
    at C:\Users\ludin\Desktop\salidas\scanqueue\backend\node_modules\pg-pool\index.js:45:11
    at process.processTicksAndRejections (node:internal/process/task_queues:105:5)
    at async query (file:///C:/Users/ludin/Desktop/salidas/scanqueue/backend/src/config/database.js:25:18)
    at async Module.getScansToday (file:///C:/Users/ludin/Desktop/salidas/scanqueue/backend/src/models/Scan.js:23:15)
    at async getTodaySummary (file:///C:/Users/ludin/Desktop/salidas/scanqueue/backend/src/controllers/DashboardController.js:30:24)
Path: /api/dashboard/today

[2026-03-04T12:41:12.728Z] ERROR: 
Stack: AggregateError [ECONNREFUSED]: 
    at C:\Users\ludin\Desktop\salidas\scanqueue\backend\node_modules\pg-pool\index.js:45:11
    at process.processTicksAndRejections (node:internal/process/task_queues:105:5)
    at async query (file:///C:/Users/ludin/Desktop/salidas/scanqueue/backend/src/config/database.js:25:18)
    at async Module.getScansToday (file:///C:/Users/ludin/Desktop/salidas/scanqueue/backend/src/models/Scan.js:23:15)
    at async Module.getScanStatistics (file:///C:/Users/ludin/Desktop/salidas/scanqueue/backend/src/services/ScanService.js:76:24)
    at async getDashboardStats (file:///C:/Users/ludin/Desktop/salidas/scanqueue/backend/src/controllers/DashboardController.js:12:19)
Path: /api/dashboard/stats

[2026-03-04T12:41:12.732Z] ERROR: 
Stack: AggregateError [ECONNREFUSED]: 
    at C:\Users\ludin\Desktop\salidas\scanqueue\backend\node_modules\pg-pool\index.js:45:11
    at process.processTicksAndRejections (node:internal/process/task_queues:105:5)
    at async query (file:///C:/Users/ludin/Desktop/salidas/scanqueue/backend/src/config/database.js:25:18)
    at async Module.getScansToday (file:///C:/Users/ludin/Desktop/salidas/scanqueue/backend/src/models/Scan.js:23:15)
    at async getTodaySummary (file:///C:/Users/ludin/Desktop/salidas/scanqueue/backend/src/controllers/DashboardController.js:30:24)
Path: /api/dashboard/today

[2026-03-04T12:41:12.959Z] ERROR: 
Stack: AggregateError [ECONNREFUSED]: 
    at C:\Users\ludin\Desktop\salidas\scanqueue\backend\node_modules\pg-pool\index.js:45:11
    at process.processTicksAndRejections (node:internal/process/task_queues:105:5)
    at async query (file:///C:/Users/ludin/Desktop/salidas/scanqueue/backend/src/config/database.js:25:18)
    at async Module.getScansToday (file:///C:/Users/ludin/Desktop/salidas/scanqueue/backend/src/models/Scan.js:23:15)
    at async Module.getScanStatistics (file:///C:/Users/ludin/Desktop/salidas/scanqueue/backend/src/services/ScanService.js:76:24)
    at async getDashboardStats (file:///C:/Users/ludin/Desktop/salidas/scanqueue/backend/src/controllers/DashboardController.js:12:19)
Path: /api/dashboard/stats

[2026-03-04T12:41:12.964Z] ERROR: 
Stack: AggregateError [ECONNREFUSED]: 
    at C:\Users\ludin\Desktop\salidas\scanqueue\backend\node_modules\pg-pool\index.js:45:11
    at process.processTicksAndRejections (node:internal/process/task_queues:105:5)
    at async query (file:///C:/Users/ludin/Desktop/salidas/scanqueue/backend/src/config/database.js:25:18)
    at async Module.getScansToday (file:///C:/Users/ludin/Desktop/salidas/scanqueue/backend/src/models/Scan.js:23:15)
    at async getTodaySummary (file:///C:/Users/ludin/Desktop/salidas/scanqueue/backend/src/controllers/DashboardController.js:30:24)
Path: /api/dashboard/today

[2026-03-04T12:41:13.043Z] ERROR: 
Stack: AggregateError [ECONNREFUSED]: 
    at C:\Users\ludin\Desktop\salidas\scanqueue\backend\node_modules\pg-pool\index.js:45:11
    at process.processTicksAndRejections (node:internal/process/task_queues:105:5)
    at async query (file:///C:/Users/ludin/Desktop/salidas/scanqueue/backend/src/config/database.js:25:18)
    at async Module.getScansToday (file:///C:/Users/ludin/Desktop/salidas/scanqueue/backend/src/models/Scan.js:23:15)
    at async Module.getScanStatistics (file:///C:/Users/ludin/Desktop/salidas/scanqueue/backend/src/services/ScanService.js:76:24)
    at async getDashboardStats (file:///C:/Users/ludin/Desktop/salidas/scanqueue/backend/src/controllers/DashboardController.js:12:19)
Path: /api/dashboard/stats

[2026-03-04T12:41:13.048Z] ERROR: 
Stack: AggregateError [ECONNREFUSED]: 
    at C:\Users\ludin\Desktop\salidas\scanqueue\backend\node_modules\pg-pool\index.js:45:11
    at process.processTicksAndRejections (node:internal/process/task_queues:105:5)
    at async query (file:///C:/Users/ludin/Desktop/salidas/scanqueue/backend/src/config/database.js:25:18)
    at async Module.getScansToday (file:///C:/Users/ludin/Desktop/salidas/scanqueue/backend/src/models/Scan.js:23:15)
    at async getTodaySummary (file:///C:/Users/ludin/Desktop/salidas/scanqueue/backend/src/controllers/DashboardController.js:30:24)
Path: /api/dashboard/today

[2026-03-04T12:41:13.117Z] ERROR: 
Stack: AggregateError [ECONNREFUSED]: 
    at C:\Users\ludin\Desktop\salidas\scanqueue\backend\node_modules\pg-pool\index.js:45:11
    at process.processTicksAndRejections (node:internal/process/task_queues:105:5)
    at async query (file:///C:/Users/ludin/Desktop/salidas/scanqueue/backend/src/config/database.js:25:18)
    at async Module.getScansToday (file:///C:/Users/ludin/Desktop/salidas/scanqueue/backend/src/models/Scan.js:23:15)
    at async Module.getScanStatistics (file:///C:/Users/ludin/Desktop/salidas/scanqueue/backend/src/services/ScanService.js:76:24)
    at async getDashboardStats (file:///C:/Users/ludin/Desktop/salidas/scanqueue/backend/src/controllers/DashboardController.js:12:19)
Path: /api/dashboard/stats

[2026-03-04T12:41:13.120Z] ERROR: 
Stack: AggregateError [ECONNREFUSED]: 
    at C:\Users\ludin\Desktop\salidas\scanqueue\backend\node_modules\pg-pool\index.js:45:11
    at process.processTicksAndRejections (node:internal/process/task_queues:105:5)
    at async query (file:///C:/Users/ludin/Desktop/salidas/scanqueue/backend/src/config/database.js:25:18)
    at async Module.getScansToday (file:///C:/Users/ludin/Desktop/salidas/scanqueue/backend/src/models/Scan.js:23:15)
    at async getTodaySummary (file:///C:/Users/ludin/Desktop/salidas/scanqueue/backend/src/controllers/DashboardController.js:30:24)
Path: /api/dashboard/today

[2026-03-04T12:41:13.189Z] ERROR: 
Stack: AggregateError [ECONNREFUSED]: 
    at C:\Users\ludin\Desktop\salidas\scanqueue\backend\node_modules\pg-pool\index.js:45:11
    at process.processTicksAndRejections (node:internal/process/task_queues:105:5)
    at async query (file:///C:/Users/ludin/Desktop/salidas/scanqueue/backend/src/config/database.js:25:18)
    at async Module.getScansToday (file:///C:/Users/ludin/Desktop/salidas/scanqueue/backend/src/models/Scan.js:23:15)
    at async Module.getScanStatistics (file:///C:/Users/ludin/Desktop/salidas/scanqueue/backend/src/services/ScanService.js:76:24)
    at async getDashboardStats (file:///C:/Users/ludin/Desktop/salidas/scanqueue/backend/src/controllers/DashboardController.js:12:19)
Path: /api/dashboard/stats

[2026-03-04T12:41:13.193Z] ERROR: 
Stack: AggregateError [ECONNREFUSED]: 
    at C:\Users\ludin\Desktop\salidas\scanqueue\backend\node_modules\pg-pool\index.js:45:11
    at process.processTicksAndRejections (node:internal/process/task_queues:105:5)
    at async query (file:///C:/Users/ludin/Desktop/salidas/scanqueue/backend/src/config/database.js:25:18)
    at async Module.getScansToday (file:///C:/Users/ludin/Desktop/salidas/scanqueue/backend/src/models/Scan.js:23:15)
    at async getTodaySummary (file:///C:/Users/ludin/Desktop/salidas/scanqueue/backend/src/controllers/DashboardController.js:30:24)
Path: /api/dashboard/today

[2026-03-04T12:41:13.272Z] ERROR: 
Stack: AggregateError [ECONNREFUSED]: 
    at C:\Users\ludin\Desktop\salidas\scanqueue\backend\node_modules\pg-pool\index.js:45:11
    at process.processTicksAndRejections (node:internal/process/task_queues:105:5)
    at async query (file:///C:/Users/ludin/Desktop/salidas/scanqueue/backend/src/config/database.js:25:18)
    at async Module.getScansToday (file:///C:/Users/ludin/Desktop/salidas/scanqueue/backend/src/models/Scan.js:23:15)
    at async Module.getScanStatistics (file:///C:/Users/ludin/Desktop/salidas/scanqueue/backend/src/services/ScanService.js:76:24)
    at async getDashboardStats (file:///C:/Users/ludin/Desktop/salidas/scanqueue/backend/src/controllers/DashboardController.js:12:19)
Path: /api/dashboard/stats

[2026-03-04T12:41:13.277Z] ERROR: 
Stack: AggregateError [ECONNREFUSED]: 
    at C:\Users\ludin\Desktop\salidas\scanqueue\backend\node_modules\pg-pool\index.js:45:11
    at process.processTicksAndRejections (node:internal/process/task_queues:105:5)
    at async query (file:///C:/Users/ludin/Desktop/salidas/scanqueue/backend/src/config/database.js:25:18)
    at async Module.getScansToday (file:///C:/Users/ludin/Desktop/salidas/scanqueue/backend/src/models/Scan.js:23:15)
    at async getTodaySummary (file:///C:/Users/ludin/Desktop/salidas/scanqueue/backend/src/controllers/DashboardController.js:30:24)
Path: /api/dashboard/today

[2026-03-04T12:41:13.345Z] ERROR: 
Stack: AggregateError [ECONNREFUSED]: 
    at C:\Users\ludin\Desktop\salidas\scanqueue\backend\node_modules\pg-pool\index.js:45:11
    at process.processTicksAndRejections (node:internal/process/task_queues:105:5)
    at async query (file:///C:/Users/ludin/Desktop/salidas/scanqueue/backend/src/config/database.js:25:18)
    at async Module.getScansToday (file:///C:/Users/ludin/Desktop/salidas/scanqueue/backend/src/models/Scan.js:23:15)
    at async Module.getScanStatistics (file:///C:/Users/ludin/Desktop/salidas/scanqueue/backend/src/services/ScanService.js:76:24)
    at async getDashboardStats (file:///C:/Users/ludin/Desktop/salidas/scanqueue/backend/src/controllers/DashboardController.js:12:19)
Path: /api/dashboard/stats

[2026-03-04T12:41:13.349Z] ERROR: 
Stack: AggregateError [ECONNREFUSED]: 
    at C:\Users\ludin\Desktop\salidas\scanqueue\backend\node_modules\pg-pool\index.js:45:11
    at process.processTicksAndRejections (node:internal/process/task_queues:105:5)
    at async query (file:///C:/Users/ludin/Desktop/salidas/scanqueue/backend/src/config/database.js:25:18)
    at async Module.getScansToday (file:///C:/Users/ludin/Desktop/salidas/scanqueue/backend/src/models/Scan.js:23:15)
    at async getTodaySummary (file:///C:/Users/ludin/Desktop/salidas/scanqueue/backend/src/controllers/DashboardController.js:30:24)
Path: /api/dashboard/today

[2026-03-04T12:41:13.435Z] ERROR: 
Stack: AggregateError [ECONNREFUSED]: 
    at C:\Users\ludin\Desktop\salidas\scanqueue\backend\node_modules\pg-pool\index.js:45:11
    at process.processTicksAndRejections (node:internal/process/task_queues:105:5)
    at async query (file:///C:/Users/ludin/Desktop/salidas/scanqueue/backend/src/config/database.js:25:18)
    at async Module.getScansToday (file:///C:/Users/ludin/Desktop/salidas/scanqueue/backend/src/models/Scan.js:23:15)
    at async Module.getScanStatistics (file:///C:/Users/ludin/Desktop/salidas/scanqueue/backend/src/services/ScanService.js:76:24)
    at async getDashboardStats (file:///C:/Users/ludin/Desktop/salidas/scanqueue/backend/src/controllers/DashboardController.js:12:19)
Path: /api/dashboard/stats

[2026-03-04T12:41:13.439Z] ERROR: 
Stack: AggregateError [ECONNREFUSED]: 
    at C:\Users\ludin\Desktop\salidas\scanqueue\backend\node_modules\pg-pool\index.js:45:11
    at process.processTicksAndRejections (node:internal/process/task_queues:105:5)
    at async query (file:///C:/Users/ludin/Desktop/salidas/scanqueue/backend/src/config/database.js:25:18)
    at async Module.getScansToday (file:///C:/Users/ludin/Desktop/salidas/scanqueue/backend/src/models/Scan.js:23:15)
    at async getTodaySummary (file:///C:/Users/ludin/Desktop/salidas/scanqueue/backend/src/controllers/DashboardController.js:30:24)
Path: /api/dashboard/today

[2026-03-04T12:41:13.545Z] ERROR: 
Stack: AggregateError [ECONNREFUSED]: 
    at C:\Users\ludin\Desktop\salidas\scanqueue\backend\node_modules\pg-pool\index.js:45:11
    at process.processTicksAndRejections (node:internal/process/task_queues:105:5)
    at async query (file:///C:/Users/ludin/Desktop/salidas/scanqueue/backend/src/config/database.js:25:18)
    at async Module.getScansToday (file:///C:/Users/ludin/Desktop/salidas/scanqueue/backend/src/models/Scan.js:23:15)
    at async Module.getScanStatistics (file:///C:/Users/ludin/Desktop/salidas/scanqueue/backend/src/services/ScanService.js:76:24)
    at async getDashboardStats (file:///C:/Users/ludin/Desktop/salidas/scanqueue/backend/src/controllers/DashboardController.js:12:19)
Path: /api/dashboard/stats

[2026-03-04T12:41:13.550Z] ERROR: 
Stack: AggregateError [ECONNREFUSED]: 
    at C:\Users\ludin\Desktop\salidas\scanqueue\backend\node_modules\pg-pool\index.js:45:11
    at process.processTicksAndRejections (node:internal/process/task_queues:105:5)
    at async query (file:///C:/Users/ludin/Desktop/salidas/scanqueue/backend/src/config/database.js:25:18)
    at async Module.getScansToday (file:///C:/Users/ludin/Desktop/salidas/scanqueue/backend/src/models/Scan.js:23:15)
    at async getTodaySummary (file:///C:/Users/ludin/Desktop/salidas/scanqueue/backend/src/controllers/DashboardController.js:30:24)
Path: /api/dashboard/today

[2026-03-04T12:41:13.654Z] ERROR: 
Stack: AggregateError [ECONNREFUSED]: 
    at C:\Users\ludin\Desktop\salidas\scanqueue\backend\node_modules\pg-pool\index.js:45:11
    at process.processTicksAndRejections (node:internal/process/task_queues:105:5)
    at async query (file:///C:/Users/ludin/Desktop/salidas/scanqueue/backend/src/config/database.js:25:18)
    at async Module.getScansToday (file:///C:/Users/ludin/Desktop/salidas/scanqueue/backend/src/models/Scan.js:23:15)
    at async Module.getScanStatistics (file:///C:/Users/ludin/Desktop/salidas/scanqueue/backend/src/services/ScanService.js:76:24)
    at async getDashboardStats (file:///C:/Users/ludin/Desktop/salidas/scanqueue/backend/src/controllers/DashboardController.js:12:19)
Path: /api/dashboard/stats

[2026-03-04T12:41:13.678Z] ERROR: 
Stack: AggregateError [ECONNREFUSED]: 
    at C:\Users\ludin\Desktop\salidas\scanqueue\backend\node_modules\pg-pool\index.js:45:11
    at process.processTicksAndRejections (node:internal/process/task_queues:105:5)
    at async query (file:///C:/Users/ludin/Desktop/salidas/scanqueue/backend/src/config/database.js:25:18)
    at async Module.getScansToday (file:///C:/Users/ludin/Desktop/salidas/scanqueue/backend/src/models/Scan.js:23:15)
    at async getTodaySummary (file:///C:/Users/ludin/Desktop/salidas/scanqueue/backend/src/controllers/DashboardController.js:30:24)
Path: /api/dashboard/today

[2026-03-04T12:41:13.790Z] ERROR: 
Stack: AggregateError [ECONNREFUSED]: 
    at C:\Users\ludin\Desktop\salidas\scanqueue\backend\node_modules\pg-pool\index.js:45:11
    at process.processTicksAndRejections (node:internal/process/task_queues:105:5)
    at async query (file:///C:/Users/ludin/Desktop/salidas/scanqueue/backend/src/config/database.js:25:18)
    at async Module.getScansToday (file:///C:/Users/ludin/Desktop/salidas/scanqueue/backend/src/models/Scan.js:23:15)
    at async Module.getScanStatistics (file:///C:/Users/ludin/Desktop/salidas/scanqueue/backend/src/services/ScanService.js:76:24)
    at async getDashboardStats (file:///C:/Users/ludin/Desktop/salidas/scanqueue/backend/src/controllers/DashboardController.js:12:19)
Path: /api/dashboard/stats

[2026-03-04T12:41:13.794Z] ERROR: 
Stack: AggregateError [ECONNREFUSED]: 
    at C:\Users\ludin\Desktop\salidas\scanqueue\backend\node_modules\pg-pool\index.js:45:11
    at process.processTicksAndRejections (node:internal/process/task_queues:105:5)
    at async query (file:///C:/Users/ludin/Desktop/salidas/scanqueue/backend/src/config/database.js:25:18)
    at async Module.getScansToday (file:///C:/Users/ludin/Desktop/salidas/scanqueue/backend/src/models/Scan.js:23:15)
    at async getTodaySummary (file:///C:/Users/ludin/Desktop/salidas/scanqueue/backend/src/controllers/DashboardController.js:30:24)
Path: /api/dashboard/today

[2026-03-04T12:41:13.908Z] ERROR: 
Stack: AggregateError [ECONNREFUSED]: 
    at C:\Users\ludin\Desktop\salidas\scanqueue\backend\node_modules\pg-pool\index.js:45:11
    at process.processTicksAndRejections (node:internal/process/task_queues:105:5)
    at async query (file:///C:/Users/ludin/Desktop/salidas/scanqueue/backend/src/config/database.js:25:18)
    at async Module.getScansToday (file:///C:/Users/ludin/Desktop/salidas/scanqueue/backend/src/models/Scan.js:23:15)
    at async Module.getScanStatistics (file:///C:/Users/ludin/Desktop/salidas/scanqueue/backend/src/services/ScanService.js:76:24)
    at async getDashboardStats (file:///C:/Users/ludin/Desktop/salidas/scanqueue/backend/src/controllers/DashboardController.js:12:19)
Path: /api/dashboard/stats

[2026-03-04T12:41:13.914Z] ERROR: 
Stack: AggregateError [ECONNREFUSED]: 
    at C:\Users\ludin\Desktop\salidas\scanqueue\backend\node_modules\pg-pool\index.js:45:11
    at process.processTicksAndRejections (node:internal/process/task_queues:105:5)
    at async query (file:///C:/Users/ludin/Desktop/salidas/scanqueue/backend/src/config/database.js:25:18)
    at async Module.getScansToday (file:///C:/Users/ludin/Desktop/salidas/scanqueue/backend/src/models/Scan.js:23:15)
    at async getTodaySummary (file:///C:/Users/ludin/Desktop/salidas/scanqueue/backend/src/controllers/DashboardController.js:30:24)
Path: /api/dashboard/today

[2026-03-04T12:41:14.011Z] ERROR: 
Stack: AggregateError [ECONNREFUSED]: 
    at C:\Users\ludin\Desktop\salidas\scanqueue\backend\node_modules\pg-pool\index.js:45:11
    at process.processTicksAndRejections (node:internal/process/task_queues:105:5)
    at async query (file:///C:/Users/ludin/Desktop/salidas/scanqueue/backend/src/config/database.js:25:18)
    at async Module.getScansToday (file:///C:/Users/ludin/Desktop/salidas/scanqueue/backend/src/models/Scan.js:23:15)
    at async Module.getScanStatistics (file:///C:/Users/ludin/Desktop/salidas/scanqueue/backend/src/services/ScanService.js:76:24)
    at async getDashboardStats (file:///C:/Users/ludin/Desktop/salidas/scanqueue/backend/src/controllers/DashboardController.js:12:19)
Path: /api/dashboard/stats

[2026-03-04T12:41:14.019Z] ERROR: 
Stack: AggregateError [ECONNREFUSED]: 
    at C:\Users\ludin\Desktop\salidas\scanqueue\backend\node_modules\pg-pool\index.js:45:11
    at process.processTicksAndRejections (node:internal/process/task_queues:105:5)
    at async query (file:///C:/Users/ludin/Desktop/salidas/scanqueue/backend/src/config/database.js:25:18)
    at async Module.getScansToday (file:///C:/Users/ludin/Desktop/salidas/scanqueue/backend/src/models/Scan.js:23:15)
    at async getTodaySummary (file:///C:/Users/ludin/Desktop/salidas/scanqueue/backend/src/controllers/DashboardController.js:30:24)
Path: /api/dashboard/today

[2026-03-04T12:41:14.104Z] ERROR: 
Stack: AggregateError [ECONNREFUSED]: 
    at C:\Users\ludin\Desktop\salidas\scanqueue\backend\node_modules\pg-pool\index.js:45:11
    at process.processTicksAndRejections (node:internal/process/task_queues:105:5)
    at async query (file:///C:/Users/ludin/Desktop/salidas/scanqueue/backend/src/config/database.js:25:18)
    at async Module.getScansToday (file:///C:/Users/ludin/Desktop/salidas/scanqueue/backend/src/models/Scan.js:23:15)
    at async Module.getScanStatistics (file:///C:/Users/ludin/Desktop/salidas/scanqueue/backend/src/services/ScanService.js:76:24)
    at async getDashboardStats (file:///C:/Users/ludin/Desktop/salidas/scanqueue/backend/src/controllers/DashboardController.js:12:19)
Path: /api/dashboard/stats

[2026-03-04T12:41:14.107Z] ERROR: 
Stack: AggregateError [ECONNREFUSED]: 
    at C:\Users\ludin\Desktop\salidas\scanqueue\backend\node_modules\pg-pool\index.js:45:11
    at process.processTicksAndRejections (node:internal/process/task_queues:105:5)
    at async query (file:///C:/Users/ludin/Desktop/salidas/scanqueue/backend/src/config/database.js:25:18)
    at async Module.getScansToday (file:///C:/Users/ludin/Desktop/salidas/scanqueue/backend/src/models/Scan.js:23:15)
    at async getTodaySummary (file:///C:/Users/ludin/Desktop/salidas/scanqueue/backend/src/controllers/DashboardController.js:30:24)
Path: /api/dashboard/today

[2026-03-04T12:41:14.184Z] ERROR: 
Stack: AggregateError [ECONNREFUSED]: 
    at C:\Users\ludin\Desktop\salidas\scanqueue\backend\node_modules\pg-pool\index.js:45:11
    at process.processTicksAndRejections (node:internal/process/task_queues:105:5)
    at async query (file:///C:/Users/ludin/Desktop/salidas/scanqueue/backend/src/config/database.js:25:18)
    at async Module.getScansToday (file:///C:/Users/ludin/Desktop/salidas/scanqueue/backend/src/models/Scan.js:23:15)
    at async Module.getScanStatistics (file:///C:/Users/ludin/Desktop/salidas/scanqueue/backend/src/services/ScanService.js:76:24)
    at async getDashboardStats (file:///C:/Users/ludin/Desktop/salidas/scanqueue/backend/src/controllers/DashboardController.js:12:19)
Path: /api/dashboard/stats

[2026-03-04T12:41:14.189Z] ERROR: 
Stack: AggregateError [ECONNREFUSED]: 
    at C:\Users\ludin\Desktop\salidas\scanqueue\backend\node_modules\pg-pool\index.js:45:11
    at process.processTicksAndRejections (node:internal/process/task_queues:105:5)
    at async query (file:///C:/Users/ludin/Desktop/salidas/scanqueue/backend/src/config/database.js:25:18)
    at async Module.getScansToday (file:///C:/Users/ludin/Desktop/salidas/scanqueue/backend/src/models/Scan.js:23:15)
    at async getTodaySummary (file:///C:/Users/ludin/Desktop/salidas/scanqueue/backend/src/controllers/DashboardController.js:30:24)
Path: /api/dashboard/today

[2026-03-04T12:41:14.410Z] ERROR: 
Stack: AggregateError [ECONNREFUSED]: 
    at C:\Users\ludin\Desktop\salidas\scanqueue\backend\node_modules\pg-pool\index.js:45:11
    at process.processTicksAndRejections (node:internal/process/task_queues:105:5)
    at async query (file:///C:/Users/ludin/Desktop/salidas/scanqueue/backend/src/config/database.js:25:18)
    at async Module.getScansToday (file:///C:/Users/ludin/Desktop/salidas/scanqueue/backend/src/models/Scan.js:23:15)
    at async Module.getScanStatistics (file:///C:/Users/ludin/Desktop/salidas/scanqueue/backend/src/services/ScanService.js:76:24)
    at async getDashboardStats (file:///C:/Users/ludin/Desktop/salidas/scanqueue/backend/src/controllers/DashboardController.js:12:19)
Path: /api/dashboard/stats

[2026-03-04T12:41:14.414Z] ERROR: 
Stack: AggregateError [ECONNREFUSED]: 
    at C:\Users\ludin\Desktop\salidas\scanqueue\backend\node_modules\pg-pool\index.js:45:11
    at process.processTicksAndRejections (node:internal/process/task_queues:105:5)
    at async query (file:///C:/Users/ludin/Desktop/salidas/scanqueue/backend/src/config/database.js:25:18)
    at async Module.getScansToday (file:///C:/Users/ludin/Desktop/salidas/scanqueue/backend/src/models/Scan.js:23:15)
    at async getTodaySummary (file:///C:/Users/ludin/Desktop/salidas/scanqueue/backend/src/controllers/DashboardController.js:30:24)
Path: /api/dashboard/today

[2026-03-04T12:41:14.553Z] ERROR: 
Stack: AggregateError [ECONNREFUSED]: 
    at C:\Users\ludin\Desktop\salidas\scanqueue\backend\node_modules\pg-pool\index.js:45:11
    at process.processTicksAndRejections (node:internal/process/task_queues:105:5)
    at async query (file:///C:/Users/ludin/Desktop/salidas/scanqueue/backend/src/config/database.js:25:18)
    at async Module.getScansToday (file:///C:/Users/ludin/Desktop/salidas/scanqueue/backend/src/models/Scan.js:23:15)
    at async Module.getScanStatistics (file:///C:/Users/ludin/Desktop/salidas/scanqueue/backend/src/services/ScanService.js:76:24)
    at async getDashboardStats (file:///C:/Users/ludin/Desktop/salidas/scanqueue/backend/src/controllers/DashboardController.js:12:19)
Path: /api/dashboard/stats

[2026-03-04T12:41:14.561Z] ERROR: 
Stack: AggregateError [ECONNREFUSED]: 
    at C:\Users\ludin\Desktop\salidas\scanqueue\backend\node_modules\pg-pool\index.js:45:11
    at process.processTicksAndRejections (node:internal/process/task_queues:105:5)
    at async query (file:///C:/Users/ludin/Desktop/salidas/scanqueue/backend/src/config/database.js:25:18)
    at async Module.getScansToday (file:///C:/Users/ludin/Desktop/salidas/scanqueue/backend/src/models/Scan.js:23:15)
    at async getTodaySummary (file:///C:/Users/ludin/Desktop/salidas/scanqueue/backend/src/controllers/DashboardController.js:30:24)
Path: /api/dashboard/today

[2026-03-04T12:41:14.658Z] ERROR: 
Stack: AggregateError [ECONNREFUSED]: 
    at C:\Users\ludin\Desktop\salidas\scanqueue\backend\node_modules\pg-pool\index.js:45:11
    at process.processTicksAndRejections (node:internal/process/task_queues:105:5)
    at async query (file:///C:/Users/ludin/Desktop/salidas/scanqueue/backend/src/config/database.js:25:18)
    at async Module.getScansToday (file:///C:/Users/ludin/Desktop/salidas/scanqueue/backend/src/models/Scan.js:23:15)
    at async Module.getScanStatistics (file:///C:/Users/ludin/Desktop/salidas/scanqueue/backend/src/services/ScanService.js:76:24)
    at async getDashboardStats (file:///C:/Users/ludin/Desktop/salidas/scanqueue/backend/src/controllers/DashboardController.js:12:19)
Path: /api/dashboard/stats

[2026-03-04T12:41:14.664Z] ERROR: 
Stack: AggregateError [ECONNREFUSED]: 
    at C:\Users\ludin\Desktop\salidas\scanqueue\backend\node_modules\pg-pool\index.js:45:11
    at process.processTicksAndRejections (node:internal/process/task_queues:105:5)
    at async query (file:///C:/Users/ludin/Desktop/salidas/scanqueue/backend/src/config/database.js:25:18)
    at async Module.getScansToday (file:///C:/Users/ludin/Desktop/salidas/scanqueue/backend/src/models/Scan.js:23:15)
    at async getTodaySummary (file:///C:/Users/ludin/Desktop/salidas/scanqueue/backend/src/controllers/DashboardController.js:30:24)
Path: /api/dashboard/today

[2026-03-04T12:41:14.754Z] ERROR: 
Stack: AggregateError [ECONNREFUSED]: 
    at C:\Users\ludin\Desktop\salidas\scanqueue\backend\node_modules\pg-pool\index.js:45:11
    at process.processTicksAndRejections (node:internal/process/task_queues:105:5)
    at async query (file:///C:/Users/ludin/Desktop/salidas/scanqueue/backend/src/config/database.js:25:18)
    at async Module.getScansToday (file:///C:/Users/ludin/Desktop/salidas/scanqueue/backend/src/models/Scan.js:23:15)
    at async Module.getScanStatistics (file:///C:/Users/ludin/Desktop/salidas/scanqueue/backend/src/services/ScanService.js:76:24)
    at async getDashboardStats (file:///C:/Users/ludin/Desktop/salidas/scanqueue/backend/src/controllers/DashboardController.js:12:19)
Path: /api/dashboard/stats

[2026-03-04T12:41:14.758Z] ERROR: 
Stack: AggregateError [ECONNREFUSED]: 
    at C:\Users\ludin\Desktop\salidas\scanqueue\backend\node_modules\pg-pool\index.js:45:11
    at process.processTicksAndRejections (node:internal/process/task_queues:105:5)
    at async query (file:///C:/Users/ludin/Desktop/salidas/scanqueue/backend/src/config/database.js:25:18)
    at async Module.getScansToday (file:///C:/Users/ludin/Desktop/salidas/scanqueue/backend/src/models/Scan.js:23:15)
    at async getTodaySummary (file:///C:/Users/ludin/Desktop/salidas/scanqueue/backend/src/controllers/DashboardController.js:30:24)
Path: /api/dashboard/today

[2026-03-04T12:41:14.840Z] ERROR: 
Stack: AggregateError [ECONNREFUSED]: 
    at C:\Users\ludin\Desktop\salidas\scanqueue\backend\node_modules\pg-pool\index.js:45:11
    at process.processTicksAndRejections (node:internal/process/task_queues:105:5)
    at async query (file:///C:/Users/ludin/Desktop/salidas/scanqueue/backend/src/config/database.js:25:18)
    at async Module.getScansToday (file:///C:/Users/ludin/Desktop/salidas/scanqueue/backend/src/models/Scan.js:23:15)
    at async Module.getScanStatistics (file:///C:/Users/ludin/Desktop/salidas/scanqueue/backend/src/services/ScanService.js:76:24)
    at async getDashboardStats (file:///C:/Users/ludin/Desktop/salidas/scanqueue/backend/src/controllers/DashboardController.js:12:19)
Path: /api/dashboard/stats

[2026-03-04T12:41:14.846Z] ERROR: 
Stack: AggregateError [ECONNREFUSED]: 
    at C:\Users\ludin\Desktop\salidas\scanqueue\backend\node_modules\pg-pool\index.js:45:11
    at process.processTicksAndRejections (node:internal/process/task_queues:105:5)
    at async query (file:///C:/Users/ludin/Desktop/salidas/scanqueue/backend/src/config/database.js:25:18)
    at async Module.getScansToday (file:///C:/Users/ludin/Desktop/salidas/scanqueue/backend/src/models/Scan.js:23:15)
    at async getTodaySummary (file:///C:/Users/ludin/Desktop/salidas/scanqueue/backend/src/controllers/DashboardController.js:30:24)
Path: /api/dashboard/today

[2026-03-04T12:41:14.934Z] ERROR: 
Stack: AggregateError [ECONNREFUSED]: 
    at C:\Users\ludin\Desktop\salidas\scanqueue\backend\node_modules\pg-pool\index.js:45:11
    at process.processTicksAndRejections (node:internal/process/task_queues:105:5)
    at async query (file:///C:/Users/ludin/Desktop/salidas/scanqueue/backend/src/config/database.js:25:18)
    at async Module.getScansToday (file:///C:/Users/ludin/Desktop/salidas/scanqueue/backend/src/models/Scan.js:23:15)
    at async Module.getScanStatistics (file:///C:/Users/ludin/Desktop/salidas/scanqueue/backend/src/services/ScanService.js:76:24)
    at async getDashboardStats (file:///C:/Users/ludin/Desktop/salidas/scanqueue/backend/src/controllers/DashboardController.js:12:19)
Path: /api/dashboard/stats

[2026-03-04T12:41:14.938Z] ERROR: 
Stack: AggregateError [ECONNREFUSED]: 
    at C:\Users\ludin\Desktop\salidas\scanqueue\backend\node_modules\pg-pool\index.js:45:11
    at process.processTicksAndRejections (node:internal/process/task_queues:105:5)
    at async query (file:///C:/Users/ludin/Desktop/salidas/scanqueue/backend/src/config/database.js:25:18)
    at async Module.getScansToday (file:///C:/Users/ludin/Desktop/salidas/scanqueue/backend/src/models/Scan.js:23:15)
    at async getTodaySummary (file:///C:/Users/ludin/Desktop/salidas/scanqueue/backend/src/controllers/DashboardController.js:30:24)
Path: /api/dashboard/today

[2026-03-04T12:41:15.008Z] ERROR: 
Stack: AggregateError [ECONNREFUSED]: 
    at C:\Users\ludin\Desktop\salidas\scanqueue\backend\node_modules\pg-pool\index.js:45:11
    at process.processTicksAndRejections (node:internal/process/task_queues:105:5)
    at async query (file:///C:/Users/ludin/Desktop/salidas/scanqueue/backend/src/config/database.js:25:18)
    at async Module.getScansToday (file:///C:/Users/ludin/Desktop/salidas/scanqueue/backend/src/models/Scan.js:23:15)
    at async Module.getScanStatistics (file:///C:/Users/ludin/Desktop/salidas/scanqueue/backend/src/services/ScanService.js:76:24)
    at async getDashboardStats (file:///C:/Users/ludin/Desktop/salidas/scanqueue/backend/src/controllers/DashboardController.js:12:19)
Path: /api/dashboard/stats

[2026-03-04T12:41:15.012Z] ERROR: 
Stack: AggregateError [ECONNREFUSED]: 
    at C:\Users\ludin\Desktop\salidas\scanqueue\backend\node_modules\pg-pool\index.js:45:11
    at process.processTicksAndRejections (node:internal/process/task_queues:105:5)
    at async query (file:///C:/Users/ludin/Desktop/salidas/scanqueue/backend/src/config/database.js:25:18)
    at async Module.getScansToday (file:///C:/Users/ludin/Desktop/salidas/scanqueue/backend/src/models/Scan.js:23:15)
    at async getTodaySummary (file:///C:/Users/ludin/Desktop/salidas/scanqueue/backend/src/controllers/DashboardController.js:30:24)
Path: /api/dashboard/today

[2026-03-04T12:41:15.089Z] ERROR: 
Stack: AggregateError [ECONNREFUSED]: 
    at C:\Users\ludin\Desktop\salidas\scanqueue\backend\node_modules\pg-pool\index.js:45:11
    at process.processTicksAndRejections (node:internal/process/task_queues:105:5)
    at async query (file:///C:/Users/ludin/Desktop/salidas/scanqueue/backend/src/config/database.js:25:18)
    at async Module.getScansToday (file:///C:/Users/ludin/Desktop/salidas/scanqueue/backend/src/models/Scan.js:23:15)
    at async Module.getScanStatistics (file:///C:/Users/ludin/Desktop/salidas/scanqueue/backend/src/services/ScanService.js:76:24)
    at async getDashboardStats (file:///C:/Users/ludin/Desktop/salidas/scanqueue/backend/src/controllers/DashboardController.js:12:19)
Path: /api/dashboard/stats

[2026-03-04T12:41:15.095Z] ERROR: 
Stack: AggregateError [ECONNREFUSED]: 
    at C:\Users\ludin\Desktop\salidas\scanqueue\backend\node_modules\pg-pool\index.js:45:11
    at process.processTicksAndRejections (node:internal/process/task_queues:105:5)
    at async query (file:///C:/Users/ludin/Desktop/salidas/scanqueue/backend/src/config/database.js:25:18)
    at async Module.getScansToday (file:///C:/Users/ludin/Desktop/salidas/scanqueue/backend/src/models/Scan.js:23:15)
    at async getTodaySummary (file:///C:/Users/ludin/Desktop/salidas/scanqueue/backend/src/controllers/DashboardController.js:30:24)
Path: /api/dashboard/today

[2026-03-04T12:41:15.189Z] ERROR: 
Stack: AggregateError [ECONNREFUSED]: 
    at C:\Users\ludin\Desktop\salidas\scanqueue\backend\node_modules\pg-pool\index.js:45:11
    at process.processTicksAndRejections (node:internal/process/task_queues:105:5)
    at async query (file:///C:/Users/ludin/Desktop/salidas/scanqueue/backend/src/config/database.js:25:18)
    at async Module.getScansToday (file:///C:/Users/ludin/Desktop/salidas/scanqueue/backend/src/models/Scan.js:23:15)
    at async Module.getScanStatistics (file:///C:/Users/ludin/Desktop/salidas/scanqueue/backend/src/services/ScanService.js:76:24)
    at async getDashboardStats (file:///C:/Users/ludin/Desktop/salidas/scanqueue/backend/src/controllers/DashboardController.js:12:19)
Path: /api/dashboard/stats

[2026-03-04T12:41:15.198Z] ERROR: 
Stack: AggregateError [ECONNREFUSED]: 
    at C:\Users\ludin\Desktop\salidas\scanqueue\backend\node_modules\pg-pool\index.js:45:11
    at process.processTicksAndRejections (node:internal/process/task_queues:105:5)
    at async query (file:///C:/Users/ludin/Desktop/salidas/scanqueue/backend/src/config/database.js:25:18)
    at async Module.getScansToday (file:///C:/Users/ludin/Desktop/salidas/scanqueue/backend/src/models/Scan.js:23:15)
    at async getTodaySummary (file:///C:/Users/ludin/Desktop/salidas/scanqueue/backend/src/controllers/DashboardController.js:30:24)
Path: /api/dashboard/today

[2026-03-04T12:41:15.295Z] ERROR: 
Stack: AggregateError [ECONNREFUSED]: 
    at C:\Users\ludin\Desktop\salidas\scanqueue\backend\node_modules\pg-pool\index.js:45:11
    at process.processTicksAndRejections (node:internal/process/task_queues:105:5)
    at async query (file:///C:/Users/ludin/Desktop/salidas/scanqueue/backend/src/config/database.js:25:18)
    at async Module.getScansToday (file:///C:/Users/ludin/Desktop/salidas/scanqueue/backend/src/models/Scan.js:23:15)
    at async Module.getScanStatistics (file:///C:/Users/ludin/Desktop/salidas/scanqueue/backend/src/services/ScanService.js:76:24)
    at async getDashboardStats (file:///C:/Users/ludin/Desktop/salidas/scanqueue/backend/src/controllers/DashboardController.js:12:19)
Path: /api/dashboard/stats

[2026-03-04T12:41:15.309Z] ERROR: 
Stack: AggregateError [ECONNREFUSED]: 
    at C:\Users\ludin\Desktop\salidas\scanqueue\backend\node_modules\pg-pool\index.js:45:11
    at process.processTicksAndRejections (node:internal/process/task_queues:105:5)
    at async query (file:///C:/Users/ludin/Desktop/salidas/scanqueue/backend/src/config/database.js:25:18)
    at async Module.getScansToday (file:///C:/Users/ludin/Desktop/salidas/scanqueue/backend/src/models/Scan.js:23:15)
    at async getTodaySummary (file:///C:/Users/ludin/Desktop/salidas/scanqueue/backend/src/controllers/DashboardController.js:30:24)
Path: /api/dashboard/today

[2026-03-04T12:41:15.422Z] ERROR: 
Stack: AggregateError [ECONNREFUSED]: 
    at C:\Users\ludin\Desktop\salidas\scanqueue\backend\node_modules\pg-pool\index.js:45:11
    at process.processTicksAndRejections (node:internal/process/task_queues:105:5)
    at async query (file:///C:/Users/ludin/Desktop/salidas/scanqueue/backend/src/config/database.js:25:18)
    at async Module.getScansToday (file:///C:/Users/ludin/Desktop/salidas/scanqueue/backend/src/models/Scan.js:23:15)
    at async Module.getScanStatistics (file:///C:/Users/ludin/Desktop/salidas/scanqueue/backend/src/services/ScanService.js:76:24)
    at async getDashboardStats (file:///C:/Users/ludin/Desktop/salidas/scanqueue/backend/src/controllers/DashboardController.js:12:19)
Path: /api/dashboard/stats

[2026-03-04T12:41:15.428Z] ERROR: 
Stack: AggregateError [ECONNREFUSED]: 
    at C:\Users\ludin\Desktop\salidas\scanqueue\backend\node_modules\pg-pool\index.js:45:11
    at process.processTicksAndRejections (node:internal/process/task_queues:105:5)
    at async query (file:///C:/Users/ludin/Desktop/salidas/scanqueue/backend/src/config/database.js:25:18)
    at async Module.getScansToday (file:///C:/Users/ludin/Desktop/salidas/scanqueue/backend/src/models/Scan.js:23:15)
    at async getTodaySummary (file:///C:/Users/ludin/Desktop/salidas/scanqueue/backend/src/controllers/DashboardController.js:30:24)
Path: /api/dashboard/today

[2026-03-04T12:41:15.547Z] ERROR: 
Stack: AggregateError [ECONNREFUSED]: 
    at C:\Users\ludin\Desktop\salidas\scanqueue\backend\node_modules\pg-pool\index.js:45:11
    at process.processTicksAndRejections (node:internal/process/task_queues:105:5)
    at async query (file:///C:/Users/ludin/Desktop/salidas/scanqueue/backend/src/config/database.js:25:18)
    at async Module.getScansToday (file:///C:/Users/ludin/Desktop/salidas/scanqueue/backend/src/models/Scan.js:23:15)
    at async Module.getScanStatistics (file:///C:/Users/ludin/Desktop/salidas/scanqueue/backend/src/services/ScanService.js:76:24)
    at async getDashboardStats (file:///C:/Users/ludin/Desktop/salidas/scanqueue/backend/src/controllers/DashboardController.js:12:19)
Path: /api/dashboard/stats

[2026-03-04T12:41:15.568Z] ERROR: 
Stack: AggregateError [ECONNREFUSED]: 
    at C:\Users\ludin\Desktop\salidas\scanqueue\backend\node_modules\pg-pool\index.js:45:11
    at process.processTicksAndRejections (node:internal/process/task_queues:105:5)
    at async query (file:///C:/Users/ludin/Desktop/salidas/scanqueue/backend/src/config/database.js:25:18)
    at async Module.getScansToday (file:///C:/Users/ludin/Desktop/salidas/scanqueue/backend/src/models/Scan.js:23:15)
    at async getTodaySummary (file:///C:/Users/ludin/Desktop/salidas/scanqueue/backend/src/controllers/DashboardController.js:30:24)
Path: /api/dashboard/today

[2026-03-04T12:41:15.660Z] ERROR: 
Stack: AggregateError [ECONNREFUSED]: 
    at C:\Users\ludin\Desktop\salidas\scanqueue\backend\node_modules\pg-pool\index.js:45:11
    at process.processTicksAndRejections (node:internal/process/task_queues:105:5)
    at async query (file:///C:/Users/ludin/Desktop/salidas/scanqueue/backend/src/config/database.js:25:18)
    at async Module.getScansToday (file:///C:/Users/ludin/Desktop/salidas/scanqueue/backend/src/models/Scan.js:23:15)
    at async Module.getScanStatistics (file:///C:/Users/ludin/Desktop/salidas/scanqueue/backend/src/services/ScanService.js:76:24)
    at async getDashboardStats (file:///C:/Users/ludin/Desktop/salidas/scanqueue/backend/src/controllers/DashboardController.js:12:19)
Path: /api/dashboard/stats

[2026-03-04T12:41:15.666Z] ERROR: 
Stack: AggregateError [ECONNREFUSED]: 
    at C:\Users\ludin\Desktop\salidas\scanqueue\backend\node_modules\pg-pool\index.js:45:11
    at process.processTicksAndRejections (node:internal/process/task_queues:105:5)
    at async query (file:///C:/Users/ludin/Desktop/salidas/scanqueue/backend/src/config/database.js:25:18)
    at async Module.getScansToday (file:///C:/Users/ludin/Desktop/salidas/scanqueue/backend/src/models/Scan.js:23:15)
    at async getTodaySummary (file:///C:/Users/ludin/Desktop/salidas/scanqueue/backend/src/controllers/DashboardController.js:30:24)
Path: /api/dashboard/today

[2026-03-04T12:41:15.741Z] ERROR: 
Stack: AggregateError [ECONNREFUSED]: 
    at C:\Users\ludin\Desktop\salidas\scanqueue\backend\node_modules\pg-pool\index.js:45:11
    at process.processTicksAndRejections (node:internal/process/task_queues:105:5)
    at async query (file:///C:/Users/ludin/Desktop/salidas/scanqueue/backend/src/config/database.js:25:18)
    at async Module.getScansToday (file:///C:/Users/ludin/Desktop/salidas/scanqueue/backend/src/models/Scan.js:23:15)
    at async Module.getScanStatistics (file:///C:/Users/ludin/Desktop/salidas/scanqueue/backend/src/services/ScanService.js:76:24)
    at async getDashboardStats (file:///C:/Users/ludin/Desktop/salidas/scanqueue/backend/src/controllers/DashboardController.js:12:19)
Path: /api/dashboard/stats

[2026-03-04T12:41:15.757Z] ERROR: 
Stack: AggregateError [ECONNREFUSED]: 
    at C:\Users\ludin\Desktop\salidas\scanqueue\backend\node_modules\pg-pool\index.js:45:11
    at process.processTicksAndRejections (node:internal/process/task_queues:105:5)
    at async query (file:///C:/Users/ludin/Desktop/salidas/scanqueue/backend/src/config/database.js:25:18)
    at async Module.getScansToday (file:///C:/Users/ludin/Desktop/salidas/scanqueue/backend/src/models/Scan.js:23:15)
    at async getTodaySummary (file:///C:/Users/ludin/Desktop/salidas/scanqueue/backend/src/controllers/DashboardController.js:30:24)
Path: /api/dashboard/today

[2026-03-04T12:41:15.869Z] ERROR: 
Stack: AggregateError [ECONNREFUSED]: 
    at C:\Users\ludin\Desktop\salidas\scanqueue\backend\node_modules\pg-pool\index.js:45:11
    at process.processTicksAndRejections (node:internal/process/task_queues:105:5)
    at async query (file:///C:/Users/ludin/Desktop/salidas/scanqueue/backend/src/config/database.js:25:18)
    at async Module.getScansToday (file:///C:/Users/ludin/Desktop/salidas/scanqueue/backend/src/models/Scan.js:23:15)
    at async Module.getScanStatistics (file:///C:/Users/ludin/Desktop/salidas/scanqueue/backend/src/services/ScanService.js:76:24)
    at async getDashboardStats (file:///C:/Users/ludin/Desktop/salidas/scanqueue/backend/src/controllers/DashboardController.js:12:19)
Path: /api/dashboard/stats

[2026-03-04T12:41:15.879Z] ERROR: 
Stack: AggregateError [ECONNREFUSED]: 
    at C:\Users\ludin\Desktop\salidas\scanqueue\backend\node_modules\pg-pool\index.js:45:11
    at process.processTicksAndRejections (node:internal/process/task_queues:105:5)
    at async query (file:///C:/Users/ludin/Desktop/salidas/scanqueue/backend/src/config/database.js:25:18)
    at async Module.getScansToday (file:///C:/Users/ludin/Desktop/salidas/scanqueue/backend/src/models/Scan.js:23:15)
    at async getTodaySummary (file:///C:/Users/ludin/Desktop/salidas/scanqueue/backend/src/controllers/DashboardController.js:30:24)
Path: /api/dashboard/today

[2026-03-04T12:41:16.160Z] ERROR: 
Stack: AggregateError [ECONNREFUSED]: 
    at C:\Users\ludin\Desktop\salidas\scanqueue\backend\node_modules\pg-pool\index.js:45:11
    at process.processTicksAndRejections (node:internal/process/task_queues:105:5)
    at async query (file:///C:/Users/ludin/Desktop/salidas/scanqueue/backend/src/config/database.js:25:18)
    at async Module.getScansToday (file:///C:/Users/ludin/Desktop/salidas/scanqueue/backend/src/models/Scan.js:23:15)
    at async Module.getScanStatistics (file:///C:/Users/ludin/Desktop/salidas/scanqueue/backend/src/services/ScanService.js:76:24)
    at async getDashboardStats (file:///C:/Users/ludin/Desktop/salidas/scanqueue/backend/src/controllers/DashboardController.js:12:19)
Path: /api/dashboard/stats

[2026-03-04T12:41:16.171Z] ERROR: 
Stack: AggregateError [ECONNREFUSED]: 
    at C:\Users\ludin\Desktop\salidas\scanqueue\backend\node_modules\pg-pool\index.js:45:11
    at process.processTicksAndRejections (node:internal/process/task_queues:105:5)
    at async query (file:///C:/Users/ludin/Desktop/salidas/scanqueue/backend/src/config/database.js:25:18)
    at async Module.getScansToday (file:///C:/Users/ludin/Desktop/salidas/scanqueue/backend/src/models/Scan.js:23:15)
    at async getTodaySummary (file:///C:/Users/ludin/Desktop/salidas/scanqueue/backend/src/controllers/DashboardController.js:30:24)
Path: /api/dashboard/today

[2026-03-04T12:41:16.266Z] ERROR: 
Stack: AggregateError [ECONNREFUSED]: 
    at C:\Users\ludin\Desktop\salidas\scanqueue\backend\node_modules\pg-pool\index.js:45:11
    at process.processTicksAndRejections (node:internal/process/task_queues:105:5)
    at async query (file:///C:/Users/ludin/Desktop/salidas/scanqueue/backend/src/config/database.js:25:18)
    at async Module.getScansToday (file:///C:/Users/ludin/Desktop/salidas/scanqueue/backend/src/models/Scan.js:23:15)
    at async Module.getScanStatistics (file:///C:/Users/ludin/Desktop/salidas/scanqueue/backend/src/services/ScanService.js:76:24)
    at async getDashboardStats (file:///C:/Users/ludin/Desktop/salidas/scanqueue/backend/src/controllers/DashboardController.js:12:19)
Path: /api/dashboard/stats

[2026-03-04T12:41:16.284Z] ERROR: 
Stack: AggregateError [ECONNREFUSED]: 
    at C:\Users\ludin\Desktop\salidas\scanqueue\backend\node_modules\pg-pool\index.js:45:11
    at process.processTicksAndRejections (node:internal/process/task_queues:105:5)
    at async query (file:///C:/Users/ludin/Desktop/salidas/scanqueue/backend/src/config/database.js:25:18)
    at async Module.getScansToday (file:///C:/Users/ludin/Desktop/salidas/scanqueue/backend/src/models/Scan.js:23:15)
    at async getTodaySummary (file:///C:/Users/ludin/Desktop/salidas/scanqueue/backend/src/controllers/DashboardController.js:30:24)
Path: /api/dashboard/today

[2026-03-04T12:41:16.452Z] ERROR: 
Stack: AggregateError [ECONNREFUSED]: 
    at C:\Users\ludin\Desktop\salidas\scanqueue\backend\node_modules\pg-pool\index.js:45:11
    at process.processTicksAndRejections (node:internal/process/task_queues:105:5)
    at async query (file:///C:/Users/ludin/Desktop/salidas/scanqueue/backend/src/config/database.js:25:18)
    at async Module.getScansToday (file:///C:/Users/ludin/Desktop/salidas/scanqueue/backend/src/models/Scan.js:23:15)
    at async Module.getScanStatistics (file:///C:/Users/ludin/Desktop/salidas/scanqueue/backend/src/services/ScanService.js:76:24)
    at async getDashboardStats (file:///C:/Users/ludin/Desktop/salidas/scanqueue/backend/src/controllers/DashboardController.js:12:19)
Path: /api/dashboard/stats

[2026-03-04T12:41:16.458Z] ERROR: 
Stack: AggregateError [ECONNREFUSED]: 
    at C:\Users\ludin\Desktop\salidas\scanqueue\backend\node_modules\pg-pool\index.js:45:11
    at process.processTicksAndRejections (node:internal/process/task_queues:105:5)
    at async query (file:///C:/Users/ludin/Desktop/salidas/scanqueue/backend/src/config/database.js:25:18)
    at async Module.getScansToday (file:///C:/Users/ludin/Desktop/salidas/scanqueue/backend/src/models/Scan.js:23:15)
    at async getTodaySummary (file:///C:/Users/ludin/Desktop/salidas/scanqueue/backend/src/controllers/DashboardController.js:30:24)
Path: /api/dashboard/today

[2026-03-04T12:41:16.572Z] ERROR: 
Stack: AggregateError [ECONNREFUSED]: 
    at C:\Users\ludin\Desktop\salidas\scanqueue\backend\node_modules\pg-pool\index.js:45:11
    at process.processTicksAndRejections (node:internal/process/task_queues:105:5)
    at async query (file:///C:/Users/ludin/Desktop/salidas/scanqueue/backend/src/config/database.js:25:18)
    at async Module.getScansToday (file:///C:/Users/ludin/Desktop/salidas/scanqueue/backend/src/models/Scan.js:23:15)
    at async Module.getScanStatistics (file:///C:/Users/ludin/Desktop/salidas/scanqueue/backend/src/services/ScanService.js:76:24)
    at async getDashboardStats (file:///C:/Users/ludin/Desktop/salidas/scanqueue/backend/src/controllers/DashboardController.js:12:19)
Path: /api/dashboard/stats

[2026-03-04T12:41:16.580Z] ERROR: 
Stack: AggregateError [ECONNREFUSED]: 
    at C:\Users\ludin\Desktop\salidas\scanqueue\backend\node_modules\pg-pool\index.js:45:11
    at process.processTicksAndRejections (node:internal/process/task_queues:105:5)
    at async query (file:///C:/Users/ludin/Desktop/salidas/scanqueue/backend/src/config/database.js:25:18)
    at async Module.getScansToday (file:///C:/Users/ludin/Desktop/salidas/scanqueue/backend/src/models/Scan.js:23:15)
    at async getTodaySummary (file:///C:/Users/ludin/Desktop/salidas/scanqueue/backend/src/controllers/DashboardController.js:30:24)
Path: /api/dashboard/today

[2026-03-04T12:41:16.668Z] ERROR: 
Stack: AggregateError [ECONNREFUSED]: 
    at C:\Users\ludin\Desktop\salidas\scanqueue\backend\node_modules\pg-pool\index.js:45:11
    at process.processTicksAndRejections (node:internal/process/task_queues:105:5)
    at async query (file:///C:/Users/ludin/Desktop/salidas/scanqueue/backend/src/config/database.js:25:18)
    at async Module.getScansToday (file:///C:/Users/ludin/Desktop/salidas/scanqueue/backend/src/models/Scan.js:23:15)
    at async Module.getScanStatistics (file:///C:/Users/ludin/Desktop/salidas/scanqueue/backend/src/services/ScanService.js:76:24)
    at async getDashboardStats (file:///C:/Users/ludin/Desktop/salidas/scanqueue/backend/src/controllers/DashboardController.js:12:19)
Path: /api/dashboard/stats

[2026-03-04T12:41:16.674Z] ERROR: 
Stack: AggregateError [ECONNREFUSED]: 
    at C:\Users\ludin\Desktop\salidas\scanqueue\backend\node_modules\pg-pool\index.js:45:11
    at process.processTicksAndRejections (node:internal/process/task_queues:105:5)
    at async query (file:///C:/Users/ludin/Desktop/salidas/scanqueue/backend/src/config/database.js:25:18)
    at async Module.getScansToday (file:///C:/Users/ludin/Desktop/salidas/scanqueue/backend/src/models/Scan.js:23:15)
    at async getTodaySummary (file:///C:/Users/ludin/Desktop/salidas/scanqueue/backend/src/controllers/DashboardController.js:30:24)
Path: /api/dashboard/today

[2026-03-04T12:41:16.796Z] ERROR: 
Stack: AggregateError [ECONNREFUSED]: 
    at C:\Users\ludin\Desktop\salidas\scanqueue\backend\node_modules\pg-pool\index.js:45:11
    at process.processTicksAndRejections (node:internal/process/task_queues:105:5)
    at async query (file:///C:/Users/ludin/Desktop/salidas/scanqueue/backend/src/config/database.js:25:18)
    at async Module.getScansToday (file:///C:/Users/ludin/Desktop/salidas/scanqueue/backend/src/models/Scan.js:23:15)
    at async Module.getScanStatistics (file:///C:/Users/ludin/Desktop/salidas/scanqueue/backend/src/services/ScanService.js:76:24)
    at async getDashboardStats (file:///C:/Users/ludin/Desktop/salidas/scanqueue/backend/src/controllers/DashboardController.js:12:19)
Path: /api/dashboard/stats

[2026-03-04T12:41:16.801Z] ERROR: 
Stack: AggregateError [ECONNREFUSED]: 
    at C:\Users\ludin\Desktop\salidas\scanqueue\backend\node_modules\pg-pool\index.js:45:11
    at process.processTicksAndRejections (node:internal/process/task_queues:105:5)
    at async query (file:///C:/Users/ludin/Desktop/salidas/scanqueue/backend/src/config/database.js:25:18)
    at async Module.getScansToday (file:///C:/Users/ludin/Desktop/salidas/scanqueue/backend/src/models/Scan.js:23:15)
    at async getTodaySummary (file:///C:/Users/ludin/Desktop/salidas/scanqueue/backend/src/controllers/DashboardController.js:30:24)
Path: /api/dashboard/today

[2026-03-04T12:41:16.953Z] ERROR: 
Stack: AggregateError [ECONNREFUSED]: 
    at C:\Users\ludin\Desktop\salidas\scanqueue\backend\node_modules\pg-pool\index.js:45:11
    at process.processTicksAndRejections (node:internal/process/task_queues:105:5)
    at async query (file:///C:/Users/ludin/Desktop/salidas/scanqueue/backend/src/config/database.js:25:18)
    at async Module.getScansToday (file:///C:/Users/ludin/Desktop/salidas/scanqueue/backend/src/models/Scan.js:23:15)
    at async Module.getScanStatistics (file:///C:/Users/ludin/Desktop/salidas/scanqueue/backend/src/services/ScanService.js:76:24)
    at async getDashboardStats (file:///C:/Users/ludin/Desktop/salidas/scanqueue/backend/src/controllers/DashboardController.js:12:19)
Path: /api/dashboard/stats

[2026-03-04T12:41:16.957Z] ERROR: 
Stack: AggregateError [ECONNREFUSED]: 
    at C:\Users\ludin\Desktop\salidas\scanqueue\backend\node_modules\pg-pool\index.js:45:11
    at process.processTicksAndRejections (node:internal/process/task_queues:105:5)
    at async query (file:///C:/Users/ludin/Desktop/salidas/scanqueue/backend/src/config/database.js:25:18)
    at async Module.getScansToday (file:///C:/Users/ludin/Desktop/salidas/scanqueue/backend/src/models/Scan.js:23:15)
    at async getTodaySummary (file:///C:/Users/ludin/Desktop/salidas/scanqueue/backend/src/controllers/DashboardController.js:30:24)
Path: /api/dashboard/today

[2026-03-04T12:41:17.091Z] ERROR: 
Stack: AggregateError [ECONNREFUSED]: 
    at C:\Users\ludin\Desktop\salidas\scanqueue\backend\node_modules\pg-pool\index.js:45:11
    at process.processTicksAndRejections (node:internal/process/task_queues:105:5)
    at async query (file:///C:/Users/ludin/Desktop/salidas/scanqueue/backend/src/config/database.js:25:18)
    at async Module.getScansToday (file:///C:/Users/ludin/Desktop/salidas/scanqueue/backend/src/models/Scan.js:23:15)
    at async Module.getScanStatistics (file:///C:/Users/ludin/Desktop/salidas/scanqueue/backend/src/services/ScanService.js:76:24)
    at async getDashboardStats (file:///C:/Users/ludin/Desktop/salidas/scanqueue/backend/src/controllers/DashboardController.js:12:19)
Path: /api/dashboard/stats

[2026-03-04T12:41:17.095Z] ERROR: 
Stack: AggregateError [ECONNREFUSED]: 
    at C:\Users\ludin\Desktop\salidas\scanqueue\backend\node_modules\pg-pool\index.js:45:11
    at process.processTicksAndRejections (node:internal/process/task_queues:105:5)
    at async query (file:///C:/Users/ludin/Desktop/salidas/scanqueue/backend/src/config/database.js:25:18)
    at async Module.getScansToday (file:///C:/Users/ludin/Desktop/salidas/scanqueue/backend/src/models/Scan.js:23:15)
    at async getTodaySummary (file:///C:/Users/ludin/Desktop/salidas/scanqueue/backend/src/controllers/DashboardController.js:30:24)
Path: /api/dashboard/today

[2026-03-04T12:41:17.197Z] ERROR: 
Stack: AggregateError [ECONNREFUSED]: 
    at C:\Users\ludin\Desktop\salidas\scanqueue\backend\node_modules\pg-pool\index.js:45:11
    at process.processTicksAndRejections (node:internal/process/task_queues:105:5)
    at async query (file:///C:/Users/ludin/Desktop/salidas/scanqueue/backend/src/config/database.js:25:18)
    at async Module.getScansToday (file:///C:/Users/ludin/Desktop/salidas/scanqueue/backend/src/models/Scan.js:23:15)
    at async Module.getScanStatistics (file:///C:/Users/ludin/Desktop/salidas/scanqueue/backend/src/services/ScanService.js:76:24)
    at async getDashboardStats (file:///C:/Users/ludin/Desktop/salidas/scanqueue/backend/src/controllers/DashboardController.js:12:19)
Path: /api/dashboard/stats

[2026-03-04T12:41:17.201Z] ERROR: 
Stack: AggregateError [ECONNREFUSED]: 
    at C:\Users\ludin\Desktop\salidas\scanqueue\backend\node_modules\pg-pool\index.js:45:11
    at process.processTicksAndRejections (node:internal/process/task_queues:105:5)
    at async query (file:///C:/Users/ludin/Desktop/salidas/scanqueue/backend/src/config/database.js:25:18)
    at async Module.getScansToday (file:///C:/Users/ludin/Desktop/salidas/scanqueue/backend/src/models/Scan.js:23:15)
    at async getTodaySummary (file:///C:/Users/ludin/Desktop/salidas/scanqueue/backend/src/controllers/DashboardController.js:30:24)
Path: /api/dashboard/today

[2026-03-04T12:41:17.307Z] ERROR: 
Stack: AggregateError [ECONNREFUSED]: 
    at C:\Users\ludin\Desktop\salidas\scanqueue\backend\node_modules\pg-pool\index.js:45:11
    at process.processTicksAndRejections (node:internal/process/task_queues:105:5)
    at async query (file:///C:/Users/ludin/Desktop/salidas/scanqueue/backend/src/config/database.js:25:18)
    at async Module.getScansToday (file:///C:/Users/ludin/Desktop/salidas/scanqueue/backend/src/models/Scan.js:23:15)
    at async Module.getScanStatistics (file:///C:/Users/ludin/Desktop/salidas/scanqueue/backend/src/services/ScanService.js:76:24)
    at async getDashboardStats (file:///C:/Users/ludin/Desktop/salidas/scanqueue/backend/src/controllers/DashboardController.js:12:19)
Path: /api/dashboard/stats

[2026-03-04T12:41:17.310Z] ERROR: 
Stack: AggregateError [ECONNREFUSED]: 
    at C:\Users\ludin\Desktop\salidas\scanqueue\backend\node_modules\pg-pool\index.js:45:11
    at process.processTicksAndRejections (node:internal/process/task_queues:105:5)
    at async query (file:///C:/Users/ludin/Desktop/salidas/scanqueue/backend/src/config/database.js:25:18)
    at async Module.getScansToday (file:///C:/Users/ludin/Desktop/salidas/scanqueue/backend/src/models/Scan.js:23:15)
    at async getTodaySummary (file:///C:/Users/ludin/Desktop/salidas/scanqueue/backend/src/controllers/DashboardController.js:30:24)
Path: /api/dashboard/today

[2026-03-04T12:41:17.402Z] ERROR: 
Stack: AggregateError [ECONNREFUSED]: 
    at C:\Users\ludin\Desktop\salidas\scanqueue\backend\node_modules\pg-pool\index.js:45:11
    at process.processTicksAndRejections (node:internal/process/task_queues:105:5)
    at async query (file:///C:/Users/ludin/Desktop/salidas/scanqueue/backend/src/config/database.js:25:18)
    at async Module.getScansToday (file:///C:/Users/ludin/Desktop/salidas/scanqueue/backend/src/models/Scan.js:23:15)
    at async Module.getScanStatistics (file:///C:/Users/ludin/Desktop/salidas/scanqueue/backend/src/services/ScanService.js:76:24)
    at async getDashboardStats (file:///C:/Users/ludin/Desktop/salidas/scanqueue/backend/src/controllers/DashboardController.js:12:19)
Path: /api/dashboard/stats

[2026-03-04T12:41:17.405Z] ERROR: 
Stack: AggregateError [ECONNREFUSED]: 
    at C:\Users\ludin\Desktop\salidas\scanqueue\backend\node_modules\pg-pool\index.js:45:11
    at process.processTicksAndRejections (node:internal/process/task_queues:105:5)
    at async query (file:///C:/Users/ludin/Desktop/salidas/scanqueue/backend/src/config/database.js:25:18)
    at async Module.getScansToday (file:///C:/Users/ludin/Desktop/salidas/scanqueue/backend/src/models/Scan.js:23:15)
    at async getTodaySummary (file:///C:/Users/ludin/Desktop/salidas/scanqueue/backend/src/controllers/DashboardController.js:30:24)
Path: /api/dashboard/today

[2026-03-04T12:41:17.467Z] ERROR: 
Stack: AggregateError [ECONNREFUSED]: 
    at C:\Users\ludin\Desktop\salidas\scanqueue\backend\node_modules\pg-pool\index.js:45:11
    at process.processTicksAndRejections (node:internal/process/task_queues:105:5)
    at async query (file:///C:/Users/ludin/Desktop/salidas/scanqueue/backend/src/config/database.js:25:18)
    at async Module.getScansToday (file:///C:/Users/ludin/Desktop/salidas/scanqueue/backend/src/models/Scan.js:23:15)
    at async Module.getScanStatistics (file:///C:/Users/ludin/Desktop/salidas/scanqueue/backend/src/services/ScanService.js:76:24)
    at async getDashboardStats (file:///C:/Users/ludin/Desktop/salidas/scanqueue/backend/src/controllers/DashboardController.js:12:19)
Path: /api/dashboard/stats

[2026-03-04T12:41:17.469Z] ERROR: 
Stack: AggregateError [ECONNREFUSED]: 
    at C:\Users\ludin\Desktop\salidas\scanqueue\backend\node_modules\pg-pool\index.js:45:11
    at process.processTicksAndRejections (node:internal/process/task_queues:105:5)
    at async query (file:///C:/Users/ludin/Desktop/salidas/scanqueue/backend/src/config/database.js:25:18)
    at async Module.getScansToday (file:///C:/Users/ludin/Desktop/salidas/scanqueue/backend/src/models/Scan.js:23:15)
    at async getTodaySummary (file:///C:/Users/ludin/Desktop/salidas/scanqueue/backend/src/controllers/DashboardController.js:30:24)
Path: /api/dashboard/today

[2026-03-04T12:41:17.543Z] ERROR: 
Stack: AggregateError [ECONNREFUSED]: 
    at C:\Users\ludin\Desktop\salidas\scanqueue\backend\node_modules\pg-pool\index.js:45:11
    at process.processTicksAndRejections (node:internal/process/task_queues:105:5)
    at async query (file:///C:/Users/ludin/Desktop/salidas/scanqueue/backend/src/config/database.js:25:18)
    at async Module.getScansToday (file:///C:/Users/ludin/Desktop/salidas/scanqueue/backend/src/models/Scan.js:23:15)
    at async Module.getScanStatistics (file:///C:/Users/ludin/Desktop/salidas/scanqueue/backend/src/services/ScanService.js:76:24)
    at async getDashboardStats (file:///C:/Users/ludin/Desktop/salidas/scanqueue/backend/src/controllers/DashboardController.js:12:19)
Path: /api/dashboard/stats

[2026-03-04T12:41:17.548Z] ERROR: 
Stack: AggregateError [ECONNREFUSED]: 
    at C:\Users\ludin\Desktop\salidas\scanqueue\backend\node_modules\pg-pool\index.js:45:11
    at process.processTicksAndRejections (node:internal/process/task_queues:105:5)
    at async query (file:///C:/Users/ludin/Desktop/salidas/scanqueue/backend/src/config/database.js:25:18)
    at async Module.getScansToday (file:///C:/Users/ludin/Desktop/salidas/scanqueue/backend/src/models/Scan.js:23:15)
    at async getTodaySummary (file:///C:/Users/ludin/Desktop/salidas/scanqueue/backend/src/controllers/DashboardController.js:30:24)
Path: /api/dashboard/today

[2026-03-04T12:41:17.625Z] ERROR: 
Stack: AggregateError [ECONNREFUSED]: 
    at C:\Users\ludin\Desktop\salidas\scanqueue\backend\node_modules\pg-pool\index.js:45:11
    at process.processTicksAndRejections (node:internal/process/task_queues:105:5)
    at async query (file:///C:/Users/ludin/Desktop/salidas/scanqueue/backend/src/config/database.js:25:18)
    at async Module.getScansToday (file:///C:/Users/ludin/Desktop/salidas/scanqueue/backend/src/models/Scan.js:23:15)
    at async Module.getScanStatistics (file:///C:/Users/ludin/Desktop/salidas/scanqueue/backend/src/services/ScanService.js:76:24)
    at async getDashboardStats (file:///C:/Users/ludin/Desktop/salidas/scanqueue/backend/src/controllers/DashboardController.js:12:19)
Path: /api/dashboard/stats

[2026-03-04T12:41:17.629Z] ERROR: 
Stack: AggregateError [ECONNREFUSED]: 
    at C:\Users\ludin\Desktop\salidas\scanqueue\backend\node_modules\pg-pool\index.js:45:11
    at process.processTicksAndRejections (node:internal/process/task_queues:105:5)
    at async query (file:///C:/Users/ludin/Desktop/salidas/scanqueue/backend/src/config/database.js:25:18)
    at async Module.getScansToday (file:///C:/Users/ludin/Desktop/salidas/scanqueue/backend/src/models/Scan.js:23:15)
    at async getTodaySummary (file:///C:/Users/ludin/Desktop/salidas/scanqueue/backend/src/controllers/DashboardController.js:30:24)
Path: /api/dashboard/today

[2026-03-04T12:41:17.724Z] ERROR: 
Stack: AggregateError [ECONNREFUSED]: 
    at C:\Users\ludin\Desktop\salidas\scanqueue\backend\node_modules\pg-pool\index.js:45:11
    at process.processTicksAndRejections (node:internal/process/task_queues:105:5)
    at async query (file:///C:/Users/ludin/Desktop/salidas/scanqueue/backend/src/config/database.js:25:18)
    at async Module.getScansToday (file:///C:/Users/ludin/Desktop/salidas/scanqueue/backend/src/models/Scan.js:23:15)
    at async Module.getScanStatistics (file:///C:/Users/ludin/Desktop/salidas/scanqueue/backend/src/services/ScanService.js:76:24)
    at async getDashboardStats (file:///C:/Users/ludin/Desktop/salidas/scanqueue/backend/src/controllers/DashboardController.js:12:19)
Path: /api/dashboard/stats

[2026-03-04T12:41:17.726Z] ERROR: 
Stack: AggregateError [ECONNREFUSED]: 
    at C:\Users\ludin\Desktop\salidas\scanqueue\backend\node_modules\pg-pool\index.js:45:11
    at process.processTicksAndRejections (node:internal/process/task_queues:105:5)
    at async query (file:///C:/Users/ludin/Desktop/salidas/scanqueue/backend/src/config/database.js:25:18)
    at async Module.getScansToday (file:///C:/Users/ludin/Desktop/salidas/scanqueue/backend/src/models/Scan.js:23:15)
    at async getTodaySummary (file:///C:/Users/ludin/Desktop/salidas/scanqueue/backend/src/controllers/DashboardController.js:30:24)
Path: /api/dashboard/today

[2026-03-04T12:41:17.793Z] ERROR: 
Stack: AggregateError [ECONNREFUSED]: 
    at C:\Users\ludin\Desktop\salidas\scanqueue\backend\node_modules\pg-pool\index.js:45:11
    at process.processTicksAndRejections (node:internal/process/task_queues:105:5)
    at async query (file:///C:/Users/ludin/Desktop/salidas/scanqueue/backend/src/config/database.js:25:18)
    at async Module.getScansToday (file:///C:/Users/ludin/Desktop/salidas/scanqueue/backend/src/models/Scan.js:23:15)
    at async Module.getScanStatistics (file:///C:/Users/ludin/Desktop/salidas/scanqueue/backend/src/services/ScanService.js:76:24)
    at async getDashboardStats (file:///C:/Users/ludin/Desktop/salidas/scanqueue/backend/src/controllers/DashboardController.js:12:19)
Path: /api/dashboard/stats

[2026-03-04T12:41:17.796Z] ERROR: 
Stack: AggregateError [ECONNREFUSED]: 
    at C:\Users\ludin\Desktop\salidas\scanqueue\backend\node_modules\pg-pool\index.js:45:11
    at process.processTicksAndRejections (node:internal/process/task_queues:105:5)
    at async query (file:///C:/Users/ludin/Desktop/salidas/scanqueue/backend/src/config/database.js:25:18)
    at async Module.getScansToday (file:///C:/Users/ludin/Desktop/salidas/scanqueue/backend/src/models/Scan.js:23:15)
    at async getTodaySummary (file:///C:/Users/ludin/Desktop/salidas/scanqueue/backend/src/controllers/DashboardController.js:30:24)
Path: /api/dashboard/today

[2026-03-04T12:41:17.866Z] ERROR: 
Stack: AggregateError [ECONNREFUSED]: 
    at C:\Users\ludin\Desktop\salidas\scanqueue\backend\node_modules\pg-pool\index.js:45:11
    at process.processTicksAndRejections (node:internal/process/task_queues:105:5)
    at async query (file:///C:/Users/ludin/Desktop/salidas/scanqueue/backend/src/config/database.js:25:18)
    at async Module.getScansToday (file:///C:/Users/ludin/Desktop/salidas/scanqueue/backend/src/models/Scan.js:23:15)
    at async Module.getScanStatistics (file:///C:/Users/ludin/Desktop/salidas/scanqueue/backend/src/services/ScanService.js:76:24)
    at async getDashboardStats (file:///C:/Users/ludin/Desktop/salidas/scanqueue/backend/src/controllers/DashboardController.js:12:19)
Path: /api/dashboard/stats

[2026-03-04T12:41:17.870Z] ERROR: 
Stack: AggregateError [ECONNREFUSED]: 
    at C:\Users\ludin\Desktop\salidas\scanqueue\backend\node_modules\pg-pool\index.js:45:11
    at process.processTicksAndRejections (node:internal/process/task_queues:105:5)
    at async query (file:///C:/Users/ludin/Desktop/salidas/scanqueue/backend/src/config/database.js:25:18)
    at async Module.getScansToday (file:///C:/Users/ludin/Desktop/salidas/scanqueue/backend/src/models/Scan.js:23:15)
    at async getTodaySummary (file:///C:/Users/ludin/Desktop/salidas/scanqueue/backend/src/controllers/DashboardController.js:30:24)
Path: /api/dashboard/today

[2026-03-04T12:41:17.992Z] ERROR: 
Stack: AggregateError [ECONNREFUSED]: 
    at C:\Users\ludin\Desktop\salidas\scanqueue\backend\node_modules\pg-pool\index.js:45:11
    at process.processTicksAndRejections (node:internal/process/task_queues:105:5)
    at async query (file:///C:/Users/ludin/Desktop/salidas/scanqueue/backend/src/config/database.js:25:18)
    at async Module.getScansToday (file:///C:/Users/ludin/Desktop/salidas/scanqueue/backend/src/models/Scan.js:23:15)
    at async Module.getScanStatistics (file:///C:/Users/ludin/Desktop/salidas/scanqueue/backend/src/services/ScanService.js:76:24)
    at async getDashboardStats (file:///C:/Users/ludin/Desktop/salidas/scanqueue/backend/src/controllers/DashboardController.js:12:19)
Path: /api/dashboard/stats

[2026-03-04T12:41:17.996Z] ERROR: 
Stack: AggregateError [ECONNREFUSED]: 
    at C:\Users\ludin\Desktop\salidas\scanqueue\backend\node_modules\pg-pool\index.js:45:11
    at process.processTicksAndRejections (node:internal/process/task_queues:105:5)
    at async query (file:///C:/Users/ludin/Desktop/salidas/scanqueue/backend/src/config/database.js:25:18)
    at async Module.getScansToday (file:///C:/Users/ludin/Desktop/salidas/scanqueue/backend/src/models/Scan.js:23:15)
    at async getTodaySummary (file:///C:/Users/ludin/Desktop/salidas/scanqueue/backend/src/controllers/DashboardController.js:30:24)
Path: /api/dashboard/today

[2026-03-04T12:41:18.104Z] ERROR: 
Stack: AggregateError [ECONNREFUSED]: 
    at C:\Users\ludin\Desktop\salidas\scanqueue\backend\node_modules\pg-pool\index.js:45:11
    at process.processTicksAndRejections (node:internal/process/task_queues:105:5)
    at async query (file:///C:/Users/ludin/Desktop/salidas/scanqueue/backend/src/config/database.js:25:18)
    at async Module.getScansToday (file:///C:/Users/ludin/Desktop/salidas/scanqueue/backend/src/models/Scan.js:23:15)
    at async Module.getScanStatistics (file:///C:/Users/ludin/Desktop/salidas/scanqueue/backend/src/services/ScanService.js:76:24)
    at async getDashboardStats (file:///C:/Users/ludin/Desktop/salidas/scanqueue/backend/src/controllers/DashboardController.js:12:19)
Path: /api/dashboard/stats

[2026-03-04T12:41:18.115Z] ERROR: 
Stack: AggregateError [ECONNREFUSED]: 
    at C:\Users\ludin\Desktop\salidas\scanqueue\backend\node_modules\pg-pool\index.js:45:11
    at process.processTicksAndRejections (node:internal/process/task_queues:105:5)
    at async query (file:///C:/Users/ludin/Desktop/salidas/scanqueue/backend/src/config/database.js:25:18)
    at async Module.getScansToday (file:///C:/Users/ludin/Desktop/salidas/scanqueue/backend/src/models/Scan.js:23:15)
    at async getTodaySummary (file:///C:/Users/ludin/Desktop/salidas/scanqueue/backend/src/controllers/DashboardController.js:30:24)
Path: /api/dashboard/today

[2026-03-04T12:41:18.225Z] ERROR: 
Stack: AggregateError [ECONNREFUSED]: 
    at C:\Users\ludin\Desktop\salidas\scanqueue\backend\node_modules\pg-pool\index.js:45:11
    at process.processTicksAndRejections (node:internal/process/task_queues:105:5)
    at async query (file:///C:/Users/ludin/Desktop/salidas/scanqueue/backend/src/config/database.js:25:18)
    at async Module.getScansToday (file:///C:/Users/ludin/Desktop/salidas/scanqueue/backend/src/models/Scan.js:23:15)
    at async Module.getScanStatistics (file:///C:/Users/ludin/Desktop/salidas/scanqueue/backend/src/services/ScanService.js:76:24)
    at async getDashboardStats (file:///C:/Users/ludin/Desktop/salidas/scanqueue/backend/src/controllers/DashboardController.js:12:19)
Path: /api/dashboard/stats

[2026-03-04T12:41:18.229Z] ERROR: 
Stack: AggregateError [ECONNREFUSED]: 
    at C:\Users\ludin\Desktop\salidas\scanqueue\backend\node_modules\pg-pool\index.js:45:11
    at process.processTicksAndRejections (node:internal/process/task_queues:105:5)
    at async query (file:///C:/Users/ludin/Desktop/salidas/scanqueue/backend/src/config/database.js:25:18)
    at async Module.getScansToday (file:///C:/Users/ludin/Desktop/salidas/scanqueue/backend/src/models/Scan.js:23:15)
    at async getTodaySummary (file:///C:/Users/ludin/Desktop/salidas/scanqueue/backend/src/controllers/DashboardController.js:30:24)
Path: /api/dashboard/today

[2026-03-04T12:41:18.376Z] ERROR: 
Stack: AggregateError [ECONNREFUSED]: 
    at C:\Users\ludin\Desktop\salidas\scanqueue\backend\node_modules\pg-pool\index.js:45:11
    at process.processTicksAndRejections (node:internal/process/task_queues:105:5)
    at async query (file:///C:/Users/ludin/Desktop/salidas/scanqueue/backend/src/config/database.js:25:18)
    at async Module.getScansToday (file:///C:/Users/ludin/Desktop/salidas/scanqueue/backend/src/models/Scan.js:23:15)
    at async Module.getScanStatistics (file:///C:/Users/ludin/Desktop/salidas/scanqueue/backend/src/services/ScanService.js:76:24)
    at async getDashboardStats (file:///C:/Users/ludin/Desktop/salidas/scanqueue/backend/src/controllers/DashboardController.js:12:19)
Path: /api/dashboard/stats

[2026-03-04T12:41:18.380Z] ERROR: 
Stack: AggregateError [ECONNREFUSED]: 
    at C:\Users\ludin\Desktop\salidas\scanqueue\backend\node_modules\pg-pool\index.js:45:11
    at process.processTicksAndRejections (node:internal/process/task_queues:105:5)
    at async query (file:///C:/Users/ludin/Desktop/salidas/scanqueue/backend/src/config/database.js:25:18)
    at async Module.getScansToday (file:///C:/Users/ludin/Desktop/salidas/scanqueue/backend/src/models/Scan.js:23:15)
    at async getTodaySummary (file:///C:/Users/ludin/Desktop/salidas/scanqueue/backend/src/controllers/DashboardController.js:30:24)
Path: /api/dashboard/today

[2026-03-04T12:41:18.479Z] ERROR: 
Stack: AggregateError [ECONNREFUSED]: 
    at C:\Users\ludin\Desktop\salidas\scanqueue\backend\node_modules\pg-pool\index.js:45:11
    at process.processTicksAndRejections (node:internal/process/task_queues:105:5)
    at async query (file:///C:/Users/ludin/Desktop/salidas/scanqueue/backend/src/config/database.js:25:18)
    at async Module.getScansToday (file:///C:/Users/ludin/Desktop/salidas/scanqueue/backend/src/models/Scan.js:23:15)
    at async Module.getScanStatistics (file:///C:/Users/ludin/Desktop/salidas/scanqueue/backend/src/services/ScanService.js:76:24)
    at async getDashboardStats (file:///C:/Users/ludin/Desktop/salidas/scanqueue/backend/src/controllers/DashboardController.js:12:19)
Path: /api/dashboard/stats

[2026-03-04T12:41:18.483Z] ERROR: 
Stack: AggregateError [ECONNREFUSED]: 
    at C:\Users\ludin\Desktop\salidas\scanqueue\backend\node_modules\pg-pool\index.js:45:11
    at process.processTicksAndRejections (node:internal/process/task_queues:105:5)
    at async query (file:///C:/Users/ludin/Desktop/salidas/scanqueue/backend/src/config/database.js:25:18)
    at async Module.getScansToday (file:///C:/Users/ludin/Desktop/salidas/scanqueue/backend/src/models/Scan.js:23:15)
    at async getTodaySummary (file:///C:/Users/ludin/Desktop/salidas/scanqueue/backend/src/controllers/DashboardController.js:30:24)
Path: /api/dashboard/today

[2026-03-04T12:41:18.573Z] ERROR: 
Stack: AggregateError [ECONNREFUSED]: 
    at C:\Users\ludin\Desktop\salidas\scanqueue\backend\node_modules\pg-pool\index.js:45:11
    at process.processTicksAndRejections (node:internal/process/task_queues:105:5)
    at async query (file:///C:/Users/ludin/Desktop/salidas/scanqueue/backend/src/config/database.js:25:18)
    at async Module.getScansToday (file:///C:/Users/ludin/Desktop/salidas/scanqueue/backend/src/models/Scan.js:23:15)
    at async Module.getScanStatistics (file:///C:/Users/ludin/Desktop/salidas/scanqueue/backend/src/services/ScanService.js:76:24)
    at async getDashboardStats (file:///C:/Users/ludin/Desktop/salidas/scanqueue/backend/src/controllers/DashboardController.js:12:19)
Path: /api/dashboard/stats

[2026-03-04T12:41:18.576Z] ERROR: 
Stack: AggregateError [ECONNREFUSED]: 
    at C:\Users\ludin\Desktop\salidas\scanqueue\backend\node_modules\pg-pool\index.js:45:11
    at process.processTicksAndRejections (node:internal/process/task_queues:105:5)
    at async query (file:///C:/Users/ludin/Desktop/salidas/scanqueue/backend/src/config/database.js:25:18)
    at async Module.getScansToday (file:///C:/Users/ludin/Desktop/salidas/scanqueue/backend/src/models/Scan.js:23:15)
    at async getTodaySummary (file:///C:/Users/ludin/Desktop/salidas/scanqueue/backend/src/controllers/DashboardController.js:30:24)
Path: /api/dashboard/today

[2026-03-04T12:41:18.684Z] ERROR: 
Stack: AggregateError [ECONNREFUSED]: 
    at C:\Users\ludin\Desktop\salidas\scanqueue\backend\node_modules\pg-pool\index.js:45:11
    at process.processTicksAndRejections (node:internal/process/task_queues:105:5)
    at async query (file:///C:/Users/ludin/Desktop/salidas/scanqueue/backend/src/config/database.js:25:18)
    at async Module.getScansToday (file:///C:/Users/ludin/Desktop/salidas/scanqueue/backend/src/models/Scan.js:23:15)
    at async Module.getScanStatistics (file:///C:/Users/ludin/Desktop/salidas/scanqueue/backend/src/services/ScanService.js:76:24)
    at async getDashboardStats (file:///C:/Users/ludin/Desktop/salidas/scanqueue/backend/src/controllers/DashboardController.js:12:19)
Path: /api/dashboard/stats

[2026-03-04T12:41:18.687Z] ERROR: 
Stack: AggregateError [ECONNREFUSED]: 
    at C:\Users\ludin\Desktop\salidas\scanqueue\backend\node_modules\pg-pool\index.js:45:11
    at process.processTicksAndRejections (node:internal/process/task_queues:105:5)
    at async query (file:///C:/Users/ludin/Desktop/salidas/scanqueue/backend/src/config/database.js:25:18)
    at async Module.getScansToday (file:///C:/Users/ludin/Desktop/salidas/scanqueue/backend/src/models/Scan.js:23:15)
    at async getTodaySummary (file:///C:/Users/ludin/Desktop/salidas/scanqueue/backend/src/controllers/DashboardController.js:30:24)
Path: /api/dashboard/today

[2026-03-04T12:41:18.827Z] ERROR: 
Stack: AggregateError [ECONNREFUSED]: 
    at C:\Users\ludin\Desktop\salidas\scanqueue\backend\node_modules\pg-pool\index.js:45:11
    at process.processTicksAndRejections (node:internal/process/task_queues:105:5)
    at async query (file:///C:/Users/ludin/Desktop/salidas/scanqueue/backend/src/config/database.js:25:18)
    at async Module.getScansToday (file:///C:/Users/ludin/Desktop/salidas/scanqueue/backend/src/models/Scan.js:23:15)
    at async Module.getScanStatistics (file:///C:/Users/ludin/Desktop/salidas/scanqueue/backend/src/services/ScanService.js:76:24)
    at async getDashboardStats (file:///C:/Users/ludin/Desktop/salidas/scanqueue/backend/src/controllers/DashboardController.js:12:19)
Path: /api/dashboard/stats

[2026-03-04T12:41:18.833Z] ERROR: 
Stack: AggregateError [ECONNREFUSED]: 
    at C:\Users\ludin\Desktop\salidas\scanqueue\backend\node_modules\pg-pool\index.js:45:11
    at process.processTicksAndRejections (node:internal/process/task_queues:105:5)
    at async query (file:///C:/Users/ludin/Desktop/salidas/scanqueue/backend/src/config/database.js:25:18)
    at async Module.getScansToday (file:///C:/Users/ludin/Desktop/salidas/scanqueue/backend/src/models/Scan.js:23:15)
    at async getTodaySummary (file:///C:/Users/ludin/Desktop/salidas/scanqueue/backend/src/controllers/DashboardController.js:30:24)
Path: /api/dashboard/today

[2026-03-04T12:41:18.958Z] ERROR: 
Stack: AggregateError [ECONNREFUSED]: 
    at C:\Users\ludin\Desktop\salidas\scanqueue\backend\node_modules\pg-pool\index.js:45:11
    at process.processTicksAndRejections (node:internal/process/task_queues:105:5)
    at async query (file:///C:/Users/ludin/Desktop/salidas/scanqueue/backend/src/config/database.js:25:18)
    at async Module.getScansToday (file:///C:/Users/ludin/Desktop/salidas/scanqueue/backend/src/models/Scan.js:23:15)
    at async Module.getScanStatistics (file:///C:/Users/ludin/Desktop/salidas/scanqueue/backend/src/services/ScanService.js:76:24)
    at async getDashboardStats (file:///C:/Users/ludin/Desktop/salidas/scanqueue/backend/src/controllers/DashboardController.js:12:19)
Path: /api/dashboard/stats

[2026-03-04T12:41:18.961Z] ERROR: 
Stack: AggregateError [ECONNREFUSED]: 
    at C:\Users\ludin\Desktop\salidas\scanqueue\backend\node_modules\pg-pool\index.js:45:11
    at process.processTicksAndRejections (node:internal/process/task_queues:105:5)
    at async query (file:///C:/Users/ludin/Desktop/salidas/scanqueue/backend/src/config/database.js:25:18)
    at async Module.getScansToday (file:///C:/Users/ludin/Desktop/salidas/scanqueue/backend/src/models/Scan.js:23:15)
    at async getTodaySummary (file:///C:/Users/ludin/Desktop/salidas/scanqueue/backend/src/controllers/DashboardController.js:30:24)
Path: /api/dashboard/today

[2026-03-04T12:41:19.069Z] ERROR: 
Stack: AggregateError [ECONNREFUSED]: 
    at C:\Users\ludin\Desktop\salidas\scanqueue\backend\node_modules\pg-pool\index.js:45:11
    at process.processTicksAndRejections (node:internal/process/task_queues:105:5)
    at async query (file:///C:/Users/ludin/Desktop/salidas/scanqueue/backend/src/config/database.js:25:18)
    at async Module.getScansToday (file:///C:/Users/ludin/Desktop/salidas/scanqueue/backend/src/models/Scan.js:23:15)
    at async Module.getScanStatistics (file:///C:/Users/ludin/Desktop/salidas/scanqueue/backend/src/services/ScanService.js:76:24)
    at async getDashboardStats (file:///C:/Users/ludin/Desktop/salidas/scanqueue/backend/src/controllers/DashboardController.js:12:19)
Path: /api/dashboard/stats

[2026-03-04T12:41:19.072Z] ERROR: 
Stack: AggregateError [ECONNREFUSED]: 
    at C:\Users\ludin\Desktop\salidas\scanqueue\backend\node_modules\pg-pool\index.js:45:11
    at process.processTicksAndRejections (node:internal/process/task_queues:105:5)
    at async query (file:///C:/Users/ludin/Desktop/salidas/scanqueue/backend/src/config/database.js:25:18)
    at async Module.getScansToday (file:///C:/Users/ludin/Desktop/salidas/scanqueue/backend/src/models/Scan.js:23:15)
    at async getTodaySummary (file:///C:/Users/ludin/Desktop/salidas/scanqueue/backend/src/controllers/DashboardController.js:30:24)
Path: /api/dashboard/today

[2026-03-04T12:41:19.185Z] ERROR: 
Stack: AggregateError [ECONNREFUSED]: 
    at C:\Users\ludin\Desktop\salidas\scanqueue\backend\node_modules\pg-pool\index.js:45:11
    at process.processTicksAndRejections (node:internal/process/task_queues:105:5)
    at async query (file:///C:/Users/ludin/Desktop/salidas/scanqueue/backend/src/config/database.js:25:18)
    at async Module.getScansToday (file:///C:/Users/ludin/Desktop/salidas/scanqueue/backend/src/models/Scan.js:23:15)
    at async Module.getScanStatistics (file:///C:/Users/ludin/Desktop/salidas/scanqueue/backend/src/services/ScanService.js:76:24)
    at async getDashboardStats (file:///C:/Users/ludin/Desktop/salidas/scanqueue/backend/src/controllers/DashboardController.js:12:19)
Path: /api/dashboard/stats

[2026-03-04T12:41:19.188Z] ERROR: 
Stack: AggregateError [ECONNREFUSED]: 
    at C:\Users\ludin\Desktop\salidas\scanqueue\backend\node_modules\pg-pool\index.js:45:11
    at process.processTicksAndRejections (node:internal/process/task_queues:105:5)
    at async query (file:///C:/Users/ludin/Desktop/salidas/scanqueue/backend/src/config/database.js:25:18)
    at async Module.getScansToday (file:///C:/Users/ludin/Desktop/salidas/scanqueue/backend/src/models/Scan.js:23:15)
    at async getTodaySummary (file:///C:/Users/ludin/Desktop/salidas/scanqueue/backend/src/controllers/DashboardController.js:30:24)
Path: /api/dashboard/today

[2026-03-04T12:41:19.262Z] ERROR: 
Stack: AggregateError [ECONNREFUSED]: 
    at C:\Users\ludin\Desktop\salidas\scanqueue\backend\node_modules\pg-pool\index.js:45:11
    at process.processTicksAndRejections (node:internal/process/task_queues:105:5)
    at async query (file:///C:/Users/ludin/Desktop/salidas/scanqueue/backend/src/config/database.js:25:18)
    at async Module.getScansToday (file:///C:/Users/ludin/Desktop/salidas/scanqueue/backend/src/models/Scan.js:23:15)
    at async Module.getScanStatistics (file:///C:/Users/ludin/Desktop/salidas/scanqueue/backend/src/services/ScanService.js:76:24)
    at async getDashboardStats (file:///C:/Users/ludin/Desktop/salidas/scanqueue/backend/src/controllers/DashboardController.js:12:19)
Path: /api/dashboard/stats

[2026-03-04T12:41:19.265Z] ERROR: 
Stack: AggregateError [ECONNREFUSED]: 
    at C:\Users\ludin\Desktop\salidas\scanqueue\backend\node_modules\pg-pool\index.js:45:11
    at process.processTicksAndRejections (node:internal/process/task_queues:105:5)
    at async query (file:///C:/Users/ludin/Desktop/salidas/scanqueue/backend/src/config/database.js:25:18)
    at async Module.getScansToday (file:///C:/Users/ludin/Desktop/salidas/scanqueue/backend/src/models/Scan.js:23:15)
    at async getTodaySummary (file:///C:/Users/ludin/Desktop/salidas/scanqueue/backend/src/controllers/DashboardController.js:30:24)
Path: /api/dashboard/today

[2026-03-04T12:41:19.359Z] ERROR: 
Stack: AggregateError [ECONNREFUSED]: 
    at C:\Users\ludin\Desktop\salidas\scanqueue\backend\node_modules\pg-pool\index.js:45:11
    at process.processTicksAndRejections (node:internal/process/task_queues:105:5)
    at async query (file:///C:/Users/ludin/Desktop/salidas/scanqueue/backend/src/config/database.js:25:18)
    at async Module.getScansToday (file:///C:/Users/ludin/Desktop/salidas/scanqueue/backend/src/models/Scan.js:23:15)
    at async Module.getScanStatistics (file:///C:/Users/ludin/Desktop/salidas/scanqueue/backend/src/services/ScanService.js:76:24)
    at async getDashboardStats (file:///C:/Users/ludin/Desktop/salidas/scanqueue/backend/src/controllers/DashboardController.js:12:19)
Path: /api/dashboard/stats

[2026-03-04T12:41:19.362Z] ERROR: 
Stack: AggregateError [ECONNREFUSED]: 
    at C:\Users\ludin\Desktop\salidas\scanqueue\backend\node_modules\pg-pool\index.js:45:11
    at process.processTicksAndRejections (node:internal/process/task_queues:105:5)
    at async query (file:///C:/Users/ludin/Desktop/salidas/scanqueue/backend/src/config/database.js:25:18)
    at async Module.getScansToday (file:///C:/Users/ludin/Desktop/salidas/scanqueue/backend/src/models/Scan.js:23:15)
    at async getTodaySummary (file:///C:/Users/ludin/Desktop/salidas/scanqueue/backend/src/controllers/DashboardController.js:30:24)
Path: /api/dashboard/today

[2026-03-04T12:41:19.444Z] ERROR: 
Stack: AggregateError [ECONNREFUSED]: 
    at C:\Users\ludin\Desktop\salidas\scanqueue\backend\node_modules\pg-pool\index.js:45:11
    at process.processTicksAndRejections (node:internal/process/task_queues:105:5)
    at async query (file:///C:/Users/ludin/Desktop/salidas/scanqueue/backend/src/config/database.js:25:18)
    at async Module.getScansToday (file:///C:/Users/ludin/Desktop/salidas/scanqueue/backend/src/models/Scan.js:23:15)
    at async Module.getScanStatistics (file:///C:/Users/ludin/Desktop/salidas/scanqueue/backend/src/services/ScanService.js:76:24)
    at async getDashboardStats (file:///C:/Users/ludin/Desktop/salidas/scanqueue/backend/src/controllers/DashboardController.js:12:19)
Path: /api/dashboard/stats

[2026-03-04T12:41:19.448Z] ERROR: 
Stack: AggregateError [ECONNREFUSED]: 
    at C:\Users\ludin\Desktop\salidas\scanqueue\backend\node_modules\pg-pool\index.js:45:11
    at process.processTicksAndRejections (node:internal/process/task_queues:105:5)
    at async query (file:///C:/Users/ludin/Desktop/salidas/scanqueue/backend/src/config/database.js:25:18)
    at async Module.getScansToday (file:///C:/Users/ludin/Desktop/salidas/scanqueue/backend/src/models/Scan.js:23:15)
    at async getTodaySummary (file:///C:/Users/ludin/Desktop/salidas/scanqueue/backend/src/controllers/DashboardController.js:30:24)
Path: /api/dashboard/today

[2026-03-04T12:41:19.587Z] ERROR: 
Stack: AggregateError [ECONNREFUSED]: 
    at C:\Users\ludin\Desktop\salidas\scanqueue\backend\node_modules\pg-pool\index.js:45:11
    at process.processTicksAndRejections (node:internal/process/task_queues:105:5)
    at async query (file:///C:/Users/ludin/Desktop/salidas/scanqueue/backend/src/config/database.js:25:18)
    at async Module.getScansToday (file:///C:/Users/ludin/Desktop/salidas/scanqueue/backend/src/models/Scan.js:23:15)
    at async Module.getScanStatistics (file:///C:/Users/ludin/Desktop/salidas/scanqueue/backend/src/services/ScanService.js:76:24)
    at async getDashboardStats (file:///C:/Users/ludin/Desktop/salidas/scanqueue/backend/src/controllers/DashboardController.js:12:19)
Path: /api/dashboard/stats

[2026-03-04T12:41:19.591Z] ERROR: 
Stack: AggregateError [ECONNREFUSED]: 
    at C:\Users\ludin\Desktop\salidas\scanqueue\backend\node_modules\pg-pool\index.js:45:11
    at process.processTicksAndRejections (node:internal/process/task_queues:105:5)
    at async query (file:///C:/Users/ludin/Desktop/salidas/scanqueue/backend/src/config/database.js:25:18)
    at async Module.getScansToday (file:///C:/Users/ludin/Desktop/salidas/scanqueue/backend/src/models/Scan.js:23:15)
    at async getTodaySummary (file:///C:/Users/ludin/Desktop/salidas/scanqueue/backend/src/controllers/DashboardController.js:30:24)
Path: /api/dashboard/today

[2026-03-04T12:41:19.678Z] ERROR: 
Stack: AggregateError [ECONNREFUSED]: 
    at C:\Users\ludin\Desktop\salidas\scanqueue\backend\node_modules\pg-pool\index.js:45:11
    at process.processTicksAndRejections (node:internal/process/task_queues:105:5)
    at async query (file:///C:/Users/ludin/Desktop/salidas/scanqueue/backend/src/config/database.js:25:18)
    at async Module.getScansToday (file:///C:/Users/ludin/Desktop/salidas/scanqueue/backend/src/models/Scan.js:23:15)
    at async Module.getScanStatistics (file:///C:/Users/ludin/Desktop/salidas/scanqueue/backend/src/services/ScanService.js:76:24)
    at async getDashboardStats (file:///C:/Users/ludin/Desktop/salidas/scanqueue/backend/src/controllers/DashboardController.js:12:19)
Path: /api/dashboard/stats

[2026-03-04T12:41:19.681Z] ERROR: 
Stack: AggregateError [ECONNREFUSED]: 
    at C:\Users\ludin\Desktop\salidas\scanqueue\backend\node_modules\pg-pool\index.js:45:11
    at process.processTicksAndRejections (node:internal/process/task_queues:105:5)
    at async query (file:///C:/Users/ludin/Desktop/salidas/scanqueue/backend/src/config/database.js:25:18)
    at async Module.getScansToday (file:///C:/Users/ludin/Desktop/salidas/scanqueue/backend/src/models/Scan.js:23:15)
    at async getTodaySummary (file:///C:/Users/ludin/Desktop/salidas/scanqueue/backend/src/controllers/DashboardController.js:30:24)
Path: /api/dashboard/today

[2026-03-04T12:41:19.761Z] ERROR: 
Stack: AggregateError [ECONNREFUSED]: 
    at C:\Users\ludin\Desktop\salidas\scanqueue\backend\node_modules\pg-pool\index.js:45:11
    at process.processTicksAndRejections (node:internal/process/task_queues:105:5)
    at async query (file:///C:/Users/ludin/Desktop/salidas/scanqueue/backend/src/config/database.js:25:18)
    at async Module.getScansToday (file:///C:/Users/ludin/Desktop/salidas/scanqueue/backend/src/models/Scan.js:23:15)
    at async Module.getScanStatistics (file:///C:/Users/ludin/Desktop/salidas/scanqueue/backend/src/services/ScanService.js:76:24)
    at async getDashboardStats (file:///C:/Users/ludin/Desktop/salidas/scanqueue/backend/src/controllers/DashboardController.js:12:19)
Path: /api/dashboard/stats

[2026-03-04T12:41:19.763Z] ERROR: 
Stack: AggregateError [ECONNREFUSED]: 
    at C:\Users\ludin\Desktop\salidas\scanqueue\backend\node_modules\pg-pool\index.js:45:11
    at process.processTicksAndRejections (node:internal/process/task_queues:105:5)
    at async query (file:///C:/Users/ludin/Desktop/salidas/scanqueue/backend/src/config/database.js:25:18)
    at async Module.getScansToday (file:///C:/Users/ludin/Desktop/salidas/scanqueue/backend/src/models/Scan.js:23:15)
    at async getTodaySummary (file:///C:/Users/ludin/Desktop/salidas/scanqueue/backend/src/controllers/DashboardController.js:30:24)
Path: /api/dashboard/today

[2026-03-04T12:41:19.882Z] ERROR: 
Stack: AggregateError [ECONNREFUSED]: 
    at C:\Users\ludin\Desktop\salidas\scanqueue\backend\node_modules\pg-pool\index.js:45:11
    at process.processTicksAndRejections (node:internal/process/task_queues:105:5)
    at async query (file:///C:/Users/ludin/Desktop/salidas/scanqueue/backend/src/config/database.js:25:18)
    at async Module.getScansToday (file:///C:/Users/ludin/Desktop/salidas/scanqueue/backend/src/models/Scan.js:23:15)
    at async Module.getScanStatistics (file:///C:/Users/ludin/Desktop/salidas/scanqueue/backend/src/services/ScanService.js:76:24)
    at async getDashboardStats (file:///C:/Users/ludin/Desktop/salidas/scanqueue/backend/src/controllers/DashboardController.js:12:19)
Path: /api/dashboard/stats

[2026-03-04T12:41:19.884Z] ERROR: 
Stack: AggregateError [ECONNREFUSED]: 
    at C:\Users\ludin\Desktop\salidas\scanqueue\backend\node_modules\pg-pool\index.js:45:11
    at process.processTicksAndRejections (node:internal/process/task_queues:105:5)
    at async query (file:///C:/Users/ludin/Desktop/salidas/scanqueue/backend/src/config/database.js:25:18)
    at async Module.getScansToday (file:///C:/Users/ludin/Desktop/salidas/scanqueue/backend/src/models/Scan.js:23:15)
    at async getTodaySummary (file:///C:/Users/ludin/Desktop/salidas/scanqueue/backend/src/controllers/DashboardController.js:30:24)
Path: /api/dashboard/today

[2026-03-04T12:41:19.983Z] ERROR: 
Stack: AggregateError [ECONNREFUSED]: 
    at C:\Users\ludin\Desktop\salidas\scanqueue\backend\node_modules\pg-pool\index.js:45:11
    at process.processTicksAndRejections (node:internal/process/task_queues:105:5)
    at async query (file:///C:/Users/ludin/Desktop/salidas/scanqueue/backend/src/config/database.js:25:18)
    at async Module.getScansToday (file:///C:/Users/ludin/Desktop/salidas/scanqueue/backend/src/models/Scan.js:23:15)
    at async Module.getScanStatistics (file:///C:/Users/ludin/Desktop/salidas/scanqueue/backend/src/services/ScanService.js:76:24)
    at async getDashboardStats (file:///C:/Users/ludin/Desktop/salidas/scanqueue/backend/src/controllers/DashboardController.js:12:19)
Path: /api/dashboard/stats

[2026-03-04T12:41:19.985Z] ERROR: 
Stack: AggregateError [ECONNREFUSED]: 
    at C:\Users\ludin\Desktop\salidas\scanqueue\backend\node_modules\pg-pool\index.js:45:11
    at process.processTicksAndRejections (node:internal/process/task_queues:105:5)
    at async query (file:///C:/Users/ludin/Desktop/salidas/scanqueue/backend/src/config/database.js:25:18)
    at async Module.getScansToday (file:///C:/Users/ludin/Desktop/salidas/scanqueue/backend/src/models/Scan.js:23:15)
    at async getTodaySummary (file:///C:/Users/ludin/Desktop/salidas/scanqueue/backend/src/controllers/DashboardController.js:30:24)
Path: /api/dashboard/today

[2026-03-04T12:41:20.075Z] ERROR: 
Stack: AggregateError [ECONNREFUSED]: 
    at C:\Users\ludin\Desktop\salidas\scanqueue\backend\node_modules\pg-pool\index.js:45:11
    at process.processTicksAndRejections (node:internal/process/task_queues:105:5)
    at async query (file:///C:/Users/ludin/Desktop/salidas/scanqueue/backend/src/config/database.js:25:18)
    at async Module.getScansToday (file:///C:/Users/ludin/Desktop/salidas/scanqueue/backend/src/models/Scan.js:23:15)
    at async Module.getScanStatistics (file:///C:/Users/ludin/Desktop/salidas/scanqueue/backend/src/services/ScanService.js:76:24)
    at async getDashboardStats (file:///C:/Users/ludin/Desktop/salidas/scanqueue/backend/src/controllers/DashboardController.js:12:19)
Path: /api/dashboard/stats

[2026-03-04T12:41:20.078Z] ERROR: 
Stack: AggregateError [ECONNREFUSED]: 
    at C:\Users\ludin\Desktop\salidas\scanqueue\backend\node_modules\pg-pool\index.js:45:11
    at process.processTicksAndRejections (node:internal/process/task_queues:105:5)
    at async query (file:///C:/Users/ludin/Desktop/salidas/scanqueue/backend/src/config/database.js:25:18)
    at async Module.getScansToday (file:///C:/Users/ludin/Desktop/salidas/scanqueue/backend/src/models/Scan.js:23:15)
    at async getTodaySummary (file:///C:/Users/ludin/Desktop/salidas/scanqueue/backend/src/controllers/DashboardController.js:30:24)
Path: /api/dashboard/today

[2026-03-04T12:41:20.211Z] ERROR: 
Stack: AggregateError [ECONNREFUSED]: 
    at C:\Users\ludin\Desktop\salidas\scanqueue\backend\node_modules\pg-pool\index.js:45:11
    at process.processTicksAndRejections (node:internal/process/task_queues:105:5)
    at async query (file:///C:/Users/ludin/Desktop/salidas/scanqueue/backend/src/config/database.js:25:18)
    at async Module.getScansToday (file:///C:/Users/ludin/Desktop/salidas/scanqueue/backend/src/models/Scan.js:23:15)
    at async Module.getScanStatistics (file:///C:/Users/ludin/Desktop/salidas/scanqueue/backend/src/services/ScanService.js:76:24)
    at async getDashboardStats (file:///C:/Users/ludin/Desktop/salidas/scanqueue/backend/src/controllers/DashboardController.js:12:19)
Path: /api/dashboard/stats

[2026-03-04T12:41:20.214Z] ERROR: 
Stack: AggregateError [ECONNREFUSED]: 
    at C:\Users\ludin\Desktop\salidas\scanqueue\backend\node_modules\pg-pool\index.js:45:11
    at process.processTicksAndRejections (node:internal/process/task_queues:105:5)
    at async query (file:///C:/Users/ludin/Desktop/salidas/scanqueue/backend/src/config/database.js:25:18)
    at async Module.getScansToday (file:///C:/Users/ludin/Desktop/salidas/scanqueue/backend/src/models/Scan.js:23:15)
    at async getTodaySummary (file:///C:/Users/ludin/Desktop/salidas/scanqueue/backend/src/controllers/DashboardController.js:30:24)
Path: /api/dashboard/today

[2026-03-04T12:41:20.327Z] ERROR: 
Stack: AggregateError [ECONNREFUSED]: 
    at C:\Users\ludin\Desktop\salidas\scanqueue\backend\node_modules\pg-pool\index.js:45:11
    at process.processTicksAndRejections (node:internal/process/task_queues:105:5)
    at async query (file:///C:/Users/ludin/Desktop/salidas/scanqueue/backend/src/config/database.js:25:18)
    at async Module.getScansToday (file:///C:/Users/ludin/Desktop/salidas/scanqueue/backend/src/models/Scan.js:23:15)
    at async Module.getScanStatistics (file:///C:/Users/ludin/Desktop/salidas/scanqueue/backend/src/services/ScanService.js:76:24)
    at async getDashboardStats (file:///C:/Users/ludin/Desktop/salidas/scanqueue/backend/src/controllers/DashboardController.js:12:19)
Path: /api/dashboard/stats

[2026-03-04T12:41:20.330Z] ERROR: 
Stack: AggregateError [ECONNREFUSED]: 
    at C:\Users\ludin\Desktop\salidas\scanqueue\backend\node_modules\pg-pool\index.js:45:11
    at process.processTicksAndRejections (node:internal/process/task_queues:105:5)
    at async query (file:///C:/Users/ludin/Desktop/salidas/scanqueue/backend/src/config/database.js:25:18)
    at async Module.getScansToday (file:///C:/Users/ludin/Desktop/salidas/scanqueue/backend/src/models/Scan.js:23:15)
    at async getTodaySummary (file:///C:/Users/ludin/Desktop/salidas/scanqueue/backend/src/controllers/DashboardController.js:30:24)
Path: /api/dashboard/today

[2026-03-04T12:41:20.407Z] ERROR: 
Stack: AggregateError [ECONNREFUSED]: 
    at C:\Users\ludin\Desktop\salidas\scanqueue\backend\node_modules\pg-pool\index.js:45:11
    at process.processTicksAndRejections (node:internal/process/task_queues:105:5)
    at async query (file:///C:/Users/ludin/Desktop/salidas/scanqueue/backend/src/config/database.js:25:18)
    at async Module.getScansToday (file:///C:/Users/ludin/Desktop/salidas/scanqueue/backend/src/models/Scan.js:23:15)
    at async Module.getScanStatistics (file:///C:/Users/ludin/Desktop/salidas/scanqueue/backend/src/services/ScanService.js:76:24)
    at async getDashboardStats (file:///C:/Users/ludin/Desktop/salidas/scanqueue/backend/src/controllers/DashboardController.js:12:19)
Path: /api/dashboard/stats

[2026-03-04T12:41:20.410Z] ERROR: 
Stack: AggregateError [ECONNREFUSED]: 
    at C:\Users\ludin\Desktop\salidas\scanqueue\backend\node_modules\pg-pool\index.js:45:11
    at process.processTicksAndRejections (node:internal/process/task_queues:105:5)
    at async query (file:///C:/Users/ludin/Desktop/salidas/scanqueue/backend/src/config/database.js:25:18)
    at async Module.getScansToday (file:///C:/Users/ludin/Desktop/salidas/scanqueue/backend/src/models/Scan.js:23:15)
    at async getTodaySummary (file:///C:/Users/ludin/Desktop/salidas/scanqueue/backend/src/controllers/DashboardController.js:30:24)
Path: /api/dashboard/today

[2026-03-04T12:41:20.491Z] ERROR: 
Stack: AggregateError [ECONNREFUSED]: 
    at C:\Users\ludin\Desktop\salidas\scanqueue\backend\node_modules\pg-pool\index.js:45:11
    at process.processTicksAndRejections (node:internal/process/task_queues:105:5)
    at async query (file:///C:/Users/ludin/Desktop/salidas/scanqueue/backend/src/config/database.js:25:18)
    at async Module.getScansToday (file:///C:/Users/ludin/Desktop/salidas/scanqueue/backend/src/models/Scan.js:23:15)
    at async Module.getScanStatistics (file:///C:/Users/ludin/Desktop/salidas/scanqueue/backend/src/services/ScanService.js:76:24)
    at async getDashboardStats (file:///C:/Users/ludin/Desktop/salidas/scanqueue/backend/src/controllers/DashboardController.js:12:19)
Path: /api/dashboard/stats

[2026-03-04T12:41:20.493Z] ERROR: 
Stack: AggregateError [ECONNREFUSED]: 
    at C:\Users\ludin\Desktop\salidas\scanqueue\backend\node_modules\pg-pool\index.js:45:11
    at process.processTicksAndRejections (node:internal/process/task_queues:105:5)
    at async query (file:///C:/Users/ludin/Desktop/salidas/scanqueue/backend/src/config/database.js:25:18)
    at async Module.getScansToday (file:///C:/Users/ludin/Desktop/salidas/scanqueue/backend/src/models/Scan.js:23:15)
    at async getTodaySummary (file:///C:/Users/ludin/Desktop/salidas/scanqueue/backend/src/controllers/DashboardController.js:30:24)
Path: /api/dashboard/today

[2026-03-04T12:41:20.589Z] ERROR: 
Stack: AggregateError [ECONNREFUSED]: 
    at C:\Users\ludin\Desktop\salidas\scanqueue\backend\node_modules\pg-pool\index.js:45:11
    at process.processTicksAndRejections (node:internal/process/task_queues:105:5)
    at async query (file:///C:/Users/ludin/Desktop/salidas/scanqueue/backend/src/config/database.js:25:18)
    at async Module.getScansToday (file:///C:/Users/ludin/Desktop/salidas/scanqueue/backend/src/models/Scan.js:23:15)
    at async Module.getScanStatistics (file:///C:/Users/ludin/Desktop/salidas/scanqueue/backend/src/services/ScanService.js:76:24)
    at async getDashboardStats (file:///C:/Users/ludin/Desktop/salidas/scanqueue/backend/src/controllers/DashboardController.js:12:19)
Path: /api/dashboard/stats

[2026-03-04T12:41:20.591Z] ERROR: 
Stack: AggregateError [ECONNREFUSED]: 
    at C:\Users\ludin\Desktop\salidas\scanqueue\backend\node_modules\pg-pool\index.js:45:11
    at process.processTicksAndRejections (node:internal/process/task_queues:105:5)
    at async query (file:///C:/Users/ludin/Desktop/salidas/scanqueue/backend/src/config/database.js:25:18)
    at async Module.getScansToday (file:///C:/Users/ludin/Desktop/salidas/scanqueue/backend/src/models/Scan.js:23:15)
    at async getTodaySummary (file:///C:/Users/ludin/Desktop/salidas/scanqueue/backend/src/controllers/DashboardController.js:30:24)
Path: /api/dashboard/today

[2026-03-04T12:41:20.674Z] ERROR: 
Stack: AggregateError [ECONNREFUSED]: 
    at C:\Users\ludin\Desktop\salidas\scanqueue\backend\node_modules\pg-pool\index.js:45:11
    at process.processTicksAndRejections (node:internal/process/task_queues:105:5)
    at async query (file:///C:/Users/ludin/Desktop/salidas/scanqueue/backend/src/config/database.js:25:18)
    at async Module.getScansToday (file:///C:/Users/ludin/Desktop/salidas/scanqueue/backend/src/models/Scan.js:23:15)
    at async Module.getScanStatistics (file:///C:/Users/ludin/Desktop/salidas/scanqueue/backend/src/services/ScanService.js:76:24)
    at async getDashboardStats (file:///C:/Users/ludin/Desktop/salidas/scanqueue/backend/src/controllers/DashboardController.js:12:19)
Path: /api/dashboard/stats

[2026-03-04T12:41:20.676Z] ERROR: 
Stack: AggregateError [ECONNREFUSED]: 
    at C:\Users\ludin\Desktop\salidas\scanqueue\backend\node_modules\pg-pool\index.js:45:11
    at process.processTicksAndRejections (node:internal/process/task_queues:105:5)
    at async query (file:///C:/Users/ludin/Desktop/salidas/scanqueue/backend/src/config/database.js:25:18)
    at async Module.getScansToday (file:///C:/Users/ludin/Desktop/salidas/scanqueue/backend/src/models/Scan.js:23:15)
    at async getTodaySummary (file:///C:/Users/ludin/Desktop/salidas/scanqueue/backend/src/controllers/DashboardController.js:30:24)
Path: /api/dashboard/today

[2026-03-04T12:41:20.764Z] ERROR: 
Stack: AggregateError [ECONNREFUSED]: 
    at C:\Users\ludin\Desktop\salidas\scanqueue\backend\node_modules\pg-pool\index.js:45:11
    at process.processTicksAndRejections (node:internal/process/task_queues:105:5)
    at async query (file:///C:/Users/ludin/Desktop/salidas/scanqueue/backend/src/config/database.js:25:18)
    at async Module.getScansToday (file:///C:/Users/ludin/Desktop/salidas/scanqueue/backend/src/models/Scan.js:23:15)
    at async Module.getScanStatistics (file:///C:/Users/ludin/Desktop/salidas/scanqueue/backend/src/services/ScanService.js:76:24)
    at async getDashboardStats (file:///C:/Users/ludin/Desktop/salidas/scanqueue/backend/src/controllers/DashboardController.js:12:19)
Path: /api/dashboard/stats

[2026-03-04T12:41:20.767Z] ERROR: 
Stack: AggregateError [ECONNREFUSED]: 
    at C:\Users\ludin\Desktop\salidas\scanqueue\backend\node_modules\pg-pool\index.js:45:11
    at process.processTicksAndRejections (node:internal/process/task_queues:105:5)
    at async query (file:///C:/Users/ludin/Desktop/salidas/scanqueue/backend/src/config/database.js:25:18)
    at async Module.getScansToday (file:///C:/Users/ludin/Desktop/salidas/scanqueue/backend/src/models/Scan.js:23:15)
    at async getTodaySummary (file:///C:/Users/ludin/Desktop/salidas/scanqueue/backend/src/controllers/DashboardController.js:30:24)
Path: /api/dashboard/today

[2026-03-04T12:41:20.875Z] ERROR: 
Stack: AggregateError [ECONNREFUSED]: 
    at C:\Users\ludin\Desktop\salidas\scanqueue\backend\node_modules\pg-pool\index.js:45:11
    at process.processTicksAndRejections (node:internal/process/task_queues:105:5)
    at async query (file:///C:/Users/ludin/Desktop/salidas/scanqueue/backend/src/config/database.js:25:18)
    at async Module.getScansToday (file:///C:/Users/ludin/Desktop/salidas/scanqueue/backend/src/models/Scan.js:23:15)
    at async Module.getScanStatistics (file:///C:/Users/ludin/Desktop/salidas/scanqueue/backend/src/services/ScanService.js:76:24)
    at async getDashboardStats (file:///C:/Users/ludin/Desktop/salidas/scanqueue/backend/src/controllers/DashboardController.js:12:19)
Path: /api/dashboard/stats

[2026-03-04T12:41:20.878Z] ERROR: 
Stack: AggregateError [ECONNREFUSED]: 
    at C:\Users\ludin\Desktop\salidas\scanqueue\backend\node_modules\pg-pool\index.js:45:11
    at process.processTicksAndRejections (node:internal/process/task_queues:105:5)
    at async query (file:///C:/Users/ludin/Desktop/salidas/scanqueue/backend/src/config/database.js:25:18)
    at async Module.getScansToday (file:///C:/Users/ludin/Desktop/salidas/scanqueue/backend/src/models/Scan.js:23:15)
    at async getTodaySummary (file:///C:/Users/ludin/Desktop/salidas/scanqueue/backend/src/controllers/DashboardController.js:30:24)
Path: /api/dashboard/today

[2026-03-04T12:41:20.968Z] ERROR: 
Stack: AggregateError [ECONNREFUSED]: 
    at C:\Users\ludin\Desktop\salidas\scanqueue\backend\node_modules\pg-pool\index.js:45:11
    at process.processTicksAndRejections (node:internal/process/task_queues:105:5)
    at async query (file:///C:/Users/ludin/Desktop/salidas/scanqueue/backend/src/config/database.js:25:18)
    at async Module.getScansToday (file:///C:/Users/ludin/Desktop/salidas/scanqueue/backend/src/models/Scan.js:23:15)
    at async Module.getScanStatistics (file:///C:/Users/ludin/Desktop/salidas/scanqueue/backend/src/services/ScanService.js:76:24)
    at async getDashboardStats (file:///C:/Users/ludin/Desktop/salidas/scanqueue/backend/src/controllers/DashboardController.js:12:19)
Path: /api/dashboard/stats

[2026-03-04T12:41:20.971Z] ERROR: 
Stack: AggregateError [ECONNREFUSED]: 
    at C:\Users\ludin\Desktop\salidas\scanqueue\backend\node_modules\pg-pool\index.js:45:11
    at process.processTicksAndRejections (node:internal/process/task_queues:105:5)
    at async query (file:///C:/Users/ludin/Desktop/salidas/scanqueue/backend/src/config/database.js:25:18)
    at async Module.getScansToday (file:///C:/Users/ludin/Desktop/salidas/scanqueue/backend/src/models/Scan.js:23:15)
    at async getTodaySummary (file:///C:/Users/ludin/Desktop/salidas/scanqueue/backend/src/controllers/DashboardController.js:30:24)
Path: /api/dashboard/today

[2026-03-04T12:41:21.056Z] ERROR: 
Stack: AggregateError [ECONNREFUSED]: 
    at C:\Users\ludin\Desktop\salidas\scanqueue\backend\node_modules\pg-pool\index.js:45:11
    at process.processTicksAndRejections (node:internal/process/task_queues:105:5)
    at async query (file:///C:/Users/ludin/Desktop/salidas/scanqueue/backend/src/config/database.js:25:18)
    at async Module.getScansToday (file:///C:/Users/ludin/Desktop/salidas/scanqueue/backend/src/models/Scan.js:23:15)
    at async Module.getScanStatistics (file:///C:/Users/ludin/Desktop/salidas/scanqueue/backend/src/services/ScanService.js:76:24)
    at async getDashboardStats (file:///C:/Users/ludin/Desktop/salidas/scanqueue/backend/src/controllers/DashboardController.js:12:19)
Path: /api/dashboard/stats

[2026-03-04T12:41:21.059Z] ERROR: 
Stack: AggregateError [ECONNREFUSED]: 
    at C:\Users\ludin\Desktop\salidas\scanqueue\backend\node_modules\pg-pool\index.js:45:11
    at process.processTicksAndRejections (node:internal/process/task_queues:105:5)
    at async query (file:///C:/Users/ludin/Desktop/salidas/scanqueue/backend/src/config/database.js:25:18)
    at async Module.getScansToday (file:///C:/Users/ludin/Desktop/salidas/scanqueue/backend/src/models/Scan.js:23:15)
    at async getTodaySummary (file:///C:/Users/ludin/Desktop/salidas/scanqueue/backend/src/controllers/DashboardController.js:30:24)
Path: /api/dashboard/today

[2026-03-04T12:41:21.203Z] ERROR: 
Stack: AggregateError [ECONNREFUSED]: 
    at C:\Users\ludin\Desktop\salidas\scanqueue\backend\node_modules\pg-pool\index.js:45:11
    at process.processTicksAndRejections (node:internal/process/task_queues:105:5)
    at async query (file:///C:/Users/ludin/Desktop/salidas/scanqueue/backend/src/config/database.js:25:18)
    at async Module.getScansToday (file:///C:/Users/ludin/Desktop/salidas/scanqueue/backend/src/models/Scan.js:23:15)
    at async Module.getScanStatistics (file:///C:/Users/ludin/Desktop/salidas/scanqueue/backend/src/services/ScanService.js:76:24)
    at async getDashboardStats (file:///C:/Users/ludin/Desktop/salidas/scanqueue/backend/src/controllers/DashboardController.js:12:19)
Path: /api/dashboard/stats

[2026-03-04T12:41:21.208Z] ERROR: 
Stack: AggregateError [ECONNREFUSED]: 
    at C:\Users\ludin\Desktop\salidas\scanqueue\backend\node_modules\pg-pool\index.js:45:11
    at process.processTicksAndRejections (node:internal/process/task_queues:105:5)
    at async query (file:///C:/Users/ludin/Desktop/salidas/scanqueue/backend/src/config/database.js:25:18)
    at async Module.getScansToday (file:///C:/Users/ludin/Desktop/salidas/scanqueue/backend/src/models/Scan.js:23:15)
    at async getTodaySummary (file:///C:/Users/ludin/Desktop/salidas/scanqueue/backend/src/controllers/DashboardController.js:30:24)
Path: /api/dashboard/today

[2026-03-04T12:41:21.324Z] ERROR: 
Stack: AggregateError [ECONNREFUSED]: 
    at C:\Users\ludin\Desktop\salidas\scanqueue\backend\node_modules\pg-pool\index.js:45:11
    at process.processTicksAndRejections (node:internal/process/task_queues:105:5)
    at async query (file:///C:/Users/ludin/Desktop/salidas/scanqueue/backend/src/config/database.js:25:18)
    at async Module.getScansToday (file:///C:/Users/ludin/Desktop/salidas/scanqueue/backend/src/models/Scan.js:23:15)
    at async Module.getScanStatistics (file:///C:/Users/ludin/Desktop/salidas/scanqueue/backend/src/services/ScanService.js:76:24)
    at async getDashboardStats (file:///C:/Users/ludin/Desktop/salidas/scanqueue/backend/src/controllers/DashboardController.js:12:19)
Path: /api/dashboard/stats

[2026-03-04T12:41:21.330Z] ERROR: 
Stack: AggregateError [ECONNREFUSED]: 
    at C:\Users\ludin\Desktop\salidas\scanqueue\backend\node_modules\pg-pool\index.js:45:11
    at process.processTicksAndRejections (node:internal/process/task_queues:105:5)
    at async query (file:///C:/Users/ludin/Desktop/salidas/scanqueue/backend/src/config/database.js:25:18)
    at async Module.getScansToday (file:///C:/Users/ludin/Desktop/salidas/scanqueue/backend/src/models/Scan.js:23:15)
    at async getTodaySummary (file:///C:/Users/ludin/Desktop/salidas/scanqueue/backend/src/controllers/DashboardController.js:30:24)
Path: /api/dashboard/today

[2026-03-04T12:41:21.431Z] ERROR: 
Stack: AggregateError [ECONNREFUSED]: 
    at C:\Users\ludin\Desktop\salidas\scanqueue\backend\node_modules\pg-pool\index.js:45:11
    at process.processTicksAndRejections (node:internal/process/task_queues:105:5)
    at async query (file:///C:/Users/ludin/Desktop/salidas/scanqueue/backend/src/config/database.js:25:18)
    at async Module.getScansToday (file:///C:/Users/ludin/Desktop/salidas/scanqueue/backend/src/models/Scan.js:23:15)
    at async Module.getScanStatistics (file:///C:/Users/ludin/Desktop/salidas/scanqueue/backend/src/services/ScanService.js:76:24)
    at async getDashboardStats (file:///C:/Users/ludin/Desktop/salidas/scanqueue/backend/src/controllers/DashboardController.js:12:19)
Path: /api/dashboard/stats

[2026-03-04T12:41:21.433Z] ERROR: 
Stack: AggregateError [ECONNREFUSED]: 
    at C:\Users\ludin\Desktop\salidas\scanqueue\backend\node_modules\pg-pool\index.js:45:11
    at process.processTicksAndRejections (node:internal/process/task_queues:105:5)
    at async query (file:///C:/Users/ludin/Desktop/salidas/scanqueue/backend/src/config/database.js:25:18)
    at async Module.getScansToday (file:///C:/Users/ludin/Desktop/salidas/scanqueue/backend/src/models/Scan.js:23:15)
    at async getTodaySummary (file:///C:/Users/ludin/Desktop/salidas/scanqueue/backend/src/controllers/DashboardController.js:30:24)
Path: /api/dashboard/today

[2026-03-04T12:41:21.583Z] ERROR: 
Stack: AggregateError [ECONNREFUSED]: 
    at C:\Users\ludin\Desktop\salidas\scanqueue\backend\node_modules\pg-pool\index.js:45:11
    at process.processTicksAndRejections (node:internal/process/task_queues:105:5)
    at async query (file:///C:/Users/ludin/Desktop/salidas/scanqueue/backend/src/config/database.js:25:18)
    at async Module.getScansToday (file:///C:/Users/ludin/Desktop/salidas/scanqueue/backend/src/models/Scan.js:23:15)
    at async Module.getScanStatistics (file:///C:/Users/ludin/Desktop/salidas/scanqueue/backend/src/services/ScanService.js:76:24)
    at async getDashboardStats (file:///C:/Users/ludin/Desktop/salidas/scanqueue/backend/src/controllers/DashboardController.js:12:19)
Path: /api/dashboard/stats

[2026-03-04T12:41:21.587Z] ERROR: 
Stack: AggregateError [ECONNREFUSED]: 
    at C:\Users\ludin\Desktop\salidas\scanqueue\backend\node_modules\pg-pool\index.js:45:11
    at process.processTicksAndRejections (node:internal/process/task_queues:105:5)
    at async query (file:///C:/Users/ludin/Desktop/salidas/scanqueue/backend/src/config/database.js:25:18)
    at async Module.getScansToday (file:///C:/Users/ludin/Desktop/salidas/scanqueue/backend/src/models/Scan.js:23:15)
    at async getTodaySummary (file:///C:/Users/ludin/Desktop/salidas/scanqueue/backend/src/controllers/DashboardController.js:30:24)
Path: /api/dashboard/today

[2026-03-04T12:41:21.693Z] ERROR: 
Stack: AggregateError [ECONNREFUSED]: 
    at C:\Users\ludin\Desktop\salidas\scanqueue\backend\node_modules\pg-pool\index.js:45:11
    at process.processTicksAndRejections (node:internal/process/task_queues:105:5)
    at async query (file:///C:/Users/ludin/Desktop/salidas/scanqueue/backend/src/config/database.js:25:18)
    at async Module.getScansToday (file:///C:/Users/ludin/Desktop/salidas/scanqueue/backend/src/models/Scan.js:23:15)
    at async Module.getScanStatistics (file:///C:/Users/ludin/Desktop/salidas/scanqueue/backend/src/services/ScanService.js:76:24)
    at async getDashboardStats (file:///C:/Users/ludin/Desktop/salidas/scanqueue/backend/src/controllers/DashboardController.js:12:19)
Path: /api/dashboard/stats

[2026-03-04T12:41:21.697Z] ERROR: 
Stack: AggregateError [ECONNREFUSED]: 
    at C:\Users\ludin\Desktop\salidas\scanqueue\backend\node_modules\pg-pool\index.js:45:11
    at process.processTicksAndRejections (node:internal/process/task_queues:105:5)
    at async query (file:///C:/Users/ludin/Desktop/salidas/scanqueue/backend/src/config/database.js:25:18)
    at async Module.getScansToday (file:///C:/Users/ludin/Desktop/salidas/scanqueue/backend/src/models/Scan.js:23:15)
    at async getTodaySummary (file:///C:/Users/ludin/Desktop/salidas/scanqueue/backend/src/controllers/DashboardController.js:30:24)
Path: /api/dashboard/today

[2026-03-04T12:41:21.814Z] ERROR: 
Stack: AggregateError [ECONNREFUSED]: 
    at C:\Users\ludin\Desktop\salidas\scanqueue\backend\node_modules\pg-pool\index.js:45:11
    at process.processTicksAndRejections (node:internal/process/task_queues:105:5)
    at async query (file:///C:/Users/ludin/Desktop/salidas/scanqueue/backend/src/config/database.js:25:18)
    at async Module.getScansToday (file:///C:/Users/ludin/Desktop/salidas/scanqueue/backend/src/models/Scan.js:23:15)
    at async Module.getScanStatistics (file:///C:/Users/ludin/Desktop/salidas/scanqueue/backend/src/services/ScanService.js:76:24)
    at async getDashboardStats (file:///C:/Users/ludin/Desktop/salidas/scanqueue/backend/src/controllers/DashboardController.js:12:19)
Path: /api/dashboard/stats

[2026-03-04T12:41:21.820Z] ERROR: 
Stack: AggregateError [ECONNREFUSED]: 
    at C:\Users\ludin\Desktop\salidas\scanqueue\backend\node_modules\pg-pool\index.js:45:11
    at process.processTicksAndRejections (node:internal/process/task_queues:105:5)
    at async query (file:///C:/Users/ludin/Desktop/salidas/scanqueue/backend/src/config/database.js:25:18)
    at async Module.getScansToday (file:///C:/Users/ludin/Desktop/salidas/scanqueue/backend/src/models/Scan.js:23:15)
    at async getTodaySummary (file:///C:/Users/ludin/Desktop/salidas/scanqueue/backend/src/controllers/DashboardController.js:30:24)
Path: /api/dashboard/today

[2026-03-04T12:41:22.098Z] ERROR: 
Stack: AggregateError [ECONNREFUSED]: 
    at C:\Users\ludin\Desktop\salidas\scanqueue\backend\node_modules\pg-pool\index.js:45:11
    at process.processTicksAndRejections (node:internal/process/task_queues:105:5)
    at async query (file:///C:/Users/ludin/Desktop/salidas/scanqueue/backend/src/config/database.js:25:18)
    at async Module.getScansToday (file:///C:/Users/ludin/Desktop/salidas/scanqueue/backend/src/models/Scan.js:23:15)
    at async Module.getScanStatistics (file:///C:/Users/ludin/Desktop/salidas/scanqueue/backend/src/services/ScanService.js:76:24)
    at async getDashboardStats (file:///C:/Users/ludin/Desktop/salidas/scanqueue/backend/src/controllers/DashboardController.js:12:19)
Path: /api/dashboard/stats

[2026-03-04T12:41:22.101Z] ERROR: 
Stack: AggregateError [ECONNREFUSED]: 
    at C:\Users\ludin\Desktop\salidas\scanqueue\backend\node_modules\pg-pool\index.js:45:11
    at process.processTicksAndRejections (node:internal/process/task_queues:105:5)
    at async query (file:///C:/Users/ludin/Desktop/salidas/scanqueue/backend/src/config/database.js:25:18)
    at async Module.getScansToday (file:///C:/Users/ludin/Desktop/salidas/scanqueue/backend/src/models/Scan.js:23:15)
    at async getTodaySummary (file:///C:/Users/ludin/Desktop/salidas/scanqueue/backend/src/controllers/DashboardController.js:30:24)
Path: /api/dashboard/today

[2026-03-04T12:41:22.219Z] ERROR: 
Stack: AggregateError [ECONNREFUSED]: 
    at C:\Users\ludin\Desktop\salidas\scanqueue\backend\node_modules\pg-pool\index.js:45:11
    at process.processTicksAndRejections (node:internal/process/task_queues:105:5)
    at async query (file:///C:/Users/ludin/Desktop/salidas/scanqueue/backend/src/config/database.js:25:18)
    at async Module.getScansToday (file:///C:/Users/ludin/Desktop/salidas/scanqueue/backend/src/models/Scan.js:23:15)
    at async Module.getScanStatistics (file:///C:/Users/ludin/Desktop/salidas/scanqueue/backend/src/services/ScanService.js:76:24)
    at async getDashboardStats (file:///C:/Users/ludin/Desktop/salidas/scanqueue/backend/src/controllers/DashboardController.js:12:19)
Path: /api/dashboard/stats

[2026-03-04T12:41:22.222Z] ERROR: 
Stack: AggregateError [ECONNREFUSED]: 
    at C:\Users\ludin\Desktop\salidas\scanqueue\backend\node_modules\pg-pool\index.js:45:11
    at process.processTicksAndRejections (node:internal/process/task_queues:105:5)
    at async query (file:///C:/Users/ludin/Desktop/salidas/scanqueue/backend/src/config/database.js:25:18)
    at async Module.getScansToday (file:///C:/Users/ludin/Desktop/salidas/scanqueue/backend/src/models/Scan.js:23:15)
    at async getTodaySummary (file:///C:/Users/ludin/Desktop/salidas/scanqueue/backend/src/controllers/DashboardController.js:30:24)
Path: /api/dashboard/today

[2026-03-04T12:41:22.326Z] ERROR: 
Stack: AggregateError [ECONNREFUSED]: 
    at C:\Users\ludin\Desktop\salidas\scanqueue\backend\node_modules\pg-pool\index.js:45:11
    at process.processTicksAndRejections (node:internal/process/task_queues:105:5)
    at async query (file:///C:/Users/ludin/Desktop/salidas/scanqueue/backend/src/config/database.js:25:18)
    at async Module.getScansToday (file:///C:/Users/ludin/Desktop/salidas/scanqueue/backend/src/models/Scan.js:23:15)
    at async Module.getScanStatistics (file:///C:/Users/ludin/Desktop/salidas/scanqueue/backend/src/services/ScanService.js:76:24)
    at async getDashboardStats (file:///C:/Users/ludin/Desktop/salidas/scanqueue/backend/src/controllers/DashboardController.js:12:19)
Path: /api/dashboard/stats

[2026-03-04T12:41:22.328Z] ERROR: 
Stack: AggregateError [ECONNREFUSED]: 
    at C:\Users\ludin\Desktop\salidas\scanqueue\backend\node_modules\pg-pool\index.js:45:11
    at process.processTicksAndRejections (node:internal/process/task_queues:105:5)
    at async query (file:///C:/Users/ludin/Desktop/salidas/scanqueue/backend/src/config/database.js:25:18)
    at async Module.getScansToday (file:///C:/Users/ludin/Desktop/salidas/scanqueue/backend/src/models/Scan.js:23:15)
    at async getTodaySummary (file:///C:/Users/ludin/Desktop/salidas/scanqueue/backend/src/controllers/DashboardController.js:30:24)
Path: /api/dashboard/today

[2026-03-04T12:41:22.447Z] ERROR: 
Stack: AggregateError [ECONNREFUSED]: 
    at C:\Users\ludin\Desktop\salidas\scanqueue\backend\node_modules\pg-pool\index.js:45:11
    at process.processTicksAndRejections (node:internal/process/task_queues:105:5)
    at async query (file:///C:/Users/ludin/Desktop/salidas/scanqueue/backend/src/config/database.js:25:18)
    at async Module.getScansToday (file:///C:/Users/ludin/Desktop/salidas/scanqueue/backend/src/models/Scan.js:23:15)
    at async Module.getScanStatistics (file:///C:/Users/ludin/Desktop/salidas/scanqueue/backend/src/services/ScanService.js:76:24)
    at async getDashboardStats (file:///C:/Users/ludin/Desktop/salidas/scanqueue/backend/src/controllers/DashboardController.js:12:19)
Path: /api/dashboard/stats

[2026-03-04T12:41:22.449Z] ERROR: 
Stack: AggregateError [ECONNREFUSED]: 
    at C:\Users\ludin\Desktop\salidas\scanqueue\backend\node_modules\pg-pool\index.js:45:11
    at process.processTicksAndRejections (node:internal/process/task_queues:105:5)
    at async query (file:///C:/Users/ludin/Desktop/salidas/scanqueue/backend/src/config/database.js:25:18)
    at async Module.getScansToday (file:///C:/Users/ludin/Desktop/salidas/scanqueue/backend/src/models/Scan.js:23:15)
    at async getTodaySummary (file:///C:/Users/ludin/Desktop/salidas/scanqueue/backend/src/controllers/DashboardController.js:30:24)
Path: /api/dashboard/today

[2026-03-04T12:41:22.557Z] ERROR: 
Stack: AggregateError [ECONNREFUSED]: 
    at C:\Users\ludin\Desktop\salidas\scanqueue\backend\node_modules\pg-pool\index.js:45:11
    at process.processTicksAndRejections (node:internal/process/task_queues:105:5)
    at async query (file:///C:/Users/ludin/Desktop/salidas/scanqueue/backend/src/config/database.js:25:18)
    at async Module.getScansToday (file:///C:/Users/ludin/Desktop/salidas/scanqueue/backend/src/models/Scan.js:23:15)
    at async Module.getScanStatistics (file:///C:/Users/ludin/Desktop/salidas/scanqueue/backend/src/services/ScanService.js:76:24)
    at async getDashboardStats (file:///C:/Users/ludin/Desktop/salidas/scanqueue/backend/src/controllers/DashboardController.js:12:19)
Path: /api/dashboard/stats

[2026-03-04T12:41:22.560Z] ERROR: 
Stack: AggregateError [ECONNREFUSED]: 
    at C:\Users\ludin\Desktop\salidas\scanqueue\backend\node_modules\pg-pool\index.js:45:11
    at process.processTicksAndRejections (node:internal/process/task_queues:105:5)
    at async query (file:///C:/Users/ludin/Desktop/salidas/scanqueue/backend/src/config/database.js:25:18)
    at async Module.getScansToday (file:///C:/Users/ludin/Desktop/salidas/scanqueue/backend/src/models/Scan.js:23:15)
    at async getTodaySummary (file:///C:/Users/ludin/Desktop/salidas/scanqueue/backend/src/controllers/DashboardController.js:30:24)
Path: /api/dashboard/today

[2026-03-04T12:41:22.746Z] ERROR: 
Stack: AggregateError [ECONNREFUSED]: 
    at C:\Users\ludin\Desktop\salidas\scanqueue\backend\node_modules\pg-pool\index.js:45:11
    at process.processTicksAndRejections (node:internal/process/task_queues:105:5)
    at async query (file:///C:/Users/ludin/Desktop/salidas/scanqueue/backend/src/config/database.js:25:18)
    at async Module.getScansToday (file:///C:/Users/ludin/Desktop/salidas/scanqueue/backend/src/models/Scan.js:23:15)
    at async Module.getScanStatistics (file:///C:/Users/ludin/Desktop/salidas/scanqueue/backend/src/services/ScanService.js:76:24)
    at async getDashboardStats (file:///C:/Users/ludin/Desktop/salidas/scanqueue/backend/src/controllers/DashboardController.js:12:19)
Path: /api/dashboard/stats

[2026-03-04T12:41:22.749Z] ERROR: 
Stack: AggregateError [ECONNREFUSED]: 
    at C:\Users\ludin\Desktop\salidas\scanqueue\backend\node_modules\pg-pool\index.js:45:11
    at process.processTicksAndRejections (node:internal/process/task_queues:105:5)
    at async query (file:///C:/Users/ludin/Desktop/salidas/scanqueue/backend/src/config/database.js:25:18)
    at async Module.getScansToday (file:///C:/Users/ludin/Desktop/salidas/scanqueue/backend/src/models/Scan.js:23:15)
    at async getTodaySummary (file:///C:/Users/ludin/Desktop/salidas/scanqueue/backend/src/controllers/DashboardController.js:30:24)
Path: /api/dashboard/today

[2026-03-04T12:41:22.914Z] ERROR: 
Stack: AggregateError [ECONNREFUSED]: 
    at C:\Users\ludin\Desktop\salidas\scanqueue\backend\node_modules\pg-pool\index.js:45:11
    at process.processTicksAndRejections (node:internal/process/task_queues:105:5)
    at async query (file:///C:/Users/ludin/Desktop/salidas/scanqueue/backend/src/config/database.js:25:18)
    at async Module.getScansToday (file:///C:/Users/ludin/Desktop/salidas/scanqueue/backend/src/models/Scan.js:23:15)
    at async Module.getScanStatistics (file:///C:/Users/ludin/Desktop/salidas/scanqueue/backend/src/services/ScanService.js:76:24)
    at async getDashboardStats (file:///C:/Users/ludin/Desktop/salidas/scanqueue/backend/src/controllers/DashboardController.js:12:19)
Path: /api/dashboard/stats

[2026-03-04T12:41:22.917Z] ERROR: 
Stack: AggregateError [ECONNREFUSED]: 
    at C:\Users\ludin\Desktop\salidas\scanqueue\backend\node_modules\pg-pool\index.js:45:11
    at process.processTicksAndRejections (node:internal/process/task_queues:105:5)
    at async query (file:///C:/Users/ludin/Desktop/salidas/scanqueue/backend/src/config/database.js:25:18)
    at async Module.getScansToday (file:///C:/Users/ludin/Desktop/salidas/scanqueue/backend/src/models/Scan.js:23:15)
    at async getTodaySummary (file:///C:/Users/ludin/Desktop/salidas/scanqueue/backend/src/controllers/DashboardController.js:30:24)
Path: /api/dashboard/today

[2026-03-04T12:41:23.062Z] ERROR: 
Stack: AggregateError [ECONNREFUSED]: 
    at C:\Users\ludin\Desktop\salidas\scanqueue\backend\node_modules\pg-pool\index.js:45:11
    at process.processTicksAndRejections (node:internal/process/task_queues:105:5)
    at async query (file:///C:/Users/ludin/Desktop/salidas/scanqueue/backend/src/config/database.js:25:18)
    at async Module.getScansToday (file:///C:/Users/ludin/Desktop/salidas/scanqueue/backend/src/models/Scan.js:23:15)
    at async Module.getScanStatistics (file:///C:/Users/ludin/Desktop/salidas/scanqueue/backend/src/services/ScanService.js:76:24)
    at async getDashboardStats (file:///C:/Users/ludin/Desktop/salidas/scanqueue/backend/src/controllers/DashboardController.js:12:19)
Path: /api/dashboard/stats

[2026-03-04T12:41:23.066Z] ERROR: 
Stack: AggregateError [ECONNREFUSED]: 
    at C:\Users\ludin\Desktop\salidas\scanqueue\backend\node_modules\pg-pool\index.js:45:11
    at process.processTicksAndRejections (node:internal/process/task_queues:105:5)
    at async query (file:///C:/Users/ludin/Desktop/salidas/scanqueue/backend/src/config/database.js:25:18)
    at async Module.getScansToday (file:///C:/Users/ludin/Desktop/salidas/scanqueue/backend/src/models/Scan.js:23:15)
    at async getTodaySummary (file:///C:/Users/ludin/Desktop/salidas/scanqueue/backend/src/controllers/DashboardController.js:30:24)
Path: /api/dashboard/today

[2026-03-04T12:41:23.241Z] ERROR: 
Stack: AggregateError [ECONNREFUSED]: 
    at C:\Users\ludin\Desktop\salidas\scanqueue\backend\node_modules\pg-pool\index.js:45:11
    at process.processTicksAndRejections (node:internal/process/task_queues:105:5)
    at async query (file:///C:/Users/ludin/Desktop/salidas/scanqueue/backend/src/config/database.js:25:18)
    at async Module.getScansToday (file:///C:/Users/ludin/Desktop/salidas/scanqueue/backend/src/models/Scan.js:23:15)
    at async Module.getScanStatistics (file:///C:/Users/ludin/Desktop/salidas/scanqueue/backend/src/services/ScanService.js:76:24)
    at async getDashboardStats (file:///C:/Users/ludin/Desktop/salidas/scanqueue/backend/src/controllers/DashboardController.js:12:19)
Path: /api/dashboard/stats

[2026-03-04T12:41:23.244Z] ERROR: 
Stack: AggregateError [ECONNREFUSED]: 
    at C:\Users\ludin\Desktop\salidas\scanqueue\backend\node_modules\pg-pool\index.js:45:11
    at process.processTicksAndRejections (node:internal/process/task_queues:105:5)
    at async query (file:///C:/Users/ludin/Desktop/salidas/scanqueue/backend/src/config/database.js:25:18)
    at async Module.getScansToday (file:///C:/Users/ludin/Desktop/salidas/scanqueue/backend/src/models/Scan.js:23:15)
    at async getTodaySummary (file:///C:/Users/ludin/Desktop/salidas/scanqueue/backend/src/controllers/DashboardController.js:30:24)
Path: /api/dashboard/today

[2026-03-04T12:41:23.428Z] ERROR: 
Stack: AggregateError [ECONNREFUSED]: 
    at C:\Users\ludin\Desktop\salidas\scanqueue\backend\node_modules\pg-pool\index.js:45:11
    at process.processTicksAndRejections (node:internal/process/task_queues:105:5)
    at async query (file:///C:/Users/ludin/Desktop/salidas/scanqueue/backend/src/config/database.js:25:18)
    at async Module.getScansToday (file:///C:/Users/ludin/Desktop/salidas/scanqueue/backend/src/models/Scan.js:23:15)
    at async Module.getScanStatistics (file:///C:/Users/ludin/Desktop/salidas/scanqueue/backend/src/services/ScanService.js:76:24)
    at async getDashboardStats (file:///C:/Users/ludin/Desktop/salidas/scanqueue/backend/src/controllers/DashboardController.js:12:19)
Path: /api/dashboard/stats

[2026-03-04T12:41:23.430Z] ERROR: 
Stack: AggregateError [ECONNREFUSED]: 
    at C:\Users\ludin\Desktop\salidas\scanqueue\backend\node_modules\pg-pool\index.js:45:11
    at process.processTicksAndRejections (node:internal/process/task_queues:105:5)
    at async query (file:///C:/Users/ludin/Desktop/salidas/scanqueue/backend/src/config/database.js:25:18)
    at async Module.getScansToday (file:///C:/Users/ludin/Desktop/salidas/scanqueue/backend/src/models/Scan.js:23:15)
    at async getTodaySummary (file:///C:/Users/ludin/Desktop/salidas/scanqueue/backend/src/controllers/DashboardController.js:30:24)
Path: /api/dashboard/today

[2026-03-04T12:41:23.611Z] ERROR: 
Stack: AggregateError [ECONNREFUSED]: 
    at C:\Users\ludin\Desktop\salidas\scanqueue\backend\node_modules\pg-pool\index.js:45:11
    at process.processTicksAndRejections (node:internal/process/task_queues:105:5)
    at async query (file:///C:/Users/ludin/Desktop/salidas/scanqueue/backend/src/config/database.js:25:18)
    at async Module.getScansToday (file:///C:/Users/ludin/Desktop/salidas/scanqueue/backend/src/models/Scan.js:23:15)
    at async Module.getScanStatistics (file:///C:/Users/ludin/Desktop/salidas/scanqueue/backend/src/services/ScanService.js:76:24)
    at async getDashboardStats (file:///C:/Users/ludin/Desktop/salidas/scanqueue/backend/src/controllers/DashboardController.js:12:19)
Path: /api/dashboard/stats

[2026-03-04T12:41:23.615Z] ERROR: 
Stack: AggregateError [ECONNREFUSED]: 
    at C:\Users\ludin\Desktop\salidas\scanqueue\backend\node_modules\pg-pool\index.js:45:11
    at process.processTicksAndRejections (node:internal/process/task_queues:105:5)
    at async query (file:///C:/Users/ludin/Desktop/salidas/scanqueue/backend/src/config/database.js:25:18)
    at async Module.getScansToday (file:///C:/Users/ludin/Desktop/salidas/scanqueue/backend/src/models/Scan.js:23:15)
    at async getTodaySummary (file:///C:/Users/ludin/Desktop/salidas/scanqueue/backend/src/controllers/DashboardController.js:30:24)
Path: /api/dashboard/today

[2026-03-04T12:41:23.866Z] ERROR: 
Stack: AggregateError [ECONNREFUSED]: 
    at C:\Users\ludin\Desktop\salidas\scanqueue\backend\node_modules\pg-pool\index.js:45:11
    at process.processTicksAndRejections (node:internal/process/task_queues:105:5)
    at async query (file:///C:/Users/ludin/Desktop/salidas/scanqueue/backend/src/config/database.js:25:18)
    at async Module.getScansToday (file:///C:/Users/ludin/Desktop/salidas/scanqueue/backend/src/models/Scan.js:23:15)
    at async Module.getScanStatistics (file:///C:/Users/ludin/Desktop/salidas/scanqueue/backend/src/services/ScanService.js:76:24)
    at async getDashboardStats (file:///C:/Users/ludin/Desktop/salidas/scanqueue/backend/src/controllers/DashboardController.js:12:19)
Path: /api/dashboard/stats

[2026-03-04T12:41:23.870Z] ERROR: 
Stack: AggregateError [ECONNREFUSED]: 
    at C:\Users\ludin\Desktop\salidas\scanqueue\backend\node_modules\pg-pool\index.js:45:11
    at process.processTicksAndRejections (node:internal/process/task_queues:105:5)
    at async query (file:///C:/Users/ludin/Desktop/salidas/scanqueue/backend/src/config/database.js:25:18)
    at async Module.getScansToday (file:///C:/Users/ludin/Desktop/salidas/scanqueue/backend/src/models/Scan.js:23:15)
    at async getTodaySummary (file:///C:/Users/ludin/Desktop/salidas/scanqueue/backend/src/controllers/DashboardController.js:30:24)
Path: /api/dashboard/today

[2026-03-04T12:41:23.981Z] ERROR: 
Stack: AggregateError [ECONNREFUSED]: 
    at C:\Users\ludin\Desktop\salidas\scanqueue\backend\node_modules\pg-pool\index.js:45:11
    at process.processTicksAndRejections (node:internal/process/task_queues:105:5)
    at async query (file:///C:/Users/ludin/Desktop/salidas/scanqueue/backend/src/config/database.js:25:18)
    at async Module.getScansToday (file:///C:/Users/ludin/Desktop/salidas/scanqueue/backend/src/models/Scan.js:23:15)
    at async Module.getScanStatistics (file:///C:/Users/ludin/Desktop/salidas/scanqueue/backend/src/services/ScanService.js:76:24)
    at async getDashboardStats (file:///C:/Users/ludin/Desktop/salidas/scanqueue/backend/src/controllers/DashboardController.js:12:19)
Path: /api/dashboard/stats

[2026-03-04T12:41:23.983Z] ERROR: 
Stack: AggregateError [ECONNREFUSED]: 
    at C:\Users\ludin\Desktop\salidas\scanqueue\backend\node_modules\pg-pool\index.js:45:11
    at process.processTicksAndRejections (node:internal/process/task_queues:105:5)
    at async query (file:///C:/Users/ludin/Desktop/salidas/scanqueue/backend/src/config/database.js:25:18)
    at async Module.getScansToday (file:///C:/Users/ludin/Desktop/salidas/scanqueue/backend/src/models/Scan.js:23:15)
    at async getTodaySummary (file:///C:/Users/ludin/Desktop/salidas/scanqueue/backend/src/controllers/DashboardController.js:30:24)
Path: /api/dashboard/today

[2026-03-04T12:41:24.124Z] ERROR: 
Stack: AggregateError [ECONNREFUSED]: 
    at C:\Users\ludin\Desktop\salidas\scanqueue\backend\node_modules\pg-pool\index.js:45:11
    at process.processTicksAndRejections (node:internal/process/task_queues:105:5)
    at async query (file:///C:/Users/ludin/Desktop/salidas/scanqueue/backend/src/config/database.js:25:18)
    at async Module.getScansToday (file:///C:/Users/ludin/Desktop/salidas/scanqueue/backend/src/models/Scan.js:23:15)
    at async Module.getScanStatistics (file:///C:/Users/ludin/Desktop/salidas/scanqueue/backend/src/services/ScanService.js:76:24)
    at async getDashboardStats (file:///C:/Users/ludin/Desktop/salidas/scanqueue/backend/src/controllers/DashboardController.js:12:19)
Path: /api/dashboard/stats

[2026-03-04T12:41:24.126Z] ERROR: 
Stack: AggregateError [ECONNREFUSED]: 
    at C:\Users\ludin\Desktop\salidas\scanqueue\backend\node_modules\pg-pool\index.js:45:11
    at process.processTicksAndRejections (node:internal/process/task_queues:105:5)
    at async query (file:///C:/Users/ludin/Desktop/salidas/scanqueue/backend/src/config/database.js:25:18)
    at async Module.getScansToday (file:///C:/Users/ludin/Desktop/salidas/scanqueue/backend/src/models/Scan.js:23:15)
    at async getTodaySummary (file:///C:/Users/ludin/Desktop/salidas/scanqueue/backend/src/controllers/DashboardController.js:30:24)
Path: /api/dashboard/today

[2026-03-04T12:41:24.303Z] ERROR: 
Stack: AggregateError [ECONNREFUSED]: 
    at C:\Users\ludin\Desktop\salidas\scanqueue\backend\node_modules\pg-pool\index.js:45:11
    at process.processTicksAndRejections (node:internal/process/task_queues:105:5)
    at async query (file:///C:/Users/ludin/Desktop/salidas/scanqueue/backend/src/config/database.js:25:18)
    at async Module.getScansToday (file:///C:/Users/ludin/Desktop/salidas/scanqueue/backend/src/models/Scan.js:23:15)
    at async Module.getScanStatistics (file:///C:/Users/ludin/Desktop/salidas/scanqueue/backend/src/services/ScanService.js:76:24)
    at async getDashboardStats (file:///C:/Users/ludin/Desktop/salidas/scanqueue/backend/src/controllers/DashboardController.js:12:19)
Path: /api/dashboard/stats

[2026-03-04T12:41:24.305Z] ERROR: 
Stack: AggregateError [ECONNREFUSED]: 
    at C:\Users\ludin\Desktop\salidas\scanqueue\backend\node_modules\pg-pool\index.js:45:11
    at process.processTicksAndRejections (node:internal/process/task_queues:105:5)
    at async query (file:///C:/Users/ludin/Desktop/salidas/scanqueue/backend/src/config/database.js:25:18)
    at async Module.getScansToday (file:///C:/Users/ludin/Desktop/salidas/scanqueue/backend/src/models/Scan.js:23:15)
    at async getTodaySummary (file:///C:/Users/ludin/Desktop/salidas/scanqueue/backend/src/controllers/DashboardController.js:30:24)
Path: /api/dashboard/today

[2026-03-04T12:41:24.502Z] ERROR: 
Stack: AggregateError [ECONNREFUSED]: 
    at C:\Users\ludin\Desktop\salidas\scanqueue\backend\node_modules\pg-pool\index.js:45:11
    at process.processTicksAndRejections (node:internal/process/task_queues:105:5)
    at async query (file:///C:/Users/ludin/Desktop/salidas/scanqueue/backend/src/config/database.js:25:18)
    at async Module.getScansToday (file:///C:/Users/ludin/Desktop/salidas/scanqueue/backend/src/models/Scan.js:23:15)
    at async Module.getScanStatistics (file:///C:/Users/ludin/Desktop/salidas/scanqueue/backend/src/services/ScanService.js:76:24)
    at async getDashboardStats (file:///C:/Users/ludin/Desktop/salidas/scanqueue/backend/src/controllers/DashboardController.js:12:19)
Path: /api/dashboard/stats

[2026-03-04T12:41:24.505Z] ERROR: 
Stack: AggregateError [ECONNREFUSED]: 
    at C:\Users\ludin\Desktop\salidas\scanqueue\backend\node_modules\pg-pool\index.js:45:11
    at process.processTicksAndRejections (node:internal/process/task_queues:105:5)
    at async query (file:///C:/Users/ludin/Desktop/salidas/scanqueue/backend/src/config/database.js:25:18)
    at async Module.getScansToday (file:///C:/Users/ludin/Desktop/salidas/scanqueue/backend/src/models/Scan.js:23:15)
    at async getTodaySummary (file:///C:/Users/ludin/Desktop/salidas/scanqueue/backend/src/controllers/DashboardController.js:30:24)
Path: /api/dashboard/today

[2026-03-04T12:41:24.676Z] ERROR: 
Stack: AggregateError [ECONNREFUSED]: 
    at C:\Users\ludin\Desktop\salidas\scanqueue\backend\node_modules\pg-pool\index.js:45:11
    at process.processTicksAndRejections (node:internal/process/task_queues:105:5)
    at async query (file:///C:/Users/ludin/Desktop/salidas/scanqueue/backend/src/config/database.js:25:18)
    at async Module.getScansToday (file:///C:/Users/ludin/Desktop/salidas/scanqueue/backend/src/models/Scan.js:23:15)
    at async Module.getScanStatistics (file:///C:/Users/ludin/Desktop/salidas/scanqueue/backend/src/services/ScanService.js:76:24)
    at async getDashboardStats (file:///C:/Users/ludin/Desktop/salidas/scanqueue/backend/src/controllers/DashboardController.js:12:19)
Path: /api/dashboard/stats

[2026-03-04T12:41:24.678Z] ERROR: 
Stack: AggregateError [ECONNREFUSED]: 
    at C:\Users\ludin\Desktop\salidas\scanqueue\backend\node_modules\pg-pool\index.js:45:11
    at process.processTicksAndRejections (node:internal/process/task_queues:105:5)
    at async query (file:///C:/Users/ludin/Desktop/salidas/scanqueue/backend/src/config/database.js:25:18)
    at async Module.getScansToday (file:///C:/Users/ludin/Desktop/salidas/scanqueue/backend/src/models/Scan.js:23:15)
    at async getTodaySummary (file:///C:/Users/ludin/Desktop/salidas/scanqueue/backend/src/controllers/DashboardController.js:30:24)
Path: /api/dashboard/today

[2026-03-04T12:41:24.826Z] ERROR: 
Stack: AggregateError [ECONNREFUSED]: 
    at C:\Users\ludin\Desktop\salidas\scanqueue\backend\node_modules\pg-pool\index.js:45:11
    at process.processTicksAndRejections (node:internal/process/task_queues:105:5)
    at async query (file:///C:/Users/ludin/Desktop/salidas/scanqueue/backend/src/config/database.js:25:18)
    at async Module.getScansToday (file:///C:/Users/ludin/Desktop/salidas/scanqueue/backend/src/models/Scan.js:23:15)
    at async Module.getScanStatistics (file:///C:/Users/ludin/Desktop/salidas/scanqueue/backend/src/services/ScanService.js:76:24)
    at async getDashboardStats (file:///C:/Users/ludin/Desktop/salidas/scanqueue/backend/src/controllers/DashboardController.js:12:19)
Path: /api/dashboard/stats

[2026-03-04T12:41:24.828Z] ERROR: 
Stack: AggregateError [ECONNREFUSED]: 
    at C:\Users\ludin\Desktop\salidas\scanqueue\backend\node_modules\pg-pool\index.js:45:11
    at process.processTicksAndRejections (node:internal/process/task_queues:105:5)
    at async query (file:///C:/Users/ludin/Desktop/salidas/scanqueue/backend/src/config/database.js:25:18)
    at async Module.getScansToday (file:///C:/Users/ludin/Desktop/salidas/scanqueue/backend/src/models/Scan.js:23:15)
    at async getTodaySummary (file:///C:/Users/ludin/Desktop/salidas/scanqueue/backend/src/controllers/DashboardController.js:30:24)
Path: /api/dashboard/today

[2026-03-04T12:41:25.034Z] ERROR: 
Stack: AggregateError [ECONNREFUSED]: 
    at C:\Users\ludin\Desktop\salidas\scanqueue\backend\node_modules\pg-pool\index.js:45:11
    at process.processTicksAndRejections (node:internal/process/task_queues:105:5)
    at async query (file:///C:/Users/ludin/Desktop/salidas/scanqueue/backend/src/config/database.js:25:18)
    at async Module.getScansToday (file:///C:/Users/ludin/Desktop/salidas/scanqueue/backend/src/models/Scan.js:23:15)
    at async Module.getScanStatistics (file:///C:/Users/ludin/Desktop/salidas/scanqueue/backend/src/services/ScanService.js:76:24)
    at async getDashboardStats (file:///C:/Users/ludin/Desktop/salidas/scanqueue/backend/src/controllers/DashboardController.js:12:19)
Path: /api/dashboard/stats

[2026-03-04T12:41:25.037Z] ERROR: 
Stack: AggregateError [ECONNREFUSED]: 
    at C:\Users\ludin\Desktop\salidas\scanqueue\backend\node_modules\pg-pool\index.js:45:11
    at process.processTicksAndRejections (node:internal/process/task_queues:105:5)
    at async query (file:///C:/Users/ludin/Desktop/salidas/scanqueue/backend/src/config/database.js:25:18)
    at async Module.getScansToday (file:///C:/Users/ludin/Desktop/salidas/scanqueue/backend/src/models/Scan.js:23:15)
    at async getTodaySummary (file:///C:/Users/ludin/Desktop/salidas/scanqueue/backend/src/controllers/DashboardController.js:30:24)
Path: /api/dashboard/today

[2026-03-04T12:41:25.150Z] ERROR: 
Stack: AggregateError [ECONNREFUSED]: 
    at C:\Users\ludin\Desktop\salidas\scanqueue\backend\node_modules\pg-pool\index.js:45:11
    at process.processTicksAndRejections (node:internal/process/task_queues:105:5)
    at async query (file:///C:/Users/ludin/Desktop/salidas/scanqueue/backend/src/config/database.js:25:18)
    at async Module.getScansToday (file:///C:/Users/ludin/Desktop/salidas/scanqueue/backend/src/models/Scan.js:23:15)
    at async Module.getScanStatistics (file:///C:/Users/ludin/Desktop/salidas/scanqueue/backend/src/services/ScanService.js:76:24)
    at async getDashboardStats (file:///C:/Users/ludin/Desktop/salidas/scanqueue/backend/src/controllers/DashboardController.js:12:19)
Path: /api/dashboard/stats

[2026-03-04T12:41:25.152Z] ERROR: 
Stack: AggregateError [ECONNREFUSED]: 
    at C:\Users\ludin\Desktop\salidas\scanqueue\backend\node_modules\pg-pool\index.js:45:11
    at process.processTicksAndRejections (node:internal/process/task_queues:105:5)
    at async query (file:///C:/Users/ludin/Desktop/salidas/scanqueue/backend/src/config/database.js:25:18)
    at async Module.getScansToday (file:///C:/Users/ludin/Desktop/salidas/scanqueue/backend/src/models/Scan.js:23:15)
    at async getTodaySummary (file:///C:/Users/ludin/Desktop/salidas/scanqueue/backend/src/controllers/DashboardController.js:30:24)
Path: /api/dashboard/today

[2026-03-04T12:41:25.274Z] ERROR: 
Stack: AggregateError [ECONNREFUSED]: 
    at C:\Users\ludin\Desktop\salidas\scanqueue\backend\node_modules\pg-pool\index.js:45:11
    at process.processTicksAndRejections (node:internal/process/task_queues:105:5)
    at async query (file:///C:/Users/ludin/Desktop/salidas/scanqueue/backend/src/config/database.js:25:18)
    at async Module.getScansToday (file:///C:/Users/ludin/Desktop/salidas/scanqueue/backend/src/models/Scan.js:23:15)
    at async Module.getScanStatistics (file:///C:/Users/ludin/Desktop/salidas/scanqueue/backend/src/services/ScanService.js:76:24)
    at async getDashboardStats (file:///C:/Users/ludin/Desktop/salidas/scanqueue/backend/src/controllers/DashboardController.js:12:19)
Path: /api/dashboard/stats

[2026-03-04T12:41:25.279Z] ERROR: 
Stack: AggregateError [ECONNREFUSED]: 
    at C:\Users\ludin\Desktop\salidas\scanqueue\backend\node_modules\pg-pool\index.js:45:11
    at process.processTicksAndRejections (node:internal/process/task_queues:105:5)
    at async query (file:///C:/Users/ludin/Desktop/salidas/scanqueue/backend/src/config/database.js:25:18)
    at async Module.getScansToday (file:///C:/Users/ludin/Desktop/salidas/scanqueue/backend/src/models/Scan.js:23:15)
    at async getTodaySummary (file:///C:/Users/ludin/Desktop/salidas/scanqueue/backend/src/controllers/DashboardController.js:30:24)
Path: /api/dashboard/today

[2026-03-04T12:41:25.483Z] ERROR: 
Stack: AggregateError [ECONNREFUSED]: 
    at C:\Users\ludin\Desktop\salidas\scanqueue\backend\node_modules\pg-pool\index.js:45:11
    at process.processTicksAndRejections (node:internal/process/task_queues:105:5)
    at async query (file:///C:/Users/ludin/Desktop/salidas/scanqueue/backend/src/config/database.js:25:18)
    at async Module.getScansToday (file:///C:/Users/ludin/Desktop/salidas/scanqueue/backend/src/models/Scan.js:23:15)
    at async Module.getScanStatistics (file:///C:/Users/ludin/Desktop/salidas/scanqueue/backend/src/services/ScanService.js:76:24)
    at async getDashboardStats (file:///C:/Users/ludin/Desktop/salidas/scanqueue/backend/src/controllers/DashboardController.js:12:19)
Path: /api/dashboard/stats

[2026-03-04T12:41:25.488Z] ERROR: 
Stack: AggregateError [ECONNREFUSED]: 
    at C:\Users\ludin\Desktop\salidas\scanqueue\backend\node_modules\pg-pool\index.js:45:11
    at process.processTicksAndRejections (node:internal/process/task_queues:105:5)
    at async query (file:///C:/Users/ludin/Desktop/salidas/scanqueue/backend/src/config/database.js:25:18)
    at async Module.getScansToday (file:///C:/Users/ludin/Desktop/salidas/scanqueue/backend/src/models/Scan.js:23:15)
    at async getTodaySummary (file:///C:/Users/ludin/Desktop/salidas/scanqueue/backend/src/controllers/DashboardController.js:30:24)
Path: /api/dashboard/today

[2026-03-04T12:41:25.696Z] ERROR: 
Stack: AggregateError [ECONNREFUSED]: 
    at C:\Users\ludin\Desktop\salidas\scanqueue\backend\node_modules\pg-pool\index.js:45:11
    at process.processTicksAndRejections (node:internal/process/task_queues:105:5)
    at async query (file:///C:/Users/ludin/Desktop/salidas/scanqueue/backend/src/config/database.js:25:18)
    at async Module.getScansToday (file:///C:/Users/ludin/Desktop/salidas/scanqueue/backend/src/models/Scan.js:23:15)
    at async Module.getScanStatistics (file:///C:/Users/ludin/Desktop/salidas/scanqueue/backend/src/services/ScanService.js:76:24)
    at async getDashboardStats (file:///C:/Users/ludin/Desktop/salidas/scanqueue/backend/src/controllers/DashboardController.js:12:19)
Path: /api/dashboard/stats

[2026-03-04T12:41:25.699Z] ERROR: 
Stack: AggregateError [ECONNREFUSED]: 
    at C:\Users\ludin\Desktop\salidas\scanqueue\backend\node_modules\pg-pool\index.js:45:11
    at process.processTicksAndRejections (node:internal/process/task_queues:105:5)
    at async query (file:///C:/Users/ludin/Desktop/salidas/scanqueue/backend/src/config/database.js:25:18)
    at async Module.getScansToday (file:///C:/Users/ludin/Desktop/salidas/scanqueue/backend/src/models/Scan.js:23:15)
    at async getTodaySummary (file:///C:/Users/ludin/Desktop/salidas/scanqueue/backend/src/controllers/DashboardController.js:30:24)
Path: /api/dashboard/today

[2026-03-04T12:41:25.921Z] ERROR: 
Stack: AggregateError [ECONNREFUSED]: 
    at C:\Users\ludin\Desktop\salidas\scanqueue\backend\node_modules\pg-pool\index.js:45:11
    at process.processTicksAndRejections (node:internal/process/task_queues:105:5)
    at async query (file:///C:/Users/ludin/Desktop/salidas/scanqueue/backend/src/config/database.js:25:18)
    at async Module.getScansToday (file:///C:/Users/ludin/Desktop/salidas/scanqueue/backend/src/models/Scan.js:23:15)
    at async Module.getScanStatistics (file:///C:/Users/ludin/Desktop/salidas/scanqueue/backend/src/services/ScanService.js:76:24)
    at async getDashboardStats (file:///C:/Users/ludin/Desktop/salidas/scanqueue/backend/src/controllers/DashboardController.js:12:19)
Path: /api/dashboard/stats

[2026-03-04T12:41:25.924Z] ERROR: 
Stack: AggregateError [ECONNREFUSED]: 
    at C:\Users\ludin\Desktop\salidas\scanqueue\backend\node_modules\pg-pool\index.js:45:11
    at process.processTicksAndRejections (node:internal/process/task_queues:105:5)
    at async query (file:///C:/Users/ludin/Desktop/salidas/scanqueue/backend/src/config/database.js:25:18)
    at async Module.getScansToday (file:///C:/Users/ludin/Desktop/salidas/scanqueue/backend/src/models/Scan.js:23:15)
    at async getTodaySummary (file:///C:/Users/ludin/Desktop/salidas/scanqueue/backend/src/controllers/DashboardController.js:30:24)
Path: /api/dashboard/today

[2026-03-04T12:41:26.104Z] ERROR: 
Stack: AggregateError [ECONNREFUSED]: 
    at C:\Users\ludin\Desktop\salidas\scanqueue\backend\node_modules\pg-pool\index.js:45:11
    at process.processTicksAndRejections (node:internal/process/task_queues:105:5)
    at async query (file:///C:/Users/ludin/Desktop/salidas/scanqueue/backend/src/config/database.js:25:18)
    at async Module.getScansToday (file:///C:/Users/ludin/Desktop/salidas/scanqueue/backend/src/models/Scan.js:23:15)
    at async Module.getScanStatistics (file:///C:/Users/ludin/Desktop/salidas/scanqueue/backend/src/services/ScanService.js:76:24)
    at async getDashboardStats (file:///C:/Users/ludin/Desktop/salidas/scanqueue/backend/src/controllers/DashboardController.js:12:19)
Path: /api/dashboard/stats

[2026-03-04T12:41:26.106Z] ERROR: 
Stack: AggregateError [ECONNREFUSED]: 
    at C:\Users\ludin\Desktop\salidas\scanqueue\backend\node_modules\pg-pool\index.js:45:11
    at process.processTicksAndRejections (node:internal/process/task_queues:105:5)
    at async query (file:///C:/Users/ludin/Desktop/salidas/scanqueue/backend/src/config/database.js:25:18)
    at async Module.getScansToday (file:///C:/Users/ludin/Desktop/salidas/scanqueue/backend/src/models/Scan.js:23:15)
    at async getTodaySummary (file:///C:/Users/ludin/Desktop/salidas/scanqueue/backend/src/controllers/DashboardController.js:30:24)
Path: /api/dashboard/today

[2026-03-04T12:41:26.265Z] ERROR: 
Stack: AggregateError [ECONNREFUSED]: 
    at C:\Users\ludin\Desktop\salidas\scanqueue\backend\node_modules\pg-pool\index.js:45:11
    at process.processTicksAndRejections (node:internal/process/task_queues:105:5)
    at async query (file:///C:/Users/ludin/Desktop/salidas/scanqueue/backend/src/config/database.js:25:18)
    at async Module.getScansToday (file:///C:/Users/ludin/Desktop/salidas/scanqueue/backend/src/models/Scan.js:23:15)
    at async Module.getScanStatistics (file:///C:/Users/ludin/Desktop/salidas/scanqueue/backend/src/services/ScanService.js:76:24)
    at async getDashboardStats (file:///C:/Users/ludin/Desktop/salidas/scanqueue/backend/src/controllers/DashboardController.js:12:19)
Path: /api/dashboard/stats

[2026-03-04T12:41:26.268Z] ERROR: 
Stack: AggregateError [ECONNREFUSED]: 
    at C:\Users\ludin\Desktop\salidas\scanqueue\backend\node_modules\pg-pool\index.js:45:11
    at process.processTicksAndRejections (node:internal/process/task_queues:105:5)
    at async query (file:///C:/Users/ludin/Desktop/salidas/scanqueue/backend/src/config/database.js:25:18)
    at async Module.getScansToday (file:///C:/Users/ludin/Desktop/salidas/scanqueue/backend/src/models/Scan.js:23:15)
    at async getTodaySummary (file:///C:/Users/ludin/Desktop/salidas/scanqueue/backend/src/controllers/DashboardController.js:30:24)
Path: /api/dashboard/today

[2026-03-04T12:41:26.419Z] ERROR: 
Stack: AggregateError [ECONNREFUSED]: 
    at C:\Users\ludin\Desktop\salidas\scanqueue\backend\node_modules\pg-pool\index.js:45:11
    at process.processTicksAndRejections (node:internal/process/task_queues:105:5)
    at async query (file:///C:/Users/ludin/Desktop/salidas/scanqueue/backend/src/config/database.js:25:18)
    at async Module.getScansToday (file:///C:/Users/ludin/Desktop/salidas/scanqueue/backend/src/models/Scan.js:23:15)
    at async Module.getScanStatistics (file:///C:/Users/ludin/Desktop/salidas/scanqueue/backend/src/services/ScanService.js:76:24)
    at async getDashboardStats (file:///C:/Users/ludin/Desktop/salidas/scanqueue/backend/src/controllers/DashboardController.js:12:19)
Path: /api/dashboard/stats

[2026-03-04T12:41:26.422Z] ERROR: 
Stack: AggregateError [ECONNREFUSED]: 
    at C:\Users\ludin\Desktop\salidas\scanqueue\backend\node_modules\pg-pool\index.js:45:11
    at process.processTicksAndRejections (node:internal/process/task_queues:105:5)
    at async query (file:///C:/Users/ludin/Desktop/salidas/scanqueue/backend/src/config/database.js:25:18)
    at async Module.getScansToday (file:///C:/Users/ludin/Desktop/salidas/scanqueue/backend/src/models/Scan.js:23:15)
    at async getTodaySummary (file:///C:/Users/ludin/Desktop/salidas/scanqueue/backend/src/controllers/DashboardController.js:30:24)
Path: /api/dashboard/today

[2026-03-04T12:41:26.626Z] ERROR: 
Stack: AggregateError [ECONNREFUSED]: 
    at C:\Users\ludin\Desktop\salidas\scanqueue\backend\node_modules\pg-pool\index.js:45:11
    at process.processTicksAndRejections (node:internal/process/task_queues:105:5)
    at async query (file:///C:/Users/ludin/Desktop/salidas/scanqueue/backend/src/config/database.js:25:18)
    at async Module.getScansToday (file:///C:/Users/ludin/Desktop/salidas/scanqueue/backend/src/models/Scan.js:23:15)
    at async Module.getScanStatistics (file:///C:/Users/ludin/Desktop/salidas/scanqueue/backend/src/services/ScanService.js:76:24)
    at async getDashboardStats (file:///C:/Users/ludin/Desktop/salidas/scanqueue/backend/src/controllers/DashboardController.js:12:19)
Path: /api/dashboard/stats

[2026-03-04T12:41:26.629Z] ERROR: 
Stack: AggregateError [ECONNREFUSED]: 
    at C:\Users\ludin\Desktop\salidas\scanqueue\backend\node_modules\pg-pool\index.js:45:11
    at process.processTicksAndRejections (node:internal/process/task_queues:105:5)
    at async query (file:///C:/Users/ludin/Desktop/salidas/scanqueue/backend/src/config/database.js:25:18)
    at async Module.getScansToday (file:///C:/Users/ludin/Desktop/salidas/scanqueue/backend/src/models/Scan.js:23:15)
    at async getTodaySummary (file:///C:/Users/ludin/Desktop/salidas/scanqueue/backend/src/controllers/DashboardController.js:30:24)
Path: /api/dashboard/today

[2026-03-04T12:41:26.790Z] ERROR: 
Stack: AggregateError [ECONNREFUSED]: 
    at C:\Users\ludin\Desktop\salidas\scanqueue\backend\node_modules\pg-pool\index.js:45:11
    at process.processTicksAndRejections (node:internal/process/task_queues:105:5)
    at async query (file:///C:/Users/ludin/Desktop/salidas/scanqueue/backend/src/config/database.js:25:18)
    at async Module.getScansToday (file:///C:/Users/ludin/Desktop/salidas/scanqueue/backend/src/models/Scan.js:23:15)
    at async Module.getScanStatistics (file:///C:/Users/ludin/Desktop/salidas/scanqueue/backend/src/services/ScanService.js:76:24)
    at async getDashboardStats (file:///C:/Users/ludin/Desktop/salidas/scanqueue/backend/src/controllers/DashboardController.js:12:19)
Path: /api/dashboard/stats

[2026-03-04T12:41:26.792Z] ERROR: 
Stack: AggregateError [ECONNREFUSED]: 
    at C:\Users\ludin\Desktop\salidas\scanqueue\backend\node_modules\pg-pool\index.js:45:11
    at process.processTicksAndRejections (node:internal/process/task_queues:105:5)
    at async query (file:///C:/Users/ludin/Desktop/salidas/scanqueue/backend/src/config/database.js:25:18)
    at async Module.getScansToday (file:///C:/Users/ludin/Desktop/salidas/scanqueue/backend/src/models/Scan.js:23:15)
    at async getTodaySummary (file:///C:/Users/ludin/Desktop/salidas/scanqueue/backend/src/controllers/DashboardController.js:30:24)
Path: /api/dashboard/today

[2026-03-04T12:41:26.985Z] ERROR: 
Stack: AggregateError [ECONNREFUSED]: 
    at C:\Users\ludin\Desktop\salidas\scanqueue\backend\node_modules\pg-pool\index.js:45:11
    at process.processTicksAndRejections (node:internal/process/task_queues:105:5)
    at async query (file:///C:/Users/ludin/Desktop/salidas/scanqueue/backend/src/config/database.js:25:18)
    at async Module.getScansToday (file:///C:/Users/ludin/Desktop/salidas/scanqueue/backend/src/models/Scan.js:23:15)
    at async Module.getScanStatistics (file:///C:/Users/ludin/Desktop/salidas/scanqueue/backend/src/services/ScanService.js:76:24)
    at async getDashboardStats (file:///C:/Users/ludin/Desktop/salidas/scanqueue/backend/src/controllers/DashboardController.js:12:19)
Path: /api/dashboard/stats

[2026-03-04T12:41:26.987Z] ERROR: 
Stack: AggregateError [ECONNREFUSED]: 
    at C:\Users\ludin\Desktop\salidas\scanqueue\backend\node_modules\pg-pool\index.js:45:11
    at process.processTicksAndRejections (node:internal/process/task_queues:105:5)
    at async query (file:///C:/Users/ludin/Desktop/salidas/scanqueue/backend/src/config/database.js:25:18)
    at async Module.getScansToday (file:///C:/Users/ludin/Desktop/salidas/scanqueue/backend/src/models/Scan.js:23:15)
    at async getTodaySummary (file:///C:/Users/ludin/Desktop/salidas/scanqueue/backend/src/controllers/DashboardController.js:30:24)
Path: /api/dashboard/today

[2026-03-04T12:41:27.182Z] ERROR: 
Stack: AggregateError [ECONNREFUSED]: 
    at C:\Users\ludin\Desktop\salidas\scanqueue\backend\node_modules\pg-pool\index.js:45:11
    at process.processTicksAndRejections (node:internal/process/task_queues:105:5)
    at async query (file:///C:/Users/ludin/Desktop/salidas/scanqueue/backend/src/config/database.js:25:18)
    at async Module.getScansToday (file:///C:/Users/ludin/Desktop/salidas/scanqueue/backend/src/models/Scan.js:23:15)
    at async Module.getScanStatistics (file:///C:/Users/ludin/Desktop/salidas/scanqueue/backend/src/services/ScanService.js:76:24)
    at async getDashboardStats (file:///C:/Users/ludin/Desktop/salidas/scanqueue/backend/src/controllers/DashboardController.js:12:19)
Path: /api/dashboard/stats

[2026-03-04T12:41:27.186Z] ERROR: 
Stack: AggregateError [ECONNREFUSED]: 
    at C:\Users\ludin\Desktop\salidas\scanqueue\backend\node_modules\pg-pool\index.js:45:11
    at process.processTicksAndRejections (node:internal/process/task_queues:105:5)
    at async query (file:///C:/Users/ludin/Desktop/salidas/scanqueue/backend/src/config/database.js:25:18)
    at async Module.getScansToday (file:///C:/Users/ludin/Desktop/salidas/scanqueue/backend/src/models/Scan.js:23:15)
    at async getTodaySummary (file:///C:/Users/ludin/Desktop/salidas/scanqueue/backend/src/controllers/DashboardController.js:30:24)
Path: /api/dashboard/today

[2026-03-04T12:41:27.311Z] ERROR: 
Stack: AggregateError [ECONNREFUSED]: 
    at C:\Users\ludin\Desktop\salidas\scanqueue\backend\node_modules\pg-pool\index.js:45:11
    at process.processTicksAndRejections (node:internal/process/task_queues:105:5)
    at async query (file:///C:/Users/ludin/Desktop/salidas/scanqueue/backend/src/config/database.js:25:18)
    at async Module.getScansToday (file:///C:/Users/ludin/Desktop/salidas/scanqueue/backend/src/models/Scan.js:23:15)
    at async Module.getScanStatistics (file:///C:/Users/ludin/Desktop/salidas/scanqueue/backend/src/services/ScanService.js:76:24)
    at async getDashboardStats (file:///C:/Users/ludin/Desktop/salidas/scanqueue/backend/src/controllers/DashboardController.js:12:19)
Path: /api/dashboard/stats

[2026-03-04T12:41:27.315Z] ERROR: 
Stack: AggregateError [ECONNREFUSED]: 
    at C:\Users\ludin\Desktop\salidas\scanqueue\backend\node_modules\pg-pool\index.js:45:11
    at process.processTicksAndRejections (node:internal/process/task_queues:105:5)
    at async query (file:///C:/Users/ludin/Desktop/salidas/scanqueue/backend/src/config/database.js:25:18)
    at async Module.getScansToday (file:///C:/Users/ludin/Desktop/salidas/scanqueue/backend/src/models/Scan.js:23:15)
    at async getTodaySummary (file:///C:/Users/ludin/Desktop/salidas/scanqueue/backend/src/controllers/DashboardController.js:30:24)
Path: /api/dashboard/today

[2026-03-04T12:41:27.484Z] ERROR: 
Stack: AggregateError [ECONNREFUSED]: 
    at C:\Users\ludin\Desktop\salidas\scanqueue\backend\node_modules\pg-pool\index.js:45:11
    at process.processTicksAndRejections (node:internal/process/task_queues:105:5)
    at async query (file:///C:/Users/ludin/Desktop/salidas/scanqueue/backend/src/config/database.js:25:18)
    at async Module.getScansToday (file:///C:/Users/ludin/Desktop/salidas/scanqueue/backend/src/models/Scan.js:23:15)
    at async Module.getScanStatistics (file:///C:/Users/ludin/Desktop/salidas/scanqueue/backend/src/services/ScanService.js:76:24)
    at async getDashboardStats (file:///C:/Users/ludin/Desktop/salidas/scanqueue/backend/src/controllers/DashboardController.js:12:19)
Path: /api/dashboard/stats

[2026-03-04T12:41:27.486Z] ERROR: 
Stack: AggregateError [ECONNREFUSED]: 
    at C:\Users\ludin\Desktop\salidas\scanqueue\backend\node_modules\pg-pool\index.js:45:11
    at process.processTicksAndRejections (node:internal/process/task_queues:105:5)
    at async query (file:///C:/Users/ludin/Desktop/salidas/scanqueue/backend/src/config/database.js:25:18)
    at async Module.getScansToday (file:///C:/Users/ludin/Desktop/salidas/scanqueue/backend/src/models/Scan.js:23:15)
    at async getTodaySummary (file:///C:/Users/ludin/Desktop/salidas/scanqueue/backend/src/controllers/DashboardController.js:30:24)
Path: /api/dashboard/today

[2026-03-04T12:41:27.694Z] ERROR: 
Stack: AggregateError [ECONNREFUSED]: 
    at C:\Users\ludin\Desktop\salidas\scanqueue\backend\node_modules\pg-pool\index.js:45:11
    at process.processTicksAndRejections (node:internal/process/task_queues:105:5)
    at async query (file:///C:/Users/ludin/Desktop/salidas/scanqueue/backend/src/config/database.js:25:18)
    at async Module.getScansToday (file:///C:/Users/ludin/Desktop/salidas/scanqueue/backend/src/models/Scan.js:23:15)
    at async Module.getScanStatistics (file:///C:/Users/ludin/Desktop/salidas/scanqueue/backend/src/services/ScanService.js:76:24)
    at async getDashboardStats (file:///C:/Users/ludin/Desktop/salidas/scanqueue/backend/src/controllers/DashboardController.js:12:19)
Path: /api/dashboard/stats

[2026-03-04T12:41:27.697Z] ERROR: 
Stack: AggregateError [ECONNREFUSED]: 
    at C:\Users\ludin\Desktop\salidas\scanqueue\backend\node_modules\pg-pool\index.js:45:11
    at process.processTicksAndRejections (node:internal/process/task_queues:105:5)
    at async query (file:///C:/Users/ludin/Desktop/salidas/scanqueue/backend/src/config/database.js:25:18)
    at async Module.getScansToday (file:///C:/Users/ludin/Desktop/salidas/scanqueue/backend/src/models/Scan.js:23:15)
    at async getTodaySummary (file:///C:/Users/ludin/Desktop/salidas/scanqueue/backend/src/controllers/DashboardController.js:30:24)
Path: /api/dashboard/today

[2026-03-04T12:41:27.878Z] ERROR: 
Stack: AggregateError [ECONNREFUSED]: 
    at C:\Users\ludin\Desktop\salidas\scanqueue\backend\node_modules\pg-pool\index.js:45:11
    at process.processTicksAndRejections (node:internal/process/task_queues:105:5)
    at async query (file:///C:/Users/ludin/Desktop/salidas/scanqueue/backend/src/config/database.js:25:18)
    at async Module.getScansToday (file:///C:/Users/ludin/Desktop/salidas/scanqueue/backend/src/models/Scan.js:23:15)
    at async Module.getScanStatistics (file:///C:/Users/ludin/Desktop/salidas/scanqueue/backend/src/services/ScanService.js:76:24)
    at async getDashboardStats (file:///C:/Users/ludin/Desktop/salidas/scanqueue/backend/src/controllers/DashboardController.js:12:19)
Path: /api/dashboard/stats

[2026-03-04T12:41:27.881Z] ERROR: 
Stack: AggregateError [ECONNREFUSED]: 
    at C:\Users\ludin\Desktop\salidas\scanqueue\backend\node_modules\pg-pool\index.js:45:11
    at process.processTicksAndRejections (node:internal/process/task_queues:105:5)
    at async query (file:///C:/Users/ludin/Desktop/salidas/scanqueue/backend/src/config/database.js:25:18)
    at async Module.getScansToday (file:///C:/Users/ludin/Desktop/salidas/scanqueue/backend/src/models/Scan.js:23:15)
    at async getTodaySummary (file:///C:/Users/ludin/Desktop/salidas/scanqueue/backend/src/controllers/DashboardController.js:30:24)
Path: /api/dashboard/today

[2026-03-04T12:41:28.074Z] ERROR: 
Stack: AggregateError [ECONNREFUSED]: 
    at C:\Users\ludin\Desktop\salidas\scanqueue\backend\node_modules\pg-pool\index.js:45:11
    at process.processTicksAndRejections (node:internal/process/task_queues:105:5)
    at async query (file:///C:/Users/ludin/Desktop/salidas/scanqueue/backend/src/config/database.js:25:18)
    at async Module.getScansToday (file:///C:/Users/ludin/Desktop/salidas/scanqueue/backend/src/models/Scan.js:23:15)
    at async Module.getScanStatistics (file:///C:/Users/ludin/Desktop/salidas/scanqueue/backend/src/services/ScanService.js:76:24)
    at async getDashboardStats (file:///C:/Users/ludin/Desktop/salidas/scanqueue/backend/src/controllers/DashboardController.js:12:19)
Path: /api/dashboard/stats

[2026-03-04T12:41:28.077Z] ERROR: 
Stack: AggregateError [ECONNREFUSED]: 
    at C:\Users\ludin\Desktop\salidas\scanqueue\backend\node_modules\pg-pool\index.js:45:11
    at process.processTicksAndRejections (node:internal/process/task_queues:105:5)
    at async query (file:///C:/Users/ludin/Desktop/salidas/scanqueue/backend/src/config/database.js:25:18)
    at async Module.getScansToday (file:///C:/Users/ludin/Desktop/salidas/scanqueue/backend/src/models/Scan.js:23:15)
    at async getTodaySummary (file:///C:/Users/ludin/Desktop/salidas/scanqueue/backend/src/controllers/DashboardController.js:30:24)
Path: /api/dashboard/today

[2026-03-04T12:41:28.360Z] ERROR: 
Stack: AggregateError [ECONNREFUSED]: 
    at C:\Users\ludin\Desktop\salidas\scanqueue\backend\node_modules\pg-pool\index.js:45:11
    at process.processTicksAndRejections (node:internal/process/task_queues:105:5)
    at async query (file:///C:/Users/ludin/Desktop/salidas/scanqueue/backend/src/config/database.js:25:18)
    at async Module.getScansToday (file:///C:/Users/ludin/Desktop/salidas/scanqueue/backend/src/models/Scan.js:23:15)
    at async Module.getScanStatistics (file:///C:/Users/ludin/Desktop/salidas/scanqueue/backend/src/services/ScanService.js:76:24)
    at async getDashboardStats (file:///C:/Users/ludin/Desktop/salidas/scanqueue/backend/src/controllers/DashboardController.js:12:19)
Path: /api/dashboard/stats

[2026-03-04T12:41:28.369Z] ERROR: 
Stack: AggregateError [ECONNREFUSED]: 
    at C:\Users\ludin\Desktop\salidas\scanqueue\backend\node_modules\pg-pool\index.js:45:11
    at process.processTicksAndRejections (node:internal/process/task_queues:105:5)
    at async query (file:///C:/Users/ludin/Desktop/salidas/scanqueue/backend/src/config/database.js:25:18)
    at async Module.getScansToday (file:///C:/Users/ludin/Desktop/salidas/scanqueue/backend/src/models/Scan.js:23:15)
    at async getTodaySummary (file:///C:/Users/ludin/Desktop/salidas/scanqueue/backend/src/controllers/DashboardController.js:30:24)
Path: /api/dashboard/today

[2026-03-04T12:41:28.516Z] ERROR: 
Stack: AggregateError [ECONNREFUSED]: 
    at C:\Users\ludin\Desktop\salidas\scanqueue\backend\node_modules\pg-pool\index.js:45:11
    at process.processTicksAndRejections (node:internal/process/task_queues:105:5)
    at async query (file:///C:/Users/ludin/Desktop/salidas/scanqueue/backend/src/config/database.js:25:18)
    at async Module.getScansToday (file:///C:/Users/ludin/Desktop/salidas/scanqueue/backend/src/models/Scan.js:23:15)
    at async Module.getScanStatistics (file:///C:/Users/ludin/Desktop/salidas/scanqueue/backend/src/services/ScanService.js:76:24)
    at async getDashboardStats (file:///C:/Users/ludin/Desktop/salidas/scanqueue/backend/src/controllers/DashboardController.js:12:19)
Path: /api/dashboard/stats

[2026-03-04T12:41:28.520Z] ERROR: 
Stack: AggregateError [ECONNREFUSED]: 
    at C:\Users\ludin\Desktop\salidas\scanqueue\backend\node_modules\pg-pool\index.js:45:11
    at process.processTicksAndRejections (node:internal/process/task_queues:105:5)
    at async query (file:///C:/Users/ludin/Desktop/salidas/scanqueue/backend/src/config/database.js:25:18)
    at async Module.getScansToday (file:///C:/Users/ludin/Desktop/salidas/scanqueue/backend/src/models/Scan.js:23:15)
    at async getTodaySummary (file:///C:/Users/ludin/Desktop/salidas/scanqueue/backend/src/controllers/DashboardController.js:30:24)
Path: /api/dashboard/today

[2026-03-04T12:41:28.725Z] ERROR: 
Stack: AggregateError [ECONNREFUSED]: 
    at C:\Users\ludin\Desktop\salidas\scanqueue\backend\node_modules\pg-pool\index.js:45:11
    at process.processTicksAndRejections (node:internal/process/task_queues:105:5)
    at async query (file:///C:/Users/ludin/Desktop/salidas/scanqueue/backend/src/config/database.js:25:18)
    at async Module.getScansToday (file:///C:/Users/ludin/Desktop/salidas/scanqueue/backend/src/models/Scan.js:23:15)
    at async Module.getScanStatistics (file:///C:/Users/ludin/Desktop/salidas/scanqueue/backend/src/services/ScanService.js:76:24)
    at async getDashboardStats (file:///C:/Users/ludin/Desktop/salidas/scanqueue/backend/src/controllers/DashboardController.js:12:19)
Path: /api/dashboard/stats

[2026-03-04T12:41:28.728Z] ERROR: 
Stack: AggregateError [ECONNREFUSED]: 
    at C:\Users\ludin\Desktop\salidas\scanqueue\backend\node_modules\pg-pool\index.js:45:11
    at process.processTicksAndRejections (node:internal/process/task_queues:105:5)
    at async query (file:///C:/Users/ludin/Desktop/salidas/scanqueue/backend/src/config/database.js:25:18)
    at async Module.getScansToday (file:///C:/Users/ludin/Desktop/salidas/scanqueue/backend/src/models/Scan.js:23:15)
    at async getTodaySummary (file:///C:/Users/ludin/Desktop/salidas/scanqueue/backend/src/controllers/DashboardController.js:30:24)
Path: /api/dashboard/today

[2026-03-04T12:41:28.975Z] ERROR: 
Stack: AggregateError [ECONNREFUSED]: 
    at C:\Users\ludin\Desktop\salidas\scanqueue\backend\node_modules\pg-pool\index.js:45:11
    at process.processTicksAndRejections (node:internal/process/task_queues:105:5)
    at async query (file:///C:/Users/ludin/Desktop/salidas/scanqueue/backend/src/config/database.js:25:18)
    at async Module.getScansToday (file:///C:/Users/ludin/Desktop/salidas/scanqueue/backend/src/models/Scan.js:23:15)
    at async Module.getScanStatistics (file:///C:/Users/ludin/Desktop/salidas/scanqueue/backend/src/services/ScanService.js:76:24)
    at async getDashboardStats (file:///C:/Users/ludin/Desktop/salidas/scanqueue/backend/src/controllers/DashboardController.js:12:19)
Path: /api/dashboard/stats

[2026-03-04T12:41:28.979Z] ERROR: 
Stack: AggregateError [ECONNREFUSED]: 
    at C:\Users\ludin\Desktop\salidas\scanqueue\backend\node_modules\pg-pool\index.js:45:11
    at process.processTicksAndRejections (node:internal/process/task_queues:105:5)
    at async query (file:///C:/Users/ludin/Desktop/salidas/scanqueue/backend/src/config/database.js:25:18)
    at async Module.getScansToday (file:///C:/Users/ludin/Desktop/salidas/scanqueue/backend/src/models/Scan.js:23:15)
    at async getTodaySummary (file:///C:/Users/ludin/Desktop/salidas/scanqueue/backend/src/controllers/DashboardController.js:30:24)
Path: /api/dashboard/today

[2026-03-04T12:41:29.150Z] ERROR: 
Stack: AggregateError [ECONNREFUSED]: 
    at C:\Users\ludin\Desktop\salidas\scanqueue\backend\node_modules\pg-pool\index.js:45:11
    at process.processTicksAndRejections (node:internal/process/task_queues:105:5)
    at async query (file:///C:/Users/ludin/Desktop/salidas/scanqueue/backend/src/config/database.js:25:18)
    at async Module.getScansToday (file:///C:/Users/ludin/Desktop/salidas/scanqueue/backend/src/models/Scan.js:23:15)
    at async Module.getScanStatistics (file:///C:/Users/ludin/Desktop/salidas/scanqueue/backend/src/services/ScanService.js:76:24)
    at async getDashboardStats (file:///C:/Users/ludin/Desktop/salidas/scanqueue/backend/src/controllers/DashboardController.js:12:19)
Path: /api/dashboard/stats

[2026-03-04T12:41:29.152Z] ERROR: 
Stack: AggregateError [ECONNREFUSED]: 
    at C:\Users\ludin\Desktop\salidas\scanqueue\backend\node_modules\pg-pool\index.js:45:11
    at process.processTicksAndRejections (node:internal/process/task_queues:105:5)
    at async query (file:///C:/Users/ludin/Desktop/salidas/scanqueue/backend/src/config/database.js:25:18)
    at async Module.getScansToday (file:///C:/Users/ludin/Desktop/salidas/scanqueue/backend/src/models/Scan.js:23:15)
    at async getTodaySummary (file:///C:/Users/ludin/Desktop/salidas/scanqueue/backend/src/controllers/DashboardController.js:30:24)
Path: /api/dashboard/today

[2026-03-04T12:41:29.326Z] ERROR: 
Stack: AggregateError [ECONNREFUSED]: 
    at C:\Users\ludin\Desktop\salidas\scanqueue\backend\node_modules\pg-pool\index.js:45:11
    at process.processTicksAndRejections (node:internal/process/task_queues:105:5)
    at async query (file:///C:/Users/ludin/Desktop/salidas/scanqueue/backend/src/config/database.js:25:18)
    at async Module.getScansToday (file:///C:/Users/ludin/Desktop/salidas/scanqueue/backend/src/models/Scan.js:23:15)
    at async Module.getScanStatistics (file:///C:/Users/ludin/Desktop/salidas/scanqueue/backend/src/services/ScanService.js:76:24)
    at async getDashboardStats (file:///C:/Users/ludin/Desktop/salidas/scanqueue/backend/src/controllers/DashboardController.js:12:19)
Path: /api/dashboard/stats

[2026-03-04T12:41:29.328Z] ERROR: 
Stack: AggregateError [ECONNREFUSED]: 
    at C:\Users\ludin\Desktop\salidas\scanqueue\backend\node_modules\pg-pool\index.js:45:11
    at process.processTicksAndRejections (node:internal/process/task_queues:105:5)
    at async query (file:///C:/Users/ludin/Desktop/salidas/scanqueue/backend/src/config/database.js:25:18)
    at async Module.getScansToday (file:///C:/Users/ludin/Desktop/salidas/scanqueue/backend/src/models/Scan.js:23:15)
    at async getTodaySummary (file:///C:/Users/ludin/Desktop/salidas/scanqueue/backend/src/controllers/DashboardController.js:30:24)
Path: /api/dashboard/today

[2026-03-04T12:41:29.451Z] ERROR: 
Stack: AggregateError [ECONNREFUSED]: 
    at C:\Users\ludin\Desktop\salidas\scanqueue\backend\node_modules\pg-pool\index.js:45:11
    at process.processTicksAndRejections (node:internal/process/task_queues:105:5)
    at async query (file:///C:/Users/ludin/Desktop/salidas/scanqueue/backend/src/config/database.js:25:18)
    at async Module.getScansToday (file:///C:/Users/ludin/Desktop/salidas/scanqueue/backend/src/models/Scan.js:23:15)
    at async Module.getScanStatistics (file:///C:/Users/ludin/Desktop/salidas/scanqueue/backend/src/services/ScanService.js:76:24)
    at async getDashboardStats (file:///C:/Users/ludin/Desktop/salidas/scanqueue/backend/src/controllers/DashboardController.js:12:19)
Path: /api/dashboard/stats

[2026-03-04T12:41:29.453Z] ERROR: 
Stack: AggregateError [ECONNREFUSED]: 
    at C:\Users\ludin\Desktop\salidas\scanqueue\backend\node_modules\pg-pool\index.js:45:11
    at process.processTicksAndRejections (node:internal/process/task_queues:105:5)
    at async query (file:///C:/Users/ludin/Desktop/salidas/scanqueue/backend/src/config/database.js:25:18)
    at async Module.getScansToday (file:///C:/Users/ludin/Desktop/salidas/scanqueue/backend/src/models/Scan.js:23:15)
    at async getTodaySummary (file:///C:/Users/ludin/Desktop/salidas/scanqueue/backend/src/controllers/DashboardController.js:30:24)
Path: /api/dashboard/today

[2026-03-04T12:41:29.615Z] ERROR: 
Stack: AggregateError [ECONNREFUSED]: 
    at C:\Users\ludin\Desktop\salidas\scanqueue\backend\node_modules\pg-pool\index.js:45:11
    at process.processTicksAndRejections (node:internal/process/task_queues:105:5)
    at async query (file:///C:/Users/ludin/Desktop/salidas/scanqueue/backend/src/config/database.js:25:18)
    at async Module.getScansToday (file:///C:/Users/ludin/Desktop/salidas/scanqueue/backend/src/models/Scan.js:23:15)
    at async Module.getScanStatistics (file:///C:/Users/ludin/Desktop/salidas/scanqueue/backend/src/services/ScanService.js:76:24)
    at async getDashboardStats (file:///C:/Users/ludin/Desktop/salidas/scanqueue/backend/src/controllers/DashboardController.js:12:19)
Path: /api/dashboard/stats

[2026-03-04T12:41:29.617Z] ERROR: 
Stack: AggregateError [ECONNREFUSED]: 
    at C:\Users\ludin\Desktop\salidas\scanqueue\backend\node_modules\pg-pool\index.js:45:11
    at process.processTicksAndRejections (node:internal/process/task_queues:105:5)
    at async query (file:///C:/Users/ludin/Desktop/salidas/scanqueue/backend/src/config/database.js:25:18)
    at async Module.getScansToday (file:///C:/Users/ludin/Desktop/salidas/scanqueue/backend/src/models/Scan.js:23:15)
    at async getTodaySummary (file:///C:/Users/ludin/Desktop/salidas/scanqueue/backend/src/controllers/DashboardController.js:30:24)
Path: /api/dashboard/today

[2026-03-04T12:41:29.798Z] ERROR: 
Stack: AggregateError [ECONNREFUSED]: 
    at C:\Users\ludin\Desktop\salidas\scanqueue\backend\node_modules\pg-pool\index.js:45:11
    at process.processTicksAndRejections (node:internal/process/task_queues:105:5)
    at async query (file:///C:/Users/ludin/Desktop/salidas/scanqueue/backend/src/config/database.js:25:18)
    at async Module.getScansToday (file:///C:/Users/ludin/Desktop/salidas/scanqueue/backend/src/models/Scan.js:23:15)
    at async Module.getScanStatistics (file:///C:/Users/ludin/Desktop/salidas/scanqueue/backend/src/services/ScanService.js:76:24)
    at async getDashboardStats (file:///C:/Users/ludin/Desktop/salidas/scanqueue/backend/src/controllers/DashboardController.js:12:19)
Path: /api/dashboard/stats

[2026-03-04T12:41:29.800Z] ERROR: 
Stack: AggregateError [ECONNREFUSED]: 
    at C:\Users\ludin\Desktop\salidas\scanqueue\backend\node_modules\pg-pool\index.js:45:11
    at process.processTicksAndRejections (node:internal/process/task_queues:105:5)
    at async query (file:///C:/Users/ludin/Desktop/salidas/scanqueue/backend/src/config/database.js:25:18)
    at async Module.getScansToday (file:///C:/Users/ludin/Desktop/salidas/scanqueue/backend/src/models/Scan.js:23:15)
    at async getTodaySummary (file:///C:/Users/ludin/Desktop/salidas/scanqueue/backend/src/controllers/DashboardController.js:30:24)
Path: /api/dashboard/today

[2026-03-04T12:41:30.010Z] ERROR: 
Stack: AggregateError [ECONNREFUSED]: 
    at C:\Users\ludin\Desktop\salidas\scanqueue\backend\node_modules\pg-pool\index.js:45:11
    at process.processTicksAndRejections (node:internal/process/task_queues:105:5)
    at async query (file:///C:/Users/ludin/Desktop/salidas/scanqueue/backend/src/config/database.js:25:18)
    at async Module.getScansToday (file:///C:/Users/ludin/Desktop/salidas/scanqueue/backend/src/models/Scan.js:23:15)
    at async Module.getScanStatistics (file:///C:/Users/ludin/Desktop/salidas/scanqueue/backend/src/services/ScanService.js:76:24)
    at async getDashboardStats (file:///C:/Users/ludin/Desktop/salidas/scanqueue/backend/src/controllers/DashboardController.js:12:19)
Path: /api/dashboard/stats

[2026-03-04T12:41:30.013Z] ERROR: 
Stack: AggregateError [ECONNREFUSED]: 
    at C:\Users\ludin\Desktop\salidas\scanqueue\backend\node_modules\pg-pool\index.js:45:11
    at process.processTicksAndRejections (node:internal/process/task_queues:105:5)
    at async query (file:///C:/Users/ludin/Desktop/salidas/scanqueue/backend/src/config/database.js:25:18)
    at async Module.getScansToday (file:///C:/Users/ludin/Desktop/salidas/scanqueue/backend/src/models/Scan.js:23:15)
    at async getTodaySummary (file:///C:/Users/ludin/Desktop/salidas/scanqueue/backend/src/controllers/DashboardController.js:30:24)
Path: /api/dashboard/today

[2026-03-04T12:41:30.182Z] ERROR: 
Stack: AggregateError [ECONNREFUSED]: 
    at C:\Users\ludin\Desktop\salidas\scanqueue\backend\node_modules\pg-pool\index.js:45:11
    at process.processTicksAndRejections (node:internal/process/task_queues:105:5)
    at async query (file:///C:/Users/ludin/Desktop/salidas/scanqueue/backend/src/config/database.js:25:18)
    at async Module.getScansToday (file:///C:/Users/ludin/Desktop/salidas/scanqueue/backend/src/models/Scan.js:23:15)
    at async Module.getScanStatistics (file:///C:/Users/ludin/Desktop/salidas/scanqueue/backend/src/services/ScanService.js:76:24)
    at async getDashboardStats (file:///C:/Users/ludin/Desktop/salidas/scanqueue/backend/src/controllers/DashboardController.js:12:19)
Path: /api/dashboard/stats

[2026-03-04T12:41:30.184Z] ERROR: 
Stack: AggregateError [ECONNREFUSED]: 
    at C:\Users\ludin\Desktop\salidas\scanqueue\backend\node_modules\pg-pool\index.js:45:11
    at process.processTicksAndRejections (node:internal/process/task_queues:105:5)
    at async query (file:///C:/Users/ludin/Desktop/salidas/scanqueue/backend/src/config/database.js:25:18)
    at async Module.getScansToday (file:///C:/Users/ludin/Desktop/salidas/scanqueue/backend/src/models/Scan.js:23:15)
    at async getTodaySummary (file:///C:/Users/ludin/Desktop/salidas/scanqueue/backend/src/controllers/DashboardController.js:30:24)
Path: /api/dashboard/today

[2026-03-04T12:41:30.345Z] ERROR: 
Stack: AggregateError [ECONNREFUSED]: 
    at C:\Users\ludin\Desktop\salidas\scanqueue\backend\node_modules\pg-pool\index.js:45:11
    at process.processTicksAndRejections (node:internal/process/task_queues:105:5)
    at async query (file:///C:/Users/ludin/Desktop/salidas/scanqueue/backend/src/config/database.js:25:18)
    at async Module.getScansToday (file:///C:/Users/ludin/Desktop/salidas/scanqueue/backend/src/models/Scan.js:23:15)
    at async Module.getScanStatistics (file:///C:/Users/ludin/Desktop/salidas/scanqueue/backend/src/services/ScanService.js:76:24)
    at async getDashboardStats (file:///C:/Users/ludin/Desktop/salidas/scanqueue/backend/src/controllers/DashboardController.js:12:19)
Path: /api/dashboard/stats

[2026-03-04T12:41:30.348Z] ERROR: 
Stack: AggregateError [ECONNREFUSED]: 
    at C:\Users\ludin\Desktop\salidas\scanqueue\backend\node_modules\pg-pool\index.js:45:11
    at process.processTicksAndRejections (node:internal/process/task_queues:105:5)
    at async query (file:///C:/Users/ludin/Desktop/salidas/scanqueue/backend/src/config/database.js:25:18)
    at async Module.getScansToday (file:///C:/Users/ludin/Desktop/salidas/scanqueue/backend/src/models/Scan.js:23:15)
    at async getTodaySummary (file:///C:/Users/ludin/Desktop/salidas/scanqueue/backend/src/controllers/DashboardController.js:30:24)
Path: /api/dashboard/today

[2026-03-04T12:41:30.483Z] ERROR: 
Stack: AggregateError [ECONNREFUSED]: 
    at C:\Users\ludin\Desktop\salidas\scanqueue\backend\node_modules\pg-pool\index.js:45:11
    at process.processTicksAndRejections (node:internal/process/task_queues:105:5)
    at async query (file:///C:/Users/ludin/Desktop/salidas/scanqueue/backend/src/config/database.js:25:18)
    at async Module.getScansToday (file:///C:/Users/ludin/Desktop/salidas/scanqueue/backend/src/models/Scan.js:23:15)
    at async Module.getScanStatistics (file:///C:/Users/ludin/Desktop/salidas/scanqueue/backend/src/services/ScanService.js:76:24)
    at async getDashboardStats (file:///C:/Users/ludin/Desktop/salidas/scanqueue/backend/src/controllers/DashboardController.js:12:19)
Path: /api/dashboard/stats

[2026-03-04T12:41:30.485Z] ERROR: 
Stack: AggregateError [ECONNREFUSED]: 
    at C:\Users\ludin\Desktop\salidas\scanqueue\backend\node_modules\pg-pool\index.js:45:11
    at process.processTicksAndRejections (node:internal/process/task_queues:105:5)
    at async query (file:///C:/Users/ludin/Desktop/salidas/scanqueue/backend/src/config/database.js:25:18)
    at async Module.getScansToday (file:///C:/Users/ludin/Desktop/salidas/scanqueue/backend/src/models/Scan.js:23:15)
    at async getTodaySummary (file:///C:/Users/ludin/Desktop/salidas/scanqueue/backend/src/controllers/DashboardController.js:30:24)
Path: /api/dashboard/today

[2026-03-04T12:41:30.648Z] ERROR: 
Stack: AggregateError [ECONNREFUSED]: 
    at C:\Users\ludin\Desktop\salidas\scanqueue\backend\node_modules\pg-pool\index.js:45:11
    at process.processTicksAndRejections (node:internal/process/task_queues:105:5)
    at async query (file:///C:/Users/ludin/Desktop/salidas/scanqueue/backend/src/config/database.js:25:18)
    at async Module.getScansToday (file:///C:/Users/ludin/Desktop/salidas/scanqueue/backend/src/models/Scan.js:23:15)
    at async Module.getScanStatistics (file:///C:/Users/ludin/Desktop/salidas/scanqueue/backend/src/services/ScanService.js:76:24)
    at async getDashboardStats (file:///C:/Users/ludin/Desktop/salidas/scanqueue/backend/src/controllers/DashboardController.js:12:19)
Path: /api/dashboard/stats

[2026-03-04T12:41:30.651Z] ERROR: 
Stack: AggregateError [ECONNREFUSED]: 
    at C:\Users\ludin\Desktop\salidas\scanqueue\backend\node_modules\pg-pool\index.js:45:11
    at process.processTicksAndRejections (node:internal/process/task_queues:105:5)
    at async query (file:///C:/Users/ludin/Desktop/salidas/scanqueue/backend/src/config/database.js:25:18)
    at async Module.getScansToday (file:///C:/Users/ludin/Desktop/salidas/scanqueue/backend/src/models/Scan.js:23:15)
    at async getTodaySummary (file:///C:/Users/ludin/Desktop/salidas/scanqueue/backend/src/controllers/DashboardController.js:30:24)
Path: /api/dashboard/today

[2026-03-04T12:41:30.851Z] ERROR: 
Stack: AggregateError [ECONNREFUSED]: 
    at C:\Users\ludin\Desktop\salidas\scanqueue\backend\node_modules\pg-pool\index.js:45:11
    at process.processTicksAndRejections (node:internal/process/task_queues:105:5)
    at async query (file:///C:/Users/ludin/Desktop/salidas/scanqueue/backend/src/config/database.js:25:18)
    at async Module.getScansToday (file:///C:/Users/ludin/Desktop/salidas/scanqueue/backend/src/models/Scan.js:23:15)
    at async Module.getScanStatistics (file:///C:/Users/ludin/Desktop/salidas/scanqueue/backend/src/services/ScanService.js:76:24)
    at async getDashboardStats (file:///C:/Users/ludin/Desktop/salidas/scanqueue/backend/src/controllers/DashboardController.js:12:19)
Path: /api/dashboard/stats

[2026-03-04T12:41:30.855Z] ERROR: 
Stack: AggregateError [ECONNREFUSED]: 
    at C:\Users\ludin\Desktop\salidas\scanqueue\backend\node_modules\pg-pool\index.js:45:11
    at process.processTicksAndRejections (node:internal/process/task_queues:105:5)
    at async query (file:///C:/Users/ludin/Desktop/salidas/scanqueue/backend/src/config/database.js:25:18)
    at async Module.getScansToday (file:///C:/Users/ludin/Desktop/salidas/scanqueue/backend/src/models/Scan.js:23:15)
    at async getTodaySummary (file:///C:/Users/ludin/Desktop/salidas/scanqueue/backend/src/controllers/DashboardController.js:30:24)
Path: /api/dashboard/today

[2026-03-04T12:41:31.127Z] ERROR: 
Stack: AggregateError [ECONNREFUSED]: 
    at C:\Users\ludin\Desktop\salidas\scanqueue\backend\node_modules\pg-pool\index.js:45:11
    at process.processTicksAndRejections (node:internal/process/task_queues:105:5)
    at async query (file:///C:/Users/ludin/Desktop/salidas/scanqueue/backend/src/config/database.js:25:18)
    at async Module.getScansToday (file:///C:/Users/ludin/Desktop/salidas/scanqueue/backend/src/models/Scan.js:23:15)
    at async Module.getScanStatistics (file:///C:/Users/ludin/Desktop/salidas/scanqueue/backend/src/services/ScanService.js:76:24)
    at async getDashboardStats (file:///C:/Users/ludin/Desktop/salidas/scanqueue/backend/src/controllers/DashboardController.js:12:19)
Path: /api/dashboard/stats

[2026-03-04T12:41:31.131Z] ERROR: 
Stack: AggregateError [ECONNREFUSED]: 
    at C:\Users\ludin\Desktop\salidas\scanqueue\backend\node_modules\pg-pool\index.js:45:11
    at process.processTicksAndRejections (node:internal/process/task_queues:105:5)
    at async query (file:///C:/Users/ludin/Desktop/salidas/scanqueue/backend/src/config/database.js:25:18)
    at async Module.getScansToday (file:///C:/Users/ludin/Desktop/salidas/scanqueue/backend/src/models/Scan.js:23:15)
    at async getTodaySummary (file:///C:/Users/ludin/Desktop/salidas/scanqueue/backend/src/controllers/DashboardController.js:30:24)
Path: /api/dashboard/today

[2026-03-04T12:41:31.343Z] ERROR: 
Stack: AggregateError [ECONNREFUSED]: 
    at C:\Users\ludin\Desktop\salidas\scanqueue\backend\node_modules\pg-pool\index.js:45:11
    at process.processTicksAndRejections (node:internal/process/task_queues:105:5)
    at async query (file:///C:/Users/ludin/Desktop/salidas/scanqueue/backend/src/config/database.js:25:18)
    at async Module.getScansToday (file:///C:/Users/ludin/Desktop/salidas/scanqueue/backend/src/models/Scan.js:23:15)
    at async Module.getScanStatistics (file:///C:/Users/ludin/Desktop/salidas/scanqueue/backend/src/services/ScanService.js:76:24)
    at async getDashboardStats (file:///C:/Users/ludin/Desktop/salidas/scanqueue/backend/src/controllers/DashboardController.js:12:19)
Path: /api/dashboard/stats

[2026-03-04T12:41:31.347Z] ERROR: 
Stack: AggregateError [ECONNREFUSED]: 
    at C:\Users\ludin\Desktop\salidas\scanqueue\backend\node_modules\pg-pool\index.js:45:11
    at process.processTicksAndRejections (node:internal/process/task_queues:105:5)
    at async query (file:///C:/Users/ludin/Desktop/salidas/scanqueue/backend/src/config/database.js:25:18)
    at async Module.getScansToday (file:///C:/Users/ludin/Desktop/salidas/scanqueue/backend/src/models/Scan.js:23:15)
    at async getTodaySummary (file:///C:/Users/ludin/Desktop/salidas/scanqueue/backend/src/controllers/DashboardController.js:30:24)
Path: /api/dashboard/today

[2026-03-04T12:41:31.462Z] ERROR: 
Stack: AggregateError [ECONNREFUSED]: 
    at C:\Users\ludin\Desktop\salidas\scanqueue\backend\node_modules\pg-pool\index.js:45:11
    at process.processTicksAndRejections (node:internal/process/task_queues:105:5)
    at async query (file:///C:/Users/ludin/Desktop/salidas/scanqueue/backend/src/config/database.js:25:18)
    at async Module.getScansToday (file:///C:/Users/ludin/Desktop/salidas/scanqueue/backend/src/models/Scan.js:23:15)
    at async Module.getScanStatistics (file:///C:/Users/ludin/Desktop/salidas/scanqueue/backend/src/services/ScanService.js:76:24)
    at async getDashboardStats (file:///C:/Users/ludin/Desktop/salidas/scanqueue/backend/src/controllers/DashboardController.js:12:19)
Path: /api/dashboard/stats

[2026-03-04T12:41:31.464Z] ERROR: 
Stack: AggregateError [ECONNREFUSED]: 
    at C:\Users\ludin\Desktop\salidas\scanqueue\backend\node_modules\pg-pool\index.js:45:11
    at process.processTicksAndRejections (node:internal/process/task_queues:105:5)
    at async query (file:///C:/Users/ludin/Desktop/salidas/scanqueue/backend/src/config/database.js:25:18)
    at async Module.getScansToday (file:///C:/Users/ludin/Desktop/salidas/scanqueue/backend/src/models/Scan.js:23:15)
    at async getTodaySummary (file:///C:/Users/ludin/Desktop/salidas/scanqueue/backend/src/controllers/DashboardController.js:30:24)
Path: /api/dashboard/today

[2026-03-04T12:41:31.636Z] ERROR: 
Stack: AggregateError [ECONNREFUSED]: 
    at C:\Users\ludin\Desktop\salidas\scanqueue\backend\node_modules\pg-pool\index.js:45:11
    at process.processTicksAndRejections (node:internal/process/task_queues:105:5)
    at async query (file:///C:/Users/ludin/Desktop/salidas/scanqueue/backend/src/config/database.js:25:18)
    at async Module.getScansToday (file:///C:/Users/ludin/Desktop/salidas/scanqueue/backend/src/models/Scan.js:23:15)
    at async Module.getScanStatistics (file:///C:/Users/ludin/Desktop/salidas/scanqueue/backend/src/services/ScanService.js:76:24)
    at async getDashboardStats (file:///C:/Users/ludin/Desktop/salidas/scanqueue/backend/src/controllers/DashboardController.js:12:19)
Path: /api/dashboard/stats

[2026-03-04T12:41:31.643Z] ERROR: 
Stack: AggregateError [ECONNREFUSED]: 
    at C:\Users\ludin\Desktop\salidas\scanqueue\backend\node_modules\pg-pool\index.js:45:11
    at process.processTicksAndRejections (node:internal/process/task_queues:105:5)
    at async query (file:///C:/Users/ludin/Desktop/salidas/scanqueue/backend/src/config/database.js:25:18)
    at async Module.getScansToday (file:///C:/Users/ludin/Desktop/salidas/scanqueue/backend/src/models/Scan.js:23:15)
    at async getTodaySummary (file:///C:/Users/ludin/Desktop/salidas/scanqueue/backend/src/controllers/DashboardController.js:30:24)
Path: /api/dashboard/today

[2026-03-04T12:41:31.842Z] ERROR: 
Stack: AggregateError [ECONNREFUSED]: 
    at C:\Users\ludin\Desktop\salidas\scanqueue\backend\node_modules\pg-pool\index.js:45:11
    at process.processTicksAndRejections (node:internal/process/task_queues:105:5)
    at async query (file:///C:/Users/ludin/Desktop/salidas/scanqueue/backend/src/config/database.js:25:18)
    at async Module.getScansToday (file:///C:/Users/ludin/Desktop/salidas/scanqueue/backend/src/models/Scan.js:23:15)
    at async Module.getScanStatistics (file:///C:/Users/ludin/Desktop/salidas/scanqueue/backend/src/services/ScanService.js:76:24)
    at async getDashboardStats (file:///C:/Users/ludin/Desktop/salidas/scanqueue/backend/src/controllers/DashboardController.js:12:19)
Path: /api/dashboard/stats

[2026-03-04T12:41:31.847Z] ERROR: 
Stack: AggregateError [ECONNREFUSED]: 
    at C:\Users\ludin\Desktop\salidas\scanqueue\backend\node_modules\pg-pool\index.js:45:11
    at process.processTicksAndRejections (node:internal/process/task_queues:105:5)
    at async query (file:///C:/Users/ludin/Desktop/salidas/scanqueue/backend/src/config/database.js:25:18)
    at async Module.getScansToday (file:///C:/Users/ludin/Desktop/salidas/scanqueue/backend/src/models/Scan.js:23:15)
    at async getTodaySummary (file:///C:/Users/ludin/Desktop/salidas/scanqueue/backend/src/controllers/DashboardController.js:30:24)
Path: /api/dashboard/today

[2026-03-04T12:41:32.028Z] ERROR: 
Stack: AggregateError [ECONNREFUSED]: 
    at C:\Users\ludin\Desktop\salidas\scanqueue\backend\node_modules\pg-pool\index.js:45:11
    at process.processTicksAndRejections (node:internal/process/task_queues:105:5)
    at async query (file:///C:/Users/ludin/Desktop/salidas/scanqueue/backend/src/config/database.js:25:18)
    at async Module.getScansToday (file:///C:/Users/ludin/Desktop/salidas/scanqueue/backend/src/models/Scan.js:23:15)
    at async Module.getScanStatistics (file:///C:/Users/ludin/Desktop/salidas/scanqueue/backend/src/services/ScanService.js:76:24)
    at async getDashboardStats (file:///C:/Users/ludin/Desktop/salidas/scanqueue/backend/src/controllers/DashboardController.js:12:19)
Path: /api/dashboard/stats

[2026-03-04T12:41:32.030Z] ERROR: 
Stack: AggregateError [ECONNREFUSED]: 
    at C:\Users\ludin\Desktop\salidas\scanqueue\backend\node_modules\pg-pool\index.js:45:11
    at process.processTicksAndRejections (node:internal/process/task_queues:105:5)
    at async query (file:///C:/Users/ludin/Desktop/salidas/scanqueue/backend/src/config/database.js:25:18)
    at async Module.getScansToday (file:///C:/Users/ludin/Desktop/salidas/scanqueue/backend/src/models/Scan.js:23:15)
    at async getTodaySummary (file:///C:/Users/ludin/Desktop/salidas/scanqueue/backend/src/controllers/DashboardController.js:30:24)
Path: /api/dashboard/today

[2026-03-04T12:41:32.194Z] ERROR: 
Stack: AggregateError [ECONNREFUSED]: 
    at C:\Users\ludin\Desktop\salidas\scanqueue\backend\node_modules\pg-pool\index.js:45:11
    at process.processTicksAndRejections (node:internal/process/task_queues:105:5)
    at async query (file:///C:/Users/ludin/Desktop/salidas/scanqueue/backend/src/config/database.js:25:18)
    at async Module.getScansToday (file:///C:/Users/ludin/Desktop/salidas/scanqueue/backend/src/models/Scan.js:23:15)
    at async Module.getScanStatistics (file:///C:/Users/ludin/Desktop/salidas/scanqueue/backend/src/services/ScanService.js:76:24)
    at async getDashboardStats (file:///C:/Users/ludin/Desktop/salidas/scanqueue/backend/src/controllers/DashboardController.js:12:19)
Path: /api/dashboard/stats

[2026-03-04T12:41:32.195Z] ERROR: 
Stack: AggregateError [ECONNREFUSED]: 
    at C:\Users\ludin\Desktop\salidas\scanqueue\backend\node_modules\pg-pool\index.js:45:11
    at process.processTicksAndRejections (node:internal/process/task_queues:105:5)
    at async query (file:///C:/Users/ludin/Desktop/salidas/scanqueue/backend/src/config/database.js:25:18)
    at async Module.getScansToday (file:///C:/Users/ludin/Desktop/salidas/scanqueue/backend/src/models/Scan.js:23:15)
    at async getTodaySummary (file:///C:/Users/ludin/Desktop/salidas/scanqueue/backend/src/controllers/DashboardController.js:30:24)
Path: /api/dashboard/today

[2026-03-04T12:41:32.376Z] ERROR: 
Stack: AggregateError [ECONNREFUSED]: 
    at C:\Users\ludin\Desktop\salidas\scanqueue\backend\node_modules\pg-pool\index.js:45:11
    at process.processTicksAndRejections (node:internal/process/task_queues:105:5)
    at async query (file:///C:/Users/ludin/Desktop/salidas/scanqueue/backend/src/config/database.js:25:18)
    at async Module.getScansToday (file:///C:/Users/ludin/Desktop/salidas/scanqueue/backend/src/models/Scan.js:23:15)
    at async Module.getScanStatistics (file:///C:/Users/ludin/Desktop/salidas/scanqueue/backend/src/services/ScanService.js:76:24)
    at async getDashboardStats (file:///C:/Users/ludin/Desktop/salidas/scanqueue/backend/src/controllers/DashboardController.js:12:19)
Path: /api/dashboard/stats

[2026-03-04T12:41:32.378Z] ERROR: 
Stack: AggregateError [ECONNREFUSED]: 
    at C:\Users\ludin\Desktop\salidas\scanqueue\backend\node_modules\pg-pool\index.js:45:11
    at process.processTicksAndRejections (node:internal/process/task_queues:105:5)
    at async query (file:///C:/Users/ludin/Desktop/salidas/scanqueue/backend/src/config/database.js:25:18)
    at async Module.getScansToday (file:///C:/Users/ludin/Desktop/salidas/scanqueue/backend/src/models/Scan.js:23:15)
    at async getTodaySummary (file:///C:/Users/ludin/Desktop/salidas/scanqueue/backend/src/controllers/DashboardController.js:30:24)
Path: /api/dashboard/today

[2026-03-04T12:41:32.523Z] ERROR: 
Stack: AggregateError [ECONNREFUSED]: 
    at C:\Users\ludin\Desktop\salidas\scanqueue\backend\node_modules\pg-pool\index.js:45:11
    at process.processTicksAndRejections (node:internal/process/task_queues:105:5)
    at async query (file:///C:/Users/ludin/Desktop/salidas/scanqueue/backend/src/config/database.js:25:18)
    at async Module.getScansToday (file:///C:/Users/ludin/Desktop/salidas/scanqueue/backend/src/models/Scan.js:23:15)
    at async Module.getScanStatistics (file:///C:/Users/ludin/Desktop/salidas/scanqueue/backend/src/services/ScanService.js:76:24)
    at async getDashboardStats (file:///C:/Users/ludin/Desktop/salidas/scanqueue/backend/src/controllers/DashboardController.js:12:19)
Path: /api/dashboard/stats

[2026-03-04T12:41:32.525Z] ERROR: 
Stack: AggregateError [ECONNREFUSED]: 
    at C:\Users\ludin\Desktop\salidas\scanqueue\backend\node_modules\pg-pool\index.js:45:11
    at process.processTicksAndRejections (node:internal/process/task_queues:105:5)
    at async query (file:///C:/Users/ludin/Desktop/salidas/scanqueue/backend/src/config/database.js:25:18)
    at async Module.getScansToday (file:///C:/Users/ludin/Desktop/salidas/scanqueue/backend/src/models/Scan.js:23:15)
    at async getTodaySummary (file:///C:/Users/ludin/Desktop/salidas/scanqueue/backend/src/controllers/DashboardController.js:30:24)
Path: /api/dashboard/today

[2026-03-04T12:41:32.682Z] ERROR: 
Stack: AggregateError [ECONNREFUSED]: 
    at C:\Users\ludin\Desktop\salidas\scanqueue\backend\node_modules\pg-pool\index.js:45:11
    at process.processTicksAndRejections (node:internal/process/task_queues:105:5)
    at async query (file:///C:/Users/ludin/Desktop/salidas/scanqueue/backend/src/config/database.js:25:18)
    at async Module.getScansToday (file:///C:/Users/ludin/Desktop/salidas/scanqueue/backend/src/models/Scan.js:23:15)
    at async Module.getScanStatistics (file:///C:/Users/ludin/Desktop/salidas/scanqueue/backend/src/services/ScanService.js:76:24)
    at async getDashboardStats (file:///C:/Users/ludin/Desktop/salidas/scanqueue/backend/src/controllers/DashboardController.js:12:19)
Path: /api/dashboard/stats

[2026-03-04T12:41:32.685Z] ERROR: 
Stack: AggregateError [ECONNREFUSED]: 
    at C:\Users\ludin\Desktop\salidas\scanqueue\backend\node_modules\pg-pool\index.js:45:11
    at process.processTicksAndRejections (node:internal/process/task_queues:105:5)
    at async query (file:///C:/Users/ludin/Desktop/salidas/scanqueue/backend/src/config/database.js:25:18)
    at async Module.getScansToday (file:///C:/Users/ludin/Desktop/salidas/scanqueue/backend/src/models/Scan.js:23:15)
    at async getTodaySummary (file:///C:/Users/ludin/Desktop/salidas/scanqueue/backend/src/controllers/DashboardController.js:30:24)
Path: /api/dashboard/today

[2026-03-04T12:41:32.871Z] ERROR: 
Stack: AggregateError [ECONNREFUSED]: 
    at C:\Users\ludin\Desktop\salidas\scanqueue\backend\node_modules\pg-pool\index.js:45:11
    at process.processTicksAndRejections (node:internal/process/task_queues:105:5)
    at async query (file:///C:/Users/ludin/Desktop/salidas/scanqueue/backend/src/config/database.js:25:18)
    at async Module.getScansToday (file:///C:/Users/ludin/Desktop/salidas/scanqueue/backend/src/models/Scan.js:23:15)
    at async Module.getScanStatistics (file:///C:/Users/ludin/Desktop/salidas/scanqueue/backend/src/services/ScanService.js:76:24)
    at async getDashboardStats (file:///C:/Users/ludin/Desktop/salidas/scanqueue/backend/src/controllers/DashboardController.js:12:19)
Path: /api/dashboard/stats

[2026-03-04T12:41:32.874Z] ERROR: 
Stack: AggregateError [ECONNREFUSED]: 
    at C:\Users\ludin\Desktop\salidas\scanqueue\backend\node_modules\pg-pool\index.js:45:11
    at process.processTicksAndRejections (node:internal/process/task_queues:105:5)
    at async query (file:///C:/Users/ludin/Desktop/salidas/scanqueue/backend/src/config/database.js:25:18)
    at async Module.getScansToday (file:///C:/Users/ludin/Desktop/salidas/scanqueue/backend/src/models/Scan.js:23:15)
    at async getTodaySummary (file:///C:/Users/ludin/Desktop/salidas/scanqueue/backend/src/controllers/DashboardController.js:30:24)
Path: /api/dashboard/today

[2026-03-04T12:41:33.063Z] ERROR: 
Stack: AggregateError [ECONNREFUSED]: 
    at C:\Users\ludin\Desktop\salidas\scanqueue\backend\node_modules\pg-pool\index.js:45:11
    at process.processTicksAndRejections (node:internal/process/task_queues:105:5)
    at async query (file:///C:/Users/ludin/Desktop/salidas/scanqueue/backend/src/config/database.js:25:18)
    at async Module.getScansToday (file:///C:/Users/ludin/Desktop/salidas/scanqueue/backend/src/models/Scan.js:23:15)
    at async Module.getScanStatistics (file:///C:/Users/ludin/Desktop/salidas/scanqueue/backend/src/services/ScanService.js:76:24)
    at async getDashboardStats (file:///C:/Users/ludin/Desktop/salidas/scanqueue/backend/src/controllers/DashboardController.js:12:19)
Path: /api/dashboard/stats

[2026-03-04T12:41:33.067Z] ERROR: 
Stack: AggregateError [ECONNREFUSED]: 
    at C:\Users\ludin\Desktop\salidas\scanqueue\backend\node_modules\pg-pool\index.js:45:11
    at process.processTicksAndRejections (node:internal/process/task_queues:105:5)
    at async query (file:///C:/Users/ludin/Desktop/salidas/scanqueue/backend/src/config/database.js:25:18)
    at async Module.getScansToday (file:///C:/Users/ludin/Desktop/salidas/scanqueue/backend/src/models/Scan.js:23:15)
    at async getTodaySummary (file:///C:/Users/ludin/Desktop/salidas/scanqueue/backend/src/controllers/DashboardController.js:30:24)
Path: /api/dashboard/today

[2026-03-04T12:41:33.243Z] ERROR: 
Stack: AggregateError [ECONNREFUSED]: 
    at C:\Users\ludin\Desktop\salidas\scanqueue\backend\node_modules\pg-pool\index.js:45:11
    at process.processTicksAndRejections (node:internal/process/task_queues:105:5)
    at async query (file:///C:/Users/ludin/Desktop/salidas/scanqueue/backend/src/config/database.js:25:18)
    at async Module.getScansToday (file:///C:/Users/ludin/Desktop/salidas/scanqueue/backend/src/models/Scan.js:23:15)
    at async Module.getScanStatistics (file:///C:/Users/ludin/Desktop/salidas/scanqueue/backend/src/services/ScanService.js:76:24)
    at async getDashboardStats (file:///C:/Users/ludin/Desktop/salidas/scanqueue/backend/src/controllers/DashboardController.js:12:19)
Path: /api/dashboard/stats

[2026-03-04T12:41:33.245Z] ERROR: 
Stack: AggregateError [ECONNREFUSED]: 
    at C:\Users\ludin\Desktop\salidas\scanqueue\backend\node_modules\pg-pool\index.js:45:11
    at process.processTicksAndRejections (node:internal/process/task_queues:105:5)
    at async query (file:///C:/Users/ludin/Desktop/salidas/scanqueue/backend/src/config/database.js:25:18)
    at async Module.getScansToday (file:///C:/Users/ludin/Desktop/salidas/scanqueue/backend/src/models/Scan.js:23:15)
    at async getTodaySummary (file:///C:/Users/ludin/Desktop/salidas/scanqueue/backend/src/controllers/DashboardController.js:30:24)
Path: /api/dashboard/today

[2026-03-04T12:41:33.384Z] ERROR: 
Stack: AggregateError [ECONNREFUSED]: 
    at C:\Users\ludin\Desktop\salidas\scanqueue\backend\node_modules\pg-pool\index.js:45:11
    at process.processTicksAndRejections (node:internal/process/task_queues:105:5)
    at async query (file:///C:/Users/ludin/Desktop/salidas/scanqueue/backend/src/config/database.js:25:18)
    at async Module.getScansToday (file:///C:/Users/ludin/Desktop/salidas/scanqueue/backend/src/models/Scan.js:23:15)
    at async Module.getScanStatistics (file:///C:/Users/ludin/Desktop/salidas/scanqueue/backend/src/services/ScanService.js:76:24)
    at async getDashboardStats (file:///C:/Users/ludin/Desktop/salidas/scanqueue/backend/src/controllers/DashboardController.js:12:19)
Path: /api/dashboard/stats

[2026-03-04T12:41:33.387Z] ERROR: 
Stack: AggregateError [ECONNREFUSED]: 
    at C:\Users\ludin\Desktop\salidas\scanqueue\backend\node_modules\pg-pool\index.js:45:11
    at process.processTicksAndRejections (node:internal/process/task_queues:105:5)
    at async query (file:///C:/Users/ludin/Desktop/salidas/scanqueue/backend/src/config/database.js:25:18)
    at async Module.getScansToday (file:///C:/Users/ludin/Desktop/salidas/scanqueue/backend/src/models/Scan.js:23:15)
    at async getTodaySummary (file:///C:/Users/ludin/Desktop/salidas/scanqueue/backend/src/controllers/DashboardController.js:30:24)
Path: /api/dashboard/today

[2026-03-04T12:41:33.533Z] ERROR: 
Stack: AggregateError [ECONNREFUSED]: 
    at C:\Users\ludin\Desktop\salidas\scanqueue\backend\node_modules\pg-pool\index.js:45:11
    at process.processTicksAndRejections (node:internal/process/task_queues:105:5)
    at async query (file:///C:/Users/ludin/Desktop/salidas/scanqueue/backend/src/config/database.js:25:18)
    at async Module.getScansToday (file:///C:/Users/ludin/Desktop/salidas/scanqueue/backend/src/models/Scan.js:23:15)
    at async Module.getScanStatistics (file:///C:/Users/ludin/Desktop/salidas/scanqueue/backend/src/services/ScanService.js:76:24)
    at async getDashboardStats (file:///C:/Users/ludin/Desktop/salidas/scanqueue/backend/src/controllers/DashboardController.js:12:19)
Path: /api/dashboard/stats

[2026-03-04T12:41:33.535Z] ERROR: 
Stack: AggregateError [ECONNREFUSED]: 
    at C:\Users\ludin\Desktop\salidas\scanqueue\backend\node_modules\pg-pool\index.js:45:11
    at process.processTicksAndRejections (node:internal/process/task_queues:105:5)
    at async query (file:///C:/Users/ludin/Desktop/salidas/scanqueue/backend/src/config/database.js:25:18)
    at async Module.getScansToday (file:///C:/Users/ludin/Desktop/salidas/scanqueue/backend/src/models/Scan.js:23:15)
    at async getTodaySummary (file:///C:/Users/ludin/Desktop/salidas/scanqueue/backend/src/controllers/DashboardController.js:30:24)
Path: /api/dashboard/today

[2026-03-04T12:41:33.746Z] ERROR: 
Stack: AggregateError [ECONNREFUSED]: 
    at C:\Users\ludin\Desktop\salidas\scanqueue\backend\node_modules\pg-pool\index.js:45:11
    at process.processTicksAndRejections (node:internal/process/task_queues:105:5)
    at async query (file:///C:/Users/ludin/Desktop/salidas/scanqueue/backend/src/config/database.js:25:18)
    at async Module.getScansToday (file:///C:/Users/ludin/Desktop/salidas/scanqueue/backend/src/models/Scan.js:23:15)
    at async Module.getScanStatistics (file:///C:/Users/ludin/Desktop/salidas/scanqueue/backend/src/services/ScanService.js:76:24)
    at async getDashboardStats (file:///C:/Users/ludin/Desktop/salidas/scanqueue/backend/src/controllers/DashboardController.js:12:19)
Path: /api/dashboard/stats

[2026-03-04T12:41:33.748Z] ERROR: 
Stack: AggregateError [ECONNREFUSED]: 
    at C:\Users\ludin\Desktop\salidas\scanqueue\backend\node_modules\pg-pool\index.js:45:11
    at process.processTicksAndRejections (node:internal/process/task_queues:105:5)
    at async query (file:///C:/Users/ludin/Desktop/salidas/scanqueue/backend/src/config/database.js:25:18)
    at async Module.getScansToday (file:///C:/Users/ludin/Desktop/salidas/scanqueue/backend/src/models/Scan.js:23:15)
    at async getTodaySummary (file:///C:/Users/ludin/Desktop/salidas/scanqueue/backend/src/controllers/DashboardController.js:30:24)
Path: /api/dashboard/today

[2026-03-04T12:41:33.951Z] ERROR: 
Stack: AggregateError [ECONNREFUSED]: 
    at C:\Users\ludin\Desktop\salidas\scanqueue\backend\node_modules\pg-pool\index.js:45:11
    at process.processTicksAndRejections (node:internal/process/task_queues:105:5)
    at async query (file:///C:/Users/ludin/Desktop/salidas/scanqueue/backend/src/config/database.js:25:18)
    at async Module.getScansToday (file:///C:/Users/ludin/Desktop/salidas/scanqueue/backend/src/models/Scan.js:23:15)
    at async Module.getScanStatistics (file:///C:/Users/ludin/Desktop/salidas/scanqueue/backend/src/services/ScanService.js:76:24)
    at async getDashboardStats (file:///C:/Users/ludin/Desktop/salidas/scanqueue/backend/src/controllers/DashboardController.js:12:19)
Path: /api/dashboard/stats

[2026-03-04T12:41:33.954Z] ERROR: 
Stack: AggregateError [ECONNREFUSED]: 
    at C:\Users\ludin\Desktop\salidas\scanqueue\backend\node_modules\pg-pool\index.js:45:11
    at process.processTicksAndRejections (node:internal/process/task_queues:105:5)
    at async query (file:///C:/Users/ludin/Desktop/salidas/scanqueue/backend/src/config/database.js:25:18)
    at async Module.getScansToday (file:///C:/Users/ludin/Desktop/salidas/scanqueue/backend/src/models/Scan.js:23:15)
    at async getTodaySummary (file:///C:/Users/ludin/Desktop/salidas/scanqueue/backend/src/controllers/DashboardController.js:30:24)
Path: /api/dashboard/today

[2026-03-04T12:41:34.148Z] ERROR: 
Stack: AggregateError [ECONNREFUSED]: 
    at C:\Users\ludin\Desktop\salidas\scanqueue\backend\node_modules\pg-pool\index.js:45:11
    at process.processTicksAndRejections (node:internal/process/task_queues:105:5)
    at async query (file:///C:/Users/ludin/Desktop/salidas/scanqueue/backend/src/config/database.js:25:18)
    at async Module.getScansToday (file:///C:/Users/ludin/Desktop/salidas/scanqueue/backend/src/models/Scan.js:23:15)
    at async Module.getScanStatistics (file:///C:/Users/ludin/Desktop/salidas/scanqueue/backend/src/services/ScanService.js:76:24)
    at async getDashboardStats (file:///C:/Users/ludin/Desktop/salidas/scanqueue/backend/src/controllers/DashboardController.js:12:19)
Path: /api/dashboard/stats

[2026-03-04T12:41:34.150Z] ERROR: 
Stack: AggregateError [ECONNREFUSED]: 
    at C:\Users\ludin\Desktop\salidas\scanqueue\backend\node_modules\pg-pool\index.js:45:11
    at process.processTicksAndRejections (node:internal/process/task_queues:105:5)
    at async query (file:///C:/Users/ludin/Desktop/salidas/scanqueue/backend/src/config/database.js:25:18)
    at async Module.getScansToday (file:///C:/Users/ludin/Desktop/salidas/scanqueue/backend/src/models/Scan.js:23:15)
    at async getTodaySummary (file:///C:/Users/ludin/Desktop/salidas/scanqueue/backend/src/controllers/DashboardController.js:30:24)
Path: /api/dashboard/today

[2026-03-04T12:41:34.329Z] ERROR: 
Stack: AggregateError [ECONNREFUSED]: 
    at C:\Users\ludin\Desktop\salidas\scanqueue\backend\node_modules\pg-pool\index.js:45:11
    at process.processTicksAndRejections (node:internal/process/task_queues:105:5)
    at async query (file:///C:/Users/ludin/Desktop/salidas/scanqueue/backend/src/config/database.js:25:18)
    at async Module.getScansToday (file:///C:/Users/ludin/Desktop/salidas/scanqueue/backend/src/models/Scan.js:23:15)
    at async Module.getScanStatistics (file:///C:/Users/ludin/Desktop/salidas/scanqueue/backend/src/services/ScanService.js:76:24)
    at async getDashboardStats (file:///C:/Users/ludin/Desktop/salidas/scanqueue/backend/src/controllers/DashboardController.js:12:19)
Path: /api/dashboard/stats

[2026-03-04T12:41:34.331Z] ERROR: 
Stack: AggregateError [ECONNREFUSED]: 
    at C:\Users\ludin\Desktop\salidas\scanqueue\backend\node_modules\pg-pool\index.js:45:11
    at process.processTicksAndRejections (node:internal/process/task_queues:105:5)
    at async query (file:///C:/Users/ludin/Desktop/salidas/scanqueue/backend/src/config/database.js:25:18)
    at async Module.getScansToday (file:///C:/Users/ludin/Desktop/salidas/scanqueue/backend/src/models/Scan.js:23:15)
    at async getTodaySummary (file:///C:/Users/ludin/Desktop/salidas/scanqueue/backend/src/controllers/DashboardController.js:30:24)
Path: /api/dashboard/today

[2026-03-04T12:41:34.477Z] ERROR: 
Stack: AggregateError [ECONNREFUSED]: 
    at C:\Users\ludin\Desktop\salidas\scanqueue\backend\node_modules\pg-pool\index.js:45:11
    at process.processTicksAndRejections (node:internal/process/task_queues:105:5)
    at async query (file:///C:/Users/ludin/Desktop/salidas/scanqueue/backend/src/config/database.js:25:18)
    at async Module.getScansToday (file:///C:/Users/ludin/Desktop/salidas/scanqueue/backend/src/models/Scan.js:23:15)
    at async Module.getScanStatistics (file:///C:/Users/ludin/Desktop/salidas/scanqueue/backend/src/services/ScanService.js:76:24)
    at async getDashboardStats (file:///C:/Users/ludin/Desktop/salidas/scanqueue/backend/src/controllers/DashboardController.js:12:19)
Path: /api/dashboard/stats

[2026-03-04T12:41:34.481Z] ERROR: 
Stack: AggregateError [ECONNREFUSED]: 
    at C:\Users\ludin\Desktop\salidas\scanqueue\backend\node_modules\pg-pool\index.js:45:11
    at process.processTicksAndRejections (node:internal/process/task_queues:105:5)
    at async query (file:///C:/Users/ludin/Desktop/salidas/scanqueue/backend/src/config/database.js:25:18)
    at async Module.getScansToday (file:///C:/Users/ludin/Desktop/salidas/scanqueue/backend/src/models/Scan.js:23:15)
    at async getTodaySummary (file:///C:/Users/ludin/Desktop/salidas/scanqueue/backend/src/controllers/DashboardController.js:30:24)
Path: /api/dashboard/today

[2026-03-04T12:41:34.678Z] ERROR: 
Stack: AggregateError [ECONNREFUSED]: 
    at C:\Users\ludin\Desktop\salidas\scanqueue\backend\node_modules\pg-pool\index.js:45:11
    at process.processTicksAndRejections (node:internal/process/task_queues:105:5)
    at async query (file:///C:/Users/ludin/Desktop/salidas/scanqueue/backend/src/config/database.js:25:18)
    at async Module.getScansToday (file:///C:/Users/ludin/Desktop/salidas/scanqueue/backend/src/models/Scan.js:23:15)
    at async Module.getScanStatistics (file:///C:/Users/ludin/Desktop/salidas/scanqueue/backend/src/services/ScanService.js:76:24)
    at async getDashboardStats (file:///C:/Users/ludin/Desktop/salidas/scanqueue/backend/src/controllers/DashboardController.js:12:19)
Path: /api/dashboard/stats

[2026-03-04T12:41:34.680Z] ERROR: 
Stack: AggregateError [ECONNREFUSED]: 
    at C:\Users\ludin\Desktop\salidas\scanqueue\backend\node_modules\pg-pool\index.js:45:11
    at process.processTicksAndRejections (node:internal/process/task_queues:105:5)
    at async query (file:///C:/Users/ludin/Desktop/salidas/scanqueue/backend/src/config/database.js:25:18)
    at async Module.getScansToday (file:///C:/Users/ludin/Desktop/salidas/scanqueue/backend/src/models/Scan.js:23:15)
    at async getTodaySummary (file:///C:/Users/ludin/Desktop/salidas/scanqueue/backend/src/controllers/DashboardController.js:30:24)
Path: /api/dashboard/today

[2026-03-04T12:41:34.892Z] ERROR: 
Stack: AggregateError [ECONNREFUSED]: 
    at C:\Users\ludin\Desktop\salidas\scanqueue\backend\node_modules\pg-pool\index.js:45:11
    at process.processTicksAndRejections (node:internal/process/task_queues:105:5)
    at async query (file:///C:/Users/ludin/Desktop/salidas/scanqueue/backend/src/config/database.js:25:18)
    at async Module.getScansToday (file:///C:/Users/ludin/Desktop/salidas/scanqueue/backend/src/models/Scan.js:23:15)
    at async Module.getScanStatistics (file:///C:/Users/ludin/Desktop/salidas/scanqueue/backend/src/services/ScanService.js:76:24)
    at async getDashboardStats (file:///C:/Users/ludin/Desktop/salidas/scanqueue/backend/src/controllers/DashboardController.js:12:19)
Path: /api/dashboard/stats

[2026-03-04T12:41:34.895Z] ERROR: 
Stack: AggregateError [ECONNREFUSED]: 
    at C:\Users\ludin\Desktop\salidas\scanqueue\backend\node_modules\pg-pool\index.js:45:11
    at process.processTicksAndRejections (node:internal/process/task_queues:105:5)
    at async query (file:///C:/Users/ludin/Desktop/salidas/scanqueue/backend/src/config/database.js:25:18)
    at async Module.getScansToday (file:///C:/Users/ludin/Desktop/salidas/scanqueue/backend/src/models/Scan.js:23:15)
    at async getTodaySummary (file:///C:/Users/ludin/Desktop/salidas/scanqueue/backend/src/controllers/DashboardController.js:30:24)
Path: /api/dashboard/today

[2026-03-04T12:41:35.106Z] ERROR: 
Stack: AggregateError [ECONNREFUSED]: 
    at C:\Users\ludin\Desktop\salidas\scanqueue\backend\node_modules\pg-pool\index.js:45:11
    at process.processTicksAndRejections (node:internal/process/task_queues:105:5)
    at async query (file:///C:/Users/ludin/Desktop/salidas/scanqueue/backend/src/config/database.js:25:18)
    at async Module.getScansToday (file:///C:/Users/ludin/Desktop/salidas/scanqueue/backend/src/models/Scan.js:23:15)
    at async Module.getScanStatistics (file:///C:/Users/ludin/Desktop/salidas/scanqueue/backend/src/services/ScanService.js:76:24)
    at async getDashboardStats (file:///C:/Users/ludin/Desktop/salidas/scanqueue/backend/src/controllers/DashboardController.js:12:19)
Path: /api/dashboard/stats

[2026-03-04T12:41:35.108Z] ERROR: 
Stack: AggregateError [ECONNREFUSED]: 
    at C:\Users\ludin\Desktop\salidas\scanqueue\backend\node_modules\pg-pool\index.js:45:11
    at process.processTicksAndRejections (node:internal/process/task_queues:105:5)
    at async query (file:///C:/Users/ludin/Desktop/salidas/scanqueue/backend/src/config/database.js:25:18)
    at async Module.getScansToday (file:///C:/Users/ludin/Desktop/salidas/scanqueue/backend/src/models/Scan.js:23:15)
    at async getTodaySummary (file:///C:/Users/ludin/Desktop/salidas/scanqueue/backend/src/controllers/DashboardController.js:30:24)
Path: /api/dashboard/today

[2026-03-04T12:41:35.295Z] ERROR: 
Stack: AggregateError [ECONNREFUSED]: 
    at C:\Users\ludin\Desktop\salidas\scanqueue\backend\node_modules\pg-pool\index.js:45:11
    at process.processTicksAndRejections (node:internal/process/task_queues:105:5)
    at async query (file:///C:/Users/ludin/Desktop/salidas/scanqueue/backend/src/config/database.js:25:18)
    at async Module.getScansToday (file:///C:/Users/ludin/Desktop/salidas/scanqueue/backend/src/models/Scan.js:23:15)
    at async Module.getScanStatistics (file:///C:/Users/ludin/Desktop/salidas/scanqueue/backend/src/services/ScanService.js:76:24)
    at async getDashboardStats (file:///C:/Users/ludin/Desktop/salidas/scanqueue/backend/src/controllers/DashboardController.js:12:19)
Path: /api/dashboard/stats

[2026-03-04T12:41:35.299Z] ERROR: 
Stack: AggregateError [ECONNREFUSED]: 
    at C:\Users\ludin\Desktop\salidas\scanqueue\backend\node_modules\pg-pool\index.js:45:11
    at process.processTicksAndRejections (node:internal/process/task_queues:105:5)
    at async query (file:///C:/Users/ludin/Desktop/salidas/scanqueue/backend/src/config/database.js:25:18)
    at async Module.getScansToday (file:///C:/Users/ludin/Desktop/salidas/scanqueue/backend/src/models/Scan.js:23:15)
    at async getTodaySummary (file:///C:/Users/ludin/Desktop/salidas/scanqueue/backend/src/controllers/DashboardController.js:30:24)
Path: /api/dashboard/today

[2026-03-04T12:41:35.448Z] ERROR: 
Stack: AggregateError [ECONNREFUSED]: 
    at C:\Users\ludin\Desktop\salidas\scanqueue\backend\node_modules\pg-pool\index.js:45:11
    at process.processTicksAndRejections (node:internal/process/task_queues:105:5)
    at async query (file:///C:/Users/ludin/Desktop/salidas/scanqueue/backend/src/config/database.js:25:18)
    at async Module.getScansToday (file:///C:/Users/ludin/Desktop/salidas/scanqueue/backend/src/models/Scan.js:23:15)
    at async Module.getScanStatistics (file:///C:/Users/ludin/Desktop/salidas/scanqueue/backend/src/services/ScanService.js:76:24)
    at async getDashboardStats (file:///C:/Users/ludin/Desktop/salidas/scanqueue/backend/src/controllers/DashboardController.js:12:19)
Path: /api/dashboard/stats

[2026-03-04T12:41:35.450Z] ERROR: 
Stack: AggregateError [ECONNREFUSED]: 
    at C:\Users\ludin\Desktop\salidas\scanqueue\backend\node_modules\pg-pool\index.js:45:11
    at process.processTicksAndRejections (node:internal/process/task_queues:105:5)
    at async query (file:///C:/Users/ludin/Desktop/salidas/scanqueue/backend/src/config/database.js:25:18)
    at async Module.getScansToday (file:///C:/Users/ludin/Desktop/salidas/scanqueue/backend/src/models/Scan.js:23:15)
    at async getTodaySummary (file:///C:/Users/ludin/Desktop/salidas/scanqueue/backend/src/controllers/DashboardController.js:30:24)
Path: /api/dashboard/today

[2026-03-04T12:41:35.689Z] ERROR: 
Stack: AggregateError [ECONNREFUSED]: 
    at C:\Users\ludin\Desktop\salidas\scanqueue\backend\node_modules\pg-pool\index.js:45:11
    at process.processTicksAndRejections (node:internal/process/task_queues:105:5)
    at async query (file:///C:/Users/ludin/Desktop/salidas/scanqueue/backend/src/config/database.js:25:18)
    at async Module.getScansToday (file:///C:/Users/ludin/Desktop/salidas/scanqueue/backend/src/models/Scan.js:23:15)
    at async Module.getScanStatistics (file:///C:/Users/ludin/Desktop/salidas/scanqueue/backend/src/services/ScanService.js:76:24)
    at async getDashboardStats (file:///C:/Users/ludin/Desktop/salidas/scanqueue/backend/src/controllers/DashboardController.js:12:19)
Path: /api/dashboard/stats

[2026-03-04T12:41:35.693Z] ERROR: 
Stack: AggregateError [ECONNREFUSED]: 
    at C:\Users\ludin\Desktop\salidas\scanqueue\backend\node_modules\pg-pool\index.js:45:11
    at process.processTicksAndRejections (node:internal/process/task_queues:105:5)
    at async query (file:///C:/Users/ludin/Desktop/salidas/scanqueue/backend/src/config/database.js:25:18)
    at async Module.getScansToday (file:///C:/Users/ludin/Desktop/salidas/scanqueue/backend/src/models/Scan.js:23:15)
    at async getTodaySummary (file:///C:/Users/ludin/Desktop/salidas/scanqueue/backend/src/controllers/DashboardController.js:30:24)
Path: /api/dashboard/today

[2026-03-04T12:41:35.979Z] ERROR: 
Stack: AggregateError [ECONNREFUSED]: 
    at C:\Users\ludin\Desktop\salidas\scanqueue\backend\node_modules\pg-pool\index.js:45:11
    at process.processTicksAndRejections (node:internal/process/task_queues:105:5)
    at async query (file:///C:/Users/ludin/Desktop/salidas/scanqueue/backend/src/config/database.js:25:18)
    at async Module.getScansToday (file:///C:/Users/ludin/Desktop/salidas/scanqueue/backend/src/models/Scan.js:23:15)
    at async Module.getScanStatistics (file:///C:/Users/ludin/Desktop/salidas/scanqueue/backend/src/services/ScanService.js:76:24)
    at async getDashboardStats (file:///C:/Users/ludin/Desktop/salidas/scanqueue/backend/src/controllers/DashboardController.js:12:19)
Path: /api/dashboard/stats

[2026-03-04T12:41:35.981Z] ERROR: 
Stack: AggregateError [ECONNREFUSED]: 
    at C:\Users\ludin\Desktop\salidas\scanqueue\backend\node_modules\pg-pool\index.js:45:11
    at process.processTicksAndRejections (node:internal/process/task_queues:105:5)
    at async query (file:///C:/Users/ludin/Desktop/salidas/scanqueue/backend/src/config/database.js:25:18)
    at async Module.getScansToday (file:///C:/Users/ludin/Desktop/salidas/scanqueue/backend/src/models/Scan.js:23:15)
    at async getTodaySummary (file:///C:/Users/ludin/Desktop/salidas/scanqueue/backend/src/controllers/DashboardController.js:30:24)
Path: /api/dashboard/today

[2026-03-04T12:41:36.184Z] ERROR: 
Stack: AggregateError [ECONNREFUSED]: 
    at C:\Users\ludin\Desktop\salidas\scanqueue\backend\node_modules\pg-pool\index.js:45:11
    at process.processTicksAndRejections (node:internal/process/task_queues:105:5)
    at async query (file:///C:/Users/ludin/Desktop/salidas/scanqueue/backend/src/config/database.js:25:18)
    at async Module.getScansToday (file:///C:/Users/ludin/Desktop/salidas/scanqueue/backend/src/models/Scan.js:23:15)
    at async Module.getScanStatistics (file:///C:/Users/ludin/Desktop/salidas/scanqueue/backend/src/services/ScanService.js:76:24)
    at async getDashboardStats (file:///C:/Users/ludin/Desktop/salidas/scanqueue/backend/src/controllers/DashboardController.js:12:19)
Path: /api/dashboard/stats

[2026-03-04T12:41:36.187Z] ERROR: 
Stack: AggregateError [ECONNREFUSED]: 
    at C:\Users\ludin\Desktop\salidas\scanqueue\backend\node_modules\pg-pool\index.js:45:11
    at process.processTicksAndRejections (node:internal/process/task_queues:105:5)
    at async query (file:///C:/Users/ludin/Desktop/salidas/scanqueue/backend/src/config/database.js:25:18)
    at async Module.getScansToday (file:///C:/Users/ludin/Desktop/salidas/scanqueue/backend/src/models/Scan.js:23:15)
    at async getTodaySummary (file:///C:/Users/ludin/Desktop/salidas/scanqueue/backend/src/controllers/DashboardController.js:30:24)
Path: /api/dashboard/today

[2026-03-04T12:41:36.392Z] ERROR: 
Stack: AggregateError [ECONNREFUSED]: 
    at C:\Users\ludin\Desktop\salidas\scanqueue\backend\node_modules\pg-pool\index.js:45:11
    at process.processTicksAndRejections (node:internal/process/task_queues:105:5)
    at async query (file:///C:/Users/ludin/Desktop/salidas/scanqueue/backend/src/config/database.js:25:18)
    at async Module.getScansToday (file:///C:/Users/ludin/Desktop/salidas/scanqueue/backend/src/models/Scan.js:23:15)
    at async Module.getScanStatistics (file:///C:/Users/ludin/Desktop/salidas/scanqueue/backend/src/services/ScanService.js:76:24)
    at async getDashboardStats (file:///C:/Users/ludin/Desktop/salidas/scanqueue/backend/src/controllers/DashboardController.js:12:19)
Path: /api/dashboard/stats

[2026-03-04T12:41:36.394Z] ERROR: 
Stack: AggregateError [ECONNREFUSED]: 
    at C:\Users\ludin\Desktop\salidas\scanqueue\backend\node_modules\pg-pool\index.js:45:11
    at process.processTicksAndRejections (node:internal/process/task_queues:105:5)
    at async query (file:///C:/Users/ludin/Desktop/salidas/scanqueue/backend/src/config/database.js:25:18)
    at async Module.getScansToday (file:///C:/Users/ludin/Desktop/salidas/scanqueue/backend/src/models/Scan.js:23:15)
    at async getTodaySummary (file:///C:/Users/ludin/Desktop/salidas/scanqueue/backend/src/controllers/DashboardController.js:30:24)
Path: /api/dashboard/today

[2026-03-04T12:41:36.513Z] ERROR: 
Stack: AggregateError [ECONNREFUSED]: 
    at C:\Users\ludin\Desktop\salidas\scanqueue\backend\node_modules\pg-pool\index.js:45:11
    at process.processTicksAndRejections (node:internal/process/task_queues:105:5)
    at async query (file:///C:/Users/ludin/Desktop/salidas/scanqueue/backend/src/config/database.js:25:18)
    at async Module.getScansToday (file:///C:/Users/ludin/Desktop/salidas/scanqueue/backend/src/models/Scan.js:23:15)
    at async Module.getScanStatistics (file:///C:/Users/ludin/Desktop/salidas/scanqueue/backend/src/services/ScanService.js:76:24)
    at async getDashboardStats (file:///C:/Users/ludin/Desktop/salidas/scanqueue/backend/src/controllers/DashboardController.js:12:19)
Path: /api/dashboard/stats

[2026-03-04T12:41:36.515Z] ERROR: 
Stack: AggregateError [ECONNREFUSED]: 
    at C:\Users\ludin\Desktop\salidas\scanqueue\backend\node_modules\pg-pool\index.js:45:11
    at process.processTicksAndRejections (node:internal/process/task_queues:105:5)
    at async query (file:///C:/Users/ludin/Desktop/salidas/scanqueue/backend/src/config/database.js:25:18)
    at async Module.getScansToday (file:///C:/Users/ludin/Desktop/salidas/scanqueue/backend/src/models/Scan.js:23:15)
    at async getTodaySummary (file:///C:/Users/ludin/Desktop/salidas/scanqueue/backend/src/controllers/DashboardController.js:30:24)
Path: /api/dashboard/today

[2026-03-04T12:41:36.643Z] ERROR: 
Stack: AggregateError [ECONNREFUSED]: 
    at C:\Users\ludin\Desktop\salidas\scanqueue\backend\node_modules\pg-pool\index.js:45:11
    at process.processTicksAndRejections (node:internal/process/task_queues:105:5)
    at async query (file:///C:/Users/ludin/Desktop/salidas/scanqueue/backend/src/config/database.js:25:18)
    at async Module.getScansToday (file:///C:/Users/ludin/Desktop/salidas/scanqueue/backend/src/models/Scan.js:23:15)
    at async Module.getScanStatistics (file:///C:/Users/ludin/Desktop/salidas/scanqueue/backend/src/services/ScanService.js:76:24)
    at async getDashboardStats (file:///C:/Users/ludin/Desktop/salidas/scanqueue/backend/src/controllers/DashboardController.js:12:19)
Path: /api/dashboard/stats

[2026-03-04T12:41:36.646Z] ERROR: 
Stack: AggregateError [ECONNREFUSED]: 
    at C:\Users\ludin\Desktop\salidas\scanqueue\backend\node_modules\pg-pool\index.js:45:11
    at process.processTicksAndRejections (node:internal/process/task_queues:105:5)
    at async query (file:///C:/Users/ludin/Desktop/salidas/scanqueue/backend/src/config/database.js:25:18)
    at async Module.getScansToday (file:///C:/Users/ludin/Desktop/salidas/scanqueue/backend/src/models/Scan.js:23:15)
    at async getTodaySummary (file:///C:/Users/ludin/Desktop/salidas/scanqueue/backend/src/controllers/DashboardController.js:30:24)
Path: /api/dashboard/today

[2026-03-04T12:41:36.865Z] ERROR: 
Stack: AggregateError [ECONNREFUSED]: 
    at C:\Users\ludin\Desktop\salidas\scanqueue\backend\node_modules\pg-pool\index.js:45:11
    at process.processTicksAndRejections (node:internal/process/task_queues:105:5)
    at async query (file:///C:/Users/ludin/Desktop/salidas/scanqueue/backend/src/config/database.js:25:18)
    at async Module.getScansToday (file:///C:/Users/ludin/Desktop/salidas/scanqueue/backend/src/models/Scan.js:23:15)
    at async Module.getScanStatistics (file:///C:/Users/ludin/Desktop/salidas/scanqueue/backend/src/services/ScanService.js:76:24)
    at async getDashboardStats (file:///C:/Users/ludin/Desktop/salidas/scanqueue/backend/src/controllers/DashboardController.js:12:19)
Path: /api/dashboard/stats

[2026-03-04T12:41:36.869Z] ERROR: 
Stack: AggregateError [ECONNREFUSED]: 
    at C:\Users\ludin\Desktop\salidas\scanqueue\backend\node_modules\pg-pool\index.js:45:11
    at process.processTicksAndRejections (node:internal/process/task_queues:105:5)
    at async query (file:///C:/Users/ludin/Desktop/salidas/scanqueue/backend/src/config/database.js:25:18)
    at async Module.getScansToday (file:///C:/Users/ludin/Desktop/salidas/scanqueue/backend/src/models/Scan.js:23:15)
    at async getTodaySummary (file:///C:/Users/ludin/Desktop/salidas/scanqueue/backend/src/controllers/DashboardController.js:30:24)
Path: /api/dashboard/today

[2026-03-04T12:41:37.080Z] ERROR: 
Stack: AggregateError [ECONNREFUSED]: 
    at C:\Users\ludin\Desktop\salidas\scanqueue\backend\node_modules\pg-pool\index.js:45:11
    at process.processTicksAndRejections (node:internal/process/task_queues:105:5)
    at async query (file:///C:/Users/ludin/Desktop/salidas/scanqueue/backend/src/config/database.js:25:18)
    at async Module.getScansToday (file:///C:/Users/ludin/Desktop/salidas/scanqueue/backend/src/models/Scan.js:23:15)
    at async Module.getScanStatistics (file:///C:/Users/ludin/Desktop/salidas/scanqueue/backend/src/services/ScanService.js:76:24)
    at async getDashboardStats (file:///C:/Users/ludin/Desktop/salidas/scanqueue/backend/src/controllers/DashboardController.js:12:19)
Path: /api/dashboard/stats

[2026-03-04T12:41:37.084Z] ERROR: 
Stack: AggregateError [ECONNREFUSED]: 
    at C:\Users\ludin\Desktop\salidas\scanqueue\backend\node_modules\pg-pool\index.js:45:11
    at process.processTicksAndRejections (node:internal/process/task_queues:105:5)
    at async query (file:///C:/Users/ludin/Desktop/salidas/scanqueue/backend/src/config/database.js:25:18)
    at async Module.getScansToday (file:///C:/Users/ludin/Desktop/salidas/scanqueue/backend/src/models/Scan.js:23:15)
    at async getTodaySummary (file:///C:/Users/ludin/Desktop/salidas/scanqueue/backend/src/controllers/DashboardController.js:30:24)
Path: /api/dashboard/today

[2026-03-04T12:41:37.282Z] ERROR: 
Stack: AggregateError [ECONNREFUSED]: 
    at C:\Users\ludin\Desktop\salidas\scanqueue\backend\node_modules\pg-pool\index.js:45:11
    at process.processTicksAndRejections (node:internal/process/task_queues:105:5)
    at async query (file:///C:/Users/ludin/Desktop/salidas/scanqueue/backend/src/config/database.js:25:18)
    at async Module.getScansToday (file:///C:/Users/ludin/Desktop/salidas/scanqueue/backend/src/models/Scan.js:23:15)
    at async Module.getScanStatistics (file:///C:/Users/ludin/Desktop/salidas/scanqueue/backend/src/services/ScanService.js:76:24)
    at async getDashboardStats (file:///C:/Users/ludin/Desktop/salidas/scanqueue/backend/src/controllers/DashboardController.js:12:19)
Path: /api/dashboard/stats

[2026-03-04T12:41:37.287Z] ERROR: 
Stack: AggregateError [ECONNREFUSED]: 
    at C:\Users\ludin\Desktop\salidas\scanqueue\backend\node_modules\pg-pool\index.js:45:11
    at process.processTicksAndRejections (node:internal/process/task_queues:105:5)
    at async query (file:///C:/Users/ludin/Desktop/salidas/scanqueue/backend/src/config/database.js:25:18)
    at async Module.getScansToday (file:///C:/Users/ludin/Desktop/salidas/scanqueue/backend/src/models/Scan.js:23:15)
    at async getTodaySummary (file:///C:/Users/ludin/Desktop/salidas/scanqueue/backend/src/controllers/DashboardController.js:30:24)
Path: /api/dashboard/today

[2026-03-04T12:41:37.474Z] ERROR: 
Stack: AggregateError [ECONNREFUSED]: 
    at C:\Users\ludin\Desktop\salidas\scanqueue\backend\node_modules\pg-pool\index.js:45:11
    at process.processTicksAndRejections (node:internal/process/task_queues:105:5)
    at async query (file:///C:/Users/ludin/Desktop/salidas/scanqueue/backend/src/config/database.js:25:18)
    at async Module.getScansToday (file:///C:/Users/ludin/Desktop/salidas/scanqueue/backend/src/models/Scan.js:23:15)
    at async Module.getScanStatistics (file:///C:/Users/ludin/Desktop/salidas/scanqueue/backend/src/services/ScanService.js:76:24)
    at async getDashboardStats (file:///C:/Users/ludin/Desktop/salidas/scanqueue/backend/src/controllers/DashboardController.js:12:19)
Path: /api/dashboard/stats

[2026-03-04T12:41:37.477Z] ERROR: 
Stack: AggregateError [ECONNREFUSED]: 
    at C:\Users\ludin\Desktop\salidas\scanqueue\backend\node_modules\pg-pool\index.js:45:11
    at process.processTicksAndRejections (node:internal/process/task_queues:105:5)
    at async query (file:///C:/Users/ludin/Desktop/salidas/scanqueue/backend/src/config/database.js:25:18)
    at async Module.getScansToday (file:///C:/Users/ludin/Desktop/salidas/scanqueue/backend/src/models/Scan.js:23:15)
    at async getTodaySummary (file:///C:/Users/ludin/Desktop/salidas/scanqueue/backend/src/controllers/DashboardController.js:30:24)
Path: /api/dashboard/today

[2026-03-04T12:41:37.774Z] ERROR: 
Stack: AggregateError [ECONNREFUSED]: 
    at C:\Users\ludin\Desktop\salidas\scanqueue\backend\node_modules\pg-pool\index.js:45:11
    at process.processTicksAndRejections (node:internal/process/task_queues:105:5)
    at async query (file:///C:/Users/ludin/Desktop/salidas/scanqueue/backend/src/config/database.js:25:18)
    at async Module.getScansToday (file:///C:/Users/ludin/Desktop/salidas/scanqueue/backend/src/models/Scan.js:23:15)
    at async Module.getScanStatistics (file:///C:/Users/ludin/Desktop/salidas/scanqueue/backend/src/services/ScanService.js:76:24)
    at async getDashboardStats (file:///C:/Users/ludin/Desktop/salidas/scanqueue/backend/src/controllers/DashboardController.js:12:19)
Path: /api/dashboard/stats

[2026-03-04T12:41:37.778Z] ERROR: 
Stack: AggregateError [ECONNREFUSED]: 
    at C:\Users\ludin\Desktop\salidas\scanqueue\backend\node_modules\pg-pool\index.js:45:11
    at process.processTicksAndRejections (node:internal/process/task_queues:105:5)
    at async query (file:///C:/Users/ludin/Desktop/salidas/scanqueue/backend/src/config/database.js:25:18)
    at async Module.getScansToday (file:///C:/Users/ludin/Desktop/salidas/scanqueue/backend/src/models/Scan.js:23:15)
    at async getTodaySummary (file:///C:/Users/ludin/Desktop/salidas/scanqueue/backend/src/controllers/DashboardController.js:30:24)
Path: /api/dashboard/today

[2026-03-04T12:41:38.081Z] ERROR: 
Stack: AggregateError [ECONNREFUSED]: 
    at C:\Users\ludin\Desktop\salidas\scanqueue\backend\node_modules\pg-pool\index.js:45:11
    at process.processTicksAndRejections (node:internal/process/task_queues:105:5)
    at async query (file:///C:/Users/ludin/Desktop/salidas/scanqueue/backend/src/config/database.js:25:18)
    at async Module.getScansToday (file:///C:/Users/ludin/Desktop/salidas/scanqueue/backend/src/models/Scan.js:23:15)
    at async Module.getScanStatistics (file:///C:/Users/ludin/Desktop/salidas/scanqueue/backend/src/services/ScanService.js:76:24)
    at async getDashboardStats (file:///C:/Users/ludin/Desktop/salidas/scanqueue/backend/src/controllers/DashboardController.js:12:19)
Path: /api/dashboard/stats

[2026-03-04T12:41:38.084Z] ERROR: 
Stack: AggregateError [ECONNREFUSED]: 
    at C:\Users\ludin\Desktop\salidas\scanqueue\backend\node_modules\pg-pool\index.js:45:11
    at process.processTicksAndRejections (node:internal/process/task_queues:105:5)
    at async query (file:///C:/Users/ludin/Desktop/salidas/scanqueue/backend/src/config/database.js:25:18)
    at async Module.getScansToday (file:///C:/Users/ludin/Desktop/salidas/scanqueue/backend/src/models/Scan.js:23:15)
    at async getTodaySummary (file:///C:/Users/ludin/Desktop/salidas/scanqueue/backend/src/controllers/DashboardController.js:30:24)
Path: /api/dashboard/today

[2026-03-04T12:41:38.276Z] ERROR: 
Stack: AggregateError [ECONNREFUSED]: 
    at C:\Users\ludin\Desktop\salidas\scanqueue\backend\node_modules\pg-pool\index.js:45:11
    at process.processTicksAndRejections (node:internal/process/task_queues:105:5)
    at async query (file:///C:/Users/ludin/Desktop/salidas/scanqueue/backend/src/config/database.js:25:18)
    at async Module.getScansToday (file:///C:/Users/ludin/Desktop/salidas/scanqueue/backend/src/models/Scan.js:23:15)
    at async Module.getScanStatistics (file:///C:/Users/ludin/Desktop/salidas/scanqueue/backend/src/services/ScanService.js:76:24)
    at async getDashboardStats (file:///C:/Users/ludin/Desktop/salidas/scanqueue/backend/src/controllers/DashboardController.js:12:19)
Path: /api/dashboard/stats

[2026-03-04T12:41:38.279Z] ERROR: 
Stack: AggregateError [ECONNREFUSED]: 
    at C:\Users\ludin\Desktop\salidas\scanqueue\backend\node_modules\pg-pool\index.js:45:11
    at process.processTicksAndRejections (node:internal/process/task_queues:105:5)
    at async query (file:///C:/Users/ludin/Desktop/salidas/scanqueue/backend/src/config/database.js:25:18)
    at async Module.getScansToday (file:///C:/Users/ludin/Desktop/salidas/scanqueue/backend/src/models/Scan.js:23:15)
    at async getTodaySummary (file:///C:/Users/ludin/Desktop/salidas/scanqueue/backend/src/controllers/DashboardController.js:30:24)
Path: /api/dashboard/today

[2026-03-04T12:41:38.527Z] ERROR: 
Stack: AggregateError [ECONNREFUSED]: 
    at C:\Users\ludin\Desktop\salidas\scanqueue\backend\node_modules\pg-pool\index.js:45:11
    at process.processTicksAndRejections (node:internal/process/task_queues:105:5)
    at async query (file:///C:/Users/ludin/Desktop/salidas/scanqueue/backend/src/config/database.js:25:18)
    at async Module.getScansToday (file:///C:/Users/ludin/Desktop/salidas/scanqueue/backend/src/models/Scan.js:23:15)
    at async Module.getScanStatistics (file:///C:/Users/ludin/Desktop/salidas/scanqueue/backend/src/services/ScanService.js:76:24)
    at async getDashboardStats (file:///C:/Users/ludin/Desktop/salidas/scanqueue/backend/src/controllers/DashboardController.js:12:19)
Path: /api/dashboard/stats

[2026-03-04T12:41:38.530Z] ERROR: 
Stack: AggregateError [ECONNREFUSED]: 
    at C:\Users\ludin\Desktop\salidas\scanqueue\backend\node_modules\pg-pool\index.js:45:11
    at process.processTicksAndRejections (node:internal/process/task_queues:105:5)
    at async query (file:///C:/Users/ludin/Desktop/salidas/scanqueue/backend/src/config/database.js:25:18)
    at async Module.getScansToday (file:///C:/Users/ludin/Desktop/salidas/scanqueue/backend/src/models/Scan.js:23:15)
    at async getTodaySummary (file:///C:/Users/ludin/Desktop/salidas/scanqueue/backend/src/controllers/DashboardController.js:30:24)
Path: /api/dashboard/today

[2026-03-04T12:41:38.701Z] ERROR: 
Stack: AggregateError [ECONNREFUSED]: 
    at C:\Users\ludin\Desktop\salidas\scanqueue\backend\node_modules\pg-pool\index.js:45:11
    at process.processTicksAndRejections (node:internal/process/task_queues:105:5)
    at async query (file:///C:/Users/ludin/Desktop/salidas/scanqueue/backend/src/config/database.js:25:18)
    at async Module.getScansToday (file:///C:/Users/ludin/Desktop/salidas/scanqueue/backend/src/models/Scan.js:23:15)
    at async Module.getScanStatistics (file:///C:/Users/ludin/Desktop/salidas/scanqueue/backend/src/services/ScanService.js:76:24)
    at async getDashboardStats (file:///C:/Users/ludin/Desktop/salidas/scanqueue/backend/src/controllers/DashboardController.js:12:19)
Path: /api/dashboard/stats

[2026-03-04T12:41:38.705Z] ERROR: 
Stack: AggregateError [ECONNREFUSED]: 
    at C:\Users\ludin\Desktop\salidas\scanqueue\backend\node_modules\pg-pool\index.js:45:11
    at process.processTicksAndRejections (node:internal/process/task_queues:105:5)
    at async query (file:///C:/Users/ludin/Desktop/salidas/scanqueue/backend/src/config/database.js:25:18)
    at async Module.getScansToday (file:///C:/Users/ludin/Desktop/salidas/scanqueue/backend/src/models/Scan.js:23:15)
    at async getTodaySummary (file:///C:/Users/ludin/Desktop/salidas/scanqueue/backend/src/controllers/DashboardController.js:30:24)
Path: /api/dashboard/today

[2026-03-04T12:41:38.876Z] ERROR: 
Stack: AggregateError [ECONNREFUSED]: 
    at C:\Users\ludin\Desktop\salidas\scanqueue\backend\node_modules\pg-pool\index.js:45:11
    at process.processTicksAndRejections (node:internal/process/task_queues:105:5)
    at async query (file:///C:/Users/ludin/Desktop/salidas/scanqueue/backend/src/config/database.js:25:18)
    at async Module.getScansToday (file:///C:/Users/ludin/Desktop/salidas/scanqueue/backend/src/models/Scan.js:23:15)
    at async Module.getScanStatistics (file:///C:/Users/ludin/Desktop/salidas/scanqueue/backend/src/services/ScanService.js:76:24)
    at async getDashboardStats (file:///C:/Users/ludin/Desktop/salidas/scanqueue/backend/src/controllers/DashboardController.js:12:19)
Path: /api/dashboard/stats

[2026-03-04T12:41:38.878Z] ERROR: 
Stack: AggregateError [ECONNREFUSED]: 
    at C:\Users\ludin\Desktop\salidas\scanqueue\backend\node_modules\pg-pool\index.js:45:11
    at process.processTicksAndRejections (node:internal/process/task_queues:105:5)
    at async query (file:///C:/Users/ludin/Desktop/salidas/scanqueue/backend/src/config/database.js:25:18)
    at async Module.getScansToday (file:///C:/Users/ludin/Desktop/salidas/scanqueue/backend/src/models/Scan.js:23:15)
    at async getTodaySummary (file:///C:/Users/ludin/Desktop/salidas/scanqueue/backend/src/controllers/DashboardController.js:30:24)
Path: /api/dashboard/today

[2026-03-04T12:41:39.115Z] ERROR: 
Stack: AggregateError [ECONNREFUSED]: 
    at C:\Users\ludin\Desktop\salidas\scanqueue\backend\node_modules\pg-pool\index.js:45:11
    at process.processTicksAndRejections (node:internal/process/task_queues:105:5)
    at async query (file:///C:/Users/ludin/Desktop/salidas/scanqueue/backend/src/config/database.js:25:18)
    at async Module.getScansToday (file:///C:/Users/ludin/Desktop/salidas/scanqueue/backend/src/models/Scan.js:23:15)
    at async Module.getScanStatistics (file:///C:/Users/ludin/Desktop/salidas/scanqueue/backend/src/services/ScanService.js:76:24)
    at async getDashboardStats (file:///C:/Users/ludin/Desktop/salidas/scanqueue/backend/src/controllers/DashboardController.js:12:19)
Path: /api/dashboard/stats

[2026-03-04T12:41:39.121Z] ERROR: 
Stack: AggregateError [ECONNREFUSED]: 
    at C:\Users\ludin\Desktop\salidas\scanqueue\backend\node_modules\pg-pool\index.js:45:11
    at process.processTicksAndRejections (node:internal/process/task_queues:105:5)
    at async query (file:///C:/Users/ludin/Desktop/salidas/scanqueue/backend/src/config/database.js:25:18)
    at async Module.getScansToday (file:///C:/Users/ludin/Desktop/salidas/scanqueue/backend/src/models/Scan.js:23:15)
    at async getTodaySummary (file:///C:/Users/ludin/Desktop/salidas/scanqueue/backend/src/controllers/DashboardController.js:30:24)
Path: /api/dashboard/today

[2026-03-04T12:41:39.424Z] ERROR: 
Stack: AggregateError [ECONNREFUSED]: 
    at C:\Users\ludin\Desktop\salidas\scanqueue\backend\node_modules\pg-pool\index.js:45:11
    at process.processTicksAndRejections (node:internal/process/task_queues:105:5)
    at async query (file:///C:/Users/ludin/Desktop/salidas/scanqueue/backend/src/config/database.js:25:18)
    at async Module.getScansToday (file:///C:/Users/ludin/Desktop/salidas/scanqueue/backend/src/models/Scan.js:23:15)
    at async Module.getScanStatistics (file:///C:/Users/ludin/Desktop/salidas/scanqueue/backend/src/services/ScanService.js:76:24)
    at async getDashboardStats (file:///C:/Users/ludin/Desktop/salidas/scanqueue/backend/src/controllers/DashboardController.js:12:19)
Path: /api/dashboard/stats

[2026-03-04T12:41:39.426Z] ERROR: 
Stack: AggregateError [ECONNREFUSED]: 
    at C:\Users\ludin\Desktop\salidas\scanqueue\backend\node_modules\pg-pool\index.js:45:11
    at process.processTicksAndRejections (node:internal/process/task_queues:105:5)
    at async query (file:///C:/Users/ludin/Desktop/salidas/scanqueue/backend/src/config/database.js:25:18)
    at async Module.getScansToday (file:///C:/Users/ludin/Desktop/salidas/scanqueue/backend/src/models/Scan.js:23:15)
    at async getTodaySummary (file:///C:/Users/ludin/Desktop/salidas/scanqueue/backend/src/controllers/DashboardController.js:30:24)
Path: /api/dashboard/today

[2026-03-04T12:41:39.706Z] ERROR: 
Stack: AggregateError [ECONNREFUSED]: 
    at C:\Users\ludin\Desktop\salidas\scanqueue\backend\node_modules\pg-pool\index.js:45:11
    at process.processTicksAndRejections (node:internal/process/task_queues:105:5)
    at async query (file:///C:/Users/ludin/Desktop/salidas/scanqueue/backend/src/config/database.js:25:18)
    at async Module.getScansToday (file:///C:/Users/ludin/Desktop/salidas/scanqueue/backend/src/models/Scan.js:23:15)
    at async Module.getScanStatistics (file:///C:/Users/ludin/Desktop/salidas/scanqueue/backend/src/services/ScanService.js:76:24)
    at async getDashboardStats (file:///C:/Users/ludin/Desktop/salidas/scanqueue/backend/src/controllers/DashboardController.js:12:19)
Path: /api/dashboard/stats

[2026-03-04T12:41:39.710Z] ERROR: 
Stack: AggregateError [ECONNREFUSED]: 
    at C:\Users\ludin\Desktop\salidas\scanqueue\backend\node_modules\pg-pool\index.js:45:11
    at process.processTicksAndRejections (node:internal/process/task_queues:105:5)
    at async query (file:///C:/Users/ludin/Desktop/salidas/scanqueue/backend/src/config/database.js:25:18)
    at async Module.getScansToday (file:///C:/Users/ludin/Desktop/salidas/scanqueue/backend/src/models/Scan.js:23:15)
    at async getTodaySummary (file:///C:/Users/ludin/Desktop/salidas/scanqueue/backend/src/controllers/DashboardController.js:30:24)
Path: /api/dashboard/today

[2026-03-04T12:41:39.849Z] ERROR: 
Stack: AggregateError [ECONNREFUSED]: 
    at C:\Users\ludin\Desktop\salidas\scanqueue\backend\node_modules\pg-pool\index.js:45:11
    at process.processTicksAndRejections (node:internal/process/task_queues:105:5)
    at async query (file:///C:/Users/ludin/Desktop/salidas/scanqueue/backend/src/config/database.js:25:18)
    at async Module.getScansToday (file:///C:/Users/ludin/Desktop/salidas/scanqueue/backend/src/models/Scan.js:23:15)
    at async Module.getScanStatistics (file:///C:/Users/ludin/Desktop/salidas/scanqueue/backend/src/services/ScanService.js:76:24)
    at async getDashboardStats (file:///C:/Users/ludin/Desktop/salidas/scanqueue/backend/src/controllers/DashboardController.js:12:19)
Path: /api/dashboard/stats

[2026-03-04T12:41:39.853Z] ERROR: 
Stack: AggregateError [ECONNREFUSED]: 
    at C:\Users\ludin\Desktop\salidas\scanqueue\backend\node_modules\pg-pool\index.js:45:11
    at process.processTicksAndRejections (node:internal/process/task_queues:105:5)
    at async query (file:///C:/Users/ludin/Desktop/salidas/scanqueue/backend/src/config/database.js:25:18)
    at async Module.getScansToday (file:///C:/Users/ludin/Desktop/salidas/scanqueue/backend/src/models/Scan.js:23:15)
    at async getTodaySummary (file:///C:/Users/ludin/Desktop/salidas/scanqueue/backend/src/controllers/DashboardController.js:30:24)
Path: /api/dashboard/today

[2026-03-04T12:41:40.012Z] ERROR: 
Stack: AggregateError [ECONNREFUSED]: 
    at C:\Users\ludin\Desktop\salidas\scanqueue\backend\node_modules\pg-pool\index.js:45:11
    at process.processTicksAndRejections (node:internal/process/task_queues:105:5)
    at async query (file:///C:/Users/ludin/Desktop/salidas/scanqueue/backend/src/config/database.js:25:18)
    at async Module.getScansToday (file:///C:/Users/ludin/Desktop/salidas/scanqueue/backend/src/models/Scan.js:23:15)
    at async Module.getScanStatistics (file:///C:/Users/ludin/Desktop/salidas/scanqueue/backend/src/services/ScanService.js:76:24)
    at async getDashboardStats (file:///C:/Users/ludin/Desktop/salidas/scanqueue/backend/src/controllers/DashboardController.js:12:19)
Path: /api/dashboard/stats

[2026-03-04T12:41:40.015Z] ERROR: 
Stack: AggregateError [ECONNREFUSED]: 
    at C:\Users\ludin\Desktop\salidas\scanqueue\backend\node_modules\pg-pool\index.js:45:11
    at process.processTicksAndRejections (node:internal/process/task_queues:105:5)
    at async query (file:///C:/Users/ludin/Desktop/salidas/scanqueue/backend/src/config/database.js:25:18)
    at async Module.getScansToday (file:///C:/Users/ludin/Desktop/salidas/scanqueue/backend/src/models/Scan.js:23:15)
    at async getTodaySummary (file:///C:/Users/ludin/Desktop/salidas/scanqueue/backend/src/controllers/DashboardController.js:30:24)
Path: /api/dashboard/today

[2026-03-04T12:41:40.221Z] ERROR: 
Stack: AggregateError [ECONNREFUSED]: 
    at C:\Users\ludin\Desktop\salidas\scanqueue\backend\node_modules\pg-pool\index.js:45:11
    at process.processTicksAndRejections (node:internal/process/task_queues:105:5)
    at async query (file:///C:/Users/ludin/Desktop/salidas/scanqueue/backend/src/config/database.js:25:18)
    at async Module.getScansToday (file:///C:/Users/ludin/Desktop/salidas/scanqueue/backend/src/models/Scan.js:23:15)
    at async Module.getScanStatistics (file:///C:/Users/ludin/Desktop/salidas/scanqueue/backend/src/services/ScanService.js:76:24)
    at async getDashboardStats (file:///C:/Users/ludin/Desktop/salidas/scanqueue/backend/src/controllers/DashboardController.js:12:19)
Path: /api/dashboard/stats

[2026-03-04T12:41:40.223Z] ERROR: 
Stack: AggregateError [ECONNREFUSED]: 
    at C:\Users\ludin\Desktop\salidas\scanqueue\backend\node_modules\pg-pool\index.js:45:11
    at process.processTicksAndRejections (node:internal/process/task_queues:105:5)
    at async query (file:///C:/Users/ludin/Desktop/salidas/scanqueue/backend/src/config/database.js:25:18)
    at async Module.getScansToday (file:///C:/Users/ludin/Desktop/salidas/scanqueue/backend/src/models/Scan.js:23:15)
    at async getTodaySummary (file:///C:/Users/ludin/Desktop/salidas/scanqueue/backend/src/controllers/DashboardController.js:30:24)
Path: /api/dashboard/today

[2026-03-04T12:41:40.413Z] ERROR: 
Stack: AggregateError [ECONNREFUSED]: 
    at C:\Users\ludin\Desktop\salidas\scanqueue\backend\node_modules\pg-pool\index.js:45:11
    at process.processTicksAndRejections (node:internal/process/task_queues:105:5)
    at async query (file:///C:/Users/ludin/Desktop/salidas/scanqueue/backend/src/config/database.js:25:18)
    at async Module.getScansToday (file:///C:/Users/ludin/Desktop/salidas/scanqueue/backend/src/models/Scan.js:23:15)
    at async Module.getScanStatistics (file:///C:/Users/ludin/Desktop/salidas/scanqueue/backend/src/services/ScanService.js:76:24)
    at async getDashboardStats (file:///C:/Users/ludin/Desktop/salidas/scanqueue/backend/src/controllers/DashboardController.js:12:19)
Path: /api/dashboard/stats

[2026-03-04T12:41:40.416Z] ERROR: 
Stack: AggregateError [ECONNREFUSED]: 
    at C:\Users\ludin\Desktop\salidas\scanqueue\backend\node_modules\pg-pool\index.js:45:11
    at process.processTicksAndRejections (node:internal/process/task_queues:105:5)
    at async query (file:///C:/Users/ludin/Desktop/salidas/scanqueue/backend/src/config/database.js:25:18)
    at async Module.getScansToday (file:///C:/Users/ludin/Desktop/salidas/scanqueue/backend/src/models/Scan.js:23:15)
    at async getTodaySummary (file:///C:/Users/ludin/Desktop/salidas/scanqueue/backend/src/controllers/DashboardController.js:30:24)
Path: /api/dashboard/today

[2026-03-04T12:41:40.594Z] ERROR: 
Stack: AggregateError [ECONNREFUSED]: 
    at C:\Users\ludin\Desktop\salidas\scanqueue\backend\node_modules\pg-pool\index.js:45:11
    at process.processTicksAndRejections (node:internal/process/task_queues:105:5)
    at async query (file:///C:/Users/ludin/Desktop/salidas/scanqueue/backend/src/config/database.js:25:18)
    at async Module.getScansToday (file:///C:/Users/ludin/Desktop/salidas/scanqueue/backend/src/models/Scan.js:23:15)
    at async Module.getScanStatistics (file:///C:/Users/ludin/Desktop/salidas/scanqueue/backend/src/services/ScanService.js:76:24)
    at async getDashboardStats (file:///C:/Users/ludin/Desktop/salidas/scanqueue/backend/src/controllers/DashboardController.js:12:19)
Path: /api/dashboard/stats

[2026-03-04T12:41:40.597Z] ERROR: 
Stack: AggregateError [ECONNREFUSED]: 
    at C:\Users\ludin\Desktop\salidas\scanqueue\backend\node_modules\pg-pool\index.js:45:11
    at process.processTicksAndRejections (node:internal/process/task_queues:105:5)
    at async query (file:///C:/Users/ludin/Desktop/salidas/scanqueue/backend/src/config/database.js:25:18)
    at async Module.getScansToday (file:///C:/Users/ludin/Desktop/salidas/scanqueue/backend/src/models/Scan.js:23:15)
    at async getTodaySummary (file:///C:/Users/ludin/Desktop/salidas/scanqueue/backend/src/controllers/DashboardController.js:30:24)
Path: /api/dashboard/today

[2026-03-04T12:41:40.777Z] ERROR: 
Stack: AggregateError [ECONNREFUSED]: 
    at C:\Users\ludin\Desktop\salidas\scanqueue\backend\node_modules\pg-pool\index.js:45:11
    at process.processTicksAndRejections (node:internal/process/task_queues:105:5)
    at async query (file:///C:/Users/ludin/Desktop/salidas/scanqueue/backend/src/config/database.js:25:18)
    at async Module.getScansToday (file:///C:/Users/ludin/Desktop/salidas/scanqueue/backend/src/models/Scan.js:23:15)
    at async Module.getScanStatistics (file:///C:/Users/ludin/Desktop/salidas/scanqueue/backend/src/services/ScanService.js:76:24)
    at async getDashboardStats (file:///C:/Users/ludin/Desktop/salidas/scanqueue/backend/src/controllers/DashboardController.js:12:19)
Path: /api/dashboard/stats

[2026-03-04T12:41:40.779Z] ERROR: 
Stack: AggregateError [ECONNREFUSED]: 
    at C:\Users\ludin\Desktop\salidas\scanqueue\backend\node_modules\pg-pool\index.js:45:11
    at process.processTicksAndRejections (node:internal/process/task_queues:105:5)
    at async query (file:///C:/Users/ludin/Desktop/salidas/scanqueue/backend/src/config/database.js:25:18)
    at async Module.getScansToday (file:///C:/Users/ludin/Desktop/salidas/scanqueue/backend/src/models/Scan.js:23:15)
    at async getTodaySummary (file:///C:/Users/ludin/Desktop/salidas/scanqueue/backend/src/controllers/DashboardController.js:30:24)
Path: /api/dashboard/today

[2026-03-04T12:41:40.912Z] ERROR: 
Stack: AggregateError [ECONNREFUSED]: 
    at C:\Users\ludin\Desktop\salidas\scanqueue\backend\node_modules\pg-pool\index.js:45:11
    at process.processTicksAndRejections (node:internal/process/task_queues:105:5)
    at async query (file:///C:/Users/ludin/Desktop/salidas/scanqueue/backend/src/config/database.js:25:18)
    at async Module.getScansToday (file:///C:/Users/ludin/Desktop/salidas/scanqueue/backend/src/models/Scan.js:23:15)
    at async Module.getScanStatistics (file:///C:/Users/ludin/Desktop/salidas/scanqueue/backend/src/services/ScanService.js:76:24)
    at async getDashboardStats (file:///C:/Users/ludin/Desktop/salidas/scanqueue/backend/src/controllers/DashboardController.js:12:19)
Path: /api/dashboard/stats

[2026-03-04T12:41:40.914Z] ERROR: 
Stack: AggregateError [ECONNREFUSED]: 
    at C:\Users\ludin\Desktop\salidas\scanqueue\backend\node_modules\pg-pool\index.js:45:11
    at process.processTicksAndRejections (node:internal/process/task_queues:105:5)
    at async query (file:///C:/Users/ludin/Desktop/salidas/scanqueue/backend/src/config/database.js:25:18)
    at async Module.getScansToday (file:///C:/Users/ludin/Desktop/salidas/scanqueue/backend/src/models/Scan.js:23:15)
    at async getTodaySummary (file:///C:/Users/ludin/Desktop/salidas/scanqueue/backend/src/controllers/DashboardController.js:30:24)
Path: /api/dashboard/today

[2026-03-04T12:41:41.104Z] ERROR: 
Stack: AggregateError [ECONNREFUSED]: 
    at C:\Users\ludin\Desktop\salidas\scanqueue\backend\node_modules\pg-pool\index.js:45:11
    at process.processTicksAndRejections (node:internal/process/task_queues:105:5)
    at async query (file:///C:/Users/ludin/Desktop/salidas/scanqueue/backend/src/config/database.js:25:18)
    at async Module.getScansToday (file:///C:/Users/ludin/Desktop/salidas/scanqueue/backend/src/models/Scan.js:23:15)
    at async Module.getScanStatistics (file:///C:/Users/ludin/Desktop/salidas/scanqueue/backend/src/services/ScanService.js:76:24)
    at async getDashboardStats (file:///C:/Users/ludin/Desktop/salidas/scanqueue/backend/src/controllers/DashboardController.js:12:19)
Path: /api/dashboard/stats

[2026-03-04T12:41:41.106Z] ERROR: 
Stack: AggregateError [ECONNREFUSED]: 
    at C:\Users\ludin\Desktop\salidas\scanqueue\backend\node_modules\pg-pool\index.js:45:11
    at process.processTicksAndRejections (node:internal/process/task_queues:105:5)
    at async query (file:///C:/Users/ludin/Desktop/salidas/scanqueue/backend/src/config/database.js:25:18)
    at async Module.getScansToday (file:///C:/Users/ludin/Desktop/salidas/scanqueue/backend/src/models/Scan.js:23:15)
    at async getTodaySummary (file:///C:/Users/ludin/Desktop/salidas/scanqueue/backend/src/controllers/DashboardController.js:30:24)
Path: /api/dashboard/today

[2026-03-04T12:41:41.315Z] ERROR: 
Stack: AggregateError [ECONNREFUSED]: 
    at C:\Users\ludin\Desktop\salidas\scanqueue\backend\node_modules\pg-pool\index.js:45:11
    at process.processTicksAndRejections (node:internal/process/task_queues:105:5)
    at async query (file:///C:/Users/ludin/Desktop/salidas/scanqueue/backend/src/config/database.js:25:18)
    at async Module.getScansToday (file:///C:/Users/ludin/Desktop/salidas/scanqueue/backend/src/models/Scan.js:23:15)
    at async Module.getScanStatistics (file:///C:/Users/ludin/Desktop/salidas/scanqueue/backend/src/services/ScanService.js:76:24)
    at async getDashboardStats (file:///C:/Users/ludin/Desktop/salidas/scanqueue/backend/src/controllers/DashboardController.js:12:19)
Path: /api/dashboard/stats

[2026-03-04T12:41:41.318Z] ERROR: 
Stack: AggregateError [ECONNREFUSED]: 
    at C:\Users\ludin\Desktop\salidas\scanqueue\backend\node_modules\pg-pool\index.js:45:11
    at process.processTicksAndRejections (node:internal/process/task_queues:105:5)
    at async query (file:///C:/Users/ludin/Desktop/salidas/scanqueue/backend/src/config/database.js:25:18)
    at async Module.getScansToday (file:///C:/Users/ludin/Desktop/salidas/scanqueue/backend/src/models/Scan.js:23:15)
    at async getTodaySummary (file:///C:/Users/ludin/Desktop/salidas/scanqueue/backend/src/controllers/DashboardController.js:30:24)
Path: /api/dashboard/today

[2026-03-04T12:41:41.567Z] ERROR: 
Stack: AggregateError [ECONNREFUSED]: 
    at C:\Users\ludin\Desktop\salidas\scanqueue\backend\node_modules\pg-pool\index.js:45:11
    at process.processTicksAndRejections (node:internal/process/task_queues:105:5)
    at async query (file:///C:/Users/ludin/Desktop/salidas/scanqueue/backend/src/config/database.js:25:18)
    at async Module.getScansToday (file:///C:/Users/ludin/Desktop/salidas/scanqueue/backend/src/models/Scan.js:23:15)
    at async Module.getScanStatistics (file:///C:/Users/ludin/Desktop/salidas/scanqueue/backend/src/services/ScanService.js:76:24)
    at async getDashboardStats (file:///C:/Users/ludin/Desktop/salidas/scanqueue/backend/src/controllers/DashboardController.js:12:19)
Path: /api/dashboard/stats

[2026-03-04T12:41:41.569Z] ERROR: 
Stack: AggregateError [ECONNREFUSED]: 
    at C:\Users\ludin\Desktop\salidas\scanqueue\backend\node_modules\pg-pool\index.js:45:11
    at process.processTicksAndRejections (node:internal/process/task_queues:105:5)
    at async query (file:///C:/Users/ludin/Desktop/salidas/scanqueue/backend/src/config/database.js:25:18)
    at async Module.getScansToday (file:///C:/Users/ludin/Desktop/salidas/scanqueue/backend/src/models/Scan.js:23:15)
    at async getTodaySummary (file:///C:/Users/ludin/Desktop/salidas/scanqueue/backend/src/controllers/DashboardController.js:30:24)
Path: /api/dashboard/today

[2026-03-04T12:41:41.762Z] ERROR: 
Stack: AggregateError [ECONNREFUSED]: 
    at C:\Users\ludin\Desktop\salidas\scanqueue\backend\node_modules\pg-pool\index.js:45:11
    at process.processTicksAndRejections (node:internal/process/task_queues:105:5)
    at async query (file:///C:/Users/ludin/Desktop/salidas/scanqueue/backend/src/config/database.js:25:18)
    at async Module.getScansToday (file:///C:/Users/ludin/Desktop/salidas/scanqueue/backend/src/models/Scan.js:23:15)
    at async Module.getScanStatistics (file:///C:/Users/ludin/Desktop/salidas/scanqueue/backend/src/services/ScanService.js:76:24)
    at async getDashboardStats (file:///C:/Users/ludin/Desktop/salidas/scanqueue/backend/src/controllers/DashboardController.js:12:19)
Path: /api/dashboard/stats

[2026-03-04T12:41:41.765Z] ERROR: 
Stack: AggregateError [ECONNREFUSED]: 
    at C:\Users\ludin\Desktop\salidas\scanqueue\backend\node_modules\pg-pool\index.js:45:11
    at process.processTicksAndRejections (node:internal/process/task_queues:105:5)
    at async query (file:///C:/Users/ludin/Desktop/salidas/scanqueue/backend/src/config/database.js:25:18)
    at async Module.getScansToday (file:///C:/Users/ludin/Desktop/salidas/scanqueue/backend/src/models/Scan.js:23:15)
    at async getTodaySummary (file:///C:/Users/ludin/Desktop/salidas/scanqueue/backend/src/controllers/DashboardController.js:30:24)
Path: /api/dashboard/today

[2026-03-04T12:41:41.918Z] ERROR: 
Stack: AggregateError [ECONNREFUSED]: 
    at C:\Users\ludin\Desktop\salidas\scanqueue\backend\node_modules\pg-pool\index.js:45:11
    at process.processTicksAndRejections (node:internal/process/task_queues:105:5)
    at async query (file:///C:/Users/ludin/Desktop/salidas/scanqueue/backend/src/config/database.js:25:18)
    at async Module.getScansToday (file:///C:/Users/ludin/Desktop/salidas/scanqueue/backend/src/models/Scan.js:23:15)
    at async Module.getScanStatistics (file:///C:/Users/ludin/Desktop/salidas/scanqueue/backend/src/services/ScanService.js:76:24)
    at async getDashboardStats (file:///C:/Users/ludin/Desktop/salidas/scanqueue/backend/src/controllers/DashboardController.js:12:19)
Path: /api/dashboard/stats

[2026-03-04T12:41:41.922Z] ERROR: 
Stack: AggregateError [ECONNREFUSED]: 
    at C:\Users\ludin\Desktop\salidas\scanqueue\backend\node_modules\pg-pool\index.js:45:11
    at process.processTicksAndRejections (node:internal/process/task_queues:105:5)
    at async query (file:///C:/Users/ludin/Desktop/salidas/scanqueue/backend/src/config/database.js:25:18)
    at async Module.getScansToday (file:///C:/Users/ludin/Desktop/salidas/scanqueue/backend/src/models/Scan.js:23:15)
    at async getTodaySummary (file:///C:/Users/ludin/Desktop/salidas/scanqueue/backend/src/controllers/DashboardController.js:30:24)
Path: /api/dashboard/today

[2026-03-04T12:41:42.111Z] ERROR: 
Stack: AggregateError [ECONNREFUSED]: 
    at C:\Users\ludin\Desktop\salidas\scanqueue\backend\node_modules\pg-pool\index.js:45:11
    at process.processTicksAndRejections (node:internal/process/task_queues:105:5)
    at async query (file:///C:/Users/ludin/Desktop/salidas/scanqueue/backend/src/config/database.js:25:18)
    at async Module.getScansToday (file:///C:/Users/ludin/Desktop/salidas/scanqueue/backend/src/models/Scan.js:23:15)
    at async Module.getScanStatistics (file:///C:/Users/ludin/Desktop/salidas/scanqueue/backend/src/services/ScanService.js:76:24)
    at async getDashboardStats (file:///C:/Users/ludin/Desktop/salidas/scanqueue/backend/src/controllers/DashboardController.js:12:19)
Path: /api/dashboard/stats

[2026-03-04T12:41:42.115Z] ERROR: 
Stack: AggregateError [ECONNREFUSED]: 
    at C:\Users\ludin\Desktop\salidas\scanqueue\backend\node_modules\pg-pool\index.js:45:11
    at process.processTicksAndRejections (node:internal/process/task_queues:105:5)
    at async query (file:///C:/Users/ludin/Desktop/salidas/scanqueue/backend/src/config/database.js:25:18)
    at async Module.getScansToday (file:///C:/Users/ludin/Desktop/salidas/scanqueue/backend/src/models/Scan.js:23:15)
    at async getTodaySummary (file:///C:/Users/ludin/Desktop/salidas/scanqueue/backend/src/controllers/DashboardController.js:30:24)
Path: /api/dashboard/today

[2026-03-04T12:41:42.367Z] ERROR: 
Stack: AggregateError [ECONNREFUSED]: 
    at C:\Users\ludin\Desktop\salidas\scanqueue\backend\node_modules\pg-pool\index.js:45:11
    at process.processTicksAndRejections (node:internal/process/task_queues:105:5)
    at async query (file:///C:/Users/ludin/Desktop/salidas/scanqueue/backend/src/config/database.js:25:18)
    at async Module.getScansToday (file:///C:/Users/ludin/Desktop/salidas/scanqueue/backend/src/models/Scan.js:23:15)
    at async Module.getScanStatistics (file:///C:/Users/ludin/Desktop/salidas/scanqueue/backend/src/services/ScanService.js:76:24)
    at async getDashboardStats (file:///C:/Users/ludin/Desktop/salidas/scanqueue/backend/src/controllers/DashboardController.js:12:19)
Path: /api/dashboard/stats

[2026-03-04T12:41:42.369Z] ERROR: 
Stack: AggregateError [ECONNREFUSED]: 
    at C:\Users\ludin\Desktop\salidas\scanqueue\backend\node_modules\pg-pool\index.js:45:11
    at process.processTicksAndRejections (node:internal/process/task_queues:105:5)
    at async query (file:///C:/Users/ludin/Desktop/salidas/scanqueue/backend/src/config/database.js:25:18)
    at async Module.getScansToday (file:///C:/Users/ludin/Desktop/salidas/scanqueue/backend/src/models/Scan.js:23:15)
    at async getTodaySummary (file:///C:/Users/ludin/Desktop/salidas/scanqueue/backend/src/controllers/DashboardController.js:30:24)
Path: /api/dashboard/today

[2026-03-04T12:41:42.597Z] ERROR: 
Stack: AggregateError [ECONNREFUSED]: 
    at C:\Users\ludin\Desktop\salidas\scanqueue\backend\node_modules\pg-pool\index.js:45:11
    at process.processTicksAndRejections (node:internal/process/task_queues:105:5)
    at async query (file:///C:/Users/ludin/Desktop/salidas/scanqueue/backend/src/config/database.js:25:18)
    at async Module.getScansToday (file:///C:/Users/ludin/Desktop/salidas/scanqueue/backend/src/models/Scan.js:23:15)
    at async Module.getScanStatistics (file:///C:/Users/ludin/Desktop/salidas/scanqueue/backend/src/services/ScanService.js:76:24)
    at async getDashboardStats (file:///C:/Users/ludin/Desktop/salidas/scanqueue/backend/src/controllers/DashboardController.js:12:19)
Path: /api/dashboard/stats

[2026-03-04T12:41:42.600Z] ERROR: 
Stack: AggregateError [ECONNREFUSED]: 
    at C:\Users\ludin\Desktop\salidas\scanqueue\backend\node_modules\pg-pool\index.js:45:11
    at process.processTicksAndRejections (node:internal/process/task_queues:105:5)
    at async query (file:///C:/Users/ludin/Desktop/salidas/scanqueue/backend/src/config/database.js:25:18)
    at async Module.getScansToday (file:///C:/Users/ludin/Desktop/salidas/scanqueue/backend/src/models/Scan.js:23:15)
    at async getTodaySummary (file:///C:/Users/ludin/Desktop/salidas/scanqueue/backend/src/controllers/DashboardController.js:30:24)
Path: /api/dashboard/today

[2026-03-04T12:41:42.805Z] ERROR: 
Stack: AggregateError [ECONNREFUSED]: 
    at C:\Users\ludin\Desktop\salidas\scanqueue\backend\node_modules\pg-pool\index.js:45:11
    at process.processTicksAndRejections (node:internal/process/task_queues:105:5)
    at async query (file:///C:/Users/ludin/Desktop/salidas/scanqueue/backend/src/config/database.js:25:18)
    at async Module.getScansToday (file:///C:/Users/ludin/Desktop/salidas/scanqueue/backend/src/models/Scan.js:23:15)
    at async Module.getScanStatistics (file:///C:/Users/ludin/Desktop/salidas/scanqueue/backend/src/services/ScanService.js:76:24)
    at async getDashboardStats (file:///C:/Users/ludin/Desktop/salidas/scanqueue/backend/src/controllers/DashboardController.js:12:19)
Path: /api/dashboard/stats

[2026-03-04T12:41:42.808Z] ERROR: 
Stack: AggregateError [ECONNREFUSED]: 
    at C:\Users\ludin\Desktop\salidas\scanqueue\backend\node_modules\pg-pool\index.js:45:11
    at process.processTicksAndRejections (node:internal/process/task_queues:105:5)
    at async query (file:///C:/Users/ludin/Desktop/salidas/scanqueue/backend/src/config/database.js:25:18)
    at async Module.getScansToday (file:///C:/Users/ludin/Desktop/salidas/scanqueue/backend/src/models/Scan.js:23:15)
    at async getTodaySummary (file:///C:/Users/ludin/Desktop/salidas/scanqueue/backend/src/controllers/DashboardController.js:30:24)
Path: /api/dashboard/today

[2026-03-04T12:41:42.953Z] ERROR: 
Stack: AggregateError [ECONNREFUSED]: 
    at C:\Users\ludin\Desktop\salidas\scanqueue\backend\node_modules\pg-pool\index.js:45:11
    at process.processTicksAndRejections (node:internal/process/task_queues:105:5)
    at async query (file:///C:/Users/ludin/Desktop/salidas/scanqueue/backend/src/config/database.js:25:18)
    at async Module.getScansToday (file:///C:/Users/ludin/Desktop/salidas/scanqueue/backend/src/models/Scan.js:23:15)
    at async Module.getScanStatistics (file:///C:/Users/ludin/Desktop/salidas/scanqueue/backend/src/services/ScanService.js:76:24)
    at async getDashboardStats (file:///C:/Users/ludin/Desktop/salidas/scanqueue/backend/src/controllers/DashboardController.js:12:19)
Path: /api/dashboard/stats

[2026-03-04T12:41:42.955Z] ERROR: 
Stack: AggregateError [ECONNREFUSED]: 
    at C:\Users\ludin\Desktop\salidas\scanqueue\backend\node_modules\pg-pool\index.js:45:11
    at process.processTicksAndRejections (node:internal/process/task_queues:105:5)
    at async query (file:///C:/Users/ludin/Desktop/salidas/scanqueue/backend/src/config/database.js:25:18)
    at async Module.getScansToday (file:///C:/Users/ludin/Desktop/salidas/scanqueue/backend/src/models/Scan.js:23:15)
    at async getTodaySummary (file:///C:/Users/ludin/Desktop/salidas/scanqueue/backend/src/controllers/DashboardController.js:30:24)
Path: /api/dashboard/today

[2026-03-04T12:41:43.141Z] ERROR: 
Stack: AggregateError [ECONNREFUSED]: 
    at C:\Users\ludin\Desktop\salidas\scanqueue\backend\node_modules\pg-pool\index.js:45:11
    at process.processTicksAndRejections (node:internal/process/task_queues:105:5)
    at async query (file:///C:/Users/ludin/Desktop/salidas/scanqueue/backend/src/config/database.js:25:18)
    at async Module.getScansToday (file:///C:/Users/ludin/Desktop/salidas/scanqueue/backend/src/models/Scan.js:23:15)
    at async Module.getScanStatistics (file:///C:/Users/ludin/Desktop/salidas/scanqueue/backend/src/services/ScanService.js:76:24)
    at async getDashboardStats (file:///C:/Users/ludin/Desktop/salidas/scanqueue/backend/src/controllers/DashboardController.js:12:19)
Path: /api/dashboard/stats

[2026-03-04T12:41:43.144Z] ERROR: 
Stack: AggregateError [ECONNREFUSED]: 
    at C:\Users\ludin\Desktop\salidas\scanqueue\backend\node_modules\pg-pool\index.js:45:11
    at process.processTicksAndRejections (node:internal/process/task_queues:105:5)
    at async query (file:///C:/Users/ludin/Desktop/salidas/scanqueue/backend/src/config/database.js:25:18)
    at async Module.getScansToday (file:///C:/Users/ludin/Desktop/salidas/scanqueue/backend/src/models/Scan.js:23:15)
    at async getTodaySummary (file:///C:/Users/ludin/Desktop/salidas/scanqueue/backend/src/controllers/DashboardController.js:30:24)
Path: /api/dashboard/today

[2026-03-04T12:41:43.408Z] ERROR: 
Stack: AggregateError [ECONNREFUSED]: 
    at C:\Users\ludin\Desktop\salidas\scanqueue\backend\node_modules\pg-pool\index.js:45:11
    at process.processTicksAndRejections (node:internal/process/task_queues:105:5)
    at async query (file:///C:/Users/ludin/Desktop/salidas/scanqueue/backend/src/config/database.js:25:18)
    at async Module.getScansToday (file:///C:/Users/ludin/Desktop/salidas/scanqueue/backend/src/models/Scan.js:23:15)
    at async Module.getScanStatistics (file:///C:/Users/ludin/Desktop/salidas/scanqueue/backend/src/services/ScanService.js:76:24)
    at async getDashboardStats (file:///C:/Users/ludin/Desktop/salidas/scanqueue/backend/src/controllers/DashboardController.js:12:19)
Path: /api/dashboard/stats

[2026-03-04T12:41:43.412Z] ERROR: 
Stack: AggregateError [ECONNREFUSED]: 
    at C:\Users\ludin\Desktop\salidas\scanqueue\backend\node_modules\pg-pool\index.js:45:11
    at process.processTicksAndRejections (node:internal/process/task_queues:105:5)
    at async query (file:///C:/Users/ludin/Desktop/salidas/scanqueue/backend/src/config/database.js:25:18)
    at async Module.getScansToday (file:///C:/Users/ludin/Desktop/salidas/scanqueue/backend/src/models/Scan.js:23:15)
    at async getTodaySummary (file:///C:/Users/ludin/Desktop/salidas/scanqueue/backend/src/controllers/DashboardController.js:30:24)
Path: /api/dashboard/today

[2026-03-04T12:41:43.597Z] ERROR: 
Stack: AggregateError [ECONNREFUSED]: 
    at C:\Users\ludin\Desktop\salidas\scanqueue\backend\node_modules\pg-pool\index.js:45:11
    at process.processTicksAndRejections (node:internal/process/task_queues:105:5)
    at async query (file:///C:/Users/ludin/Desktop/salidas/scanqueue/backend/src/config/database.js:25:18)
    at async Module.getScansToday (file:///C:/Users/ludin/Desktop/salidas/scanqueue/backend/src/models/Scan.js:23:15)
    at async Module.getScanStatistics (file:///C:/Users/ludin/Desktop/salidas/scanqueue/backend/src/services/ScanService.js:76:24)
    at async getDashboardStats (file:///C:/Users/ludin/Desktop/salidas/scanqueue/backend/src/controllers/DashboardController.js:12:19)
Path: /api/dashboard/stats

[2026-03-04T12:41:43.601Z] ERROR: 
Stack: AggregateError [ECONNREFUSED]: 
    at C:\Users\ludin\Desktop\salidas\scanqueue\backend\node_modules\pg-pool\index.js:45:11
    at process.processTicksAndRejections (node:internal/process/task_queues:105:5)
    at async query (file:///C:/Users/ludin/Desktop/salidas/scanqueue/backend/src/config/database.js:25:18)
    at async Module.getScansToday (file:///C:/Users/ludin/Desktop/salidas/scanqueue/backend/src/models/Scan.js:23:15)
    at async getTodaySummary (file:///C:/Users/ludin/Desktop/salidas/scanqueue/backend/src/controllers/DashboardController.js:30:24)
Path: /api/dashboard/today

[2026-03-04T12:41:43.912Z] ERROR: 
Stack: AggregateError [ECONNREFUSED]: 
    at C:\Users\ludin\Desktop\salidas\scanqueue\backend\node_modules\pg-pool\index.js:45:11
    at process.processTicksAndRejections (node:internal/process/task_queues:105:5)
    at async query (file:///C:/Users/ludin/Desktop/salidas/scanqueue/backend/src/config/database.js:25:18)
    at async Module.getScansToday (file:///C:/Users/ludin/Desktop/salidas/scanqueue/backend/src/models/Scan.js:23:15)
    at async Module.getScanStatistics (file:///C:/Users/ludin/Desktop/salidas/scanqueue/backend/src/services/ScanService.js:76:24)
    at async getDashboardStats (file:///C:/Users/ludin/Desktop/salidas/scanqueue/backend/src/controllers/DashboardController.js:12:19)
Path: /api/dashboard/stats

[2026-03-04T12:41:43.916Z] ERROR: 
Stack: AggregateError [ECONNREFUSED]: 
    at C:\Users\ludin\Desktop\salidas\scanqueue\backend\node_modules\pg-pool\index.js:45:11
    at process.processTicksAndRejections (node:internal/process/task_queues:105:5)
    at async query (file:///C:/Users/ludin/Desktop/salidas/scanqueue/backend/src/config/database.js:25:18)
    at async Module.getScansToday (file:///C:/Users/ludin/Desktop/salidas/scanqueue/backend/src/models/Scan.js:23:15)
    at async getTodaySummary (file:///C:/Users/ludin/Desktop/salidas/scanqueue/backend/src/controllers/DashboardController.js:30:24)
Path: /api/dashboard/today

[2026-03-04T12:41:44.071Z] ERROR: 
Stack: AggregateError [ECONNREFUSED]: 
    at C:\Users\ludin\Desktop\salidas\scanqueue\backend\node_modules\pg-pool\index.js:45:11
    at process.processTicksAndRejections (node:internal/process/task_queues:105:5)
    at async query (file:///C:/Users/ludin/Desktop/salidas/scanqueue/backend/src/config/database.js:25:18)
    at async Module.getScansToday (file:///C:/Users/ludin/Desktop/salidas/scanqueue/backend/src/models/Scan.js:23:15)
    at async Module.getScanStatistics (file:///C:/Users/ludin/Desktop/salidas/scanqueue/backend/src/services/ScanService.js:76:24)
    at async getDashboardStats (file:///C:/Users/ludin/Desktop/salidas/scanqueue/backend/src/controllers/DashboardController.js:12:19)
Path: /api/dashboard/stats

[2026-03-04T12:41:44.074Z] ERROR: 
Stack: AggregateError [ECONNREFUSED]: 
    at C:\Users\ludin\Desktop\salidas\scanqueue\backend\node_modules\pg-pool\index.js:45:11
    at process.processTicksAndRejections (node:internal/process/task_queues:105:5)
    at async query (file:///C:/Users/ludin/Desktop/salidas/scanqueue/backend/src/config/database.js:25:18)
    at async Module.getScansToday (file:///C:/Users/ludin/Desktop/salidas/scanqueue/backend/src/models/Scan.js:23:15)
    at async getTodaySummary (file:///C:/Users/ludin/Desktop/salidas/scanqueue/backend/src/controllers/DashboardController.js:30:24)
Path: /api/dashboard/today

[2026-03-04T12:41:44.280Z] ERROR: 
Stack: AggregateError [ECONNREFUSED]: 
    at C:\Users\ludin\Desktop\salidas\scanqueue\backend\node_modules\pg-pool\index.js:45:11
    at process.processTicksAndRejections (node:internal/process/task_queues:105:5)
    at async query (file:///C:/Users/ludin/Desktop/salidas/scanqueue/backend/src/config/database.js:25:18)
    at async Module.getScansToday (file:///C:/Users/ludin/Desktop/salidas/scanqueue/backend/src/models/Scan.js:23:15)
    at async Module.getScanStatistics (file:///C:/Users/ludin/Desktop/salidas/scanqueue/backend/src/services/ScanService.js:76:24)
    at async getDashboardStats (file:///C:/Users/ludin/Desktop/salidas/scanqueue/backend/src/controllers/DashboardController.js:12:19)
Path: /api/dashboard/stats

[2026-03-04T12:41:44.283Z] ERROR: 
Stack: AggregateError [ECONNREFUSED]: 
    at C:\Users\ludin\Desktop\salidas\scanqueue\backend\node_modules\pg-pool\index.js:45:11
    at process.processTicksAndRejections (node:internal/process/task_queues:105:5)
    at async query (file:///C:/Users/ludin/Desktop/salidas/scanqueue/backend/src/config/database.js:25:18)
    at async Module.getScansToday (file:///C:/Users/ludin/Desktop/salidas/scanqueue/backend/src/models/Scan.js:23:15)
    at async getTodaySummary (file:///C:/Users/ludin/Desktop/salidas/scanqueue/backend/src/controllers/DashboardController.js:30:24)
Path: /api/dashboard/today

[2026-03-04T12:41:44.487Z] ERROR: 
Stack: AggregateError [ECONNREFUSED]: 
    at C:\Users\ludin\Desktop\salidas\scanqueue\backend\node_modules\pg-pool\index.js:45:11
    at process.processTicksAndRejections (node:internal/process/task_queues:105:5)
    at async query (file:///C:/Users/ludin/Desktop/salidas/scanqueue/backend/src/config/database.js:25:18)
    at async Module.getScansToday (file:///C:/Users/ludin/Desktop/salidas/scanqueue/backend/src/models/Scan.js:23:15)
    at async Module.getScanStatistics (file:///C:/Users/ludin/Desktop/salidas/scanqueue/backend/src/services/ScanService.js:76:24)
    at async getDashboardStats (file:///C:/Users/ludin/Desktop/salidas/scanqueue/backend/src/controllers/DashboardController.js:12:19)
Path: /api/dashboard/stats

[2026-03-04T12:41:44.496Z] ERROR: 
Stack: AggregateError [ECONNREFUSED]: 
    at C:\Users\ludin\Desktop\salidas\scanqueue\backend\node_modules\pg-pool\index.js:45:11
    at process.processTicksAndRejections (node:internal/process/task_queues:105:5)
    at async query (file:///C:/Users/ludin/Desktop/salidas/scanqueue/backend/src/config/database.js:25:18)
    at async Module.getScansToday (file:///C:/Users/ludin/Desktop/salidas/scanqueue/backend/src/models/Scan.js:23:15)
    at async getTodaySummary (file:///C:/Users/ludin/Desktop/salidas/scanqueue/backend/src/controllers/DashboardController.js:30:24)
Path: /api/dashboard/today

[2026-03-04T12:41:44.682Z] ERROR: 
Stack: AggregateError [ECONNREFUSED]: 
    at C:\Users\ludin\Desktop\salidas\scanqueue\backend\node_modules\pg-pool\index.js:45:11
    at process.processTicksAndRejections (node:internal/process/task_queues:105:5)
    at async query (file:///C:/Users/ludin/Desktop/salidas/scanqueue/backend/src/config/database.js:25:18)
    at async Module.getScansToday (file:///C:/Users/ludin/Desktop/salidas/scanqueue/backend/src/models/Scan.js:23:15)
    at async Module.getScanStatistics (file:///C:/Users/ludin/Desktop/salidas/scanqueue/backend/src/services/ScanService.js:76:24)
    at async getDashboardStats (file:///C:/Users/ludin/Desktop/salidas/scanqueue/backend/src/controllers/DashboardController.js:12:19)
Path: /api/dashboard/stats

[2026-03-04T12:41:44.684Z] ERROR: 
Stack: AggregateError [ECONNREFUSED]: 
    at C:\Users\ludin\Desktop\salidas\scanqueue\backend\node_modules\pg-pool\index.js:45:11
    at process.processTicksAndRejections (node:internal/process/task_queues:105:5)
    at async query (file:///C:/Users/ludin/Desktop/salidas/scanqueue/backend/src/config/database.js:25:18)
    at async Module.getScansToday (file:///C:/Users/ludin/Desktop/salidas/scanqueue/backend/src/models/Scan.js:23:15)
    at async getTodaySummary (file:///C:/Users/ludin/Desktop/salidas/scanqueue/backend/src/controllers/DashboardController.js:30:24)
Path: /api/dashboard/today

[2026-03-04T12:41:44.919Z] ERROR: 
Stack: AggregateError [ECONNREFUSED]: 
    at C:\Users\ludin\Desktop\salidas\scanqueue\backend\node_modules\pg-pool\index.js:45:11
    at process.processTicksAndRejections (node:internal/process/task_queues:105:5)
    at async query (file:///C:/Users/ludin/Desktop/salidas/scanqueue/backend/src/config/database.js:25:18)
    at async Module.getScansToday (file:///C:/Users/ludin/Desktop/salidas/scanqueue/backend/src/models/Scan.js:23:15)
    at async Module.getScanStatistics (file:///C:/Users/ludin/Desktop/salidas/scanqueue/backend/src/services/ScanService.js:76:24)
    at async getDashboardStats (file:///C:/Users/ludin/Desktop/salidas/scanqueue/backend/src/controllers/DashboardController.js:12:19)
Path: /api/dashboard/stats

[2026-03-04T12:41:44.922Z] ERROR: 
Stack: AggregateError [ECONNREFUSED]: 
    at C:\Users\ludin\Desktop\salidas\scanqueue\backend\node_modules\pg-pool\index.js:45:11
    at process.processTicksAndRejections (node:internal/process/task_queues:105:5)
    at async query (file:///C:/Users/ludin/Desktop/salidas/scanqueue/backend/src/config/database.js:25:18)
    at async Module.getScansToday (file:///C:/Users/ludin/Desktop/salidas/scanqueue/backend/src/models/Scan.js:23:15)
    at async getTodaySummary (file:///C:/Users/ludin/Desktop/salidas/scanqueue/backend/src/controllers/DashboardController.js:30:24)
Path: /api/dashboard/today

[2026-03-04T12:41:45.071Z] ERROR: 
Stack: AggregateError [ECONNREFUSED]: 
    at C:\Users\ludin\Desktop\salidas\scanqueue\backend\node_modules\pg-pool\index.js:45:11
    at process.processTicksAndRejections (node:internal/process/task_queues:105:5)
    at async query (file:///C:/Users/ludin/Desktop/salidas/scanqueue/backend/src/config/database.js:25:18)
    at async Module.getScansToday (file:///C:/Users/ludin/Desktop/salidas/scanqueue/backend/src/models/Scan.js:23:15)
    at async Module.getScanStatistics (file:///C:/Users/ludin/Desktop/salidas/scanqueue/backend/src/services/ScanService.js:76:24)
    at async getDashboardStats (file:///C:/Users/ludin/Desktop/salidas/scanqueue/backend/src/controllers/DashboardController.js:12:19)
Path: /api/dashboard/stats

[2026-03-04T12:41:45.074Z] ERROR: 
Stack: AggregateError [ECONNREFUSED]: 
    at C:\Users\ludin\Desktop\salidas\scanqueue\backend\node_modules\pg-pool\index.js:45:11
    at process.processTicksAndRejections (node:internal/process/task_queues:105:5)
    at async query (file:///C:/Users/ludin/Desktop/salidas/scanqueue/backend/src/config/database.js:25:18)
    at async Module.getScansToday (file:///C:/Users/ludin/Desktop/salidas/scanqueue/backend/src/models/Scan.js:23:15)
    at async getTodaySummary (file:///C:/Users/ludin/Desktop/salidas/scanqueue/backend/src/controllers/DashboardController.js:30:24)
Path: /api/dashboard/today

[2026-03-04T12:41:45.386Z] ERROR: 
Stack: AggregateError [ECONNREFUSED]: 
    at C:\Users\ludin\Desktop\salidas\scanqueue\backend\node_modules\pg-pool\index.js:45:11
    at process.processTicksAndRejections (node:internal/process/task_queues:105:5)
    at async query (file:///C:/Users/ludin/Desktop/salidas/scanqueue/backend/src/config/database.js:25:18)
    at async Module.getScansToday (file:///C:/Users/ludin/Desktop/salidas/scanqueue/backend/src/models/Scan.js:23:15)
    at async Module.getScanStatistics (file:///C:/Users/ludin/Desktop/salidas/scanqueue/backend/src/services/ScanService.js:76:24)
    at async getDashboardStats (file:///C:/Users/ludin/Desktop/salidas/scanqueue/backend/src/controllers/DashboardController.js:12:19)
Path: /api/dashboard/stats

[2026-03-04T12:41:45.391Z] ERROR: 
Stack: AggregateError [ECONNREFUSED]: 
    at C:\Users\ludin\Desktop\salidas\scanqueue\backend\node_modules\pg-pool\index.js:45:11
    at process.processTicksAndRejections (node:internal/process/task_queues:105:5)
    at async query (file:///C:/Users/ludin/Desktop/salidas/scanqueue/backend/src/config/database.js:25:18)
    at async Module.getScansToday (file:///C:/Users/ludin/Desktop/salidas/scanqueue/backend/src/models/Scan.js:23:15)
    at async getTodaySummary (file:///C:/Users/ludin/Desktop/salidas/scanqueue/backend/src/controllers/DashboardController.js:30:24)
Path: /api/dashboard/today

[2026-03-04T12:41:45.681Z] ERROR: 
Stack: AggregateError [ECONNREFUSED]: 
    at C:\Users\ludin\Desktop\salidas\scanqueue\backend\node_modules\pg-pool\index.js:45:11
    at process.processTicksAndRejections (node:internal/process/task_queues:105:5)
    at async query (file:///C:/Users/ludin/Desktop/salidas/scanqueue/backend/src/config/database.js:25:18)
    at async Module.getScansToday (file:///C:/Users/ludin/Desktop/salidas/scanqueue/backend/src/models/Scan.js:23:15)
    at async Module.getScanStatistics (file:///C:/Users/ludin/Desktop/salidas/scanqueue/backend/src/services/ScanService.js:76:24)
    at async getDashboardStats (file:///C:/Users/ludin/Desktop/salidas/scanqueue/backend/src/controllers/DashboardController.js:12:19)
Path: /api/dashboard/stats

[2026-03-04T12:41:45.685Z] ERROR: 
Stack: AggregateError [ECONNREFUSED]: 
    at C:\Users\ludin\Desktop\salidas\scanqueue\backend\node_modules\pg-pool\index.js:45:11
    at process.processTicksAndRejections (node:internal/process/task_queues:105:5)
    at async query (file:///C:/Users/ludin/Desktop/salidas/scanqueue/backend/src/config/database.js:25:18)
    at async Module.getScansToday (file:///C:/Users/ludin/Desktop/salidas/scanqueue/backend/src/models/Scan.js:23:15)
    at async getTodaySummary (file:///C:/Users/ludin/Desktop/salidas/scanqueue/backend/src/controllers/DashboardController.js:30:24)
Path: /api/dashboard/today

[2026-03-04T12:41:45.921Z] ERROR: 
Stack: AggregateError [ECONNREFUSED]: 
    at C:\Users\ludin\Desktop\salidas\scanqueue\backend\node_modules\pg-pool\index.js:45:11
    at process.processTicksAndRejections (node:internal/process/task_queues:105:5)
    at async query (file:///C:/Users/ludin/Desktop/salidas/scanqueue/backend/src/config/database.js:25:18)
    at async Module.getScansToday (file:///C:/Users/ludin/Desktop/salidas/scanqueue/backend/src/models/Scan.js:23:15)
    at async Module.getScanStatistics (file:///C:/Users/ludin/Desktop/salidas/scanqueue/backend/src/services/ScanService.js:76:24)
    at async getDashboardStats (file:///C:/Users/ludin/Desktop/salidas/scanqueue/backend/src/controllers/DashboardController.js:12:19)
Path: /api/dashboard/stats

[2026-03-04T12:41:45.924Z] ERROR: 
Stack: AggregateError [ECONNREFUSED]: 
    at C:\Users\ludin\Desktop\salidas\scanqueue\backend\node_modules\pg-pool\index.js:45:11
    at process.processTicksAndRejections (node:internal/process/task_queues:105:5)
    at async query (file:///C:/Users/ludin/Desktop/salidas/scanqueue/backend/src/config/database.js:25:18)
    at async Module.getScansToday (file:///C:/Users/ludin/Desktop/salidas/scanqueue/backend/src/models/Scan.js:23:15)
    at async getTodaySummary (file:///C:/Users/ludin/Desktop/salidas/scanqueue/backend/src/controllers/DashboardController.js:30:24)
Path: /api/dashboard/today

[2026-03-04T12:41:46.166Z] ERROR: 
Stack: AggregateError [ECONNREFUSED]: 
    at C:\Users\ludin\Desktop\salidas\scanqueue\backend\node_modules\pg-pool\index.js:45:11
    at process.processTicksAndRejections (node:internal/process/task_queues:105:5)
    at async query (file:///C:/Users/ludin/Desktop/salidas/scanqueue/backend/src/config/database.js:25:18)
    at async Module.getScansToday (file:///C:/Users/ludin/Desktop/salidas/scanqueue/backend/src/models/Scan.js:23:15)
    at async Module.getScanStatistics (file:///C:/Users/ludin/Desktop/salidas/scanqueue/backend/src/services/ScanService.js:76:24)
    at async getDashboardStats (file:///C:/Users/ludin/Desktop/salidas/scanqueue/backend/src/controllers/DashboardController.js:12:19)
Path: /api/dashboard/stats

[2026-03-04T12:41:46.169Z] ERROR: 
Stack: AggregateError [ECONNREFUSED]: 
    at C:\Users\ludin\Desktop\salidas\scanqueue\backend\node_modules\pg-pool\index.js:45:11
    at process.processTicksAndRejections (node:internal/process/task_queues:105:5)
    at async query (file:///C:/Users/ludin/Desktop/salidas/scanqueue/backend/src/config/database.js:25:18)
    at async Module.getScansToday (file:///C:/Users/ludin/Desktop/salidas/scanqueue/backend/src/models/Scan.js:23:15)
    at async getTodaySummary (file:///C:/Users/ludin/Desktop/salidas/scanqueue/backend/src/controllers/DashboardController.js:30:24)
Path: /api/dashboard/today

[2026-03-04T12:41:46.298Z] ERROR: 
Stack: AggregateError [ECONNREFUSED]: 
    at C:\Users\ludin\Desktop\salidas\scanqueue\backend\node_modules\pg-pool\index.js:45:11
    at process.processTicksAndRejections (node:internal/process/task_queues:105:5)
    at async query (file:///C:/Users/ludin/Desktop/salidas/scanqueue/backend/src/config/database.js:25:18)
    at async Module.getScansToday (file:///C:/Users/ludin/Desktop/salidas/scanqueue/backend/src/models/Scan.js:23:15)
    at async Module.getScanStatistics (file:///C:/Users/ludin/Desktop/salidas/scanqueue/backend/src/services/ScanService.js:76:24)
    at async getDashboardStats (file:///C:/Users/ludin/Desktop/salidas/scanqueue/backend/src/controllers/DashboardController.js:12:19)
Path: /api/dashboard/stats

[2026-03-04T12:41:46.300Z] ERROR: 
Stack: AggregateError [ECONNREFUSED]: 
    at C:\Users\ludin\Desktop\salidas\scanqueue\backend\node_modules\pg-pool\index.js:45:11
    at process.processTicksAndRejections (node:internal/process/task_queues:105:5)
    at async query (file:///C:/Users/ludin/Desktop/salidas/scanqueue/backend/src/config/database.js:25:18)
    at async Module.getScansToday (file:///C:/Users/ludin/Desktop/salidas/scanqueue/backend/src/models/Scan.js:23:15)
    at async getTodaySummary (file:///C:/Users/ludin/Desktop/salidas/scanqueue/backend/src/controllers/DashboardController.js:30:24)
Path: /api/dashboard/today

[2026-03-04T12:41:46.477Z] ERROR: 
Stack: AggregateError [ECONNREFUSED]: 
    at C:\Users\ludin\Desktop\salidas\scanqueue\backend\node_modules\pg-pool\index.js:45:11
    at process.processTicksAndRejections (node:internal/process/task_queues:105:5)
    at async query (file:///C:/Users/ludin/Desktop/salidas/scanqueue/backend/src/config/database.js:25:18)
    at async Module.getScansToday (file:///C:/Users/ludin/Desktop/salidas/scanqueue/backend/src/models/Scan.js:23:15)
    at async Module.getScanStatistics (file:///C:/Users/ludin/Desktop/salidas/scanqueue/backend/src/services/ScanService.js:76:24)
    at async getDashboardStats (file:///C:/Users/ludin/Desktop/salidas/scanqueue/backend/src/controllers/DashboardController.js:12:19)
Path: /api/dashboard/stats

[2026-03-04T12:41:46.479Z] ERROR: 
Stack: AggregateError [ECONNREFUSED]: 
    at C:\Users\ludin\Desktop\salidas\scanqueue\backend\node_modules\pg-pool\index.js:45:11
    at process.processTicksAndRejections (node:internal/process/task_queues:105:5)
    at async query (file:///C:/Users/ludin/Desktop/salidas/scanqueue/backend/src/config/database.js:25:18)
    at async Module.getScansToday (file:///C:/Users/ludin/Desktop/salidas/scanqueue/backend/src/models/Scan.js:23:15)
    at async getTodaySummary (file:///C:/Users/ludin/Desktop/salidas/scanqueue/backend/src/controllers/DashboardController.js:30:24)
Path: /api/dashboard/today

[2026-03-04T12:41:46.697Z] ERROR: 
Stack: AggregateError [ECONNREFUSED]: 
    at C:\Users\ludin\Desktop\salidas\scanqueue\backend\node_modules\pg-pool\index.js:45:11
    at process.processTicksAndRejections (node:internal/process/task_queues:105:5)
    at async query (file:///C:/Users/ludin/Desktop/salidas/scanqueue/backend/src/config/database.js:25:18)
    at async Module.getScansToday (file:///C:/Users/ludin/Desktop/salidas/scanqueue/backend/src/models/Scan.js:23:15)
    at async Module.getScanStatistics (file:///C:/Users/ludin/Desktop/salidas/scanqueue/backend/src/services/ScanService.js:76:24)
    at async getDashboardStats (file:///C:/Users/ludin/Desktop/salidas/scanqueue/backend/src/controllers/DashboardController.js:12:19)
Path: /api/dashboard/stats

[2026-03-04T12:41:46.699Z] ERROR: 
Stack: AggregateError [ECONNREFUSED]: 
    at C:\Users\ludin\Desktop\salidas\scanqueue\backend\node_modules\pg-pool\index.js:45:11
    at process.processTicksAndRejections (node:internal/process/task_queues:105:5)
    at async query (file:///C:/Users/ludin/Desktop/salidas/scanqueue/backend/src/config/database.js:25:18)
    at async Module.getScansToday (file:///C:/Users/ludin/Desktop/salidas/scanqueue/backend/src/models/Scan.js:23:15)
    at async getTodaySummary (file:///C:/Users/ludin/Desktop/salidas/scanqueue/backend/src/controllers/DashboardController.js:30:24)
Path: /api/dashboard/today

[2026-03-04T12:41:46.889Z] ERROR: 
Stack: AggregateError [ECONNREFUSED]: 
    at C:\Users\ludin\Desktop\salidas\scanqueue\backend\node_modules\pg-pool\index.js:45:11
    at process.processTicksAndRejections (node:internal/process/task_queues:105:5)
    at async query (file:///C:/Users/ludin/Desktop/salidas/scanqueue/backend/src/config/database.js:25:18)
    at async Module.getScansToday (file:///C:/Users/ludin/Desktop/salidas/scanqueue/backend/src/models/Scan.js:23:15)
    at async Module.getScanStatistics (file:///C:/Users/ludin/Desktop/salidas/scanqueue/backend/src/services/ScanService.js:76:24)
    at async getDashboardStats (file:///C:/Users/ludin/Desktop/salidas/scanqueue/backend/src/controllers/DashboardController.js:12:19)
Path: /api/dashboard/stats

[2026-03-04T12:41:46.892Z] ERROR: 
Stack: AggregateError [ECONNREFUSED]: 
    at C:\Users\ludin\Desktop\salidas\scanqueue\backend\node_modules\pg-pool\index.js:45:11
    at process.processTicksAndRejections (node:internal/process/task_queues:105:5)
    at async query (file:///C:/Users/ludin/Desktop/salidas/scanqueue/backend/src/config/database.js:25:18)
    at async Module.getScansToday (file:///C:/Users/ludin/Desktop/salidas/scanqueue/backend/src/models/Scan.js:23:15)
    at async getTodaySummary (file:///C:/Users/ludin/Desktop/salidas/scanqueue/backend/src/controllers/DashboardController.js:30:24)
Path: /api/dashboard/today

[2026-03-04T12:41:47.076Z] ERROR: 
Stack: AggregateError [ECONNREFUSED]: 
    at C:\Users\ludin\Desktop\salidas\scanqueue\backend\node_modules\pg-pool\index.js:45:11
    at process.processTicksAndRejections (node:internal/process/task_queues:105:5)
    at async query (file:///C:/Users/ludin/Desktop/salidas/scanqueue/backend/src/config/database.js:25:18)
    at async Module.getScansToday (file:///C:/Users/ludin/Desktop/salidas/scanqueue/backend/src/models/Scan.js:23:15)
    at async Module.getScanStatistics (file:///C:/Users/ludin/Desktop/salidas/scanqueue/backend/src/services/ScanService.js:76:24)
    at async getDashboardStats (file:///C:/Users/ludin/Desktop/salidas/scanqueue/backend/src/controllers/DashboardController.js:12:19)
Path: /api/dashboard/stats

[2026-03-04T12:41:47.078Z] ERROR: 
Stack: AggregateError [ECONNREFUSED]: 
    at C:\Users\ludin\Desktop\salidas\scanqueue\backend\node_modules\pg-pool\index.js:45:11
    at process.processTicksAndRejections (node:internal/process/task_queues:105:5)
    at async query (file:///C:/Users/ludin/Desktop/salidas/scanqueue/backend/src/config/database.js:25:18)
    at async Module.getScansToday (file:///C:/Users/ludin/Desktop/salidas/scanqueue/backend/src/models/Scan.js:23:15)
    at async getTodaySummary (file:///C:/Users/ludin/Desktop/salidas/scanqueue/backend/src/controllers/DashboardController.js:30:24)
Path: /api/dashboard/today

[2026-03-04T12:41:47.203Z] ERROR: 
Stack: AggregateError [ECONNREFUSED]: 
    at C:\Users\ludin\Desktop\salidas\scanqueue\backend\node_modules\pg-pool\index.js:45:11
    at process.processTicksAndRejections (node:internal/process/task_queues:105:5)
    at async query (file:///C:/Users/ludin/Desktop/salidas/scanqueue/backend/src/config/database.js:25:18)
    at async Module.getScansToday (file:///C:/Users/ludin/Desktop/salidas/scanqueue/backend/src/models/Scan.js:23:15)
    at async Module.getScanStatistics (file:///C:/Users/ludin/Desktop/salidas/scanqueue/backend/src/services/ScanService.js:76:24)
    at async getDashboardStats (file:///C:/Users/ludin/Desktop/salidas/scanqueue/backend/src/controllers/DashboardController.js:12:19)
Path: /api/dashboard/stats

[2026-03-04T12:41:47.206Z] ERROR: 
Stack: AggregateError [ECONNREFUSED]: 
    at C:\Users\ludin\Desktop\salidas\scanqueue\backend\node_modules\pg-pool\index.js:45:11
    at process.processTicksAndRejections (node:internal/process/task_queues:105:5)
    at async query (file:///C:/Users/ludin/Desktop/salidas/scanqueue/backend/src/config/database.js:25:18)
    at async Module.getScansToday (file:///C:/Users/ludin/Desktop/salidas/scanqueue/backend/src/models/Scan.js:23:15)
    at async getTodaySummary (file:///C:/Users/ludin/Desktop/salidas/scanqueue/backend/src/controllers/DashboardController.js:30:24)
Path: /api/dashboard/today

[2026-03-04T12:41:47.546Z] ERROR: 
Stack: AggregateError [ECONNREFUSED]: 
    at C:\Users\ludin\Desktop\salidas\scanqueue\backend\node_modules\pg-pool\index.js:45:11
    at process.processTicksAndRejections (node:internal/process/task_queues:105:5)
    at async query (file:///C:/Users/ludin/Desktop/salidas/scanqueue/backend/src/config/database.js:25:18)
    at async Module.getScansToday (file:///C:/Users/ludin/Desktop/salidas/scanqueue/backend/src/models/Scan.js:23:15)
    at async Module.getScanStatistics (file:///C:/Users/ludin/Desktop/salidas/scanqueue/backend/src/services/ScanService.js:76:24)
    at async getDashboardStats (file:///C:/Users/ludin/Desktop/salidas/scanqueue/backend/src/controllers/DashboardController.js:12:19)
Path: /api/dashboard/stats

[2026-03-04T12:41:47.548Z] ERROR: 
Stack: AggregateError [ECONNREFUSED]: 
    at C:\Users\ludin\Desktop\salidas\scanqueue\backend\node_modules\pg-pool\index.js:45:11
    at process.processTicksAndRejections (node:internal/process/task_queues:105:5)
    at async query (file:///C:/Users/ludin/Desktop/salidas/scanqueue/backend/src/config/database.js:25:18)
    at async Module.getScansToday (file:///C:/Users/ludin/Desktop/salidas/scanqueue/backend/src/models/Scan.js:23:15)
    at async getTodaySummary (file:///C:/Users/ludin/Desktop/salidas/scanqueue/backend/src/controllers/DashboardController.js:30:24)
Path: /api/dashboard/today

[2026-03-04T12:41:47.753Z] ERROR: 
Stack: AggregateError [ECONNREFUSED]: 
    at C:\Users\ludin\Desktop\salidas\scanqueue\backend\node_modules\pg-pool\index.js:45:11
    at process.processTicksAndRejections (node:internal/process/task_queues:105:5)
    at async query (file:///C:/Users/ludin/Desktop/salidas/scanqueue/backend/src/config/database.js:25:18)
    at async Module.getScansToday (file:///C:/Users/ludin/Desktop/salidas/scanqueue/backend/src/models/Scan.js:23:15)
    at async Module.getScanStatistics (file:///C:/Users/ludin/Desktop/salidas/scanqueue/backend/src/services/ScanService.js:76:24)
    at async getDashboardStats (file:///C:/Users/ludin/Desktop/salidas/scanqueue/backend/src/controllers/DashboardController.js:12:19)
Path: /api/dashboard/stats

[2026-03-04T12:41:47.756Z] ERROR: 
Stack: AggregateError [ECONNREFUSED]: 
    at C:\Users\ludin\Desktop\salidas\scanqueue\backend\node_modules\pg-pool\index.js:45:11
    at process.processTicksAndRejections (node:internal/process/task_queues:105:5)
    at async query (file:///C:/Users/ludin/Desktop/salidas/scanqueue/backend/src/config/database.js:25:18)
    at async Module.getScansToday (file:///C:/Users/ludin/Desktop/salidas/scanqueue/backend/src/models/Scan.js:23:15)
    at async getTodaySummary (file:///C:/Users/ludin/Desktop/salidas/scanqueue/backend/src/controllers/DashboardController.js:30:24)
Path: /api/dashboard/today

[2026-03-04T12:41:47.946Z] ERROR: 
Stack: AggregateError [ECONNREFUSED]: 
    at C:\Users\ludin\Desktop\salidas\scanqueue\backend\node_modules\pg-pool\index.js:45:11
    at process.processTicksAndRejections (node:internal/process/task_queues:105:5)
    at async query (file:///C:/Users/ludin/Desktop/salidas/scanqueue/backend/src/config/database.js:25:18)
    at async Module.getScansToday (file:///C:/Users/ludin/Desktop/salidas/scanqueue/backend/src/models/Scan.js:23:15)
    at async Module.getScanStatistics (file:///C:/Users/ludin/Desktop/salidas/scanqueue/backend/src/services/ScanService.js:76:24)
    at async getDashboardStats (file:///C:/Users/ludin/Desktop/salidas/scanqueue/backend/src/controllers/DashboardController.js:12:19)
Path: /api/dashboard/stats

[2026-03-04T12:41:47.949Z] ERROR: 
Stack: AggregateError [ECONNREFUSED]: 
    at C:\Users\ludin\Desktop\salidas\scanqueue\backend\node_modules\pg-pool\index.js:45:11
    at process.processTicksAndRejections (node:internal/process/task_queues:105:5)
    at async query (file:///C:/Users/ludin/Desktop/salidas/scanqueue/backend/src/config/database.js:25:18)
    at async Module.getScansToday (file:///C:/Users/ludin/Desktop/salidas/scanqueue/backend/src/models/Scan.js:23:15)
    at async getTodaySummary (file:///C:/Users/ludin/Desktop/salidas/scanqueue/backend/src/controllers/DashboardController.js:30:24)
Path: /api/dashboard/today

[2026-03-04T12:41:48.157Z] ERROR: 
Stack: AggregateError [ECONNREFUSED]: 
    at C:\Users\ludin\Desktop\salidas\scanqueue\backend\node_modules\pg-pool\index.js:45:11
    at process.processTicksAndRejections (node:internal/process/task_queues:105:5)
    at async query (file:///C:/Users/ludin/Desktop/salidas/scanqueue/backend/src/config/database.js:25:18)
    at async Module.getScansToday (file:///C:/Users/ludin/Desktop/salidas/scanqueue/backend/src/models/Scan.js:23:15)
    at async Module.getScanStatistics (file:///C:/Users/ludin/Desktop/salidas/scanqueue/backend/src/services/ScanService.js:76:24)
    at async getDashboardStats (file:///C:/Users/ludin/Desktop/salidas/scanqueue/backend/src/controllers/DashboardController.js:12:19)
Path: /api/dashboard/stats

[2026-03-04T12:41:48.159Z] ERROR: 
Stack: AggregateError [ECONNREFUSED]: 
    at C:\Users\ludin\Desktop\salidas\scanqueue\backend\node_modules\pg-pool\index.js:45:11
    at process.processTicksAndRejections (node:internal/process/task_queues:105:5)
    at async query (file:///C:/Users/ludin/Desktop/salidas/scanqueue/backend/src/config/database.js:25:18)
    at async Module.getScansToday (file:///C:/Users/ludin/Desktop/salidas/scanqueue/backend/src/models/Scan.js:23:15)
    at async getTodaySummary (file:///C:/Users/ludin/Desktop/salidas/scanqueue/backend/src/controllers/DashboardController.js:30:24)
Path: /api/dashboard/today

[2026-03-04T12:41:48.315Z] ERROR: 
Stack: AggregateError [ECONNREFUSED]: 
    at C:\Users\ludin\Desktop\salidas\scanqueue\backend\node_modules\pg-pool\index.js:45:11
    at process.processTicksAndRejections (node:internal/process/task_queues:105:5)
    at async query (file:///C:/Users/ludin/Desktop/salidas/scanqueue/backend/src/config/database.js:25:18)
    at async Module.getScansToday (file:///C:/Users/ludin/Desktop/salidas/scanqueue/backend/src/models/Scan.js:23:15)
    at async Module.getScanStatistics (file:///C:/Users/ludin/Desktop/salidas/scanqueue/backend/src/services/ScanService.js:76:24)
    at async getDashboardStats (file:///C:/Users/ludin/Desktop/salidas/scanqueue/backend/src/controllers/DashboardController.js:12:19)
Path: /api/dashboard/stats

[2026-03-04T12:41:48.318Z] ERROR: 
Stack: AggregateError [ECONNREFUSED]: 
    at C:\Users\ludin\Desktop\salidas\scanqueue\backend\node_modules\pg-pool\index.js:45:11
    at process.processTicksAndRejections (node:internal/process/task_queues:105:5)
    at async query (file:///C:/Users/ludin/Desktop/salidas/scanqueue/backend/src/config/database.js:25:18)
    at async Module.getScansToday (file:///C:/Users/ludin/Desktop/salidas/scanqueue/backend/src/models/Scan.js:23:15)
    at async getTodaySummary (file:///C:/Users/ludin/Desktop/salidas/scanqueue/backend/src/controllers/DashboardController.js:30:24)
Path: /api/dashboard/today

[2026-03-04T12:41:48.549Z] ERROR: 
Stack: AggregateError [ECONNREFUSED]: 
    at C:\Users\ludin\Desktop\salidas\scanqueue\backend\node_modules\pg-pool\index.js:45:11
    at process.processTicksAndRejections (node:internal/process/task_queues:105:5)
    at async query (file:///C:/Users/ludin/Desktop/salidas/scanqueue/backend/src/config/database.js:25:18)
    at async Module.getScansToday (file:///C:/Users/ludin/Desktop/salidas/scanqueue/backend/src/models/Scan.js:23:15)
    at async Module.getScanStatistics (file:///C:/Users/ludin/Desktop/salidas/scanqueue/backend/src/services/ScanService.js:76:24)
    at async getDashboardStats (file:///C:/Users/ludin/Desktop/salidas/scanqueue/backend/src/controllers/DashboardController.js:12:19)
Path: /api/dashboard/stats

[2026-03-04T12:41:48.552Z] ERROR: 
Stack: AggregateError [ECONNREFUSED]: 
    at C:\Users\ludin\Desktop\salidas\scanqueue\backend\node_modules\pg-pool\index.js:45:11
    at process.processTicksAndRejections (node:internal/process/task_queues:105:5)
    at async query (file:///C:/Users/ludin/Desktop/salidas/scanqueue/backend/src/config/database.js:25:18)
    at async Module.getScansToday (file:///C:/Users/ludin/Desktop/salidas/scanqueue/backend/src/models/Scan.js:23:15)
    at async getTodaySummary (file:///C:/Users/ludin/Desktop/salidas/scanqueue/backend/src/controllers/DashboardController.js:30:24)
Path: /api/dashboard/today

[2026-03-04T12:41:48.815Z] ERROR: 
Stack: AggregateError [ECONNREFUSED]: 
    at C:\Users\ludin\Desktop\salidas\scanqueue\backend\node_modules\pg-pool\index.js:45:11
    at process.processTicksAndRejections (node:internal/process/task_queues:105:5)
    at async query (file:///C:/Users/ludin/Desktop/salidas/scanqueue/backend/src/config/database.js:25:18)
    at async Module.getScansToday (file:///C:/Users/ludin/Desktop/salidas/scanqueue/backend/src/models/Scan.js:23:15)
    at async Module.getScanStatistics (file:///C:/Users/ludin/Desktop/salidas/scanqueue/backend/src/services/ScanService.js:76:24)
    at async getDashboardStats (file:///C:/Users/ludin/Desktop/salidas/scanqueue/backend/src/controllers/DashboardController.js:12:19)
Path: /api/dashboard/stats

[2026-03-04T12:41:48.820Z] ERROR: 
Stack: AggregateError [ECONNREFUSED]: 
    at C:\Users\ludin\Desktop\salidas\scanqueue\backend\node_modules\pg-pool\index.js:45:11
    at process.processTicksAndRejections (node:internal/process/task_queues:105:5)
    at async query (file:///C:/Users/ludin/Desktop/salidas/scanqueue/backend/src/config/database.js:25:18)
    at async Module.getScansToday (file:///C:/Users/ludin/Desktop/salidas/scanqueue/backend/src/models/Scan.js:23:15)
    at async getTodaySummary (file:///C:/Users/ludin/Desktop/salidas/scanqueue/backend/src/controllers/DashboardController.js:30:24)
Path: /api/dashboard/today

[2026-03-04T12:41:49.047Z] ERROR: 
Stack: AggregateError [ECONNREFUSED]: 
    at C:\Users\ludin\Desktop\salidas\scanqueue\backend\node_modules\pg-pool\index.js:45:11
    at process.processTicksAndRejections (node:internal/process/task_queues:105:5)
    at async query (file:///C:/Users/ludin/Desktop/salidas/scanqueue/backend/src/config/database.js:25:18)
    at async Module.getScansToday (file:///C:/Users/ludin/Desktop/salidas/scanqueue/backend/src/models/Scan.js:23:15)
    at async Module.getScanStatistics (file:///C:/Users/ludin/Desktop/salidas/scanqueue/backend/src/services/ScanService.js:76:24)
    at async getDashboardStats (file:///C:/Users/ludin/Desktop/salidas/scanqueue/backend/src/controllers/DashboardController.js:12:19)
Path: /api/dashboard/stats

[2026-03-04T12:41:49.049Z] ERROR: 
Stack: AggregateError [ECONNREFUSED]: 
    at C:\Users\ludin\Desktop\salidas\scanqueue\backend\node_modules\pg-pool\index.js:45:11
    at process.processTicksAndRejections (node:internal/process/task_queues:105:5)
    at async query (file:///C:/Users/ludin/Desktop/salidas/scanqueue/backend/src/config/database.js:25:18)
    at async Module.getScansToday (file:///C:/Users/ludin/Desktop/salidas/scanqueue/backend/src/models/Scan.js:23:15)
    at async getTodaySummary (file:///C:/Users/ludin/Desktop/salidas/scanqueue/backend/src/controllers/DashboardController.js:30:24)
Path: /api/dashboard/today

[2026-03-04T12:41:49.245Z] ERROR: 
Stack: AggregateError [ECONNREFUSED]: 
    at C:\Users\ludin\Desktop\salidas\scanqueue\backend\node_modules\pg-pool\index.js:45:11
    at process.processTicksAndRejections (node:internal/process/task_queues:105:5)
    at async query (file:///C:/Users/ludin/Desktop/salidas/scanqueue/backend/src/config/database.js:25:18)
    at async Module.getScansToday (file:///C:/Users/ludin/Desktop/salidas/scanqueue/backend/src/models/Scan.js:23:15)
    at async Module.getScanStatistics (file:///C:/Users/ludin/Desktop/salidas/scanqueue/backend/src/services/ScanService.js:76:24)
    at async getDashboardStats (file:///C:/Users/ludin/Desktop/salidas/scanqueue/backend/src/controllers/DashboardController.js:12:19)
Path: /api/dashboard/stats

[2026-03-04T12:41:49.251Z] ERROR: 
Stack: AggregateError [ECONNREFUSED]: 
    at C:\Users\ludin\Desktop\salidas\scanqueue\backend\node_modules\pg-pool\index.js:45:11
    at process.processTicksAndRejections (node:internal/process/task_queues:105:5)
    at async query (file:///C:/Users/ludin/Desktop/salidas/scanqueue/backend/src/config/database.js:25:18)
    at async Module.getScansToday (file:///C:/Users/ludin/Desktop/salidas/scanqueue/backend/src/models/Scan.js:23:15)
    at async getTodaySummary (file:///C:/Users/ludin/Desktop/salidas/scanqueue/backend/src/controllers/DashboardController.js:30:24)
Path: /api/dashboard/today

[2026-03-04T12:41:49.384Z] ERROR: 
Stack: AggregateError [ECONNREFUSED]: 
    at C:\Users\ludin\Desktop\salidas\scanqueue\backend\node_modules\pg-pool\index.js:45:11
    at process.processTicksAndRejections (node:internal/process/task_queues:105:5)
    at async query (file:///C:/Users/ludin/Desktop/salidas/scanqueue/backend/src/config/database.js:25:18)
    at async Module.getScansToday (file:///C:/Users/ludin/Desktop/salidas/scanqueue/backend/src/models/Scan.js:23:15)
    at async Module.getScanStatistics (file:///C:/Users/ludin/Desktop/salidas/scanqueue/backend/src/services/ScanService.js:76:24)
    at async getDashboardStats (file:///C:/Users/ludin/Desktop/salidas/scanqueue/backend/src/controllers/DashboardController.js:12:19)
Path: /api/dashboard/stats

[2026-03-04T12:41:49.386Z] ERROR: 
Stack: AggregateError [ECONNREFUSED]: 
    at C:\Users\ludin\Desktop\salidas\scanqueue\backend\node_modules\pg-pool\index.js:45:11
    at process.processTicksAndRejections (node:internal/process/task_queues:105:5)
    at async query (file:///C:/Users/ludin/Desktop/salidas/scanqueue/backend/src/config/database.js:25:18)
    at async Module.getScansToday (file:///C:/Users/ludin/Desktop/salidas/scanqueue/backend/src/models/Scan.js:23:15)
    at async getTodaySummary (file:///C:/Users/ludin/Desktop/salidas/scanqueue/backend/src/controllers/DashboardController.js:30:24)
Path: /api/dashboard/today

[2026-03-04T12:41:49.586Z] ERROR: 
Stack: AggregateError [ECONNREFUSED]: 
    at C:\Users\ludin\Desktop\salidas\scanqueue\backend\node_modules\pg-pool\index.js:45:11
    at process.processTicksAndRejections (node:internal/process/task_queues:105:5)
    at async query (file:///C:/Users/ludin/Desktop/salidas/scanqueue/backend/src/config/database.js:25:18)
    at async Module.getScansToday (file:///C:/Users/ludin/Desktop/salidas/scanqueue/backend/src/models/Scan.js:23:15)
    at async Module.getScanStatistics (file:///C:/Users/ludin/Desktop/salidas/scanqueue/backend/src/services/ScanService.js:76:24)
    at async getDashboardStats (file:///C:/Users/ludin/Desktop/salidas/scanqueue/backend/src/controllers/DashboardController.js:12:19)
Path: /api/dashboard/stats

[2026-03-04T12:41:49.588Z] ERROR: 
Stack: AggregateError [ECONNREFUSED]: 
    at C:\Users\ludin\Desktop\salidas\scanqueue\backend\node_modules\pg-pool\index.js:45:11
    at process.processTicksAndRejections (node:internal/process/task_queues:105:5)
    at async query (file:///C:/Users/ludin/Desktop/salidas/scanqueue/backend/src/config/database.js:25:18)
    at async Module.getScansToday (file:///C:/Users/ludin/Desktop/salidas/scanqueue/backend/src/models/Scan.js:23:15)
    at async getTodaySummary (file:///C:/Users/ludin/Desktop/salidas/scanqueue/backend/src/controllers/DashboardController.js:30:24)
Path: /api/dashboard/today

[2026-03-04T12:41:49.818Z] ERROR: 
Stack: AggregateError [ECONNREFUSED]: 
    at C:\Users\ludin\Desktop\salidas\scanqueue\backend\node_modules\pg-pool\index.js:45:11
    at process.processTicksAndRejections (node:internal/process/task_queues:105:5)
    at async query (file:///C:/Users/ludin/Desktop/salidas/scanqueue/backend/src/config/database.js:25:18)
    at async Module.getScansToday (file:///C:/Users/ludin/Desktop/salidas/scanqueue/backend/src/models/Scan.js:23:15)
    at async Module.getScanStatistics (file:///C:/Users/ludin/Desktop/salidas/scanqueue/backend/src/services/ScanService.js:76:24)
    at async getDashboardStats (file:///C:/Users/ludin/Desktop/salidas/scanqueue/backend/src/controllers/DashboardController.js:12:19)
Path: /api/dashboard/stats

[2026-03-04T12:41:49.820Z] ERROR: 
Stack: AggregateError [ECONNREFUSED]: 
    at C:\Users\ludin\Desktop\salidas\scanqueue\backend\node_modules\pg-pool\index.js:45:11
    at process.processTicksAndRejections (node:internal/process/task_queues:105:5)
    at async query (file:///C:/Users/ludin/Desktop/salidas/scanqueue/backend/src/config/database.js:25:18)
    at async Module.getScansToday (file:///C:/Users/ludin/Desktop/salidas/scanqueue/backend/src/models/Scan.js:23:15)
    at async getTodaySummary (file:///C:/Users/ludin/Desktop/salidas/scanqueue/backend/src/controllers/DashboardController.js:30:24)
Path: /api/dashboard/today

[2026-03-04T12:41:50.002Z] ERROR: 
Stack: AggregateError [ECONNREFUSED]: 
    at C:\Users\ludin\Desktop\salidas\scanqueue\backend\node_modules\pg-pool\index.js:45:11
    at process.processTicksAndRejections (node:internal/process/task_queues:105:5)
    at async query (file:///C:/Users/ludin/Desktop/salidas/scanqueue/backend/src/config/database.js:25:18)
    at async Module.getScansToday (file:///C:/Users/ludin/Desktop/salidas/scanqueue/backend/src/models/Scan.js:23:15)
    at async Module.getScanStatistics (file:///C:/Users/ludin/Desktop/salidas/scanqueue/backend/src/services/ScanService.js:76:24)
    at async getDashboardStats (file:///C:/Users/ludin/Desktop/salidas/scanqueue/backend/src/controllers/DashboardController.js:12:19)
Path: /api/dashboard/stats

[2026-03-04T12:41:50.005Z] ERROR: 
Stack: AggregateError [ECONNREFUSED]: 
    at C:\Users\ludin\Desktop\salidas\scanqueue\backend\node_modules\pg-pool\index.js:45:11
    at process.processTicksAndRejections (node:internal/process/task_queues:105:5)
    at async query (file:///C:/Users/ludin/Desktop/salidas/scanqueue/backend/src/config/database.js:25:18)
    at async Module.getScansToday (file:///C:/Users/ludin/Desktop/salidas/scanqueue/backend/src/models/Scan.js:23:15)
    at async getTodaySummary (file:///C:/Users/ludin/Desktop/salidas/scanqueue/backend/src/controllers/DashboardController.js:30:24)
Path: /api/dashboard/today

[2026-03-04T12:41:50.202Z] ERROR: 
Stack: AggregateError [ECONNREFUSED]: 
    at C:\Users\ludin\Desktop\salidas\scanqueue\backend\node_modules\pg-pool\index.js:45:11
    at process.processTicksAndRejections (node:internal/process/task_queues:105:5)
    at async query (file:///C:/Users/ludin/Desktop/salidas/scanqueue/backend/src/config/database.js:25:18)
    at async Module.getScansToday (file:///C:/Users/ludin/Desktop/salidas/scanqueue/backend/src/models/Scan.js:23:15)
    at async Module.getScanStatistics (file:///C:/Users/ludin/Desktop/salidas/scanqueue/backend/src/services/ScanService.js:76:24)
    at async getDashboardStats (file:///C:/Users/ludin/Desktop/salidas/scanqueue/backend/src/controllers/DashboardController.js:12:19)
Path: /api/dashboard/stats

[2026-03-04T12:41:50.205Z] ERROR: 
Stack: AggregateError [ECONNREFUSED]: 
    at C:\Users\ludin\Desktop\salidas\scanqueue\backend\node_modules\pg-pool\index.js:45:11
    at process.processTicksAndRejections (node:internal/process/task_queues:105:5)
    at async query (file:///C:/Users/ludin/Desktop/salidas/scanqueue/backend/src/config/database.js:25:18)
    at async Module.getScansToday (file:///C:/Users/ludin/Desktop/salidas/scanqueue/backend/src/models/Scan.js:23:15)
    at async getTodaySummary (file:///C:/Users/ludin/Desktop/salidas/scanqueue/backend/src/controllers/DashboardController.js:30:24)
Path: /api/dashboard/today

[2026-03-04T12:41:50.375Z] ERROR: 
Stack: AggregateError [ECONNREFUSED]: 
    at C:\Users\ludin\Desktop\salidas\scanqueue\backend\node_modules\pg-pool\index.js:45:11
    at process.processTicksAndRejections (node:internal/process/task_queues:105:5)
    at async query (file:///C:/Users/ludin/Desktop/salidas/scanqueue/backend/src/config/database.js:25:18)
    at async Module.getScansToday (file:///C:/Users/ludin/Desktop/salidas/scanqueue/backend/src/models/Scan.js:23:15)
    at async Module.getScanStatistics (file:///C:/Users/ludin/Desktop/salidas/scanqueue/backend/src/services/ScanService.js:76:24)
    at async getDashboardStats (file:///C:/Users/ludin/Desktop/salidas/scanqueue/backend/src/controllers/DashboardController.js:12:19)
Path: /api/dashboard/stats

[2026-03-04T12:41:50.380Z] ERROR: 
Stack: AggregateError [ECONNREFUSED]: 
    at C:\Users\ludin\Desktop\salidas\scanqueue\backend\node_modules\pg-pool\index.js:45:11
    at process.processTicksAndRejections (node:internal/process/task_queues:105:5)
    at async query (file:///C:/Users/ludin/Desktop/salidas/scanqueue/backend/src/config/database.js:25:18)
    at async Module.getScansToday (file:///C:/Users/ludin/Desktop/salidas/scanqueue/backend/src/models/Scan.js:23:15)
    at async getTodaySummary (file:///C:/Users/ludin/Desktop/salidas/scanqueue/backend/src/controllers/DashboardController.js:30:24)
Path: /api/dashboard/today

[2026-03-04T12:41:50.597Z] ERROR: 
Stack: AggregateError [ECONNREFUSED]: 
    at C:\Users\ludin\Desktop\salidas\scanqueue\backend\node_modules\pg-pool\index.js:45:11
    at process.processTicksAndRejections (node:internal/process/task_queues:105:5)
    at async query (file:///C:/Users/ludin/Desktop/salidas/scanqueue/backend/src/config/database.js:25:18)
    at async Module.getScansToday (file:///C:/Users/ludin/Desktop/salidas/scanqueue/backend/src/models/Scan.js:23:15)
    at async Module.getScanStatistics (file:///C:/Users/ludin/Desktop/salidas/scanqueue/backend/src/services/ScanService.js:76:24)
    at async getDashboardStats (file:///C:/Users/ludin/Desktop/salidas/scanqueue/backend/src/controllers/DashboardController.js:12:19)
Path: /api/dashboard/stats

[2026-03-04T12:41:50.600Z] ERROR: 
Stack: AggregateError [ECONNREFUSED]: 
    at C:\Users\ludin\Desktop\salidas\scanqueue\backend\node_modules\pg-pool\index.js:45:11
    at process.processTicksAndRejections (node:internal/process/task_queues:105:5)
    at async query (file:///C:/Users/ludin/Desktop/salidas/scanqueue/backend/src/config/database.js:25:18)
    at async Module.getScansToday (file:///C:/Users/ludin/Desktop/salidas/scanqueue/backend/src/models/Scan.js:23:15)
    at async getTodaySummary (file:///C:/Users/ludin/Desktop/salidas/scanqueue/backend/src/controllers/DashboardController.js:30:24)
Path: /api/dashboard/today

[2026-03-04T12:41:50.786Z] ERROR: 
Stack: AggregateError [ECONNREFUSED]: 
    at C:\Users\ludin\Desktop\salidas\scanqueue\backend\node_modules\pg-pool\index.js:45:11
    at process.processTicksAndRejections (node:internal/process/task_queues:105:5)
    at async query (file:///C:/Users/ludin/Desktop/salidas/scanqueue/backend/src/config/database.js:25:18)
    at async Module.getScansToday (file:///C:/Users/ludin/Desktop/salidas/scanqueue/backend/src/models/Scan.js:23:15)
    at async Module.getScanStatistics (file:///C:/Users/ludin/Desktop/salidas/scanqueue/backend/src/services/ScanService.js:76:24)
    at async getDashboardStats (file:///C:/Users/ludin/Desktop/salidas/scanqueue/backend/src/controllers/DashboardController.js:12:19)
Path: /api/dashboard/stats

[2026-03-04T12:41:50.788Z] ERROR: 
Stack: AggregateError [ECONNREFUSED]: 
    at C:\Users\ludin\Desktop\salidas\scanqueue\backend\node_modules\pg-pool\index.js:45:11
    at process.processTicksAndRejections (node:internal/process/task_queues:105:5)
    at async query (file:///C:/Users/ludin/Desktop/salidas/scanqueue/backend/src/config/database.js:25:18)
    at async Module.getScansToday (file:///C:/Users/ludin/Desktop/salidas/scanqueue/backend/src/models/Scan.js:23:15)
    at async getTodaySummary (file:///C:/Users/ludin/Desktop/salidas/scanqueue/backend/src/controllers/DashboardController.js:30:24)
Path: /api/dashboard/today

[2026-03-04T12:41:51.018Z] ERROR: 
Stack: AggregateError [ECONNREFUSED]: 
    at C:\Users\ludin\Desktop\salidas\scanqueue\backend\node_modules\pg-pool\index.js:45:11
    at process.processTicksAndRejections (node:internal/process/task_queues:105:5)
    at async query (file:///C:/Users/ludin/Desktop/salidas/scanqueue/backend/src/config/database.js:25:18)
    at async Module.getScansToday (file:///C:/Users/ludin/Desktop/salidas/scanqueue/backend/src/models/Scan.js:23:15)
    at async Module.getScanStatistics (file:///C:/Users/ludin/Desktop/salidas/scanqueue/backend/src/services/ScanService.js:76:24)
    at async getDashboardStats (file:///C:/Users/ludin/Desktop/salidas/scanqueue/backend/src/controllers/DashboardController.js:12:19)
Path: /api/dashboard/stats

[2026-03-04T12:41:51.021Z] ERROR: 
Stack: AggregateError [ECONNREFUSED]: 
    at C:\Users\ludin\Desktop\salidas\scanqueue\backend\node_modules\pg-pool\index.js:45:11
    at process.processTicksAndRejections (node:internal/process/task_queues:105:5)
    at async query (file:///C:/Users/ludin/Desktop/salidas/scanqueue/backend/src/config/database.js:25:18)
    at async Module.getScansToday (file:///C:/Users/ludin/Desktop/salidas/scanqueue/backend/src/models/Scan.js:23:15)
    at async getTodaySummary (file:///C:/Users/ludin/Desktop/salidas/scanqueue/backend/src/controllers/DashboardController.js:30:24)
Path: /api/dashboard/today

[2026-03-04T12:41:51.149Z] ERROR: 
Stack: AggregateError [ECONNREFUSED]: 
    at C:\Users\ludin\Desktop\salidas\scanqueue\backend\node_modules\pg-pool\index.js:45:11
    at process.processTicksAndRejections (node:internal/process/task_queues:105:5)
    at async query (file:///C:/Users/ludin/Desktop/salidas/scanqueue/backend/src/config/database.js:25:18)
    at async Module.getScansToday (file:///C:/Users/ludin/Desktop/salidas/scanqueue/backend/src/models/Scan.js:23:15)
    at async Module.getScanStatistics (file:///C:/Users/ludin/Desktop/salidas/scanqueue/backend/src/services/ScanService.js:76:24)
    at async getDashboardStats (file:///C:/Users/ludin/Desktop/salidas/scanqueue/backend/src/controllers/DashboardController.js:12:19)
Path: /api/dashboard/stats

[2026-03-04T12:41:51.151Z] ERROR: 
Stack: AggregateError [ECONNREFUSED]: 
    at C:\Users\ludin\Desktop\salidas\scanqueue\backend\node_modules\pg-pool\index.js:45:11
    at process.processTicksAndRejections (node:internal/process/task_queues:105:5)
    at async query (file:///C:/Users/ludin/Desktop/salidas/scanqueue/backend/src/config/database.js:25:18)
    at async Module.getScansToday (file:///C:/Users/ludin/Desktop/salidas/scanqueue/backend/src/models/Scan.js:23:15)
    at async getTodaySummary (file:///C:/Users/ludin/Desktop/salidas/scanqueue/backend/src/controllers/DashboardController.js:30:24)
Path: /api/dashboard/today

[2026-03-04T12:41:51.334Z] ERROR: 
Stack: AggregateError [ECONNREFUSED]: 
    at C:\Users\ludin\Desktop\salidas\scanqueue\backend\node_modules\pg-pool\index.js:45:11
    at process.processTicksAndRejections (node:internal/process/task_queues:105:5)
    at async query (file:///C:/Users/ludin/Desktop/salidas/scanqueue/backend/src/config/database.js:25:18)
    at async Module.getScansToday (file:///C:/Users/ludin/Desktop/salidas/scanqueue/backend/src/models/Scan.js:23:15)
    at async Module.getScanStatistics (file:///C:/Users/ludin/Desktop/salidas/scanqueue/backend/src/services/ScanService.js:76:24)
    at async getDashboardStats (file:///C:/Users/ludin/Desktop/salidas/scanqueue/backend/src/controllers/DashboardController.js:12:19)
Path: /api/dashboard/stats

[2026-03-04T12:41:51.336Z] ERROR: 
Stack: AggregateError [ECONNREFUSED]: 
    at C:\Users\ludin\Desktop\salidas\scanqueue\backend\node_modules\pg-pool\index.js:45:11
    at process.processTicksAndRejections (node:internal/process/task_queues:105:5)
    at async query (file:///C:/Users/ludin/Desktop/salidas/scanqueue/backend/src/config/database.js:25:18)
    at async Module.getScansToday (file:///C:/Users/ludin/Desktop/salidas/scanqueue/backend/src/models/Scan.js:23:15)
    at async getTodaySummary (file:///C:/Users/ludin/Desktop/salidas/scanqueue/backend/src/controllers/DashboardController.js:30:24)
Path: /api/dashboard/today

[2026-03-04T12:41:51.534Z] ERROR: 
Stack: AggregateError [ECONNREFUSED]: 
    at C:\Users\ludin\Desktop\salidas\scanqueue\backend\node_modules\pg-pool\index.js:45:11
    at process.processTicksAndRejections (node:internal/process/task_queues:105:5)
    at async query (file:///C:/Users/ludin/Desktop/salidas/scanqueue/backend/src/config/database.js:25:18)
    at async Module.getScansToday (file:///C:/Users/ludin/Desktop/salidas/scanqueue/backend/src/models/Scan.js:23:15)
    at async Module.getScanStatistics (file:///C:/Users/ludin/Desktop/salidas/scanqueue/backend/src/services/ScanService.js:76:24)
    at async getDashboardStats (file:///C:/Users/ludin/Desktop/salidas/scanqueue/backend/src/controllers/DashboardController.js:12:19)
Path: /api/dashboard/stats

[2026-03-04T12:41:51.536Z] ERROR: 
Stack: AggregateError [ECONNREFUSED]: 
    at C:\Users\ludin\Desktop\salidas\scanqueue\backend\node_modules\pg-pool\index.js:45:11
    at process.processTicksAndRejections (node:internal/process/task_queues:105:5)
    at async query (file:///C:/Users/ludin/Desktop/salidas/scanqueue/backend/src/config/database.js:25:18)
    at async Module.getScansToday (file:///C:/Users/ludin/Desktop/salidas/scanqueue/backend/src/models/Scan.js:23:15)
    at async getTodaySummary (file:///C:/Users/ludin/Desktop/salidas/scanqueue/backend/src/controllers/DashboardController.js:30:24)
Path: /api/dashboard/today

[2026-03-04T12:41:51.757Z] ERROR: 
Stack: AggregateError [ECONNREFUSED]: 
    at C:\Users\ludin\Desktop\salidas\scanqueue\backend\node_modules\pg-pool\index.js:45:11
    at process.processTicksAndRejections (node:internal/process/task_queues:105:5)
    at async query (file:///C:/Users/ludin/Desktop/salidas/scanqueue/backend/src/config/database.js:25:18)
    at async Module.getScansToday (file:///C:/Users/ludin/Desktop/salidas/scanqueue/backend/src/models/Scan.js:23:15)
    at async Module.getScanStatistics (file:///C:/Users/ludin/Desktop/salidas/scanqueue/backend/src/services/ScanService.js:76:24)
    at async getDashboardStats (file:///C:/Users/ludin/Desktop/salidas/scanqueue/backend/src/controllers/DashboardController.js:12:19)
Path: /api/dashboard/stats

[2026-03-04T12:41:51.759Z] ERROR: 
Stack: AggregateError [ECONNREFUSED]: 
    at C:\Users\ludin\Desktop\salidas\scanqueue\backend\node_modules\pg-pool\index.js:45:11
    at process.processTicksAndRejections (node:internal/process/task_queues:105:5)
    at async query (file:///C:/Users/ludin/Desktop/salidas/scanqueue/backend/src/config/database.js:25:18)
    at async Module.getScansToday (file:///C:/Users/ludin/Desktop/salidas/scanqueue/backend/src/models/Scan.js:23:15)
    at async getTodaySummary (file:///C:/Users/ludin/Desktop/salidas/scanqueue/backend/src/controllers/DashboardController.js:30:24)
Path: /api/dashboard/today

[2026-03-04T12:41:52.101Z] ERROR: 
Stack: AggregateError [ECONNREFUSED]: 
    at C:\Users\ludin\Desktop\salidas\scanqueue\backend\node_modules\pg-pool\index.js:45:11
    at process.processTicksAndRejections (node:internal/process/task_queues:105:5)
    at async query (file:///C:/Users/ludin/Desktop/salidas/scanqueue/backend/src/config/database.js:25:18)
    at async Module.getScansToday (file:///C:/Users/ludin/Desktop/salidas/scanqueue/backend/src/models/Scan.js:23:15)
    at async Module.getScanStatistics (file:///C:/Users/ludin/Desktop/salidas/scanqueue/backend/src/services/ScanService.js:76:24)
    at async getDashboardStats (file:///C:/Users/ludin/Desktop/salidas/scanqueue/backend/src/controllers/DashboardController.js:12:19)
Path: /api/dashboard/stats

[2026-03-04T12:41:52.107Z] ERROR: 
Stack: AggregateError [ECONNREFUSED]: 
    at C:\Users\ludin\Desktop\salidas\scanqueue\backend\node_modules\pg-pool\index.js:45:11
    at process.processTicksAndRejections (node:internal/process/task_queues:105:5)
    at async query (file:///C:/Users/ludin/Desktop/salidas/scanqueue/backend/src/config/database.js:25:18)
    at async Module.getScansToday (file:///C:/Users/ludin/Desktop/salidas/scanqueue/backend/src/models/Scan.js:23:15)
    at async getTodaySummary (file:///C:/Users/ludin/Desktop/salidas/scanqueue/backend/src/controllers/DashboardController.js:30:24)
Path: /api/dashboard/today

[2026-03-04T12:41:52.405Z] ERROR: 
Stack: AggregateError [ECONNREFUSED]: 
    at C:\Users\ludin\Desktop\salidas\scanqueue\backend\node_modules\pg-pool\index.js:45:11
    at process.processTicksAndRejections (node:internal/process/task_queues:105:5)
    at async query (file:///C:/Users/ludin/Desktop/salidas/scanqueue/backend/src/config/database.js:25:18)
    at async Module.getScansToday (file:///C:/Users/ludin/Desktop/salidas/scanqueue/backend/src/models/Scan.js:23:15)
    at async Module.getScanStatistics (file:///C:/Users/ludin/Desktop/salidas/scanqueue/backend/src/services/ScanService.js:76:24)
    at async getDashboardStats (file:///C:/Users/ludin/Desktop/salidas/scanqueue/backend/src/controllers/DashboardController.js:12:19)
Path: /api/dashboard/stats

[2026-03-04T12:41:52.410Z] ERROR: 
Stack: AggregateError [ECONNREFUSED]: 
    at C:\Users\ludin\Desktop\salidas\scanqueue\backend\node_modules\pg-pool\index.js:45:11
    at process.processTicksAndRejections (node:internal/process/task_queues:105:5)
    at async query (file:///C:/Users/ludin/Desktop/salidas/scanqueue/backend/src/config/database.js:25:18)
    at async Module.getScansToday (file:///C:/Users/ludin/Desktop/salidas/scanqueue/backend/src/models/Scan.js:23:15)
    at async getTodaySummary (file:///C:/Users/ludin/Desktop/salidas/scanqueue/backend/src/controllers/DashboardController.js:30:24)
Path: /api/dashboard/today

[2026-03-04T12:41:52.805Z] ERROR: 
Stack: AggregateError [ECONNREFUSED]: 
    at C:\Users\ludin\Desktop\salidas\scanqueue\backend\node_modules\pg-pool\index.js:45:11
    at process.processTicksAndRejections (node:internal/process/task_queues:105:5)
    at async query (file:///C:/Users/ludin/Desktop/salidas/scanqueue/backend/src/config/database.js:25:18)
    at async Module.getScansToday (file:///C:/Users/ludin/Desktop/salidas/scanqueue/backend/src/models/Scan.js:23:15)
    at async Module.getScanStatistics (file:///C:/Users/ludin/Desktop/salidas/scanqueue/backend/src/services/ScanService.js:76:24)
    at async getDashboardStats (file:///C:/Users/ludin/Desktop/salidas/scanqueue/backend/src/controllers/DashboardController.js:12:19)
Path: /api/dashboard/stats

[2026-03-04T12:41:52.808Z] ERROR: 
Stack: AggregateError [ECONNREFUSED]: 
    at C:\Users\ludin\Desktop\salidas\scanqueue\backend\node_modules\pg-pool\index.js:45:11
    at process.processTicksAndRejections (node:internal/process/task_queues:105:5)
    at async query (file:///C:/Users/ludin/Desktop/salidas/scanqueue/backend/src/config/database.js:25:18)
    at async Module.getScansToday (file:///C:/Users/ludin/Desktop/salidas/scanqueue/backend/src/models/Scan.js:23:15)
    at async getTodaySummary (file:///C:/Users/ludin/Desktop/salidas/scanqueue/backend/src/controllers/DashboardController.js:30:24)
Path: /api/dashboard/today

[2026-03-04T12:41:53.008Z] ERROR: 
Stack: AggregateError [ECONNREFUSED]: 
    at C:\Users\ludin\Desktop\salidas\scanqueue\backend\node_modules\pg-pool\index.js:45:11
    at process.processTicksAndRejections (node:internal/process/task_queues:105:5)
    at async query (file:///C:/Users/ludin/Desktop/salidas/scanqueue/backend/src/config/database.js:25:18)
    at async Module.getScansToday (file:///C:/Users/ludin/Desktop/salidas/scanqueue/backend/src/models/Scan.js:23:15)
    at async Module.getScanStatistics (file:///C:/Users/ludin/Desktop/salidas/scanqueue/backend/src/services/ScanService.js:76:24)
    at async getDashboardStats (file:///C:/Users/ludin/Desktop/salidas/scanqueue/backend/src/controllers/DashboardController.js:12:19)
Path: /api/dashboard/stats

[2026-03-04T12:41:53.011Z] ERROR: 
Stack: AggregateError [ECONNREFUSED]: 
    at C:\Users\ludin\Desktop\salidas\scanqueue\backend\node_modules\pg-pool\index.js:45:11
    at process.processTicksAndRejections (node:internal/process/task_queues:105:5)
    at async query (file:///C:/Users/ludin/Desktop/salidas/scanqueue/backend/src/config/database.js:25:18)
    at async Module.getScansToday (file:///C:/Users/ludin/Desktop/salidas/scanqueue/backend/src/models/Scan.js:23:15)
    at async getTodaySummary (file:///C:/Users/ludin/Desktop/salidas/scanqueue/backend/src/controllers/DashboardController.js:30:24)
Path: /api/dashboard/today

[2026-03-04T12:41:53.302Z] ERROR: 
Stack: AggregateError [ECONNREFUSED]: 
    at C:\Users\ludin\Desktop\salidas\scanqueue\backend\node_modules\pg-pool\index.js:45:11
    at process.processTicksAndRejections (node:internal/process/task_queues:105:5)
    at async query (file:///C:/Users/ludin/Desktop/salidas/scanqueue/backend/src/config/database.js:25:18)
    at async Module.getScansToday (file:///C:/Users/ludin/Desktop/salidas/scanqueue/backend/src/models/Scan.js:23:15)
    at async Module.getScanStatistics (file:///C:/Users/ludin/Desktop/salidas/scanqueue/backend/src/services/ScanService.js:76:24)
    at async getDashboardStats (file:///C:/Users/ludin/Desktop/salidas/scanqueue/backend/src/controllers/DashboardController.js:12:19)
Path: /api/dashboard/stats

[2026-03-04T12:41:53.306Z] ERROR: 
Stack: AggregateError [ECONNREFUSED]: 
    at C:\Users\ludin\Desktop\salidas\scanqueue\backend\node_modules\pg-pool\index.js:45:11
    at process.processTicksAndRejections (node:internal/process/task_queues:105:5)
    at async query (file:///C:/Users/ludin/Desktop/salidas/scanqueue/backend/src/config/database.js:25:18)
    at async Module.getScansToday (file:///C:/Users/ludin/Desktop/salidas/scanqueue/backend/src/models/Scan.js:23:15)
    at async getTodaySummary (file:///C:/Users/ludin/Desktop/salidas/scanqueue/backend/src/controllers/DashboardController.js:30:24)
Path: /api/dashboard/today

[2026-03-04T12:41:53.525Z] ERROR: 
Stack: AggregateError [ECONNREFUSED]: 
    at C:\Users\ludin\Desktop\salidas\scanqueue\backend\node_modules\pg-pool\index.js:45:11
    at process.processTicksAndRejections (node:internal/process/task_queues:105:5)
    at async query (file:///C:/Users/ludin/Desktop/salidas/scanqueue/backend/src/config/database.js:25:18)
    at async Module.getScansToday (file:///C:/Users/ludin/Desktop/salidas/scanqueue/backend/src/models/Scan.js:23:15)
    at async Module.getScanStatistics (file:///C:/Users/ludin/Desktop/salidas/scanqueue/backend/src/services/ScanService.js:76:24)
    at async getDashboardStats (file:///C:/Users/ludin/Desktop/salidas/scanqueue/backend/src/controllers/DashboardController.js:12:19)
Path: /api/dashboard/stats

[2026-03-04T12:41:53.529Z] ERROR: 
Stack: AggregateError [ECONNREFUSED]: 
    at C:\Users\ludin\Desktop\salidas\scanqueue\backend\node_modules\pg-pool\index.js:45:11
    at process.processTicksAndRejections (node:internal/process/task_queues:105:5)
    at async query (file:///C:/Users/ludin/Desktop/salidas/scanqueue/backend/src/config/database.js:25:18)
    at async Module.getScansToday (file:///C:/Users/ludin/Desktop/salidas/scanqueue/backend/src/models/Scan.js:23:15)
    at async getTodaySummary (file:///C:/Users/ludin/Desktop/salidas/scanqueue/backend/src/controllers/DashboardController.js:30:24)
Path: /api/dashboard/today

[2026-03-04T12:41:53.626Z] ERROR: 
Stack: AggregateError [ECONNREFUSED]: 
    at C:\Users\ludin\Desktop\salidas\scanqueue\backend\node_modules\pg-pool\index.js:45:11
    at process.processTicksAndRejections (node:internal/process/task_queues:105:5)
    at async query (file:///C:/Users/ludin/Desktop/salidas/scanqueue/backend/src/config/database.js:25:18)
    at async Module.getScansToday (file:///C:/Users/ludin/Desktop/salidas/scanqueue/backend/src/models/Scan.js:23:15)
    at async Module.getScanStatistics (file:///C:/Users/ludin/Desktop/salidas/scanqueue/backend/src/services/ScanService.js:76:24)
    at async getDashboardStats (file:///C:/Users/ludin/Desktop/salidas/scanqueue/backend/src/controllers/DashboardController.js:12:19)
Path: /api/dashboard/stats

[2026-03-04T12:41:53.631Z] ERROR: 
Stack: AggregateError [ECONNREFUSED]: 
    at C:\Users\ludin\Desktop\salidas\scanqueue\backend\node_modules\pg-pool\index.js:45:11
    at process.processTicksAndRejections (node:internal/process/task_queues:105:5)
    at async query (file:///C:/Users/ludin/Desktop/salidas/scanqueue/backend/src/config/database.js:25:18)
    at async Module.getScansToday (file:///C:/Users/ludin/Desktop/salidas/scanqueue/backend/src/models/Scan.js:23:15)
    at async getTodaySummary (file:///C:/Users/ludin/Desktop/salidas/scanqueue/backend/src/controllers/DashboardController.js:30:24)
Path: /api/dashboard/today

[2026-03-04T12:41:53.724Z] ERROR: 
Stack: AggregateError [ECONNREFUSED]: 
    at C:\Users\ludin\Desktop\salidas\scanqueue\backend\node_modules\pg-pool\index.js:45:11
    at process.processTicksAndRejections (node:internal/process/task_queues:105:5)
    at async query (file:///C:/Users/ludin/Desktop/salidas/scanqueue/backend/src/config/database.js:25:18)
    at async Module.getScansToday (file:///C:/Users/ludin/Desktop/salidas/scanqueue/backend/src/models/Scan.js:23:15)
    at async Module.getScanStatistics (file:///C:/Users/ludin/Desktop/salidas/scanqueue/backend/src/services/ScanService.js:76:24)
    at async getDashboardStats (file:///C:/Users/ludin/Desktop/salidas/scanqueue/backend/src/controllers/DashboardController.js:12:19)
Path: /api/dashboard/stats

[2026-03-04T12:41:53.728Z] ERROR: 
Stack: AggregateError [ECONNREFUSED]: 
    at C:\Users\ludin\Desktop\salidas\scanqueue\backend\node_modules\pg-pool\index.js:45:11
    at process.processTicksAndRejections (node:internal/process/task_queues:105:5)
    at async query (file:///C:/Users/ludin/Desktop/salidas/scanqueue/backend/src/config/database.js:25:18)
    at async Module.getScansToday (file:///C:/Users/ludin/Desktop/salidas/scanqueue/backend/src/models/Scan.js:23:15)
    at async getTodaySummary (file:///C:/Users/ludin/Desktop/salidas/scanqueue/backend/src/controllers/DashboardController.js:30:24)
Path: /api/dashboard/today

[2026-03-04T12:41:53.810Z] ERROR: 
Stack: AggregateError [ECONNREFUSED]: 
    at C:\Users\ludin\Desktop\salidas\scanqueue\backend\node_modules\pg-pool\index.js:45:11
    at process.processTicksAndRejections (node:internal/process/task_queues:105:5)
    at async query (file:///C:/Users/ludin/Desktop/salidas/scanqueue/backend/src/config/database.js:25:18)
    at async Module.getScansToday (file:///C:/Users/ludin/Desktop/salidas/scanqueue/backend/src/models/Scan.js:23:15)
    at async Module.getScanStatistics (file:///C:/Users/ludin/Desktop/salidas/scanqueue/backend/src/services/ScanService.js:76:24)
    at async getDashboardStats (file:///C:/Users/ludin/Desktop/salidas/scanqueue/backend/src/controllers/DashboardController.js:12:19)
Path: /api/dashboard/stats

[2026-03-04T12:41:53.813Z] ERROR: 
Stack: AggregateError [ECONNREFUSED]: 
    at C:\Users\ludin\Desktop\salidas\scanqueue\backend\node_modules\pg-pool\index.js:45:11
    at process.processTicksAndRejections (node:internal/process/task_queues:105:5)
    at async query (file:///C:/Users/ludin/Desktop/salidas/scanqueue/backend/src/config/database.js:25:18)
    at async Module.getScansToday (file:///C:/Users/ludin/Desktop/salidas/scanqueue/backend/src/models/Scan.js:23:15)
    at async getTodaySummary (file:///C:/Users/ludin/Desktop/salidas/scanqueue/backend/src/controllers/DashboardController.js:30:24)
Path: /api/dashboard/today

[2026-03-04T12:41:53.899Z] ERROR: 
Stack: AggregateError [ECONNREFUSED]: 
    at C:\Users\ludin\Desktop\salidas\scanqueue\backend\node_modules\pg-pool\index.js:45:11
    at process.processTicksAndRejections (node:internal/process/task_queues:105:5)
    at async query (file:///C:/Users/ludin/Desktop/salidas/scanqueue/backend/src/config/database.js:25:18)
    at async Module.getScansToday (file:///C:/Users/ludin/Desktop/salidas/scanqueue/backend/src/models/Scan.js:23:15)
    at async Module.getScanStatistics (file:///C:/Users/ludin/Desktop/salidas/scanqueue/backend/src/services/ScanService.js:76:24)
    at async getDashboardStats (file:///C:/Users/ludin/Desktop/salidas/scanqueue/backend/src/controllers/DashboardController.js:12:19)
Path: /api/dashboard/stats

[2026-03-04T12:41:53.903Z] ERROR: 
Stack: AggregateError [ECONNREFUSED]: 
    at C:\Users\ludin\Desktop\salidas\scanqueue\backend\node_modules\pg-pool\index.js:45:11
    at process.processTicksAndRejections (node:internal/process/task_queues:105:5)
    at async query (file:///C:/Users/ludin/Desktop/salidas/scanqueue/backend/src/config/database.js:25:18)
    at async Module.getScansToday (file:///C:/Users/ludin/Desktop/salidas/scanqueue/backend/src/models/Scan.js:23:15)
    at async getTodaySummary (file:///C:/Users/ludin/Desktop/salidas/scanqueue/backend/src/controllers/DashboardController.js:30:24)
Path: /api/dashboard/today

[2026-03-04T12:41:53.991Z] ERROR: 
Stack: AggregateError [ECONNREFUSED]: 
    at C:\Users\ludin\Desktop\salidas\scanqueue\backend\node_modules\pg-pool\index.js:45:11
    at process.processTicksAndRejections (node:internal/process/task_queues:105:5)
    at async query (file:///C:/Users/ludin/Desktop/salidas/scanqueue/backend/src/config/database.js:25:18)
    at async Module.getScansToday (file:///C:/Users/ludin/Desktop/salidas/scanqueue/backend/src/models/Scan.js:23:15)
    at async Module.getScanStatistics (file:///C:/Users/ludin/Desktop/salidas/scanqueue/backend/src/services/ScanService.js:76:24)
    at async getDashboardStats (file:///C:/Users/ludin/Desktop/salidas/scanqueue/backend/src/controllers/DashboardController.js:12:19)
Path: /api/dashboard/stats

[2026-03-04T12:41:53.995Z] ERROR: 
Stack: AggregateError [ECONNREFUSED]: 
    at C:\Users\ludin\Desktop\salidas\scanqueue\backend\node_modules\pg-pool\index.js:45:11
    at process.processTicksAndRejections (node:internal/process/task_queues:105:5)
    at async query (file:///C:/Users/ludin/Desktop/salidas/scanqueue/backend/src/config/database.js:25:18)
    at async Module.getScansToday (file:///C:/Users/ludin/Desktop/salidas/scanqueue/backend/src/models/Scan.js:23:15)
    at async getTodaySummary (file:///C:/Users/ludin/Desktop/salidas/scanqueue/backend/src/controllers/DashboardController.js:30:24)
Path: /api/dashboard/today

[2026-03-04T12:41:54.083Z] ERROR: 
Stack: AggregateError [ECONNREFUSED]: 
    at C:\Users\ludin\Desktop\salidas\scanqueue\backend\node_modules\pg-pool\index.js:45:11
    at process.processTicksAndRejections (node:internal/process/task_queues:105:5)
    at async query (file:///C:/Users/ludin/Desktop/salidas/scanqueue/backend/src/config/database.js:25:18)
    at async Module.getScansToday (file:///C:/Users/ludin/Desktop/salidas/scanqueue/backend/src/models/Scan.js:23:15)
    at async Module.getScanStatistics (file:///C:/Users/ludin/Desktop/salidas/scanqueue/backend/src/services/ScanService.js:76:24)
    at async getDashboardStats (file:///C:/Users/ludin/Desktop/salidas/scanqueue/backend/src/controllers/DashboardController.js:12:19)
Path: /api/dashboard/stats

[2026-03-04T12:41:54.090Z] ERROR: 
Stack: AggregateError [ECONNREFUSED]: 
    at C:\Users\ludin\Desktop\salidas\scanqueue\backend\node_modules\pg-pool\index.js:45:11
    at process.processTicksAndRejections (node:internal/process/task_queues:105:5)
    at async query (file:///C:/Users/ludin/Desktop/salidas/scanqueue/backend/src/config/database.js:25:18)
    at async Module.getScansToday (file:///C:/Users/ludin/Desktop/salidas/scanqueue/backend/src/models/Scan.js:23:15)
    at async getTodaySummary (file:///C:/Users/ludin/Desktop/salidas/scanqueue/backend/src/controllers/DashboardController.js:30:24)
Path: /api/dashboard/today

[2026-03-04T12:41:54.171Z] ERROR: 
Stack: AggregateError [ECONNREFUSED]: 
    at C:\Users\ludin\Desktop\salidas\scanqueue\backend\node_modules\pg-pool\index.js:45:11
    at process.processTicksAndRejections (node:internal/process/task_queues:105:5)
    at async query (file:///C:/Users/ludin/Desktop/salidas/scanqueue/backend/src/config/database.js:25:18)
    at async Module.getScansToday (file:///C:/Users/ludin/Desktop/salidas/scanqueue/backend/src/models/Scan.js:23:15)
    at async Module.getScanStatistics (file:///C:/Users/ludin/Desktop/salidas/scanqueue/backend/src/services/ScanService.js:76:24)
    at async getDashboardStats (file:///C:/Users/ludin/Desktop/salidas/scanqueue/backend/src/controllers/DashboardController.js:12:19)
Path: /api/dashboard/stats

[2026-03-04T12:41:54.174Z] ERROR: 
Stack: AggregateError [ECONNREFUSED]: 
    at C:\Users\ludin\Desktop\salidas\scanqueue\backend\node_modules\pg-pool\index.js:45:11
    at process.processTicksAndRejections (node:internal/process/task_queues:105:5)
    at async query (file:///C:/Users/ludin/Desktop/salidas/scanqueue/backend/src/config/database.js:25:18)
    at async Module.getScansToday (file:///C:/Users/ludin/Desktop/salidas/scanqueue/backend/src/models/Scan.js:23:15)
    at async getTodaySummary (file:///C:/Users/ludin/Desktop/salidas/scanqueue/backend/src/controllers/DashboardController.js:30:24)
Path: /api/dashboard/today

[2026-03-04T12:41:54.279Z] ERROR: 
Stack: AggregateError [ECONNREFUSED]: 
    at C:\Users\ludin\Desktop\salidas\scanqueue\backend\node_modules\pg-pool\index.js:45:11
    at process.processTicksAndRejections (node:internal/process/task_queues:105:5)
    at async query (file:///C:/Users/ludin/Desktop/salidas/scanqueue/backend/src/config/database.js:25:18)
    at async Module.getScansToday (file:///C:/Users/ludin/Desktop/salidas/scanqueue/backend/src/models/Scan.js:23:15)
    at async Module.getScanStatistics (file:///C:/Users/ludin/Desktop/salidas/scanqueue/backend/src/services/ScanService.js:76:24)
    at async getDashboardStats (file:///C:/Users/ludin/Desktop/salidas/scanqueue/backend/src/controllers/DashboardController.js:12:19)
Path: /api/dashboard/stats

[2026-03-04T12:41:54.284Z] ERROR: 
Stack: AggregateError [ECONNREFUSED]: 
    at C:\Users\ludin\Desktop\salidas\scanqueue\backend\node_modules\pg-pool\index.js:45:11
    at process.processTicksAndRejections (node:internal/process/task_queues:105:5)
    at async query (file:///C:/Users/ludin/Desktop/salidas/scanqueue/backend/src/config/database.js:25:18)
    at async Module.getScansToday (file:///C:/Users/ludin/Desktop/salidas/scanqueue/backend/src/models/Scan.js:23:15)
    at async getTodaySummary (file:///C:/Users/ludin/Desktop/salidas/scanqueue/backend/src/controllers/DashboardController.js:30:24)
Path: /api/dashboard/today

[2026-03-04T12:41:54.373Z] ERROR: 
Stack: AggregateError [ECONNREFUSED]: 
    at C:\Users\ludin\Desktop\salidas\scanqueue\backend\node_modules\pg-pool\index.js:45:11
    at process.processTicksAndRejections (node:internal/process/task_queues:105:5)
    at async query (file:///C:/Users/ludin/Desktop/salidas/scanqueue/backend/src/config/database.js:25:18)
    at async Module.getScansToday (file:///C:/Users/ludin/Desktop/salidas/scanqueue/backend/src/models/Scan.js:23:15)
    at async Module.getScanStatistics (file:///C:/Users/ludin/Desktop/salidas/scanqueue/backend/src/services/ScanService.js:76:24)
    at async getDashboardStats (file:///C:/Users/ludin/Desktop/salidas/scanqueue/backend/src/controllers/DashboardController.js:12:19)
Path: /api/dashboard/stats

[2026-03-04T12:41:54.377Z] ERROR: 
Stack: AggregateError [ECONNREFUSED]: 
    at C:\Users\ludin\Desktop\salidas\scanqueue\backend\node_modules\pg-pool\index.js:45:11
    at process.processTicksAndRejections (node:internal/process/task_queues:105:5)
    at async query (file:///C:/Users/ludin/Desktop/salidas/scanqueue/backend/src/config/database.js:25:18)
    at async Module.getScansToday (file:///C:/Users/ludin/Desktop/salidas/scanqueue/backend/src/models/Scan.js:23:15)
    at async getTodaySummary (file:///C:/Users/ludin/Desktop/salidas/scanqueue/backend/src/controllers/DashboardController.js:30:24)
Path: /api/dashboard/today

[2026-03-04T12:41:54.487Z] ERROR: 
Stack: AggregateError [ECONNREFUSED]: 
    at C:\Users\ludin\Desktop\salidas\scanqueue\backend\node_modules\pg-pool\index.js:45:11
    at process.processTicksAndRejections (node:internal/process/task_queues:105:5)
    at async query (file:///C:/Users/ludin/Desktop/salidas/scanqueue/backend/src/config/database.js:25:18)
    at async Module.getScansToday (file:///C:/Users/ludin/Desktop/salidas/scanqueue/backend/src/models/Scan.js:23:15)
    at async Module.getScanStatistics (file:///C:/Users/ludin/Desktop/salidas/scanqueue/backend/src/services/ScanService.js:76:24)
    at async getDashboardStats (file:///C:/Users/ludin/Desktop/salidas/scanqueue/backend/src/controllers/DashboardController.js:12:19)
Path: /api/dashboard/stats

[2026-03-04T12:41:54.491Z] ERROR: 
Stack: AggregateError [ECONNREFUSED]: 
    at C:\Users\ludin\Desktop\salidas\scanqueue\backend\node_modules\pg-pool\index.js:45:11
    at process.processTicksAndRejections (node:internal/process/task_queues:105:5)
    at async query (file:///C:/Users/ludin/Desktop/salidas/scanqueue/backend/src/config/database.js:25:18)
    at async Module.getScansToday (file:///C:/Users/ludin/Desktop/salidas/scanqueue/backend/src/models/Scan.js:23:15)
    at async getTodaySummary (file:///C:/Users/ludin/Desktop/salidas/scanqueue/backend/src/controllers/DashboardController.js:30:24)
Path: /api/dashboard/today

[2026-03-04T12:41:54.600Z] ERROR: 
Stack: AggregateError [ECONNREFUSED]: 
    at C:\Users\ludin\Desktop\salidas\scanqueue\backend\node_modules\pg-pool\index.js:45:11
    at process.processTicksAndRejections (node:internal/process/task_queues:105:5)
    at async query (file:///C:/Users/ludin/Desktop/salidas/scanqueue/backend/src/config/database.js:25:18)
    at async Module.getScansToday (file:///C:/Users/ludin/Desktop/salidas/scanqueue/backend/src/models/Scan.js:23:15)
    at async Module.getScanStatistics (file:///C:/Users/ludin/Desktop/salidas/scanqueue/backend/src/services/ScanService.js:76:24)
    at async getDashboardStats (file:///C:/Users/ludin/Desktop/salidas/scanqueue/backend/src/controllers/DashboardController.js:12:19)
Path: /api/dashboard/stats

[2026-03-04T12:41:54.609Z] ERROR: 
Stack: AggregateError [ECONNREFUSED]: 
    at C:\Users\ludin\Desktop\salidas\scanqueue\backend\node_modules\pg-pool\index.js:45:11
    at process.processTicksAndRejections (node:internal/process/task_queues:105:5)
    at async query (file:///C:/Users/ludin/Desktop/salidas/scanqueue/backend/src/config/database.js:25:18)
    at async Module.getScansToday (file:///C:/Users/ludin/Desktop/salidas/scanqueue/backend/src/models/Scan.js:23:15)
    at async getTodaySummary (file:///C:/Users/ludin/Desktop/salidas/scanqueue/backend/src/controllers/DashboardController.js:30:24)
Path: /api/dashboard/today

[2026-03-04T12:41:54.736Z] ERROR: 
Stack: AggregateError [ECONNREFUSED]: 
    at C:\Users\ludin\Desktop\salidas\scanqueue\backend\node_modules\pg-pool\index.js:45:11
    at process.processTicksAndRejections (node:internal/process/task_queues:105:5)
    at async query (file:///C:/Users/ludin/Desktop/salidas/scanqueue/backend/src/config/database.js:25:18)
    at async Module.getScansToday (file:///C:/Users/ludin/Desktop/salidas/scanqueue/backend/src/models/Scan.js:23:15)
    at async Module.getScanStatistics (file:///C:/Users/ludin/Desktop/salidas/scanqueue/backend/src/services/ScanService.js:76:24)
    at async getDashboardStats (file:///C:/Users/ludin/Desktop/salidas/scanqueue/backend/src/controllers/DashboardController.js:12:19)
Path: /api/dashboard/stats

[2026-03-04T12:41:54.739Z] ERROR: 
Stack: AggregateError [ECONNREFUSED]: 
    at C:\Users\ludin\Desktop\salidas\scanqueue\backend\node_modules\pg-pool\index.js:45:11
    at process.processTicksAndRejections (node:internal/process/task_queues:105:5)
    at async query (file:///C:/Users/ludin/Desktop/salidas/scanqueue/backend/src/config/database.js:25:18)
    at async Module.getScansToday (file:///C:/Users/ludin/Desktop/salidas/scanqueue/backend/src/models/Scan.js:23:15)
    at async getTodaySummary (file:///C:/Users/ludin/Desktop/salidas/scanqueue/backend/src/controllers/DashboardController.js:30:24)
Path: /api/dashboard/today

[2026-03-04T12:41:54.860Z] ERROR: 
Stack: AggregateError [ECONNREFUSED]: 
    at C:\Users\ludin\Desktop\salidas\scanqueue\backend\node_modules\pg-pool\index.js:45:11
    at process.processTicksAndRejections (node:internal/process/task_queues:105:5)
    at async query (file:///C:/Users/ludin/Desktop/salidas/scanqueue/backend/src/config/database.js:25:18)
    at async Module.getScansToday (file:///C:/Users/ludin/Desktop/salidas/scanqueue/backend/src/models/Scan.js:23:15)
    at async Module.getScanStatistics (file:///C:/Users/ludin/Desktop/salidas/scanqueue/backend/src/services/ScanService.js:76:24)
    at async getDashboardStats (file:///C:/Users/ludin/Desktop/salidas/scanqueue/backend/src/controllers/DashboardController.js:12:19)
Path: /api/dashboard/stats

[2026-03-04T12:41:54.870Z] ERROR: 
Stack: AggregateError [ECONNREFUSED]: 
    at C:\Users\ludin\Desktop\salidas\scanqueue\backend\node_modules\pg-pool\index.js:45:11
    at process.processTicksAndRejections (node:internal/process/task_queues:105:5)
    at async query (file:///C:/Users/ludin/Desktop/salidas/scanqueue/backend/src/config/database.js:25:18)
    at async Module.getScansToday (file:///C:/Users/ludin/Desktop/salidas/scanqueue/backend/src/models/Scan.js:23:15)
    at async getTodaySummary (file:///C:/Users/ludin/Desktop/salidas/scanqueue/backend/src/controllers/DashboardController.js:30:24)
Path: /api/dashboard/today

[2026-03-04T12:41:55.030Z] ERROR: 
Stack: AggregateError [ECONNREFUSED]: 
    at C:\Users\ludin\Desktop\salidas\scanqueue\backend\node_modules\pg-pool\index.js:45:11
    at process.processTicksAndRejections (node:internal/process/task_queues:105:5)
    at async query (file:///C:/Users/ludin/Desktop/salidas/scanqueue/backend/src/config/database.js:25:18)
    at async Module.getScansToday (file:///C:/Users/ludin/Desktop/salidas/scanqueue/backend/src/models/Scan.js:23:15)
    at async Module.getScanStatistics (file:///C:/Users/ludin/Desktop/salidas/scanqueue/backend/src/services/ScanService.js:76:24)
    at async getDashboardStats (file:///C:/Users/ludin/Desktop/salidas/scanqueue/backend/src/controllers/DashboardController.js:12:19)
Path: /api/dashboard/stats

[2026-03-04T12:41:55.033Z] ERROR: 
Stack: AggregateError [ECONNREFUSED]: 
    at C:\Users\ludin\Desktop\salidas\scanqueue\backend\node_modules\pg-pool\index.js:45:11
    at process.processTicksAndRejections (node:internal/process/task_queues:105:5)
    at async query (file:///C:/Users/ludin/Desktop/salidas/scanqueue/backend/src/config/database.js:25:18)
    at async Module.getScansToday (file:///C:/Users/ludin/Desktop/salidas/scanqueue/backend/src/models/Scan.js:23:15)
    at async getTodaySummary (file:///C:/Users/ludin/Desktop/salidas/scanqueue/backend/src/controllers/DashboardController.js:30:24)
Path: /api/dashboard/today

[2026-03-04T12:41:55.475Z] ERROR: 
Stack: AggregateError [ECONNREFUSED]: 
    at C:\Users\ludin\Desktop\salidas\scanqueue\backend\node_modules\pg-pool\index.js:45:11
    at process.processTicksAndRejections (node:internal/process/task_queues:105:5)
    at async query (file:///C:/Users/ludin/Desktop/salidas/scanqueue/backend/src/config/database.js:25:18)
    at async Module.getScansToday (file:///C:/Users/ludin/Desktop/salidas/scanqueue/backend/src/models/Scan.js:23:15)
    at async Module.getScanStatistics (file:///C:/Users/ludin/Desktop/salidas/scanqueue/backend/src/services/ScanService.js:76:24)
    at async getDashboardStats (file:///C:/Users/ludin/Desktop/salidas/scanqueue/backend/src/controllers/DashboardController.js:12:19)
Path: /api/dashboard/stats

[2026-03-04T12:41:55.612Z] ERROR: 
Stack: AggregateError [ECONNREFUSED]: 
    at C:\Users\ludin\Desktop\salidas\scanqueue\backend\node_modules\pg-pool\index.js:45:11
    at process.processTicksAndRejections (node:internal/process/task_queues:105:5)
    at async query (file:///C:/Users/ludin/Desktop/salidas/scanqueue/backend/src/config/database.js:25:18)
    at async Module.getScansToday (file:///C:/Users/ludin/Desktop/salidas/scanqueue/backend/src/models/Scan.js:23:15)
    at async getTodaySummary (file:///C:/Users/ludin/Desktop/salidas/scanqueue/backend/src/controllers/DashboardController.js:30:24)
Path: /api/dashboard/today

[2026-03-04T12:41:55.778Z] ERROR: 
Stack: AggregateError [ECONNREFUSED]: 
    at C:\Users\ludin\Desktop\salidas\scanqueue\backend\node_modules\pg-pool\index.js:45:11
    at process.processTicksAndRejections (node:internal/process/task_queues:105:5)
    at async query (file:///C:/Users/ludin/Desktop/salidas/scanqueue/backend/src/config/database.js:25:18)
    at async Module.getScansToday (file:///C:/Users/ludin/Desktop/salidas/scanqueue/backend/src/models/Scan.js:23:15)
    at async Module.getScanStatistics (file:///C:/Users/ludin/Desktop/salidas/scanqueue/backend/src/services/ScanService.js:76:24)
    at async getDashboardStats (file:///C:/Users/ludin/Desktop/salidas/scanqueue/backend/src/controllers/DashboardController.js:12:19)
Path: /api/dashboard/stats

[2026-03-04T12:41:55.785Z] ERROR: 
Stack: AggregateError [ECONNREFUSED]: 
    at C:\Users\ludin\Desktop\salidas\scanqueue\backend\node_modules\pg-pool\index.js:45:11
    at process.processTicksAndRejections (node:internal/process/task_queues:105:5)
    at async query (file:///C:/Users/ludin/Desktop/salidas/scanqueue/backend/src/config/database.js:25:18)
    at async Module.getScansToday (file:///C:/Users/ludin/Desktop/salidas/scanqueue/backend/src/models/Scan.js:23:15)
    at async getTodaySummary (file:///C:/Users/ludin/Desktop/salidas/scanqueue/backend/src/controllers/DashboardController.js:30:24)
Path: /api/dashboard/today

[2026-03-04T12:41:55.927Z] ERROR: 
Stack: AggregateError [ECONNREFUSED]: 
    at C:\Users\ludin\Desktop\salidas\scanqueue\backend\node_modules\pg-pool\index.js:45:11
    at process.processTicksAndRejections (node:internal/process/task_queues:105:5)
    at async query (file:///C:/Users/ludin/Desktop/salidas/scanqueue/backend/src/config/database.js:25:18)
    at async Module.getScansToday (file:///C:/Users/ludin/Desktop/salidas/scanqueue/backend/src/models/Scan.js:23:15)
    at async Module.getScanStatistics (file:///C:/Users/ludin/Desktop/salidas/scanqueue/backend/src/services/ScanService.js:76:24)
    at async getDashboardStats (file:///C:/Users/ludin/Desktop/salidas/scanqueue/backend/src/controllers/DashboardController.js:12:19)
Path: /api/dashboard/stats

[2026-03-04T12:41:55.932Z] ERROR: 
Stack: AggregateError [ECONNREFUSED]: 
    at C:\Users\ludin\Desktop\salidas\scanqueue\backend\node_modules\pg-pool\index.js:45:11
    at process.processTicksAndRejections (node:internal/process/task_queues:105:5)
    at async query (file:///C:/Users/ludin/Desktop/salidas/scanqueue/backend/src/config/database.js:25:18)
    at async Module.getScansToday (file:///C:/Users/ludin/Desktop/salidas/scanqueue/backend/src/models/Scan.js:23:15)
    at async getTodaySummary (file:///C:/Users/ludin/Desktop/salidas/scanqueue/backend/src/controllers/DashboardController.js:30:24)
Path: /api/dashboard/today

[2026-03-04T12:41:56.011Z] ERROR: 
Stack: AggregateError [ECONNREFUSED]: 
    at C:\Users\ludin\Desktop\salidas\scanqueue\backend\node_modules\pg-pool\index.js:45:11
    at process.processTicksAndRejections (node:internal/process/task_queues:105:5)
    at async query (file:///C:/Users/ludin/Desktop/salidas/scanqueue/backend/src/config/database.js:25:18)
    at async Module.getScansToday (file:///C:/Users/ludin/Desktop/salidas/scanqueue/backend/src/models/Scan.js:23:15)
    at async Module.getScanStatistics (file:///C:/Users/ludin/Desktop/salidas/scanqueue/backend/src/services/ScanService.js:76:24)
    at async getDashboardStats (file:///C:/Users/ludin/Desktop/salidas/scanqueue/backend/src/controllers/DashboardController.js:12:19)
Path: /api/dashboard/stats

[2026-03-04T12:41:56.015Z] ERROR: 
Stack: AggregateError [ECONNREFUSED]: 
    at C:\Users\ludin\Desktop\salidas\scanqueue\backend\node_modules\pg-pool\index.js:45:11
    at process.processTicksAndRejections (node:internal/process/task_queues:105:5)
    at async query (file:///C:/Users/ludin/Desktop/salidas/scanqueue/backend/src/config/database.js:25:18)
    at async Module.getScansToday (file:///C:/Users/ludin/Desktop/salidas/scanqueue/backend/src/models/Scan.js:23:15)
    at async getTodaySummary (file:///C:/Users/ludin/Desktop/salidas/scanqueue/backend/src/controllers/DashboardController.js:30:24)
Path: /api/dashboard/today

[2026-03-04T12:41:56.109Z] ERROR: 
Stack: AggregateError [ECONNREFUSED]: 
    at C:\Users\ludin\Desktop\salidas\scanqueue\backend\node_modules\pg-pool\index.js:45:11
    at process.processTicksAndRejections (node:internal/process/task_queues:105:5)
    at async query (file:///C:/Users/ludin/Desktop/salidas/scanqueue/backend/src/config/database.js:25:18)
    at async Module.getScansToday (file:///C:/Users/ludin/Desktop/salidas/scanqueue/backend/src/models/Scan.js:23:15)
    at async Module.getScanStatistics (file:///C:/Users/ludin/Desktop/salidas/scanqueue/backend/src/services/ScanService.js:76:24)
    at async getDashboardStats (file:///C:/Users/ludin/Desktop/salidas/scanqueue/backend/src/controllers/DashboardController.js:12:19)
Path: /api/dashboard/stats

[2026-03-04T12:41:56.112Z] ERROR: 
Stack: AggregateError [ECONNREFUSED]: 
    at C:\Users\ludin\Desktop\salidas\scanqueue\backend\node_modules\pg-pool\index.js:45:11
    at process.processTicksAndRejections (node:internal/process/task_queues:105:5)
    at async query (file:///C:/Users/ludin/Desktop/salidas/scanqueue/backend/src/config/database.js:25:18)
    at async Module.getScansToday (file:///C:/Users/ludin/Desktop/salidas/scanqueue/backend/src/models/Scan.js:23:15)
    at async getTodaySummary (file:///C:/Users/ludin/Desktop/salidas/scanqueue/backend/src/controllers/DashboardController.js:30:24)
Path: /api/dashboard/today

[2026-03-04T12:41:56.217Z] ERROR: 
Stack: AggregateError [ECONNREFUSED]: 
    at C:\Users\ludin\Desktop\salidas\scanqueue\backend\node_modules\pg-pool\index.js:45:11
    at process.processTicksAndRejections (node:internal/process/task_queues:105:5)
    at async query (file:///C:/Users/ludin/Desktop/salidas/scanqueue/backend/src/config/database.js:25:18)
    at async Module.getScansToday (file:///C:/Users/ludin/Desktop/salidas/scanqueue/backend/src/models/Scan.js:23:15)
    at async Module.getScanStatistics (file:///C:/Users/ludin/Desktop/salidas/scanqueue/backend/src/services/ScanService.js:76:24)
    at async getDashboardStats (file:///C:/Users/ludin/Desktop/salidas/scanqueue/backend/src/controllers/DashboardController.js:12:19)
Path: /api/dashboard/stats

[2026-03-04T12:41:56.221Z] ERROR: 
Stack: AggregateError [ECONNREFUSED]: 
    at C:\Users\ludin\Desktop\salidas\scanqueue\backend\node_modules\pg-pool\index.js:45:11
    at process.processTicksAndRejections (node:internal/process/task_queues:105:5)
    at async query (file:///C:/Users/ludin/Desktop/salidas/scanqueue/backend/src/config/database.js:25:18)
    at async Module.getScansToday (file:///C:/Users/ludin/Desktop/salidas/scanqueue/backend/src/models/Scan.js:23:15)
    at async getTodaySummary (file:///C:/Users/ludin/Desktop/salidas/scanqueue/backend/src/controllers/DashboardController.js:30:24)
Path: /api/dashboard/today

[2026-03-04T12:41:56.309Z] ERROR: 
Stack: AggregateError [ECONNREFUSED]: 
    at C:\Users\ludin\Desktop\salidas\scanqueue\backend\node_modules\pg-pool\index.js:45:11
    at process.processTicksAndRejections (node:internal/process/task_queues:105:5)
    at async query (file:///C:/Users/ludin/Desktop/salidas/scanqueue/backend/src/config/database.js:25:18)
    at async Module.getScansToday (file:///C:/Users/ludin/Desktop/salidas/scanqueue/backend/src/models/Scan.js:23:15)
    at async Module.getScanStatistics (file:///C:/Users/ludin/Desktop/salidas/scanqueue/backend/src/services/ScanService.js:76:24)
    at async getDashboardStats (file:///C:/Users/ludin/Desktop/salidas/scanqueue/backend/src/controllers/DashboardController.js:12:19)
Path: /api/dashboard/stats

[2026-03-04T12:41:56.313Z] ERROR: 
Stack: AggregateError [ECONNREFUSED]: 
    at C:\Users\ludin\Desktop\salidas\scanqueue\backend\node_modules\pg-pool\index.js:45:11
    at process.processTicksAndRejections (node:internal/process/task_queues:105:5)
    at async query (file:///C:/Users/ludin/Desktop/salidas/scanqueue/backend/src/config/database.js:25:18)
    at async Module.getScansToday (file:///C:/Users/ludin/Desktop/salidas/scanqueue/backend/src/models/Scan.js:23:15)
    at async getTodaySummary (file:///C:/Users/ludin/Desktop/salidas/scanqueue/backend/src/controllers/DashboardController.js:30:24)
Path: /api/dashboard/today

[2026-03-04T12:41:56.398Z] ERROR: 
Stack: AggregateError [ECONNREFUSED]: 
    at C:\Users\ludin\Desktop\salidas\scanqueue\backend\node_modules\pg-pool\index.js:45:11
    at process.processTicksAndRejections (node:internal/process/task_queues:105:5)
    at async query (file:///C:/Users/ludin/Desktop/salidas/scanqueue/backend/src/config/database.js:25:18)
    at async Module.getScansToday (file:///C:/Users/ludin/Desktop/salidas/scanqueue/backend/src/models/Scan.js:23:15)
    at async Module.getScanStatistics (file:///C:/Users/ludin/Desktop/salidas/scanqueue/backend/src/services/ScanService.js:76:24)
    at async getDashboardStats (file:///C:/Users/ludin/Desktop/salidas/scanqueue/backend/src/controllers/DashboardController.js:12:19)
Path: /api/dashboard/stats

[2026-03-04T12:41:56.402Z] ERROR: 
Stack: AggregateError [ECONNREFUSED]: 
    at C:\Users\ludin\Desktop\salidas\scanqueue\backend\node_modules\pg-pool\index.js:45:11
    at process.processTicksAndRejections (node:internal/process/task_queues:105:5)
    at async query (file:///C:/Users/ludin/Desktop/salidas/scanqueue/backend/src/config/database.js:25:18)
    at async Module.getScansToday (file:///C:/Users/ludin/Desktop/salidas/scanqueue/backend/src/models/Scan.js:23:15)
    at async getTodaySummary (file:///C:/Users/ludin/Desktop/salidas/scanqueue/backend/src/controllers/DashboardController.js:30:24)
Path: /api/dashboard/today

[2026-03-04T12:41:56.487Z] ERROR: 
Stack: AggregateError [ECONNREFUSED]: 
    at C:\Users\ludin\Desktop\salidas\scanqueue\backend\node_modules\pg-pool\index.js:45:11
    at process.processTicksAndRejections (node:internal/process/task_queues:105:5)
    at async query (file:///C:/Users/ludin/Desktop/salidas/scanqueue/backend/src/config/database.js:25:18)
    at async Module.getScansToday (file:///C:/Users/ludin/Desktop/salidas/scanqueue/backend/src/models/Scan.js:23:15)
    at async Module.getScanStatistics (file:///C:/Users/ludin/Desktop/salidas/scanqueue/backend/src/services/ScanService.js:76:24)
    at async getDashboardStats (file:///C:/Users/ludin/Desktop/salidas/scanqueue/backend/src/controllers/DashboardController.js:12:19)
Path: /api/dashboard/stats

[2026-03-04T12:41:56.492Z] ERROR: 
Stack: AggregateError [ECONNREFUSED]: 
    at C:\Users\ludin\Desktop\salidas\scanqueue\backend\node_modules\pg-pool\index.js:45:11
    at process.processTicksAndRejections (node:internal/process/task_queues:105:5)
    at async query (file:///C:/Users/ludin/Desktop/salidas/scanqueue/backend/src/config/database.js:25:18)
    at async Module.getScansToday (file:///C:/Users/ludin/Desktop/salidas/scanqueue/backend/src/models/Scan.js:23:15)
    at async getTodaySummary (file:///C:/Users/ludin/Desktop/salidas/scanqueue/backend/src/controllers/DashboardController.js:30:24)
Path: /api/dashboard/today

[2026-03-04T12:41:56.572Z] ERROR: 
Stack: AggregateError [ECONNREFUSED]: 
    at C:\Users\ludin\Desktop\salidas\scanqueue\backend\node_modules\pg-pool\index.js:45:11
    at process.processTicksAndRejections (node:internal/process/task_queues:105:5)
    at async query (file:///C:/Users/ludin/Desktop/salidas/scanqueue/backend/src/config/database.js:25:18)
    at async Module.getScansToday (file:///C:/Users/ludin/Desktop/salidas/scanqueue/backend/src/models/Scan.js:23:15)
    at async Module.getScanStatistics (file:///C:/Users/ludin/Desktop/salidas/scanqueue/backend/src/services/ScanService.js:76:24)
    at async getDashboardStats (file:///C:/Users/ludin/Desktop/salidas/scanqueue/backend/src/controllers/DashboardController.js:12:19)
Path: /api/dashboard/stats

[2026-03-04T12:41:56.574Z] ERROR: 
Stack: AggregateError [ECONNREFUSED]: 
    at C:\Users\ludin\Desktop\salidas\scanqueue\backend\node_modules\pg-pool\index.js:45:11
    at process.processTicksAndRejections (node:internal/process/task_queues:105:5)
    at async query (file:///C:/Users/ludin/Desktop/salidas/scanqueue/backend/src/config/database.js:25:18)
    at async Module.getScansToday (file:///C:/Users/ludin/Desktop/salidas/scanqueue/backend/src/models/Scan.js:23:15)
    at async getTodaySummary (file:///C:/Users/ludin/Desktop/salidas/scanqueue/backend/src/controllers/DashboardController.js:30:24)
Path: /api/dashboard/today

[2026-03-04T12:41:56.661Z] ERROR: 
Stack: AggregateError [ECONNREFUSED]: 
    at C:\Users\ludin\Desktop\salidas\scanqueue\backend\node_modules\pg-pool\index.js:45:11
    at process.processTicksAndRejections (node:internal/process/task_queues:105:5)
    at async query (file:///C:/Users/ludin/Desktop/salidas/scanqueue/backend/src/config/database.js:25:18)
    at async Module.getScansToday (file:///C:/Users/ludin/Desktop/salidas/scanqueue/backend/src/models/Scan.js:23:15)
    at async Module.getScanStatistics (file:///C:/Users/ludin/Desktop/salidas/scanqueue/backend/src/services/ScanService.js:76:24)
    at async getDashboardStats (file:///C:/Users/ludin/Desktop/salidas/scanqueue/backend/src/controllers/DashboardController.js:12:19)
Path: /api/dashboard/stats

[2026-03-04T12:41:56.664Z] ERROR: 
Stack: AggregateError [ECONNREFUSED]: 
    at C:\Users\ludin\Desktop\salidas\scanqueue\backend\node_modules\pg-pool\index.js:45:11
    at process.processTicksAndRejections (node:internal/process/task_queues:105:5)
    at async query (file:///C:/Users/ludin/Desktop/salidas/scanqueue/backend/src/config/database.js:25:18)
    at async Module.getScansToday (file:///C:/Users/ludin/Desktop/salidas/scanqueue/backend/src/models/Scan.js:23:15)
    at async getTodaySummary (file:///C:/Users/ludin/Desktop/salidas/scanqueue/backend/src/controllers/DashboardController.js:30:24)
Path: /api/dashboard/today

[2026-03-04T12:41:56.739Z] ERROR: 
Stack: AggregateError [ECONNREFUSED]: 
    at C:\Users\ludin\Desktop\salidas\scanqueue\backend\node_modules\pg-pool\index.js:45:11
    at process.processTicksAndRejections (node:internal/process/task_queues:105:5)
    at async query (file:///C:/Users/ludin/Desktop/salidas/scanqueue/backend/src/config/database.js:25:18)
    at async Module.getScansToday (file:///C:/Users/ludin/Desktop/salidas/scanqueue/backend/src/models/Scan.js:23:15)
    at async Module.getScanStatistics (file:///C:/Users/ludin/Desktop/salidas/scanqueue/backend/src/services/ScanService.js:76:24)
    at async getDashboardStats (file:///C:/Users/ludin/Desktop/salidas/scanqueue/backend/src/controllers/DashboardController.js:12:19)
Path: /api/dashboard/stats

[2026-03-04T12:41:56.750Z] ERROR: 
Stack: AggregateError [ECONNREFUSED]: 
    at C:\Users\ludin\Desktop\salidas\scanqueue\backend\node_modules\pg-pool\index.js:45:11
    at process.processTicksAndRejections (node:internal/process/task_queues:105:5)
    at async query (file:///C:/Users/ludin/Desktop/salidas/scanqueue/backend/src/config/database.js:25:18)
    at async Module.getScansToday (file:///C:/Users/ludin/Desktop/salidas/scanqueue/backend/src/models/Scan.js:23:15)
    at async getTodaySummary (file:///C:/Users/ludin/Desktop/salidas/scanqueue/backend/src/controllers/DashboardController.js:30:24)
Path: /api/dashboard/today

[2026-03-04T12:41:56.829Z] ERROR: 
Stack: AggregateError [ECONNREFUSED]: 
    at C:\Users\ludin\Desktop\salidas\scanqueue\backend\node_modules\pg-pool\index.js:45:11
    at process.processTicksAndRejections (node:internal/process/task_queues:105:5)
    at async query (file:///C:/Users/ludin/Desktop/salidas/scanqueue/backend/src/config/database.js:25:18)
    at async Module.getScansToday (file:///C:/Users/ludin/Desktop/salidas/scanqueue/backend/src/models/Scan.js:23:15)
    at async Module.getScanStatistics (file:///C:/Users/ludin/Desktop/salidas/scanqueue/backend/src/services/ScanService.js:76:24)
    at async getDashboardStats (file:///C:/Users/ludin/Desktop/salidas/scanqueue/backend/src/controllers/DashboardController.js:12:19)
Path: /api/dashboard/stats

[2026-03-04T12:41:56.832Z] ERROR: 
Stack: AggregateError [ECONNREFUSED]: 
    at C:\Users\ludin\Desktop\salidas\scanqueue\backend\node_modules\pg-pool\index.js:45:11
    at process.processTicksAndRejections (node:internal/process/task_queues:105:5)
    at async query (file:///C:/Users/ludin/Desktop/salidas/scanqueue/backend/src/config/database.js:25:18)
    at async Module.getScansToday (file:///C:/Users/ludin/Desktop/salidas/scanqueue/backend/src/models/Scan.js:23:15)
    at async getTodaySummary (file:///C:/Users/ludin/Desktop/salidas/scanqueue/backend/src/controllers/DashboardController.js:30:24)
Path: /api/dashboard/today

[2026-03-04T12:41:56.993Z] ERROR: 
Stack: AggregateError [ECONNREFUSED]: 
    at C:\Users\ludin\Desktop\salidas\scanqueue\backend\node_modules\pg-pool\index.js:45:11
    at process.processTicksAndRejections (node:internal/process/task_queues:105:5)
    at async query (file:///C:/Users/ludin/Desktop/salidas/scanqueue/backend/src/config/database.js:25:18)
    at async Module.getScansToday (file:///C:/Users/ludin/Desktop/salidas/scanqueue/backend/src/models/Scan.js:23:15)
    at async Module.getScanStatistics (file:///C:/Users/ludin/Desktop/salidas/scanqueue/backend/src/services/ScanService.js:76:24)
    at async getDashboardStats (file:///C:/Users/ludin/Desktop/salidas/scanqueue/backend/src/controllers/DashboardController.js:12:19)
Path: /api/dashboard/stats

[2026-03-04T12:41:56.996Z] ERROR: 
Stack: AggregateError [ECONNREFUSED]: 
    at C:\Users\ludin\Desktop\salidas\scanqueue\backend\node_modules\pg-pool\index.js:45:11
    at process.processTicksAndRejections (node:internal/process/task_queues:105:5)
    at async query (file:///C:/Users/ludin/Desktop/salidas/scanqueue/backend/src/config/database.js:25:18)
    at async Module.getScansToday (file:///C:/Users/ludin/Desktop/salidas/scanqueue/backend/src/models/Scan.js:23:15)
    at async getTodaySummary (file:///C:/Users/ludin/Desktop/salidas/scanqueue/backend/src/controllers/DashboardController.js:30:24)
Path: /api/dashboard/today

[2026-03-04T12:41:57.092Z] ERROR: 
Stack: AggregateError [ECONNREFUSED]: 
    at C:\Users\ludin\Desktop\salidas\scanqueue\backend\node_modules\pg-pool\index.js:45:11
    at process.processTicksAndRejections (node:internal/process/task_queues:105:5)
    at async query (file:///C:/Users/ludin/Desktop/salidas/scanqueue/backend/src/config/database.js:25:18)
    at async Module.getScansToday (file:///C:/Users/ludin/Desktop/salidas/scanqueue/backend/src/models/Scan.js:23:15)
    at async Module.getScanStatistics (file:///C:/Users/ludin/Desktop/salidas/scanqueue/backend/src/services/ScanService.js:76:24)
    at async getDashboardStats (file:///C:/Users/ludin/Desktop/salidas/scanqueue/backend/src/controllers/DashboardController.js:12:19)
Path: /api/dashboard/stats

[2026-03-04T12:41:57.095Z] ERROR: 
Stack: AggregateError [ECONNREFUSED]: 
    at C:\Users\ludin\Desktop\salidas\scanqueue\backend\node_modules\pg-pool\index.js:45:11
    at process.processTicksAndRejections (node:internal/process/task_queues:105:5)
    at async query (file:///C:/Users/ludin/Desktop/salidas/scanqueue/backend/src/config/database.js:25:18)
    at async Module.getScansToday (file:///C:/Users/ludin/Desktop/salidas/scanqueue/backend/src/models/Scan.js:23:15)
    at async getTodaySummary (file:///C:/Users/ludin/Desktop/salidas/scanqueue/backend/src/controllers/DashboardController.js:30:24)
Path: /api/dashboard/today

[2026-03-04T12:41:57.183Z] ERROR: 
Stack: AggregateError [ECONNREFUSED]: 
    at C:\Users\ludin\Desktop\salidas\scanqueue\backend\node_modules\pg-pool\index.js:45:11
    at process.processTicksAndRejections (node:internal/process/task_queues:105:5)
    at async query (file:///C:/Users/ludin/Desktop/salidas/scanqueue/backend/src/config/database.js:25:18)
    at async Module.getScansToday (file:///C:/Users/ludin/Desktop/salidas/scanqueue/backend/src/models/Scan.js:23:15)
    at async Module.getScanStatistics (file:///C:/Users/ludin/Desktop/salidas/scanqueue/backend/src/services/ScanService.js:76:24)
    at async getDashboardStats (file:///C:/Users/ludin/Desktop/salidas/scanqueue/backend/src/controllers/DashboardController.js:12:19)
Path: /api/dashboard/stats

[2026-03-04T12:41:57.187Z] ERROR: 
Stack: AggregateError [ECONNREFUSED]: 
    at C:\Users\ludin\Desktop\salidas\scanqueue\backend\node_modules\pg-pool\index.js:45:11
    at process.processTicksAndRejections (node:internal/process/task_queues:105:5)
    at async query (file:///C:/Users/ludin/Desktop/salidas/scanqueue/backend/src/config/database.js:25:18)
    at async Module.getScansToday (file:///C:/Users/ludin/Desktop/salidas/scanqueue/backend/src/models/Scan.js:23:15)
    at async getTodaySummary (file:///C:/Users/ludin/Desktop/salidas/scanqueue/backend/src/controllers/DashboardController.js:30:24)
Path: /api/dashboard/today

[2026-03-04T12:41:57.299Z] ERROR: 
Stack: AggregateError [ECONNREFUSED]: 
    at C:\Users\ludin\Desktop\salidas\scanqueue\backend\node_modules\pg-pool\index.js:45:11
    at process.processTicksAndRejections (node:internal/process/task_queues:105:5)
    at async query (file:///C:/Users/ludin/Desktop/salidas/scanqueue/backend/src/config/database.js:25:18)
    at async Module.getScansToday (file:///C:/Users/ludin/Desktop/salidas/scanqueue/backend/src/models/Scan.js:23:15)
    at async Module.getScanStatistics (file:///C:/Users/ludin/Desktop/salidas/scanqueue/backend/src/services/ScanService.js:76:24)
    at async getDashboardStats (file:///C:/Users/ludin/Desktop/salidas/scanqueue/backend/src/controllers/DashboardController.js:12:19)
Path: /api/dashboard/stats

[2026-03-04T12:41:57.305Z] ERROR: 
Stack: AggregateError [ECONNREFUSED]: 
    at C:\Users\ludin\Desktop\salidas\scanqueue\backend\node_modules\pg-pool\index.js:45:11
    at process.processTicksAndRejections (node:internal/process/task_queues:105:5)
    at async query (file:///C:/Users/ludin/Desktop/salidas/scanqueue/backend/src/config/database.js:25:18)
    at async Module.getScansToday (file:///C:/Users/ludin/Desktop/salidas/scanqueue/backend/src/models/Scan.js:23:15)
    at async getTodaySummary (file:///C:/Users/ludin/Desktop/salidas/scanqueue/backend/src/controllers/DashboardController.js:30:24)
Path: /api/dashboard/today

[2026-03-04T12:41:57.388Z] ERROR: 
Stack: AggregateError [ECONNREFUSED]: 
    at C:\Users\ludin\Desktop\salidas\scanqueue\backend\node_modules\pg-pool\index.js:45:11
    at process.processTicksAndRejections (node:internal/process/task_queues:105:5)
    at async query (file:///C:/Users/ludin/Desktop/salidas/scanqueue/backend/src/config/database.js:25:18)
    at async Module.getScansToday (file:///C:/Users/ludin/Desktop/salidas/scanqueue/backend/src/models/Scan.js:23:15)
    at async Module.getScanStatistics (file:///C:/Users/ludin/Desktop/salidas/scanqueue/backend/src/services/ScanService.js:76:24)
    at async getDashboardStats (file:///C:/Users/ludin/Desktop/salidas/scanqueue/backend/src/controllers/DashboardController.js:12:19)
Path: /api/dashboard/stats

[2026-03-04T12:41:57.392Z] ERROR: 
Stack: AggregateError [ECONNREFUSED]: 
    at C:\Users\ludin\Desktop\salidas\scanqueue\backend\node_modules\pg-pool\index.js:45:11
    at process.processTicksAndRejections (node:internal/process/task_queues:105:5)
    at async query (file:///C:/Users/ludin/Desktop/salidas/scanqueue/backend/src/config/database.js:25:18)
    at async Module.getScansToday (file:///C:/Users/ludin/Desktop/salidas/scanqueue/backend/src/models/Scan.js:23:15)
    at async getTodaySummary (file:///C:/Users/ludin/Desktop/salidas/scanqueue/backend/src/controllers/DashboardController.js:30:24)
Path: /api/dashboard/today

[2026-03-04T12:41:57.470Z] ERROR: 
Stack: AggregateError [ECONNREFUSED]: 
    at C:\Users\ludin\Desktop\salidas\scanqueue\backend\node_modules\pg-pool\index.js:45:11
    at process.processTicksAndRejections (node:internal/process/task_queues:105:5)
    at async query (file:///C:/Users/ludin/Desktop/salidas/scanqueue/backend/src/config/database.js:25:18)
    at async Module.getScansToday (file:///C:/Users/ludin/Desktop/salidas/scanqueue/backend/src/models/Scan.js:23:15)
    at async Module.getScanStatistics (file:///C:/Users/ludin/Desktop/salidas/scanqueue/backend/src/services/ScanService.js:76:24)
    at async getDashboardStats (file:///C:/Users/ludin/Desktop/salidas/scanqueue/backend/src/controllers/DashboardController.js:12:19)
Path: /api/dashboard/stats

[2026-03-04T12:41:57.474Z] ERROR: 
Stack: AggregateError [ECONNREFUSED]: 
    at C:\Users\ludin\Desktop\salidas\scanqueue\backend\node_modules\pg-pool\index.js:45:11
    at process.processTicksAndRejections (node:internal/process/task_queues:105:5)
    at async query (file:///C:/Users/ludin/Desktop/salidas/scanqueue/backend/src/config/database.js:25:18)
    at async Module.getScansToday (file:///C:/Users/ludin/Desktop/salidas/scanqueue/backend/src/models/Scan.js:23:15)
    at async getTodaySummary (file:///C:/Users/ludin/Desktop/salidas/scanqueue/backend/src/controllers/DashboardController.js:30:24)
Path: /api/dashboard/today

[2026-03-04T12:41:57.557Z] ERROR: 
Stack: AggregateError [ECONNREFUSED]: 
    at C:\Users\ludin\Desktop\salidas\scanqueue\backend\node_modules\pg-pool\index.js:45:11
    at process.processTicksAndRejections (node:internal/process/task_queues:105:5)
    at async query (file:///C:/Users/ludin/Desktop/salidas/scanqueue/backend/src/config/database.js:25:18)
    at async Module.getScansToday (file:///C:/Users/ludin/Desktop/salidas/scanqueue/backend/src/models/Scan.js:23:15)
    at async Module.getScanStatistics (file:///C:/Users/ludin/Desktop/salidas/scanqueue/backend/src/services/ScanService.js:76:24)
    at async getDashboardStats (file:///C:/Users/ludin/Desktop/salidas/scanqueue/backend/src/controllers/DashboardController.js:12:19)
Path: /api/dashboard/stats

[2026-03-04T12:41:57.561Z] ERROR: 
Stack: AggregateError [ECONNREFUSED]: 
    at C:\Users\ludin\Desktop\salidas\scanqueue\backend\node_modules\pg-pool\index.js:45:11
    at process.processTicksAndRejections (node:internal/process/task_queues:105:5)
    at async query (file:///C:/Users/ludin/Desktop/salidas/scanqueue/backend/src/config/database.js:25:18)
    at async Module.getScansToday (file:///C:/Users/ludin/Desktop/salidas/scanqueue/backend/src/models/Scan.js:23:15)
    at async getTodaySummary (file:///C:/Users/ludin/Desktop/salidas/scanqueue/backend/src/controllers/DashboardController.js:30:24)
Path: /api/dashboard/today

[2026-03-04T12:41:57.653Z] ERROR: 
Stack: AggregateError [ECONNREFUSED]: 
    at C:\Users\ludin\Desktop\salidas\scanqueue\backend\node_modules\pg-pool\index.js:45:11
    at process.processTicksAndRejections (node:internal/process/task_queues:105:5)
    at async query (file:///C:/Users/ludin/Desktop/salidas/scanqueue/backend/src/config/database.js:25:18)
    at async Module.getScansToday (file:///C:/Users/ludin/Desktop/salidas/scanqueue/backend/src/models/Scan.js:23:15)
    at async Module.getScanStatistics (file:///C:/Users/ludin/Desktop/salidas/scanqueue/backend/src/services/ScanService.js:76:24)
    at async getDashboardStats (file:///C:/Users/ludin/Desktop/salidas/scanqueue/backend/src/controllers/DashboardController.js:12:19)
Path: /api/dashboard/stats

[2026-03-04T12:41:57.677Z] ERROR: 
Stack: AggregateError [ECONNREFUSED]: 
    at C:\Users\ludin\Desktop\salidas\scanqueue\backend\node_modules\pg-pool\index.js:45:11
    at process.processTicksAndRejections (node:internal/process/task_queues:105:5)
    at async query (file:///C:/Users/ludin/Desktop/salidas/scanqueue/backend/src/config/database.js:25:18)
    at async Module.getScansToday (file:///C:/Users/ludin/Desktop/salidas/scanqueue/backend/src/models/Scan.js:23:15)
    at async getTodaySummary (file:///C:/Users/ludin/Desktop/salidas/scanqueue/backend/src/controllers/DashboardController.js:30:24)
Path: /api/dashboard/today

[2026-03-04T12:41:57.794Z] ERROR: 
Stack: AggregateError [ECONNREFUSED]: 
    at C:\Users\ludin\Desktop\salidas\scanqueue\backend\node_modules\pg-pool\index.js:45:11
    at process.processTicksAndRejections (node:internal/process/task_queues:105:5)
    at async query (file:///C:/Users/ludin/Desktop/salidas/scanqueue/backend/src/config/database.js:25:18)
    at async Module.getScansToday (file:///C:/Users/ludin/Desktop/salidas/scanqueue/backend/src/models/Scan.js:23:15)
    at async Module.getScanStatistics (file:///C:/Users/ludin/Desktop/salidas/scanqueue/backend/src/services/ScanService.js:76:24)
    at async getDashboardStats (file:///C:/Users/ludin/Desktop/salidas/scanqueue/backend/src/controllers/DashboardController.js:12:19)
Path: /api/dashboard/stats

[2026-03-04T12:41:57.801Z] ERROR: 
Stack: AggregateError [ECONNREFUSED]: 
    at C:\Users\ludin\Desktop\salidas\scanqueue\backend\node_modules\pg-pool\index.js:45:11
    at process.processTicksAndRejections (node:internal/process/task_queues:105:5)
    at async query (file:///C:/Users/ludin/Desktop/salidas/scanqueue/backend/src/config/database.js:25:18)
    at async Module.getScansToday (file:///C:/Users/ludin/Desktop/salidas/scanqueue/backend/src/models/Scan.js:23:15)
    at async getTodaySummary (file:///C:/Users/ludin/Desktop/salidas/scanqueue/backend/src/controllers/DashboardController.js:30:24)
Path: /api/dashboard/today

[2026-03-04T12:41:58.000Z] ERROR: 
Stack: AggregateError [ECONNREFUSED]: 
    at C:\Users\ludin\Desktop\salidas\scanqueue\backend\node_modules\pg-pool\index.js:45:11
    at process.processTicksAndRejections (node:internal/process/task_queues:105:5)
    at async query (file:///C:/Users/ludin/Desktop/salidas/scanqueue/backend/src/config/database.js:25:18)
    at async Module.getScansToday (file:///C:/Users/ludin/Desktop/salidas/scanqueue/backend/src/models/Scan.js:23:15)
    at async Module.getScanStatistics (file:///C:/Users/ludin/Desktop/salidas/scanqueue/backend/src/services/ScanService.js:76:24)
    at async getDashboardStats (file:///C:/Users/ludin/Desktop/salidas/scanqueue/backend/src/controllers/DashboardController.js:12:19)
Path: /api/dashboard/stats

[2026-03-04T12:41:58.005Z] ERROR: 
Stack: AggregateError [ECONNREFUSED]: 
    at C:\Users\ludin\Desktop\salidas\scanqueue\backend\node_modules\pg-pool\index.js:45:11
    at process.processTicksAndRejections (node:internal/process/task_queues:105:5)
    at async query (file:///C:/Users/ludin/Desktop/salidas/scanqueue/backend/src/config/database.js:25:18)
    at async Module.getScansToday (file:///C:/Users/ludin/Desktop/salidas/scanqueue/backend/src/models/Scan.js:23:15)
    at async getTodaySummary (file:///C:/Users/ludin/Desktop/salidas/scanqueue/backend/src/controllers/DashboardController.js:30:24)
Path: /api/dashboard/today

[2026-03-04T12:41:58.182Z] ERROR: 
Stack: AggregateError [ECONNREFUSED]: 
    at C:\Users\ludin\Desktop\salidas\scanqueue\backend\node_modules\pg-pool\index.js:45:11
    at process.processTicksAndRejections (node:internal/process/task_queues:105:5)
    at async query (file:///C:/Users/ludin/Desktop/salidas/scanqueue/backend/src/config/database.js:25:18)
    at async Module.getScansToday (file:///C:/Users/ludin/Desktop/salidas/scanqueue/backend/src/models/Scan.js:23:15)
    at async Module.getScanStatistics (file:///C:/Users/ludin/Desktop/salidas/scanqueue/backend/src/services/ScanService.js:76:24)
    at async getDashboardStats (file:///C:/Users/ludin/Desktop/salidas/scanqueue/backend/src/controllers/DashboardController.js:12:19)
Path: /api/dashboard/stats

[2026-03-04T12:41:58.186Z] ERROR: 
Stack: AggregateError [ECONNREFUSED]: 
    at C:\Users\ludin\Desktop\salidas\scanqueue\backend\node_modules\pg-pool\index.js:45:11
    at process.processTicksAndRejections (node:internal/process/task_queues:105:5)
    at async query (file:///C:/Users/ludin/Desktop/salidas/scanqueue/backend/src/config/database.js:25:18)
    at async Module.getScansToday (file:///C:/Users/ludin/Desktop/salidas/scanqueue/backend/src/models/Scan.js:23:15)
    at async getTodaySummary (file:///C:/Users/ludin/Desktop/salidas/scanqueue/backend/src/controllers/DashboardController.js:30:24)
Path: /api/dashboard/today

[2026-03-04T12:41:58.283Z] ERROR: 
Stack: AggregateError [ECONNREFUSED]: 
    at C:\Users\ludin\Desktop\salidas\scanqueue\backend\node_modules\pg-pool\index.js:45:11
    at process.processTicksAndRejections (node:internal/process/task_queues:105:5)
    at async query (file:///C:/Users/ludin/Desktop/salidas/scanqueue/backend/src/config/database.js:25:18)
    at async Module.getScansToday (file:///C:/Users/ludin/Desktop/salidas/scanqueue/backend/src/models/Scan.js:23:15)
    at async Module.getScanStatistics (file:///C:/Users/ludin/Desktop/salidas/scanqueue/backend/src/services/ScanService.js:76:24)
    at async getDashboardStats (file:///C:/Users/ludin/Desktop/salidas/scanqueue/backend/src/controllers/DashboardController.js:12:19)
Path: /api/dashboard/stats

[2026-03-04T12:41:58.287Z] ERROR: 
Stack: AggregateError [ECONNREFUSED]: 
    at C:\Users\ludin\Desktop\salidas\scanqueue\backend\node_modules\pg-pool\index.js:45:11
    at process.processTicksAndRejections (node:internal/process/task_queues:105:5)
    at async query (file:///C:/Users/ludin/Desktop/salidas/scanqueue/backend/src/config/database.js:25:18)
    at async Module.getScansToday (file:///C:/Users/ludin/Desktop/salidas/scanqueue/backend/src/models/Scan.js:23:15)
    at async getTodaySummary (file:///C:/Users/ludin/Desktop/salidas/scanqueue/backend/src/controllers/DashboardController.js:30:24)
Path: /api/dashboard/today

[2026-03-04T12:41:58.375Z] ERROR: 
Stack: AggregateError [ECONNREFUSED]: 
    at C:\Users\ludin\Desktop\salidas\scanqueue\backend\node_modules\pg-pool\index.js:45:11
    at process.processTicksAndRejections (node:internal/process/task_queues:105:5)
    at async query (file:///C:/Users/ludin/Desktop/salidas/scanqueue/backend/src/config/database.js:25:18)
    at async Module.getScansToday (file:///C:/Users/ludin/Desktop/salidas/scanqueue/backend/src/models/Scan.js:23:15)
    at async Module.getScanStatistics (file:///C:/Users/ludin/Desktop/salidas/scanqueue/backend/src/services/ScanService.js:76:24)
    at async getDashboardStats (file:///C:/Users/ludin/Desktop/salidas/scanqueue/backend/src/controllers/DashboardController.js:12:19)
Path: /api/dashboard/stats

[2026-03-04T12:41:58.380Z] ERROR: 
Stack: AggregateError [ECONNREFUSED]: 
    at C:\Users\ludin\Desktop\salidas\scanqueue\backend\node_modules\pg-pool\index.js:45:11
    at process.processTicksAndRejections (node:internal/process/task_queues:105:5)
    at async query (file:///C:/Users/ludin/Desktop/salidas/scanqueue/backend/src/config/database.js:25:18)
    at async Module.getScansToday (file:///C:/Users/ludin/Desktop/salidas/scanqueue/backend/src/models/Scan.js:23:15)
    at async getTodaySummary (file:///C:/Users/ludin/Desktop/salidas/scanqueue/backend/src/controllers/DashboardController.js:30:24)
Path: /api/dashboard/today

[2026-03-04T12:41:58.479Z] ERROR: 
Stack: AggregateError [ECONNREFUSED]: 
    at C:\Users\ludin\Desktop\salidas\scanqueue\backend\node_modules\pg-pool\index.js:45:11
    at process.processTicksAndRejections (node:internal/process/task_queues:105:5)
    at async query (file:///C:/Users/ludin/Desktop/salidas/scanqueue/backend/src/config/database.js:25:18)
    at async Module.getScansToday (file:///C:/Users/ludin/Desktop/salidas/scanqueue/backend/src/models/Scan.js:23:15)
    at async Module.getScanStatistics (file:///C:/Users/ludin/Desktop/salidas/scanqueue/backend/src/services/ScanService.js:76:24)
    at async getDashboardStats (file:///C:/Users/ludin/Desktop/salidas/scanqueue/backend/src/controllers/DashboardController.js:12:19)
Path: /api/dashboard/stats

[2026-03-04T12:41:58.483Z] ERROR: 
Stack: AggregateError [ECONNREFUSED]: 
    at C:\Users\ludin\Desktop\salidas\scanqueue\backend\node_modules\pg-pool\index.js:45:11
    at process.processTicksAndRejections (node:internal/process/task_queues:105:5)
    at async query (file:///C:/Users/ludin/Desktop/salidas/scanqueue/backend/src/config/database.js:25:18)
    at async Module.getScansToday (file:///C:/Users/ludin/Desktop/salidas/scanqueue/backend/src/models/Scan.js:23:15)
    at async getTodaySummary (file:///C:/Users/ludin/Desktop/salidas/scanqueue/backend/src/controllers/DashboardController.js:30:24)
Path: /api/dashboard/today

[2026-03-04T12:41:58.735Z] ERROR: 
Stack: AggregateError [ECONNREFUSED]: 
    at C:\Users\ludin\Desktop\salidas\scanqueue\backend\node_modules\pg-pool\index.js:45:11
    at process.processTicksAndRejections (node:internal/process/task_queues:105:5)
    at async query (file:///C:/Users/ludin/Desktop/salidas/scanqueue/backend/src/config/database.js:25:18)
    at async Module.getScansToday (file:///C:/Users/ludin/Desktop/salidas/scanqueue/backend/src/models/Scan.js:23:15)
    at async Module.getScanStatistics (file:///C:/Users/ludin/Desktop/salidas/scanqueue/backend/src/services/ScanService.js:76:24)
    at async getDashboardStats (file:///C:/Users/ludin/Desktop/salidas/scanqueue/backend/src/controllers/DashboardController.js:12:19)
Path: /api/dashboard/stats

[2026-03-04T12:41:58.741Z] ERROR: 
Stack: AggregateError [ECONNREFUSED]: 
    at C:\Users\ludin\Desktop\salidas\scanqueue\backend\node_modules\pg-pool\index.js:45:11
    at process.processTicksAndRejections (node:internal/process/task_queues:105:5)
    at async query (file:///C:/Users/ludin/Desktop/salidas/scanqueue/backend/src/config/database.js:25:18)
    at async Module.getScansToday (file:///C:/Users/ludin/Desktop/salidas/scanqueue/backend/src/models/Scan.js:23:15)
    at async getTodaySummary (file:///C:/Users/ludin/Desktop/salidas/scanqueue/backend/src/controllers/DashboardController.js:30:24)
Path: /api/dashboard/today

[2026-03-04T12:41:58.837Z] ERROR: 
Stack: AggregateError [ECONNREFUSED]: 
    at C:\Users\ludin\Desktop\salidas\scanqueue\backend\node_modules\pg-pool\index.js:45:11
    at process.processTicksAndRejections (node:internal/process/task_queues:105:5)
    at async query (file:///C:/Users/ludin/Desktop/salidas/scanqueue/backend/src/config/database.js:25:18)
    at async Module.getScansToday (file:///C:/Users/ludin/Desktop/salidas/scanqueue/backend/src/models/Scan.js:23:15)
    at async Module.getScanStatistics (file:///C:/Users/ludin/Desktop/salidas/scanqueue/backend/src/services/ScanService.js:76:24)
    at async getDashboardStats (file:///C:/Users/ludin/Desktop/salidas/scanqueue/backend/src/controllers/DashboardController.js:12:19)
Path: /api/dashboard/stats

[2026-03-04T12:41:58.842Z] ERROR: 
Stack: AggregateError [ECONNREFUSED]: 
    at C:\Users\ludin\Desktop\salidas\scanqueue\backend\node_modules\pg-pool\index.js:45:11
    at process.processTicksAndRejections (node:internal/process/task_queues:105:5)
    at async query (file:///C:/Users/ludin/Desktop/salidas/scanqueue/backend/src/config/database.js:25:18)
    at async Module.getScansToday (file:///C:/Users/ludin/Desktop/salidas/scanqueue/backend/src/models/Scan.js:23:15)
    at async getTodaySummary (file:///C:/Users/ludin/Desktop/salidas/scanqueue/backend/src/controllers/DashboardController.js:30:24)
Path: /api/dashboard/today

[2026-03-04T12:41:58.992Z] ERROR: 
Stack: AggregateError [ECONNREFUSED]: 
    at C:\Users\ludin\Desktop\salidas\scanqueue\backend\node_modules\pg-pool\index.js:45:11
    at process.processTicksAndRejections (node:internal/process/task_queues:105:5)
    at async query (file:///C:/Users/ludin/Desktop/salidas/scanqueue/backend/src/config/database.js:25:18)
    at async Module.getScansToday (file:///C:/Users/ludin/Desktop/salidas/scanqueue/backend/src/models/Scan.js:23:15)
    at async Module.getScanStatistics (file:///C:/Users/ludin/Desktop/salidas/scanqueue/backend/src/services/ScanService.js:76:24)
    at async getDashboardStats (file:///C:/Users/ludin/Desktop/salidas/scanqueue/backend/src/controllers/DashboardController.js:12:19)
Path: /api/dashboard/stats

[2026-03-04T12:41:58.997Z] ERROR: 
Stack: AggregateError [ECONNREFUSED]: 
    at C:\Users\ludin\Desktop\salidas\scanqueue\backend\node_modules\pg-pool\index.js:45:11
    at process.processTicksAndRejections (node:internal/process/task_queues:105:5)
    at async query (file:///C:/Users/ludin/Desktop/salidas/scanqueue/backend/src/config/database.js:25:18)
    at async Module.getScansToday (file:///C:/Users/ludin/Desktop/salidas/scanqueue/backend/src/models/Scan.js:23:15)
    at async getTodaySummary (file:///C:/Users/ludin/Desktop/salidas/scanqueue/backend/src/controllers/DashboardController.js:30:24)
Path: /api/dashboard/today

[2026-03-04T12:41:59.133Z] ERROR: 
Stack: AggregateError [ECONNREFUSED]: 
    at C:\Users\ludin\Desktop\salidas\scanqueue\backend\node_modules\pg-pool\index.js:45:11
    at process.processTicksAndRejections (node:internal/process/task_queues:105:5)
    at async query (file:///C:/Users/ludin/Desktop/salidas/scanqueue/backend/src/config/database.js:25:18)
    at async Module.getScansToday (file:///C:/Users/ludin/Desktop/salidas/scanqueue/backend/src/models/Scan.js:23:15)
    at async Module.getScanStatistics (file:///C:/Users/ludin/Desktop/salidas/scanqueue/backend/src/services/ScanService.js:76:24)
    at async getDashboardStats (file:///C:/Users/ludin/Desktop/salidas/scanqueue/backend/src/controllers/DashboardController.js:12:19)
Path: /api/dashboard/stats

[2026-03-04T12:41:59.138Z] ERROR: 
Stack: AggregateError [ECONNREFUSED]: 
    at C:\Users\ludin\Desktop\salidas\scanqueue\backend\node_modules\pg-pool\index.js:45:11
    at process.processTicksAndRejections (node:internal/process/task_queues:105:5)
    at async query (file:///C:/Users/ludin/Desktop/salidas/scanqueue/backend/src/config/database.js:25:18)
    at async Module.getScansToday (file:///C:/Users/ludin/Desktop/salidas/scanqueue/backend/src/models/Scan.js:23:15)
    at async getTodaySummary (file:///C:/Users/ludin/Desktop/salidas/scanqueue/backend/src/controllers/DashboardController.js:30:24)
Path: /api/dashboard/today

[2026-03-04T12:41:59.262Z] ERROR: 
Stack: AggregateError [ECONNREFUSED]: 
    at C:\Users\ludin\Desktop\salidas\scanqueue\backend\node_modules\pg-pool\index.js:45:11
    at process.processTicksAndRejections (node:internal/process/task_queues:105:5)
    at async query (file:///C:/Users/ludin/Desktop/salidas/scanqueue/backend/src/config/database.js:25:18)
    at async Module.getScansToday (file:///C:/Users/ludin/Desktop/salidas/scanqueue/backend/src/models/Scan.js:23:15)
    at async Module.getScanStatistics (file:///C:/Users/ludin/Desktop/salidas/scanqueue/backend/src/services/ScanService.js:76:24)
    at async getDashboardStats (file:///C:/Users/ludin/Desktop/salidas/scanqueue/backend/src/controllers/DashboardController.js:12:19)
Path: /api/dashboard/stats

[2026-03-04T12:41:59.265Z] ERROR: 
Stack: AggregateError [ECONNREFUSED]: 
    at C:\Users\ludin\Desktop\salidas\scanqueue\backend\node_modules\pg-pool\index.js:45:11
    at process.processTicksAndRejections (node:internal/process/task_queues:105:5)
    at async query (file:///C:/Users/ludin/Desktop/salidas/scanqueue/backend/src/config/database.js:25:18)
    at async Module.getScansToday (file:///C:/Users/ludin/Desktop/salidas/scanqueue/backend/src/models/Scan.js:23:15)
    at async getTodaySummary (file:///C:/Users/ludin/Desktop/salidas/scanqueue/backend/src/controllers/DashboardController.js:30:24)
Path: /api/dashboard/today

[2026-03-04T12:41:59.367Z] ERROR: 
Stack: AggregateError [ECONNREFUSED]: 
    at C:\Users\ludin\Desktop\salidas\scanqueue\backend\node_modules\pg-pool\index.js:45:11
    at process.processTicksAndRejections (node:internal/process/task_queues:105:5)
    at async query (file:///C:/Users/ludin/Desktop/salidas/scanqueue/backend/src/config/database.js:25:18)
    at async Module.getScansToday (file:///C:/Users/ludin/Desktop/salidas/scanqueue/backend/src/models/Scan.js:23:15)
    at async Module.getScanStatistics (file:///C:/Users/ludin/Desktop/salidas/scanqueue/backend/src/services/ScanService.js:76:24)
    at async getDashboardStats (file:///C:/Users/ludin/Desktop/salidas/scanqueue/backend/src/controllers/DashboardController.js:12:19)
Path: /api/dashboard/stats

[2026-03-04T12:41:59.370Z] ERROR: 
Stack: AggregateError [ECONNREFUSED]: 
    at C:\Users\ludin\Desktop\salidas\scanqueue\backend\node_modules\pg-pool\index.js:45:11
    at process.processTicksAndRejections (node:internal/process/task_queues:105:5)
    at async query (file:///C:/Users/ludin/Desktop/salidas/scanqueue/backend/src/config/database.js:25:18)
    at async Module.getScansToday (file:///C:/Users/ludin/Desktop/salidas/scanqueue/backend/src/models/Scan.js:23:15)
    at async getTodaySummary (file:///C:/Users/ludin/Desktop/salidas/scanqueue/backend/src/controllers/DashboardController.js:30:24)
Path: /api/dashboard/today

[2026-03-04T12:41:59.470Z] ERROR: 
Stack: AggregateError [ECONNREFUSED]: 
    at C:\Users\ludin\Desktop\salidas\scanqueue\backend\node_modules\pg-pool\index.js:45:11
    at process.processTicksAndRejections (node:internal/process/task_queues:105:5)
    at async query (file:///C:/Users/ludin/Desktop/salidas/scanqueue/backend/src/config/database.js:25:18)
    at async Module.getScansToday (file:///C:/Users/ludin/Desktop/salidas/scanqueue/backend/src/models/Scan.js:23:15)
    at async Module.getScanStatistics (file:///C:/Users/ludin/Desktop/salidas/scanqueue/backend/src/services/ScanService.js:76:24)
    at async getDashboardStats (file:///C:/Users/ludin/Desktop/salidas/scanqueue/backend/src/controllers/DashboardController.js:12:19)
Path: /api/dashboard/stats

[2026-03-04T12:41:59.474Z] ERROR: 
Stack: AggregateError [ECONNREFUSED]: 
    at C:\Users\ludin\Desktop\salidas\scanqueue\backend\node_modules\pg-pool\index.js:45:11
    at process.processTicksAndRejections (node:internal/process/task_queues:105:5)
    at async query (file:///C:/Users/ludin/Desktop/salidas/scanqueue/backend/src/config/database.js:25:18)
    at async Module.getScansToday (file:///C:/Users/ludin/Desktop/salidas/scanqueue/backend/src/models/Scan.js:23:15)
    at async getTodaySummary (file:///C:/Users/ludin/Desktop/salidas/scanqueue/backend/src/controllers/DashboardController.js:30:24)
Path: /api/dashboard/today

[2026-03-04T12:41:59.574Z] ERROR: 
Stack: AggregateError [ECONNREFUSED]: 
    at C:\Users\ludin\Desktop\salidas\scanqueue\backend\node_modules\pg-pool\index.js:45:11
    at process.processTicksAndRejections (node:internal/process/task_queues:105:5)
    at async query (file:///C:/Users/ludin/Desktop/salidas/scanqueue/backend/src/config/database.js:25:18)
    at async Module.getScansToday (file:///C:/Users/ludin/Desktop/salidas/scanqueue/backend/src/models/Scan.js:23:15)
    at async Module.getScanStatistics (file:///C:/Users/ludin/Desktop/salidas/scanqueue/backend/src/services/ScanService.js:76:24)
    at async getDashboardStats (file:///C:/Users/ludin/Desktop/salidas/scanqueue/backend/src/controllers/DashboardController.js:12:19)
Path: /api/dashboard/stats

[2026-03-04T12:41:59.578Z] ERROR: 
Stack: AggregateError [ECONNREFUSED]: 
    at C:\Users\ludin\Desktop\salidas\scanqueue\backend\node_modules\pg-pool\index.js:45:11
    at process.processTicksAndRejections (node:internal/process/task_queues:105:5)
    at async query (file:///C:/Users/ludin/Desktop/salidas/scanqueue/backend/src/config/database.js:25:18)
    at async Module.getScansToday (file:///C:/Users/ludin/Desktop/salidas/scanqueue/backend/src/models/Scan.js:23:15)
    at async getTodaySummary (file:///C:/Users/ludin/Desktop/salidas/scanqueue/backend/src/controllers/DashboardController.js:30:24)
Path: /api/dashboard/today

[2026-03-04T12:41:59.684Z] ERROR: 
Stack: AggregateError [ECONNREFUSED]: 
    at C:\Users\ludin\Desktop\salidas\scanqueue\backend\node_modules\pg-pool\index.js:45:11
    at process.processTicksAndRejections (node:internal/process/task_queues:105:5)
    at async query (file:///C:/Users/ludin/Desktop/salidas/scanqueue/backend/src/config/database.js:25:18)
    at async Module.getScansToday (file:///C:/Users/ludin/Desktop/salidas/scanqueue/backend/src/models/Scan.js:23:15)
    at async Module.getScanStatistics (file:///C:/Users/ludin/Desktop/salidas/scanqueue/backend/src/services/ScanService.js:76:24)
    at async getDashboardStats (file:///C:/Users/ludin/Desktop/salidas/scanqueue/backend/src/controllers/DashboardController.js:12:19)
Path: /api/dashboard/stats

[2026-03-04T12:41:59.688Z] ERROR: 
Stack: AggregateError [ECONNREFUSED]: 
    at C:\Users\ludin\Desktop\salidas\scanqueue\backend\node_modules\pg-pool\index.js:45:11
    at process.processTicksAndRejections (node:internal/process/task_queues:105:5)
    at async query (file:///C:/Users/ludin/Desktop/salidas/scanqueue/backend/src/config/database.js:25:18)
    at async Module.getScansToday (file:///C:/Users/ludin/Desktop/salidas/scanqueue/backend/src/models/Scan.js:23:15)
    at async getTodaySummary (file:///C:/Users/ludin/Desktop/salidas/scanqueue/backend/src/controllers/DashboardController.js:30:24)
Path: /api/dashboard/today

[2026-03-04T12:41:59.788Z] ERROR: 
Stack: AggregateError [ECONNREFUSED]: 
    at C:\Users\ludin\Desktop\salidas\scanqueue\backend\node_modules\pg-pool\index.js:45:11
    at process.processTicksAndRejections (node:internal/process/task_queues:105:5)
    at async query (file:///C:/Users/ludin/Desktop/salidas/scanqueue/backend/src/config/database.js:25:18)
    at async Module.getScansToday (file:///C:/Users/ludin/Desktop/salidas/scanqueue/backend/src/models/Scan.js:23:15)
    at async Module.getScanStatistics (file:///C:/Users/ludin/Desktop/salidas/scanqueue/backend/src/services/ScanService.js:76:24)
    at async getDashboardStats (file:///C:/Users/ludin/Desktop/salidas/scanqueue/backend/src/controllers/DashboardController.js:12:19)
Path: /api/dashboard/stats

[2026-03-04T12:41:59.793Z] ERROR: 
Stack: AggregateError [ECONNREFUSED]: 
    at C:\Users\ludin\Desktop\salidas\scanqueue\backend\node_modules\pg-pool\index.js:45:11
    at process.processTicksAndRejections (node:internal/process/task_queues:105:5)
    at async query (file:///C:/Users/ludin/Desktop/salidas/scanqueue/backend/src/config/database.js:25:18)
    at async Module.getScansToday (file:///C:/Users/ludin/Desktop/salidas/scanqueue/backend/src/models/Scan.js:23:15)
    at async getTodaySummary (file:///C:/Users/ludin/Desktop/salidas/scanqueue/backend/src/controllers/DashboardController.js:30:24)
Path: /api/dashboard/today

[2026-03-04T12:41:59.904Z] ERROR: 
Stack: AggregateError [ECONNREFUSED]: 
    at C:\Users\ludin\Desktop\salidas\scanqueue\backend\node_modules\pg-pool\index.js:45:11
    at process.processTicksAndRejections (node:internal/process/task_queues:105:5)
    at async query (file:///C:/Users/ludin/Desktop/salidas/scanqueue/backend/src/config/database.js:25:18)
    at async Module.getScansToday (file:///C:/Users/ludin/Desktop/salidas/scanqueue/backend/src/models/Scan.js:23:15)
    at async Module.getScanStatistics (file:///C:/Users/ludin/Desktop/salidas/scanqueue/backend/src/services/ScanService.js:76:24)
    at async getDashboardStats (file:///C:/Users/ludin/Desktop/salidas/scanqueue/backend/src/controllers/DashboardController.js:12:19)
Path: /api/dashboard/stats

[2026-03-04T12:41:59.908Z] ERROR: 
Stack: AggregateError [ECONNREFUSED]: 
    at C:\Users\ludin\Desktop\salidas\scanqueue\backend\node_modules\pg-pool\index.js:45:11
    at process.processTicksAndRejections (node:internal/process/task_queues:105:5)
    at async query (file:///C:/Users/ludin/Desktop/salidas/scanqueue/backend/src/config/database.js:25:18)
    at async Module.getScansToday (file:///C:/Users/ludin/Desktop/salidas/scanqueue/backend/src/models/Scan.js:23:15)
    at async getTodaySummary (file:///C:/Users/ludin/Desktop/salidas/scanqueue/backend/src/controllers/DashboardController.js:30:24)
Path: /api/dashboard/today

[2026-03-04T12:42:00.027Z] ERROR: 
Stack: AggregateError [ECONNREFUSED]: 
    at C:\Users\ludin\Desktop\salidas\scanqueue\backend\node_modules\pg-pool\index.js:45:11
    at process.processTicksAndRejections (node:internal/process/task_queues:105:5)
    at async query (file:///C:/Users/ludin/Desktop/salidas/scanqueue/backend/src/config/database.js:25:18)
    at async Module.getScansToday (file:///C:/Users/ludin/Desktop/salidas/scanqueue/backend/src/models/Scan.js:23:15)
    at async Module.getScanStatistics (file:///C:/Users/ludin/Desktop/salidas/scanqueue/backend/src/services/ScanService.js:76:24)
    at async getDashboardStats (file:///C:/Users/ludin/Desktop/salidas/scanqueue/backend/src/controllers/DashboardController.js:12:19)
Path: /api/dashboard/stats

[2026-03-04T12:42:00.031Z] ERROR: 
Stack: AggregateError [ECONNREFUSED]: 
    at C:\Users\ludin\Desktop\salidas\scanqueue\backend\node_modules\pg-pool\index.js:45:11
    at process.processTicksAndRejections (node:internal/process/task_queues:105:5)
    at async query (file:///C:/Users/ludin/Desktop/salidas/scanqueue/backend/src/config/database.js:25:18)
    at async Module.getScansToday (file:///C:/Users/ludin/Desktop/salidas/scanqueue/backend/src/models/Scan.js:23:15)
    at async getTodaySummary (file:///C:/Users/ludin/Desktop/salidas/scanqueue/backend/src/controllers/DashboardController.js:30:24)
Path: /api/dashboard/today

[2026-03-04T12:42:00.165Z] ERROR: 
Stack: AggregateError [ECONNREFUSED]: 
    at C:\Users\ludin\Desktop\salidas\scanqueue\backend\node_modules\pg-pool\index.js:45:11
    at process.processTicksAndRejections (node:internal/process/task_queues:105:5)
    at async query (file:///C:/Users/ludin/Desktop/salidas/scanqueue/backend/src/config/database.js:25:18)
    at async Module.getScansToday (file:///C:/Users/ludin/Desktop/salidas/scanqueue/backend/src/models/Scan.js:23:15)
    at async Module.getScanStatistics (file:///C:/Users/ludin/Desktop/salidas/scanqueue/backend/src/services/ScanService.js:76:24)
    at async getDashboardStats (file:///C:/Users/ludin/Desktop/salidas/scanqueue/backend/src/controllers/DashboardController.js:12:19)
Path: /api/dashboard/stats

[2026-03-04T12:42:00.169Z] ERROR: 
Stack: AggregateError [ECONNREFUSED]: 
    at C:\Users\ludin\Desktop\salidas\scanqueue\backend\node_modules\pg-pool\index.js:45:11
    at process.processTicksAndRejections (node:internal/process/task_queues:105:5)
    at async query (file:///C:/Users/ludin/Desktop/salidas/scanqueue/backend/src/config/database.js:25:18)
    at async Module.getScansToday (file:///C:/Users/ludin/Desktop/salidas/scanqueue/backend/src/models/Scan.js:23:15)
    at async getTodaySummary (file:///C:/Users/ludin/Desktop/salidas/scanqueue/backend/src/controllers/DashboardController.js:30:24)
Path: /api/dashboard/today

[2026-03-04T12:42:00.272Z] ERROR: 
Stack: AggregateError [ECONNREFUSED]: 
    at C:\Users\ludin\Desktop\salidas\scanqueue\backend\node_modules\pg-pool\index.js:45:11
    at process.processTicksAndRejections (node:internal/process/task_queues:105:5)
    at async query (file:///C:/Users/ludin/Desktop/salidas/scanqueue/backend/src/config/database.js:25:18)
    at async Module.getScansToday (file:///C:/Users/ludin/Desktop/salidas/scanqueue/backend/src/models/Scan.js:23:15)
    at async Module.getScanStatistics (file:///C:/Users/ludin/Desktop/salidas/scanqueue/backend/src/services/ScanService.js:76:24)
    at async getDashboardStats (file:///C:/Users/ludin/Desktop/salidas/scanqueue/backend/src/controllers/DashboardController.js:12:19)
Path: /api/dashboard/stats

[2026-03-04T12:42:00.276Z] ERROR: 
Stack: AggregateError [ECONNREFUSED]: 
    at C:\Users\ludin\Desktop\salidas\scanqueue\backend\node_modules\pg-pool\index.js:45:11
    at process.processTicksAndRejections (node:internal/process/task_queues:105:5)
    at async query (file:///C:/Users/ludin/Desktop/salidas/scanqueue/backend/src/config/database.js:25:18)
    at async Module.getScansToday (file:///C:/Users/ludin/Desktop/salidas/scanqueue/backend/src/models/Scan.js:23:15)
    at async getTodaySummary (file:///C:/Users/ludin/Desktop/salidas/scanqueue/backend/src/controllers/DashboardController.js:30:24)
Path: /api/dashboard/today

[2026-03-04T12:42:00.429Z] ERROR: 
Stack: AggregateError [ECONNREFUSED]: 
    at C:\Users\ludin\Desktop\salidas\scanqueue\backend\node_modules\pg-pool\index.js:45:11
    at process.processTicksAndRejections (node:internal/process/task_queues:105:5)
    at async query (file:///C:/Users/ludin/Desktop/salidas/scanqueue/backend/src/config/database.js:25:18)
    at async Module.getScansToday (file:///C:/Users/ludin/Desktop/salidas/scanqueue/backend/src/models/Scan.js:23:15)
    at async Module.getScanStatistics (file:///C:/Users/ludin/Desktop/salidas/scanqueue/backend/src/services/ScanService.js:76:24)
    at async getDashboardStats (file:///C:/Users/ludin/Desktop/salidas/scanqueue/backend/src/controllers/DashboardController.js:12:19)
Path: /api/dashboard/stats

[2026-03-04T12:42:00.461Z] ERROR: 
Stack: AggregateError [ECONNREFUSED]: 
    at C:\Users\ludin\Desktop\salidas\scanqueue\backend\node_modules\pg-pool\index.js:45:11
    at process.processTicksAndRejections (node:internal/process/task_queues:105:5)
    at async query (file:///C:/Users/ludin/Desktop/salidas/scanqueue/backend/src/config/database.js:25:18)
    at async Module.getScansToday (file:///C:/Users/ludin/Desktop/salidas/scanqueue/backend/src/models/Scan.js:23:15)
    at async getTodaySummary (file:///C:/Users/ludin/Desktop/salidas/scanqueue/backend/src/controllers/DashboardController.js:30:24)
Path: /api/dashboard/today

[2026-03-04T12:42:00.611Z] ERROR: 
Stack: AggregateError [ECONNREFUSED]: 
    at C:\Users\ludin\Desktop\salidas\scanqueue\backend\node_modules\pg-pool\index.js:45:11
    at process.processTicksAndRejections (node:internal/process/task_queues:105:5)
    at async query (file:///C:/Users/ludin/Desktop/salidas/scanqueue/backend/src/config/database.js:25:18)
    at async Module.getScansToday (file:///C:/Users/ludin/Desktop/salidas/scanqueue/backend/src/models/Scan.js:23:15)
    at async Module.getScanStatistics (file:///C:/Users/ludin/Desktop/salidas/scanqueue/backend/src/services/ScanService.js:76:24)
    at async getDashboardStats (file:///C:/Users/ludin/Desktop/salidas/scanqueue/backend/src/controllers/DashboardController.js:12:19)
Path: /api/dashboard/stats

[2026-03-04T12:42:00.618Z] ERROR: 
Stack: AggregateError [ECONNREFUSED]: 
    at C:\Users\ludin\Desktop\salidas\scanqueue\backend\node_modules\pg-pool\index.js:45:11
    at process.processTicksAndRejections (node:internal/process/task_queues:105:5)
    at async query (file:///C:/Users/ludin/Desktop/salidas/scanqueue/backend/src/config/database.js:25:18)
    at async Module.getScansToday (file:///C:/Users/ludin/Desktop/salidas/scanqueue/backend/src/models/Scan.js:23:15)
    at async getTodaySummary (file:///C:/Users/ludin/Desktop/salidas/scanqueue/backend/src/controllers/DashboardController.js:30:24)
Path: /api/dashboard/today

[2026-03-04T12:42:00.747Z] ERROR: 
Stack: AggregateError [ECONNREFUSED]: 
    at C:\Users\ludin\Desktop\salidas\scanqueue\backend\node_modules\pg-pool\index.js:45:11
    at process.processTicksAndRejections (node:internal/process/task_queues:105:5)
    at async query (file:///C:/Users/ludin/Desktop/salidas/scanqueue/backend/src/config/database.js:25:18)
    at async Module.getScansToday (file:///C:/Users/ludin/Desktop/salidas/scanqueue/backend/src/models/Scan.js:23:15)
    at async Module.getScanStatistics (file:///C:/Users/ludin/Desktop/salidas/scanqueue/backend/src/services/ScanService.js:76:24)
    at async getDashboardStats (file:///C:/Users/ludin/Desktop/salidas/scanqueue/backend/src/controllers/DashboardController.js:12:19)
Path: /api/dashboard/stats

[2026-03-04T12:42:00.750Z] ERROR: 
Stack: AggregateError [ECONNREFUSED]: 
    at C:\Users\ludin\Desktop\salidas\scanqueue\backend\node_modules\pg-pool\index.js:45:11
    at process.processTicksAndRejections (node:internal/process/task_queues:105:5)
    at async query (file:///C:/Users/ludin/Desktop/salidas/scanqueue/backend/src/config/database.js:25:18)
    at async Module.getScansToday (file:///C:/Users/ludin/Desktop/salidas/scanqueue/backend/src/models/Scan.js:23:15)
    at async getTodaySummary (file:///C:/Users/ludin/Desktop/salidas/scanqueue/backend/src/controllers/DashboardController.js:30:24)
Path: /api/dashboard/today

[2026-03-04T12:42:00.864Z] ERROR: 
Stack: AggregateError [ECONNREFUSED]: 
    at C:\Users\ludin\Desktop\salidas\scanqueue\backend\node_modules\pg-pool\index.js:45:11
    at process.processTicksAndRejections (node:internal/process/task_queues:105:5)
    at async query (file:///C:/Users/ludin/Desktop/salidas/scanqueue/backend/src/config/database.js:25:18)
    at async Module.getScansToday (file:///C:/Users/ludin/Desktop/salidas/scanqueue/backend/src/models/Scan.js:23:15)
    at async Module.getScanStatistics (file:///C:/Users/ludin/Desktop/salidas/scanqueue/backend/src/services/ScanService.js:76:24)
    at async getDashboardStats (file:///C:/Users/ludin/Desktop/salidas/scanqueue/backend/src/controllers/DashboardController.js:12:19)
Path: /api/dashboard/stats

[2026-03-04T12:42:00.868Z] ERROR: 
Stack: AggregateError [ECONNREFUSED]: 
    at C:\Users\ludin\Desktop\salidas\scanqueue\backend\node_modules\pg-pool\index.js:45:11
    at process.processTicksAndRejections (node:internal/process/task_queues:105:5)
    at async query (file:///C:/Users/ludin/Desktop/salidas/scanqueue/backend/src/config/database.js:25:18)
    at async Module.getScansToday (file:///C:/Users/ludin/Desktop/salidas/scanqueue/backend/src/models/Scan.js:23:15)
    at async getTodaySummary (file:///C:/Users/ludin/Desktop/salidas/scanqueue/backend/src/controllers/DashboardController.js:30:24)
Path: /api/dashboard/today

[2026-03-04T12:42:01.001Z] ERROR: 
Stack: AggregateError [ECONNREFUSED]: 
    at C:\Users\ludin\Desktop\salidas\scanqueue\backend\node_modules\pg-pool\index.js:45:11
    at process.processTicksAndRejections (node:internal/process/task_queues:105:5)
    at async query (file:///C:/Users/ludin/Desktop/salidas/scanqueue/backend/src/config/database.js:25:18)
    at async Module.getScansToday (file:///C:/Users/ludin/Desktop/salidas/scanqueue/backend/src/models/Scan.js:23:15)
    at async Module.getScanStatistics (file:///C:/Users/ludin/Desktop/salidas/scanqueue/backend/src/services/ScanService.js:76:24)
    at async getDashboardStats (file:///C:/Users/ludin/Desktop/salidas/scanqueue/backend/src/controllers/DashboardController.js:12:19)
Path: /api/dashboard/stats

[2026-03-04T12:42:01.005Z] ERROR: 
Stack: AggregateError [ECONNREFUSED]: 
    at C:\Users\ludin\Desktop\salidas\scanqueue\backend\node_modules\pg-pool\index.js:45:11
    at process.processTicksAndRejections (node:internal/process/task_queues:105:5)
    at async query (file:///C:/Users/ludin/Desktop/salidas/scanqueue/backend/src/config/database.js:25:18)
    at async Module.getScansToday (file:///C:/Users/ludin/Desktop/salidas/scanqueue/backend/src/models/Scan.js:23:15)
    at async getTodaySummary (file:///C:/Users/ludin/Desktop/salidas/scanqueue/backend/src/controllers/DashboardController.js:30:24)
Path: /api/dashboard/today

[2026-03-04T12:42:01.120Z] ERROR: 
Stack: AggregateError [ECONNREFUSED]: 
    at C:\Users\ludin\Desktop\salidas\scanqueue\backend\node_modules\pg-pool\index.js:45:11
    at process.processTicksAndRejections (node:internal/process/task_queues:105:5)
    at async query (file:///C:/Users/ludin/Desktop/salidas/scanqueue/backend/src/config/database.js:25:18)
    at async Module.getScansToday (file:///C:/Users/ludin/Desktop/salidas/scanqueue/backend/src/models/Scan.js:23:15)
    at async Module.getScanStatistics (file:///C:/Users/ludin/Desktop/salidas/scanqueue/backend/src/services/ScanService.js:76:24)
    at async getDashboardStats (file:///C:/Users/ludin/Desktop/salidas/scanqueue/backend/src/controllers/DashboardController.js:12:19)
Path: /api/dashboard/stats

[2026-03-04T12:42:01.125Z] ERROR: 
Stack: AggregateError [ECONNREFUSED]: 
    at C:\Users\ludin\Desktop\salidas\scanqueue\backend\node_modules\pg-pool\index.js:45:11
    at process.processTicksAndRejections (node:internal/process/task_queues:105:5)
    at async query (file:///C:/Users/ludin/Desktop/salidas/scanqueue/backend/src/config/database.js:25:18)
    at async Module.getScansToday (file:///C:/Users/ludin/Desktop/salidas/scanqueue/backend/src/models/Scan.js:23:15)
    at async getTodaySummary (file:///C:/Users/ludin/Desktop/salidas/scanqueue/backend/src/controllers/DashboardController.js:30:24)
Path: /api/dashboard/today

[2026-03-04T12:42:01.305Z] ERROR: 
Stack: AggregateError [ECONNREFUSED]: 
    at C:\Users\ludin\Desktop\salidas\scanqueue\backend\node_modules\pg-pool\index.js:45:11
    at process.processTicksAndRejections (node:internal/process/task_queues:105:5)
    at async query (file:///C:/Users/ludin/Desktop/salidas/scanqueue/backend/src/config/database.js:25:18)
    at async Module.getScansToday (file:///C:/Users/ludin/Desktop/salidas/scanqueue/backend/src/models/Scan.js:23:15)
    at async Module.getScanStatistics (file:///C:/Users/ludin/Desktop/salidas/scanqueue/backend/src/services/ScanService.js:76:24)
    at async getDashboardStats (file:///C:/Users/ludin/Desktop/salidas/scanqueue/backend/src/controllers/DashboardController.js:12:19)
Path: /api/dashboard/stats

[2026-03-04T12:42:01.317Z] ERROR: 
Stack: AggregateError [ECONNREFUSED]: 
    at C:\Users\ludin\Desktop\salidas\scanqueue\backend\node_modules\pg-pool\index.js:45:11
    at process.processTicksAndRejections (node:internal/process/task_queues:105:5)
    at async query (file:///C:/Users/ludin/Desktop/salidas/scanqueue/backend/src/config/database.js:25:18)
    at async Module.getScansToday (file:///C:/Users/ludin/Desktop/salidas/scanqueue/backend/src/models/Scan.js:23:15)
    at async getTodaySummary (file:///C:/Users/ludin/Desktop/salidas/scanqueue/backend/src/controllers/DashboardController.js:30:24)
Path: /api/dashboard/today

[2026-03-04T12:42:01.454Z] ERROR: 
Stack: AggregateError [ECONNREFUSED]: 
    at C:\Users\ludin\Desktop\salidas\scanqueue\backend\node_modules\pg-pool\index.js:45:11
    at process.processTicksAndRejections (node:internal/process/task_queues:105:5)
    at async query (file:///C:/Users/ludin/Desktop/salidas/scanqueue/backend/src/config/database.js:25:18)
    at async Module.getScansToday (file:///C:/Users/ludin/Desktop/salidas/scanqueue/backend/src/models/Scan.js:23:15)
    at async Module.getScanStatistics (file:///C:/Users/ludin/Desktop/salidas/scanqueue/backend/src/services/ScanService.js:76:24)
    at async getDashboardStats (file:///C:/Users/ludin/Desktop/salidas/scanqueue/backend/src/controllers/DashboardController.js:12:19)
Path: /api/dashboard/stats

[2026-03-04T12:42:01.462Z] ERROR: 
Stack: AggregateError [ECONNREFUSED]: 
    at C:\Users\ludin\Desktop\salidas\scanqueue\backend\node_modules\pg-pool\index.js:45:11
    at process.processTicksAndRejections (node:internal/process/task_queues:105:5)
    at async query (file:///C:/Users/ludin/Desktop/salidas/scanqueue/backend/src/config/database.js:25:18)
    at async Module.getScansToday (file:///C:/Users/ludin/Desktop/salidas/scanqueue/backend/src/models/Scan.js:23:15)
    at async getTodaySummary (file:///C:/Users/ludin/Desktop/salidas/scanqueue/backend/src/controllers/DashboardController.js:30:24)
Path: /api/dashboard/today

[2026-03-04T12:42:01.604Z] ERROR: 
Stack: AggregateError [ECONNREFUSED]: 
    at C:\Users\ludin\Desktop\salidas\scanqueue\backend\node_modules\pg-pool\index.js:45:11
    at process.processTicksAndRejections (node:internal/process/task_queues:105:5)
    at async query (file:///C:/Users/ludin/Desktop/salidas/scanqueue/backend/src/config/database.js:25:18)
    at async Module.getScansToday (file:///C:/Users/ludin/Desktop/salidas/scanqueue/backend/src/models/Scan.js:23:15)
    at async Module.getScanStatistics (file:///C:/Users/ludin/Desktop/salidas/scanqueue/backend/src/services/ScanService.js:76:24)
    at async getDashboardStats (file:///C:/Users/ludin/Desktop/salidas/scanqueue/backend/src/controllers/DashboardController.js:12:19)
Path: /api/dashboard/stats

[2026-03-04T12:42:01.608Z] ERROR: 
Stack: AggregateError [ECONNREFUSED]: 
    at C:\Users\ludin\Desktop\salidas\scanqueue\backend\node_modules\pg-pool\index.js:45:11
    at process.processTicksAndRejections (node:internal/process/task_queues:105:5)
    at async query (file:///C:/Users/ludin/Desktop/salidas/scanqueue/backend/src/config/database.js:25:18)
    at async Module.getScansToday (file:///C:/Users/ludin/Desktop/salidas/scanqueue/backend/src/models/Scan.js:23:15)
    at async getTodaySummary (file:///C:/Users/ludin/Desktop/salidas/scanqueue/backend/src/controllers/DashboardController.js:30:24)
Path: /api/dashboard/today

[2026-03-04T12:42:01.697Z] ERROR: 
Stack: AggregateError [ECONNREFUSED]: 
    at C:\Users\ludin\Desktop\salidas\scanqueue\backend\node_modules\pg-pool\index.js:45:11
    at process.processTicksAndRejections (node:internal/process/task_queues:105:5)
    at async query (file:///C:/Users/ludin/Desktop/salidas/scanqueue/backend/src/config/database.js:25:18)
    at async Module.getScansToday (file:///C:/Users/ludin/Desktop/salidas/scanqueue/backend/src/models/Scan.js:23:15)
    at async Module.getScanStatistics (file:///C:/Users/ludin/Desktop/salidas/scanqueue/backend/src/services/ScanService.js:76:24)
    at async getDashboardStats (file:///C:/Users/ludin/Desktop/salidas/scanqueue/backend/src/controllers/DashboardController.js:12:19)
Path: /api/dashboard/stats

[2026-03-04T12:42:01.700Z] ERROR: 
Stack: AggregateError [ECONNREFUSED]: 
    at C:\Users\ludin\Desktop\salidas\scanqueue\backend\node_modules\pg-pool\index.js:45:11
    at process.processTicksAndRejections (node:internal/process/task_queues:105:5)
    at async query (file:///C:/Users/ludin/Desktop/salidas/scanqueue/backend/src/config/database.js:25:18)
    at async Module.getScansToday (file:///C:/Users/ludin/Desktop/salidas/scanqueue/backend/src/models/Scan.js:23:15)
    at async getTodaySummary (file:///C:/Users/ludin/Desktop/salidas/scanqueue/backend/src/controllers/DashboardController.js:30:24)
Path: /api/dashboard/today

[2026-03-04T12:42:01.784Z] ERROR: 
Stack: AggregateError [ECONNREFUSED]: 
    at C:\Users\ludin\Desktop\salidas\scanqueue\backend\node_modules\pg-pool\index.js:45:11
    at process.processTicksAndRejections (node:internal/process/task_queues:105:5)
    at async query (file:///C:/Users/ludin/Desktop/salidas/scanqueue/backend/src/config/database.js:25:18)
    at async Module.getScansToday (file:///C:/Users/ludin/Desktop/salidas/scanqueue/backend/src/models/Scan.js:23:15)
    at async Module.getScanStatistics (file:///C:/Users/ludin/Desktop/salidas/scanqueue/backend/src/services/ScanService.js:76:24)
    at async getDashboardStats (file:///C:/Users/ludin/Desktop/salidas/scanqueue/backend/src/controllers/DashboardController.js:12:19)
Path: /api/dashboard/stats

[2026-03-04T12:42:01.787Z] ERROR: 
Stack: AggregateError [ECONNREFUSED]: 
    at C:\Users\ludin\Desktop\salidas\scanqueue\backend\node_modules\pg-pool\index.js:45:11
    at process.processTicksAndRejections (node:internal/process/task_queues:105:5)
    at async query (file:///C:/Users/ludin/Desktop/salidas/scanqueue/backend/src/config/database.js:25:18)
    at async Module.getScansToday (file:///C:/Users/ludin/Desktop/salidas/scanqueue/backend/src/models/Scan.js:23:15)
    at async getTodaySummary (file:///C:/Users/ludin/Desktop/salidas/scanqueue/backend/src/controllers/DashboardController.js:30:24)
Path: /api/dashboard/today

[2026-03-04T12:42:01.868Z] ERROR: 
Stack: AggregateError [ECONNREFUSED]: 
    at C:\Users\ludin\Desktop\salidas\scanqueue\backend\node_modules\pg-pool\index.js:45:11
    at process.processTicksAndRejections (node:internal/process/task_queues:105:5)
    at async query (file:///C:/Users/ludin/Desktop/salidas/scanqueue/backend/src/config/database.js:25:18)
    at async Module.getScansToday (file:///C:/Users/ludin/Desktop/salidas/scanqueue/backend/src/models/Scan.js:23:15)
    at async Module.getScanStatistics (file:///C:/Users/ludin/Desktop/salidas/scanqueue/backend/src/services/ScanService.js:76:24)
    at async getDashboardStats (file:///C:/Users/ludin/Desktop/salidas/scanqueue/backend/src/controllers/DashboardController.js:12:19)
Path: /api/dashboard/stats

[2026-03-04T12:42:01.872Z] ERROR: 
Stack: AggregateError [ECONNREFUSED]: 
    at C:\Users\ludin\Desktop\salidas\scanqueue\backend\node_modules\pg-pool\index.js:45:11
    at process.processTicksAndRejections (node:internal/process/task_queues:105:5)
    at async query (file:///C:/Users/ludin/Desktop/salidas/scanqueue/backend/src/config/database.js:25:18)
    at async Module.getScansToday (file:///C:/Users/ludin/Desktop/salidas/scanqueue/backend/src/models/Scan.js:23:15)
    at async getTodaySummary (file:///C:/Users/ludin/Desktop/salidas/scanqueue/backend/src/controllers/DashboardController.js:30:24)
Path: /api/dashboard/today

[2026-03-04T12:42:01.967Z] ERROR: 
Stack: AggregateError [ECONNREFUSED]: 
    at C:\Users\ludin\Desktop\salidas\scanqueue\backend\node_modules\pg-pool\index.js:45:11
    at process.processTicksAndRejections (node:internal/process/task_queues:105:5)
    at async query (file:///C:/Users/ludin/Desktop/salidas/scanqueue/backend/src/config/database.js:25:18)
    at async Module.getScansToday (file:///C:/Users/ludin/Desktop/salidas/scanqueue/backend/src/models/Scan.js:23:15)
    at async Module.getScanStatistics (file:///C:/Users/ludin/Desktop/salidas/scanqueue/backend/src/services/ScanService.js:76:24)
    at async getDashboardStats (file:///C:/Users/ludin/Desktop/salidas/scanqueue/backend/src/controllers/DashboardController.js:12:19)
Path: /api/dashboard/stats

[2026-03-04T12:42:01.970Z] ERROR: 
Stack: AggregateError [ECONNREFUSED]: 
    at C:\Users\ludin\Desktop\salidas\scanqueue\backend\node_modules\pg-pool\index.js:45:11
    at process.processTicksAndRejections (node:internal/process/task_queues:105:5)
    at async query (file:///C:/Users/ludin/Desktop/salidas/scanqueue/backend/src/config/database.js:25:18)
    at async Module.getScansToday (file:///C:/Users/ludin/Desktop/salidas/scanqueue/backend/src/models/Scan.js:23:15)
    at async getTodaySummary (file:///C:/Users/ludin/Desktop/salidas/scanqueue/backend/src/controllers/DashboardController.js:30:24)
Path: /api/dashboard/today

[2026-03-04T12:42:02.062Z] ERROR: 
Stack: AggregateError [ECONNREFUSED]: 
    at C:\Users\ludin\Desktop\salidas\scanqueue\backend\node_modules\pg-pool\index.js:45:11
    at process.processTicksAndRejections (node:internal/process/task_queues:105:5)
    at async query (file:///C:/Users/ludin/Desktop/salidas/scanqueue/backend/src/config/database.js:25:18)
    at async Module.getScansToday (file:///C:/Users/ludin/Desktop/salidas/scanqueue/backend/src/models/Scan.js:23:15)
    at async Module.getScanStatistics (file:///C:/Users/ludin/Desktop/salidas/scanqueue/backend/src/services/ScanService.js:76:24)
    at async getDashboardStats (file:///C:/Users/ludin/Desktop/salidas/scanqueue/backend/src/controllers/DashboardController.js:12:19)
Path: /api/dashboard/stats

[2026-03-04T12:42:02.065Z] ERROR: 
Stack: AggregateError [ECONNREFUSED]: 
    at C:\Users\ludin\Desktop\salidas\scanqueue\backend\node_modules\pg-pool\index.js:45:11
    at process.processTicksAndRejections (node:internal/process/task_queues:105:5)
    at async query (file:///C:/Users/ludin/Desktop/salidas/scanqueue/backend/src/config/database.js:25:18)
    at async Module.getScansToday (file:///C:/Users/ludin/Desktop/salidas/scanqueue/backend/src/models/Scan.js:23:15)
    at async getTodaySummary (file:///C:/Users/ludin/Desktop/salidas/scanqueue/backend/src/controllers/DashboardController.js:30:24)
Path: /api/dashboard/today

[2026-03-04T12:42:02.149Z] ERROR: 
Stack: AggregateError [ECONNREFUSED]: 
    at C:\Users\ludin\Desktop\salidas\scanqueue\backend\node_modules\pg-pool\index.js:45:11
    at process.processTicksAndRejections (node:internal/process/task_queues:105:5)
    at async query (file:///C:/Users/ludin/Desktop/salidas/scanqueue/backend/src/config/database.js:25:18)
    at async Module.getScansToday (file:///C:/Users/ludin/Desktop/salidas/scanqueue/backend/src/models/Scan.js:23:15)
    at async Module.getScanStatistics (file:///C:/Users/ludin/Desktop/salidas/scanqueue/backend/src/services/ScanService.js:76:24)
    at async getDashboardStats (file:///C:/Users/ludin/Desktop/salidas/scanqueue/backend/src/controllers/DashboardController.js:12:19)
Path: /api/dashboard/stats

[2026-03-04T12:42:02.153Z] ERROR: 
Stack: AggregateError [ECONNREFUSED]: 
    at C:\Users\ludin\Desktop\salidas\scanqueue\backend\node_modules\pg-pool\index.js:45:11
    at process.processTicksAndRejections (node:internal/process/task_queues:105:5)
    at async query (file:///C:/Users/ludin/Desktop/salidas/scanqueue/backend/src/config/database.js:25:18)
    at async Module.getScansToday (file:///C:/Users/ludin/Desktop/salidas/scanqueue/backend/src/models/Scan.js:23:15)
    at async getTodaySummary (file:///C:/Users/ludin/Desktop/salidas/scanqueue/backend/src/controllers/DashboardController.js:30:24)
Path: /api/dashboard/today

[2026-03-04T12:42:02.231Z] ERROR: 
Stack: AggregateError [ECONNREFUSED]: 
    at C:\Users\ludin\Desktop\salidas\scanqueue\backend\node_modules\pg-pool\index.js:45:11
    at process.processTicksAndRejections (node:internal/process/task_queues:105:5)
    at async query (file:///C:/Users/ludin/Desktop/salidas/scanqueue/backend/src/config/database.js:25:18)
    at async Module.getScansToday (file:///C:/Users/ludin/Desktop/salidas/scanqueue/backend/src/models/Scan.js:23:15)
    at async Module.getScanStatistics (file:///C:/Users/ludin/Desktop/salidas/scanqueue/backend/src/services/ScanService.js:76:24)
    at async getDashboardStats (file:///C:/Users/ludin/Desktop/salidas/scanqueue/backend/src/controllers/DashboardController.js:12:19)
Path: /api/dashboard/stats

[2026-03-04T12:42:02.234Z] ERROR: 
Stack: AggregateError [ECONNREFUSED]: 
    at C:\Users\ludin\Desktop\salidas\scanqueue\backend\node_modules\pg-pool\index.js:45:11
    at process.processTicksAndRejections (node:internal/process/task_queues:105:5)
    at async query (file:///C:/Users/ludin/Desktop/salidas/scanqueue/backend/src/config/database.js:25:18)
    at async Module.getScansToday (file:///C:/Users/ludin/Desktop/salidas/scanqueue/backend/src/models/Scan.js:23:15)
    at async getTodaySummary (file:///C:/Users/ludin/Desktop/salidas/scanqueue/backend/src/controllers/DashboardController.js:30:24)
Path: /api/dashboard/today

[2026-03-04T12:42:02.326Z] ERROR: 
Stack: AggregateError [ECONNREFUSED]: 
    at C:\Users\ludin\Desktop\salidas\scanqueue\backend\node_modules\pg-pool\index.js:45:11
    at process.processTicksAndRejections (node:internal/process/task_queues:105:5)
    at async query (file:///C:/Users/ludin/Desktop/salidas/scanqueue/backend/src/config/database.js:25:18)
    at async Module.getScansToday (file:///C:/Users/ludin/Desktop/salidas/scanqueue/backend/src/models/Scan.js:23:15)
    at async Module.getScanStatistics (file:///C:/Users/ludin/Desktop/salidas/scanqueue/backend/src/services/ScanService.js:76:24)
    at async getDashboardStats (file:///C:/Users/ludin/Desktop/salidas/scanqueue/backend/src/controllers/DashboardController.js:12:19)
Path: /api/dashboard/stats

[2026-03-04T12:42:02.330Z] ERROR: 
Stack: AggregateError [ECONNREFUSED]: 
    at C:\Users\ludin\Desktop\salidas\scanqueue\backend\node_modules\pg-pool\index.js:45:11
    at process.processTicksAndRejections (node:internal/process/task_queues:105:5)
    at async query (file:///C:/Users/ludin/Desktop/salidas/scanqueue/backend/src/config/database.js:25:18)
    at async Module.getScansToday (file:///C:/Users/ludin/Desktop/salidas/scanqueue/backend/src/models/Scan.js:23:15)
    at async getTodaySummary (file:///C:/Users/ludin/Desktop/salidas/scanqueue/backend/src/controllers/DashboardController.js:30:24)
Path: /api/dashboard/today

[2026-03-04T12:42:02.407Z] ERROR: 
Stack: AggregateError [ECONNREFUSED]: 
    at C:\Users\ludin\Desktop\salidas\scanqueue\backend\node_modules\pg-pool\index.js:45:11
    at process.processTicksAndRejections (node:internal/process/task_queues:105:5)
    at async query (file:///C:/Users/ludin/Desktop/salidas/scanqueue/backend/src/config/database.js:25:18)
    at async Module.getScansToday (file:///C:/Users/ludin/Desktop/salidas/scanqueue/backend/src/models/Scan.js:23:15)
    at async Module.getScanStatistics (file:///C:/Users/ludin/Desktop/salidas/scanqueue/backend/src/services/ScanService.js:76:24)
    at async getDashboardStats (file:///C:/Users/ludin/Desktop/salidas/scanqueue/backend/src/controllers/DashboardController.js:12:19)
Path: /api/dashboard/stats

[2026-03-04T12:42:02.411Z] ERROR: 
Stack: AggregateError [ECONNREFUSED]: 
    at C:\Users\ludin\Desktop\salidas\scanqueue\backend\node_modules\pg-pool\index.js:45:11
    at process.processTicksAndRejections (node:internal/process/task_queues:105:5)
    at async query (file:///C:/Users/ludin/Desktop/salidas/scanqueue/backend/src/config/database.js:25:18)
    at async Module.getScansToday (file:///C:/Users/ludin/Desktop/salidas/scanqueue/backend/src/models/Scan.js:23:15)
    at async getTodaySummary (file:///C:/Users/ludin/Desktop/salidas/scanqueue/backend/src/controllers/DashboardController.js:30:24)
Path: /api/dashboard/today

[2026-03-04T12:42:02.519Z] ERROR: 
Stack: AggregateError [ECONNREFUSED]: 
    at C:\Users\ludin\Desktop\salidas\scanqueue\backend\node_modules\pg-pool\index.js:45:11
    at process.processTicksAndRejections (node:internal/process/task_queues:105:5)
    at async query (file:///C:/Users/ludin/Desktop/salidas/scanqueue/backend/src/config/database.js:25:18)
    at async Module.getScansToday (file:///C:/Users/ludin/Desktop/salidas/scanqueue/backend/src/models/Scan.js:23:15)
    at async Module.getScanStatistics (file:///C:/Users/ludin/Desktop/salidas/scanqueue/backend/src/services/ScanService.js:76:24)
    at async getDashboardStats (file:///C:/Users/ludin/Desktop/salidas/scanqueue/backend/src/controllers/DashboardController.js:12:19)
Path: /api/dashboard/stats

[2026-03-04T12:42:02.524Z] ERROR: 
Stack: AggregateError [ECONNREFUSED]: 
    at C:\Users\ludin\Desktop\salidas\scanqueue\backend\node_modules\pg-pool\index.js:45:11
    at process.processTicksAndRejections (node:internal/process/task_queues:105:5)
    at async query (file:///C:/Users/ludin/Desktop/salidas/scanqueue/backend/src/config/database.js:25:18)
    at async Module.getScansToday (file:///C:/Users/ludin/Desktop/salidas/scanqueue/backend/src/models/Scan.js:23:15)
    at async getTodaySummary (file:///C:/Users/ludin/Desktop/salidas/scanqueue/backend/src/controllers/DashboardController.js:30:24)
Path: /api/dashboard/today

[2026-03-04T12:42:02.627Z] ERROR: 
Stack: AggregateError [ECONNREFUSED]: 
    at C:\Users\ludin\Desktop\salidas\scanqueue\backend\node_modules\pg-pool\index.js:45:11
    at process.processTicksAndRejections (node:internal/process/task_queues:105:5)
    at async query (file:///C:/Users/ludin/Desktop/salidas/scanqueue/backend/src/config/database.js:25:18)
    at async Module.getScansToday (file:///C:/Users/ludin/Desktop/salidas/scanqueue/backend/src/models/Scan.js:23:15)
    at async Module.getScanStatistics (file:///C:/Users/ludin/Desktop/salidas/scanqueue/backend/src/services/ScanService.js:76:24)
    at async getDashboardStats (file:///C:/Users/ludin/Desktop/salidas/scanqueue/backend/src/controllers/DashboardController.js:12:19)
Path: /api/dashboard/stats

[2026-03-04T12:42:02.631Z] ERROR: 
Stack: AggregateError [ECONNREFUSED]: 
    at C:\Users\ludin\Desktop\salidas\scanqueue\backend\node_modules\pg-pool\index.js:45:11
    at process.processTicksAndRejections (node:internal/process/task_queues:105:5)
    at async query (file:///C:/Users/ludin/Desktop/salidas/scanqueue/backend/src/config/database.js:25:18)
    at async Module.getScansToday (file:///C:/Users/ludin/Desktop/salidas/scanqueue/backend/src/models/Scan.js:23:15)
    at async getTodaySummary (file:///C:/Users/ludin/Desktop/salidas/scanqueue/backend/src/controllers/DashboardController.js:30:24)
Path: /api/dashboard/today

[2026-03-04T12:42:02.760Z] ERROR: 
Stack: AggregateError [ECONNREFUSED]: 
    at C:\Users\ludin\Desktop\salidas\scanqueue\backend\node_modules\pg-pool\index.js:45:11
    at process.processTicksAndRejections (node:internal/process/task_queues:105:5)
    at async query (file:///C:/Users/ludin/Desktop/salidas/scanqueue/backend/src/config/database.js:25:18)
    at async Module.getScansToday (file:///C:/Users/ludin/Desktop/salidas/scanqueue/backend/src/models/Scan.js:23:15)
    at async Module.getScanStatistics (file:///C:/Users/ludin/Desktop/salidas/scanqueue/backend/src/services/ScanService.js:76:24)
    at async getDashboardStats (file:///C:/Users/ludin/Desktop/salidas/scanqueue/backend/src/controllers/DashboardController.js:12:19)
Path: /api/dashboard/stats

[2026-03-04T12:42:02.764Z] ERROR: 
Stack: AggregateError [ECONNREFUSED]: 
    at C:\Users\ludin\Desktop\salidas\scanqueue\backend\node_modules\pg-pool\index.js:45:11
    at process.processTicksAndRejections (node:internal/process/task_queues:105:5)
    at async query (file:///C:/Users/ludin/Desktop/salidas/scanqueue/backend/src/config/database.js:25:18)
    at async Module.getScansToday (file:///C:/Users/ludin/Desktop/salidas/scanqueue/backend/src/models/Scan.js:23:15)
    at async getTodaySummary (file:///C:/Users/ludin/Desktop/salidas/scanqueue/backend/src/controllers/DashboardController.js:30:24)
Path: /api/dashboard/today

[2026-03-04T12:42:02.846Z] ERROR: 
Stack: AggregateError [ECONNREFUSED]: 
    at C:\Users\ludin\Desktop\salidas\scanqueue\backend\node_modules\pg-pool\index.js:45:11
    at process.processTicksAndRejections (node:internal/process/task_queues:105:5)
    at async query (file:///C:/Users/ludin/Desktop/salidas/scanqueue/backend/src/config/database.js:25:18)
    at async Module.getScansToday (file:///C:/Users/ludin/Desktop/salidas/scanqueue/backend/src/models/Scan.js:23:15)
    at async Module.getScanStatistics (file:///C:/Users/ludin/Desktop/salidas/scanqueue/backend/src/services/ScanService.js:76:24)
    at async getDashboardStats (file:///C:/Users/ludin/Desktop/salidas/scanqueue/backend/src/controllers/DashboardController.js:12:19)
Path: /api/dashboard/stats

[2026-03-04T12:42:02.851Z] ERROR: 
Stack: AggregateError [ECONNREFUSED]: 
    at C:\Users\ludin\Desktop\salidas\scanqueue\backend\node_modules\pg-pool\index.js:45:11
    at process.processTicksAndRejections (node:internal/process/task_queues:105:5)
    at async query (file:///C:/Users/ludin/Desktop/salidas/scanqueue/backend/src/config/database.js:25:18)
    at async Module.getScansToday (file:///C:/Users/ludin/Desktop/salidas/scanqueue/backend/src/models/Scan.js:23:15)
    at async getTodaySummary (file:///C:/Users/ludin/Desktop/salidas/scanqueue/backend/src/controllers/DashboardController.js:30:24)
Path: /api/dashboard/today

[2026-03-04T12:42:03.041Z] ERROR: 
Stack: AggregateError [ECONNREFUSED]: 
    at C:\Users\ludin\Desktop\salidas\scanqueue\backend\node_modules\pg-pool\index.js:45:11
    at process.processTicksAndRejections (node:internal/process/task_queues:105:5)
    at async query (file:///C:/Users/ludin/Desktop/salidas/scanqueue/backend/src/config/database.js:25:18)
    at async Module.getScansToday (file:///C:/Users/ludin/Desktop/salidas/scanqueue/backend/src/models/Scan.js:23:15)
    at async Module.getScanStatistics (file:///C:/Users/ludin/Desktop/salidas/scanqueue/backend/src/services/ScanService.js:76:24)
    at async getDashboardStats (file:///C:/Users/ludin/Desktop/salidas/scanqueue/backend/src/controllers/DashboardController.js:12:19)
Path: /api/dashboard/stats

[2026-03-04T12:42:03.045Z] ERROR: 
Stack: AggregateError [ECONNREFUSED]: 
    at C:\Users\ludin\Desktop\salidas\scanqueue\backend\node_modules\pg-pool\index.js:45:11
    at process.processTicksAndRejections (node:internal/process/task_queues:105:5)
    at async query (file:///C:/Users/ludin/Desktop/salidas/scanqueue/backend/src/config/database.js:25:18)
    at async Module.getScansToday (file:///C:/Users/ludin/Desktop/salidas/scanqueue/backend/src/models/Scan.js:23:15)
    at async getTodaySummary (file:///C:/Users/ludin/Desktop/salidas/scanqueue/backend/src/controllers/DashboardController.js:30:24)
Path: /api/dashboard/today

[2026-03-04T12:42:03.188Z] ERROR: 
Stack: AggregateError [ECONNREFUSED]: 
    at C:\Users\ludin\Desktop\salidas\scanqueue\backend\node_modules\pg-pool\index.js:45:11
    at process.processTicksAndRejections (node:internal/process/task_queues:105:5)
    at async query (file:///C:/Users/ludin/Desktop/salidas/scanqueue/backend/src/config/database.js:25:18)
    at async Module.getScansToday (file:///C:/Users/ludin/Desktop/salidas/scanqueue/backend/src/models/Scan.js:23:15)
    at async Module.getScanStatistics (file:///C:/Users/ludin/Desktop/salidas/scanqueue/backend/src/services/ScanService.js:76:24)
    at async getDashboardStats (file:///C:/Users/ludin/Desktop/salidas/scanqueue/backend/src/controllers/DashboardController.js:12:19)
Path: /api/dashboard/stats

[2026-03-04T12:42:03.193Z] ERROR: 
Stack: AggregateError [ECONNREFUSED]: 
    at C:\Users\ludin\Desktop\salidas\scanqueue\backend\node_modules\pg-pool\index.js:45:11
    at process.processTicksAndRejections (node:internal/process/task_queues:105:5)
    at async query (file:///C:/Users/ludin/Desktop/salidas/scanqueue/backend/src/config/database.js:25:18)
    at async Module.getScansToday (file:///C:/Users/ludin/Desktop/salidas/scanqueue/backend/src/models/Scan.js:23:15)
    at async getTodaySummary (file:///C:/Users/ludin/Desktop/salidas/scanqueue/backend/src/controllers/DashboardController.js:30:24)
Path: /api/dashboard/today

[2026-03-04T12:42:03.334Z] ERROR: 
Stack: AggregateError [ECONNREFUSED]: 
    at C:\Users\ludin\Desktop\salidas\scanqueue\backend\node_modules\pg-pool\index.js:45:11
    at process.processTicksAndRejections (node:internal/process/task_queues:105:5)
    at async query (file:///C:/Users/ludin/Desktop/salidas/scanqueue/backend/src/config/database.js:25:18)
    at async Module.getScansToday (file:///C:/Users/ludin/Desktop/salidas/scanqueue/backend/src/models/Scan.js:23:15)
    at async Module.getScanStatistics (file:///C:/Users/ludin/Desktop/salidas/scanqueue/backend/src/services/ScanService.js:76:24)
    at async getDashboardStats (file:///C:/Users/ludin/Desktop/salidas/scanqueue/backend/src/controllers/DashboardController.js:12:19)
Path: /api/dashboard/stats

[2026-03-04T12:42:03.338Z] ERROR: 
Stack: AggregateError [ECONNREFUSED]: 
    at C:\Users\ludin\Desktop\salidas\scanqueue\backend\node_modules\pg-pool\index.js:45:11
    at process.processTicksAndRejections (node:internal/process/task_queues:105:5)
    at async query (file:///C:/Users/ludin/Desktop/salidas/scanqueue/backend/src/config/database.js:25:18)
    at async Module.getScansToday (file:///C:/Users/ludin/Desktop/salidas/scanqueue/backend/src/models/Scan.js:23:15)
    at async getTodaySummary (file:///C:/Users/ludin/Desktop/salidas/scanqueue/backend/src/controllers/DashboardController.js:30:24)
Path: /api/dashboard/today

[2026-03-04T12:42:03.504Z] ERROR: 
Stack: AggregateError [ECONNREFUSED]: 
    at C:\Users\ludin\Desktop\salidas\scanqueue\backend\node_modules\pg-pool\index.js:45:11
    at process.processTicksAndRejections (node:internal/process/task_queues:105:5)
    at async query (file:///C:/Users/ludin/Desktop/salidas/scanqueue/backend/src/config/database.js:25:18)
    at async Module.getScansToday (file:///C:/Users/ludin/Desktop/salidas/scanqueue/backend/src/models/Scan.js:23:15)
    at async Module.getScanStatistics (file:///C:/Users/ludin/Desktop/salidas/scanqueue/backend/src/services/ScanService.js:76:24)
    at async getDashboardStats (file:///C:/Users/ludin/Desktop/salidas/scanqueue/backend/src/controllers/DashboardController.js:12:19)
Path: /api/dashboard/stats

[2026-03-04T12:42:03.510Z] ERROR: 
Stack: AggregateError [ECONNREFUSED]: 
    at C:\Users\ludin\Desktop\salidas\scanqueue\backend\node_modules\pg-pool\index.js:45:11
    at process.processTicksAndRejections (node:internal/process/task_queues:105:5)
    at async query (file:///C:/Users/ludin/Desktop/salidas/scanqueue/backend/src/config/database.js:25:18)
    at async Module.getScansToday (file:///C:/Users/ludin/Desktop/salidas/scanqueue/backend/src/models/Scan.js:23:15)
    at async getTodaySummary (file:///C:/Users/ludin/Desktop/salidas/scanqueue/backend/src/controllers/DashboardController.js:30:24)
Path: /api/dashboard/today

[2026-03-04T12:42:03.658Z] ERROR: 
Stack: AggregateError [ECONNREFUSED]: 
    at C:\Users\ludin\Desktop\salidas\scanqueue\backend\node_modules\pg-pool\index.js:45:11
    at process.processTicksAndRejections (node:internal/process/task_queues:105:5)
    at async query (file:///C:/Users/ludin/Desktop/salidas/scanqueue/backend/src/config/database.js:25:18)
    at async Module.getScansToday (file:///C:/Users/ludin/Desktop/salidas/scanqueue/backend/src/models/Scan.js:23:15)
    at async Module.getScanStatistics (file:///C:/Users/ludin/Desktop/salidas/scanqueue/backend/src/services/ScanService.js:76:24)
    at async getDashboardStats (file:///C:/Users/ludin/Desktop/salidas/scanqueue/backend/src/controllers/DashboardController.js:12:19)
Path: /api/dashboard/stats

[2026-03-04T12:42:03.663Z] ERROR: 
Stack: AggregateError [ECONNREFUSED]: 
    at C:\Users\ludin\Desktop\salidas\scanqueue\backend\node_modules\pg-pool\index.js:45:11
    at process.processTicksAndRejections (node:internal/process/task_queues:105:5)
    at async query (file:///C:/Users/ludin/Desktop/salidas/scanqueue/backend/src/config/database.js:25:18)
    at async Module.getScansToday (file:///C:/Users/ludin/Desktop/salidas/scanqueue/backend/src/models/Scan.js:23:15)
    at async getTodaySummary (file:///C:/Users/ludin/Desktop/salidas/scanqueue/backend/src/controllers/DashboardController.js:30:24)
Path: /api/dashboard/today

[2026-03-04T12:42:03.811Z] ERROR: 
Stack: AggregateError [ECONNREFUSED]: 
    at C:\Users\ludin\Desktop\salidas\scanqueue\backend\node_modules\pg-pool\index.js:45:11
    at process.processTicksAndRejections (node:internal/process/task_queues:105:5)
    at async query (file:///C:/Users/ludin/Desktop/salidas/scanqueue/backend/src/config/database.js:25:18)
    at async Module.getScansToday (file:///C:/Users/ludin/Desktop/salidas/scanqueue/backend/src/models/Scan.js:23:15)
    at async Module.getScanStatistics (file:///C:/Users/ludin/Desktop/salidas/scanqueue/backend/src/services/ScanService.js:76:24)
    at async getDashboardStats (file:///C:/Users/ludin/Desktop/salidas/scanqueue/backend/src/controllers/DashboardController.js:12:19)
Path: /api/dashboard/stats

[2026-03-04T12:42:03.817Z] ERROR: 
Stack: AggregateError [ECONNREFUSED]: 
    at C:\Users\ludin\Desktop\salidas\scanqueue\backend\node_modules\pg-pool\index.js:45:11
    at process.processTicksAndRejections (node:internal/process/task_queues:105:5)
    at async query (file:///C:/Users/ludin/Desktop/salidas/scanqueue/backend/src/config/database.js:25:18)
    at async Module.getScansToday (file:///C:/Users/ludin/Desktop/salidas/scanqueue/backend/src/models/Scan.js:23:15)
    at async getTodaySummary (file:///C:/Users/ludin/Desktop/salidas/scanqueue/backend/src/controllers/DashboardController.js:30:24)
Path: /api/dashboard/today

[2026-03-04T12:42:03.944Z] ERROR: 
Stack: AggregateError [ECONNREFUSED]: 
    at C:\Users\ludin\Desktop\salidas\scanqueue\backend\node_modules\pg-pool\index.js:45:11
    at process.processTicksAndRejections (node:internal/process/task_queues:105:5)
    at async query (file:///C:/Users/ludin/Desktop/salidas/scanqueue/backend/src/config/database.js:25:18)
    at async Module.getScansToday (file:///C:/Users/ludin/Desktop/salidas/scanqueue/backend/src/models/Scan.js:23:15)
    at async Module.getScanStatistics (file:///C:/Users/ludin/Desktop/salidas/scanqueue/backend/src/services/ScanService.js:76:24)
    at async getDashboardStats (file:///C:/Users/ludin/Desktop/salidas/scanqueue/backend/src/controllers/DashboardController.js:12:19)
Path: /api/dashboard/stats

[2026-03-04T12:42:03.949Z] ERROR: 
Stack: AggregateError [ECONNREFUSED]: 
    at C:\Users\ludin\Desktop\salidas\scanqueue\backend\node_modules\pg-pool\index.js:45:11
    at process.processTicksAndRejections (node:internal/process/task_queues:105:5)
    at async query (file:///C:/Users/ludin/Desktop/salidas/scanqueue/backend/src/config/database.js:25:18)
    at async Module.getScansToday (file:///C:/Users/ludin/Desktop/salidas/scanqueue/backend/src/models/Scan.js:23:15)
    at async getTodaySummary (file:///C:/Users/ludin/Desktop/salidas/scanqueue/backend/src/controllers/DashboardController.js:30:24)
Path: /api/dashboard/today

[2026-03-04T12:42:04.089Z] ERROR: 
Stack: AggregateError [ECONNREFUSED]: 
    at C:\Users\ludin\Desktop\salidas\scanqueue\backend\node_modules\pg-pool\index.js:45:11
    at process.processTicksAndRejections (node:internal/process/task_queues:105:5)
    at async query (file:///C:/Users/ludin/Desktop/salidas/scanqueue/backend/src/config/database.js:25:18)
    at async Module.getScansToday (file:///C:/Users/ludin/Desktop/salidas/scanqueue/backend/src/models/Scan.js:23:15)
    at async Module.getScanStatistics (file:///C:/Users/ludin/Desktop/salidas/scanqueue/backend/src/services/ScanService.js:76:24)
    at async getDashboardStats (file:///C:/Users/ludin/Desktop/salidas/scanqueue/backend/src/controllers/DashboardController.js:12:19)
Path: /api/dashboard/stats

[2026-03-04T12:42:04.092Z] ERROR: 
Stack: AggregateError [ECONNREFUSED]: 
    at C:\Users\ludin\Desktop\salidas\scanqueue\backend\node_modules\pg-pool\index.js:45:11
    at process.processTicksAndRejections (node:internal/process/task_queues:105:5)
    at async query (file:///C:/Users/ludin/Desktop/salidas/scanqueue/backend/src/config/database.js:25:18)
    at async Module.getScansToday (file:///C:/Users/ludin/Desktop/salidas/scanqueue/backend/src/models/Scan.js:23:15)
    at async getTodaySummary (file:///C:/Users/ludin/Desktop/salidas/scanqueue/backend/src/controllers/DashboardController.js:30:24)
Path: /api/dashboard/today

[2026-03-04T12:42:04.222Z] ERROR: 
Stack: AggregateError [ECONNREFUSED]: 
    at C:\Users\ludin\Desktop\salidas\scanqueue\backend\node_modules\pg-pool\index.js:45:11
    at process.processTicksAndRejections (node:internal/process/task_queues:105:5)
    at async query (file:///C:/Users/ludin/Desktop/salidas/scanqueue/backend/src/config/database.js:25:18)
    at async Module.getScansToday (file:///C:/Users/ludin/Desktop/salidas/scanqueue/backend/src/models/Scan.js:23:15)
    at async Module.getScanStatistics (file:///C:/Users/ludin/Desktop/salidas/scanqueue/backend/src/services/ScanService.js:76:24)
    at async getDashboardStats (file:///C:/Users/ludin/Desktop/salidas/scanqueue/backend/src/controllers/DashboardController.js:12:19)
Path: /api/dashboard/stats

[2026-03-04T12:42:04.225Z] ERROR: 
Stack: AggregateError [ECONNREFUSED]: 
    at C:\Users\ludin\Desktop\salidas\scanqueue\backend\node_modules\pg-pool\index.js:45:11
    at process.processTicksAndRejections (node:internal/process/task_queues:105:5)
    at async query (file:///C:/Users/ludin/Desktop/salidas/scanqueue/backend/src/config/database.js:25:18)
    at async Module.getScansToday (file:///C:/Users/ludin/Desktop/salidas/scanqueue/backend/src/models/Scan.js:23:15)
    at async getTodaySummary (file:///C:/Users/ludin/Desktop/salidas/scanqueue/backend/src/controllers/DashboardController.js:30:24)
Path: /api/dashboard/today

[2026-03-04T12:42:04.356Z] ERROR: 
Stack: AggregateError [ECONNREFUSED]: 
    at C:\Users\ludin\Desktop\salidas\scanqueue\backend\node_modules\pg-pool\index.js:45:11
    at process.processTicksAndRejections (node:internal/process/task_queues:105:5)
    at async query (file:///C:/Users/ludin/Desktop/salidas/scanqueue/backend/src/config/database.js:25:18)
    at async Module.getScansToday (file:///C:/Users/ludin/Desktop/salidas/scanqueue/backend/src/models/Scan.js:23:15)
    at async Module.getScanStatistics (file:///C:/Users/ludin/Desktop/salidas/scanqueue/backend/src/services/ScanService.js:76:24)
    at async getDashboardStats (file:///C:/Users/ludin/Desktop/salidas/scanqueue/backend/src/controllers/DashboardController.js:12:19)
Path: /api/dashboard/stats

[2026-03-04T12:42:04.363Z] ERROR: 
Stack: AggregateError [ECONNREFUSED]: 
    at C:\Users\ludin\Desktop\salidas\scanqueue\backend\node_modules\pg-pool\index.js:45:11
    at process.processTicksAndRejections (node:internal/process/task_queues:105:5)
    at async query (file:///C:/Users/ludin/Desktop/salidas/scanqueue/backend/src/config/database.js:25:18)
    at async Module.getScansToday (file:///C:/Users/ludin/Desktop/salidas/scanqueue/backend/src/models/Scan.js:23:15)
    at async getTodaySummary (file:///C:/Users/ludin/Desktop/salidas/scanqueue/backend/src/controllers/DashboardController.js:30:24)
Path: /api/dashboard/today

[2026-03-04T12:42:04.504Z] ERROR: 
Stack: AggregateError [ECONNREFUSED]: 
    at C:\Users\ludin\Desktop\salidas\scanqueue\backend\node_modules\pg-pool\index.js:45:11
    at process.processTicksAndRejections (node:internal/process/task_queues:105:5)
    at async query (file:///C:/Users/ludin/Desktop/salidas/scanqueue/backend/src/config/database.js:25:18)
    at async Module.getScansToday (file:///C:/Users/ludin/Desktop/salidas/scanqueue/backend/src/models/Scan.js:23:15)
    at async Module.getScanStatistics (file:///C:/Users/ludin/Desktop/salidas/scanqueue/backend/src/services/ScanService.js:76:24)
    at async getDashboardStats (file:///C:/Users/ludin/Desktop/salidas/scanqueue/backend/src/controllers/DashboardController.js:12:19)
Path: /api/dashboard/stats

[2026-03-04T12:42:04.516Z] ERROR: 
Stack: AggregateError [ECONNREFUSED]: 
    at C:\Users\ludin\Desktop\salidas\scanqueue\backend\node_modules\pg-pool\index.js:45:11
    at process.processTicksAndRejections (node:internal/process/task_queues:105:5)
    at async query (file:///C:/Users/ludin/Desktop/salidas/scanqueue/backend/src/config/database.js:25:18)
    at async Module.getScansToday (file:///C:/Users/ludin/Desktop/salidas/scanqueue/backend/src/models/Scan.js:23:15)
    at async getTodaySummary (file:///C:/Users/ludin/Desktop/salidas/scanqueue/backend/src/controllers/DashboardController.js:30:24)
Path: /api/dashboard/today

[2026-03-04T12:42:04.657Z] ERROR: 
Stack: AggregateError [ECONNREFUSED]: 
    at C:\Users\ludin\Desktop\salidas\scanqueue\backend\node_modules\pg-pool\index.js:45:11
    at process.processTicksAndRejections (node:internal/process/task_queues:105:5)
    at async query (file:///C:/Users/ludin/Desktop/salidas/scanqueue/backend/src/config/database.js:25:18)
    at async Module.getScansToday (file:///C:/Users/ludin/Desktop/salidas/scanqueue/backend/src/models/Scan.js:23:15)
    at async Module.getScanStatistics (file:///C:/Users/ludin/Desktop/salidas/scanqueue/backend/src/services/ScanService.js:76:24)
    at async getDashboardStats (file:///C:/Users/ludin/Desktop/salidas/scanqueue/backend/src/controllers/DashboardController.js:12:19)
Path: /api/dashboard/stats

[2026-03-04T12:42:04.662Z] ERROR: 
Stack: AggregateError [ECONNREFUSED]: 
    at C:\Users\ludin\Desktop\salidas\scanqueue\backend\node_modules\pg-pool\index.js:45:11
    at process.processTicksAndRejections (node:internal/process/task_queues:105:5)
    at async query (file:///C:/Users/ludin/Desktop/salidas/scanqueue/backend/src/config/database.js:25:18)
    at async Module.getScansToday (file:///C:/Users/ludin/Desktop/salidas/scanqueue/backend/src/models/Scan.js:23:15)
    at async getTodaySummary (file:///C:/Users/ludin/Desktop/salidas/scanqueue/backend/src/controllers/DashboardController.js:30:24)
Path: /api/dashboard/today

[2026-03-04T12:42:04.808Z] ERROR: 
Stack: AggregateError [ECONNREFUSED]: 
    at C:\Users\ludin\Desktop\salidas\scanqueue\backend\node_modules\pg-pool\index.js:45:11
    at process.processTicksAndRejections (node:internal/process/task_queues:105:5)
    at async query (file:///C:/Users/ludin/Desktop/salidas/scanqueue/backend/src/config/database.js:25:18)
    at async Module.getScansToday (file:///C:/Users/ludin/Desktop/salidas/scanqueue/backend/src/models/Scan.js:23:15)
    at async Module.getScanStatistics (file:///C:/Users/ludin/Desktop/salidas/scanqueue/backend/src/services/ScanService.js:76:24)
    at async getDashboardStats (file:///C:/Users/ludin/Desktop/salidas/scanqueue/backend/src/controllers/DashboardController.js:12:19)
Path: /api/dashboard/stats

[2026-03-04T12:42:04.814Z] ERROR: 
Stack: AggregateError [ECONNREFUSED]: 
    at C:\Users\ludin\Desktop\salidas\scanqueue\backend\node_modules\pg-pool\index.js:45:11
    at process.processTicksAndRejections (node:internal/process/task_queues:105:5)
    at async query (file:///C:/Users/ludin/Desktop/salidas/scanqueue/backend/src/config/database.js:25:18)
    at async Module.getScansToday (file:///C:/Users/ludin/Desktop/salidas/scanqueue/backend/src/models/Scan.js:23:15)
    at async getTodaySummary (file:///C:/Users/ludin/Desktop/salidas/scanqueue/backend/src/controllers/DashboardController.js:30:24)
Path: /api/dashboard/today

[2026-03-04T12:42:05.035Z] ERROR: 
Stack: AggregateError [ECONNREFUSED]: 
    at C:\Users\ludin\Desktop\salidas\scanqueue\backend\node_modules\pg-pool\index.js:45:11
    at process.processTicksAndRejections (node:internal/process/task_queues:105:5)
    at async query (file:///C:/Users/ludin/Desktop/salidas/scanqueue/backend/src/config/database.js:25:18)
    at async Module.getScansToday (file:///C:/Users/ludin/Desktop/salidas/scanqueue/backend/src/models/Scan.js:23:15)
    at async Module.getScanStatistics (file:///C:/Users/ludin/Desktop/salidas/scanqueue/backend/src/services/ScanService.js:76:24)
    at async getDashboardStats (file:///C:/Users/ludin/Desktop/salidas/scanqueue/backend/src/controllers/DashboardController.js:12:19)
Path: /api/dashboard/stats

[2026-03-04T12:42:05.042Z] ERROR: 
Stack: AggregateError [ECONNREFUSED]: 
    at C:\Users\ludin\Desktop\salidas\scanqueue\backend\node_modules\pg-pool\index.js:45:11
    at process.processTicksAndRejections (node:internal/process/task_queues:105:5)
    at async query (file:///C:/Users/ludin/Desktop/salidas/scanqueue/backend/src/config/database.js:25:18)
    at async Module.getScansToday (file:///C:/Users/ludin/Desktop/salidas/scanqueue/backend/src/models/Scan.js:23:15)
    at async getTodaySummary (file:///C:/Users/ludin/Desktop/salidas/scanqueue/backend/src/controllers/DashboardController.js:30:24)
Path: /api/dashboard/today

[2026-03-04T12:42:05.288Z] ERROR: 
Stack: AggregateError [ECONNREFUSED]: 
    at C:\Users\ludin\Desktop\salidas\scanqueue\backend\node_modules\pg-pool\index.js:45:11
    at process.processTicksAndRejections (node:internal/process/task_queues:105:5)
    at async query (file:///C:/Users/ludin/Desktop/salidas/scanqueue/backend/src/config/database.js:25:18)
    at async Module.getScansToday (file:///C:/Users/ludin/Desktop/salidas/scanqueue/backend/src/models/Scan.js:23:15)
    at async Module.getScanStatistics (file:///C:/Users/ludin/Desktop/salidas/scanqueue/backend/src/services/ScanService.js:76:24)
    at async getDashboardStats (file:///C:/Users/ludin/Desktop/salidas/scanqueue/backend/src/controllers/DashboardController.js:12:19)
Path: /api/dashboard/stats

[2026-03-04T12:42:05.295Z] ERROR: 
Stack: AggregateError [ECONNREFUSED]: 
    at C:\Users\ludin\Desktop\salidas\scanqueue\backend\node_modules\pg-pool\index.js:45:11
    at process.processTicksAndRejections (node:internal/process/task_queues:105:5)
    at async query (file:///C:/Users/ludin/Desktop/salidas/scanqueue/backend/src/config/database.js:25:18)
    at async Module.getScansToday (file:///C:/Users/ludin/Desktop/salidas/scanqueue/backend/src/models/Scan.js:23:15)
    at async getTodaySummary (file:///C:/Users/ludin/Desktop/salidas/scanqueue/backend/src/controllers/DashboardController.js:30:24)
Path: /api/dashboard/today

[2026-03-04T12:42:05.509Z] ERROR: 
Stack: AggregateError [ECONNREFUSED]: 
    at C:\Users\ludin\Desktop\salidas\scanqueue\backend\node_modules\pg-pool\index.js:45:11
    at process.processTicksAndRejections (node:internal/process/task_queues:105:5)
    at async query (file:///C:/Users/ludin/Desktop/salidas/scanqueue/backend/src/config/database.js:25:18)
    at async Module.getScansToday (file:///C:/Users/ludin/Desktop/salidas/scanqueue/backend/src/models/Scan.js:23:15)
    at async Module.getScanStatistics (file:///C:/Users/ludin/Desktop/salidas/scanqueue/backend/src/services/ScanService.js:76:24)
    at async getDashboardStats (file:///C:/Users/ludin/Desktop/salidas/scanqueue/backend/src/controllers/DashboardController.js:12:19)
Path: /api/dashboard/stats

[2026-03-04T12:42:05.518Z] ERROR: 
Stack: AggregateError [ECONNREFUSED]: 
    at C:\Users\ludin\Desktop\salidas\scanqueue\backend\node_modules\pg-pool\index.js:45:11
    at process.processTicksAndRejections (node:internal/process/task_queues:105:5)
    at async query (file:///C:/Users/ludin/Desktop/salidas/scanqueue/backend/src/config/database.js:25:18)
    at async Module.getScansToday (file:///C:/Users/ludin/Desktop/salidas/scanqueue/backend/src/models/Scan.js:23:15)
    at async getTodaySummary (file:///C:/Users/ludin/Desktop/salidas/scanqueue/backend/src/controllers/DashboardController.js:30:24)
Path: /api/dashboard/today

[2026-03-04T12:42:05.703Z] ERROR: 
Stack: AggregateError [ECONNREFUSED]: 
    at C:\Users\ludin\Desktop\salidas\scanqueue\backend\node_modules\pg-pool\index.js:45:11
    at process.processTicksAndRejections (node:internal/process/task_queues:105:5)
    at async query (file:///C:/Users/ludin/Desktop/salidas/scanqueue/backend/src/config/database.js:25:18)
    at async Module.getScansToday (file:///C:/Users/ludin/Desktop/salidas/scanqueue/backend/src/models/Scan.js:23:15)
    at async Module.getScanStatistics (file:///C:/Users/ludin/Desktop/salidas/scanqueue/backend/src/services/ScanService.js:76:24)
    at async getDashboardStats (file:///C:/Users/ludin/Desktop/salidas/scanqueue/backend/src/controllers/DashboardController.js:12:19)
Path: /api/dashboard/stats

[2026-03-04T12:42:05.707Z] ERROR: 
Stack: AggregateError [ECONNREFUSED]: 
    at C:\Users\ludin\Desktop\salidas\scanqueue\backend\node_modules\pg-pool\index.js:45:11
    at process.processTicksAndRejections (node:internal/process/task_queues:105:5)
    at async query (file:///C:/Users/ludin/Desktop/salidas/scanqueue/backend/src/config/database.js:25:18)
    at async Module.getScansToday (file:///C:/Users/ludin/Desktop/salidas/scanqueue/backend/src/models/Scan.js:23:15)
    at async getTodaySummary (file:///C:/Users/ludin/Desktop/salidas/scanqueue/backend/src/controllers/DashboardController.js:30:24)
Path: /api/dashboard/today

[2026-03-04T12:42:05.869Z] ERROR: 
Stack: AggregateError [ECONNREFUSED]: 
    at C:\Users\ludin\Desktop\salidas\scanqueue\backend\node_modules\pg-pool\index.js:45:11
    at process.processTicksAndRejections (node:internal/process/task_queues:105:5)
    at async query (file:///C:/Users/ludin/Desktop/salidas/scanqueue/backend/src/config/database.js:25:18)
    at async Module.getScansToday (file:///C:/Users/ludin/Desktop/salidas/scanqueue/backend/src/models/Scan.js:23:15)
    at async Module.getScanStatistics (file:///C:/Users/ludin/Desktop/salidas/scanqueue/backend/src/services/ScanService.js:76:24)
    at async getDashboardStats (file:///C:/Users/ludin/Desktop/salidas/scanqueue/backend/src/controllers/DashboardController.js:12:19)
Path: /api/dashboard/stats

[2026-03-04T12:42:05.877Z] ERROR: 
Stack: AggregateError [ECONNREFUSED]: 
    at C:\Users\ludin\Desktop\salidas\scanqueue\backend\node_modules\pg-pool\index.js:45:11
    at process.processTicksAndRejections (node:internal/process/task_queues:105:5)
    at async query (file:///C:/Users/ludin/Desktop/salidas/scanqueue/backend/src/config/database.js:25:18)
    at async Module.getScansToday (file:///C:/Users/ludin/Desktop/salidas/scanqueue/backend/src/models/Scan.js:23:15)
    at async getTodaySummary (file:///C:/Users/ludin/Desktop/salidas/scanqueue/backend/src/controllers/DashboardController.js:30:24)
Path: /api/dashboard/today

[2026-03-04T12:42:06.062Z] ERROR: 
Stack: AggregateError [ECONNREFUSED]: 
    at C:\Users\ludin\Desktop\salidas\scanqueue\backend\node_modules\pg-pool\index.js:45:11
    at process.processTicksAndRejections (node:internal/process/task_queues:105:5)
    at async query (file:///C:/Users/ludin/Desktop/salidas/scanqueue/backend/src/config/database.js:25:18)
    at async Module.getScansToday (file:///C:/Users/ludin/Desktop/salidas/scanqueue/backend/src/models/Scan.js:23:15)
    at async Module.getScanStatistics (file:///C:/Users/ludin/Desktop/salidas/scanqueue/backend/src/services/ScanService.js:76:24)
    at async getDashboardStats (file:///C:/Users/ludin/Desktop/salidas/scanqueue/backend/src/controllers/DashboardController.js:12:19)
Path: /api/dashboard/stats

[2026-03-04T12:42:06.066Z] ERROR: 
Stack: AggregateError [ECONNREFUSED]: 
    at C:\Users\ludin\Desktop\salidas\scanqueue\backend\node_modules\pg-pool\index.js:45:11
    at process.processTicksAndRejections (node:internal/process/task_queues:105:5)
    at async query (file:///C:/Users/ludin/Desktop/salidas/scanqueue/backend/src/config/database.js:25:18)
    at async Module.getScansToday (file:///C:/Users/ludin/Desktop/salidas/scanqueue/backend/src/models/Scan.js:23:15)
    at async getTodaySummary (file:///C:/Users/ludin/Desktop/salidas/scanqueue/backend/src/controllers/DashboardController.js:30:24)
Path: /api/dashboard/today

[2026-03-04T12:42:06.219Z] ERROR: 
Stack: AggregateError [ECONNREFUSED]: 
    at C:\Users\ludin\Desktop\salidas\scanqueue\backend\node_modules\pg-pool\index.js:45:11
    at process.processTicksAndRejections (node:internal/process/task_queues:105:5)
    at async query (file:///C:/Users/ludin/Desktop/salidas/scanqueue/backend/src/config/database.js:25:18)
    at async Module.getScansToday (file:///C:/Users/ludin/Desktop/salidas/scanqueue/backend/src/models/Scan.js:23:15)
    at async Module.getScanStatistics (file:///C:/Users/ludin/Desktop/salidas/scanqueue/backend/src/services/ScanService.js:76:24)
    at async getDashboardStats (file:///C:/Users/ludin/Desktop/salidas/scanqueue/backend/src/controllers/DashboardController.js:12:19)
Path: /api/dashboard/stats

[2026-03-04T12:42:06.226Z] ERROR: 
Stack: AggregateError [ECONNREFUSED]: 
    at C:\Users\ludin\Desktop\salidas\scanqueue\backend\node_modules\pg-pool\index.js:45:11
    at process.processTicksAndRejections (node:internal/process/task_queues:105:5)
    at async query (file:///C:/Users/ludin/Desktop/salidas/scanqueue/backend/src/config/database.js:25:18)
    at async Module.getScansToday (file:///C:/Users/ludin/Desktop/salidas/scanqueue/backend/src/models/Scan.js:23:15)
    at async getTodaySummary (file:///C:/Users/ludin/Desktop/salidas/scanqueue/backend/src/controllers/DashboardController.js:30:24)
Path: /api/dashboard/today

[2026-03-04T12:42:06.400Z] ERROR: 
Stack: AggregateError [ECONNREFUSED]: 
    at C:\Users\ludin\Desktop\salidas\scanqueue\backend\node_modules\pg-pool\index.js:45:11
    at process.processTicksAndRejections (node:internal/process/task_queues:105:5)
    at async query (file:///C:/Users/ludin/Desktop/salidas/scanqueue/backend/src/config/database.js:25:18)
    at async Module.getScansToday (file:///C:/Users/ludin/Desktop/salidas/scanqueue/backend/src/models/Scan.js:23:15)
    at async Module.getScanStatistics (file:///C:/Users/ludin/Desktop/salidas/scanqueue/backend/src/services/ScanService.js:76:24)
    at async getDashboardStats (file:///C:/Users/ludin/Desktop/salidas/scanqueue/backend/src/controllers/DashboardController.js:12:19)
Path: /api/dashboard/stats

[2026-03-04T12:42:06.403Z] ERROR: 
Stack: AggregateError [ECONNREFUSED]: 
    at C:\Users\ludin\Desktop\salidas\scanqueue\backend\node_modules\pg-pool\index.js:45:11
    at process.processTicksAndRejections (node:internal/process/task_queues:105:5)
    at async query (file:///C:/Users/ludin/Desktop/salidas/scanqueue/backend/src/config/database.js:25:18)
    at async Module.getScansToday (file:///C:/Users/ludin/Desktop/salidas/scanqueue/backend/src/models/Scan.js:23:15)
    at async getTodaySummary (file:///C:/Users/ludin/Desktop/salidas/scanqueue/backend/src/controllers/DashboardController.js:30:24)
Path: /api/dashboard/today

[2026-03-04T12:42:06.545Z] ERROR: 
Stack: AggregateError [ECONNREFUSED]: 
    at C:\Users\ludin\Desktop\salidas\scanqueue\backend\node_modules\pg-pool\index.js:45:11
    at process.processTicksAndRejections (node:internal/process/task_queues:105:5)
    at async query (file:///C:/Users/ludin/Desktop/salidas/scanqueue/backend/src/config/database.js:25:18)
    at async Module.getScansToday (file:///C:/Users/ludin/Desktop/salidas/scanqueue/backend/src/models/Scan.js:23:15)
    at async Module.getScanStatistics (file:///C:/Users/ludin/Desktop/salidas/scanqueue/backend/src/services/ScanService.js:76:24)
    at async getDashboardStats (file:///C:/Users/ludin/Desktop/salidas/scanqueue/backend/src/controllers/DashboardController.js:12:19)
Path: /api/dashboard/stats

[2026-03-04T12:42:06.549Z] ERROR: 
Stack: AggregateError [ECONNREFUSED]: 
    at C:\Users\ludin\Desktop\salidas\scanqueue\backend\node_modules\pg-pool\index.js:45:11
    at process.processTicksAndRejections (node:internal/process/task_queues:105:5)
    at async query (file:///C:/Users/ludin/Desktop/salidas/scanqueue/backend/src/config/database.js:25:18)
    at async Module.getScansToday (file:///C:/Users/ludin/Desktop/salidas/scanqueue/backend/src/models/Scan.js:23:15)
    at async getTodaySummary (file:///C:/Users/ludin/Desktop/salidas/scanqueue/backend/src/controllers/DashboardController.js:30:24)
Path: /api/dashboard/today

[2026-03-04T12:42:06.715Z] ERROR: 
Stack: AggregateError [ECONNREFUSED]: 
    at C:\Users\ludin\Desktop\salidas\scanqueue\backend\node_modules\pg-pool\index.js:45:11
    at process.processTicksAndRejections (node:internal/process/task_queues:105:5)
    at async query (file:///C:/Users/ludin/Desktop/salidas/scanqueue/backend/src/config/database.js:25:18)
    at async Module.getScansToday (file:///C:/Users/ludin/Desktop/salidas/scanqueue/backend/src/models/Scan.js:23:15)
    at async Module.getScanStatistics (file:///C:/Users/ludin/Desktop/salidas/scanqueue/backend/src/services/ScanService.js:76:24)
    at async getDashboardStats (file:///C:/Users/ludin/Desktop/salidas/scanqueue/backend/src/controllers/DashboardController.js:12:19)
Path: /api/dashboard/stats

[2026-03-04T12:42:06.719Z] ERROR: 
Stack: AggregateError [ECONNREFUSED]: 
    at C:\Users\ludin\Desktop\salidas\scanqueue\backend\node_modules\pg-pool\index.js:45:11
    at process.processTicksAndRejections (node:internal/process/task_queues:105:5)
    at async query (file:///C:/Users/ludin/Desktop/salidas/scanqueue/backend/src/config/database.js:25:18)
    at async Module.getScansToday (file:///C:/Users/ludin/Desktop/salidas/scanqueue/backend/src/models/Scan.js:23:15)
    at async getTodaySummary (file:///C:/Users/ludin/Desktop/salidas/scanqueue/backend/src/controllers/DashboardController.js:30:24)
Path: /api/dashboard/today

[2026-03-04T12:42:06.864Z] ERROR: 
Stack: AggregateError [ECONNREFUSED]: 
    at C:\Users\ludin\Desktop\salidas\scanqueue\backend\node_modules\pg-pool\index.js:45:11
    at process.processTicksAndRejections (node:internal/process/task_queues:105:5)
    at async query (file:///C:/Users/ludin/Desktop/salidas/scanqueue/backend/src/config/database.js:25:18)
    at async Module.getScansToday (file:///C:/Users/ludin/Desktop/salidas/scanqueue/backend/src/models/Scan.js:23:15)
    at async Module.getScanStatistics (file:///C:/Users/ludin/Desktop/salidas/scanqueue/backend/src/services/ScanService.js:76:24)
    at async getDashboardStats (file:///C:/Users/ludin/Desktop/salidas/scanqueue/backend/src/controllers/DashboardController.js:12:19)
Path: /api/dashboard/stats

[2026-03-04T12:42:06.870Z] ERROR: 
Stack: AggregateError [ECONNREFUSED]: 
    at C:\Users\ludin\Desktop\salidas\scanqueue\backend\node_modules\pg-pool\index.js:45:11
    at process.processTicksAndRejections (node:internal/process/task_queues:105:5)
    at async query (file:///C:/Users/ludin/Desktop/salidas/scanqueue/backend/src/config/database.js:25:18)
    at async Module.getScansToday (file:///C:/Users/ludin/Desktop/salidas/scanqueue/backend/src/models/Scan.js:23:15)
    at async getTodaySummary (file:///C:/Users/ludin/Desktop/salidas/scanqueue/backend/src/controllers/DashboardController.js:30:24)
Path: /api/dashboard/today

[2026-03-04T12:42:07.237Z] ERROR: 
Stack: AggregateError [ECONNREFUSED]: 
    at C:\Users\ludin\Desktop\salidas\scanqueue\backend\node_modules\pg-pool\index.js:45:11
    at process.processTicksAndRejections (node:internal/process/task_queues:105:5)
    at async query (file:///C:/Users/ludin/Desktop/salidas/scanqueue/backend/src/config/database.js:25:18)
    at async Module.getScansToday (file:///C:/Users/ludin/Desktop/salidas/scanqueue/backend/src/models/Scan.js:23:15)
    at async Module.getScanStatistics (file:///C:/Users/ludin/Desktop/salidas/scanqueue/backend/src/services/ScanService.js:76:24)
    at async getDashboardStats (file:///C:/Users/ludin/Desktop/salidas/scanqueue/backend/src/controllers/DashboardController.js:12:19)
Path: /api/dashboard/stats

[2026-03-04T12:42:07.240Z] ERROR: 
Stack: AggregateError [ECONNREFUSED]: 
    at C:\Users\ludin\Desktop\salidas\scanqueue\backend\node_modules\pg-pool\index.js:45:11
    at process.processTicksAndRejections (node:internal/process/task_queues:105:5)
    at async query (file:///C:/Users/ludin/Desktop/salidas/scanqueue/backend/src/config/database.js:25:18)
    at async Module.getScansToday (file:///C:/Users/ludin/Desktop/salidas/scanqueue/backend/src/models/Scan.js:23:15)
    at async getTodaySummary (file:///C:/Users/ludin/Desktop/salidas/scanqueue/backend/src/controllers/DashboardController.js:30:24)
Path: /api/dashboard/today

[2026-03-04T12:42:07.384Z] ERROR: 
Stack: AggregateError [ECONNREFUSED]: 
    at C:\Users\ludin\Desktop\salidas\scanqueue\backend\node_modules\pg-pool\index.js:45:11
    at process.processTicksAndRejections (node:internal/process/task_queues:105:5)
    at async query (file:///C:/Users/ludin/Desktop/salidas/scanqueue/backend/src/config/database.js:25:18)
    at async Module.getScansToday (file:///C:/Users/ludin/Desktop/salidas/scanqueue/backend/src/models/Scan.js:23:15)
    at async Module.getScanStatistics (file:///C:/Users/ludin/Desktop/salidas/scanqueue/backend/src/services/ScanService.js:76:24)
    at async getDashboardStats (file:///C:/Users/ludin/Desktop/salidas/scanqueue/backend/src/controllers/DashboardController.js:12:19)
Path: /api/dashboard/stats

[2026-03-04T12:42:07.389Z] ERROR: 
Stack: AggregateError [ECONNREFUSED]: 
    at C:\Users\ludin\Desktop\salidas\scanqueue\backend\node_modules\pg-pool\index.js:45:11
    at process.processTicksAndRejections (node:internal/process/task_queues:105:5)
    at async query (file:///C:/Users/ludin/Desktop/salidas/scanqueue/backend/src/config/database.js:25:18)
    at async Module.getScansToday (file:///C:/Users/ludin/Desktop/salidas/scanqueue/backend/src/models/Scan.js:23:15)
    at async getTodaySummary (file:///C:/Users/ludin/Desktop/salidas/scanqueue/backend/src/controllers/DashboardController.js:30:24)
Path: /api/dashboard/today

[2026-03-04T12:42:07.549Z] ERROR: 
Stack: AggregateError [ECONNREFUSED]: 
    at C:\Users\ludin\Desktop\salidas\scanqueue\backend\node_modules\pg-pool\index.js:45:11
    at process.processTicksAndRejections (node:internal/process/task_queues:105:5)
    at async query (file:///C:/Users/ludin/Desktop/salidas/scanqueue/backend/src/config/database.js:25:18)
    at async Module.getScansToday (file:///C:/Users/ludin/Desktop/salidas/scanqueue/backend/src/models/Scan.js:23:15)
    at async Module.getScanStatistics (file:///C:/Users/ludin/Desktop/salidas/scanqueue/backend/src/services/ScanService.js:76:24)
    at async getDashboardStats (file:///C:/Users/ludin/Desktop/salidas/scanqueue/backend/src/controllers/DashboardController.js:12:19)
Path: /api/dashboard/stats

[2026-03-04T12:42:07.553Z] ERROR: 
Stack: AggregateError [ECONNREFUSED]: 
    at C:\Users\ludin\Desktop\salidas\scanqueue\backend\node_modules\pg-pool\index.js:45:11
    at process.processTicksAndRejections (node:internal/process/task_queues:105:5)
    at async query (file:///C:/Users/ludin/Desktop/salidas/scanqueue/backend/src/config/database.js:25:18)
    at async Module.getScansToday (file:///C:/Users/ludin/Desktop/salidas/scanqueue/backend/src/models/Scan.js:23:15)
    at async getTodaySummary (file:///C:/Users/ludin/Desktop/salidas/scanqueue/backend/src/controllers/DashboardController.js:30:24)
Path: /api/dashboard/today

[2026-03-04T12:42:07.684Z] ERROR: 
Stack: AggregateError [ECONNREFUSED]: 
    at C:\Users\ludin\Desktop\salidas\scanqueue\backend\node_modules\pg-pool\index.js:45:11
    at process.processTicksAndRejections (node:internal/process/task_queues:105:5)
    at async query (file:///C:/Users/ludin/Desktop/salidas/scanqueue/backend/src/config/database.js:25:18)
    at async Module.getScansToday (file:///C:/Users/ludin/Desktop/salidas/scanqueue/backend/src/models/Scan.js:23:15)
    at async Module.getScanStatistics (file:///C:/Users/ludin/Desktop/salidas/scanqueue/backend/src/services/ScanService.js:76:24)
    at async getDashboardStats (file:///C:/Users/ludin/Desktop/salidas/scanqueue/backend/src/controllers/DashboardController.js:12:19)
Path: /api/dashboard/stats

[2026-03-04T12:42:07.687Z] ERROR: 
Stack: AggregateError [ECONNREFUSED]: 
    at C:\Users\ludin\Desktop\salidas\scanqueue\backend\node_modules\pg-pool\index.js:45:11
    at process.processTicksAndRejections (node:internal/process/task_queues:105:5)
    at async query (file:///C:/Users/ludin/Desktop/salidas/scanqueue/backend/src/config/database.js:25:18)
    at async Module.getScansToday (file:///C:/Users/ludin/Desktop/salidas/scanqueue/backend/src/models/Scan.js:23:15)
    at async getTodaySummary (file:///C:/Users/ludin/Desktop/salidas/scanqueue/backend/src/controllers/DashboardController.js:30:24)
Path: /api/dashboard/today

[2026-03-04T12:42:07.813Z] ERROR: 
Stack: AggregateError [ECONNREFUSED]: 
    at C:\Users\ludin\Desktop\salidas\scanqueue\backend\node_modules\pg-pool\index.js:45:11
    at process.processTicksAndRejections (node:internal/process/task_queues:105:5)
    at async query (file:///C:/Users/ludin/Desktop/salidas/scanqueue/backend/src/config/database.js:25:18)
    at async Module.getScansToday (file:///C:/Users/ludin/Desktop/salidas/scanqueue/backend/src/models/Scan.js:23:15)
    at async Module.getScanStatistics (file:///C:/Users/ludin/Desktop/salidas/scanqueue/backend/src/services/ScanService.js:76:24)
    at async getDashboardStats (file:///C:/Users/ludin/Desktop/salidas/scanqueue/backend/src/controllers/DashboardController.js:12:19)
Path: /api/dashboard/stats

[2026-03-04T12:42:07.817Z] ERROR: 
Stack: AggregateError [ECONNREFUSED]: 
    at C:\Users\ludin\Desktop\salidas\scanqueue\backend\node_modules\pg-pool\index.js:45:11
    at process.processTicksAndRejections (node:internal/process/task_queues:105:5)
    at async query (file:///C:/Users/ludin/Desktop/salidas/scanqueue/backend/src/config/database.js:25:18)
    at async Module.getScansToday (file:///C:/Users/ludin/Desktop/salidas/scanqueue/backend/src/models/Scan.js:23:15)
    at async getTodaySummary (file:///C:/Users/ludin/Desktop/salidas/scanqueue/backend/src/controllers/DashboardController.js:30:24)
Path: /api/dashboard/today

[2026-03-04T12:42:07.949Z] ERROR: 
Stack: AggregateError [ECONNREFUSED]: 
    at C:\Users\ludin\Desktop\salidas\scanqueue\backend\node_modules\pg-pool\index.js:45:11
    at process.processTicksAndRejections (node:internal/process/task_queues:105:5)
    at async query (file:///C:/Users/ludin/Desktop/salidas/scanqueue/backend/src/config/database.js:25:18)
    at async Module.getScansToday (file:///C:/Users/ludin/Desktop/salidas/scanqueue/backend/src/models/Scan.js:23:15)
    at async Module.getScanStatistics (file:///C:/Users/ludin/Desktop/salidas/scanqueue/backend/src/services/ScanService.js:76:24)
    at async getDashboardStats (file:///C:/Users/ludin/Desktop/salidas/scanqueue/backend/src/controllers/DashboardController.js:12:19)
Path: /api/dashboard/stats

[2026-03-04T12:42:07.954Z] ERROR: 
Stack: AggregateError [ECONNREFUSED]: 
    at C:\Users\ludin\Desktop\salidas\scanqueue\backend\node_modules\pg-pool\index.js:45:11
    at process.processTicksAndRejections (node:internal/process/task_queues:105:5)
    at async query (file:///C:/Users/ludin/Desktop/salidas/scanqueue/backend/src/config/database.js:25:18)
    at async Module.getScansToday (file:///C:/Users/ludin/Desktop/salidas/scanqueue/backend/src/models/Scan.js:23:15)
    at async getTodaySummary (file:///C:/Users/ludin/Desktop/salidas/scanqueue/backend/src/controllers/DashboardController.js:30:24)
Path: /api/dashboard/today

[2026-03-04T12:42:08.092Z] ERROR: 
Stack: AggregateError [ECONNREFUSED]: 
    at C:\Users\ludin\Desktop\salidas\scanqueue\backend\node_modules\pg-pool\index.js:45:11
    at process.processTicksAndRejections (node:internal/process/task_queues:105:5)
    at async query (file:///C:/Users/ludin/Desktop/salidas/scanqueue/backend/src/config/database.js:25:18)
    at async Module.getScansToday (file:///C:/Users/ludin/Desktop/salidas/scanqueue/backend/src/models/Scan.js:23:15)
    at async Module.getScanStatistics (file:///C:/Users/ludin/Desktop/salidas/scanqueue/backend/src/services/ScanService.js:76:24)
    at async getDashboardStats (file:///C:/Users/ludin/Desktop/salidas/scanqueue/backend/src/controllers/DashboardController.js:12:19)
Path: /api/dashboard/stats

[2026-03-04T12:42:08.095Z] ERROR: 
Stack: AggregateError [ECONNREFUSED]: 
    at C:\Users\ludin\Desktop\salidas\scanqueue\backend\node_modules\pg-pool\index.js:45:11
    at process.processTicksAndRejections (node:internal/process/task_queues:105:5)
    at async query (file:///C:/Users/ludin/Desktop/salidas/scanqueue/backend/src/config/database.js:25:18)
    at async Module.getScansToday (file:///C:/Users/ludin/Desktop/salidas/scanqueue/backend/src/models/Scan.js:23:15)
    at async getTodaySummary (file:///C:/Users/ludin/Desktop/salidas/scanqueue/backend/src/controllers/DashboardController.js:30:24)
Path: /api/dashboard/today

[2026-03-04T12:42:08.226Z] ERROR: 
Stack: AggregateError [ECONNREFUSED]: 
    at C:\Users\ludin\Desktop\salidas\scanqueue\backend\node_modules\pg-pool\index.js:45:11
    at process.processTicksAndRejections (node:internal/process/task_queues:105:5)
    at async query (file:///C:/Users/ludin/Desktop/salidas/scanqueue/backend/src/config/database.js:25:18)
    at async Module.getScansToday (file:///C:/Users/ludin/Desktop/salidas/scanqueue/backend/src/models/Scan.js:23:15)
    at async Module.getScanStatistics (file:///C:/Users/ludin/Desktop/salidas/scanqueue/backend/src/services/ScanService.js:76:24)
    at async getDashboardStats (file:///C:/Users/ludin/Desktop/salidas/scanqueue/backend/src/controllers/DashboardController.js:12:19)
Path: /api/dashboard/stats

[2026-03-04T12:42:08.232Z] ERROR: 
Stack: AggregateError [ECONNREFUSED]: 
    at C:\Users\ludin\Desktop\salidas\scanqueue\backend\node_modules\pg-pool\index.js:45:11
    at process.processTicksAndRejections (node:internal/process/task_queues:105:5)
    at async query (file:///C:/Users/ludin/Desktop/salidas/scanqueue/backend/src/config/database.js:25:18)
    at async Module.getScansToday (file:///C:/Users/ludin/Desktop/salidas/scanqueue/backend/src/models/Scan.js:23:15)
    at async getTodaySummary (file:///C:/Users/ludin/Desktop/salidas/scanqueue/backend/src/controllers/DashboardController.js:30:24)
Path: /api/dashboard/today

[2026-03-04T12:42:08.366Z] ERROR: 
Stack: AggregateError [ECONNREFUSED]: 
    at C:\Users\ludin\Desktop\salidas\scanqueue\backend\node_modules\pg-pool\index.js:45:11
    at process.processTicksAndRejections (node:internal/process/task_queues:105:5)
    at async query (file:///C:/Users/ludin/Desktop/salidas/scanqueue/backend/src/config/database.js:25:18)
    at async Module.getScansToday (file:///C:/Users/ludin/Desktop/salidas/scanqueue/backend/src/models/Scan.js:23:15)
    at async Module.getScanStatistics (file:///C:/Users/ludin/Desktop/salidas/scanqueue/backend/src/services/ScanService.js:76:24)
    at async getDashboardStats (file:///C:/Users/ludin/Desktop/salidas/scanqueue/backend/src/controllers/DashboardController.js:12:19)
Path: /api/dashboard/stats

[2026-03-04T12:42:08.370Z] ERROR: 
Stack: AggregateError [ECONNREFUSED]: 
    at C:\Users\ludin\Desktop\salidas\scanqueue\backend\node_modules\pg-pool\index.js:45:11
    at process.processTicksAndRejections (node:internal/process/task_queues:105:5)
    at async query (file:///C:/Users/ludin/Desktop/salidas/scanqueue/backend/src/config/database.js:25:18)
    at async Module.getScansToday (file:///C:/Users/ludin/Desktop/salidas/scanqueue/backend/src/models/Scan.js:23:15)
    at async getTodaySummary (file:///C:/Users/ludin/Desktop/salidas/scanqueue/backend/src/controllers/DashboardController.js:30:24)
Path: /api/dashboard/today

[2026-03-04T12:42:08.550Z] ERROR: 
Stack: AggregateError [ECONNREFUSED]: 
    at C:\Users\ludin\Desktop\salidas\scanqueue\backend\node_modules\pg-pool\index.js:45:11
    at process.processTicksAndRejections (node:internal/process/task_queues:105:5)
    at async query (file:///C:/Users/ludin/Desktop/salidas/scanqueue/backend/src/config/database.js:25:18)
    at async Module.getScansToday (file:///C:/Users/ludin/Desktop/salidas/scanqueue/backend/src/models/Scan.js:23:15)
    at async Module.getScanStatistics (file:///C:/Users/ludin/Desktop/salidas/scanqueue/backend/src/services/ScanService.js:76:24)
    at async getDashboardStats (file:///C:/Users/ludin/Desktop/salidas/scanqueue/backend/src/controllers/DashboardController.js:12:19)
Path: /api/dashboard/stats

[2026-03-04T12:42:08.556Z] ERROR: 
Stack: AggregateError [ECONNREFUSED]: 
    at C:\Users\ludin\Desktop\salidas\scanqueue\backend\node_modules\pg-pool\index.js:45:11
    at process.processTicksAndRejections (node:internal/process/task_queues:105:5)
    at async query (file:///C:/Users/ludin/Desktop/salidas/scanqueue/backend/src/config/database.js:25:18)
    at async Module.getScansToday (file:///C:/Users/ludin/Desktop/salidas/scanqueue/backend/src/models/Scan.js:23:15)
    at async getTodaySummary (file:///C:/Users/ludin/Desktop/salidas/scanqueue/backend/src/controllers/DashboardController.js:30:24)
Path: /api/dashboard/today

[2026-03-04T12:42:08.683Z] ERROR: 
Stack: AggregateError [ECONNREFUSED]: 
    at C:\Users\ludin\Desktop\salidas\scanqueue\backend\node_modules\pg-pool\index.js:45:11
    at process.processTicksAndRejections (node:internal/process/task_queues:105:5)
    at async query (file:///C:/Users/ludin/Desktop/salidas/scanqueue/backend/src/config/database.js:25:18)
    at async Module.getScansToday (file:///C:/Users/ludin/Desktop/salidas/scanqueue/backend/src/models/Scan.js:23:15)
    at async Module.getScanStatistics (file:///C:/Users/ludin/Desktop/salidas/scanqueue/backend/src/services/ScanService.js:76:24)
    at async getDashboardStats (file:///C:/Users/ludin/Desktop/salidas/scanqueue/backend/src/controllers/DashboardController.js:12:19)
Path: /api/dashboard/stats

[2026-03-04T12:42:08.689Z] ERROR: 
Stack: AggregateError [ECONNREFUSED]: 
    at C:\Users\ludin\Desktop\salidas\scanqueue\backend\node_modules\pg-pool\index.js:45:11
    at process.processTicksAndRejections (node:internal/process/task_queues:105:5)
    at async query (file:///C:/Users/ludin/Desktop/salidas/scanqueue/backend/src/config/database.js:25:18)
    at async Module.getScansToday (file:///C:/Users/ludin/Desktop/salidas/scanqueue/backend/src/models/Scan.js:23:15)
    at async getTodaySummary (file:///C:/Users/ludin/Desktop/salidas/scanqueue/backend/src/controllers/DashboardController.js:30:24)
Path: /api/dashboard/today

[2026-03-04T12:42:08.807Z] ERROR: 
Stack: AggregateError [ECONNREFUSED]: 
    at C:\Users\ludin\Desktop\salidas\scanqueue\backend\node_modules\pg-pool\index.js:45:11
    at process.processTicksAndRejections (node:internal/process/task_queues:105:5)
    at async query (file:///C:/Users/ludin/Desktop/salidas/scanqueue/backend/src/config/database.js:25:18)
    at async Module.getScansToday (file:///C:/Users/ludin/Desktop/salidas/scanqueue/backend/src/models/Scan.js:23:15)
    at async Module.getScanStatistics (file:///C:/Users/ludin/Desktop/salidas/scanqueue/backend/src/services/ScanService.js:76:24)
    at async getDashboardStats (file:///C:/Users/ludin/Desktop/salidas/scanqueue/backend/src/controllers/DashboardController.js:12:19)
Path: /api/dashboard/stats

[2026-03-04T12:42:08.813Z] ERROR: 
Stack: AggregateError [ECONNREFUSED]: 
    at C:\Users\ludin\Desktop\salidas\scanqueue\backend\node_modules\pg-pool\index.js:45:11
    at process.processTicksAndRejections (node:internal/process/task_queues:105:5)
    at async query (file:///C:/Users/ludin/Desktop/salidas/scanqueue/backend/src/config/database.js:25:18)
    at async Module.getScansToday (file:///C:/Users/ludin/Desktop/salidas/scanqueue/backend/src/models/Scan.js:23:15)
    at async getTodaySummary (file:///C:/Users/ludin/Desktop/salidas/scanqueue/backend/src/controllers/DashboardController.js:30:24)
Path: /api/dashboard/today

[2026-03-04T12:42:09.015Z] ERROR: 
Stack: AggregateError [ECONNREFUSED]: 
    at C:\Users\ludin\Desktop\salidas\scanqueue\backend\node_modules\pg-pool\index.js:45:11
    at process.processTicksAndRejections (node:internal/process/task_queues:105:5)
    at async query (file:///C:/Users/ludin/Desktop/salidas/scanqueue/backend/src/config/database.js:25:18)
    at async Module.getScansToday (file:///C:/Users/ludin/Desktop/salidas/scanqueue/backend/src/models/Scan.js:23:15)
    at async Module.getScanStatistics (file:///C:/Users/ludin/Desktop/salidas/scanqueue/backend/src/services/ScanService.js:76:24)
    at async getDashboardStats (file:///C:/Users/ludin/Desktop/salidas/scanqueue/backend/src/controllers/DashboardController.js:12:19)
Path: /api/dashboard/stats

[2026-03-04T12:42:09.020Z] ERROR: 
Stack: AggregateError [ECONNREFUSED]: 
    at C:\Users\ludin\Desktop\salidas\scanqueue\backend\node_modules\pg-pool\index.js:45:11
    at process.processTicksAndRejections (node:internal/process/task_queues:105:5)
    at async query (file:///C:/Users/ludin/Desktop/salidas/scanqueue/backend/src/config/database.js:25:18)
    at async Module.getScansToday (file:///C:/Users/ludin/Desktop/salidas/scanqueue/backend/src/models/Scan.js:23:15)
    at async getTodaySummary (file:///C:/Users/ludin/Desktop/salidas/scanqueue/backend/src/controllers/DashboardController.js:30:24)
Path: /api/dashboard/today

[2026-03-04T12:42:09.176Z] ERROR: 
Stack: AggregateError [ECONNREFUSED]: 
    at C:\Users\ludin\Desktop\salidas\scanqueue\backend\node_modules\pg-pool\index.js:45:11
    at process.processTicksAndRejections (node:internal/process/task_queues:105:5)
    at async query (file:///C:/Users/ludin/Desktop/salidas/scanqueue/backend/src/config/database.js:25:18)
    at async Module.getScansToday (file:///C:/Users/ludin/Desktop/salidas/scanqueue/backend/src/models/Scan.js:23:15)
    at async Module.getScanStatistics (file:///C:/Users/ludin/Desktop/salidas/scanqueue/backend/src/services/ScanService.js:76:24)
    at async getDashboardStats (file:///C:/Users/ludin/Desktop/salidas/scanqueue/backend/src/controllers/DashboardController.js:12:19)
Path: /api/dashboard/stats

[2026-03-04T12:42:09.180Z] ERROR: 
Stack: AggregateError [ECONNREFUSED]: 
    at C:\Users\ludin\Desktop\salidas\scanqueue\backend\node_modules\pg-pool\index.js:45:11
    at process.processTicksAndRejections (node:internal/process/task_queues:105:5)
    at async query (file:///C:/Users/ludin/Desktop/salidas/scanqueue/backend/src/config/database.js:25:18)
    at async Module.getScansToday (file:///C:/Users/ludin/Desktop/salidas/scanqueue/backend/src/models/Scan.js:23:15)
    at async getTodaySummary (file:///C:/Users/ludin/Desktop/salidas/scanqueue/backend/src/controllers/DashboardController.js:30:24)
Path: /api/dashboard/today

[2026-03-04T12:42:09.312Z] ERROR: 
Stack: AggregateError [ECONNREFUSED]: 
    at C:\Users\ludin\Desktop\salidas\scanqueue\backend\node_modules\pg-pool\index.js:45:11
    at process.processTicksAndRejections (node:internal/process/task_queues:105:5)
    at async query (file:///C:/Users/ludin/Desktop/salidas/scanqueue/backend/src/config/database.js:25:18)
    at async Module.getScansToday (file:///C:/Users/ludin/Desktop/salidas/scanqueue/backend/src/models/Scan.js:23:15)
    at async Module.getScanStatistics (file:///C:/Users/ludin/Desktop/salidas/scanqueue/backend/src/services/ScanService.js:76:24)
    at async getDashboardStats (file:///C:/Users/ludin/Desktop/salidas/scanqueue/backend/src/controllers/DashboardController.js:12:19)
Path: /api/dashboard/stats

[2026-03-04T12:42:09.317Z] ERROR: 
Stack: AggregateError [ECONNREFUSED]: 
    at C:\Users\ludin\Desktop\salidas\scanqueue\backend\node_modules\pg-pool\index.js:45:11
    at process.processTicksAndRejections (node:internal/process/task_queues:105:5)
    at async query (file:///C:/Users/ludin/Desktop/salidas/scanqueue/backend/src/config/database.js:25:18)
    at async Module.getScansToday (file:///C:/Users/ludin/Desktop/salidas/scanqueue/backend/src/models/Scan.js:23:15)
    at async getTodaySummary (file:///C:/Users/ludin/Desktop/salidas/scanqueue/backend/src/controllers/DashboardController.js:30:24)
Path: /api/dashboard/today

[2026-03-04T12:42:09.570Z] ERROR: 
Stack: AggregateError [ECONNREFUSED]: 
    at C:\Users\ludin\Desktop\salidas\scanqueue\backend\node_modules\pg-pool\index.js:45:11
    at process.processTicksAndRejections (node:internal/process/task_queues:105:5)
    at async query (file:///C:/Users/ludin/Desktop/salidas/scanqueue/backend/src/config/database.js:25:18)
    at async Module.getScansToday (file:///C:/Users/ludin/Desktop/salidas/scanqueue/backend/src/models/Scan.js:23:15)
    at async Module.getScanStatistics (file:///C:/Users/ludin/Desktop/salidas/scanqueue/backend/src/services/ScanService.js:76:24)
    at async getDashboardStats (file:///C:/Users/ludin/Desktop/salidas/scanqueue/backend/src/controllers/DashboardController.js:12:19)
Path: /api/dashboard/stats

[2026-03-04T12:42:09.577Z] ERROR: 
Stack: AggregateError [ECONNREFUSED]: 
    at C:\Users\ludin\Desktop\salidas\scanqueue\backend\node_modules\pg-pool\index.js:45:11
    at process.processTicksAndRejections (node:internal/process/task_queues:105:5)
    at async query (file:///C:/Users/ludin/Desktop/salidas/scanqueue/backend/src/config/database.js:25:18)
    at async Module.getScansToday (file:///C:/Users/ludin/Desktop/salidas/scanqueue/backend/src/models/Scan.js:23:15)
    at async getTodaySummary (file:///C:/Users/ludin/Desktop/salidas/scanqueue/backend/src/controllers/DashboardController.js:30:24)
Path: /api/dashboard/today

[2026-03-04T12:42:09.789Z] ERROR: 
Stack: AggregateError [ECONNREFUSED]: 
    at C:\Users\ludin\Desktop\salidas\scanqueue\backend\node_modules\pg-pool\index.js:45:11
    at process.processTicksAndRejections (node:internal/process/task_queues:105:5)
    at async query (file:///C:/Users/ludin/Desktop/salidas/scanqueue/backend/src/config/database.js:25:18)
    at async Module.getScansToday (file:///C:/Users/ludin/Desktop/salidas/scanqueue/backend/src/models/Scan.js:23:15)
    at async Module.getScanStatistics (file:///C:/Users/ludin/Desktop/salidas/scanqueue/backend/src/services/ScanService.js:76:24)
    at async getDashboardStats (file:///C:/Users/ludin/Desktop/salidas/scanqueue/backend/src/controllers/DashboardController.js:12:19)
Path: /api/dashboard/stats

[2026-03-04T12:42:09.798Z] ERROR: 
Stack: AggregateError [ECONNREFUSED]: 
    at C:\Users\ludin\Desktop\salidas\scanqueue\backend\node_modules\pg-pool\index.js:45:11
    at process.processTicksAndRejections (node:internal/process/task_queues:105:5)
    at async query (file:///C:/Users/ludin/Desktop/salidas/scanqueue/backend/src/config/database.js:25:18)
    at async Module.getScansToday (file:///C:/Users/ludin/Desktop/salidas/scanqueue/backend/src/models/Scan.js:23:15)
    at async getTodaySummary (file:///C:/Users/ludin/Desktop/salidas/scanqueue/backend/src/controllers/DashboardController.js:30:24)
Path: /api/dashboard/today

[2026-03-04T12:42:10.045Z] ERROR: 
Stack: AggregateError [ECONNREFUSED]: 
    at C:\Users\ludin\Desktop\salidas\scanqueue\backend\node_modules\pg-pool\index.js:45:11
    at process.processTicksAndRejections (node:internal/process/task_queues:105:5)
    at async query (file:///C:/Users/ludin/Desktop/salidas/scanqueue/backend/src/config/database.js:25:18)
    at async Module.getScansToday (file:///C:/Users/ludin/Desktop/salidas/scanqueue/backend/src/models/Scan.js:23:15)
    at async Module.getScanStatistics (file:///C:/Users/ludin/Desktop/salidas/scanqueue/backend/src/services/ScanService.js:76:24)
    at async getDashboardStats (file:///C:/Users/ludin/Desktop/salidas/scanqueue/backend/src/controllers/DashboardController.js:12:19)
Path: /api/dashboard/stats

[2026-03-04T12:42:10.051Z] ERROR: 
Stack: AggregateError [ECONNREFUSED]: 
    at C:\Users\ludin\Desktop\salidas\scanqueue\backend\node_modules\pg-pool\index.js:45:11
    at process.processTicksAndRejections (node:internal/process/task_queues:105:5)
    at async query (file:///C:/Users/ludin/Desktop/salidas/scanqueue/backend/src/config/database.js:25:18)
    at async Module.getScansToday (file:///C:/Users/ludin/Desktop/salidas/scanqueue/backend/src/models/Scan.js:23:15)
    at async getTodaySummary (file:///C:/Users/ludin/Desktop/salidas/scanqueue/backend/src/controllers/DashboardController.js:30:24)
Path: /api/dashboard/today

[2026-03-04T12:42:10.199Z] ERROR: 
Stack: AggregateError [ECONNREFUSED]: 
    at C:\Users\ludin\Desktop\salidas\scanqueue\backend\node_modules\pg-pool\index.js:45:11
    at process.processTicksAndRejections (node:internal/process/task_queues:105:5)
    at async query (file:///C:/Users/ludin/Desktop/salidas/scanqueue/backend/src/config/database.js:25:18)
    at async Module.getScansToday (file:///C:/Users/ludin/Desktop/salidas/scanqueue/backend/src/models/Scan.js:23:15)
    at async Module.getScanStatistics (file:///C:/Users/ludin/Desktop/salidas/scanqueue/backend/src/services/ScanService.js:76:24)
    at async getDashboardStats (file:///C:/Users/ludin/Desktop/salidas/scanqueue/backend/src/controllers/DashboardController.js:12:19)
Path: /api/dashboard/stats

[2026-03-04T12:42:10.202Z] ERROR: 
Stack: AggregateError [ECONNREFUSED]: 
    at C:\Users\ludin\Desktop\salidas\scanqueue\backend\node_modules\pg-pool\index.js:45:11
    at process.processTicksAndRejections (node:internal/process/task_queues:105:5)
    at async query (file:///C:/Users/ludin/Desktop/salidas/scanqueue/backend/src/config/database.js:25:18)
    at async Module.getScansToday (file:///C:/Users/ludin/Desktop/salidas/scanqueue/backend/src/models/Scan.js:23:15)
    at async getTodaySummary (file:///C:/Users/ludin/Desktop/salidas/scanqueue/backend/src/controllers/DashboardController.js:30:24)
Path: /api/dashboard/today

[2026-03-04T12:42:10.378Z] ERROR: 
Stack: AggregateError [ECONNREFUSED]: 
    at C:\Users\ludin\Desktop\salidas\scanqueue\backend\node_modules\pg-pool\index.js:45:11
    at process.processTicksAndRejections (node:internal/process/task_queues:105:5)
    at async query (file:///C:/Users/ludin/Desktop/salidas/scanqueue/backend/src/config/database.js:25:18)
    at async Module.getScansToday (file:///C:/Users/ludin/Desktop/salidas/scanqueue/backend/src/models/Scan.js:23:15)
    at async Module.getScanStatistics (file:///C:/Users/ludin/Desktop/salidas/scanqueue/backend/src/services/ScanService.js:76:24)
    at async getDashboardStats (file:///C:/Users/ludin/Desktop/salidas/scanqueue/backend/src/controllers/DashboardController.js:12:19)
Path: /api/dashboard/stats

[2026-03-04T12:42:10.381Z] ERROR: 
Stack: AggregateError [ECONNREFUSED]: 
    at C:\Users\ludin\Desktop\salidas\scanqueue\backend\node_modules\pg-pool\index.js:45:11
    at process.processTicksAndRejections (node:internal/process/task_queues:105:5)
    at async query (file:///C:/Users/ludin/Desktop/salidas/scanqueue/backend/src/config/database.js:25:18)
    at async Module.getScansToday (file:///C:/Users/ludin/Desktop/salidas/scanqueue/backend/src/models/Scan.js:23:15)
    at async getTodaySummary (file:///C:/Users/ludin/Desktop/salidas/scanqueue/backend/src/controllers/DashboardController.js:30:24)
Path: /api/dashboard/today

[2026-03-04T12:42:10.603Z] ERROR: 
Stack: AggregateError [ECONNREFUSED]: 
    at C:\Users\ludin\Desktop\salidas\scanqueue\backend\node_modules\pg-pool\index.js:45:11
    at process.processTicksAndRejections (node:internal/process/task_queues:105:5)
    at async query (file:///C:/Users/ludin/Desktop/salidas/scanqueue/backend/src/config/database.js:25:18)
    at async Module.getScansToday (file:///C:/Users/ludin/Desktop/salidas/scanqueue/backend/src/models/Scan.js:23:15)
    at async Module.getScanStatistics (file:///C:/Users/ludin/Desktop/salidas/scanqueue/backend/src/services/ScanService.js:76:24)
    at async getDashboardStats (file:///C:/Users/ludin/Desktop/salidas/scanqueue/backend/src/controllers/DashboardController.js:12:19)
Path: /api/dashboard/stats

[2026-03-04T12:42:10.608Z] ERROR: 
Stack: AggregateError [ECONNREFUSED]: 
    at C:\Users\ludin\Desktop\salidas\scanqueue\backend\node_modules\pg-pool\index.js:45:11
    at process.processTicksAndRejections (node:internal/process/task_queues:105:5)
    at async query (file:///C:/Users/ludin/Desktop/salidas/scanqueue/backend/src/config/database.js:25:18)
    at async Module.getScansToday (file:///C:/Users/ludin/Desktop/salidas/scanqueue/backend/src/models/Scan.js:23:15)
    at async getTodaySummary (file:///C:/Users/ludin/Desktop/salidas/scanqueue/backend/src/controllers/DashboardController.js:30:24)
Path: /api/dashboard/today

[2026-03-04T12:42:10.759Z] ERROR: 
Stack: AggregateError [ECONNREFUSED]: 
    at C:\Users\ludin\Desktop\salidas\scanqueue\backend\node_modules\pg-pool\index.js:45:11
    at process.processTicksAndRejections (node:internal/process/task_queues:105:5)
    at async query (file:///C:/Users/ludin/Desktop/salidas/scanqueue/backend/src/config/database.js:25:18)
    at async Module.getScansToday (file:///C:/Users/ludin/Desktop/salidas/scanqueue/backend/src/models/Scan.js:23:15)
    at async Module.getScanStatistics (file:///C:/Users/ludin/Desktop/salidas/scanqueue/backend/src/services/ScanService.js:76:24)
    at async getDashboardStats (file:///C:/Users/ludin/Desktop/salidas/scanqueue/backend/src/controllers/DashboardController.js:12:19)
Path: /api/dashboard/stats

[2026-03-04T12:42:10.762Z] ERROR: 
Stack: AggregateError [ECONNREFUSED]: 
    at C:\Users\ludin\Desktop\salidas\scanqueue\backend\node_modules\pg-pool\index.js:45:11
    at process.processTicksAndRejections (node:internal/process/task_queues:105:5)
    at async query (file:///C:/Users/ludin/Desktop/salidas/scanqueue/backend/src/config/database.js:25:18)
    at async Module.getScansToday (file:///C:/Users/ludin/Desktop/salidas/scanqueue/backend/src/models/Scan.js:23:15)
    at async getTodaySummary (file:///C:/Users/ludin/Desktop/salidas/scanqueue/backend/src/controllers/DashboardController.js:30:24)
Path: /api/dashboard/today

[2026-03-04T12:42:10.982Z] ERROR: 
Stack: AggregateError [ECONNREFUSED]: 
    at C:\Users\ludin\Desktop\salidas\scanqueue\backend\node_modules\pg-pool\index.js:45:11
    at process.processTicksAndRejections (node:internal/process/task_queues:105:5)
    at async query (file:///C:/Users/ludin/Desktop/salidas/scanqueue/backend/src/config/database.js:25:18)
    at async Module.getScansToday (file:///C:/Users/ludin/Desktop/salidas/scanqueue/backend/src/models/Scan.js:23:15)
    at async Module.getScanStatistics (file:///C:/Users/ludin/Desktop/salidas/scanqueue/backend/src/services/ScanService.js:76:24)
    at async getDashboardStats (file:///C:/Users/ludin/Desktop/salidas/scanqueue/backend/src/controllers/DashboardController.js:12:19)
Path: /api/dashboard/stats

[2026-03-04T12:42:10.986Z] ERROR: 
Stack: AggregateError [ECONNREFUSED]: 
    at C:\Users\ludin\Desktop\salidas\scanqueue\backend\node_modules\pg-pool\index.js:45:11
    at process.processTicksAndRejections (node:internal/process/task_queues:105:5)
    at async query (file:///C:/Users/ludin/Desktop/salidas/scanqueue/backend/src/config/database.js:25:18)
    at async Module.getScansToday (file:///C:/Users/ludin/Desktop/salidas/scanqueue/backend/src/models/Scan.js:23:15)
    at async getTodaySummary (file:///C:/Users/ludin/Desktop/salidas/scanqueue/backend/src/controllers/DashboardController.js:30:24)
Path: /api/dashboard/today

[2026-03-04T12:42:11.159Z] ERROR: 
Stack: AggregateError [ECONNREFUSED]: 
    at C:\Users\ludin\Desktop\salidas\scanqueue\backend\node_modules\pg-pool\index.js:45:11
    at process.processTicksAndRejections (node:internal/process/task_queues:105:5)
    at async query (file:///C:/Users/ludin/Desktop/salidas/scanqueue/backend/src/config/database.js:25:18)
    at async Module.getScansToday (file:///C:/Users/ludin/Desktop/salidas/scanqueue/backend/src/models/Scan.js:23:15)
    at async Module.getScanStatistics (file:///C:/Users/ludin/Desktop/salidas/scanqueue/backend/src/services/ScanService.js:76:24)
    at async getDashboardStats (file:///C:/Users/ludin/Desktop/salidas/scanqueue/backend/src/controllers/DashboardController.js:12:19)
Path: /api/dashboard/stats

[2026-03-04T12:42:11.163Z] ERROR: 
Stack: AggregateError [ECONNREFUSED]: 
    at C:\Users\ludin\Desktop\salidas\scanqueue\backend\node_modules\pg-pool\index.js:45:11
    at process.processTicksAndRejections (node:internal/process/task_queues:105:5)
    at async query (file:///C:/Users/ludin/Desktop/salidas/scanqueue/backend/src/config/database.js:25:18)
    at async Module.getScansToday (file:///C:/Users/ludin/Desktop/salidas/scanqueue/backend/src/models/Scan.js:23:15)
    at async getTodaySummary (file:///C:/Users/ludin/Desktop/salidas/scanqueue/backend/src/controllers/DashboardController.js:30:24)
Path: /api/dashboard/today

[2026-03-04T12:42:11.376Z] ERROR: 
Stack: AggregateError [ECONNREFUSED]: 
    at C:\Users\ludin\Desktop\salidas\scanqueue\backend\node_modules\pg-pool\index.js:45:11
    at process.processTicksAndRejections (node:internal/process/task_queues:105:5)
    at async query (file:///C:/Users/ludin/Desktop/salidas/scanqueue/backend/src/config/database.js:25:18)
    at async Module.getScansToday (file:///C:/Users/ludin/Desktop/salidas/scanqueue/backend/src/models/Scan.js:23:15)
    at async Module.getScanStatistics (file:///C:/Users/ludin/Desktop/salidas/scanqueue/backend/src/services/ScanService.js:76:24)
    at async getDashboardStats (file:///C:/Users/ludin/Desktop/salidas/scanqueue/backend/src/controllers/DashboardController.js:12:19)
Path: /api/dashboard/stats

[2026-03-04T12:42:11.379Z] ERROR: 
Stack: AggregateError [ECONNREFUSED]: 
    at C:\Users\ludin\Desktop\salidas\scanqueue\backend\node_modules\pg-pool\index.js:45:11
    at process.processTicksAndRejections (node:internal/process/task_queues:105:5)
    at async query (file:///C:/Users/ludin/Desktop/salidas/scanqueue/backend/src/config/database.js:25:18)
    at async Module.getScansToday (file:///C:/Users/ludin/Desktop/salidas/scanqueue/backend/src/models/Scan.js:23:15)
    at async getTodaySummary (file:///C:/Users/ludin/Desktop/salidas/scanqueue/backend/src/controllers/DashboardController.js:30:24)
Path: /api/dashboard/today

[2026-03-04T12:42:11.577Z] ERROR: 
Stack: AggregateError [ECONNREFUSED]: 
    at C:\Users\ludin\Desktop\salidas\scanqueue\backend\node_modules\pg-pool\index.js:45:11
    at process.processTicksAndRejections (node:internal/process/task_queues:105:5)
    at async query (file:///C:/Users/ludin/Desktop/salidas/scanqueue/backend/src/config/database.js:25:18)
    at async Module.getScansToday (file:///C:/Users/ludin/Desktop/salidas/scanqueue/backend/src/models/Scan.js:23:15)
    at async Module.getScanStatistics (file:///C:/Users/ludin/Desktop/salidas/scanqueue/backend/src/services/ScanService.js:76:24)
    at async getDashboardStats (file:///C:/Users/ludin/Desktop/salidas/scanqueue/backend/src/controllers/DashboardController.js:12:19)
Path: /api/dashboard/stats

[2026-03-04T12:42:11.581Z] ERROR: 
Stack: AggregateError [ECONNREFUSED]: 
    at C:\Users\ludin\Desktop\salidas\scanqueue\backend\node_modules\pg-pool\index.js:45:11
    at process.processTicksAndRejections (node:internal/process/task_queues:105:5)
    at async query (file:///C:/Users/ludin/Desktop/salidas/scanqueue/backend/src/config/database.js:25:18)
    at async Module.getScansToday (file:///C:/Users/ludin/Desktop/salidas/scanqueue/backend/src/models/Scan.js:23:15)
    at async getTodaySummary (file:///C:/Users/ludin/Desktop/salidas/scanqueue/backend/src/controllers/DashboardController.js:30:24)
Path: /api/dashboard/today

[2026-03-04T12:42:11.775Z] ERROR: 
Stack: AggregateError [ECONNREFUSED]: 
    at C:\Users\ludin\Desktop\salidas\scanqueue\backend\node_modules\pg-pool\index.js:45:11
    at process.processTicksAndRejections (node:internal/process/task_queues:105:5)
    at async query (file:///C:/Users/ludin/Desktop/salidas/scanqueue/backend/src/config/database.js:25:18)
    at async Module.getScansToday (file:///C:/Users/ludin/Desktop/salidas/scanqueue/backend/src/models/Scan.js:23:15)
    at async Module.getScanStatistics (file:///C:/Users/ludin/Desktop/salidas/scanqueue/backend/src/services/ScanService.js:76:24)
    at async getDashboardStats (file:///C:/Users/ludin/Desktop/salidas/scanqueue/backend/src/controllers/DashboardController.js:12:19)
Path: /api/dashboard/stats

[2026-03-04T12:42:11.779Z] ERROR: 
Stack: AggregateError [ECONNREFUSED]: 
    at C:\Users\ludin\Desktop\salidas\scanqueue\backend\node_modules\pg-pool\index.js:45:11
    at process.processTicksAndRejections (node:internal/process/task_queues:105:5)
    at async query (file:///C:/Users/ludin/Desktop/salidas/scanqueue/backend/src/config/database.js:25:18)
    at async Module.getScansToday (file:///C:/Users/ludin/Desktop/salidas/scanqueue/backend/src/models/Scan.js:23:15)
    at async getTodaySummary (file:///C:/Users/ludin/Desktop/salidas/scanqueue/backend/src/controllers/DashboardController.js:30:24)
Path: /api/dashboard/today

[2026-03-04T12:42:11.943Z] ERROR: 
Stack: AggregateError [ECONNREFUSED]: 
    at C:\Users\ludin\Desktop\salidas\scanqueue\backend\node_modules\pg-pool\index.js:45:11
    at process.processTicksAndRejections (node:internal/process/task_queues:105:5)
    at async query (file:///C:/Users/ludin/Desktop/salidas/scanqueue/backend/src/config/database.js:25:18)
    at async Module.getScansToday (file:///C:/Users/ludin/Desktop/salidas/scanqueue/backend/src/models/Scan.js:23:15)
    at async Module.getScanStatistics (file:///C:/Users/ludin/Desktop/salidas/scanqueue/backend/src/services/ScanService.js:76:24)
    at async getDashboardStats (file:///C:/Users/ludin/Desktop/salidas/scanqueue/backend/src/controllers/DashboardController.js:12:19)
Path: /api/dashboard/stats

[2026-03-04T12:42:11.946Z] ERROR: 
Stack: AggregateError [ECONNREFUSED]: 
    at C:\Users\ludin\Desktop\salidas\scanqueue\backend\node_modules\pg-pool\index.js:45:11
    at process.processTicksAndRejections (node:internal/process/task_queues:105:5)
    at async query (file:///C:/Users/ludin/Desktop/salidas/scanqueue/backend/src/config/database.js:25:18)
    at async Module.getScansToday (file:///C:/Users/ludin/Desktop/salidas/scanqueue/backend/src/models/Scan.js:23:15)
    at async getTodaySummary (file:///C:/Users/ludin/Desktop/salidas/scanqueue/backend/src/controllers/DashboardController.js:30:24)
Path: /api/dashboard/today

[2026-03-04T12:42:12.162Z] ERROR: 
Stack: AggregateError [ECONNREFUSED]: 
    at C:\Users\ludin\Desktop\salidas\scanqueue\backend\node_modules\pg-pool\index.js:45:11
    at process.processTicksAndRejections (node:internal/process/task_queues:105:5)
    at async query (file:///C:/Users/ludin/Desktop/salidas/scanqueue/backend/src/config/database.js:25:18)
    at async Module.getScansToday (file:///C:/Users/ludin/Desktop/salidas/scanqueue/backend/src/models/Scan.js:23:15)
    at async Module.getScanStatistics (file:///C:/Users/ludin/Desktop/salidas/scanqueue/backend/src/services/ScanService.js:76:24)
    at async getDashboardStats (file:///C:/Users/ludin/Desktop/salidas/scanqueue/backend/src/controllers/DashboardController.js:12:19)
Path: /api/dashboard/stats

[2026-03-04T12:42:12.166Z] ERROR: 
Stack: AggregateError [ECONNREFUSED]: 
    at C:\Users\ludin\Desktop\salidas\scanqueue\backend\node_modules\pg-pool\index.js:45:11
    at process.processTicksAndRejections (node:internal/process/task_queues:105:5)
    at async query (file:///C:/Users/ludin/Desktop/salidas/scanqueue/backend/src/config/database.js:25:18)
    at async Module.getScansToday (file:///C:/Users/ludin/Desktop/salidas/scanqueue/backend/src/models/Scan.js:23:15)
    at async getTodaySummary (file:///C:/Users/ludin/Desktop/salidas/scanqueue/backend/src/controllers/DashboardController.js:30:24)
Path: /api/dashboard/today

[2026-03-04T12:42:12.322Z] ERROR: 
Stack: AggregateError [ECONNREFUSED]: 
    at C:\Users\ludin\Desktop\salidas\scanqueue\backend\node_modules\pg-pool\index.js:45:11
    at process.processTicksAndRejections (node:internal/process/task_queues:105:5)
    at async query (file:///C:/Users/ludin/Desktop/salidas/scanqueue/backend/src/config/database.js:25:18)
    at async Module.getScansToday (file:///C:/Users/ludin/Desktop/salidas/scanqueue/backend/src/models/Scan.js:23:15)
    at async Module.getScanStatistics (file:///C:/Users/ludin/Desktop/salidas/scanqueue/backend/src/services/ScanService.js:76:24)
    at async getDashboardStats (file:///C:/Users/ludin/Desktop/salidas/scanqueue/backend/src/controllers/DashboardController.js:12:19)
Path: /api/dashboard/stats

[2026-03-04T12:42:12.326Z] ERROR: 
Stack: AggregateError [ECONNREFUSED]: 
    at C:\Users\ludin\Desktop\salidas\scanqueue\backend\node_modules\pg-pool\index.js:45:11
    at process.processTicksAndRejections (node:internal/process/task_queues:105:5)
    at async query (file:///C:/Users/ludin/Desktop/salidas/scanqueue/backend/src/config/database.js:25:18)
    at async Module.getScansToday (file:///C:/Users/ludin/Desktop/salidas/scanqueue/backend/src/models/Scan.js:23:15)
    at async getTodaySummary (file:///C:/Users/ludin/Desktop/salidas/scanqueue/backend/src/controllers/DashboardController.js:30:24)
Path: /api/dashboard/today

[2026-03-04T12:42:12.567Z] ERROR: 
Stack: AggregateError [ECONNREFUSED]: 
    at C:\Users\ludin\Desktop\salidas\scanqueue\backend\node_modules\pg-pool\index.js:45:11
    at process.processTicksAndRejections (node:internal/process/task_queues:105:5)
    at async query (file:///C:/Users/ludin/Desktop/salidas/scanqueue/backend/src/config/database.js:25:18)
    at async Module.getScansToday (file:///C:/Users/ludin/Desktop/salidas/scanqueue/backend/src/models/Scan.js:23:15)
    at async Module.getScanStatistics (file:///C:/Users/ludin/Desktop/salidas/scanqueue/backend/src/services/ScanService.js:76:24)
    at async getDashboardStats (file:///C:/Users/ludin/Desktop/salidas/scanqueue/backend/src/controllers/DashboardController.js:12:19)
Path: /api/dashboard/stats

[2026-03-04T12:42:12.569Z] ERROR: 
Stack: AggregateError [ECONNREFUSED]: 
    at C:\Users\ludin\Desktop\salidas\scanqueue\backend\node_modules\pg-pool\index.js:45:11
    at process.processTicksAndRejections (node:internal/process/task_queues:105:5)
    at async query (file:///C:/Users/ludin/Desktop/salidas/scanqueue/backend/src/config/database.js:25:18)
    at async Module.getScansToday (file:///C:/Users/ludin/Desktop/salidas/scanqueue/backend/src/models/Scan.js:23:15)
    at async getTodaySummary (file:///C:/Users/ludin/Desktop/salidas/scanqueue/backend/src/controllers/DashboardController.js:30:24)
Path: /api/dashboard/today

[2026-03-04T12:42:12.734Z] ERROR: 
Stack: AggregateError [ECONNREFUSED]: 
    at C:\Users\ludin\Desktop\salidas\scanqueue\backend\node_modules\pg-pool\index.js:45:11
    at process.processTicksAndRejections (node:internal/process/task_queues:105:5)
    at async query (file:///C:/Users/ludin/Desktop/salidas/scanqueue/backend/src/config/database.js:25:18)
    at async Module.getScansToday (file:///C:/Users/ludin/Desktop/salidas/scanqueue/backend/src/models/Scan.js:23:15)
    at async Module.getScanStatistics (file:///C:/Users/ludin/Desktop/salidas/scanqueue/backend/src/services/ScanService.js:76:24)
    at async getDashboardStats (file:///C:/Users/ludin/Desktop/salidas/scanqueue/backend/src/controllers/DashboardController.js:12:19)
Path: /api/dashboard/stats

[2026-03-04T12:42:12.756Z] ERROR: 
Stack: AggregateError [ECONNREFUSED]: 
    at C:\Users\ludin\Desktop\salidas\scanqueue\backend\node_modules\pg-pool\index.js:45:11
    at process.processTicksAndRejections (node:internal/process/task_queues:105:5)
    at async query (file:///C:/Users/ludin/Desktop/salidas/scanqueue/backend/src/config/database.js:25:18)
    at async Module.getScansToday (file:///C:/Users/ludin/Desktop/salidas/scanqueue/backend/src/models/Scan.js:23:15)
    at async getTodaySummary (file:///C:/Users/ludin/Desktop/salidas/scanqueue/backend/src/controllers/DashboardController.js:30:24)
Path: /api/dashboard/today

[2026-03-04T12:42:13.061Z] ERROR: 
Stack: AggregateError [ECONNREFUSED]: 
    at C:\Users\ludin\Desktop\salidas\scanqueue\backend\node_modules\pg-pool\index.js:45:11
    at process.processTicksAndRejections (node:internal/process/task_queues:105:5)
    at async query (file:///C:/Users/ludin/Desktop/salidas/scanqueue/backend/src/config/database.js:25:18)
    at async Module.getScansToday (file:///C:/Users/ludin/Desktop/salidas/scanqueue/backend/src/models/Scan.js:23:15)
    at async Module.getScanStatistics (file:///C:/Users/ludin/Desktop/salidas/scanqueue/backend/src/services/ScanService.js:76:24)
    at async getDashboardStats (file:///C:/Users/ludin/Desktop/salidas/scanqueue/backend/src/controllers/DashboardController.js:12:19)
Path: /api/dashboard/stats

[2026-03-04T12:42:13.073Z] ERROR: 
Stack: AggregateError [ECONNREFUSED]: 
    at C:\Users\ludin\Desktop\salidas\scanqueue\backend\node_modules\pg-pool\index.js:45:11
    at process.processTicksAndRejections (node:internal/process/task_queues:105:5)
    at async query (file:///C:/Users/ludin/Desktop/salidas/scanqueue/backend/src/config/database.js:25:18)
    at async Module.getScansToday (file:///C:/Users/ludin/Desktop/salidas/scanqueue/backend/src/models/Scan.js:23:15)
    at async getTodaySummary (file:///C:/Users/ludin/Desktop/salidas/scanqueue/backend/src/controllers/DashboardController.js:30:24)
Path: /api/dashboard/today

[2026-03-04T12:42:13.821Z] ERROR: 
Stack: AggregateError [ECONNREFUSED]: 
    at C:\Users\ludin\Desktop\salidas\scanqueue\backend\node_modules\pg-pool\index.js:45:11
    at process.processTicksAndRejections (node:internal/process/task_queues:105:5)
    at async query (file:///C:/Users/ludin/Desktop/salidas/scanqueue/backend/src/config/database.js:25:18)
    at async Module.getScansToday (file:///C:/Users/ludin/Desktop/salidas/scanqueue/backend/src/models/Scan.js:23:15)
    at async Module.getScanStatistics (file:///C:/Users/ludin/Desktop/salidas/scanqueue/backend/src/services/ScanService.js:76:24)
    at async getDashboardStats (file:///C:/Users/ludin/Desktop/salidas/scanqueue/backend/src/controllers/DashboardController.js:12:19)
Path: /api/dashboard/stats

[2026-03-04T12:42:13.830Z] ERROR: 
Stack: AggregateError [ECONNREFUSED]: 
    at C:\Users\ludin\Desktop\salidas\scanqueue\backend\node_modules\pg-pool\index.js:45:11
    at process.processTicksAndRejections (node:internal/process/task_queues:105:5)
    at async query (file:///C:/Users/ludin/Desktop/salidas/scanqueue/backend/src/config/database.js:25:18)
    at async Module.getScansToday (file:///C:/Users/ludin/Desktop/salidas/scanqueue/backend/src/models/Scan.js:23:15)
    at async getTodaySummary (file:///C:/Users/ludin/Desktop/salidas/scanqueue/backend/src/controllers/DashboardController.js:30:24)
Path: /api/dashboard/today

[2026-03-04T12:42:14.326Z] ERROR: 
Stack: AggregateError [ECONNREFUSED]: 
    at C:\Users\ludin\Desktop\salidas\scanqueue\backend\node_modules\pg-pool\index.js:45:11
    at process.processTicksAndRejections (node:internal/process/task_queues:105:5)
    at async query (file:///C:/Users/ludin/Desktop/salidas/scanqueue/backend/src/config/database.js:25:18)
    at async Module.getScansToday (file:///C:/Users/ludin/Desktop/salidas/scanqueue/backend/src/models/Scan.js:23:15)
    at async Module.getScanStatistics (file:///C:/Users/ludin/Desktop/salidas/scanqueue/backend/src/services/ScanService.js:76:24)
    at async getDashboardStats (file:///C:/Users/ludin/Desktop/salidas/scanqueue/backend/src/controllers/DashboardController.js:12:19)
Path: /api/dashboard/stats

[2026-03-04T12:42:14.330Z] ERROR: 
Stack: AggregateError [ECONNREFUSED]: 
    at C:\Users\ludin\Desktop\salidas\scanqueue\backend\node_modules\pg-pool\index.js:45:11
    at process.processTicksAndRejections (node:internal/process/task_queues:105:5)
    at async query (file:///C:/Users/ludin/Desktop/salidas/scanqueue/backend/src/config/database.js:25:18)
    at async Module.getScansToday (file:///C:/Users/ludin/Desktop/salidas/scanqueue/backend/src/models/Scan.js:23:15)
    at async getTodaySummary (file:///C:/Users/ludin/Desktop/salidas/scanqueue/backend/src/controllers/DashboardController.js:30:24)
Path: /api/dashboard/today

[2026-03-04T12:42:14.623Z] ERROR: 
Stack: AggregateError [ECONNREFUSED]: 
    at C:\Users\ludin\Desktop\salidas\scanqueue\backend\node_modules\pg-pool\index.js:45:11
    at process.processTicksAndRejections (node:internal/process/task_queues:105:5)
    at async query (file:///C:/Users/ludin/Desktop/salidas/scanqueue/backend/src/config/database.js:25:18)
    at async Module.getScansToday (file:///C:/Users/ludin/Desktop/salidas/scanqueue/backend/src/models/Scan.js:23:15)
    at async Module.getScanStatistics (file:///C:/Users/ludin/Desktop/salidas/scanqueue/backend/src/services/ScanService.js:76:24)
    at async getDashboardStats (file:///C:/Users/ludin/Desktop/salidas/scanqueue/backend/src/controllers/DashboardController.js:12:19)
Path: /api/dashboard/stats

[2026-03-04T12:42:14.625Z] ERROR: 
Stack: AggregateError [ECONNREFUSED]: 
    at C:\Users\ludin\Desktop\salidas\scanqueue\backend\node_modules\pg-pool\index.js:45:11
    at process.processTicksAndRejections (node:internal/process/task_queues:105:5)
    at async query (file:///C:/Users/ludin/Desktop/salidas/scanqueue/backend/src/config/database.js:25:18)
    at async Module.getScansToday (file:///C:/Users/ludin/Desktop/salidas/scanqueue/backend/src/models/Scan.js:23:15)
    at async getTodaySummary (file:///C:/Users/ludin/Desktop/salidas/scanqueue/backend/src/controllers/DashboardController.js:30:24)
Path: /api/dashboard/today

[2026-03-04T12:42:14.931Z] ERROR: 
Stack: AggregateError [ECONNREFUSED]: 
    at C:\Users\ludin\Desktop\salidas\scanqueue\backend\node_modules\pg-pool\index.js:45:11
    at process.processTicksAndRejections (node:internal/process/task_queues:105:5)
    at async query (file:///C:/Users/ludin/Desktop/salidas/scanqueue/backend/src/config/database.js:25:18)
    at async Module.getScansToday (file:///C:/Users/ludin/Desktop/salidas/scanqueue/backend/src/models/Scan.js:23:15)
    at async Module.getScanStatistics (file:///C:/Users/ludin/Desktop/salidas/scanqueue/backend/src/services/ScanService.js:76:24)
    at async getDashboardStats (file:///C:/Users/ludin/Desktop/salidas/scanqueue/backend/src/controllers/DashboardController.js:12:19)
Path: /api/dashboard/stats

[2026-03-04T12:42:14.933Z] ERROR: 
Stack: AggregateError [ECONNREFUSED]: 
    at C:\Users\ludin\Desktop\salidas\scanqueue\backend\node_modules\pg-pool\index.js:45:11
    at process.processTicksAndRejections (node:internal/process/task_queues:105:5)
    at async query (file:///C:/Users/ludin/Desktop/salidas/scanqueue/backend/src/config/database.js:25:18)
    at async Module.getScansToday (file:///C:/Users/ludin/Desktop/salidas/scanqueue/backend/src/models/Scan.js:23:15)
    at async getTodaySummary (file:///C:/Users/ludin/Desktop/salidas/scanqueue/backend/src/controllers/DashboardController.js:30:24)
Path: /api/dashboard/today

[2026-03-04T12:42:15.267Z] ERROR: 
Stack: AggregateError [ECONNREFUSED]: 
    at C:\Users\ludin\Desktop\salidas\scanqueue\backend\node_modules\pg-pool\index.js:45:11
    at process.processTicksAndRejections (node:internal/process/task_queues:105:5)
    at async query (file:///C:/Users/ludin/Desktop/salidas/scanqueue/backend/src/config/database.js:25:18)
    at async Module.getScansToday (file:///C:/Users/ludin/Desktop/salidas/scanqueue/backend/src/models/Scan.js:23:15)
    at async Module.getScanStatistics (file:///C:/Users/ludin/Desktop/salidas/scanqueue/backend/src/services/ScanService.js:76:24)
    at async getDashboardStats (file:///C:/Users/ludin/Desktop/salidas/scanqueue/backend/src/controllers/DashboardController.js:12:19)
Path: /api/dashboard/stats

[2026-03-04T12:42:15.269Z] ERROR: 
Stack: AggregateError [ECONNREFUSED]: 
    at C:\Users\ludin\Desktop\salidas\scanqueue\backend\node_modules\pg-pool\index.js:45:11
    at process.processTicksAndRejections (node:internal/process/task_queues:105:5)
    at async query (file:///C:/Users/ludin/Desktop/salidas/scanqueue/backend/src/config/database.js:25:18)
    at async Module.getScansToday (file:///C:/Users/ludin/Desktop/salidas/scanqueue/backend/src/models/Scan.js:23:15)
    at async getTodaySummary (file:///C:/Users/ludin/Desktop/salidas/scanqueue/backend/src/controllers/DashboardController.js:30:24)
Path: /api/dashboard/today

[2026-03-04T12:42:15.673Z] ERROR: 
Stack: AggregateError [ECONNREFUSED]: 
    at C:\Users\ludin\Desktop\salidas\scanqueue\backend\node_modules\pg-pool\index.js:45:11
    at process.processTicksAndRejections (node:internal/process/task_queues:105:5)
    at async query (file:///C:/Users/ludin/Desktop/salidas/scanqueue/backend/src/config/database.js:25:18)
    at async Module.getScansToday (file:///C:/Users/ludin/Desktop/salidas/scanqueue/backend/src/models/Scan.js:23:15)
    at async Module.getScanStatistics (file:///C:/Users/ludin/Desktop/salidas/scanqueue/backend/src/services/ScanService.js:76:24)
    at async getDashboardStats (file:///C:/Users/ludin/Desktop/salidas/scanqueue/backend/src/controllers/DashboardController.js:12:19)
Path: /api/dashboard/stats

[2026-03-04T12:42:15.678Z] ERROR: 
Stack: AggregateError [ECONNREFUSED]: 
    at C:\Users\ludin\Desktop\salidas\scanqueue\backend\node_modules\pg-pool\index.js:45:11
    at process.processTicksAndRejections (node:internal/process/task_queues:105:5)
    at async query (file:///C:/Users/ludin/Desktop/salidas/scanqueue/backend/src/config/database.js:25:18)
    at async Module.getScansToday (file:///C:/Users/ludin/Desktop/salidas/scanqueue/backend/src/models/Scan.js:23:15)
    at async getTodaySummary (file:///C:/Users/ludin/Desktop/salidas/scanqueue/backend/src/controllers/DashboardController.js:30:24)
Path: /api/dashboard/today

[2026-03-04T12:42:15.915Z] ERROR: 
Stack: AggregateError [ECONNREFUSED]: 
    at C:\Users\ludin\Desktop\salidas\scanqueue\backend\node_modules\pg-pool\index.js:45:11
    at process.processTicksAndRejections (node:internal/process/task_queues:105:5)
    at async query (file:///C:/Users/ludin/Desktop/salidas/scanqueue/backend/src/config/database.js:25:18)
    at async Module.getScansToday (file:///C:/Users/ludin/Desktop/salidas/scanqueue/backend/src/models/Scan.js:23:15)
    at async Module.getScanStatistics (file:///C:/Users/ludin/Desktop/salidas/scanqueue/backend/src/services/ScanService.js:76:24)
    at async getDashboardStats (file:///C:/Users/ludin/Desktop/salidas/scanqueue/backend/src/controllers/DashboardController.js:12:19)
Path: /api/dashboard/stats

[2026-03-04T12:42:15.917Z] ERROR: 
Stack: AggregateError [ECONNREFUSED]: 
    at C:\Users\ludin\Desktop\salidas\scanqueue\backend\node_modules\pg-pool\index.js:45:11
    at process.processTicksAndRejections (node:internal/process/task_queues:105:5)
    at async query (file:///C:/Users/ludin/Desktop/salidas/scanqueue/backend/src/config/database.js:25:18)
    at async Module.getScansToday (file:///C:/Users/ludin/Desktop/salidas/scanqueue/backend/src/models/Scan.js:23:15)
    at async getTodaySummary (file:///C:/Users/ludin/Desktop/salidas/scanqueue/backend/src/controllers/DashboardController.js:30:24)
Path: /api/dashboard/today

[2026-03-04T12:42:16.220Z] ERROR: 
Stack: AggregateError [ECONNREFUSED]: 
    at C:\Users\ludin\Desktop\salidas\scanqueue\backend\node_modules\pg-pool\index.js:45:11
    at process.processTicksAndRejections (node:internal/process/task_queues:105:5)
    at async query (file:///C:/Users/ludin/Desktop/salidas/scanqueue/backend/src/config/database.js:25:18)
    at async Module.getScansToday (file:///C:/Users/ludin/Desktop/salidas/scanqueue/backend/src/models/Scan.js:23:15)
    at async Module.getScanStatistics (file:///C:/Users/ludin/Desktop/salidas/scanqueue/backend/src/services/ScanService.js:76:24)
    at async getDashboardStats (file:///C:/Users/ludin/Desktop/salidas/scanqueue/backend/src/controllers/DashboardController.js:12:19)
Path: /api/dashboard/stats

[2026-03-04T12:42:16.222Z] ERROR: 
Stack: AggregateError [ECONNREFUSED]: 
    at C:\Users\ludin\Desktop\salidas\scanqueue\backend\node_modules\pg-pool\index.js:45:11
    at process.processTicksAndRejections (node:internal/process/task_queues:105:5)
    at async query (file:///C:/Users/ludin/Desktop/salidas/scanqueue/backend/src/config/database.js:25:18)
    at async Module.getScansToday (file:///C:/Users/ludin/Desktop/salidas/scanqueue/backend/src/models/Scan.js:23:15)
    at async getTodaySummary (file:///C:/Users/ludin/Desktop/salidas/scanqueue/backend/src/controllers/DashboardController.js:30:24)
Path: /api/dashboard/today

[2026-03-04T12:42:16.478Z] ERROR: 
Stack: AggregateError [ECONNREFUSED]: 
    at C:\Users\ludin\Desktop\salidas\scanqueue\backend\node_modules\pg-pool\index.js:45:11
    at process.processTicksAndRejections (node:internal/process/task_queues:105:5)
    at async query (file:///C:/Users/ludin/Desktop/salidas/scanqueue/backend/src/config/database.js:25:18)
    at async Module.getScansToday (file:///C:/Users/ludin/Desktop/salidas/scanqueue/backend/src/models/Scan.js:23:15)
    at async Module.getScanStatistics (file:///C:/Users/ludin/Desktop/salidas/scanqueue/backend/src/services/ScanService.js:76:24)
    at async getDashboardStats (file:///C:/Users/ludin/Desktop/salidas/scanqueue/backend/src/controllers/DashboardController.js:12:19)
Path: /api/dashboard/stats

[2026-03-04T12:42:16.480Z] ERROR: 
Stack: AggregateError [ECONNREFUSED]: 
    at C:\Users\ludin\Desktop\salidas\scanqueue\backend\node_modules\pg-pool\index.js:45:11
    at process.processTicksAndRejections (node:internal/process/task_queues:105:5)
    at async query (file:///C:/Users/ludin/Desktop/salidas/scanqueue/backend/src/config/database.js:25:18)
    at async Module.getScansToday (file:///C:/Users/ludin/Desktop/salidas/scanqueue/backend/src/models/Scan.js:23:15)
    at async getTodaySummary (file:///C:/Users/ludin/Desktop/salidas/scanqueue/backend/src/controllers/DashboardController.js:30:24)
Path: /api/dashboard/today

[2026-03-04T12:42:17.765Z] ERROR: 
Stack: AggregateError [ECONNREFUSED]: 
    at C:\Users\ludin\Desktop\salidas\scanqueue\backend\node_modules\pg-pool\index.js:45:11
    at process.processTicksAndRejections (node:internal/process/task_queues:105:5)
    at async query (file:///C:/Users/ludin/Desktop/salidas/scanqueue/backend/src/config/database.js:25:18)
    at async Module.getScansToday (file:///C:/Users/ludin/Desktop/salidas/scanqueue/backend/src/models/Scan.js:23:15)
    at async Module.getScanStatistics (file:///C:/Users/ludin/Desktop/salidas/scanqueue/backend/src/services/ScanService.js:76:24)
    at async getDashboardStats (file:///C:/Users/ludin/Desktop/salidas/scanqueue/backend/src/controllers/DashboardController.js:12:19)
Path: /api/dashboard/stats

[2026-03-04T12:42:17.768Z] ERROR: 
Stack: AggregateError [ECONNREFUSED]: 
    at C:\Users\ludin\Desktop\salidas\scanqueue\backend\node_modules\pg-pool\index.js:45:11
    at process.processTicksAndRejections (node:internal/process/task_queues:105:5)
    at async query (file:///C:/Users/ludin/Desktop/salidas/scanqueue/backend/src/config/database.js:25:18)
    at async Module.getScansToday (file:///C:/Users/ludin/Desktop/salidas/scanqueue/backend/src/models/Scan.js:23:15)
    at async getTodaySummary (file:///C:/Users/ludin/Desktop/salidas/scanqueue/backend/src/controllers/DashboardController.js:30:24)
Path: /api/dashboard/today

[2026-03-04T12:42:18.103Z] ERROR: 
Stack: AggregateError [ECONNREFUSED]: 
    at C:\Users\ludin\Desktop\salidas\scanqueue\backend\node_modules\pg-pool\index.js:45:11
    at process.processTicksAndRejections (node:internal/process/task_queues:105:5)
    at async query (file:///C:/Users/ludin/Desktop/salidas/scanqueue/backend/src/config/database.js:25:18)
    at async Module.getScansToday (file:///C:/Users/ludin/Desktop/salidas/scanqueue/backend/src/models/Scan.js:23:15)
    at async Module.getScanStatistics (file:///C:/Users/ludin/Desktop/salidas/scanqueue/backend/src/services/ScanService.js:76:24)
    at async getDashboardStats (file:///C:/Users/ludin/Desktop/salidas/scanqueue/backend/src/controllers/DashboardController.js:12:19)
Path: /api/dashboard/stats

[2026-03-04T12:42:18.110Z] ERROR: 
Stack: AggregateError [ECONNREFUSED]: 
    at C:\Users\ludin\Desktop\salidas\scanqueue\backend\node_modules\pg-pool\index.js:45:11
    at process.processTicksAndRejections (node:internal/process/task_queues:105:5)
    at async query (file:///C:/Users/ludin/Desktop/salidas/scanqueue/backend/src/config/database.js:25:18)
    at async Module.getScansToday (file:///C:/Users/ludin/Desktop/salidas/scanqueue/backend/src/models/Scan.js:23:15)
    at async getTodaySummary (file:///C:/Users/ludin/Desktop/salidas/scanqueue/backend/src/controllers/DashboardController.js:30:24)
Path: /api/dashboard/today

[2026-03-04T12:42:18.609Z] ERROR: 
Stack: AggregateError [ECONNREFUSED]: 
    at C:\Users\ludin\Desktop\salidas\scanqueue\backend\node_modules\pg-pool\index.js:45:11
    at process.processTicksAndRejections (node:internal/process/task_queues:105:5)
    at async query (file:///C:/Users/ludin/Desktop/salidas/scanqueue/backend/src/config/database.js:25:18)
    at async Module.getScansToday (file:///C:/Users/ludin/Desktop/salidas/scanqueue/backend/src/models/Scan.js:23:15)
    at async Module.getScanStatistics (file:///C:/Users/ludin/Desktop/salidas/scanqueue/backend/src/services/ScanService.js:76:24)
    at async getDashboardStats (file:///C:/Users/ludin/Desktop/salidas/scanqueue/backend/src/controllers/DashboardController.js:12:19)
Path: /api/dashboard/stats

[2026-03-04T12:42:18.612Z] ERROR: 
Stack: AggregateError [ECONNREFUSED]: 
    at C:\Users\ludin\Desktop\salidas\scanqueue\backend\node_modules\pg-pool\index.js:45:11
    at process.processTicksAndRejections (node:internal/process/task_queues:105:5)
    at async query (file:///C:/Users/ludin/Desktop/salidas/scanqueue/backend/src/config/database.js:25:18)
    at async Module.getScansToday (file:///C:/Users/ludin/Desktop/salidas/scanqueue/backend/src/models/Scan.js:23:15)
    at async getTodaySummary (file:///C:/Users/ludin/Desktop/salidas/scanqueue/backend/src/controllers/DashboardController.js:30:24)
Path: /api/dashboard/today

[2026-03-04T12:42:18.888Z] ERROR: 
Stack: AggregateError [ECONNREFUSED]: 
    at C:\Users\ludin\Desktop\salidas\scanqueue\backend\node_modules\pg-pool\index.js:45:11
    at process.processTicksAndRejections (node:internal/process/task_queues:105:5)
    at async query (file:///C:/Users/ludin/Desktop/salidas/scanqueue/backend/src/config/database.js:25:18)
    at async Module.getScansToday (file:///C:/Users/ludin/Desktop/salidas/scanqueue/backend/src/models/Scan.js:23:15)
    at async Module.getScanStatistics (file:///C:/Users/ludin/Desktop/salidas/scanqueue/backend/src/services/ScanService.js:76:24)
    at async getDashboardStats (file:///C:/Users/ludin/Desktop/salidas/scanqueue/backend/src/controllers/DashboardController.js:12:19)
Path: /api/dashboard/stats

[2026-03-04T12:42:18.890Z] ERROR: 
Stack: AggregateError [ECONNREFUSED]: 
    at C:\Users\ludin\Desktop\salidas\scanqueue\backend\node_modules\pg-pool\index.js:45:11
    at process.processTicksAndRejections (node:internal/process/task_queues:105:5)
    at async query (file:///C:/Users/ludin/Desktop/salidas/scanqueue/backend/src/config/database.js:25:18)
    at async Module.getScansToday (file:///C:/Users/ludin/Desktop/salidas/scanqueue/backend/src/models/Scan.js:23:15)
    at async getTodaySummary (file:///C:/Users/ludin/Desktop/salidas/scanqueue/backend/src/controllers/DashboardController.js:30:24)
Path: /api/dashboard/today

[2026-03-04T12:42:20.904Z] ERROR: 
Stack: AggregateError [ECONNREFUSED]: 
    at C:\Users\ludin\Desktop\salidas\scanqueue\backend\node_modules\pg-pool\index.js:45:11
    at process.processTicksAndRejections (node:internal/process/task_queues:105:5)
    at async query (file:///C:/Users/ludin/Desktop/salidas/scanqueue/backend/src/config/database.js:25:18)
    at async Module.getScansToday (file:///C:/Users/ludin/Desktop/salidas/scanqueue/backend/src/models/Scan.js:23:15)
    at async Module.getScanStatistics (file:///C:/Users/ludin/Desktop/salidas/scanqueue/backend/src/services/ScanService.js:76:24)
    at async getDashboardStats (file:///C:/Users/ludin/Desktop/salidas/scanqueue/backend/src/controllers/DashboardController.js:12:19)
Path: /api/dashboard/stats

[2026-03-04T12:42:20.908Z] ERROR: 
Stack: AggregateError [ECONNREFUSED]: 
    at C:\Users\ludin\Desktop\salidas\scanqueue\backend\node_modules\pg-pool\index.js:45:11
    at process.processTicksAndRejections (node:internal/process/task_queues:105:5)
    at async query (file:///C:/Users/ludin/Desktop/salidas/scanqueue/backend/src/config/database.js:25:18)
    at async Module.getScansToday (file:///C:/Users/ludin/Desktop/salidas/scanqueue/backend/src/models/Scan.js:23:15)
    at async getTodaySummary (file:///C:/Users/ludin/Desktop/salidas/scanqueue/backend/src/controllers/DashboardController.js:30:24)
Path: /api/dashboard/today

[2026-03-04T12:42:23.043Z] ERROR: 
Stack: AggregateError [ECONNREFUSED]: 
    at C:\Users\ludin\Desktop\salidas\scanqueue\backend\node_modules\pg-pool\index.js:45:11
    at process.processTicksAndRejections (node:internal/process/task_queues:105:5)
    at async query (file:///C:/Users/ludin/Desktop/salidas/scanqueue/backend/src/config/database.js:25:18)
    at async Module.getScansToday (file:///C:/Users/ludin/Desktop/salidas/scanqueue/backend/src/models/Scan.js:23:15)
    at async Module.getScanStatistics (file:///C:/Users/ludin/Desktop/salidas/scanqueue/backend/src/services/ScanService.js:76:24)
    at async getDashboardStats (file:///C:/Users/ludin/Desktop/salidas/scanqueue/backend/src/controllers/DashboardController.js:12:19)
Path: /api/dashboard/stats

[2026-03-04T12:42:23.046Z] ERROR: 
Stack: AggregateError [ECONNREFUSED]: 
    at C:\Users\ludin\Desktop\salidas\scanqueue\backend\node_modules\pg-pool\index.js:45:11
    at process.processTicksAndRejections (node:internal/process/task_queues:105:5)
    at async query (file:///C:/Users/ludin/Desktop/salidas/scanqueue/backend/src/config/database.js:25:18)
    at async Module.getScansToday (file:///C:/Users/ludin/Desktop/salidas/scanqueue/backend/src/models/Scan.js:23:15)
    at async getTodaySummary (file:///C:/Users/ludin/Desktop/salidas/scanqueue/backend/src/controllers/DashboardController.js:30:24)
Path: /api/dashboard/today

[2026-03-04T12:42:23.386Z] ERROR: 
Stack: AggregateError [ECONNREFUSED]: 
    at C:\Users\ludin\Desktop\salidas\scanqueue\backend\node_modules\pg-pool\index.js:45:11
    at process.processTicksAndRejections (node:internal/process/task_queues:105:5)
    at async query (file:///C:/Users/ludin/Desktop/salidas/scanqueue/backend/src/config/database.js:25:18)
    at async Module.getScansToday (file:///C:/Users/ludin/Desktop/salidas/scanqueue/backend/src/models/Scan.js:23:15)
    at async Module.getScanStatistics (file:///C:/Users/ludin/Desktop/salidas/scanqueue/backend/src/services/ScanService.js:76:24)
    at async getDashboardStats (file:///C:/Users/ludin/Desktop/salidas/scanqueue/backend/src/controllers/DashboardController.js:12:19)
Path: /api/dashboard/stats

[2026-03-04T12:42:23.389Z] ERROR: 
Stack: AggregateError [ECONNREFUSED]: 
    at C:\Users\ludin\Desktop\salidas\scanqueue\backend\node_modules\pg-pool\index.js:45:11
    at process.processTicksAndRejections (node:internal/process/task_queues:105:5)
    at async query (file:///C:/Users/ludin/Desktop/salidas/scanqueue/backend/src/config/database.js:25:18)
    at async Module.getScansToday (file:///C:/Users/ludin/Desktop/salidas/scanqueue/backend/src/models/Scan.js:23:15)
    at async getTodaySummary (file:///C:/Users/ludin/Desktop/salidas/scanqueue/backend/src/controllers/DashboardController.js:30:24)
Path: /api/dashboard/today

[2026-03-04T12:42:23.681Z] ERROR: 
Stack: AggregateError [ECONNREFUSED]: 
    at C:\Users\ludin\Desktop\salidas\scanqueue\backend\node_modules\pg-pool\index.js:45:11
    at process.processTicksAndRejections (node:internal/process/task_queues:105:5)
    at async query (file:///C:/Users/ludin/Desktop/salidas/scanqueue/backend/src/config/database.js:25:18)
    at async Module.getScansToday (file:///C:/Users/ludin/Desktop/salidas/scanqueue/backend/src/models/Scan.js:23:15)
    at async Module.getScanStatistics (file:///C:/Users/ludin/Desktop/salidas/scanqueue/backend/src/services/ScanService.js:76:24)
    at async getDashboardStats (file:///C:/Users/ludin/Desktop/salidas/scanqueue/backend/src/controllers/DashboardController.js:12:19)
Path: /api/dashboard/stats

[2026-03-04T12:42:23.684Z] ERROR: 
Stack: AggregateError [ECONNREFUSED]: 
    at C:\Users\ludin\Desktop\salidas\scanqueue\backend\node_modules\pg-pool\index.js:45:11
    at process.processTicksAndRejections (node:internal/process/task_queues:105:5)
    at async query (file:///C:/Users/ludin/Desktop/salidas/scanqueue/backend/src/config/database.js:25:18)
    at async Module.getScansToday (file:///C:/Users/ludin/Desktop/salidas/scanqueue/backend/src/models/Scan.js:23:15)
    at async getTodaySummary (file:///C:/Users/ludin/Desktop/salidas/scanqueue/backend/src/controllers/DashboardController.js:30:24)
Path: /api/dashboard/today

[2026-03-04T12:42:24.507Z] ERROR: 
Stack: AggregateError [ECONNREFUSED]: 
    at C:\Users\ludin\Desktop\salidas\scanqueue\backend\node_modules\pg-pool\index.js:45:11
    at process.processTicksAndRejections (node:internal/process/task_queues:105:5)
    at async query (file:///C:/Users/ludin/Desktop/salidas/scanqueue/backend/src/config/database.js:25:18)
    at async Module.getScansToday (file:///C:/Users/ludin/Desktop/salidas/scanqueue/backend/src/models/Scan.js:23:15)
    at async Module.getScanStatistics (file:///C:/Users/ludin/Desktop/salidas/scanqueue/backend/src/services/ScanService.js:76:24)
    at async getDashboardStats (file:///C:/Users/ludin/Desktop/salidas/scanqueue/backend/src/controllers/DashboardController.js:12:19)
Path: /api/dashboard/stats

[2026-03-04T12:42:24.511Z] ERROR: 
Stack: AggregateError [ECONNREFUSED]: 
    at C:\Users\ludin\Desktop\salidas\scanqueue\backend\node_modules\pg-pool\index.js:45:11
    at process.processTicksAndRejections (node:internal/process/task_queues:105:5)
    at async query (file:///C:/Users/ludin/Desktop/salidas/scanqueue/backend/src/config/database.js:25:18)
    at async Module.getScansToday (file:///C:/Users/ludin/Desktop/salidas/scanqueue/backend/src/models/Scan.js:23:15)
    at async getTodaySummary (file:///C:/Users/ludin/Desktop/salidas/scanqueue/backend/src/controllers/DashboardController.js:30:24)
Path: /api/dashboard/today

[2026-03-04T12:42:25.156Z] ERROR: 
Stack: AggregateError [ECONNREFUSED]: 
    at C:\Users\ludin\Desktop\salidas\scanqueue\backend\node_modules\pg-pool\index.js:45:11
    at process.processTicksAndRejections (node:internal/process/task_queues:105:5)
    at async query (file:///C:/Users/ludin/Desktop/salidas/scanqueue/backend/src/config/database.js:25:18)
    at async Module.getScansToday (file:///C:/Users/ludin/Desktop/salidas/scanqueue/backend/src/models/Scan.js:23:15)
    at async Module.getScanStatistics (file:///C:/Users/ludin/Desktop/salidas/scanqueue/backend/src/services/ScanService.js:76:24)
    at async getDashboardStats (file:///C:/Users/ludin/Desktop/salidas/scanqueue/backend/src/controllers/DashboardController.js:12:19)
Path: /api/dashboard/stats

[2026-03-04T12:42:25.158Z] ERROR: 
Stack: AggregateError [ECONNREFUSED]: 
    at C:\Users\ludin\Desktop\salidas\scanqueue\backend\node_modules\pg-pool\index.js:45:11
    at process.processTicksAndRejections (node:internal/process/task_queues:105:5)
    at async query (file:///C:/Users/ludin/Desktop/salidas/scanqueue/backend/src/config/database.js:25:18)
    at async Module.getScansToday (file:///C:/Users/ludin/Desktop/salidas/scanqueue/backend/src/models/Scan.js:23:15)
    at async getTodaySummary (file:///C:/Users/ludin/Desktop/salidas/scanqueue/backend/src/controllers/DashboardController.js:30:24)
Path: /api/dashboard/today

[2026-03-04T12:42:25.500Z] ERROR: 
Stack: AggregateError [ECONNREFUSED]: 
    at C:\Users\ludin\Desktop\salidas\scanqueue\backend\node_modules\pg-pool\index.js:45:11
    at process.processTicksAndRejections (node:internal/process/task_queues:105:5)
    at async query (file:///C:/Users/ludin/Desktop/salidas/scanqueue/backend/src/config/database.js:25:18)
    at async Module.getScansToday (file:///C:/Users/ludin/Desktop/salidas/scanqueue/backend/src/models/Scan.js:23:15)
    at async Module.getScanStatistics (file:///C:/Users/ludin/Desktop/salidas/scanqueue/backend/src/services/ScanService.js:76:24)
    at async getDashboardStats (file:///C:/Users/ludin/Desktop/salidas/scanqueue/backend/src/controllers/DashboardController.js:12:19)
Path: /api/dashboard/stats

[2026-03-04T12:42:25.505Z] ERROR: 
Stack: AggregateError [ECONNREFUSED]: 
    at C:\Users\ludin\Desktop\salidas\scanqueue\backend\node_modules\pg-pool\index.js:45:11
    at process.processTicksAndRejections (node:internal/process/task_queues:105:5)
    at async query (file:///C:/Users/ludin/Desktop/salidas/scanqueue/backend/src/config/database.js:25:18)
    at async Module.getScansToday (file:///C:/Users/ludin/Desktop/salidas/scanqueue/backend/src/models/Scan.js:23:15)
    at async getTodaySummary (file:///C:/Users/ludin/Desktop/salidas/scanqueue/backend/src/controllers/DashboardController.js:30:24)
Path: /api/dashboard/today

[2026-03-04T12:42:25.795Z] ERROR: 
Stack: AggregateError [ECONNREFUSED]: 
    at C:\Users\ludin\Desktop\salidas\scanqueue\backend\node_modules\pg-pool\index.js:45:11
    at process.processTicksAndRejections (node:internal/process/task_queues:105:5)
    at async query (file:///C:/Users/ludin/Desktop/salidas/scanqueue/backend/src/config/database.js:25:18)
    at async Module.getScansToday (file:///C:/Users/ludin/Desktop/salidas/scanqueue/backend/src/models/Scan.js:23:15)
    at async Module.getScanStatistics (file:///C:/Users/ludin/Desktop/salidas/scanqueue/backend/src/services/ScanService.js:76:24)
    at async getDashboardStats (file:///C:/Users/ludin/Desktop/salidas/scanqueue/backend/src/controllers/DashboardController.js:12:19)
Path: /api/dashboard/stats

[2026-03-04T12:42:25.799Z] ERROR: 
Stack: AggregateError [ECONNREFUSED]: 
    at C:\Users\ludin\Desktop\salidas\scanqueue\backend\node_modules\pg-pool\index.js:45:11
    at process.processTicksAndRejections (node:internal/process/task_queues:105:5)
    at async query (file:///C:/Users/ludin/Desktop/salidas/scanqueue/backend/src/config/database.js:25:18)
    at async Module.getScansToday (file:///C:/Users/ludin/Desktop/salidas/scanqueue/backend/src/models/Scan.js:23:15)
    at async getTodaySummary (file:///C:/Users/ludin/Desktop/salidas/scanqueue/backend/src/controllers/DashboardController.js:30:24)
Path: /api/dashboard/today

[2026-03-04T12:42:27.205Z] ERROR: 
Stack: AggregateError [ECONNREFUSED]: 
    at C:\Users\ludin\Desktop\salidas\scanqueue\backend\node_modules\pg-pool\index.js:45:11
    at process.processTicksAndRejections (node:internal/process/task_queues:105:5)
    at async query (file:///C:/Users/ludin/Desktop/salidas/scanqueue/backend/src/config/database.js:25:18)
    at async Module.getScansToday (file:///C:/Users/ludin/Desktop/salidas/scanqueue/backend/src/models/Scan.js:23:15)
    at async Module.getScanStatistics (file:///C:/Users/ludin/Desktop/salidas/scanqueue/backend/src/services/ScanService.js:76:24)
    at async getDashboardStats (file:///C:/Users/ludin/Desktop/salidas/scanqueue/backend/src/controllers/DashboardController.js:12:19)
Path: /api/dashboard/stats

[2026-03-04T12:42:27.208Z] ERROR: 
Stack: AggregateError [ECONNREFUSED]: 
    at C:\Users\ludin\Desktop\salidas\scanqueue\backend\node_modules\pg-pool\index.js:45:11
    at process.processTicksAndRejections (node:internal/process/task_queues:105:5)
    at async query (file:///C:/Users/ludin/Desktop/salidas/scanqueue/backend/src/config/database.js:25:18)
    at async Module.getScansToday (file:///C:/Users/ludin/Desktop/salidas/scanqueue/backend/src/models/Scan.js:23:15)
    at async getTodaySummary (file:///C:/Users/ludin/Desktop/salidas/scanqueue/backend/src/controllers/DashboardController.js:30:24)
Path: /api/dashboard/today

[2026-03-04T12:42:27.428Z] ERROR: 
Stack: AggregateError [ECONNREFUSED]: 
    at C:\Users\ludin\Desktop\salidas\scanqueue\backend\node_modules\pg-pool\index.js:45:11
    at process.processTicksAndRejections (node:internal/process/task_queues:105:5)
    at async query (file:///C:/Users/ludin/Desktop/salidas/scanqueue/backend/src/config/database.js:25:18)
    at async Module.getScansToday (file:///C:/Users/ludin/Desktop/salidas/scanqueue/backend/src/models/Scan.js:23:15)
    at async Module.getScanStatistics (file:///C:/Users/ludin/Desktop/salidas/scanqueue/backend/src/services/ScanService.js:76:24)
    at async getDashboardStats (file:///C:/Users/ludin/Desktop/salidas/scanqueue/backend/src/controllers/DashboardController.js:12:19)
Path: /api/dashboard/stats

[2026-03-04T12:42:27.430Z] ERROR: 
Stack: AggregateError [ECONNREFUSED]: 
    at C:\Users\ludin\Desktop\salidas\scanqueue\backend\node_modules\pg-pool\index.js:45:11
    at process.processTicksAndRejections (node:internal/process/task_queues:105:5)
    at async query (file:///C:/Users/ludin/Desktop/salidas/scanqueue/backend/src/config/database.js:25:18)
    at async Module.getScansToday (file:///C:/Users/ludin/Desktop/salidas/scanqueue/backend/src/models/Scan.js:23:15)
    at async getTodaySummary (file:///C:/Users/ludin/Desktop/salidas/scanqueue/backend/src/controllers/DashboardController.js:30:24)
Path: /api/dashboard/today

[2026-03-04T12:42:27.679Z] ERROR: 
Stack: AggregateError [ECONNREFUSED]: 
    at C:\Users\ludin\Desktop\salidas\scanqueue\backend\node_modules\pg-pool\index.js:45:11
    at process.processTicksAndRejections (node:internal/process/task_queues:105:5)
    at async query (file:///C:/Users/ludin/Desktop/salidas/scanqueue/backend/src/config/database.js:25:18)
    at async Module.getScansToday (file:///C:/Users/ludin/Desktop/salidas/scanqueue/backend/src/models/Scan.js:23:15)
    at async Module.getScanStatistics (file:///C:/Users/ludin/Desktop/salidas/scanqueue/backend/src/services/ScanService.js:76:24)
    at async getDashboardStats (file:///C:/Users/ludin/Desktop/salidas/scanqueue/backend/src/controllers/DashboardController.js:12:19)
Path: /api/dashboard/stats

[2026-03-04T12:42:27.683Z] ERROR: 
Stack: AggregateError [ECONNREFUSED]: 
    at C:\Users\ludin\Desktop\salidas\scanqueue\backend\node_modules\pg-pool\index.js:45:11
    at process.processTicksAndRejections (node:internal/process/task_queues:105:5)
    at async query (file:///C:/Users/ludin/Desktop/salidas/scanqueue/backend/src/config/database.js:25:18)
    at async Module.getScansToday (file:///C:/Users/ludin/Desktop/salidas/scanqueue/backend/src/models/Scan.js:23:15)
    at async getTodaySummary (file:///C:/Users/ludin/Desktop/salidas/scanqueue/backend/src/controllers/DashboardController.js:30:24)
Path: /api/dashboard/today

[2026-03-04T12:42:28.024Z] ERROR: 
Stack: AggregateError [ECONNREFUSED]: 
    at C:\Users\ludin\Desktop\salidas\scanqueue\backend\node_modules\pg-pool\index.js:45:11
    at process.processTicksAndRejections (node:internal/process/task_queues:105:5)
    at async query (file:///C:/Users/ludin/Desktop/salidas/scanqueue/backend/src/config/database.js:25:18)
    at async Module.getScansToday (file:///C:/Users/ludin/Desktop/salidas/scanqueue/backend/src/models/Scan.js:23:15)
    at async Module.getScanStatistics (file:///C:/Users/ludin/Desktop/salidas/scanqueue/backend/src/services/ScanService.js:76:24)
    at async getDashboardStats (file:///C:/Users/ludin/Desktop/salidas/scanqueue/backend/src/controllers/DashboardController.js:12:19)
Path: /api/dashboard/stats

[2026-03-04T12:42:28.027Z] ERROR: 
Stack: AggregateError [ECONNREFUSED]: 
    at C:\Users\ludin\Desktop\salidas\scanqueue\backend\node_modules\pg-pool\index.js:45:11
    at process.processTicksAndRejections (node:internal/process/task_queues:105:5)
    at async query (file:///C:/Users/ludin/Desktop/salidas/scanqueue/backend/src/config/database.js:25:18)
    at async Module.getScansToday (file:///C:/Users/ludin/Desktop/salidas/scanqueue/backend/src/models/Scan.js:23:15)
    at async getTodaySummary (file:///C:/Users/ludin/Desktop/salidas/scanqueue/backend/src/controllers/DashboardController.js:30:24)
Path: /api/dashboard/today

[2026-03-04T12:42:28.267Z] ERROR: 
Stack: AggregateError [ECONNREFUSED]: 
    at C:\Users\ludin\Desktop\salidas\scanqueue\backend\node_modules\pg-pool\index.js:45:11
    at process.processTicksAndRejections (node:internal/process/task_queues:105:5)
    at async query (file:///C:/Users/ludin/Desktop/salidas/scanqueue/backend/src/config/database.js:25:18)
    at async Module.getScansToday (file:///C:/Users/ludin/Desktop/salidas/scanqueue/backend/src/models/Scan.js:23:15)
    at async Module.getScanStatistics (file:///C:/Users/ludin/Desktop/salidas/scanqueue/backend/src/services/ScanService.js:76:24)
    at async getDashboardStats (file:///C:/Users/ludin/Desktop/salidas/scanqueue/backend/src/controllers/DashboardController.js:12:19)
Path: /api/dashboard/stats

[2026-03-04T12:42:28.269Z] ERROR: 
Stack: AggregateError [ECONNREFUSED]: 
    at C:\Users\ludin\Desktop\salidas\scanqueue\backend\node_modules\pg-pool\index.js:45:11
    at process.processTicksAndRejections (node:internal/process/task_queues:105:5)
    at async query (file:///C:/Users/ludin/Desktop/salidas/scanqueue/backend/src/config/database.js:25:18)
    at async Module.getScansToday (file:///C:/Users/ludin/Desktop/salidas/scanqueue/backend/src/models/Scan.js:23:15)
    at async getTodaySummary (file:///C:/Users/ludin/Desktop/salidas/scanqueue/backend/src/controllers/DashboardController.js:30:24)
Path: /api/dashboard/today

[2026-03-04T12:42:28.521Z] ERROR: 
Stack: AggregateError [ECONNREFUSED]: 
    at C:\Users\ludin\Desktop\salidas\scanqueue\backend\node_modules\pg-pool\index.js:45:11
    at process.processTicksAndRejections (node:internal/process/task_queues:105:5)
    at async query (file:///C:/Users/ludin/Desktop/salidas/scanqueue/backend/src/config/database.js:25:18)
    at async Module.getScansToday (file:///C:/Users/ludin/Desktop/salidas/scanqueue/backend/src/models/Scan.js:23:15)
    at async Module.getScanStatistics (file:///C:/Users/ludin/Desktop/salidas/scanqueue/backend/src/services/ScanService.js:76:24)
    at async getDashboardStats (file:///C:/Users/ludin/Desktop/salidas/scanqueue/backend/src/controllers/DashboardController.js:12:19)
Path: /api/dashboard/stats

[2026-03-04T12:42:28.522Z] ERROR: 
Stack: AggregateError [ECONNREFUSED]: 
    at C:\Users\ludin\Desktop\salidas\scanqueue\backend\node_modules\pg-pool\index.js:45:11
    at process.processTicksAndRejections (node:internal/process/task_queues:105:5)
    at async query (file:///C:/Users/ludin/Desktop/salidas/scanqueue/backend/src/config/database.js:25:18)
    at async Module.getScansToday (file:///C:/Users/ludin/Desktop/salidas/scanqueue/backend/src/models/Scan.js:23:15)
    at async getTodaySummary (file:///C:/Users/ludin/Desktop/salidas/scanqueue/backend/src/controllers/DashboardController.js:30:24)
Path: /api/dashboard/today

[2026-03-04T12:42:28.802Z] ERROR: 
Stack: AggregateError [ECONNREFUSED]: 
    at C:\Users\ludin\Desktop\salidas\scanqueue\backend\node_modules\pg-pool\index.js:45:11
    at process.processTicksAndRejections (node:internal/process/task_queues:105:5)
    at async query (file:///C:/Users/ludin/Desktop/salidas/scanqueue/backend/src/config/database.js:25:18)
    at async Module.getScansToday (file:///C:/Users/ludin/Desktop/salidas/scanqueue/backend/src/models/Scan.js:23:15)
    at async Module.getScanStatistics (file:///C:/Users/ludin/Desktop/salidas/scanqueue/backend/src/services/ScanService.js:76:24)
    at async getDashboardStats (file:///C:/Users/ludin/Desktop/salidas/scanqueue/backend/src/controllers/DashboardController.js:12:19)
Path: /api/dashboard/stats

[2026-03-04T12:42:28.804Z] ERROR: 
Stack: AggregateError [ECONNREFUSED]: 
    at C:\Users\ludin\Desktop\salidas\scanqueue\backend\node_modules\pg-pool\index.js:45:11
    at process.processTicksAndRejections (node:internal/process/task_queues:105:5)
    at async query (file:///C:/Users/ludin/Desktop/salidas/scanqueue/backend/src/config/database.js:25:18)
    at async Module.getScansToday (file:///C:/Users/ludin/Desktop/salidas/scanqueue/backend/src/models/Scan.js:23:15)
    at async getTodaySummary (file:///C:/Users/ludin/Desktop/salidas/scanqueue/backend/src/controllers/DashboardController.js:30:24)
Path: /api/dashboard/today

[2026-03-04T12:42:29.400Z] ERROR: 
Stack: AggregateError [ECONNREFUSED]: 
    at C:\Users\ludin\Desktop\salidas\scanqueue\backend\node_modules\pg-pool\index.js:45:11
    at process.processTicksAndRejections (node:internal/process/task_queues:105:5)
    at async query (file:///C:/Users/ludin/Desktop/salidas/scanqueue/backend/src/config/database.js:25:18)
    at async Module.getScansToday (file:///C:/Users/ludin/Desktop/salidas/scanqueue/backend/src/models/Scan.js:23:15)
    at async Module.getScanStatistics (file:///C:/Users/ludin/Desktop/salidas/scanqueue/backend/src/services/ScanService.js:76:24)
    at async getDashboardStats (file:///C:/Users/ludin/Desktop/salidas/scanqueue/backend/src/controllers/DashboardController.js:12:19)
Path: /api/dashboard/stats

[2026-03-04T12:42:29.404Z] ERROR: 
Stack: AggregateError [ECONNREFUSED]: 
    at C:\Users\ludin\Desktop\salidas\scanqueue\backend\node_modules\pg-pool\index.js:45:11
    at process.processTicksAndRejections (node:internal/process/task_queues:105:5)
    at async query (file:///C:/Users/ludin/Desktop/salidas/scanqueue/backend/src/config/database.js:25:18)
    at async Module.getScansToday (file:///C:/Users/ludin/Desktop/salidas/scanqueue/backend/src/models/Scan.js:23:15)
    at async getTodaySummary (file:///C:/Users/ludin/Desktop/salidas/scanqueue/backend/src/controllers/DashboardController.js:30:24)
Path: /api/dashboard/today

[2026-03-04T12:42:29.586Z] ERROR: 
Stack: AggregateError [ECONNREFUSED]: 
    at C:\Users\ludin\Desktop\salidas\scanqueue\backend\node_modules\pg-pool\index.js:45:11
    at process.processTicksAndRejections (node:internal/process/task_queues:105:5)
    at async query (file:///C:/Users/ludin/Desktop/salidas/scanqueue/backend/src/config/database.js:25:18)
    at async Module.getScansToday (file:///C:/Users/ludin/Desktop/salidas/scanqueue/backend/src/models/Scan.js:23:15)
    at async Module.getScanStatistics (file:///C:/Users/ludin/Desktop/salidas/scanqueue/backend/src/services/ScanService.js:76:24)
    at async getDashboardStats (file:///C:/Users/ludin/Desktop/salidas/scanqueue/backend/src/controllers/DashboardController.js:12:19)
Path: /api/dashboard/stats

[2026-03-04T12:42:29.588Z] ERROR: 
Stack: AggregateError [ECONNREFUSED]: 
    at C:\Users\ludin\Desktop\salidas\scanqueue\backend\node_modules\pg-pool\index.js:45:11
    at process.processTicksAndRejections (node:internal/process/task_queues:105:5)
    at async query (file:///C:/Users/ludin/Desktop/salidas/scanqueue/backend/src/config/database.js:25:18)
    at async Module.getScansToday (file:///C:/Users/ludin/Desktop/salidas/scanqueue/backend/src/models/Scan.js:23:15)
    at async getTodaySummary (file:///C:/Users/ludin/Desktop/salidas/scanqueue/backend/src/controllers/DashboardController.js:30:24)
Path: /api/dashboard/today

[2026-03-04T12:42:29.862Z] ERROR: 
Stack: AggregateError [ECONNREFUSED]: 
    at C:\Users\ludin\Desktop\salidas\scanqueue\backend\node_modules\pg-pool\index.js:45:11
    at process.processTicksAndRejections (node:internal/process/task_queues:105:5)
    at async query (file:///C:/Users/ludin/Desktop/salidas/scanqueue/backend/src/config/database.js:25:18)
    at async Module.getScansToday (file:///C:/Users/ludin/Desktop/salidas/scanqueue/backend/src/models/Scan.js:23:15)
    at async Module.getScanStatistics (file:///C:/Users/ludin/Desktop/salidas/scanqueue/backend/src/services/ScanService.js:76:24)
    at async getDashboardStats (file:///C:/Users/ludin/Desktop/salidas/scanqueue/backend/src/controllers/DashboardController.js:12:19)
Path: /api/dashboard/stats

[2026-03-04T12:42:29.865Z] ERROR: 
Stack: AggregateError [ECONNREFUSED]: 
    at C:\Users\ludin\Desktop\salidas\scanqueue\backend\node_modules\pg-pool\index.js:45:11
    at process.processTicksAndRejections (node:internal/process/task_queues:105:5)
    at async query (file:///C:/Users/ludin/Desktop/salidas/scanqueue/backend/src/config/database.js:25:18)
    at async Module.getScansToday (file:///C:/Users/ludin/Desktop/salidas/scanqueue/backend/src/models/Scan.js:23:15)
    at async getTodaySummary (file:///C:/Users/ludin/Desktop/salidas/scanqueue/backend/src/controllers/DashboardController.js:30:24)
Path: /api/dashboard/today

[2026-03-04T12:42:30.127Z] ERROR: 
Stack: AggregateError [ECONNREFUSED]: 
    at C:\Users\ludin\Desktop\salidas\scanqueue\backend\node_modules\pg-pool\index.js:45:11
    at process.processTicksAndRejections (node:internal/process/task_queues:105:5)
    at async query (file:///C:/Users/ludin/Desktop/salidas/scanqueue/backend/src/config/database.js:25:18)
    at async Module.getScansToday (file:///C:/Users/ludin/Desktop/salidas/scanqueue/backend/src/models/Scan.js:23:15)
    at async Module.getScanStatistics (file:///C:/Users/ludin/Desktop/salidas/scanqueue/backend/src/services/ScanService.js:76:24)
    at async getDashboardStats (file:///C:/Users/ludin/Desktop/salidas/scanqueue/backend/src/controllers/DashboardController.js:12:19)
Path: /api/dashboard/stats

[2026-03-04T12:42:30.129Z] ERROR: 
Stack: AggregateError [ECONNREFUSED]: 
    at C:\Users\ludin\Desktop\salidas\scanqueue\backend\node_modules\pg-pool\index.js:45:11
    at process.processTicksAndRejections (node:internal/process/task_queues:105:5)
    at async query (file:///C:/Users/ludin/Desktop/salidas/scanqueue/backend/src/config/database.js:25:18)
    at async Module.getScansToday (file:///C:/Users/ludin/Desktop/salidas/scanqueue/backend/src/models/Scan.js:23:15)
    at async getTodaySummary (file:///C:/Users/ludin/Desktop/salidas/scanqueue/backend/src/controllers/DashboardController.js:30:24)
Path: /api/dashboard/today

[2026-03-04T12:42:30.381Z] ERROR: 
Stack: AggregateError [ECONNREFUSED]: 
    at C:\Users\ludin\Desktop\salidas\scanqueue\backend\node_modules\pg-pool\index.js:45:11
    at process.processTicksAndRejections (node:internal/process/task_queues:105:5)
    at async query (file:///C:/Users/ludin/Desktop/salidas/scanqueue/backend/src/config/database.js:25:18)
    at async Module.getScansToday (file:///C:/Users/ludin/Desktop/salidas/scanqueue/backend/src/models/Scan.js:23:15)
    at async Module.getScanStatistics (file:///C:/Users/ludin/Desktop/salidas/scanqueue/backend/src/services/ScanService.js:76:24)
    at async getDashboardStats (file:///C:/Users/ludin/Desktop/salidas/scanqueue/backend/src/controllers/DashboardController.js:12:19)
Path: /api/dashboard/stats

[2026-03-04T12:42:30.383Z] ERROR: 
Stack: AggregateError [ECONNREFUSED]: 
    at C:\Users\ludin\Desktop\salidas\scanqueue\backend\node_modules\pg-pool\index.js:45:11
    at process.processTicksAndRejections (node:internal/process/task_queues:105:5)
    at async query (file:///C:/Users/ludin/Desktop/salidas/scanqueue/backend/src/config/database.js:25:18)
    at async Module.getScansToday (file:///C:/Users/ludin/Desktop/salidas/scanqueue/backend/src/models/Scan.js:23:15)
    at async getTodaySummary (file:///C:/Users/ludin/Desktop/salidas/scanqueue/backend/src/controllers/DashboardController.js:30:24)
Path: /api/dashboard/today

[2026-03-04T12:42:30.586Z] ERROR: 
Stack: AggregateError [ECONNREFUSED]: 
    at C:\Users\ludin\Desktop\salidas\scanqueue\backend\node_modules\pg-pool\index.js:45:11
    at process.processTicksAndRejections (node:internal/process/task_queues:105:5)
    at async query (file:///C:/Users/ludin/Desktop/salidas/scanqueue/backend/src/config/database.js:25:18)
    at async Module.getScansToday (file:///C:/Users/ludin/Desktop/salidas/scanqueue/backend/src/models/Scan.js:23:15)
    at async Module.getScanStatistics (file:///C:/Users/ludin/Desktop/salidas/scanqueue/backend/src/services/ScanService.js:76:24)
    at async getDashboardStats (file:///C:/Users/ludin/Desktop/salidas/scanqueue/backend/src/controllers/DashboardController.js:12:19)
Path: /api/dashboard/stats

[2026-03-04T12:42:30.588Z] ERROR: 
Stack: AggregateError [ECONNREFUSED]: 
    at C:\Users\ludin\Desktop\salidas\scanqueue\backend\node_modules\pg-pool\index.js:45:11
    at process.processTicksAndRejections (node:internal/process/task_queues:105:5)
    at async query (file:///C:/Users/ludin/Desktop/salidas/scanqueue/backend/src/config/database.js:25:18)
    at async Module.getScansToday (file:///C:/Users/ludin/Desktop/salidas/scanqueue/backend/src/models/Scan.js:23:15)
    at async getTodaySummary (file:///C:/Users/ludin/Desktop/salidas/scanqueue/backend/src/controllers/DashboardController.js:30:24)
Path: /api/dashboard/today

[2026-03-04T12:42:30.957Z] ERROR: 
Stack: AggregateError [ECONNREFUSED]: 
    at C:\Users\ludin\Desktop\salidas\scanqueue\backend\node_modules\pg-pool\index.js:45:11
    at process.processTicksAndRejections (node:internal/process/task_queues:105:5)
    at async query (file:///C:/Users/ludin/Desktop/salidas/scanqueue/backend/src/config/database.js:25:18)
    at async Module.getScansToday (file:///C:/Users/ludin/Desktop/salidas/scanqueue/backend/src/models/Scan.js:23:15)
    at async Module.getScanStatistics (file:///C:/Users/ludin/Desktop/salidas/scanqueue/backend/src/services/ScanService.js:76:24)
    at async getDashboardStats (file:///C:/Users/ludin/Desktop/salidas/scanqueue/backend/src/controllers/DashboardController.js:12:19)
Path: /api/dashboard/stats

[2026-03-04T12:42:30.960Z] ERROR: 
Stack: AggregateError [ECONNREFUSED]: 
    at C:\Users\ludin\Desktop\salidas\scanqueue\backend\node_modules\pg-pool\index.js:45:11
    at process.processTicksAndRejections (node:internal/process/task_queues:105:5)
    at async query (file:///C:/Users/ludin/Desktop/salidas/scanqueue/backend/src/config/database.js:25:18)
    at async Module.getScansToday (file:///C:/Users/ludin/Desktop/salidas/scanqueue/backend/src/models/Scan.js:23:15)
    at async getTodaySummary (file:///C:/Users/ludin/Desktop/salidas/scanqueue/backend/src/controllers/DashboardController.js:30:24)
Path: /api/dashboard/today

[2026-03-04T12:42:31.233Z] ERROR: 
Stack: AggregateError [ECONNREFUSED]: 
    at C:\Users\ludin\Desktop\salidas\scanqueue\backend\node_modules\pg-pool\index.js:45:11
    at process.processTicksAndRejections (node:internal/process/task_queues:105:5)
    at async query (file:///C:/Users/ludin/Desktop/salidas/scanqueue/backend/src/config/database.js:25:18)
    at async Module.getScansToday (file:///C:/Users/ludin/Desktop/salidas/scanqueue/backend/src/models/Scan.js:23:15)
    at async Module.getScanStatistics (file:///C:/Users/ludin/Desktop/salidas/scanqueue/backend/src/services/ScanService.js:76:24)
    at async getDashboardStats (file:///C:/Users/ludin/Desktop/salidas/scanqueue/backend/src/controllers/DashboardController.js:12:19)
Path: /api/dashboard/stats

[2026-03-04T12:42:31.236Z] ERROR: 
Stack: AggregateError [ECONNREFUSED]: 
    at C:\Users\ludin\Desktop\salidas\scanqueue\backend\node_modules\pg-pool\index.js:45:11
    at process.processTicksAndRejections (node:internal/process/task_queues:105:5)
    at async query (file:///C:/Users/ludin/Desktop/salidas/scanqueue/backend/src/config/database.js:25:18)
    at async Module.getScansToday (file:///C:/Users/ludin/Desktop/salidas/scanqueue/backend/src/models/Scan.js:23:15)
    at async getTodaySummary (file:///C:/Users/ludin/Desktop/salidas/scanqueue/backend/src/controllers/DashboardController.js:30:24)
Path: /api/dashboard/today

[2026-03-04T12:42:31.470Z] ERROR: 
Stack: AggregateError [ECONNREFUSED]: 
    at C:\Users\ludin\Desktop\salidas\scanqueue\backend\node_modules\pg-pool\index.js:45:11
    at process.processTicksAndRejections (node:internal/process/task_queues:105:5)
    at async query (file:///C:/Users/ludin/Desktop/salidas/scanqueue/backend/src/config/database.js:25:18)
    at async Module.getScansToday (file:///C:/Users/ludin/Desktop/salidas/scanqueue/backend/src/models/Scan.js:23:15)
    at async Module.getScanStatistics (file:///C:/Users/ludin/Desktop/salidas/scanqueue/backend/src/services/ScanService.js:76:24)
    at async getDashboardStats (file:///C:/Users/ludin/Desktop/salidas/scanqueue/backend/src/controllers/DashboardController.js:12:19)
Path: /api/dashboard/stats

[2026-03-04T12:42:31.473Z] ERROR: 
Stack: AggregateError [ECONNREFUSED]: 
    at C:\Users\ludin\Desktop\salidas\scanqueue\backend\node_modules\pg-pool\index.js:45:11
    at process.processTicksAndRejections (node:internal/process/task_queues:105:5)
    at async query (file:///C:/Users/ludin/Desktop/salidas/scanqueue/backend/src/config/database.js:25:18)
    at async Module.getScansToday (file:///C:/Users/ludin/Desktop/salidas/scanqueue/backend/src/models/Scan.js:23:15)
    at async getTodaySummary (file:///C:/Users/ludin/Desktop/salidas/scanqueue/backend/src/controllers/DashboardController.js:30:24)
Path: /api/dashboard/today

[2026-03-04T12:42:31.669Z] ERROR: 
Stack: AggregateError [ECONNREFUSED]: 
    at C:\Users\ludin\Desktop\salidas\scanqueue\backend\node_modules\pg-pool\index.js:45:11
    at process.processTicksAndRejections (node:internal/process/task_queues:105:5)
    at async query (file:///C:/Users/ludin/Desktop/salidas/scanqueue/backend/src/config/database.js:25:18)
    at async Module.getScansToday (file:///C:/Users/ludin/Desktop/salidas/scanqueue/backend/src/models/Scan.js:23:15)
    at async Module.getScanStatistics (file:///C:/Users/ludin/Desktop/salidas/scanqueue/backend/src/services/ScanService.js:76:24)
    at async getDashboardStats (file:///C:/Users/ludin/Desktop/salidas/scanqueue/backend/src/controllers/DashboardController.js:12:19)
Path: /api/dashboard/stats

[2026-03-04T12:42:31.672Z] ERROR: 
Stack: AggregateError [ECONNREFUSED]: 
    at C:\Users\ludin\Desktop\salidas\scanqueue\backend\node_modules\pg-pool\index.js:45:11
    at process.processTicksAndRejections (node:internal/process/task_queues:105:5)
    at async query (file:///C:/Users/ludin/Desktop/salidas/scanqueue/backend/src/config/database.js:25:18)
    at async Module.getScansToday (file:///C:/Users/ludin/Desktop/salidas/scanqueue/backend/src/models/Scan.js:23:15)
    at async getTodaySummary (file:///C:/Users/ludin/Desktop/salidas/scanqueue/backend/src/controllers/DashboardController.js:30:24)
Path: /api/dashboard/today

[2026-03-04T12:42:31.947Z] ERROR: 
Stack: AggregateError [ECONNREFUSED]: 
    at C:\Users\ludin\Desktop\salidas\scanqueue\backend\node_modules\pg-pool\index.js:45:11
    at process.processTicksAndRejections (node:internal/process/task_queues:105:5)
    at async query (file:///C:/Users/ludin/Desktop/salidas/scanqueue/backend/src/config/database.js:25:18)
    at async Module.getScansToday (file:///C:/Users/ludin/Desktop/salidas/scanqueue/backend/src/models/Scan.js:23:15)
    at async Module.getScanStatistics (file:///C:/Users/ludin/Desktop/salidas/scanqueue/backend/src/services/ScanService.js:76:24)
    at async getDashboardStats (file:///C:/Users/ludin/Desktop/salidas/scanqueue/backend/src/controllers/DashboardController.js:12:19)
Path: /api/dashboard/stats

[2026-03-04T12:42:31.949Z] ERROR: 
Stack: AggregateError [ECONNREFUSED]: 
    at C:\Users\ludin\Desktop\salidas\scanqueue\backend\node_modules\pg-pool\index.js:45:11
    at process.processTicksAndRejections (node:internal/process/task_queues:105:5)
    at async query (file:///C:/Users/ludin/Desktop/salidas/scanqueue/backend/src/config/database.js:25:18)
    at async Module.getScansToday (file:///C:/Users/ludin/Desktop/salidas/scanqueue/backend/src/models/Scan.js:23:15)
    at async getTodaySummary (file:///C:/Users/ludin/Desktop/salidas/scanqueue/backend/src/controllers/DashboardController.js:30:24)
Path: /api/dashboard/today

[2026-03-04T12:42:32.204Z] ERROR: 
Stack: AggregateError [ECONNREFUSED]: 
    at C:\Users\ludin\Desktop\salidas\scanqueue\backend\node_modules\pg-pool\index.js:45:11
    at process.processTicksAndRejections (node:internal/process/task_queues:105:5)
    at async query (file:///C:/Users/ludin/Desktop/salidas/scanqueue/backend/src/config/database.js:25:18)
    at async Module.getScansToday (file:///C:/Users/ludin/Desktop/salidas/scanqueue/backend/src/models/Scan.js:23:15)
    at async Module.getScanStatistics (file:///C:/Users/ludin/Desktop/salidas/scanqueue/backend/src/services/ScanService.js:76:24)
    at async getDashboardStats (file:///C:/Users/ludin/Desktop/salidas/scanqueue/backend/src/controllers/DashboardController.js:12:19)
Path: /api/dashboard/stats

[2026-03-04T12:42:32.206Z] ERROR: 
Stack: AggregateError [ECONNREFUSED]: 
    at C:\Users\ludin\Desktop\salidas\scanqueue\backend\node_modules\pg-pool\index.js:45:11
    at process.processTicksAndRejections (node:internal/process/task_queues:105:5)
    at async query (file:///C:/Users/ludin/Desktop/salidas/scanqueue/backend/src/config/database.js:25:18)
    at async Module.getScansToday (file:///C:/Users/ludin/Desktop/salidas/scanqueue/backend/src/models/Scan.js:23:15)
    at async getTodaySummary (file:///C:/Users/ludin/Desktop/salidas/scanqueue/backend/src/controllers/DashboardController.js:30:24)
Path: /api/dashboard/today

[2026-03-04T12:42:32.453Z] ERROR: 
Stack: AggregateError [ECONNREFUSED]: 
    at C:\Users\ludin\Desktop\salidas\scanqueue\backend\node_modules\pg-pool\index.js:45:11
    at process.processTicksAndRejections (node:internal/process/task_queues:105:5)
    at async query (file:///C:/Users/ludin/Desktop/salidas/scanqueue/backend/src/config/database.js:25:18)
    at async Module.getScansToday (file:///C:/Users/ludin/Desktop/salidas/scanqueue/backend/src/models/Scan.js:23:15)
    at async Module.getScanStatistics (file:///C:/Users/ludin/Desktop/salidas/scanqueue/backend/src/services/ScanService.js:76:24)
    at async getDashboardStats (file:///C:/Users/ludin/Desktop/salidas/scanqueue/backend/src/controllers/DashboardController.js:12:19)
Path: /api/dashboard/stats

[2026-03-04T12:42:32.455Z] ERROR: 
Stack: AggregateError [ECONNREFUSED]: 
    at C:\Users\ludin\Desktop\salidas\scanqueue\backend\node_modules\pg-pool\index.js:45:11
    at process.processTicksAndRejections (node:internal/process/task_queues:105:5)
    at async query (file:///C:/Users/ludin/Desktop/salidas/scanqueue/backend/src/config/database.js:25:18)
    at async Module.getScansToday (file:///C:/Users/ludin/Desktop/salidas/scanqueue/backend/src/models/Scan.js:23:15)
    at async getTodaySummary (file:///C:/Users/ludin/Desktop/salidas/scanqueue/backend/src/controllers/DashboardController.js:30:24)
Path: /api/dashboard/today

[2026-03-04T12:42:32.660Z] ERROR: 
Stack: AggregateError [ECONNREFUSED]: 
    at C:\Users\ludin\Desktop\salidas\scanqueue\backend\node_modules\pg-pool\index.js:45:11
    at process.processTicksAndRejections (node:internal/process/task_queues:105:5)
    at async query (file:///C:/Users/ludin/Desktop/salidas/scanqueue/backend/src/config/database.js:25:18)
    at async Module.getScansToday (file:///C:/Users/ludin/Desktop/salidas/scanqueue/backend/src/models/Scan.js:23:15)
    at async Module.getScanStatistics (file:///C:/Users/ludin/Desktop/salidas/scanqueue/backend/src/services/ScanService.js:76:24)
    at async getDashboardStats (file:///C:/Users/ludin/Desktop/salidas/scanqueue/backend/src/controllers/DashboardController.js:12:19)
Path: /api/dashboard/stats

[2026-03-04T12:42:32.662Z] ERROR: 
Stack: AggregateError [ECONNREFUSED]: 
    at C:\Users\ludin\Desktop\salidas\scanqueue\backend\node_modules\pg-pool\index.js:45:11
    at process.processTicksAndRejections (node:internal/process/task_queues:105:5)
    at async query (file:///C:/Users/ludin/Desktop/salidas/scanqueue/backend/src/config/database.js:25:18)
    at async Module.getScansToday (file:///C:/Users/ludin/Desktop/salidas/scanqueue/backend/src/models/Scan.js:23:15)
    at async getTodaySummary (file:///C:/Users/ludin/Desktop/salidas/scanqueue/backend/src/controllers/DashboardController.js:30:24)
Path: /api/dashboard/today

[2026-03-04T12:42:33.028Z] ERROR: 
Stack: AggregateError [ECONNREFUSED]: 
    at C:\Users\ludin\Desktop\salidas\scanqueue\backend\node_modules\pg-pool\index.js:45:11
    at process.processTicksAndRejections (node:internal/process/task_queues:105:5)
    at async query (file:///C:/Users/ludin/Desktop/salidas/scanqueue/backend/src/config/database.js:25:18)
    at async Module.getScansToday (file:///C:/Users/ludin/Desktop/salidas/scanqueue/backend/src/models/Scan.js:23:15)
    at async Module.getScanStatistics (file:///C:/Users/ludin/Desktop/salidas/scanqueue/backend/src/services/ScanService.js:76:24)
    at async getDashboardStats (file:///C:/Users/ludin/Desktop/salidas/scanqueue/backend/src/controllers/DashboardController.js:12:19)
Path: /api/dashboard/stats

[2026-03-04T12:42:33.038Z] ERROR: 
Stack: AggregateError [ECONNREFUSED]: 
    at C:\Users\ludin\Desktop\salidas\scanqueue\backend\node_modules\pg-pool\index.js:45:11
    at process.processTicksAndRejections (node:internal/process/task_queues:105:5)
    at async query (file:///C:/Users/ludin/Desktop/salidas/scanqueue/backend/src/config/database.js:25:18)
    at async Module.getScansToday (file:///C:/Users/ludin/Desktop/salidas/scanqueue/backend/src/models/Scan.js:23:15)
    at async getTodaySummary (file:///C:/Users/ludin/Desktop/salidas/scanqueue/backend/src/controllers/DashboardController.js:30:24)
Path: /api/dashboard/today

[2026-03-04T12:42:33.350Z] ERROR: 
Stack: AggregateError [ECONNREFUSED]: 
    at C:\Users\ludin\Desktop\salidas\scanqueue\backend\node_modules\pg-pool\index.js:45:11
    at process.processTicksAndRejections (node:internal/process/task_queues:105:5)
    at async query (file:///C:/Users/ludin/Desktop/salidas/scanqueue/backend/src/config/database.js:25:18)
    at async Module.getScansToday (file:///C:/Users/ludin/Desktop/salidas/scanqueue/backend/src/models/Scan.js:23:15)
    at async Module.getScanStatistics (file:///C:/Users/ludin/Desktop/salidas/scanqueue/backend/src/services/ScanService.js:76:24)
    at async getDashboardStats (file:///C:/Users/ludin/Desktop/salidas/scanqueue/backend/src/controllers/DashboardController.js:12:19)
Path: /api/dashboard/stats

[2026-03-04T12:42:33.353Z] ERROR: 
Stack: AggregateError [ECONNREFUSED]: 
    at C:\Users\ludin\Desktop\salidas\scanqueue\backend\node_modules\pg-pool\index.js:45:11
    at process.processTicksAndRejections (node:internal/process/task_queues:105:5)
    at async query (file:///C:/Users/ludin/Desktop/salidas/scanqueue/backend/src/config/database.js:25:18)
    at async Module.getScansToday (file:///C:/Users/ludin/Desktop/salidas/scanqueue/backend/src/models/Scan.js:23:15)
    at async getTodaySummary (file:///C:/Users/ludin/Desktop/salidas/scanqueue/backend/src/controllers/DashboardController.js:30:24)
Path: /api/dashboard/today

[2026-03-04T12:42:33.684Z] ERROR: 
Stack: AggregateError [ECONNREFUSED]: 
    at C:\Users\ludin\Desktop\salidas\scanqueue\backend\node_modules\pg-pool\index.js:45:11
    at process.processTicksAndRejections (node:internal/process/task_queues:105:5)
    at async query (file:///C:/Users/ludin/Desktop/salidas/scanqueue/backend/src/config/database.js:25:18)
    at async Module.getScansToday (file:///C:/Users/ludin/Desktop/salidas/scanqueue/backend/src/models/Scan.js:23:15)
    at async Module.getScanStatistics (file:///C:/Users/ludin/Desktop/salidas/scanqueue/backend/src/services/ScanService.js:76:24)
    at async getDashboardStats (file:///C:/Users/ludin/Desktop/salidas/scanqueue/backend/src/controllers/DashboardController.js:12:19)
Path: /api/dashboard/stats

[2026-03-04T12:42:33.686Z] ERROR: 
Stack: AggregateError [ECONNREFUSED]: 
    at C:\Users\ludin\Desktop\salidas\scanqueue\backend\node_modules\pg-pool\index.js:45:11
    at process.processTicksAndRejections (node:internal/process/task_queues:105:5)
    at async query (file:///C:/Users/ludin/Desktop/salidas/scanqueue/backend/src/config/database.js:25:18)
    at async Module.getScansToday (file:///C:/Users/ludin/Desktop/salidas/scanqueue/backend/src/models/Scan.js:23:15)
    at async getTodaySummary (file:///C:/Users/ludin/Desktop/salidas/scanqueue/backend/src/controllers/DashboardController.js:30:24)
Path: /api/dashboard/today

[2026-03-04T12:42:33.960Z] ERROR: 
Stack: AggregateError [ECONNREFUSED]: 
    at C:\Users\ludin\Desktop\salidas\scanqueue\backend\node_modules\pg-pool\index.js:45:11
    at process.processTicksAndRejections (node:internal/process/task_queues:105:5)
    at async query (file:///C:/Users/ludin/Desktop/salidas/scanqueue/backend/src/config/database.js:25:18)
    at async Module.getScansToday (file:///C:/Users/ludin/Desktop/salidas/scanqueue/backend/src/models/Scan.js:23:15)
    at async Module.getScanStatistics (file:///C:/Users/ludin/Desktop/salidas/scanqueue/backend/src/services/ScanService.js:76:24)
    at async getDashboardStats (file:///C:/Users/ludin/Desktop/salidas/scanqueue/backend/src/controllers/DashboardController.js:12:19)
Path: /api/dashboard/stats

[2026-03-04T12:42:33.963Z] ERROR: 
Stack: AggregateError [ECONNREFUSED]: 
    at C:\Users\ludin\Desktop\salidas\scanqueue\backend\node_modules\pg-pool\index.js:45:11
    at process.processTicksAndRejections (node:internal/process/task_queues:105:5)
    at async query (file:///C:/Users/ludin/Desktop/salidas/scanqueue/backend/src/config/database.js:25:18)
    at async Module.getScansToday (file:///C:/Users/ludin/Desktop/salidas/scanqueue/backend/src/models/Scan.js:23:15)
    at async getTodaySummary (file:///C:/Users/ludin/Desktop/salidas/scanqueue/backend/src/controllers/DashboardController.js:30:24)
Path: /api/dashboard/today

[2026-03-04T12:42:34.281Z] ERROR: 
Stack: AggregateError [ECONNREFUSED]: 
    at C:\Users\ludin\Desktop\salidas\scanqueue\backend\node_modules\pg-pool\index.js:45:11
    at process.processTicksAndRejections (node:internal/process/task_queues:105:5)
    at async query (file:///C:/Users/ludin/Desktop/salidas/scanqueue/backend/src/config/database.js:25:18)
    at async Module.getScansToday (file:///C:/Users/ludin/Desktop/salidas/scanqueue/backend/src/models/Scan.js:23:15)
    at async Module.getScanStatistics (file:///C:/Users/ludin/Desktop/salidas/scanqueue/backend/src/services/ScanService.js:76:24)
    at async getDashboardStats (file:///C:/Users/ludin/Desktop/salidas/scanqueue/backend/src/controllers/DashboardController.js:12:19)
Path: /api/dashboard/stats

[2026-03-04T12:42:34.284Z] ERROR: 
Stack: AggregateError [ECONNREFUSED]: 
    at C:\Users\ludin\Desktop\salidas\scanqueue\backend\node_modules\pg-pool\index.js:45:11
    at process.processTicksAndRejections (node:internal/process/task_queues:105:5)
    at async query (file:///C:/Users/ludin/Desktop/salidas/scanqueue/backend/src/config/database.js:25:18)
    at async Module.getScansToday (file:///C:/Users/ludin/Desktop/salidas/scanqueue/backend/src/models/Scan.js:23:15)
    at async getTodaySummary (file:///C:/Users/ludin/Desktop/salidas/scanqueue/backend/src/controllers/DashboardController.js:30:24)
Path: /api/dashboard/today

[2026-03-04T12:42:34.582Z] ERROR: 
Stack: AggregateError [ECONNREFUSED]: 
    at C:\Users\ludin\Desktop\salidas\scanqueue\backend\node_modules\pg-pool\index.js:45:11
    at process.processTicksAndRejections (node:internal/process/task_queues:105:5)
    at async query (file:///C:/Users/ludin/Desktop/salidas/scanqueue/backend/src/config/database.js:25:18)
    at async Module.getScansToday (file:///C:/Users/ludin/Desktop/salidas/scanqueue/backend/src/models/Scan.js:23:15)
    at async Module.getScanStatistics (file:///C:/Users/ludin/Desktop/salidas/scanqueue/backend/src/services/ScanService.js:76:24)
    at async getDashboardStats (file:///C:/Users/ludin/Desktop/salidas/scanqueue/backend/src/controllers/DashboardController.js:12:19)
Path: /api/dashboard/stats

[2026-03-04T12:42:34.584Z] ERROR: 
Stack: AggregateError [ECONNREFUSED]: 
    at C:\Users\ludin\Desktop\salidas\scanqueue\backend\node_modules\pg-pool\index.js:45:11
    at process.processTicksAndRejections (node:internal/process/task_queues:105:5)
    at async query (file:///C:/Users/ludin/Desktop/salidas/scanqueue/backend/src/config/database.js:25:18)
    at async Module.getScansToday (file:///C:/Users/ludin/Desktop/salidas/scanqueue/backend/src/models/Scan.js:23:15)
    at async getTodaySummary (file:///C:/Users/ludin/Desktop/salidas/scanqueue/backend/src/controllers/DashboardController.js:30:24)
Path: /api/dashboard/today

[2026-03-04T12:42:34.792Z] ERROR: 
Stack: AggregateError [ECONNREFUSED]: 
    at C:\Users\ludin\Desktop\salidas\scanqueue\backend\node_modules\pg-pool\index.js:45:11
    at process.processTicksAndRejections (node:internal/process/task_queues:105:5)
    at async query (file:///C:/Users/ludin/Desktop/salidas/scanqueue/backend/src/config/database.js:25:18)
    at async Module.getScansToday (file:///C:/Users/ludin/Desktop/salidas/scanqueue/backend/src/models/Scan.js:23:15)
    at async Module.getScanStatistics (file:///C:/Users/ludin/Desktop/salidas/scanqueue/backend/src/services/ScanService.js:76:24)
    at async getDashboardStats (file:///C:/Users/ludin/Desktop/salidas/scanqueue/backend/src/controllers/DashboardController.js:12:19)
Path: /api/dashboard/stats

[2026-03-04T12:42:34.796Z] ERROR: 
Stack: AggregateError [ECONNREFUSED]: 
    at C:\Users\ludin\Desktop\salidas\scanqueue\backend\node_modules\pg-pool\index.js:45:11
    at process.processTicksAndRejections (node:internal/process/task_queues:105:5)
    at async query (file:///C:/Users/ludin/Desktop/salidas/scanqueue/backend/src/config/database.js:25:18)
    at async Module.getScansToday (file:///C:/Users/ludin/Desktop/salidas/scanqueue/backend/src/models/Scan.js:23:15)
    at async getTodaySummary (file:///C:/Users/ludin/Desktop/salidas/scanqueue/backend/src/controllers/DashboardController.js:30:24)
Path: /api/dashboard/today

[2026-03-04T12:42:35.083Z] ERROR: 
Stack: AggregateError [ECONNREFUSED]: 
    at C:\Users\ludin\Desktop\salidas\scanqueue\backend\node_modules\pg-pool\index.js:45:11
    at process.processTicksAndRejections (node:internal/process/task_queues:105:5)
    at async query (file:///C:/Users/ludin/Desktop/salidas/scanqueue/backend/src/config/database.js:25:18)
    at async Module.getScansToday (file:///C:/Users/ludin/Desktop/salidas/scanqueue/backend/src/models/Scan.js:23:15)
    at async Module.getScanStatistics (file:///C:/Users/ludin/Desktop/salidas/scanqueue/backend/src/services/ScanService.js:76:24)
    at async getDashboardStats (file:///C:/Users/ludin/Desktop/salidas/scanqueue/backend/src/controllers/DashboardController.js:12:19)
Path: /api/dashboard/stats

[2026-03-04T12:42:35.085Z] ERROR: 
Stack: AggregateError [ECONNREFUSED]: 
    at C:\Users\ludin\Desktop\salidas\scanqueue\backend\node_modules\pg-pool\index.js:45:11
    at process.processTicksAndRejections (node:internal/process/task_queues:105:5)
    at async query (file:///C:/Users/ludin/Desktop/salidas/scanqueue/backend/src/config/database.js:25:18)
    at async Module.getScansToday (file:///C:/Users/ludin/Desktop/salidas/scanqueue/backend/src/models/Scan.js:23:15)
    at async getTodaySummary (file:///C:/Users/ludin/Desktop/salidas/scanqueue/backend/src/controllers/DashboardController.js:30:24)
Path: /api/dashboard/today

[2026-03-04T12:42:35.337Z] ERROR: 
Stack: AggregateError [ECONNREFUSED]: 
    at C:\Users\ludin\Desktop\salidas\scanqueue\backend\node_modules\pg-pool\index.js:45:11
    at process.processTicksAndRejections (node:internal/process/task_queues:105:5)
    at async query (file:///C:/Users/ludin/Desktop/salidas/scanqueue/backend/src/config/database.js:25:18)
    at async Module.getScansToday (file:///C:/Users/ludin/Desktop/salidas/scanqueue/backend/src/models/Scan.js:23:15)
    at async Module.getScanStatistics (file:///C:/Users/ludin/Desktop/salidas/scanqueue/backend/src/services/ScanService.js:76:24)
    at async getDashboardStats (file:///C:/Users/ludin/Desktop/salidas/scanqueue/backend/src/controllers/DashboardController.js:12:19)
Path: /api/dashboard/stats

[2026-03-04T12:42:35.340Z] ERROR: 
Stack: AggregateError [ECONNREFUSED]: 
    at C:\Users\ludin\Desktop\salidas\scanqueue\backend\node_modules\pg-pool\index.js:45:11
    at process.processTicksAndRejections (node:internal/process/task_queues:105:5)
    at async query (file:///C:/Users/ludin/Desktop/salidas/scanqueue/backend/src/config/database.js:25:18)
    at async Module.getScansToday (file:///C:/Users/ludin/Desktop/salidas/scanqueue/backend/src/models/Scan.js:23:15)
    at async getTodaySummary (file:///C:/Users/ludin/Desktop/salidas/scanqueue/backend/src/controllers/DashboardController.js:30:24)
Path: /api/dashboard/today

[2026-03-04T12:42:35.613Z] ERROR: 
Stack: AggregateError [ECONNREFUSED]: 
    at C:\Users\ludin\Desktop\salidas\scanqueue\backend\node_modules\pg-pool\index.js:45:11
    at process.processTicksAndRejections (node:internal/process/task_queues:105:5)
    at async query (file:///C:/Users/ludin/Desktop/salidas/scanqueue/backend/src/config/database.js:25:18)
    at async Module.getScansToday (file:///C:/Users/ludin/Desktop/salidas/scanqueue/backend/src/models/Scan.js:23:15)
    at async Module.getScanStatistics (file:///C:/Users/ludin/Desktop/salidas/scanqueue/backend/src/services/ScanService.js:76:24)
    at async getDashboardStats (file:///C:/Users/ludin/Desktop/salidas/scanqueue/backend/src/controllers/DashboardController.js:12:19)
Path: /api/dashboard/stats

[2026-03-04T12:42:35.615Z] ERROR: 
Stack: AggregateError [ECONNREFUSED]: 
    at C:\Users\ludin\Desktop\salidas\scanqueue\backend\node_modules\pg-pool\index.js:45:11
    at process.processTicksAndRejections (node:internal/process/task_queues:105:5)
    at async query (file:///C:/Users/ludin/Desktop/salidas/scanqueue/backend/src/config/database.js:25:18)
    at async Module.getScansToday (file:///C:/Users/ludin/Desktop/salidas/scanqueue/backend/src/models/Scan.js:23:15)
    at async getTodaySummary (file:///C:/Users/ludin/Desktop/salidas/scanqueue/backend/src/controllers/DashboardController.js:30:24)
Path: /api/dashboard/today

[2026-03-04T12:42:35.838Z] ERROR: 
Stack: AggregateError [ECONNREFUSED]: 
    at C:\Users\ludin\Desktop\salidas\scanqueue\backend\node_modules\pg-pool\index.js:45:11
    at process.processTicksAndRejections (node:internal/process/task_queues:105:5)
    at async query (file:///C:/Users/ludin/Desktop/salidas/scanqueue/backend/src/config/database.js:25:18)
    at async Module.getScansToday (file:///C:/Users/ludin/Desktop/salidas/scanqueue/backend/src/models/Scan.js:23:15)
    at async Module.getScanStatistics (file:///C:/Users/ludin/Desktop/salidas/scanqueue/backend/src/services/ScanService.js:76:24)
    at async getDashboardStats (file:///C:/Users/ludin/Desktop/salidas/scanqueue/backend/src/controllers/DashboardController.js:12:19)
Path: /api/dashboard/stats

[2026-03-04T12:42:35.840Z] ERROR: 
Stack: AggregateError [ECONNREFUSED]: 
    at C:\Users\ludin\Desktop\salidas\scanqueue\backend\node_modules\pg-pool\index.js:45:11
    at process.processTicksAndRejections (node:internal/process/task_queues:105:5)
    at async query (file:///C:/Users/ludin/Desktop/salidas/scanqueue/backend/src/config/database.js:25:18)
    at async Module.getScansToday (file:///C:/Users/ludin/Desktop/salidas/scanqueue/backend/src/models/Scan.js:23:15)
    at async getTodaySummary (file:///C:/Users/ludin/Desktop/salidas/scanqueue/backend/src/controllers/DashboardController.js:30:24)
Path: /api/dashboard/today

[2026-03-04T12:42:36.121Z] ERROR: 
Stack: AggregateError [ECONNREFUSED]: 
    at C:\Users\ludin\Desktop\salidas\scanqueue\backend\node_modules\pg-pool\index.js:45:11
    at process.processTicksAndRejections (node:internal/process/task_queues:105:5)
    at async query (file:///C:/Users/ludin/Desktop/salidas/scanqueue/backend/src/config/database.js:25:18)
    at async Module.getScansToday (file:///C:/Users/ludin/Desktop/salidas/scanqueue/backend/src/models/Scan.js:23:15)
    at async Module.getScanStatistics (file:///C:/Users/ludin/Desktop/salidas/scanqueue/backend/src/services/ScanService.js:76:24)
    at async getDashboardStats (file:///C:/Users/ludin/Desktop/salidas/scanqueue/backend/src/controllers/DashboardController.js:12:19)
Path: /api/dashboard/stats

[2026-03-04T12:42:36.124Z] ERROR: 
Stack: AggregateError [ECONNREFUSED]: 
    at C:\Users\ludin\Desktop\salidas\scanqueue\backend\node_modules\pg-pool\index.js:45:11
    at process.processTicksAndRejections (node:internal/process/task_queues:105:5)
    at async query (file:///C:/Users/ludin/Desktop/salidas/scanqueue/backend/src/config/database.js:25:18)
    at async Module.getScansToday (file:///C:/Users/ludin/Desktop/salidas/scanqueue/backend/src/models/Scan.js:23:15)
    at async getTodaySummary (file:///C:/Users/ludin/Desktop/salidas/scanqueue/backend/src/controllers/DashboardController.js:30:24)
Path: /api/dashboard/today

[2026-03-04T12:42:36.401Z] ERROR: 
Stack: AggregateError [ECONNREFUSED]: 
    at C:\Users\ludin\Desktop\salidas\scanqueue\backend\node_modules\pg-pool\index.js:45:11
    at process.processTicksAndRejections (node:internal/process/task_queues:105:5)
    at async query (file:///C:/Users/ludin/Desktop/salidas/scanqueue/backend/src/config/database.js:25:18)
    at async Module.getScansToday (file:///C:/Users/ludin/Desktop/salidas/scanqueue/backend/src/models/Scan.js:23:15)
    at async Module.getScanStatistics (file:///C:/Users/ludin/Desktop/salidas/scanqueue/backend/src/services/ScanService.js:76:24)
    at async getDashboardStats (file:///C:/Users/ludin/Desktop/salidas/scanqueue/backend/src/controllers/DashboardController.js:12:19)
Path: /api/dashboard/stats

[2026-03-04T12:42:36.404Z] ERROR: 
Stack: AggregateError [ECONNREFUSED]: 
    at C:\Users\ludin\Desktop\salidas\scanqueue\backend\node_modules\pg-pool\index.js:45:11
    at process.processTicksAndRejections (node:internal/process/task_queues:105:5)
    at async query (file:///C:/Users/ludin/Desktop/salidas/scanqueue/backend/src/config/database.js:25:18)
    at async Module.getScansToday (file:///C:/Users/ludin/Desktop/salidas/scanqueue/backend/src/models/Scan.js:23:15)
    at async getTodaySummary (file:///C:/Users/ludin/Desktop/salidas/scanqueue/backend/src/controllers/DashboardController.js:30:24)
Path: /api/dashboard/today

[2026-03-04T12:42:36.664Z] ERROR: 
Stack: AggregateError [ECONNREFUSED]: 
    at C:\Users\ludin\Desktop\salidas\scanqueue\backend\node_modules\pg-pool\index.js:45:11
    at process.processTicksAndRejections (node:internal/process/task_queues:105:5)
    at async query (file:///C:/Users/ludin/Desktop/salidas/scanqueue/backend/src/config/database.js:25:18)
    at async Module.getScansToday (file:///C:/Users/ludin/Desktop/salidas/scanqueue/backend/src/models/Scan.js:23:15)
    at async Module.getScanStatistics (file:///C:/Users/ludin/Desktop/salidas/scanqueue/backend/src/services/ScanService.js:76:24)
    at async getDashboardStats (file:///C:/Users/ludin/Desktop/salidas/scanqueue/backend/src/controllers/DashboardController.js:12:19)
Path: /api/dashboard/stats

[2026-03-04T12:42:36.668Z] ERROR: 
Stack: AggregateError [ECONNREFUSED]: 
    at C:\Users\ludin\Desktop\salidas\scanqueue\backend\node_modules\pg-pool\index.js:45:11
    at process.processTicksAndRejections (node:internal/process/task_queues:105:5)
    at async query (file:///C:/Users/ludin/Desktop/salidas/scanqueue/backend/src/config/database.js:25:18)
    at async Module.getScansToday (file:///C:/Users/ludin/Desktop/salidas/scanqueue/backend/src/models/Scan.js:23:15)
    at async getTodaySummary (file:///C:/Users/ludin/Desktop/salidas/scanqueue/backend/src/controllers/DashboardController.js:30:24)
Path: /api/dashboard/today

[2026-03-04T12:42:36.901Z] ERROR: 
Stack: AggregateError [ECONNREFUSED]: 
    at C:\Users\ludin\Desktop\salidas\scanqueue\backend\node_modules\pg-pool\index.js:45:11
    at process.processTicksAndRejections (node:internal/process/task_queues:105:5)
    at async query (file:///C:/Users/ludin/Desktop/salidas/scanqueue/backend/src/config/database.js:25:18)
    at async Module.getScansToday (file:///C:/Users/ludin/Desktop/salidas/scanqueue/backend/src/models/Scan.js:23:15)
    at async Module.getScanStatistics (file:///C:/Users/ludin/Desktop/salidas/scanqueue/backend/src/services/ScanService.js:76:24)
    at async getDashboardStats (file:///C:/Users/ludin/Desktop/salidas/scanqueue/backend/src/controllers/DashboardController.js:12:19)
Path: /api/dashboard/stats

[2026-03-04T12:42:36.903Z] ERROR: 
Stack: AggregateError [ECONNREFUSED]: 
    at C:\Users\ludin\Desktop\salidas\scanqueue\backend\node_modules\pg-pool\index.js:45:11
    at process.processTicksAndRejections (node:internal/process/task_queues:105:5)
    at async query (file:///C:/Users/ludin/Desktop/salidas/scanqueue/backend/src/config/database.js:25:18)
    at async Module.getScansToday (file:///C:/Users/ludin/Desktop/salidas/scanqueue/backend/src/models/Scan.js:23:15)
    at async getTodaySummary (file:///C:/Users/ludin/Desktop/salidas/scanqueue/backend/src/controllers/DashboardController.js:30:24)
Path: /api/dashboard/today

[2026-03-04T12:42:37.192Z] ERROR: 
Stack: AggregateError [ECONNREFUSED]: 
    at C:\Users\ludin\Desktop\salidas\scanqueue\backend\node_modules\pg-pool\index.js:45:11
    at process.processTicksAndRejections (node:internal/process/task_queues:105:5)
    at async query (file:///C:/Users/ludin/Desktop/salidas/scanqueue/backend/src/config/database.js:25:18)
    at async Module.getScansToday (file:///C:/Users/ludin/Desktop/salidas/scanqueue/backend/src/models/Scan.js:23:15)
    at async Module.getScanStatistics (file:///C:/Users/ludin/Desktop/salidas/scanqueue/backend/src/services/ScanService.js:76:24)
    at async getDashboardStats (file:///C:/Users/ludin/Desktop/salidas/scanqueue/backend/src/controllers/DashboardController.js:12:19)
Path: /api/dashboard/stats

[2026-03-04T12:42:37.194Z] ERROR: 
Stack: AggregateError [ECONNREFUSED]: 
    at C:\Users\ludin\Desktop\salidas\scanqueue\backend\node_modules\pg-pool\index.js:45:11
    at process.processTicksAndRejections (node:internal/process/task_queues:105:5)
    at async query (file:///C:/Users/ludin/Desktop/salidas/scanqueue/backend/src/config/database.js:25:18)
    at async Module.getScansToday (file:///C:/Users/ludin/Desktop/salidas/scanqueue/backend/src/models/Scan.js:23:15)
    at async getTodaySummary (file:///C:/Users/ludin/Desktop/salidas/scanqueue/backend/src/controllers/DashboardController.js:30:24)
Path: /api/dashboard/today

[2026-03-04T12:42:37.477Z] ERROR: 
Stack: AggregateError [ECONNREFUSED]: 
    at C:\Users\ludin\Desktop\salidas\scanqueue\backend\node_modules\pg-pool\index.js:45:11
    at process.processTicksAndRejections (node:internal/process/task_queues:105:5)
    at async query (file:///C:/Users/ludin/Desktop/salidas/scanqueue/backend/src/config/database.js:25:18)
    at async Module.getScansToday (file:///C:/Users/ludin/Desktop/salidas/scanqueue/backend/src/models/Scan.js:23:15)
    at async Module.getScanStatistics (file:///C:/Users/ludin/Desktop/salidas/scanqueue/backend/src/services/ScanService.js:76:24)
    at async getDashboardStats (file:///C:/Users/ludin/Desktop/salidas/scanqueue/backend/src/controllers/DashboardController.js:12:19)
Path: /api/dashboard/stats

[2026-03-04T12:42:37.479Z] ERROR: 
Stack: AggregateError [ECONNREFUSED]: 
    at C:\Users\ludin\Desktop\salidas\scanqueue\backend\node_modules\pg-pool\index.js:45:11
    at process.processTicksAndRejections (node:internal/process/task_queues:105:5)
    at async query (file:///C:/Users/ludin/Desktop/salidas/scanqueue/backend/src/config/database.js:25:18)
    at async Module.getScansToday (file:///C:/Users/ludin/Desktop/salidas/scanqueue/backend/src/models/Scan.js:23:15)
    at async getTodaySummary (file:///C:/Users/ludin/Desktop/salidas/scanqueue/backend/src/controllers/DashboardController.js:30:24)
Path: /api/dashboard/today

[2026-03-04T12:42:37.677Z] ERROR: 
Stack: AggregateError [ECONNREFUSED]: 
    at C:\Users\ludin\Desktop\salidas\scanqueue\backend\node_modules\pg-pool\index.js:45:11
    at process.processTicksAndRejections (node:internal/process/task_queues:105:5)
    at async query (file:///C:/Users/ludin/Desktop/salidas/scanqueue/backend/src/config/database.js:25:18)
    at async Module.getScansToday (file:///C:/Users/ludin/Desktop/salidas/scanqueue/backend/src/models/Scan.js:23:15)
    at async Module.getScanStatistics (file:///C:/Users/ludin/Desktop/salidas/scanqueue/backend/src/services/ScanService.js:76:24)
    at async getDashboardStats (file:///C:/Users/ludin/Desktop/salidas/scanqueue/backend/src/controllers/DashboardController.js:12:19)
Path: /api/dashboard/stats

[2026-03-04T12:42:37.679Z] ERROR: 
Stack: AggregateError [ECONNREFUSED]: 
    at C:\Users\ludin\Desktop\salidas\scanqueue\backend\node_modules\pg-pool\index.js:45:11
    at process.processTicksAndRejections (node:internal/process/task_queues:105:5)
    at async query (file:///C:/Users/ludin/Desktop/salidas/scanqueue/backend/src/config/database.js:25:18)
    at async Module.getScansToday (file:///C:/Users/ludin/Desktop/salidas/scanqueue/backend/src/models/Scan.js:23:15)
    at async getTodaySummary (file:///C:/Users/ludin/Desktop/salidas/scanqueue/backend/src/controllers/DashboardController.js:30:24)
Path: /api/dashboard/today

[2026-03-04T12:42:37.952Z] ERROR: 
Stack: AggregateError [ECONNREFUSED]: 
    at C:\Users\ludin\Desktop\salidas\scanqueue\backend\node_modules\pg-pool\index.js:45:11
    at process.processTicksAndRejections (node:internal/process/task_queues:105:5)
    at async query (file:///C:/Users/ludin/Desktop/salidas/scanqueue/backend/src/config/database.js:25:18)
    at async Module.getScansToday (file:///C:/Users/ludin/Desktop/salidas/scanqueue/backend/src/models/Scan.js:23:15)
    at async Module.getScanStatistics (file:///C:/Users/ludin/Desktop/salidas/scanqueue/backend/src/services/ScanService.js:76:24)
    at async getDashboardStats (file:///C:/Users/ludin/Desktop/salidas/scanqueue/backend/src/controllers/DashboardController.js:12:19)
Path: /api/dashboard/stats

[2026-03-04T12:42:37.954Z] ERROR: 
Stack: AggregateError [ECONNREFUSED]: 
    at C:\Users\ludin\Desktop\salidas\scanqueue\backend\node_modules\pg-pool\index.js:45:11
    at process.processTicksAndRejections (node:internal/process/task_queues:105:5)
    at async query (file:///C:/Users/ludin/Desktop/salidas/scanqueue/backend/src/config/database.js:25:18)
    at async Module.getScansToday (file:///C:/Users/ludin/Desktop/salidas/scanqueue/backend/src/models/Scan.js:23:15)
    at async getTodaySummary (file:///C:/Users/ludin/Desktop/salidas/scanqueue/backend/src/controllers/DashboardController.js:30:24)
Path: /api/dashboard/today

[2026-03-04T12:42:38.243Z] ERROR: 
Stack: AggregateError [ECONNREFUSED]: 
    at C:\Users\ludin\Desktop\salidas\scanqueue\backend\node_modules\pg-pool\index.js:45:11
    at process.processTicksAndRejections (node:internal/process/task_queues:105:5)
    at async query (file:///C:/Users/ludin/Desktop/salidas/scanqueue/backend/src/config/database.js:25:18)
    at async Module.getScansToday (file:///C:/Users/ludin/Desktop/salidas/scanqueue/backend/src/models/Scan.js:23:15)
    at async Module.getScanStatistics (file:///C:/Users/ludin/Desktop/salidas/scanqueue/backend/src/services/ScanService.js:76:24)
    at async getDashboardStats (file:///C:/Users/ludin/Desktop/salidas/scanqueue/backend/src/controllers/DashboardController.js:12:19)
Path: /api/dashboard/stats

[2026-03-04T12:42:38.245Z] ERROR: 
Stack: AggregateError [ECONNREFUSED]: 
    at C:\Users\ludin\Desktop\salidas\scanqueue\backend\node_modules\pg-pool\index.js:45:11
    at process.processTicksAndRejections (node:internal/process/task_queues:105:5)
    at async query (file:///C:/Users/ludin/Desktop/salidas/scanqueue/backend/src/config/database.js:25:18)
    at async Module.getScansToday (file:///C:/Users/ludin/Desktop/salidas/scanqueue/backend/src/models/Scan.js:23:15)
    at async getTodaySummary (file:///C:/Users/ludin/Desktop/salidas/scanqueue/backend/src/controllers/DashboardController.js:30:24)
Path: /api/dashboard/today

[2026-03-04T12:42:38.534Z] ERROR: 
Stack: AggregateError [ECONNREFUSED]: 
    at C:\Users\ludin\Desktop\salidas\scanqueue\backend\node_modules\pg-pool\index.js:45:11
    at process.processTicksAndRejections (node:internal/process/task_queues:105:5)
    at async query (file:///C:/Users/ludin/Desktop/salidas/scanqueue/backend/src/config/database.js:25:18)
    at async Module.getScansToday (file:///C:/Users/ludin/Desktop/salidas/scanqueue/backend/src/models/Scan.js:23:15)
    at async Module.getScanStatistics (file:///C:/Users/ludin/Desktop/salidas/scanqueue/backend/src/services/ScanService.js:76:24)
    at async getDashboardStats (file:///C:/Users/ludin/Desktop/salidas/scanqueue/backend/src/controllers/DashboardController.js:12:19)
Path: /api/dashboard/stats

[2026-03-04T12:42:38.536Z] ERROR: 
Stack: AggregateError [ECONNREFUSED]: 
    at C:\Users\ludin\Desktop\salidas\scanqueue\backend\node_modules\pg-pool\index.js:45:11
    at process.processTicksAndRejections (node:internal/process/task_queues:105:5)
    at async query (file:///C:/Users/ludin/Desktop/salidas/scanqueue/backend/src/config/database.js:25:18)
    at async Module.getScansToday (file:///C:/Users/ludin/Desktop/salidas/scanqueue/backend/src/models/Scan.js:23:15)
    at async getTodaySummary (file:///C:/Users/ludin/Desktop/salidas/scanqueue/backend/src/controllers/DashboardController.js:30:24)
Path: /api/dashboard/today

[2026-03-04T12:42:38.735Z] ERROR: 
Stack: AggregateError [ECONNREFUSED]: 
    at C:\Users\ludin\Desktop\salidas\scanqueue\backend\node_modules\pg-pool\index.js:45:11
    at process.processTicksAndRejections (node:internal/process/task_queues:105:5)
    at async query (file:///C:/Users/ludin/Desktop/salidas/scanqueue/backend/src/config/database.js:25:18)
    at async Module.getScansToday (file:///C:/Users/ludin/Desktop/salidas/scanqueue/backend/src/models/Scan.js:23:15)
    at async Module.getScanStatistics (file:///C:/Users/ludin/Desktop/salidas/scanqueue/backend/src/services/ScanService.js:76:24)
    at async getDashboardStats (file:///C:/Users/ludin/Desktop/salidas/scanqueue/backend/src/controllers/DashboardController.js:12:19)
Path: /api/dashboard/stats

[2026-03-04T12:42:38.739Z] ERROR: 
Stack: AggregateError [ECONNREFUSED]: 
    at C:\Users\ludin\Desktop\salidas\scanqueue\backend\node_modules\pg-pool\index.js:45:11
    at process.processTicksAndRejections (node:internal/process/task_queues:105:5)
    at async query (file:///C:/Users/ludin/Desktop/salidas/scanqueue/backend/src/config/database.js:25:18)
    at async Module.getScansToday (file:///C:/Users/ludin/Desktop/salidas/scanqueue/backend/src/models/Scan.js:23:15)
    at async getTodaySummary (file:///C:/Users/ludin/Desktop/salidas/scanqueue/backend/src/controllers/DashboardController.js:30:24)
Path: /api/dashboard/today

[2026-03-04T12:42:39.070Z] ERROR: 
Stack: AggregateError [ECONNREFUSED]: 
    at C:\Users\ludin\Desktop\salidas\scanqueue\backend\node_modules\pg-pool\index.js:45:11
    at process.processTicksAndRejections (node:internal/process/task_queues:105:5)
    at async query (file:///C:/Users/ludin/Desktop/salidas/scanqueue/backend/src/config/database.js:25:18)
    at async Module.getScansToday (file:///C:/Users/ludin/Desktop/salidas/scanqueue/backend/src/models/Scan.js:23:15)
    at async Module.getScanStatistics (file:///C:/Users/ludin/Desktop/salidas/scanqueue/backend/src/services/ScanService.js:76:24)
    at async getDashboardStats (file:///C:/Users/ludin/Desktop/salidas/scanqueue/backend/src/controllers/DashboardController.js:12:19)
Path: /api/dashboard/stats

[2026-03-04T12:42:39.073Z] ERROR: 
Stack: AggregateError [ECONNREFUSED]: 
    at C:\Users\ludin\Desktop\salidas\scanqueue\backend\node_modules\pg-pool\index.js:45:11
    at process.processTicksAndRejections (node:internal/process/task_queues:105:5)
    at async query (file:///C:/Users/ludin/Desktop/salidas/scanqueue/backend/src/config/database.js:25:18)
    at async Module.getScansToday (file:///C:/Users/ludin/Desktop/salidas/scanqueue/backend/src/models/Scan.js:23:15)
    at async getTodaySummary (file:///C:/Users/ludin/Desktop/salidas/scanqueue/backend/src/controllers/DashboardController.js:30:24)
Path: /api/dashboard/today

[2026-03-04T12:42:39.392Z] ERROR: 
Stack: AggregateError [ECONNREFUSED]: 
    at C:\Users\ludin\Desktop\salidas\scanqueue\backend\node_modules\pg-pool\index.js:45:11
    at process.processTicksAndRejections (node:internal/process/task_queues:105:5)
    at async query (file:///C:/Users/ludin/Desktop/salidas/scanqueue/backend/src/config/database.js:25:18)
    at async Module.getScansToday (file:///C:/Users/ludin/Desktop/salidas/scanqueue/backend/src/models/Scan.js:23:15)
    at async Module.getScanStatistics (file:///C:/Users/ludin/Desktop/salidas/scanqueue/backend/src/services/ScanService.js:76:24)
    at async getDashboardStats (file:///C:/Users/ludin/Desktop/salidas/scanqueue/backend/src/controllers/DashboardController.js:12:19)
Path: /api/dashboard/stats

[2026-03-04T12:42:39.395Z] ERROR: 
Stack: AggregateError [ECONNREFUSED]: 
    at C:\Users\ludin\Desktop\salidas\scanqueue\backend\node_modules\pg-pool\index.js:45:11
    at process.processTicksAndRejections (node:internal/process/task_queues:105:5)
    at async query (file:///C:/Users/ludin/Desktop/salidas/scanqueue/backend/src/config/database.js:25:18)
    at async Module.getScansToday (file:///C:/Users/ludin/Desktop/salidas/scanqueue/backend/src/models/Scan.js:23:15)
    at async getTodaySummary (file:///C:/Users/ludin/Desktop/salidas/scanqueue/backend/src/controllers/DashboardController.js:30:24)
Path: /api/dashboard/today

[2026-03-04T12:42:39.653Z] ERROR: 
Stack: AggregateError [ECONNREFUSED]: 
    at C:\Users\ludin\Desktop\salidas\scanqueue\backend\node_modules\pg-pool\index.js:45:11
    at process.processTicksAndRejections (node:internal/process/task_queues:105:5)
    at async query (file:///C:/Users/ludin/Desktop/salidas/scanqueue/backend/src/config/database.js:25:18)
    at async Module.getScansToday (file:///C:/Users/ludin/Desktop/salidas/scanqueue/backend/src/models/Scan.js:23:15)
    at async Module.getScanStatistics (file:///C:/Users/ludin/Desktop/salidas/scanqueue/backend/src/services/ScanService.js:76:24)
    at async getDashboardStats (file:///C:/Users/ludin/Desktop/salidas/scanqueue/backend/src/controllers/DashboardController.js:12:19)
Path: /api/dashboard/stats

[2026-03-04T12:42:39.657Z] ERROR: 
Stack: AggregateError [ECONNREFUSED]: 
    at C:\Users\ludin\Desktop\salidas\scanqueue\backend\node_modules\pg-pool\index.js:45:11
    at process.processTicksAndRejections (node:internal/process/task_queues:105:5)
    at async query (file:///C:/Users/ludin/Desktop/salidas/scanqueue/backend/src/config/database.js:25:18)
    at async Module.getScansToday (file:///C:/Users/ludin/Desktop/salidas/scanqueue/backend/src/models/Scan.js:23:15)
    at async getTodaySummary (file:///C:/Users/ludin/Desktop/salidas/scanqueue/backend/src/controllers/DashboardController.js:30:24)
Path: /api/dashboard/today

[2026-03-04T12:42:39.913Z] ERROR: 
Stack: AggregateError [ECONNREFUSED]: 
    at C:\Users\ludin\Desktop\salidas\scanqueue\backend\node_modules\pg-pool\index.js:45:11
    at process.processTicksAndRejections (node:internal/process/task_queues:105:5)
    at async query (file:///C:/Users/ludin/Desktop/salidas/scanqueue/backend/src/config/database.js:25:18)
    at async Module.getScansToday (file:///C:/Users/ludin/Desktop/salidas/scanqueue/backend/src/models/Scan.js:23:15)
    at async Module.getScanStatistics (file:///C:/Users/ludin/Desktop/salidas/scanqueue/backend/src/services/ScanService.js:76:24)
    at async getDashboardStats (file:///C:/Users/ludin/Desktop/salidas/scanqueue/backend/src/controllers/DashboardController.js:12:19)
Path: /api/dashboard/stats

[2026-03-04T12:42:39.917Z] ERROR: 
Stack: AggregateError [ECONNREFUSED]: 
    at C:\Users\ludin\Desktop\salidas\scanqueue\backend\node_modules\pg-pool\index.js:45:11
    at process.processTicksAndRejections (node:internal/process/task_queues:105:5)
    at async query (file:///C:/Users/ludin/Desktop/salidas/scanqueue/backend/src/config/database.js:25:18)
    at async Module.getScansToday (file:///C:/Users/ludin/Desktop/salidas/scanqueue/backend/src/models/Scan.js:23:15)
    at async getTodaySummary (file:///C:/Users/ludin/Desktop/salidas/scanqueue/backend/src/controllers/DashboardController.js:30:24)
Path: /api/dashboard/today

[2026-03-04T12:42:40.286Z] ERROR: 
Stack: AggregateError [ECONNREFUSED]: 
    at C:\Users\ludin\Desktop\salidas\scanqueue\backend\node_modules\pg-pool\index.js:45:11
    at process.processTicksAndRejections (node:internal/process/task_queues:105:5)
    at async query (file:///C:/Users/ludin/Desktop/salidas/scanqueue/backend/src/config/database.js:25:18)
    at async Module.getScansToday (file:///C:/Users/ludin/Desktop/salidas/scanqueue/backend/src/models/Scan.js:23:15)
    at async Module.getScanStatistics (file:///C:/Users/ludin/Desktop/salidas/scanqueue/backend/src/services/ScanService.js:76:24)
    at async getDashboardStats (file:///C:/Users/ludin/Desktop/salidas/scanqueue/backend/src/controllers/DashboardController.js:12:19)
Path: /api/dashboard/stats

[2026-03-04T12:42:40.289Z] ERROR: 
Stack: AggregateError [ECONNREFUSED]: 
    at C:\Users\ludin\Desktop\salidas\scanqueue\backend\node_modules\pg-pool\index.js:45:11
    at process.processTicksAndRejections (node:internal/process/task_queues:105:5)
    at async query (file:///C:/Users/ludin/Desktop/salidas/scanqueue/backend/src/config/database.js:25:18)
    at async Module.getScansToday (file:///C:/Users/ludin/Desktop/salidas/scanqueue/backend/src/models/Scan.js:23:15)
    at async getTodaySummary (file:///C:/Users/ludin/Desktop/salidas/scanqueue/backend/src/controllers/DashboardController.js:30:24)
Path: /api/dashboard/today

[2026-03-04T12:42:40.620Z] ERROR: 
Stack: AggregateError [ECONNREFUSED]: 
    at C:\Users\ludin\Desktop\salidas\scanqueue\backend\node_modules\pg-pool\index.js:45:11
    at process.processTicksAndRejections (node:internal/process/task_queues:105:5)
    at async query (file:///C:/Users/ludin/Desktop/salidas/scanqueue/backend/src/config/database.js:25:18)
    at async Module.getScansToday (file:///C:/Users/ludin/Desktop/salidas/scanqueue/backend/src/models/Scan.js:23:15)
    at async Module.getScanStatistics (file:///C:/Users/ludin/Desktop/salidas/scanqueue/backend/src/services/ScanService.js:76:24)
    at async getDashboardStats (file:///C:/Users/ludin/Desktop/salidas/scanqueue/backend/src/controllers/DashboardController.js:12:19)
Path: /api/dashboard/stats

[2026-03-04T12:42:40.624Z] ERROR: 
Stack: AggregateError [ECONNREFUSED]: 
    at C:\Users\ludin\Desktop\salidas\scanqueue\backend\node_modules\pg-pool\index.js:45:11
    at process.processTicksAndRejections (node:internal/process/task_queues:105:5)
    at async query (file:///C:/Users/ludin/Desktop/salidas/scanqueue/backend/src/config/database.js:25:18)
    at async Module.getScansToday (file:///C:/Users/ludin/Desktop/salidas/scanqueue/backend/src/models/Scan.js:23:15)
    at async getTodaySummary (file:///C:/Users/ludin/Desktop/salidas/scanqueue/backend/src/controllers/DashboardController.js:30:24)
Path: /api/dashboard/today

[2026-03-04T12:42:40.901Z] ERROR: 
Stack: AggregateError [ECONNREFUSED]: 
    at C:\Users\ludin\Desktop\salidas\scanqueue\backend\node_modules\pg-pool\index.js:45:11
    at process.processTicksAndRejections (node:internal/process/task_queues:105:5)
    at async query (file:///C:/Users/ludin/Desktop/salidas/scanqueue/backend/src/config/database.js:25:18)
    at async Module.getScansToday (file:///C:/Users/ludin/Desktop/salidas/scanqueue/backend/src/models/Scan.js:23:15)
    at async Module.getScanStatistics (file:///C:/Users/ludin/Desktop/salidas/scanqueue/backend/src/services/ScanService.js:76:24)
    at async getDashboardStats (file:///C:/Users/ludin/Desktop/salidas/scanqueue/backend/src/controllers/DashboardController.js:12:19)
Path: /api/dashboard/stats

[2026-03-04T12:42:40.904Z] ERROR: 
Stack: AggregateError [ECONNREFUSED]: 
    at C:\Users\ludin\Desktop\salidas\scanqueue\backend\node_modules\pg-pool\index.js:45:11
    at process.processTicksAndRejections (node:internal/process/task_queues:105:5)
    at async query (file:///C:/Users/ludin/Desktop/salidas/scanqueue/backend/src/config/database.js:25:18)
    at async Module.getScansToday (file:///C:/Users/ludin/Desktop/salidas/scanqueue/backend/src/models/Scan.js:23:15)
    at async getTodaySummary (file:///C:/Users/ludin/Desktop/salidas/scanqueue/backend/src/controllers/DashboardController.js:30:24)
Path: /api/dashboard/today

[2026-03-04T12:42:41.206Z] ERROR: 
Stack: AggregateError [ECONNREFUSED]: 
    at C:\Users\ludin\Desktop\salidas\scanqueue\backend\node_modules\pg-pool\index.js:45:11
    at process.processTicksAndRejections (node:internal/process/task_queues:105:5)
    at async query (file:///C:/Users/ludin/Desktop/salidas/scanqueue/backend/src/config/database.js:25:18)
    at async Module.getScansToday (file:///C:/Users/ludin/Desktop/salidas/scanqueue/backend/src/models/Scan.js:23:15)
    at async Module.getScanStatistics (file:///C:/Users/ludin/Desktop/salidas/scanqueue/backend/src/services/ScanService.js:76:24)
    at async getDashboardStats (file:///C:/Users/ludin/Desktop/salidas/scanqueue/backend/src/controllers/DashboardController.js:12:19)
Path: /api/dashboard/stats

[2026-03-04T12:42:41.209Z] ERROR: 
Stack: AggregateError [ECONNREFUSED]: 
    at C:\Users\ludin\Desktop\salidas\scanqueue\backend\node_modules\pg-pool\index.js:45:11
    at process.processTicksAndRejections (node:internal/process/task_queues:105:5)
    at async query (file:///C:/Users/ludin/Desktop/salidas/scanqueue/backend/src/config/database.js:25:18)
    at async Module.getScansToday (file:///C:/Users/ludin/Desktop/salidas/scanqueue/backend/src/models/Scan.js:23:15)
    at async getTodaySummary (file:///C:/Users/ludin/Desktop/salidas/scanqueue/backend/src/controllers/DashboardController.js:30:24)
Path: /api/dashboard/today

[2026-03-04T12:42:41.520Z] ERROR: 
Stack: AggregateError [ECONNREFUSED]: 
    at C:\Users\ludin\Desktop\salidas\scanqueue\backend\node_modules\pg-pool\index.js:45:11
    at process.processTicksAndRejections (node:internal/process/task_queues:105:5)
    at async query (file:///C:/Users/ludin/Desktop/salidas/scanqueue/backend/src/config/database.js:25:18)
    at async Module.getScansToday (file:///C:/Users/ludin/Desktop/salidas/scanqueue/backend/src/models/Scan.js:23:15)
    at async Module.getScanStatistics (file:///C:/Users/ludin/Desktop/salidas/scanqueue/backend/src/services/ScanService.js:76:24)
    at async getDashboardStats (file:///C:/Users/ludin/Desktop/salidas/scanqueue/backend/src/controllers/DashboardController.js:12:19)
Path: /api/dashboard/stats

[2026-03-04T12:42:41.522Z] ERROR: 
Stack: AggregateError [ECONNREFUSED]: 
    at C:\Users\ludin\Desktop\salidas\scanqueue\backend\node_modules\pg-pool\index.js:45:11
    at process.processTicksAndRejections (node:internal/process/task_queues:105:5)
    at async query (file:///C:/Users/ludin/Desktop/salidas/scanqueue/backend/src/config/database.js:25:18)
    at async Module.getScansToday (file:///C:/Users/ludin/Desktop/salidas/scanqueue/backend/src/models/Scan.js:23:15)
    at async getTodaySummary (file:///C:/Users/ludin/Desktop/salidas/scanqueue/backend/src/controllers/DashboardController.js:30:24)
Path: /api/dashboard/today

[2026-03-04T12:42:41.816Z] ERROR: 
Stack: AggregateError [ECONNREFUSED]: 
    at C:\Users\ludin\Desktop\salidas\scanqueue\backend\node_modules\pg-pool\index.js:45:11
    at process.processTicksAndRejections (node:internal/process/task_queues:105:5)
    at async query (file:///C:/Users/ludin/Desktop/salidas/scanqueue/backend/src/config/database.js:25:18)
    at async Module.getScansToday (file:///C:/Users/ludin/Desktop/salidas/scanqueue/backend/src/models/Scan.js:23:15)
    at async Module.getScanStatistics (file:///C:/Users/ludin/Desktop/salidas/scanqueue/backend/src/services/ScanService.js:76:24)
    at async getDashboardStats (file:///C:/Users/ludin/Desktop/salidas/scanqueue/backend/src/controllers/DashboardController.js:12:19)
Path: /api/dashboard/stats

[2026-03-04T12:42:41.819Z] ERROR: 
Stack: AggregateError [ECONNREFUSED]: 
    at C:\Users\ludin\Desktop\salidas\scanqueue\backend\node_modules\pg-pool\index.js:45:11
    at process.processTicksAndRejections (node:internal/process/task_queues:105:5)
    at async query (file:///C:/Users/ludin/Desktop/salidas/scanqueue/backend/src/config/database.js:25:18)
    at async Module.getScansToday (file:///C:/Users/ludin/Desktop/salidas/scanqueue/backend/src/models/Scan.js:23:15)
    at async getTodaySummary (file:///C:/Users/ludin/Desktop/salidas/scanqueue/backend/src/controllers/DashboardController.js:30:24)
Path: /api/dashboard/today

[2026-03-04T12:42:42.082Z] ERROR: 
Stack: AggregateError [ECONNREFUSED]: 
    at C:\Users\ludin\Desktop\salidas\scanqueue\backend\node_modules\pg-pool\index.js:45:11
    at process.processTicksAndRejections (node:internal/process/task_queues:105:5)
    at async query (file:///C:/Users/ludin/Desktop/salidas/scanqueue/backend/src/config/database.js:25:18)
    at async Module.getScansToday (file:///C:/Users/ludin/Desktop/salidas/scanqueue/backend/src/models/Scan.js:23:15)
    at async Module.getScanStatistics (file:///C:/Users/ludin/Desktop/salidas/scanqueue/backend/src/services/ScanService.js:76:24)
    at async getDashboardStats (file:///C:/Users/ludin/Desktop/salidas/scanqueue/backend/src/controllers/DashboardController.js:12:19)
Path: /api/dashboard/stats

[2026-03-04T12:42:42.086Z] ERROR: 
Stack: AggregateError [ECONNREFUSED]: 
    at C:\Users\ludin\Desktop\salidas\scanqueue\backend\node_modules\pg-pool\index.js:45:11
    at process.processTicksAndRejections (node:internal/process/task_queues:105:5)
    at async query (file:///C:/Users/ludin/Desktop/salidas/scanqueue/backend/src/config/database.js:25:18)
    at async Module.getScansToday (file:///C:/Users/ludin/Desktop/salidas/scanqueue/backend/src/models/Scan.js:23:15)
    at async getTodaySummary (file:///C:/Users/ludin/Desktop/salidas/scanqueue/backend/src/controllers/DashboardController.js:30:24)
Path: /api/dashboard/today

[2026-03-04T12:42:42.509Z] ERROR: 
Stack: AggregateError [ECONNREFUSED]: 
    at C:\Users\ludin\Desktop\salidas\scanqueue\backend\node_modules\pg-pool\index.js:45:11
    at process.processTicksAndRejections (node:internal/process/task_queues:105:5)
    at async query (file:///C:/Users/ludin/Desktop/salidas/scanqueue/backend/src/config/database.js:25:18)
    at async Module.getScansToday (file:///C:/Users/ludin/Desktop/salidas/scanqueue/backend/src/models/Scan.js:23:15)
    at async Module.getScanStatistics (file:///C:/Users/ludin/Desktop/salidas/scanqueue/backend/src/services/ScanService.js:76:24)
    at async getDashboardStats (file:///C:/Users/ludin/Desktop/salidas/scanqueue/backend/src/controllers/DashboardController.js:12:19)
Path: /api/dashboard/stats

[2026-03-04T12:42:42.543Z] ERROR: 
Stack: AggregateError [ECONNREFUSED]: 
    at C:\Users\ludin\Desktop\salidas\scanqueue\backend\node_modules\pg-pool\index.js:45:11
    at process.processTicksAndRejections (node:internal/process/task_queues:105:5)
    at async query (file:///C:/Users/ludin/Desktop/salidas/scanqueue/backend/src/config/database.js:25:18)
    at async Module.getScansToday (file:///C:/Users/ludin/Desktop/salidas/scanqueue/backend/src/models/Scan.js:23:15)
    at async getTodaySummary (file:///C:/Users/ludin/Desktop/salidas/scanqueue/backend/src/controllers/DashboardController.js:30:24)
Path: /api/dashboard/today

[2026-03-04T12:42:42.935Z] ERROR: 
Stack: AggregateError [ECONNREFUSED]: 
    at C:\Users\ludin\Desktop\salidas\scanqueue\backend\node_modules\pg-pool\index.js:45:11
    at process.processTicksAndRejections (node:internal/process/task_queues:105:5)
    at async query (file:///C:/Users/ludin/Desktop/salidas/scanqueue/backend/src/config/database.js:25:18)
    at async Module.getScansToday (file:///C:/Users/ludin/Desktop/salidas/scanqueue/backend/src/models/Scan.js:23:15)
    at async Module.getScanStatistics (file:///C:/Users/ludin/Desktop/salidas/scanqueue/backend/src/services/ScanService.js:76:24)
    at async getDashboardStats (file:///C:/Users/ludin/Desktop/salidas/scanqueue/backend/src/controllers/DashboardController.js:12:19)
Path: /api/dashboard/stats

[2026-03-04T12:42:42.943Z] ERROR: 
Stack: AggregateError [ECONNREFUSED]: 
    at C:\Users\ludin\Desktop\salidas\scanqueue\backend\node_modules\pg-pool\index.js:45:11
    at process.processTicksAndRejections (node:internal/process/task_queues:105:5)
    at async query (file:///C:/Users/ludin/Desktop/salidas/scanqueue/backend/src/config/database.js:25:18)
    at async Module.getScansToday (file:///C:/Users/ludin/Desktop/salidas/scanqueue/backend/src/models/Scan.js:23:15)
    at async getTodaySummary (file:///C:/Users/ludin/Desktop/salidas/scanqueue/backend/src/controllers/DashboardController.js:30:24)
Path: /api/dashboard/today

[2026-03-04T12:42:43.248Z] ERROR: 
Stack: AggregateError [ECONNREFUSED]: 
    at C:\Users\ludin\Desktop\salidas\scanqueue\backend\node_modules\pg-pool\index.js:45:11
    at process.processTicksAndRejections (node:internal/process/task_queues:105:5)
    at async query (file:///C:/Users/ludin/Desktop/salidas/scanqueue/backend/src/config/database.js:25:18)
    at async Module.getScansToday (file:///C:/Users/ludin/Desktop/salidas/scanqueue/backend/src/models/Scan.js:23:15)
    at async Module.getScanStatistics (file:///C:/Users/ludin/Desktop/salidas/scanqueue/backend/src/services/ScanService.js:76:24)
    at async getDashboardStats (file:///C:/Users/ludin/Desktop/salidas/scanqueue/backend/src/controllers/DashboardController.js:12:19)
Path: /api/dashboard/stats

[2026-03-04T12:42:43.250Z] ERROR: 
Stack: AggregateError [ECONNREFUSED]: 
    at C:\Users\ludin\Desktop\salidas\scanqueue\backend\node_modules\pg-pool\index.js:45:11
    at process.processTicksAndRejections (node:internal/process/task_queues:105:5)
    at async query (file:///C:/Users/ludin/Desktop/salidas/scanqueue/backend/src/config/database.js:25:18)
    at async Module.getScansToday (file:///C:/Users/ludin/Desktop/salidas/scanqueue/backend/src/models/Scan.js:23:15)
    at async getTodaySummary (file:///C:/Users/ludin/Desktop/salidas/scanqueue/backend/src/controllers/DashboardController.js:30:24)
Path: /api/dashboard/today

[2026-03-04T12:42:43.490Z] ERROR: 
Stack: AggregateError [ECONNREFUSED]: 
    at C:\Users\ludin\Desktop\salidas\scanqueue\backend\node_modules\pg-pool\index.js:45:11
    at process.processTicksAndRejections (node:internal/process/task_queues:105:5)
    at async query (file:///C:/Users/ludin/Desktop/salidas/scanqueue/backend/src/config/database.js:25:18)
    at async Module.getScansToday (file:///C:/Users/ludin/Desktop/salidas/scanqueue/backend/src/models/Scan.js:23:15)
    at async Module.getScanStatistics (file:///C:/Users/ludin/Desktop/salidas/scanqueue/backend/src/services/ScanService.js:76:24)
    at async getDashboardStats (file:///C:/Users/ludin/Desktop/salidas/scanqueue/backend/src/controllers/DashboardController.js:12:19)
Path: /api/dashboard/stats

[2026-03-04T12:42:43.493Z] ERROR: 
Stack: AggregateError [ECONNREFUSED]: 
    at C:\Users\ludin\Desktop\salidas\scanqueue\backend\node_modules\pg-pool\index.js:45:11
    at process.processTicksAndRejections (node:internal/process/task_queues:105:5)
    at async query (file:///C:/Users/ludin/Desktop/salidas/scanqueue/backend/src/config/database.js:25:18)
    at async Module.getScansToday (file:///C:/Users/ludin/Desktop/salidas/scanqueue/backend/src/models/Scan.js:23:15)
    at async getTodaySummary (file:///C:/Users/ludin/Desktop/salidas/scanqueue/backend/src/controllers/DashboardController.js:30:24)
Path: /api/dashboard/today

[2026-03-04T12:42:43.834Z] ERROR: 
Stack: AggregateError [ECONNREFUSED]: 
    at C:\Users\ludin\Desktop\salidas\scanqueue\backend\node_modules\pg-pool\index.js:45:11
    at process.processTicksAndRejections (node:internal/process/task_queues:105:5)
    at async query (file:///C:/Users/ludin/Desktop/salidas/scanqueue/backend/src/config/database.js:25:18)
    at async Module.getScansToday (file:///C:/Users/ludin/Desktop/salidas/scanqueue/backend/src/models/Scan.js:23:15)
    at async Module.getScanStatistics (file:///C:/Users/ludin/Desktop/salidas/scanqueue/backend/src/services/ScanService.js:76:24)
    at async getDashboardStats (file:///C:/Users/ludin/Desktop/salidas/scanqueue/backend/src/controllers/DashboardController.js:12:19)
Path: /api/dashboard/stats

[2026-03-04T12:42:43.836Z] ERROR: 
Stack: AggregateError [ECONNREFUSED]: 
    at C:\Users\ludin\Desktop\salidas\scanqueue\backend\node_modules\pg-pool\index.js:45:11
    at process.processTicksAndRejections (node:internal/process/task_queues:105:5)
    at async query (file:///C:/Users/ludin/Desktop/salidas/scanqueue/backend/src/config/database.js:25:18)
    at async Module.getScansToday (file:///C:/Users/ludin/Desktop/salidas/scanqueue/backend/src/models/Scan.js:23:15)
    at async getTodaySummary (file:///C:/Users/ludin/Desktop/salidas/scanqueue/backend/src/controllers/DashboardController.js:30:24)
Path: /api/dashboard/today

[2026-03-04T12:42:44.141Z] ERROR: 
Stack: AggregateError [ECONNREFUSED]: 
    at C:\Users\ludin\Desktop\salidas\scanqueue\backend\node_modules\pg-pool\index.js:45:11
    at process.processTicksAndRejections (node:internal/process/task_queues:105:5)
    at async query (file:///C:/Users/ludin/Desktop/salidas/scanqueue/backend/src/config/database.js:25:18)
    at async Module.getScansToday (file:///C:/Users/ludin/Desktop/salidas/scanqueue/backend/src/models/Scan.js:23:15)
    at async Module.getScanStatistics (file:///C:/Users/ludin/Desktop/salidas/scanqueue/backend/src/services/ScanService.js:76:24)
    at async getDashboardStats (file:///C:/Users/ludin/Desktop/salidas/scanqueue/backend/src/controllers/DashboardController.js:12:19)
Path: /api/dashboard/stats

[2026-03-04T12:42:44.143Z] ERROR: 
Stack: AggregateError [ECONNREFUSED]: 
    at C:\Users\ludin\Desktop\salidas\scanqueue\backend\node_modules\pg-pool\index.js:45:11
    at process.processTicksAndRejections (node:internal/process/task_queues:105:5)
    at async query (file:///C:/Users/ludin/Desktop/salidas/scanqueue/backend/src/config/database.js:25:18)
    at async Module.getScansToday (file:///C:/Users/ludin/Desktop/salidas/scanqueue/backend/src/models/Scan.js:23:15)
    at async getTodaySummary (file:///C:/Users/ludin/Desktop/salidas/scanqueue/backend/src/controllers/DashboardController.js:30:24)
Path: /api/dashboard/today

[2026-03-04T12:42:44.366Z] ERROR: 
Stack: AggregateError [ECONNREFUSED]: 
    at C:\Users\ludin\Desktop\salidas\scanqueue\backend\node_modules\pg-pool\index.js:45:11
    at process.processTicksAndRejections (node:internal/process/task_queues:105:5)
    at async query (file:///C:/Users/ludin/Desktop/salidas/scanqueue/backend/src/config/database.js:25:18)
    at async Module.getScansToday (file:///C:/Users/ludin/Desktop/salidas/scanqueue/backend/src/models/Scan.js:23:15)
    at async Module.getScanStatistics (file:///C:/Users/ludin/Desktop/salidas/scanqueue/backend/src/services/ScanService.js:76:24)
    at async getDashboardStats (file:///C:/Users/ludin/Desktop/salidas/scanqueue/backend/src/controllers/DashboardController.js:12:19)
Path: /api/dashboard/stats

[2026-03-04T12:42:44.370Z] ERROR: 
Stack: AggregateError [ECONNREFUSED]: 
    at C:\Users\ludin\Desktop\salidas\scanqueue\backend\node_modules\pg-pool\index.js:45:11
    at process.processTicksAndRejections (node:internal/process/task_queues:105:5)
    at async query (file:///C:/Users/ludin/Desktop/salidas/scanqueue/backend/src/config/database.js:25:18)
    at async Module.getScansToday (file:///C:/Users/ludin/Desktop/salidas/scanqueue/backend/src/models/Scan.js:23:15)
    at async getTodaySummary (file:///C:/Users/ludin/Desktop/salidas/scanqueue/backend/src/controllers/DashboardController.js:30:24)
Path: /api/dashboard/today

[2026-03-04T12:42:44.674Z] ERROR: 
Stack: AggregateError [ECONNREFUSED]: 
    at C:\Users\ludin\Desktop\salidas\scanqueue\backend\node_modules\pg-pool\index.js:45:11
    at process.processTicksAndRejections (node:internal/process/task_queues:105:5)
    at async query (file:///C:/Users/ludin/Desktop/salidas/scanqueue/backend/src/config/database.js:25:18)
    at async Module.getScansToday (file:///C:/Users/ludin/Desktop/salidas/scanqueue/backend/src/models/Scan.js:23:15)
    at async Module.getScanStatistics (file:///C:/Users/ludin/Desktop/salidas/scanqueue/backend/src/services/ScanService.js:76:24)
    at async getDashboardStats (file:///C:/Users/ludin/Desktop/salidas/scanqueue/backend/src/controllers/DashboardController.js:12:19)
Path: /api/dashboard/stats

[2026-03-04T12:42:44.677Z] ERROR: 
Stack: AggregateError [ECONNREFUSED]: 
    at C:\Users\ludin\Desktop\salidas\scanqueue\backend\node_modules\pg-pool\index.js:45:11
    at process.processTicksAndRejections (node:internal/process/task_queues:105:5)
    at async query (file:///C:/Users/ludin/Desktop/salidas/scanqueue/backend/src/config/database.js:25:18)
    at async Module.getScansToday (file:///C:/Users/ludin/Desktop/salidas/scanqueue/backend/src/models/Scan.js:23:15)
    at async getTodaySummary (file:///C:/Users/ludin/Desktop/salidas/scanqueue/backend/src/controllers/DashboardController.js:30:24)
Path: /api/dashboard/today

[2026-03-04T12:42:45.005Z] ERROR: 
Stack: AggregateError [ECONNREFUSED]: 
    at C:\Users\ludin\Desktop\salidas\scanqueue\backend\node_modules\pg-pool\index.js:45:11
    at process.processTicksAndRejections (node:internal/process/task_queues:105:5)
    at async query (file:///C:/Users/ludin/Desktop/salidas/scanqueue/backend/src/config/database.js:25:18)
    at async Module.getScansToday (file:///C:/Users/ludin/Desktop/salidas/scanqueue/backend/src/models/Scan.js:23:15)
    at async Module.getScanStatistics (file:///C:/Users/ludin/Desktop/salidas/scanqueue/backend/src/services/ScanService.js:76:24)
    at async getDashboardStats (file:///C:/Users/ludin/Desktop/salidas/scanqueue/backend/src/controllers/DashboardController.js:12:19)
Path: /api/dashboard/stats

[2026-03-04T12:42:45.008Z] ERROR: 
Stack: AggregateError [ECONNREFUSED]: 
    at C:\Users\ludin\Desktop\salidas\scanqueue\backend\node_modules\pg-pool\index.js:45:11
    at process.processTicksAndRejections (node:internal/process/task_queues:105:5)
    at async query (file:///C:/Users/ludin/Desktop/salidas/scanqueue/backend/src/config/database.js:25:18)
    at async Module.getScansToday (file:///C:/Users/ludin/Desktop/salidas/scanqueue/backend/src/models/Scan.js:23:15)
    at async getTodaySummary (file:///C:/Users/ludin/Desktop/salidas/scanqueue/backend/src/controllers/DashboardController.js:30:24)
Path: /api/dashboard/today

[2026-03-04T12:42:45.302Z] ERROR: 
Stack: AggregateError [ECONNREFUSED]: 
    at C:\Users\ludin\Desktop\salidas\scanqueue\backend\node_modules\pg-pool\index.js:45:11
    at process.processTicksAndRejections (node:internal/process/task_queues:105:5)
    at async query (file:///C:/Users/ludin/Desktop/salidas/scanqueue/backend/src/config/database.js:25:18)
    at async Module.getScansToday (file:///C:/Users/ludin/Desktop/salidas/scanqueue/backend/src/models/Scan.js:23:15)
    at async Module.getScanStatistics (file:///C:/Users/ludin/Desktop/salidas/scanqueue/backend/src/services/ScanService.js:76:24)
    at async getDashboardStats (file:///C:/Users/ludin/Desktop/salidas/scanqueue/backend/src/controllers/DashboardController.js:12:19)
Path: /api/dashboard/stats

[2026-03-04T12:42:45.304Z] ERROR: 
Stack: AggregateError [ECONNREFUSED]: 
    at C:\Users\ludin\Desktop\salidas\scanqueue\backend\node_modules\pg-pool\index.js:45:11
    at process.processTicksAndRejections (node:internal/process/task_queues:105:5)
    at async query (file:///C:/Users/ludin/Desktop/salidas/scanqueue/backend/src/config/database.js:25:18)
    at async Module.getScansToday (file:///C:/Users/ludin/Desktop/salidas/scanqueue/backend/src/models/Scan.js:23:15)
    at async getTodaySummary (file:///C:/Users/ludin/Desktop/salidas/scanqueue/backend/src/controllers/DashboardController.js:30:24)
Path: /api/dashboard/today

[2026-03-04T12:42:45.541Z] ERROR: 
Stack: AggregateError [ECONNREFUSED]: 
    at C:\Users\ludin\Desktop\salidas\scanqueue\backend\node_modules\pg-pool\index.js:45:11
    at process.processTicksAndRejections (node:internal/process/task_queues:105:5)
    at async query (file:///C:/Users/ludin/Desktop/salidas/scanqueue/backend/src/config/database.js:25:18)
    at async Module.getScansToday (file:///C:/Users/ludin/Desktop/salidas/scanqueue/backend/src/models/Scan.js:23:15)
    at async Module.getScanStatistics (file:///C:/Users/ludin/Desktop/salidas/scanqueue/backend/src/services/ScanService.js:76:24)
    at async getDashboardStats (file:///C:/Users/ludin/Desktop/salidas/scanqueue/backend/src/controllers/DashboardController.js:12:19)
Path: /api/dashboard/stats

[2026-03-04T12:42:45.543Z] ERROR: 
Stack: AggregateError [ECONNREFUSED]: 
    at C:\Users\ludin\Desktop\salidas\scanqueue\backend\node_modules\pg-pool\index.js:45:11
    at process.processTicksAndRejections (node:internal/process/task_queues:105:5)
    at async query (file:///C:/Users/ludin/Desktop/salidas/scanqueue/backend/src/config/database.js:25:18)
    at async Module.getScansToday (file:///C:/Users/ludin/Desktop/salidas/scanqueue/backend/src/models/Scan.js:23:15)
    at async getTodaySummary (file:///C:/Users/ludin/Desktop/salidas/scanqueue/backend/src/controllers/DashboardController.js:30:24)
Path: /api/dashboard/today

[2026-03-04T12:42:45.806Z] ERROR: 
Stack: AggregateError [ECONNREFUSED]: 
    at C:\Users\ludin\Desktop\salidas\scanqueue\backend\node_modules\pg-pool\index.js:45:11
    at process.processTicksAndRejections (node:internal/process/task_queues:105:5)
    at async query (file:///C:/Users/ludin/Desktop/salidas/scanqueue/backend/src/config/database.js:25:18)
    at async Module.getScansToday (file:///C:/Users/ludin/Desktop/salidas/scanqueue/backend/src/models/Scan.js:23:15)
    at async Module.getScanStatistics (file:///C:/Users/ludin/Desktop/salidas/scanqueue/backend/src/services/ScanService.js:76:24)
    at async getDashboardStats (file:///C:/Users/ludin/Desktop/salidas/scanqueue/backend/src/controllers/DashboardController.js:12:19)
Path: /api/dashboard/stats

[2026-03-04T12:42:45.808Z] ERROR: 
Stack: AggregateError [ECONNREFUSED]: 
    at C:\Users\ludin\Desktop\salidas\scanqueue\backend\node_modules\pg-pool\index.js:45:11
    at process.processTicksAndRejections (node:internal/process/task_queues:105:5)
    at async query (file:///C:/Users/ludin/Desktop/salidas/scanqueue/backend/src/config/database.js:25:18)
    at async Module.getScansToday (file:///C:/Users/ludin/Desktop/salidas/scanqueue/backend/src/models/Scan.js:23:15)
    at async getTodaySummary (file:///C:/Users/ludin/Desktop/salidas/scanqueue/backend/src/controllers/DashboardController.js:30:24)
Path: /api/dashboard/today

[2026-03-04T12:42:46.089Z] ERROR: 
Stack: AggregateError [ECONNREFUSED]: 
    at C:\Users\ludin\Desktop\salidas\scanqueue\backend\node_modules\pg-pool\index.js:45:11
    at process.processTicksAndRejections (node:internal/process/task_queues:105:5)
    at async query (file:///C:/Users/ludin/Desktop/salidas/scanqueue/backend/src/config/database.js:25:18)
    at async Module.getScansToday (file:///C:/Users/ludin/Desktop/salidas/scanqueue/backend/src/models/Scan.js:23:15)
    at async Module.getScanStatistics (file:///C:/Users/ludin/Desktop/salidas/scanqueue/backend/src/services/ScanService.js:76:24)
    at async getDashboardStats (file:///C:/Users/ludin/Desktop/salidas/scanqueue/backend/src/controllers/DashboardController.js:12:19)
Path: /api/dashboard/stats

[2026-03-04T12:42:46.091Z] ERROR: 
Stack: AggregateError [ECONNREFUSED]: 
    at C:\Users\ludin\Desktop\salidas\scanqueue\backend\node_modules\pg-pool\index.js:45:11
    at process.processTicksAndRejections (node:internal/process/task_queues:105:5)
    at async query (file:///C:/Users/ludin/Desktop/salidas/scanqueue/backend/src/config/database.js:25:18)
    at async Module.getScansToday (file:///C:/Users/ludin/Desktop/salidas/scanqueue/backend/src/models/Scan.js:23:15)
    at async getTodaySummary (file:///C:/Users/ludin/Desktop/salidas/scanqueue/backend/src/controllers/DashboardController.js:30:24)
Path: /api/dashboard/today

[2026-03-04T12:42:46.370Z] ERROR: 
Stack: AggregateError [ECONNREFUSED]: 
    at C:\Users\ludin\Desktop\salidas\scanqueue\backend\node_modules\pg-pool\index.js:45:11
    at process.processTicksAndRejections (node:internal/process/task_queues:105:5)
    at async query (file:///C:/Users/ludin/Desktop/salidas/scanqueue/backend/src/config/database.js:25:18)
    at async Module.getScansToday (file:///C:/Users/ludin/Desktop/salidas/scanqueue/backend/src/models/Scan.js:23:15)
    at async Module.getScanStatistics (file:///C:/Users/ludin/Desktop/salidas/scanqueue/backend/src/services/ScanService.js:76:24)
    at async getDashboardStats (file:///C:/Users/ludin/Desktop/salidas/scanqueue/backend/src/controllers/DashboardController.js:12:19)
Path: /api/dashboard/stats

[2026-03-04T12:42:46.373Z] ERROR: 
Stack: AggregateError [ECONNREFUSED]: 
    at C:\Users\ludin\Desktop\salidas\scanqueue\backend\node_modules\pg-pool\index.js:45:11
    at process.processTicksAndRejections (node:internal/process/task_queues:105:5)
    at async query (file:///C:/Users/ludin/Desktop/salidas/scanqueue/backend/src/config/database.js:25:18)
    at async Module.getScansToday (file:///C:/Users/ludin/Desktop/salidas/scanqueue/backend/src/models/Scan.js:23:15)
    at async getTodaySummary (file:///C:/Users/ludin/Desktop/salidas/scanqueue/backend/src/controllers/DashboardController.js:30:24)
Path: /api/dashboard/today

[2026-03-04T12:42:46.662Z] ERROR: 
Stack: AggregateError [ECONNREFUSED]: 
    at C:\Users\ludin\Desktop\salidas\scanqueue\backend\node_modules\pg-pool\index.js:45:11
    at process.processTicksAndRejections (node:internal/process/task_queues:105:5)
    at async query (file:///C:/Users/ludin/Desktop/salidas/scanqueue/backend/src/config/database.js:25:18)
    at async Module.getScansToday (file:///C:/Users/ludin/Desktop/salidas/scanqueue/backend/src/models/Scan.js:23:15)
    at async Module.getScanStatistics (file:///C:/Users/ludin/Desktop/salidas/scanqueue/backend/src/services/ScanService.js:76:24)
    at async getDashboardStats (file:///C:/Users/ludin/Desktop/salidas/scanqueue/backend/src/controllers/DashboardController.js:12:19)
Path: /api/dashboard/stats

[2026-03-04T12:42:46.665Z] ERROR: 
Stack: AggregateError [ECONNREFUSED]: 
    at C:\Users\ludin\Desktop\salidas\scanqueue\backend\node_modules\pg-pool\index.js:45:11
    at process.processTicksAndRejections (node:internal/process/task_queues:105:5)
    at async query (file:///C:/Users/ludin/Desktop/salidas/scanqueue/backend/src/config/database.js:25:18)
    at async Module.getScansToday (file:///C:/Users/ludin/Desktop/salidas/scanqueue/backend/src/models/Scan.js:23:15)
    at async getTodaySummary (file:///C:/Users/ludin/Desktop/salidas/scanqueue/backend/src/controllers/DashboardController.js:30:24)
Path: /api/dashboard/today

[2026-03-04T12:42:47.018Z] ERROR: 
Stack: AggregateError [ECONNREFUSED]: 
    at C:\Users\ludin\Desktop\salidas\scanqueue\backend\node_modules\pg-pool\index.js:45:11
    at process.processTicksAndRejections (node:internal/process/task_queues:105:5)
    at async query (file:///C:/Users/ludin/Desktop/salidas/scanqueue/backend/src/config/database.js:25:18)
    at async Module.getScansToday (file:///C:/Users/ludin/Desktop/salidas/scanqueue/backend/src/models/Scan.js:23:15)
    at async Module.getScanStatistics (file:///C:/Users/ludin/Desktop/salidas/scanqueue/backend/src/services/ScanService.js:76:24)
    at async getDashboardStats (file:///C:/Users/ludin/Desktop/salidas/scanqueue/backend/src/controllers/DashboardController.js:12:19)
Path: /api/dashboard/stats

[2026-03-04T12:42:47.020Z] ERROR: 
Stack: AggregateError [ECONNREFUSED]: 
    at C:\Users\ludin\Desktop\salidas\scanqueue\backend\node_modules\pg-pool\index.js:45:11
    at process.processTicksAndRejections (node:internal/process/task_queues:105:5)
    at async query (file:///C:/Users/ludin/Desktop/salidas/scanqueue/backend/src/config/database.js:25:18)
    at async Module.getScansToday (file:///C:/Users/ludin/Desktop/salidas/scanqueue/backend/src/models/Scan.js:23:15)
    at async getTodaySummary (file:///C:/Users/ludin/Desktop/salidas/scanqueue/backend/src/controllers/DashboardController.js:30:24)
Path: /api/dashboard/today

[2026-03-04T12:42:47.334Z] ERROR: 
Stack: AggregateError [ECONNREFUSED]: 
    at C:\Users\ludin\Desktop\salidas\scanqueue\backend\node_modules\pg-pool\index.js:45:11
    at process.processTicksAndRejections (node:internal/process/task_queues:105:5)
    at async query (file:///C:/Users/ludin/Desktop/salidas/scanqueue/backend/src/config/database.js:25:18)
    at async Module.getScansToday (file:///C:/Users/ludin/Desktop/salidas/scanqueue/backend/src/models/Scan.js:23:15)
    at async Module.getScanStatistics (file:///C:/Users/ludin/Desktop/salidas/scanqueue/backend/src/services/ScanService.js:76:24)
    at async getDashboardStats (file:///C:/Users/ludin/Desktop/salidas/scanqueue/backend/src/controllers/DashboardController.js:12:19)
Path: /api/dashboard/stats

[2026-03-04T12:42:47.336Z] ERROR: 
Stack: AggregateError [ECONNREFUSED]: 
    at C:\Users\ludin\Desktop\salidas\scanqueue\backend\node_modules\pg-pool\index.js:45:11
    at process.processTicksAndRejections (node:internal/process/task_queues:105:5)
    at async query (file:///C:/Users/ludin/Desktop/salidas/scanqueue/backend/src/config/database.js:25:18)
    at async Module.getScansToday (file:///C:/Users/ludin/Desktop/salidas/scanqueue/backend/src/models/Scan.js:23:15)
    at async getTodaySummary (file:///C:/Users/ludin/Desktop/salidas/scanqueue/backend/src/controllers/DashboardController.js:30:24)
Path: /api/dashboard/today

[2026-03-04T12:42:47.585Z] ERROR: 
Stack: AggregateError [ECONNREFUSED]: 
    at C:\Users\ludin\Desktop\salidas\scanqueue\backend\node_modules\pg-pool\index.js:45:11
    at process.processTicksAndRejections (node:internal/process/task_queues:105:5)
    at async query (file:///C:/Users/ludin/Desktop/salidas/scanqueue/backend/src/config/database.js:25:18)
    at async Module.getScansToday (file:///C:/Users/ludin/Desktop/salidas/scanqueue/backend/src/models/Scan.js:23:15)
    at async Module.getScanStatistics (file:///C:/Users/ludin/Desktop/salidas/scanqueue/backend/src/services/ScanService.js:76:24)
    at async getDashboardStats (file:///C:/Users/ludin/Desktop/salidas/scanqueue/backend/src/controllers/DashboardController.js:12:19)
Path: /api/dashboard/stats

[2026-03-04T12:42:47.588Z] ERROR: 
Stack: AggregateError [ECONNREFUSED]: 
    at C:\Users\ludin\Desktop\salidas\scanqueue\backend\node_modules\pg-pool\index.js:45:11
    at process.processTicksAndRejections (node:internal/process/task_queues:105:5)
    at async query (file:///C:/Users/ludin/Desktop/salidas/scanqueue/backend/src/config/database.js:25:18)
    at async Module.getScansToday (file:///C:/Users/ludin/Desktop/salidas/scanqueue/backend/src/models/Scan.js:23:15)
    at async getTodaySummary (file:///C:/Users/ludin/Desktop/salidas/scanqueue/backend/src/controllers/DashboardController.js:30:24)
Path: /api/dashboard/today

[2026-03-04T12:42:47.956Z] ERROR: 
Stack: AggregateError [ECONNREFUSED]: 
    at C:\Users\ludin\Desktop\salidas\scanqueue\backend\node_modules\pg-pool\index.js:45:11
    at process.processTicksAndRejections (node:internal/process/task_queues:105:5)
    at async query (file:///C:/Users/ludin/Desktop/salidas/scanqueue/backend/src/config/database.js:25:18)
    at async Module.getScansToday (file:///C:/Users/ludin/Desktop/salidas/scanqueue/backend/src/models/Scan.js:23:15)
    at async Module.getScanStatistics (file:///C:/Users/ludin/Desktop/salidas/scanqueue/backend/src/services/ScanService.js:76:24)
    at async getDashboardStats (file:///C:/Users/ludin/Desktop/salidas/scanqueue/backend/src/controllers/DashboardController.js:12:19)
Path: /api/dashboard/stats

[2026-03-04T12:42:47.958Z] ERROR: 
Stack: AggregateError [ECONNREFUSED]: 
    at C:\Users\ludin\Desktop\salidas\scanqueue\backend\node_modules\pg-pool\index.js:45:11
    at process.processTicksAndRejections (node:internal/process/task_queues:105:5)
    at async query (file:///C:/Users/ludin/Desktop/salidas/scanqueue/backend/src/config/database.js:25:18)
    at async Module.getScansToday (file:///C:/Users/ludin/Desktop/salidas/scanqueue/backend/src/models/Scan.js:23:15)
    at async getTodaySummary (file:///C:/Users/ludin/Desktop/salidas/scanqueue/backend/src/controllers/DashboardController.js:30:24)
Path: /api/dashboard/today

[2026-03-04T12:42:48.248Z] ERROR: 
Stack: AggregateError [ECONNREFUSED]: 
    at C:\Users\ludin\Desktop\salidas\scanqueue\backend\node_modules\pg-pool\index.js:45:11
    at process.processTicksAndRejections (node:internal/process/task_queues:105:5)
    at async query (file:///C:/Users/ludin/Desktop/salidas/scanqueue/backend/src/config/database.js:25:18)
    at async Module.getScansToday (file:///C:/Users/ludin/Desktop/salidas/scanqueue/backend/src/models/Scan.js:23:15)
    at async Module.getScanStatistics (file:///C:/Users/ludin/Desktop/salidas/scanqueue/backend/src/services/ScanService.js:76:24)
    at async getDashboardStats (file:///C:/Users/ludin/Desktop/salidas/scanqueue/backend/src/controllers/DashboardController.js:12:19)
Path: /api/dashboard/stats

[2026-03-04T12:42:48.250Z] ERROR: 
Stack: AggregateError [ECONNREFUSED]: 
    at C:\Users\ludin\Desktop\salidas\scanqueue\backend\node_modules\pg-pool\index.js:45:11
    at process.processTicksAndRejections (node:internal/process/task_queues:105:5)
    at async query (file:///C:/Users/ludin/Desktop/salidas/scanqueue/backend/src/config/database.js:25:18)
    at async Module.getScansToday (file:///C:/Users/ludin/Desktop/salidas/scanqueue/backend/src/models/Scan.js:23:15)
    at async getTodaySummary (file:///C:/Users/ludin/Desktop/salidas/scanqueue/backend/src/controllers/DashboardController.js:30:24)
Path: /api/dashboard/today

[2026-03-04T12:42:48.515Z] ERROR: 
Stack: AggregateError [ECONNREFUSED]: 
    at C:\Users\ludin\Desktop\salidas\scanqueue\backend\node_modules\pg-pool\index.js:45:11
    at process.processTicksAndRejections (node:internal/process/task_queues:105:5)
    at async query (file:///C:/Users/ludin/Desktop/salidas/scanqueue/backend/src/config/database.js:25:18)
    at async Module.getScansToday (file:///C:/Users/ludin/Desktop/salidas/scanqueue/backend/src/models/Scan.js:23:15)
    at async Module.getScanStatistics (file:///C:/Users/ludin/Desktop/salidas/scanqueue/backend/src/services/ScanService.js:76:24)
    at async getDashboardStats (file:///C:/Users/ludin/Desktop/salidas/scanqueue/backend/src/controllers/DashboardController.js:12:19)
Path: /api/dashboard/stats

[2026-03-04T12:42:48.516Z] ERROR: 
Stack: AggregateError [ECONNREFUSED]: 
    at C:\Users\ludin\Desktop\salidas\scanqueue\backend\node_modules\pg-pool\index.js:45:11
    at process.processTicksAndRejections (node:internal/process/task_queues:105:5)
    at async query (file:///C:/Users/ludin/Desktop/salidas/scanqueue/backend/src/config/database.js:25:18)
    at async Module.getScansToday (file:///C:/Users/ludin/Desktop/salidas/scanqueue/backend/src/models/Scan.js:23:15)
    at async getTodaySummary (file:///C:/Users/ludin/Desktop/salidas/scanqueue/backend/src/controllers/DashboardController.js:30:24)
Path: /api/dashboard/today

[2026-03-04T12:42:48.785Z] ERROR: 
Stack: AggregateError [ECONNREFUSED]: 
    at C:\Users\ludin\Desktop\salidas\scanqueue\backend\node_modules\pg-pool\index.js:45:11
    at process.processTicksAndRejections (node:internal/process/task_queues:105:5)
    at async query (file:///C:/Users/ludin/Desktop/salidas/scanqueue/backend/src/config/database.js:25:18)
    at async Module.getScansToday (file:///C:/Users/ludin/Desktop/salidas/scanqueue/backend/src/models/Scan.js:23:15)
    at async Module.getScanStatistics (file:///C:/Users/ludin/Desktop/salidas/scanqueue/backend/src/services/ScanService.js:76:24)
    at async getDashboardStats (file:///C:/Users/ludin/Desktop/salidas/scanqueue/backend/src/controllers/DashboardController.js:12:19)
Path: /api/dashboard/stats

[2026-03-04T12:42:48.787Z] ERROR: 
Stack: AggregateError [ECONNREFUSED]: 
    at C:\Users\ludin\Desktop\salidas\scanqueue\backend\node_modules\pg-pool\index.js:45:11
    at process.processTicksAndRejections (node:internal/process/task_queues:105:5)
    at async query (file:///C:/Users/ludin/Desktop/salidas/scanqueue/backend/src/config/database.js:25:18)
    at async Module.getScansToday (file:///C:/Users/ludin/Desktop/salidas/scanqueue/backend/src/models/Scan.js:23:15)
    at async getTodaySummary (file:///C:/Users/ludin/Desktop/salidas/scanqueue/backend/src/controllers/DashboardController.js:30:24)
Path: /api/dashboard/today

[2026-03-04T12:42:49.100Z] ERROR: 
Stack: AggregateError [ECONNREFUSED]: 
    at C:\Users\ludin\Desktop\salidas\scanqueue\backend\node_modules\pg-pool\index.js:45:11
    at process.processTicksAndRejections (node:internal/process/task_queues:105:5)
    at async query (file:///C:/Users/ludin/Desktop/salidas/scanqueue/backend/src/config/database.js:25:18)
    at async Module.getScansToday (file:///C:/Users/ludin/Desktop/salidas/scanqueue/backend/src/models/Scan.js:23:15)
    at async Module.getScanStatistics (file:///C:/Users/ludin/Desktop/salidas/scanqueue/backend/src/services/ScanService.js:76:24)
    at async getDashboardStats (file:///C:/Users/ludin/Desktop/salidas/scanqueue/backend/src/controllers/DashboardController.js:12:19)
Path: /api/dashboard/stats

[2026-03-04T12:42:49.103Z] ERROR: 
Stack: AggregateError [ECONNREFUSED]: 
    at C:\Users\ludin\Desktop\salidas\scanqueue\backend\node_modules\pg-pool\index.js:45:11
    at process.processTicksAndRejections (node:internal/process/task_queues:105:5)
    at async query (file:///C:/Users/ludin/Desktop/salidas/scanqueue/backend/src/config/database.js:25:18)
    at async Module.getScansToday (file:///C:/Users/ludin/Desktop/salidas/scanqueue/backend/src/models/Scan.js:23:15)
    at async getTodaySummary (file:///C:/Users/ludin/Desktop/salidas/scanqueue/backend/src/controllers/DashboardController.js:30:24)
Path: /api/dashboard/today

[2026-03-04T12:42:49.404Z] ERROR: 
Stack: AggregateError [ECONNREFUSED]: 
    at C:\Users\ludin\Desktop\salidas\scanqueue\backend\node_modules\pg-pool\index.js:45:11
    at process.processTicksAndRejections (node:internal/process/task_queues:105:5)
    at async query (file:///C:/Users/ludin/Desktop/salidas/scanqueue/backend/src/config/database.js:25:18)
    at async Module.getScansToday (file:///C:/Users/ludin/Desktop/salidas/scanqueue/backend/src/models/Scan.js:23:15)
    at async Module.getScanStatistics (file:///C:/Users/ludin/Desktop/salidas/scanqueue/backend/src/services/ScanService.js:76:24)
    at async getDashboardStats (file:///C:/Users/ludin/Desktop/salidas/scanqueue/backend/src/controllers/DashboardController.js:12:19)
Path: /api/dashboard/stats

[2026-03-04T12:42:49.407Z] ERROR: 
Stack: AggregateError [ECONNREFUSED]: 
    at C:\Users\ludin\Desktop\salidas\scanqueue\backend\node_modules\pg-pool\index.js:45:11
    at process.processTicksAndRejections (node:internal/process/task_queues:105:5)
    at async query (file:///C:/Users/ludin/Desktop/salidas/scanqueue/backend/src/config/database.js:25:18)
    at async Module.getScansToday (file:///C:/Users/ludin/Desktop/salidas/scanqueue/backend/src/models/Scan.js:23:15)
    at async getTodaySummary (file:///C:/Users/ludin/Desktop/salidas/scanqueue/backend/src/controllers/DashboardController.js:30:24)
Path: /api/dashboard/today

[2026-03-04T12:42:49.650Z] ERROR: 
Stack: AggregateError [ECONNREFUSED]: 
    at C:\Users\ludin\Desktop\salidas\scanqueue\backend\node_modules\pg-pool\index.js:45:11
    at process.processTicksAndRejections (node:internal/process/task_queues:105:5)
    at async query (file:///C:/Users/ludin/Desktop/salidas/scanqueue/backend/src/config/database.js:25:18)
    at async Module.getScansToday (file:///C:/Users/ludin/Desktop/salidas/scanqueue/backend/src/models/Scan.js:23:15)
    at async Module.getScanStatistics (file:///C:/Users/ludin/Desktop/salidas/scanqueue/backend/src/services/ScanService.js:76:24)
    at async getDashboardStats (file:///C:/Users/ludin/Desktop/salidas/scanqueue/backend/src/controllers/DashboardController.js:12:19)
Path: /api/dashboard/stats

[2026-03-04T12:42:49.654Z] ERROR: 
Stack: AggregateError [ECONNREFUSED]: 
    at C:\Users\ludin\Desktop\salidas\scanqueue\backend\node_modules\pg-pool\index.js:45:11
    at process.processTicksAndRejections (node:internal/process/task_queues:105:5)
    at async query (file:///C:/Users/ludin/Desktop/salidas/scanqueue/backend/src/config/database.js:25:18)
    at async Module.getScansToday (file:///C:/Users/ludin/Desktop/salidas/scanqueue/backend/src/models/Scan.js:23:15)
    at async getTodaySummary (file:///C:/Users/ludin/Desktop/salidas/scanqueue/backend/src/controllers/DashboardController.js:30:24)
Path: /api/dashboard/today

[2026-03-04T12:42:49.991Z] ERROR: 
Stack: AggregateError [ECONNREFUSED]: 
    at C:\Users\ludin\Desktop\salidas\scanqueue\backend\node_modules\pg-pool\index.js:45:11
    at process.processTicksAndRejections (node:internal/process/task_queues:105:5)
    at async query (file:///C:/Users/ludin/Desktop/salidas/scanqueue/backend/src/config/database.js:25:18)
    at async Module.getScansToday (file:///C:/Users/ludin/Desktop/salidas/scanqueue/backend/src/models/Scan.js:23:15)
    at async Module.getScanStatistics (file:///C:/Users/ludin/Desktop/salidas/scanqueue/backend/src/services/ScanService.js:76:24)
    at async getDashboardStats (file:///C:/Users/ludin/Desktop/salidas/scanqueue/backend/src/controllers/DashboardController.js:12:19)
Path: /api/dashboard/stats

[2026-03-04T12:42:49.993Z] ERROR: 
Stack: AggregateError [ECONNREFUSED]: 
    at C:\Users\ludin\Desktop\salidas\scanqueue\backend\node_modules\pg-pool\index.js:45:11
    at process.processTicksAndRejections (node:internal/process/task_queues:105:5)
    at async query (file:///C:/Users/ludin/Desktop/salidas/scanqueue/backend/src/config/database.js:25:18)
    at async Module.getScansToday (file:///C:/Users/ludin/Desktop/salidas/scanqueue/backend/src/models/Scan.js:23:15)
    at async getTodaySummary (file:///C:/Users/ludin/Desktop/salidas/scanqueue/backend/src/controllers/DashboardController.js:30:24)
Path: /api/dashboard/today

[2026-03-04T12:42:50.245Z] ERROR: 
Stack: AggregateError [ECONNREFUSED]: 
    at C:\Users\ludin\Desktop\salidas\scanqueue\backend\node_modules\pg-pool\index.js:45:11
    at process.processTicksAndRejections (node:internal/process/task_queues:105:5)
    at async query (file:///C:/Users/ludin/Desktop/salidas/scanqueue/backend/src/config/database.js:25:18)
    at async Module.getScansToday (file:///C:/Users/ludin/Desktop/salidas/scanqueue/backend/src/models/Scan.js:23:15)
    at async Module.getScanStatistics (file:///C:/Users/ludin/Desktop/salidas/scanqueue/backend/src/services/ScanService.js:76:24)
    at async getDashboardStats (file:///C:/Users/ludin/Desktop/salidas/scanqueue/backend/src/controllers/DashboardController.js:12:19)
Path: /api/dashboard/stats

[2026-03-04T12:42:50.247Z] ERROR: 
Stack: AggregateError [ECONNREFUSED]: 
    at C:\Users\ludin\Desktop\salidas\scanqueue\backend\node_modules\pg-pool\index.js:45:11
    at process.processTicksAndRejections (node:internal/process/task_queues:105:5)
    at async query (file:///C:/Users/ludin/Desktop/salidas/scanqueue/backend/src/config/database.js:25:18)
    at async Module.getScansToday (file:///C:/Users/ludin/Desktop/salidas/scanqueue/backend/src/models/Scan.js:23:15)
    at async getTodaySummary (file:///C:/Users/ludin/Desktop/salidas/scanqueue/backend/src/controllers/DashboardController.js:30:24)
Path: /api/dashboard/today

[2026-03-04T12:42:50.489Z] ERROR: 
Stack: AggregateError [ECONNREFUSED]: 
    at C:\Users\ludin\Desktop\salidas\scanqueue\backend\node_modules\pg-pool\index.js:45:11
    at process.processTicksAndRejections (node:internal/process/task_queues:105:5)
    at async query (file:///C:/Users/ludin/Desktop/salidas/scanqueue/backend/src/config/database.js:25:18)
    at async Module.getScansToday (file:///C:/Users/ludin/Desktop/salidas/scanqueue/backend/src/models/Scan.js:23:15)
    at async Module.getScanStatistics (file:///C:/Users/ludin/Desktop/salidas/scanqueue/backend/src/services/ScanService.js:76:24)
    at async getDashboardStats (file:///C:/Users/ludin/Desktop/salidas/scanqueue/backend/src/controllers/DashboardController.js:12:19)
Path: /api/dashboard/stats

[2026-03-04T12:42:50.492Z] ERROR: 
Stack: AggregateError [ECONNREFUSED]: 
    at C:\Users\ludin\Desktop\salidas\scanqueue\backend\node_modules\pg-pool\index.js:45:11
    at process.processTicksAndRejections (node:internal/process/task_queues:105:5)
    at async query (file:///C:/Users/ludin/Desktop/salidas/scanqueue/backend/src/config/database.js:25:18)
    at async Module.getScansToday (file:///C:/Users/ludin/Desktop/salidas/scanqueue/backend/src/models/Scan.js:23:15)
    at async getTodaySummary (file:///C:/Users/ludin/Desktop/salidas/scanqueue/backend/src/controllers/DashboardController.js:30:24)
Path: /api/dashboard/today

[2026-03-04T12:42:50.841Z] ERROR: 
Stack: AggregateError [ECONNREFUSED]: 
    at C:\Users\ludin\Desktop\salidas\scanqueue\backend\node_modules\pg-pool\index.js:45:11
    at process.processTicksAndRejections (node:internal/process/task_queues:105:5)
    at async query (file:///C:/Users/ludin/Desktop/salidas/scanqueue/backend/src/config/database.js:25:18)
    at async Module.getScansToday (file:///C:/Users/ludin/Desktop/salidas/scanqueue/backend/src/models/Scan.js:23:15)
    at async Module.getScanStatistics (file:///C:/Users/ludin/Desktop/salidas/scanqueue/backend/src/services/ScanService.js:76:24)
    at async getDashboardStats (file:///C:/Users/ludin/Desktop/salidas/scanqueue/backend/src/controllers/DashboardController.js:12:19)
Path: /api/dashboard/stats

[2026-03-04T12:42:50.846Z] ERROR: 
Stack: AggregateError [ECONNREFUSED]: 
    at C:\Users\ludin\Desktop\salidas\scanqueue\backend\node_modules\pg-pool\index.js:45:11
    at process.processTicksAndRejections (node:internal/process/task_queues:105:5)
    at async query (file:///C:/Users/ludin/Desktop/salidas/scanqueue/backend/src/config/database.js:25:18)
    at async Module.getScansToday (file:///C:/Users/ludin/Desktop/salidas/scanqueue/backend/src/models/Scan.js:23:15)
    at async getTodaySummary (file:///C:/Users/ludin/Desktop/salidas/scanqueue/backend/src/controllers/DashboardController.js:30:24)
Path: /api/dashboard/today

[2026-03-04T12:42:51.176Z] ERROR: 
Stack: AggregateError [ECONNREFUSED]: 
    at C:\Users\ludin\Desktop\salidas\scanqueue\backend\node_modules\pg-pool\index.js:45:11
    at process.processTicksAndRejections (node:internal/process/task_queues:105:5)
    at async query (file:///C:/Users/ludin/Desktop/salidas/scanqueue/backend/src/config/database.js:25:18)
    at async Module.getScansToday (file:///C:/Users/ludin/Desktop/salidas/scanqueue/backend/src/models/Scan.js:23:15)
    at async Module.getScanStatistics (file:///C:/Users/ludin/Desktop/salidas/scanqueue/backend/src/services/ScanService.js:76:24)
    at async getDashboardStats (file:///C:/Users/ludin/Desktop/salidas/scanqueue/backend/src/controllers/DashboardController.js:12:19)
Path: /api/dashboard/stats

[2026-03-04T12:42:51.179Z] ERROR: 
Stack: AggregateError [ECONNREFUSED]: 
    at C:\Users\ludin\Desktop\salidas\scanqueue\backend\node_modules\pg-pool\index.js:45:11
    at process.processTicksAndRejections (node:internal/process/task_queues:105:5)
    at async query (file:///C:/Users/ludin/Desktop/salidas/scanqueue/backend/src/config/database.js:25:18)
    at async Module.getScansToday (file:///C:/Users/ludin/Desktop/salidas/scanqueue/backend/src/models/Scan.js:23:15)
    at async getTodaySummary (file:///C:/Users/ludin/Desktop/salidas/scanqueue/backend/src/controllers/DashboardController.js:30:24)
Path: /api/dashboard/today

[2026-03-04T12:42:51.479Z] ERROR: 
Stack: AggregateError [ECONNREFUSED]: 
    at C:\Users\ludin\Desktop\salidas\scanqueue\backend\node_modules\pg-pool\index.js:45:11
    at process.processTicksAndRejections (node:internal/process/task_queues:105:5)
    at async query (file:///C:/Users/ludin/Desktop/salidas/scanqueue/backend/src/config/database.js:25:18)
    at async Module.getScansToday (file:///C:/Users/ludin/Desktop/salidas/scanqueue/backend/src/models/Scan.js:23:15)
    at async Module.getScanStatistics (file:///C:/Users/ludin/Desktop/salidas/scanqueue/backend/src/services/ScanService.js:76:24)
    at async getDashboardStats (file:///C:/Users/ludin/Desktop/salidas/scanqueue/backend/src/controllers/DashboardController.js:12:19)
Path: /api/dashboard/stats

[2026-03-04T12:42:51.482Z] ERROR: 
Stack: AggregateError [ECONNREFUSED]: 
    at C:\Users\ludin\Desktop\salidas\scanqueue\backend\node_modules\pg-pool\index.js:45:11
    at process.processTicksAndRejections (node:internal/process/task_queues:105:5)
    at async query (file:///C:/Users/ludin/Desktop/salidas/scanqueue/backend/src/config/database.js:25:18)
    at async Module.getScansToday (file:///C:/Users/ludin/Desktop/salidas/scanqueue/backend/src/models/Scan.js:23:15)
    at async getTodaySummary (file:///C:/Users/ludin/Desktop/salidas/scanqueue/backend/src/controllers/DashboardController.js:30:24)
Path: /api/dashboard/today

[2026-03-04T12:42:51.739Z] ERROR: 
Stack: AggregateError [ECONNREFUSED]: 
    at C:\Users\ludin\Desktop\salidas\scanqueue\backend\node_modules\pg-pool\index.js:45:11
    at process.processTicksAndRejections (node:internal/process/task_queues:105:5)
    at async query (file:///C:/Users/ludin/Desktop/salidas/scanqueue/backend/src/config/database.js:25:18)
    at async Module.getScansToday (file:///C:/Users/ludin/Desktop/salidas/scanqueue/backend/src/models/Scan.js:23:15)
    at async Module.getScanStatistics (file:///C:/Users/ludin/Desktop/salidas/scanqueue/backend/src/services/ScanService.js:76:24)
    at async getDashboardStats (file:///C:/Users/ludin/Desktop/salidas/scanqueue/backend/src/controllers/DashboardController.js:12:19)
Path: /api/dashboard/stats

[2026-03-04T12:42:51.742Z] ERROR: 
Stack: AggregateError [ECONNREFUSED]: 
    at C:\Users\ludin\Desktop\salidas\scanqueue\backend\node_modules\pg-pool\index.js:45:11
    at process.processTicksAndRejections (node:internal/process/task_queues:105:5)
    at async query (file:///C:/Users/ludin/Desktop/salidas/scanqueue/backend/src/config/database.js:25:18)
    at async Module.getScansToday (file:///C:/Users/ludin/Desktop/salidas/scanqueue/backend/src/models/Scan.js:23:15)
    at async getTodaySummary (file:///C:/Users/ludin/Desktop/salidas/scanqueue/backend/src/controllers/DashboardController.js:30:24)
Path: /api/dashboard/today

[2026-03-04T12:42:52.097Z] ERROR: 
Stack: AggregateError [ECONNREFUSED]: 
    at C:\Users\ludin\Desktop\salidas\scanqueue\backend\node_modules\pg-pool\index.js:45:11
    at process.processTicksAndRejections (node:internal/process/task_queues:105:5)
    at async query (file:///C:/Users/ludin/Desktop/salidas/scanqueue/backend/src/config/database.js:25:18)
    at async Module.getScansToday (file:///C:/Users/ludin/Desktop/salidas/scanqueue/backend/src/models/Scan.js:23:15)
    at async Module.getScanStatistics (file:///C:/Users/ludin/Desktop/salidas/scanqueue/backend/src/services/ScanService.js:76:24)
    at async getDashboardStats (file:///C:/Users/ludin/Desktop/salidas/scanqueue/backend/src/controllers/DashboardController.js:12:19)
Path: /api/dashboard/stats

[2026-03-04T12:42:52.099Z] ERROR: 
Stack: AggregateError [ECONNREFUSED]: 
    at C:\Users\ludin\Desktop\salidas\scanqueue\backend\node_modules\pg-pool\index.js:45:11
    at process.processTicksAndRejections (node:internal/process/task_queues:105:5)
    at async query (file:///C:/Users/ludin/Desktop/salidas/scanqueue/backend/src/config/database.js:25:18)
    at async Module.getScansToday (file:///C:/Users/ludin/Desktop/salidas/scanqueue/backend/src/models/Scan.js:23:15)
    at async getTodaySummary (file:///C:/Users/ludin/Desktop/salidas/scanqueue/backend/src/controllers/DashboardController.js:30:24)
Path: /api/dashboard/today

[2026-03-04T12:42:52.335Z] ERROR: 
Stack: AggregateError [ECONNREFUSED]: 
    at C:\Users\ludin\Desktop\salidas\scanqueue\backend\node_modules\pg-pool\index.js:45:11
    at process.processTicksAndRejections (node:internal/process/task_queues:105:5)
    at async query (file:///C:/Users/ludin/Desktop/salidas/scanqueue/backend/src/config/database.js:25:18)
    at async Module.getScansToday (file:///C:/Users/ludin/Desktop/salidas/scanqueue/backend/src/models/Scan.js:23:15)
    at async Module.getScanStatistics (file:///C:/Users/ludin/Desktop/salidas/scanqueue/backend/src/services/ScanService.js:76:24)
    at async getDashboardStats (file:///C:/Users/ludin/Desktop/salidas/scanqueue/backend/src/controllers/DashboardController.js:12:19)
Path: /api/dashboard/stats

[2026-03-04T12:42:52.337Z] ERROR: 
Stack: AggregateError [ECONNREFUSED]: 
    at C:\Users\ludin\Desktop\salidas\scanqueue\backend\node_modules\pg-pool\index.js:45:11
    at process.processTicksAndRejections (node:internal/process/task_queues:105:5)
    at async query (file:///C:/Users/ludin/Desktop/salidas/scanqueue/backend/src/config/database.js:25:18)
    at async Module.getScansToday (file:///C:/Users/ludin/Desktop/salidas/scanqueue/backend/src/models/Scan.js:23:15)
    at async getTodaySummary (file:///C:/Users/ludin/Desktop/salidas/scanqueue/backend/src/controllers/DashboardController.js:30:24)
Path: /api/dashboard/today

[2026-03-04T12:42:52.580Z] ERROR: 
Stack: AggregateError [ECONNREFUSED]: 
    at C:\Users\ludin\Desktop\salidas\scanqueue\backend\node_modules\pg-pool\index.js:45:11
    at process.processTicksAndRejections (node:internal/process/task_queues:105:5)
    at async query (file:///C:/Users/ludin/Desktop/salidas/scanqueue/backend/src/config/database.js:25:18)
    at async Module.getScansToday (file:///C:/Users/ludin/Desktop/salidas/scanqueue/backend/src/models/Scan.js:23:15)
    at async Module.getScanStatistics (file:///C:/Users/ludin/Desktop/salidas/scanqueue/backend/src/services/ScanService.js:76:24)
    at async getDashboardStats (file:///C:/Users/ludin/Desktop/salidas/scanqueue/backend/src/controllers/DashboardController.js:12:19)
Path: /api/dashboard/stats

[2026-03-04T12:42:52.581Z] ERROR: 
Stack: AggregateError [ECONNREFUSED]: 
    at C:\Users\ludin\Desktop\salidas\scanqueue\backend\node_modules\pg-pool\index.js:45:11
    at process.processTicksAndRejections (node:internal/process/task_queues:105:5)
    at async query (file:///C:/Users/ludin/Desktop/salidas/scanqueue/backend/src/config/database.js:25:18)
    at async Module.getScansToday (file:///C:/Users/ludin/Desktop/salidas/scanqueue/backend/src/models/Scan.js:23:15)
    at async getTodaySummary (file:///C:/Users/ludin/Desktop/salidas/scanqueue/backend/src/controllers/DashboardController.js:30:24)
Path: /api/dashboard/today

[2026-03-04T12:42:52.860Z] ERROR: 
Stack: AggregateError [ECONNREFUSED]: 
    at C:\Users\ludin\Desktop\salidas\scanqueue\backend\node_modules\pg-pool\index.js:45:11
    at process.processTicksAndRejections (node:internal/process/task_queues:105:5)
    at async query (file:///C:/Users/ludin/Desktop/salidas/scanqueue/backend/src/config/database.js:25:18)
    at async Module.getScansToday (file:///C:/Users/ludin/Desktop/salidas/scanqueue/backend/src/models/Scan.js:23:15)
    at async Module.getScanStatistics (file:///C:/Users/ludin/Desktop/salidas/scanqueue/backend/src/services/ScanService.js:76:24)
    at async getDashboardStats (file:///C:/Users/ludin/Desktop/salidas/scanqueue/backend/src/controllers/DashboardController.js:12:19)
Path: /api/dashboard/stats

[2026-03-04T12:42:52.864Z] ERROR: 
Stack: AggregateError [ECONNREFUSED]: 
    at C:\Users\ludin\Desktop\salidas\scanqueue\backend\node_modules\pg-pool\index.js:45:11
    at process.processTicksAndRejections (node:internal/process/task_queues:105:5)
    at async query (file:///C:/Users/ludin/Desktop/salidas/scanqueue/backend/src/config/database.js:25:18)
    at async Module.getScansToday (file:///C:/Users/ludin/Desktop/salidas/scanqueue/backend/src/models/Scan.js:23:15)
    at async getTodaySummary (file:///C:/Users/ludin/Desktop/salidas/scanqueue/backend/src/controllers/DashboardController.js:30:24)
Path: /api/dashboard/today

[2026-03-04T12:42:53.210Z] ERROR: 
Stack: AggregateError [ECONNREFUSED]: 
    at C:\Users\ludin\Desktop\salidas\scanqueue\backend\node_modules\pg-pool\index.js:45:11
    at process.processTicksAndRejections (node:internal/process/task_queues:105:5)
    at async query (file:///C:/Users/ludin/Desktop/salidas/scanqueue/backend/src/config/database.js:25:18)
    at async Module.getScansToday (file:///C:/Users/ludin/Desktop/salidas/scanqueue/backend/src/models/Scan.js:23:15)
    at async Module.getScanStatistics (file:///C:/Users/ludin/Desktop/salidas/scanqueue/backend/src/services/ScanService.js:76:24)
    at async getDashboardStats (file:///C:/Users/ludin/Desktop/salidas/scanqueue/backend/src/controllers/DashboardController.js:12:19)
Path: /api/dashboard/stats

[2026-03-04T12:42:53.213Z] ERROR: 
Stack: AggregateError [ECONNREFUSED]: 
    at C:\Users\ludin\Desktop\salidas\scanqueue\backend\node_modules\pg-pool\index.js:45:11
    at process.processTicksAndRejections (node:internal/process/task_queues:105:5)
    at async query (file:///C:/Users/ludin/Desktop/salidas/scanqueue/backend/src/config/database.js:25:18)
    at async Module.getScansToday (file:///C:/Users/ludin/Desktop/salidas/scanqueue/backend/src/models/Scan.js:23:15)
    at async getTodaySummary (file:///C:/Users/ludin/Desktop/salidas/scanqueue/backend/src/controllers/DashboardController.js:30:24)
Path: /api/dashboard/today

[2026-03-04T12:42:53.620Z] ERROR: 
Stack: AggregateError [ECONNREFUSED]: 
    at C:\Users\ludin\Desktop\salidas\scanqueue\backend\node_modules\pg-pool\index.js:45:11
    at process.processTicksAndRejections (node:internal/process/task_queues:105:5)
    at async query (file:///C:/Users/ludin/Desktop/salidas/scanqueue/backend/src/config/database.js:25:18)
    at async Module.getScansToday (file:///C:/Users/ludin/Desktop/salidas/scanqueue/backend/src/models/Scan.js:23:15)
    at async Module.getScanStatistics (file:///C:/Users/ludin/Desktop/salidas/scanqueue/backend/src/services/ScanService.js:76:24)
    at async getDashboardStats (file:///C:/Users/ludin/Desktop/salidas/scanqueue/backend/src/controllers/DashboardController.js:12:19)
Path: /api/dashboard/stats

[2026-03-04T12:42:53.624Z] ERROR: 
Stack: AggregateError [ECONNREFUSED]: 
    at C:\Users\ludin\Desktop\salidas\scanqueue\backend\node_modules\pg-pool\index.js:45:11
    at process.processTicksAndRejections (node:internal/process/task_queues:105:5)
    at async query (file:///C:/Users/ludin/Desktop/salidas/scanqueue/backend/src/config/database.js:25:18)
    at async Module.getScansToday (file:///C:/Users/ludin/Desktop/salidas/scanqueue/backend/src/models/Scan.js:23:15)
    at async getTodaySummary (file:///C:/Users/ludin/Desktop/salidas/scanqueue/backend/src/controllers/DashboardController.js:30:24)
Path: /api/dashboard/today

[2026-03-04T12:42:54.000Z] ERROR: 
Stack: AggregateError [ECONNREFUSED]: 
    at C:\Users\ludin\Desktop\salidas\scanqueue\backend\node_modules\pg-pool\index.js:45:11
    at process.processTicksAndRejections (node:internal/process/task_queues:105:5)
    at async query (file:///C:/Users/ludin/Desktop/salidas/scanqueue/backend/src/config/database.js:25:18)
    at async Module.getScansToday (file:///C:/Users/ludin/Desktop/salidas/scanqueue/backend/src/models/Scan.js:23:15)
    at async Module.getScanStatistics (file:///C:/Users/ludin/Desktop/salidas/scanqueue/backend/src/services/ScanService.js:76:24)
    at async getDashboardStats (file:///C:/Users/ludin/Desktop/salidas/scanqueue/backend/src/controllers/DashboardController.js:12:19)
Path: /api/dashboard/stats

[2026-03-04T12:42:54.006Z] ERROR: 
Stack: AggregateError [ECONNREFUSED]: 
    at C:\Users\ludin\Desktop\salidas\scanqueue\backend\node_modules\pg-pool\index.js:45:11
    at process.processTicksAndRejections (node:internal/process/task_queues:105:5)
    at async query (file:///C:/Users/ludin/Desktop/salidas/scanqueue/backend/src/config/database.js:25:18)
    at async Module.getScansToday (file:///C:/Users/ludin/Desktop/salidas/scanqueue/backend/src/models/Scan.js:23:15)
    at async getTodaySummary (file:///C:/Users/ludin/Desktop/salidas/scanqueue/backend/src/controllers/DashboardController.js:30:24)
Path: /api/dashboard/today

[2026-03-04T12:42:54.394Z] ERROR: 
Stack: AggregateError [ECONNREFUSED]: 
    at C:\Users\ludin\Desktop\salidas\scanqueue\backend\node_modules\pg-pool\index.js:45:11
    at process.processTicksAndRejections (node:internal/process/task_queues:105:5)
    at async query (file:///C:/Users/ludin/Desktop/salidas/scanqueue/backend/src/config/database.js:25:18)
    at async Module.getScansToday (file:///C:/Users/ludin/Desktop/salidas/scanqueue/backend/src/models/Scan.js:23:15)
    at async Module.getScanStatistics (file:///C:/Users/ludin/Desktop/salidas/scanqueue/backend/src/services/ScanService.js:76:24)
    at async getDashboardStats (file:///C:/Users/ludin/Desktop/salidas/scanqueue/backend/src/controllers/DashboardController.js:12:19)
Path: /api/dashboard/stats

[2026-03-04T12:42:54.397Z] ERROR: 
Stack: AggregateError [ECONNREFUSED]: 
    at C:\Users\ludin\Desktop\salidas\scanqueue\backend\node_modules\pg-pool\index.js:45:11
    at process.processTicksAndRejections (node:internal/process/task_queues:105:5)
    at async query (file:///C:/Users/ludin/Desktop/salidas/scanqueue/backend/src/config/database.js:25:18)
    at async Module.getScansToday (file:///C:/Users/ludin/Desktop/salidas/scanqueue/backend/src/models/Scan.js:23:15)
    at async getTodaySummary (file:///C:/Users/ludin/Desktop/salidas/scanqueue/backend/src/controllers/DashboardController.js:30:24)
Path: /api/dashboard/today

[2026-03-04T12:42:54.699Z] ERROR: 
Stack: AggregateError [ECONNREFUSED]: 
    at C:\Users\ludin\Desktop\salidas\scanqueue\backend\node_modules\pg-pool\index.js:45:11
    at process.processTicksAndRejections (node:internal/process/task_queues:105:5)
    at async query (file:///C:/Users/ludin/Desktop/salidas/scanqueue/backend/src/config/database.js:25:18)
    at async Module.getScansToday (file:///C:/Users/ludin/Desktop/salidas/scanqueue/backend/src/models/Scan.js:23:15)
    at async Module.getScanStatistics (file:///C:/Users/ludin/Desktop/salidas/scanqueue/backend/src/services/ScanService.js:76:24)
    at async getDashboardStats (file:///C:/Users/ludin/Desktop/salidas/scanqueue/backend/src/controllers/DashboardController.js:12:19)
Path: /api/dashboard/stats

[2026-03-04T12:42:54.704Z] ERROR: 
Stack: AggregateError [ECONNREFUSED]: 
    at C:\Users\ludin\Desktop\salidas\scanqueue\backend\node_modules\pg-pool\index.js:45:11
    at process.processTicksAndRejections (node:internal/process/task_queues:105:5)
    at async query (file:///C:/Users/ludin/Desktop/salidas/scanqueue/backend/src/config/database.js:25:18)
    at async Module.getScansToday (file:///C:/Users/ludin/Desktop/salidas/scanqueue/backend/src/models/Scan.js:23:15)
    at async getTodaySummary (file:///C:/Users/ludin/Desktop/salidas/scanqueue/backend/src/controllers/DashboardController.js:30:24)
Path: /api/dashboard/today

[2026-03-04T12:42:54.979Z] ERROR: 
Stack: AggregateError [ECONNREFUSED]: 
    at C:\Users\ludin\Desktop\salidas\scanqueue\backend\node_modules\pg-pool\index.js:45:11
    at process.processTicksAndRejections (node:internal/process/task_queues:105:5)
    at async query (file:///C:/Users/ludin/Desktop/salidas/scanqueue/backend/src/config/database.js:25:18)
    at async Module.getScansToday (file:///C:/Users/ludin/Desktop/salidas/scanqueue/backend/src/models/Scan.js:23:15)
    at async Module.getScanStatistics (file:///C:/Users/ludin/Desktop/salidas/scanqueue/backend/src/services/ScanService.js:76:24)
    at async getDashboardStats (file:///C:/Users/ludin/Desktop/salidas/scanqueue/backend/src/controllers/DashboardController.js:12:19)
Path: /api/dashboard/stats

[2026-03-04T12:42:54.982Z] ERROR: 
Stack: AggregateError [ECONNREFUSED]: 
    at C:\Users\ludin\Desktop\salidas\scanqueue\backend\node_modules\pg-pool\index.js:45:11
    at process.processTicksAndRejections (node:internal/process/task_queues:105:5)
    at async query (file:///C:/Users/ludin/Desktop/salidas/scanqueue/backend/src/config/database.js:25:18)
    at async Module.getScansToday (file:///C:/Users/ludin/Desktop/salidas/scanqueue/backend/src/models/Scan.js:23:15)
    at async getTodaySummary (file:///C:/Users/ludin/Desktop/salidas/scanqueue/backend/src/controllers/DashboardController.js:30:24)
Path: /api/dashboard/today

[2026-03-04T12:42:55.235Z] ERROR: 
Stack: AggregateError [ECONNREFUSED]: 
    at C:\Users\ludin\Desktop\salidas\scanqueue\backend\node_modules\pg-pool\index.js:45:11
    at process.processTicksAndRejections (node:internal/process/task_queues:105:5)
    at async query (file:///C:/Users/ludin/Desktop/salidas/scanqueue/backend/src/config/database.js:25:18)
    at async Module.getScansToday (file:///C:/Users/ludin/Desktop/salidas/scanqueue/backend/src/models/Scan.js:23:15)
    at async Module.getScanStatistics (file:///C:/Users/ludin/Desktop/salidas/scanqueue/backend/src/services/ScanService.js:76:24)
    at async getDashboardStats (file:///C:/Users/ludin/Desktop/salidas/scanqueue/backend/src/controllers/DashboardController.js:12:19)
Path: /api/dashboard/stats

[2026-03-04T12:42:55.237Z] ERROR: 
Stack: AggregateError [ECONNREFUSED]: 
    at C:\Users\ludin\Desktop\salidas\scanqueue\backend\node_modules\pg-pool\index.js:45:11
    at process.processTicksAndRejections (node:internal/process/task_queues:105:5)
    at async query (file:///C:/Users/ludin/Desktop/salidas/scanqueue/backend/src/config/database.js:25:18)
    at async Module.getScansToday (file:///C:/Users/ludin/Desktop/salidas/scanqueue/backend/src/models/Scan.js:23:15)
    at async getTodaySummary (file:///C:/Users/ludin/Desktop/salidas/scanqueue/backend/src/controllers/DashboardController.js:30:24)
Path: /api/dashboard/today

[2026-03-04T12:42:55.553Z] ERROR: 
Stack: AggregateError [ECONNREFUSED]: 
    at C:\Users\ludin\Desktop\salidas\scanqueue\backend\node_modules\pg-pool\index.js:45:11
    at process.processTicksAndRejections (node:internal/process/task_queues:105:5)
    at async query (file:///C:/Users/ludin/Desktop/salidas/scanqueue/backend/src/config/database.js:25:18)
    at async Module.getScansToday (file:///C:/Users/ludin/Desktop/salidas/scanqueue/backend/src/models/Scan.js:23:15)
    at async Module.getScanStatistics (file:///C:/Users/ludin/Desktop/salidas/scanqueue/backend/src/services/ScanService.js:76:24)
    at async getDashboardStats (file:///C:/Users/ludin/Desktop/salidas/scanqueue/backend/src/controllers/DashboardController.js:12:19)
Path: /api/dashboard/stats

[2026-03-04T12:42:55.556Z] ERROR: 
Stack: AggregateError [ECONNREFUSED]: 
    at C:\Users\ludin\Desktop\salidas\scanqueue\backend\node_modules\pg-pool\index.js:45:11
    at process.processTicksAndRejections (node:internal/process/task_queues:105:5)
    at async query (file:///C:/Users/ludin/Desktop/salidas/scanqueue/backend/src/config/database.js:25:18)
    at async Module.getScansToday (file:///C:/Users/ludin/Desktop/salidas/scanqueue/backend/src/models/Scan.js:23:15)
    at async getTodaySummary (file:///C:/Users/ludin/Desktop/salidas/scanqueue/backend/src/controllers/DashboardController.js:30:24)
Path: /api/dashboard/today

[2026-03-04T12:42:55.827Z] ERROR: 
Stack: AggregateError [ECONNREFUSED]: 
    at C:\Users\ludin\Desktop\salidas\scanqueue\backend\node_modules\pg-pool\index.js:45:11
    at process.processTicksAndRejections (node:internal/process/task_queues:105:5)
    at async query (file:///C:/Users/ludin/Desktop/salidas/scanqueue/backend/src/config/database.js:25:18)
    at async Module.getScansToday (file:///C:/Users/ludin/Desktop/salidas/scanqueue/backend/src/models/Scan.js:23:15)
    at async Module.getScanStatistics (file:///C:/Users/ludin/Desktop/salidas/scanqueue/backend/src/services/ScanService.js:76:24)
    at async getDashboardStats (file:///C:/Users/ludin/Desktop/salidas/scanqueue/backend/src/controllers/DashboardController.js:12:19)
Path: /api/dashboard/stats

[2026-03-04T12:42:55.829Z] ERROR: 
Stack: AggregateError [ECONNREFUSED]: 
    at C:\Users\ludin\Desktop\salidas\scanqueue\backend\node_modules\pg-pool\index.js:45:11
    at process.processTicksAndRejections (node:internal/process/task_queues:105:5)
    at async query (file:///C:/Users/ludin/Desktop/salidas/scanqueue/backend/src/config/database.js:25:18)
    at async Module.getScansToday (file:///C:/Users/ludin/Desktop/salidas/scanqueue/backend/src/models/Scan.js:23:15)
    at async getTodaySummary (file:///C:/Users/ludin/Desktop/salidas/scanqueue/backend/src/controllers/DashboardController.js:30:24)
Path: /api/dashboard/today

[2026-03-04T12:42:56.068Z] ERROR: 
Stack: AggregateError [ECONNREFUSED]: 
    at C:\Users\ludin\Desktop\salidas\scanqueue\backend\node_modules\pg-pool\index.js:45:11
    at process.processTicksAndRejections (node:internal/process/task_queues:105:5)
    at async query (file:///C:/Users/ludin/Desktop/salidas/scanqueue/backend/src/config/database.js:25:18)
    at async Module.getScansToday (file:///C:/Users/ludin/Desktop/salidas/scanqueue/backend/src/models/Scan.js:23:15)
    at async Module.getScanStatistics (file:///C:/Users/ludin/Desktop/salidas/scanqueue/backend/src/services/ScanService.js:76:24)
    at async getDashboardStats (file:///C:/Users/ludin/Desktop/salidas/scanqueue/backend/src/controllers/DashboardController.js:12:19)
Path: /api/dashboard/stats

[2026-03-04T12:42:56.070Z] ERROR: 
Stack: AggregateError [ECONNREFUSED]: 
    at C:\Users\ludin\Desktop\salidas\scanqueue\backend\node_modules\pg-pool\index.js:45:11
    at process.processTicksAndRejections (node:internal/process/task_queues:105:5)
    at async query (file:///C:/Users/ludin/Desktop/salidas/scanqueue/backend/src/config/database.js:25:18)
    at async Module.getScansToday (file:///C:/Users/ludin/Desktop/salidas/scanqueue/backend/src/models/Scan.js:23:15)
    at async getTodaySummary (file:///C:/Users/ludin/Desktop/salidas/scanqueue/backend/src/controllers/DashboardController.js:30:24)
Path: /api/dashboard/today

[2026-03-04T12:42:56.357Z] ERROR: 
Stack: AggregateError [ECONNREFUSED]: 
    at C:\Users\ludin\Desktop\salidas\scanqueue\backend\node_modules\pg-pool\index.js:45:11
    at process.processTicksAndRejections (node:internal/process/task_queues:105:5)
    at async query (file:///C:/Users/ludin/Desktop/salidas/scanqueue/backend/src/config/database.js:25:18)
    at async Module.getScansToday (file:///C:/Users/ludin/Desktop/salidas/scanqueue/backend/src/models/Scan.js:23:15)
    at async Module.getScanStatistics (file:///C:/Users/ludin/Desktop/salidas/scanqueue/backend/src/services/ScanService.js:76:24)
    at async getDashboardStats (file:///C:/Users/ludin/Desktop/salidas/scanqueue/backend/src/controllers/DashboardController.js:12:19)
Path: /api/dashboard/stats

[2026-03-04T12:42:56.359Z] ERROR: 
Stack: AggregateError [ECONNREFUSED]: 
    at C:\Users\ludin\Desktop\salidas\scanqueue\backend\node_modules\pg-pool\index.js:45:11
    at process.processTicksAndRejections (node:internal/process/task_queues:105:5)
    at async query (file:///C:/Users/ludin/Desktop/salidas/scanqueue/backend/src/config/database.js:25:18)
    at async Module.getScansToday (file:///C:/Users/ludin/Desktop/salidas/scanqueue/backend/src/models/Scan.js:23:15)
    at async getTodaySummary (file:///C:/Users/ludin/Desktop/salidas/scanqueue/backend/src/controllers/DashboardController.js:30:24)
Path: /api/dashboard/today

[2026-03-04T12:42:56.649Z] ERROR: 
Stack: AggregateError [ECONNREFUSED]: 
    at C:\Users\ludin\Desktop\salidas\scanqueue\backend\node_modules\pg-pool\index.js:45:11
    at process.processTicksAndRejections (node:internal/process/task_queues:105:5)
    at async query (file:///C:/Users/ludin/Desktop/salidas/scanqueue/backend/src/config/database.js:25:18)
    at async Module.getScansToday (file:///C:/Users/ludin/Desktop/salidas/scanqueue/backend/src/models/Scan.js:23:15)
    at async Module.getScanStatistics (file:///C:/Users/ludin/Desktop/salidas/scanqueue/backend/src/services/ScanService.js:76:24)
    at async getDashboardStats (file:///C:/Users/ludin/Desktop/salidas/scanqueue/backend/src/controllers/DashboardController.js:12:19)
Path: /api/dashboard/stats

[2026-03-04T12:42:56.651Z] ERROR: 
Stack: AggregateError [ECONNREFUSED]: 
    at C:\Users\ludin\Desktop\salidas\scanqueue\backend\node_modules\pg-pool\index.js:45:11
    at process.processTicksAndRejections (node:internal/process/task_queues:105:5)
    at async query (file:///C:/Users/ludin/Desktop/salidas/scanqueue/backend/src/config/database.js:25:18)
    at async Module.getScansToday (file:///C:/Users/ludin/Desktop/salidas/scanqueue/backend/src/models/Scan.js:23:15)
    at async getTodaySummary (file:///C:/Users/ludin/Desktop/salidas/scanqueue/backend/src/controllers/DashboardController.js:30:24)
Path: /api/dashboard/today

[2026-03-04T12:42:56.883Z] ERROR: 
Stack: AggregateError [ECONNREFUSED]: 
    at C:\Users\ludin\Desktop\salidas\scanqueue\backend\node_modules\pg-pool\index.js:45:11
    at process.processTicksAndRejections (node:internal/process/task_queues:105:5)
    at async query (file:///C:/Users/ludin/Desktop/salidas/scanqueue/backend/src/config/database.js:25:18)
    at async Module.getScansToday (file:///C:/Users/ludin/Desktop/salidas/scanqueue/backend/src/models/Scan.js:23:15)
    at async Module.getScanStatistics (file:///C:/Users/ludin/Desktop/salidas/scanqueue/backend/src/services/ScanService.js:76:24)
    at async getDashboardStats (file:///C:/Users/ludin/Desktop/salidas/scanqueue/backend/src/controllers/DashboardController.js:12:19)
Path: /api/dashboard/stats

[2026-03-04T12:42:56.886Z] ERROR: 
Stack: AggregateError [ECONNREFUSED]: 
    at C:\Users\ludin\Desktop\salidas\scanqueue\backend\node_modules\pg-pool\index.js:45:11
    at process.processTicksAndRejections (node:internal/process/task_queues:105:5)
    at async query (file:///C:/Users/ludin/Desktop/salidas/scanqueue/backend/src/config/database.js:25:18)
    at async Module.getScansToday (file:///C:/Users/ludin/Desktop/salidas/scanqueue/backend/src/models/Scan.js:23:15)
    at async getTodaySummary (file:///C:/Users/ludin/Desktop/salidas/scanqueue/backend/src/controllers/DashboardController.js:30:24)
Path: /api/dashboard/today

[2026-03-04T12:42:57.191Z] ERROR: 
Stack: AggregateError [ECONNREFUSED]: 
    at C:\Users\ludin\Desktop\salidas\scanqueue\backend\node_modules\pg-pool\index.js:45:11
    at process.processTicksAndRejections (node:internal/process/task_queues:105:5)
    at async query (file:///C:/Users/ludin/Desktop/salidas/scanqueue/backend/src/config/database.js:25:18)
    at async Module.getScansToday (file:///C:/Users/ludin/Desktop/salidas/scanqueue/backend/src/models/Scan.js:23:15)
    at async Module.getScanStatistics (file:///C:/Users/ludin/Desktop/salidas/scanqueue/backend/src/services/ScanService.js:76:24)
    at async getDashboardStats (file:///C:/Users/ludin/Desktop/salidas/scanqueue/backend/src/controllers/DashboardController.js:12:19)
Path: /api/dashboard/stats

[2026-03-04T12:42:57.193Z] ERROR: 
Stack: AggregateError [ECONNREFUSED]: 
    at C:\Users\ludin\Desktop\salidas\scanqueue\backend\node_modules\pg-pool\index.js:45:11
    at process.processTicksAndRejections (node:internal/process/task_queues:105:5)
    at async query (file:///C:/Users/ludin/Desktop/salidas/scanqueue/backend/src/config/database.js:25:18)
    at async Module.getScansToday (file:///C:/Users/ludin/Desktop/salidas/scanqueue/backend/src/models/Scan.js:23:15)
    at async getTodaySummary (file:///C:/Users/ludin/Desktop/salidas/scanqueue/backend/src/controllers/DashboardController.js:30:24)
Path: /api/dashboard/today

[2026-03-04T12:42:57.536Z] ERROR: 
Stack: AggregateError [ECONNREFUSED]: 
    at C:\Users\ludin\Desktop\salidas\scanqueue\backend\node_modules\pg-pool\index.js:45:11
    at process.processTicksAndRejections (node:internal/process/task_queues:105:5)
    at async query (file:///C:/Users/ludin/Desktop/salidas/scanqueue/backend/src/config/database.js:25:18)
    at async Module.getScansToday (file:///C:/Users/ludin/Desktop/salidas/scanqueue/backend/src/models/Scan.js:23:15)
    at async Module.getScanStatistics (file:///C:/Users/ludin/Desktop/salidas/scanqueue/backend/src/services/ScanService.js:76:24)
    at async getDashboardStats (file:///C:/Users/ludin/Desktop/salidas/scanqueue/backend/src/controllers/DashboardController.js:12:19)
Path: /api/dashboard/stats

[2026-03-04T12:42:57.538Z] ERROR: 
Stack: AggregateError [ECONNREFUSED]: 
    at C:\Users\ludin\Desktop\salidas\scanqueue\backend\node_modules\pg-pool\index.js:45:11
    at process.processTicksAndRejections (node:internal/process/task_queues:105:5)
    at async query (file:///C:/Users/ludin/Desktop/salidas/scanqueue/backend/src/config/database.js:25:18)
    at async Module.getScansToday (file:///C:/Users/ludin/Desktop/salidas/scanqueue/backend/src/models/Scan.js:23:15)
    at async getTodaySummary (file:///C:/Users/ludin/Desktop/salidas/scanqueue/backend/src/controllers/DashboardController.js:30:24)
Path: /api/dashboard/today

[2026-03-04T12:42:57.839Z] ERROR: 
Stack: AggregateError [ECONNREFUSED]: 
    at C:\Users\ludin\Desktop\salidas\scanqueue\backend\node_modules\pg-pool\index.js:45:11
    at process.processTicksAndRejections (node:internal/process/task_queues:105:5)
    at async query (file:///C:/Users/ludin/Desktop/salidas/scanqueue/backend/src/config/database.js:25:18)
    at async Module.getScansToday (file:///C:/Users/ludin/Desktop/salidas/scanqueue/backend/src/models/Scan.js:23:15)
    at async Module.getScanStatistics (file:///C:/Users/ludin/Desktop/salidas/scanqueue/backend/src/services/ScanService.js:76:24)
    at async getDashboardStats (file:///C:/Users/ludin/Desktop/salidas/scanqueue/backend/src/controllers/DashboardController.js:12:19)
Path: /api/dashboard/stats

[2026-03-04T12:42:57.842Z] ERROR: 
Stack: AggregateError [ECONNREFUSED]: 
    at C:\Users\ludin\Desktop\salidas\scanqueue\backend\node_modules\pg-pool\index.js:45:11
    at process.processTicksAndRejections (node:internal/process/task_queues:105:5)
    at async query (file:///C:/Users/ludin/Desktop/salidas/scanqueue/backend/src/config/database.js:25:18)
    at async Module.getScansToday (file:///C:/Users/ludin/Desktop/salidas/scanqueue/backend/src/models/Scan.js:23:15)
    at async getTodaySummary (file:///C:/Users/ludin/Desktop/salidas/scanqueue/backend/src/controllers/DashboardController.js:30:24)
Path: /api/dashboard/today

[2026-03-04T12:42:58.127Z] ERROR: 
Stack: AggregateError [ECONNREFUSED]: 
    at C:\Users\ludin\Desktop\salidas\scanqueue\backend\node_modules\pg-pool\index.js:45:11
    at process.processTicksAndRejections (node:internal/process/task_queues:105:5)
    at async query (file:///C:/Users/ludin/Desktop/salidas/scanqueue/backend/src/config/database.js:25:18)
    at async Module.getScansToday (file:///C:/Users/ludin/Desktop/salidas/scanqueue/backend/src/models/Scan.js:23:15)
    at async Module.getScanStatistics (file:///C:/Users/ludin/Desktop/salidas/scanqueue/backend/src/services/ScanService.js:76:24)
    at async getDashboardStats (file:///C:/Users/ludin/Desktop/salidas/scanqueue/backend/src/controllers/DashboardController.js:12:19)
Path: /api/dashboard/stats

[2026-03-04T12:42:58.130Z] ERROR: 
Stack: AggregateError [ECONNREFUSED]: 
    at C:\Users\ludin\Desktop\salidas\scanqueue\backend\node_modules\pg-pool\index.js:45:11
    at process.processTicksAndRejections (node:internal/process/task_queues:105:5)
    at async query (file:///C:/Users/ludin/Desktop/salidas/scanqueue/backend/src/config/database.js:25:18)
    at async Module.getScansToday (file:///C:/Users/ludin/Desktop/salidas/scanqueue/backend/src/models/Scan.js:23:15)
    at async getTodaySummary (file:///C:/Users/ludin/Desktop/salidas/scanqueue/backend/src/controllers/DashboardController.js:30:24)
Path: /api/dashboard/today

[2026-03-04T12:42:58.549Z] ERROR: 
Stack: AggregateError [ECONNREFUSED]: 
    at C:\Users\ludin\Desktop\salidas\scanqueue\backend\node_modules\pg-pool\index.js:45:11
    at process.processTicksAndRejections (node:internal/process/task_queues:105:5)
    at async query (file:///C:/Users/ludin/Desktop/salidas/scanqueue/backend/src/config/database.js:25:18)
    at async Module.getScansToday (file:///C:/Users/ludin/Desktop/salidas/scanqueue/backend/src/models/Scan.js:23:15)
    at async Module.getScanStatistics (file:///C:/Users/ludin/Desktop/salidas/scanqueue/backend/src/services/ScanService.js:76:24)
    at async getDashboardStats (file:///C:/Users/ludin/Desktop/salidas/scanqueue/backend/src/controllers/DashboardController.js:12:19)
Path: /api/dashboard/stats

[2026-03-04T12:42:58.552Z] ERROR: 
Stack: AggregateError [ECONNREFUSED]: 
    at C:\Users\ludin\Desktop\salidas\scanqueue\backend\node_modules\pg-pool\index.js:45:11
    at process.processTicksAndRejections (node:internal/process/task_queues:105:5)
    at async query (file:///C:/Users/ludin/Desktop/salidas/scanqueue/backend/src/config/database.js:25:18)
    at async Module.getScansToday (file:///C:/Users/ludin/Desktop/salidas/scanqueue/backend/src/models/Scan.js:23:15)
    at async getTodaySummary (file:///C:/Users/ludin/Desktop/salidas/scanqueue/backend/src/controllers/DashboardController.js:30:24)
Path: /api/dashboard/today

[2026-03-04T12:42:58.912Z] ERROR: 
Stack: AggregateError [ECONNREFUSED]: 
    at C:\Users\ludin\Desktop\salidas\scanqueue\backend\node_modules\pg-pool\index.js:45:11
    at process.processTicksAndRejections (node:internal/process/task_queues:105:5)
    at async query (file:///C:/Users/ludin/Desktop/salidas/scanqueue/backend/src/config/database.js:25:18)
    at async Module.getScansToday (file:///C:/Users/ludin/Desktop/salidas/scanqueue/backend/src/models/Scan.js:23:15)
    at async Module.getScanStatistics (file:///C:/Users/ludin/Desktop/salidas/scanqueue/backend/src/services/ScanService.js:76:24)
    at async getDashboardStats (file:///C:/Users/ludin/Desktop/salidas/scanqueue/backend/src/controllers/DashboardController.js:12:19)
Path: /api/dashboard/stats

[2026-03-04T12:42:58.916Z] ERROR: 
Stack: AggregateError [ECONNREFUSED]: 
    at C:\Users\ludin\Desktop\salidas\scanqueue\backend\node_modules\pg-pool\index.js:45:11
    at process.processTicksAndRejections (node:internal/process/task_queues:105:5)
    at async query (file:///C:/Users/ludin/Desktop/salidas/scanqueue/backend/src/config/database.js:25:18)
    at async Module.getScansToday (file:///C:/Users/ludin/Desktop/salidas/scanqueue/backend/src/models/Scan.js:23:15)
    at async getTodaySummary (file:///C:/Users/ludin/Desktop/salidas/scanqueue/backend/src/controllers/DashboardController.js:30:24)
Path: /api/dashboard/today

[2026-03-04T12:42:59.216Z] ERROR: 
Stack: AggregateError [ECONNREFUSED]: 
    at C:\Users\ludin\Desktop\salidas\scanqueue\backend\node_modules\pg-pool\index.js:45:11
    at process.processTicksAndRejections (node:internal/process/task_queues:105:5)
    at async query (file:///C:/Users/ludin/Desktop/salidas/scanqueue/backend/src/config/database.js:25:18)
    at async Module.getScansToday (file:///C:/Users/ludin/Desktop/salidas/scanqueue/backend/src/models/Scan.js:23:15)
    at async Module.getScanStatistics (file:///C:/Users/ludin/Desktop/salidas/scanqueue/backend/src/services/ScanService.js:76:24)
    at async getDashboardStats (file:///C:/Users/ludin/Desktop/salidas/scanqueue/backend/src/controllers/DashboardController.js:12:19)
Path: /api/dashboard/stats

[2026-03-04T12:42:59.219Z] ERROR: 
Stack: AggregateError [ECONNREFUSED]: 
    at C:\Users\ludin\Desktop\salidas\scanqueue\backend\node_modules\pg-pool\index.js:45:11
    at process.processTicksAndRejections (node:internal/process/task_queues:105:5)
    at async query (file:///C:/Users/ludin/Desktop/salidas/scanqueue/backend/src/config/database.js:25:18)
    at async Module.getScansToday (file:///C:/Users/ludin/Desktop/salidas/scanqueue/backend/src/models/Scan.js:23:15)
    at async getTodaySummary (file:///C:/Users/ludin/Desktop/salidas/scanqueue/backend/src/controllers/DashboardController.js:30:24)
Path: /api/dashboard/today

[2026-03-04T12:42:59.565Z] ERROR: 
Stack: AggregateError [ECONNREFUSED]: 
    at C:\Users\ludin\Desktop\salidas\scanqueue\backend\node_modules\pg-pool\index.js:45:11
    at process.processTicksAndRejections (node:internal/process/task_queues:105:5)
    at async query (file:///C:/Users/ludin/Desktop/salidas/scanqueue/backend/src/config/database.js:25:18)
    at async Module.getScansToday (file:///C:/Users/ludin/Desktop/salidas/scanqueue/backend/src/models/Scan.js:23:15)
    at async Module.getScanStatistics (file:///C:/Users/ludin/Desktop/salidas/scanqueue/backend/src/services/ScanService.js:76:24)
    at async getDashboardStats (file:///C:/Users/ludin/Desktop/salidas/scanqueue/backend/src/controllers/DashboardController.js:12:19)
Path: /api/dashboard/stats

[2026-03-04T12:42:59.568Z] ERROR: 
Stack: AggregateError [ECONNREFUSED]: 
    at C:\Users\ludin\Desktop\salidas\scanqueue\backend\node_modules\pg-pool\index.js:45:11
    at process.processTicksAndRejections (node:internal/process/task_queues:105:5)
    at async query (file:///C:/Users/ludin/Desktop/salidas/scanqueue/backend/src/config/database.js:25:18)
    at async Module.getScansToday (file:///C:/Users/ludin/Desktop/salidas/scanqueue/backend/src/models/Scan.js:23:15)
    at async getTodaySummary (file:///C:/Users/ludin/Desktop/salidas/scanqueue/backend/src/controllers/DashboardController.js:30:24)
Path: /api/dashboard/today

[2026-03-04T12:42:59.933Z] ERROR: 
Stack: AggregateError [ECONNREFUSED]: 
    at C:\Users\ludin\Desktop\salidas\scanqueue\backend\node_modules\pg-pool\index.js:45:11
    at process.processTicksAndRejections (node:internal/process/task_queues:105:5)
    at async query (file:///C:/Users/ludin/Desktop/salidas/scanqueue/backend/src/config/database.js:25:18)
    at async Module.getScansToday (file:///C:/Users/ludin/Desktop/salidas/scanqueue/backend/src/models/Scan.js:23:15)
    at async Module.getScanStatistics (file:///C:/Users/ludin/Desktop/salidas/scanqueue/backend/src/services/ScanService.js:76:24)
    at async getDashboardStats (file:///C:/Users/ludin/Desktop/salidas/scanqueue/backend/src/controllers/DashboardController.js:12:19)
Path: /api/dashboard/stats

[2026-03-04T12:42:59.936Z] ERROR: 
Stack: AggregateError [ECONNREFUSED]: 
    at C:\Users\ludin\Desktop\salidas\scanqueue\backend\node_modules\pg-pool\index.js:45:11
    at process.processTicksAndRejections (node:internal/process/task_queues:105:5)
    at async query (file:///C:/Users/ludin/Desktop/salidas/scanqueue/backend/src/config/database.js:25:18)
    at async Module.getScansToday (file:///C:/Users/ludin/Desktop/salidas/scanqueue/backend/src/models/Scan.js:23:15)
    at async getTodaySummary (file:///C:/Users/ludin/Desktop/salidas/scanqueue/backend/src/controllers/DashboardController.js:30:24)
Path: /api/dashboard/today

[2026-03-04T12:43:00.311Z] ERROR: 
Stack: AggregateError [ECONNREFUSED]: 
    at C:\Users\ludin\Desktop\salidas\scanqueue\backend\node_modules\pg-pool\index.js:45:11
    at process.processTicksAndRejections (node:internal/process/task_queues:105:5)
    at async query (file:///C:/Users/ludin/Desktop/salidas/scanqueue/backend/src/config/database.js:25:18)
    at async Module.getScansToday (file:///C:/Users/ludin/Desktop/salidas/scanqueue/backend/src/models/Scan.js:23:15)
    at async Module.getScanStatistics (file:///C:/Users/ludin/Desktop/salidas/scanqueue/backend/src/services/ScanService.js:76:24)
    at async getDashboardStats (file:///C:/Users/ludin/Desktop/salidas/scanqueue/backend/src/controllers/DashboardController.js:12:19)
Path: /api/dashboard/stats

[2026-03-04T12:43:00.314Z] ERROR: 
Stack: AggregateError [ECONNREFUSED]: 
    at C:\Users\ludin\Desktop\salidas\scanqueue\backend\node_modules\pg-pool\index.js:45:11
    at process.processTicksAndRejections (node:internal/process/task_queues:105:5)
    at async query (file:///C:/Users/ludin/Desktop/salidas/scanqueue/backend/src/config/database.js:25:18)
    at async Module.getScansToday (file:///C:/Users/ludin/Desktop/salidas/scanqueue/backend/src/models/Scan.js:23:15)
    at async getTodaySummary (file:///C:/Users/ludin/Desktop/salidas/scanqueue/backend/src/controllers/DashboardController.js:30:24)
Path: /api/dashboard/today

[2026-03-04T12:43:00.545Z] ERROR: 
Stack: AggregateError [ECONNREFUSED]: 
    at C:\Users\ludin\Desktop\salidas\scanqueue\backend\node_modules\pg-pool\index.js:45:11
    at process.processTicksAndRejections (node:internal/process/task_queues:105:5)
    at async query (file:///C:/Users/ludin/Desktop/salidas/scanqueue/backend/src/config/database.js:25:18)
    at async Module.getScansToday (file:///C:/Users/ludin/Desktop/salidas/scanqueue/backend/src/models/Scan.js:23:15)
    at async Module.getScanStatistics (file:///C:/Users/ludin/Desktop/salidas/scanqueue/backend/src/services/ScanService.js:76:24)
    at async getDashboardStats (file:///C:/Users/ludin/Desktop/salidas/scanqueue/backend/src/controllers/DashboardController.js:12:19)
Path: /api/dashboard/stats

[2026-03-04T12:43:00.548Z] ERROR: 
Stack: AggregateError [ECONNREFUSED]: 
    at C:\Users\ludin\Desktop\salidas\scanqueue\backend\node_modules\pg-pool\index.js:45:11
    at process.processTicksAndRejections (node:internal/process/task_queues:105:5)
    at async query (file:///C:/Users/ludin/Desktop/salidas/scanqueue/backend/src/config/database.js:25:18)
    at async Module.getScansToday (file:///C:/Users/ludin/Desktop/salidas/scanqueue/backend/src/models/Scan.js:23:15)
    at async getTodaySummary (file:///C:/Users/ludin/Desktop/salidas/scanqueue/backend/src/controllers/DashboardController.js:30:24)
Path: /api/dashboard/today

[2026-03-04T12:43:00.893Z] ERROR: 
Stack: AggregateError [ECONNREFUSED]: 
    at C:\Users\ludin\Desktop\salidas\scanqueue\backend\node_modules\pg-pool\index.js:45:11
    at process.processTicksAndRejections (node:internal/process/task_queues:105:5)
    at async query (file:///C:/Users/ludin/Desktop/salidas/scanqueue/backend/src/config/database.js:25:18)
    at async Module.getScansToday (file:///C:/Users/ludin/Desktop/salidas/scanqueue/backend/src/models/Scan.js:23:15)
    at async Module.getScanStatistics (file:///C:/Users/ludin/Desktop/salidas/scanqueue/backend/src/services/ScanService.js:76:24)
    at async getDashboardStats (file:///C:/Users/ludin/Desktop/salidas/scanqueue/backend/src/controllers/DashboardController.js:12:19)
Path: /api/dashboard/stats

[2026-03-04T12:43:00.895Z] ERROR: 
Stack: AggregateError [ECONNREFUSED]: 
    at C:\Users\ludin\Desktop\salidas\scanqueue\backend\node_modules\pg-pool\index.js:45:11
    at process.processTicksAndRejections (node:internal/process/task_queues:105:5)
    at async query (file:///C:/Users/ludin/Desktop/salidas/scanqueue/backend/src/config/database.js:25:18)
    at async Module.getScansToday (file:///C:/Users/ludin/Desktop/salidas/scanqueue/backend/src/models/Scan.js:23:15)
    at async getTodaySummary (file:///C:/Users/ludin/Desktop/salidas/scanqueue/backend/src/controllers/DashboardController.js:30:24)
Path: /api/dashboard/today

[2026-03-04T12:43:01.182Z] ERROR: 
Stack: AggregateError [ECONNREFUSED]: 
    at C:\Users\ludin\Desktop\salidas\scanqueue\backend\node_modules\pg-pool\index.js:45:11
    at process.processTicksAndRejections (node:internal/process/task_queues:105:5)
    at async query (file:///C:/Users/ludin/Desktop/salidas/scanqueue/backend/src/config/database.js:25:18)
    at async Module.getScansToday (file:///C:/Users/ludin/Desktop/salidas/scanqueue/backend/src/models/Scan.js:23:15)
    at async Module.getScanStatistics (file:///C:/Users/ludin/Desktop/salidas/scanqueue/backend/src/services/ScanService.js:76:24)
    at async getDashboardStats (file:///C:/Users/ludin/Desktop/salidas/scanqueue/backend/src/controllers/DashboardController.js:12:19)
Path: /api/dashboard/stats

[2026-03-04T12:43:01.188Z] ERROR: 
Stack: AggregateError [ECONNREFUSED]: 
    at C:\Users\ludin\Desktop\salidas\scanqueue\backend\node_modules\pg-pool\index.js:45:11
    at process.processTicksAndRejections (node:internal/process/task_queues:105:5)
    at async query (file:///C:/Users/ludin/Desktop/salidas/scanqueue/backend/src/config/database.js:25:18)
    at async Module.getScansToday (file:///C:/Users/ludin/Desktop/salidas/scanqueue/backend/src/models/Scan.js:23:15)
    at async getTodaySummary (file:///C:/Users/ludin/Desktop/salidas/scanqueue/backend/src/controllers/DashboardController.js:30:24)
Path: /api/dashboard/today

[2026-03-04T12:43:01.453Z] ERROR: 
Stack: AggregateError [ECONNREFUSED]: 
    at C:\Users\ludin\Desktop\salidas\scanqueue\backend\node_modules\pg-pool\index.js:45:11
    at process.processTicksAndRejections (node:internal/process/task_queues:105:5)
    at async query (file:///C:/Users/ludin/Desktop/salidas/scanqueue/backend/src/config/database.js:25:18)
    at async Module.getScansToday (file:///C:/Users/ludin/Desktop/salidas/scanqueue/backend/src/models/Scan.js:23:15)
    at async Module.getScanStatistics (file:///C:/Users/ludin/Desktop/salidas/scanqueue/backend/src/services/ScanService.js:76:24)
    at async getDashboardStats (file:///C:/Users/ludin/Desktop/salidas/scanqueue/backend/src/controllers/DashboardController.js:12:19)
Path: /api/dashboard/stats

[2026-03-04T12:43:01.456Z] ERROR: 
Stack: AggregateError [ECONNREFUSED]: 
    at C:\Users\ludin\Desktop\salidas\scanqueue\backend\node_modules\pg-pool\index.js:45:11
    at process.processTicksAndRejections (node:internal/process/task_queues:105:5)
    at async query (file:///C:/Users/ludin/Desktop/salidas/scanqueue/backend/src/config/database.js:25:18)
    at async Module.getScansToday (file:///C:/Users/ludin/Desktop/salidas/scanqueue/backend/src/models/Scan.js:23:15)
    at async getTodaySummary (file:///C:/Users/ludin/Desktop/salidas/scanqueue/backend/src/controllers/DashboardController.js:30:24)
Path: /api/dashboard/today

[2026-03-04T12:43:01.788Z] ERROR: 
Stack: AggregateError [ECONNREFUSED]: 
    at C:\Users\ludin\Desktop\salidas\scanqueue\backend\node_modules\pg-pool\index.js:45:11
    at process.processTicksAndRejections (node:internal/process/task_queues:105:5)
    at async query (file:///C:/Users/ludin/Desktop/salidas/scanqueue/backend/src/config/database.js:25:18)
    at async Module.getScansToday (file:///C:/Users/ludin/Desktop/salidas/scanqueue/backend/src/models/Scan.js:23:15)
    at async Module.getScanStatistics (file:///C:/Users/ludin/Desktop/salidas/scanqueue/backend/src/services/ScanService.js:76:24)
    at async getDashboardStats (file:///C:/Users/ludin/Desktop/salidas/scanqueue/backend/src/controllers/DashboardController.js:12:19)
Path: /api/dashboard/stats

[2026-03-04T12:43:01.790Z] ERROR: 
Stack: AggregateError [ECONNREFUSED]: 
    at C:\Users\ludin\Desktop\salidas\scanqueue\backend\node_modules\pg-pool\index.js:45:11
    at process.processTicksAndRejections (node:internal/process/task_queues:105:5)
    at async query (file:///C:/Users/ludin/Desktop/salidas/scanqueue/backend/src/config/database.js:25:18)
    at async Module.getScansToday (file:///C:/Users/ludin/Desktop/salidas/scanqueue/backend/src/models/Scan.js:23:15)
    at async getTodaySummary (file:///C:/Users/ludin/Desktop/salidas/scanqueue/backend/src/controllers/DashboardController.js:30:24)
Path: /api/dashboard/today

[2026-03-04T12:43:02.118Z] ERROR: 
Stack: AggregateError [ECONNREFUSED]: 
    at C:\Users\ludin\Desktop\salidas\scanqueue\backend\node_modules\pg-pool\index.js:45:11
    at process.processTicksAndRejections (node:internal/process/task_queues:105:5)
    at async query (file:///C:/Users/ludin/Desktop/salidas/scanqueue/backend/src/config/database.js:25:18)
    at async Module.getScansToday (file:///C:/Users/ludin/Desktop/salidas/scanqueue/backend/src/models/Scan.js:23:15)
    at async Module.getScanStatistics (file:///C:/Users/ludin/Desktop/salidas/scanqueue/backend/src/services/ScanService.js:76:24)
    at async getDashboardStats (file:///C:/Users/ludin/Desktop/salidas/scanqueue/backend/src/controllers/DashboardController.js:12:19)
Path: /api/dashboard/stats

[2026-03-04T12:43:02.121Z] ERROR: 
Stack: AggregateError [ECONNREFUSED]: 
    at C:\Users\ludin\Desktop\salidas\scanqueue\backend\node_modules\pg-pool\index.js:45:11
    at process.processTicksAndRejections (node:internal/process/task_queues:105:5)
    at async query (file:///C:/Users/ludin/Desktop/salidas/scanqueue/backend/src/config/database.js:25:18)
    at async Module.getScansToday (file:///C:/Users/ludin/Desktop/salidas/scanqueue/backend/src/models/Scan.js:23:15)
    at async getTodaySummary (file:///C:/Users/ludin/Desktop/salidas/scanqueue/backend/src/controllers/DashboardController.js:30:24)
Path: /api/dashboard/today

[2026-03-04T12:43:02.413Z] ERROR: 
Stack: AggregateError [ECONNREFUSED]: 
    at C:\Users\ludin\Desktop\salidas\scanqueue\backend\node_modules\pg-pool\index.js:45:11
    at process.processTicksAndRejections (node:internal/process/task_queues:105:5)
    at async query (file:///C:/Users/ludin/Desktop/salidas/scanqueue/backend/src/config/database.js:25:18)
    at async Module.getScansToday (file:///C:/Users/ludin/Desktop/salidas/scanqueue/backend/src/models/Scan.js:23:15)
    at async Module.getScanStatistics (file:///C:/Users/ludin/Desktop/salidas/scanqueue/backend/src/services/ScanService.js:76:24)
    at async getDashboardStats (file:///C:/Users/ludin/Desktop/salidas/scanqueue/backend/src/controllers/DashboardController.js:12:19)
Path: /api/dashboard/stats

[2026-03-04T12:43:02.416Z] ERROR: 
Stack: AggregateError [ECONNREFUSED]: 
    at C:\Users\ludin\Desktop\salidas\scanqueue\backend\node_modules\pg-pool\index.js:45:11
    at process.processTicksAndRejections (node:internal/process/task_queues:105:5)
    at async query (file:///C:/Users/ludin/Desktop/salidas/scanqueue/backend/src/config/database.js:25:18)
    at async Module.getScansToday (file:///C:/Users/ludin/Desktop/salidas/scanqueue/backend/src/models/Scan.js:23:15)
    at async getTodaySummary (file:///C:/Users/ludin/Desktop/salidas/scanqueue/backend/src/controllers/DashboardController.js:30:24)
Path: /api/dashboard/today

[2026-03-04T12:43:02.663Z] ERROR: 
Stack: AggregateError [ECONNREFUSED]: 
    at C:\Users\ludin\Desktop\salidas\scanqueue\backend\node_modules\pg-pool\index.js:45:11
    at process.processTicksAndRejections (node:internal/process/task_queues:105:5)
    at async query (file:///C:/Users/ludin/Desktop/salidas/scanqueue/backend/src/config/database.js:25:18)
    at async Module.getScansToday (file:///C:/Users/ludin/Desktop/salidas/scanqueue/backend/src/models/Scan.js:23:15)
    at async Module.getScanStatistics (file:///C:/Users/ludin/Desktop/salidas/scanqueue/backend/src/services/ScanService.js:76:24)
    at async getDashboardStats (file:///C:/Users/ludin/Desktop/salidas/scanqueue/backend/src/controllers/DashboardController.js:12:19)
Path: /api/dashboard/stats

[2026-03-04T12:43:02.666Z] ERROR: 
Stack: AggregateError [ECONNREFUSED]: 
    at C:\Users\ludin\Desktop\salidas\scanqueue\backend\node_modules\pg-pool\index.js:45:11
    at process.processTicksAndRejections (node:internal/process/task_queues:105:5)
    at async query (file:///C:/Users/ludin/Desktop/salidas/scanqueue/backend/src/config/database.js:25:18)
    at async Module.getScansToday (file:///C:/Users/ludin/Desktop/salidas/scanqueue/backend/src/models/Scan.js:23:15)
    at async getTodaySummary (file:///C:/Users/ludin/Desktop/salidas/scanqueue/backend/src/controllers/DashboardController.js:30:24)
Path: /api/dashboard/today

[2026-03-04T12:43:03.034Z] ERROR: 
Stack: AggregateError [ECONNREFUSED]: 
    at C:\Users\ludin\Desktop\salidas\scanqueue\backend\node_modules\pg-pool\index.js:45:11
    at process.processTicksAndRejections (node:internal/process/task_queues:105:5)
    at async query (file:///C:/Users/ludin/Desktop/salidas/scanqueue/backend/src/config/database.js:25:18)
    at async Module.getScansToday (file:///C:/Users/ludin/Desktop/salidas/scanqueue/backend/src/models/Scan.js:23:15)
    at async Module.getScanStatistics (file:///C:/Users/ludin/Desktop/salidas/scanqueue/backend/src/services/ScanService.js:76:24)
    at async getDashboardStats (file:///C:/Users/ludin/Desktop/salidas/scanqueue/backend/src/controllers/DashboardController.js:12:19)
Path: /api/dashboard/stats

[2026-03-04T12:43:03.039Z] ERROR: 
Stack: AggregateError [ECONNREFUSED]: 
    at C:\Users\ludin\Desktop\salidas\scanqueue\backend\node_modules\pg-pool\index.js:45:11
    at process.processTicksAndRejections (node:internal/process/task_queues:105:5)
    at async query (file:///C:/Users/ludin/Desktop/salidas/scanqueue/backend/src/config/database.js:25:18)
    at async Module.getScansToday (file:///C:/Users/ludin/Desktop/salidas/scanqueue/backend/src/models/Scan.js:23:15)
    at async getTodaySummary (file:///C:/Users/ludin/Desktop/salidas/scanqueue/backend/src/controllers/DashboardController.js:30:24)
Path: /api/dashboard/today

[2026-03-04T12:43:03.342Z] ERROR: 
Stack: AggregateError [ECONNREFUSED]: 
    at C:\Users\ludin\Desktop\salidas\scanqueue\backend\node_modules\pg-pool\index.js:45:11
    at process.processTicksAndRejections (node:internal/process/task_queues:105:5)
    at async query (file:///C:/Users/ludin/Desktop/salidas/scanqueue/backend/src/config/database.js:25:18)
    at async Module.getScansToday (file:///C:/Users/ludin/Desktop/salidas/scanqueue/backend/src/models/Scan.js:23:15)
    at async Module.getScanStatistics (file:///C:/Users/ludin/Desktop/salidas/scanqueue/backend/src/services/ScanService.js:76:24)
    at async getDashboardStats (file:///C:/Users/ludin/Desktop/salidas/scanqueue/backend/src/controllers/DashboardController.js:12:19)
Path: /api/dashboard/stats

[2026-03-04T12:43:03.344Z] ERROR: 
Stack: AggregateError [ECONNREFUSED]: 
    at C:\Users\ludin\Desktop\salidas\scanqueue\backend\node_modules\pg-pool\index.js:45:11
    at process.processTicksAndRejections (node:internal/process/task_queues:105:5)
    at async query (file:///C:/Users/ludin/Desktop/salidas/scanqueue/backend/src/config/database.js:25:18)
    at async Module.getScansToday (file:///C:/Users/ludin/Desktop/salidas/scanqueue/backend/src/models/Scan.js:23:15)
    at async getTodaySummary (file:///C:/Users/ludin/Desktop/salidas/scanqueue/backend/src/controllers/DashboardController.js:30:24)
Path: /api/dashboard/today

[2026-03-04T12:43:03.581Z] ERROR: 
Stack: AggregateError [ECONNREFUSED]: 
    at C:\Users\ludin\Desktop\salidas\scanqueue\backend\node_modules\pg-pool\index.js:45:11
    at process.processTicksAndRejections (node:internal/process/task_queues:105:5)
    at async query (file:///C:/Users/ludin/Desktop/salidas/scanqueue/backend/src/config/database.js:25:18)
    at async Module.getScansToday (file:///C:/Users/ludin/Desktop/salidas/scanqueue/backend/src/models/Scan.js:23:15)
    at async Module.getScanStatistics (file:///C:/Users/ludin/Desktop/salidas/scanqueue/backend/src/services/ScanService.js:76:24)
    at async getDashboardStats (file:///C:/Users/ludin/Desktop/salidas/scanqueue/backend/src/controllers/DashboardController.js:12:19)
Path: /api/dashboard/stats

[2026-03-04T12:43:03.583Z] ERROR: 
Stack: AggregateError [ECONNREFUSED]: 
    at C:\Users\ludin\Desktop\salidas\scanqueue\backend\node_modules\pg-pool\index.js:45:11
    at process.processTicksAndRejections (node:internal/process/task_queues:105:5)
    at async query (file:///C:/Users/ludin/Desktop/salidas/scanqueue/backend/src/config/database.js:25:18)
    at async Module.getScansToday (file:///C:/Users/ludin/Desktop/salidas/scanqueue/backend/src/models/Scan.js:23:15)
    at async getTodaySummary (file:///C:/Users/ludin/Desktop/salidas/scanqueue/backend/src/controllers/DashboardController.js:30:24)
Path: /api/dashboard/today

[2026-03-04T12:43:03.900Z] ERROR: 
Stack: AggregateError [ECONNREFUSED]: 
    at C:\Users\ludin\Desktop\salidas\scanqueue\backend\node_modules\pg-pool\index.js:45:11
    at process.processTicksAndRejections (node:internal/process/task_queues:105:5)
    at async query (file:///C:/Users/ludin/Desktop/salidas/scanqueue/backend/src/config/database.js:25:18)
    at async Module.getScansToday (file:///C:/Users/ludin/Desktop/salidas/scanqueue/backend/src/models/Scan.js:23:15)
    at async Module.getScanStatistics (file:///C:/Users/ludin/Desktop/salidas/scanqueue/backend/src/services/ScanService.js:76:24)
    at async getDashboardStats (file:///C:/Users/ludin/Desktop/salidas/scanqueue/backend/src/controllers/DashboardController.js:12:19)
Path: /api/dashboard/stats

[2026-03-04T12:43:03.903Z] ERROR: 
Stack: AggregateError [ECONNREFUSED]: 
    at C:\Users\ludin\Desktop\salidas\scanqueue\backend\node_modules\pg-pool\index.js:45:11
    at process.processTicksAndRejections (node:internal/process/task_queues:105:5)
    at async query (file:///C:/Users/ludin/Desktop/salidas/scanqueue/backend/src/config/database.js:25:18)
    at async Module.getScansToday (file:///C:/Users/ludin/Desktop/salidas/scanqueue/backend/src/models/Scan.js:23:15)
    at async getTodaySummary (file:///C:/Users/ludin/Desktop/salidas/scanqueue/backend/src/controllers/DashboardController.js:30:24)
Path: /api/dashboard/today

[2026-03-04T12:43:04.248Z] ERROR: 
Stack: AggregateError [ECONNREFUSED]: 
    at C:\Users\ludin\Desktop\salidas\scanqueue\backend\node_modules\pg-pool\index.js:45:11
    at process.processTicksAndRejections (node:internal/process/task_queues:105:5)
    at async query (file:///C:/Users/ludin/Desktop/salidas/scanqueue/backend/src/config/database.js:25:18)
    at async Module.getScansToday (file:///C:/Users/ludin/Desktop/salidas/scanqueue/backend/src/models/Scan.js:23:15)
    at async Module.getScanStatistics (file:///C:/Users/ludin/Desktop/salidas/scanqueue/backend/src/services/ScanService.js:76:24)
    at async getDashboardStats (file:///C:/Users/ludin/Desktop/salidas/scanqueue/backend/src/controllers/DashboardController.js:12:19)
Path: /api/dashboard/stats

[2026-03-04T12:43:04.253Z] ERROR: 
Stack: AggregateError [ECONNREFUSED]: 
    at C:\Users\ludin\Desktop\salidas\scanqueue\backend\node_modules\pg-pool\index.js:45:11
    at process.processTicksAndRejections (node:internal/process/task_queues:105:5)
    at async query (file:///C:/Users/ludin/Desktop/salidas/scanqueue/backend/src/config/database.js:25:18)
    at async Module.getScansToday (file:///C:/Users/ludin/Desktop/salidas/scanqueue/backend/src/models/Scan.js:23:15)
    at async getTodaySummary (file:///C:/Users/ludin/Desktop/salidas/scanqueue/backend/src/controllers/DashboardController.js:30:24)
Path: /api/dashboard/today

[2026-03-04T12:43:04.688Z] ERROR: 
Stack: AggregateError [ECONNREFUSED]: 
    at C:\Users\ludin\Desktop\salidas\scanqueue\backend\node_modules\pg-pool\index.js:45:11
    at process.processTicksAndRejections (node:internal/process/task_queues:105:5)
    at async query (file:///C:/Users/ludin/Desktop/salidas/scanqueue/backend/src/config/database.js:25:18)
    at async Module.getScansToday (file:///C:/Users/ludin/Desktop/salidas/scanqueue/backend/src/models/Scan.js:23:15)
    at async Module.getScanStatistics (file:///C:/Users/ludin/Desktop/salidas/scanqueue/backend/src/services/ScanService.js:76:24)
    at async getDashboardStats (file:///C:/Users/ludin/Desktop/salidas/scanqueue/backend/src/controllers/DashboardController.js:12:19)
Path: /api/dashboard/stats

[2026-03-04T12:43:04.693Z] ERROR: 
Stack: AggregateError [ECONNREFUSED]: 
    at C:\Users\ludin\Desktop\salidas\scanqueue\backend\node_modules\pg-pool\index.js:45:11
    at process.processTicksAndRejections (node:internal/process/task_queues:105:5)
    at async query (file:///C:/Users/ludin/Desktop/salidas/scanqueue/backend/src/config/database.js:25:18)
    at async Module.getScansToday (file:///C:/Users/ludin/Desktop/salidas/scanqueue/backend/src/models/Scan.js:23:15)
    at async getTodaySummary (file:///C:/Users/ludin/Desktop/salidas/scanqueue/backend/src/controllers/DashboardController.js:30:24)
Path: /api/dashboard/today

[2026-03-04T12:43:05.169Z] ERROR: 
Stack: AggregateError [ECONNREFUSED]: 
    at C:\Users\ludin\Desktop\salidas\scanqueue\backend\node_modules\pg-pool\index.js:45:11
    at process.processTicksAndRejections (node:internal/process/task_queues:105:5)
    at async query (file:///C:/Users/ludin/Desktop/salidas/scanqueue/backend/src/config/database.js:25:18)
    at async Module.getScansToday (file:///C:/Users/ludin/Desktop/salidas/scanqueue/backend/src/models/Scan.js:23:15)
    at async Module.getScanStatistics (file:///C:/Users/ludin/Desktop/salidas/scanqueue/backend/src/services/ScanService.js:76:24)
    at async getDashboardStats (file:///C:/Users/ludin/Desktop/salidas/scanqueue/backend/src/controllers/DashboardController.js:12:19)
Path: /api/dashboard/stats

[2026-03-04T12:43:05.176Z] ERROR: 
Stack: AggregateError [ECONNREFUSED]: 
    at C:\Users\ludin\Desktop\salidas\scanqueue\backend\node_modules\pg-pool\index.js:45:11
    at process.processTicksAndRejections (node:internal/process/task_queues:105:5)
    at async query (file:///C:/Users/ludin/Desktop/salidas/scanqueue/backend/src/config/database.js:25:18)
    at async Module.getScansToday (file:///C:/Users/ludin/Desktop/salidas/scanqueue/backend/src/models/Scan.js:23:15)
    at async getTodaySummary (file:///C:/Users/ludin/Desktop/salidas/scanqueue/backend/src/controllers/DashboardController.js:30:24)
Path: /api/dashboard/today

[2026-03-04T12:43:05.503Z] ERROR: 
Stack: AggregateError [ECONNREFUSED]: 
    at C:\Users\ludin\Desktop\salidas\scanqueue\backend\node_modules\pg-pool\index.js:45:11
    at process.processTicksAndRejections (node:internal/process/task_queues:105:5)
    at async query (file:///C:/Users/ludin/Desktop/salidas/scanqueue/backend/src/config/database.js:25:18)
    at async Module.getScansToday (file:///C:/Users/ludin/Desktop/salidas/scanqueue/backend/src/models/Scan.js:23:15)
    at async Module.getScanStatistics (file:///C:/Users/ludin/Desktop/salidas/scanqueue/backend/src/services/ScanService.js:76:24)
    at async getDashboardStats (file:///C:/Users/ludin/Desktop/salidas/scanqueue/backend/src/controllers/DashboardController.js:12:19)
Path: /api/dashboard/stats

[2026-03-04T12:43:05.506Z] ERROR: 
Stack: AggregateError [ECONNREFUSED]: 
    at C:\Users\ludin\Desktop\salidas\scanqueue\backend\node_modules\pg-pool\index.js:45:11
    at process.processTicksAndRejections (node:internal/process/task_queues:105:5)
    at async query (file:///C:/Users/ludin/Desktop/salidas/scanqueue/backend/src/config/database.js:25:18)
    at async Module.getScansToday (file:///C:/Users/ludin/Desktop/salidas/scanqueue/backend/src/models/Scan.js:23:15)
    at async getTodaySummary (file:///C:/Users/ludin/Desktop/salidas/scanqueue/backend/src/controllers/DashboardController.js:30:24)
Path: /api/dashboard/today

[2026-03-04T12:43:05.813Z] ERROR: 
Stack: AggregateError [ECONNREFUSED]: 
    at C:\Users\ludin\Desktop\salidas\scanqueue\backend\node_modules\pg-pool\index.js:45:11
    at process.processTicksAndRejections (node:internal/process/task_queues:105:5)
    at async query (file:///C:/Users/ludin/Desktop/salidas/scanqueue/backend/src/config/database.js:25:18)
    at async Module.getScansToday (file:///C:/Users/ludin/Desktop/salidas/scanqueue/backend/src/models/Scan.js:23:15)
    at async Module.getScanStatistics (file:///C:/Users/ludin/Desktop/salidas/scanqueue/backend/src/services/ScanService.js:76:24)
    at async getDashboardStats (file:///C:/Users/ludin/Desktop/salidas/scanqueue/backend/src/controllers/DashboardController.js:12:19)
Path: /api/dashboard/stats

[2026-03-04T12:43:05.815Z] ERROR: 
Stack: AggregateError [ECONNREFUSED]: 
    at C:\Users\ludin\Desktop\salidas\scanqueue\backend\node_modules\pg-pool\index.js:45:11
    at process.processTicksAndRejections (node:internal/process/task_queues:105:5)
    at async query (file:///C:/Users/ludin/Desktop/salidas/scanqueue/backend/src/config/database.js:25:18)
    at async Module.getScansToday (file:///C:/Users/ludin/Desktop/salidas/scanqueue/backend/src/models/Scan.js:23:15)
    at async getTodaySummary (file:///C:/Users/ludin/Desktop/salidas/scanqueue/backend/src/controllers/DashboardController.js:30:24)
Path: /api/dashboard/today

[2026-03-04T12:43:06.055Z] ERROR: 
Stack: AggregateError [ECONNREFUSED]: 
    at C:\Users\ludin\Desktop\salidas\scanqueue\backend\node_modules\pg-pool\index.js:45:11
    at process.processTicksAndRejections (node:internal/process/task_queues:105:5)
    at async query (file:///C:/Users/ludin/Desktop/salidas/scanqueue/backend/src/config/database.js:25:18)
    at async Module.getScansToday (file:///C:/Users/ludin/Desktop/salidas/scanqueue/backend/src/models/Scan.js:23:15)
    at async Module.getScanStatistics (file:///C:/Users/ludin/Desktop/salidas/scanqueue/backend/src/services/ScanService.js:76:24)
    at async getDashboardStats (file:///C:/Users/ludin/Desktop/salidas/scanqueue/backend/src/controllers/DashboardController.js:12:19)
Path: /api/dashboard/stats

[2026-03-04T12:43:06.057Z] ERROR: 
Stack: AggregateError [ECONNREFUSED]: 
    at C:\Users\ludin\Desktop\salidas\scanqueue\backend\node_modules\pg-pool\index.js:45:11
    at process.processTicksAndRejections (node:internal/process/task_queues:105:5)
    at async query (file:///C:/Users/ludin/Desktop/salidas/scanqueue/backend/src/config/database.js:25:18)
    at async Module.getScansToday (file:///C:/Users/ludin/Desktop/salidas/scanqueue/backend/src/models/Scan.js:23:15)
    at async getTodaySummary (file:///C:/Users/ludin/Desktop/salidas/scanqueue/backend/src/controllers/DashboardController.js:30:24)
Path: /api/dashboard/today

[2026-03-04T12:43:06.463Z] ERROR: 
Stack: AggregateError [ECONNREFUSED]: 
    at C:\Users\ludin\Desktop\salidas\scanqueue\backend\node_modules\pg-pool\index.js:45:11
    at process.processTicksAndRejections (node:internal/process/task_queues:105:5)
    at async query (file:///C:/Users/ludin/Desktop/salidas/scanqueue/backend/src/config/database.js:25:18)
    at async Module.getScansToday (file:///C:/Users/ludin/Desktop/salidas/scanqueue/backend/src/models/Scan.js:23:15)
    at async Module.getScanStatistics (file:///C:/Users/ludin/Desktop/salidas/scanqueue/backend/src/services/ScanService.js:76:24)
    at async getDashboardStats (file:///C:/Users/ludin/Desktop/salidas/scanqueue/backend/src/controllers/DashboardController.js:12:19)
Path: /api/dashboard/stats

[2026-03-04T12:43:06.466Z] ERROR: 
Stack: AggregateError [ECONNREFUSED]: 
    at C:\Users\ludin\Desktop\salidas\scanqueue\backend\node_modules\pg-pool\index.js:45:11
    at process.processTicksAndRejections (node:internal/process/task_queues:105:5)
    at async query (file:///C:/Users/ludin/Desktop/salidas/scanqueue/backend/src/config/database.js:25:18)
    at async Module.getScansToday (file:///C:/Users/ludin/Desktop/salidas/scanqueue/backend/src/models/Scan.js:23:15)
    at async getTodaySummary (file:///C:/Users/ludin/Desktop/salidas/scanqueue/backend/src/controllers/DashboardController.js:30:24)
Path: /api/dashboard/today

[2026-03-04T12:43:06.908Z] ERROR: 
Stack: AggregateError [ECONNREFUSED]: 
    at C:\Users\ludin\Desktop\salidas\scanqueue\backend\node_modules\pg-pool\index.js:45:11
    at process.processTicksAndRejections (node:internal/process/task_queues:105:5)
    at async query (file:///C:/Users/ludin/Desktop/salidas/scanqueue/backend/src/config/database.js:25:18)
    at async Module.getScansToday (file:///C:/Users/ludin/Desktop/salidas/scanqueue/backend/src/models/Scan.js:23:15)
    at async Module.getScanStatistics (file:///C:/Users/ludin/Desktop/salidas/scanqueue/backend/src/services/ScanService.js:76:24)
    at async getDashboardStats (file:///C:/Users/ludin/Desktop/salidas/scanqueue/backend/src/controllers/DashboardController.js:12:19)
Path: /api/dashboard/stats

[2026-03-04T12:43:06.914Z] ERROR: 
Stack: AggregateError [ECONNREFUSED]: 
    at C:\Users\ludin\Desktop\salidas\scanqueue\backend\node_modules\pg-pool\index.js:45:11
    at process.processTicksAndRejections (node:internal/process/task_queues:105:5)
    at async query (file:///C:/Users/ludin/Desktop/salidas/scanqueue/backend/src/config/database.js:25:18)
    at async Module.getScansToday (file:///C:/Users/ludin/Desktop/salidas/scanqueue/backend/src/models/Scan.js:23:15)
    at async getTodaySummary (file:///C:/Users/ludin/Desktop/salidas/scanqueue/backend/src/controllers/DashboardController.js:30:24)
Path: /api/dashboard/today

[2026-03-04T12:43:07.197Z] ERROR: 
Stack: AggregateError [ECONNREFUSED]: 
    at C:\Users\ludin\Desktop\salidas\scanqueue\backend\node_modules\pg-pool\index.js:45:11
    at process.processTicksAndRejections (node:internal/process/task_queues:105:5)
    at async query (file:///C:/Users/ludin/Desktop/salidas/scanqueue/backend/src/config/database.js:25:18)
    at async Module.getScansToday (file:///C:/Users/ludin/Desktop/salidas/scanqueue/backend/src/models/Scan.js:23:15)
    at async Module.getScanStatistics (file:///C:/Users/ludin/Desktop/salidas/scanqueue/backend/src/services/ScanService.js:76:24)
    at async getDashboardStats (file:///C:/Users/ludin/Desktop/salidas/scanqueue/backend/src/controllers/DashboardController.js:12:19)
Path: /api/dashboard/stats

[2026-03-04T12:43:07.202Z] ERROR: 
Stack: AggregateError [ECONNREFUSED]: 
    at C:\Users\ludin\Desktop\salidas\scanqueue\backend\node_modules\pg-pool\index.js:45:11
    at process.processTicksAndRejections (node:internal/process/task_queues:105:5)
    at async query (file:///C:/Users/ludin/Desktop/salidas/scanqueue/backend/src/config/database.js:25:18)
    at async Module.getScansToday (file:///C:/Users/ludin/Desktop/salidas/scanqueue/backend/src/models/Scan.js:23:15)
    at async getTodaySummary (file:///C:/Users/ludin/Desktop/salidas/scanqueue/backend/src/controllers/DashboardController.js:30:24)
Path: /api/dashboard/today

[2026-03-04T12:43:07.600Z] ERROR: 
Stack: AggregateError [ECONNREFUSED]: 
    at C:\Users\ludin\Desktop\salidas\scanqueue\backend\node_modules\pg-pool\index.js:45:11
    at process.processTicksAndRejections (node:internal/process/task_queues:105:5)
    at async query (file:///C:/Users/ludin/Desktop/salidas/scanqueue/backend/src/config/database.js:25:18)
    at async Module.getScansToday (file:///C:/Users/ludin/Desktop/salidas/scanqueue/backend/src/models/Scan.js:23:15)
    at async Module.getScanStatistics (file:///C:/Users/ludin/Desktop/salidas/scanqueue/backend/src/services/ScanService.js:76:24)
    at async getDashboardStats (file:///C:/Users/ludin/Desktop/salidas/scanqueue/backend/src/controllers/DashboardController.js:12:19)
Path: /api/dashboard/stats

[2026-03-04T12:43:07.608Z] ERROR: 
Stack: AggregateError [ECONNREFUSED]: 
    at C:\Users\ludin\Desktop\salidas\scanqueue\backend\node_modules\pg-pool\index.js:45:11
    at process.processTicksAndRejections (node:internal/process/task_queues:105:5)
    at async query (file:///C:/Users/ludin/Desktop/salidas/scanqueue/backend/src/config/database.js:25:18)
    at async Module.getScansToday (file:///C:/Users/ludin/Desktop/salidas/scanqueue/backend/src/models/Scan.js:23:15)
    at async getTodaySummary (file:///C:/Users/ludin/Desktop/salidas/scanqueue/backend/src/controllers/DashboardController.js:30:24)
Path: /api/dashboard/today

[2026-03-04T12:43:07.968Z] ERROR: 
Stack: AggregateError [ECONNREFUSED]: 
    at C:\Users\ludin\Desktop\salidas\scanqueue\backend\node_modules\pg-pool\index.js:45:11
    at process.processTicksAndRejections (node:internal/process/task_queues:105:5)
    at async query (file:///C:/Users/ludin/Desktop/salidas/scanqueue/backend/src/config/database.js:25:18)
    at async Module.getScansToday (file:///C:/Users/ludin/Desktop/salidas/scanqueue/backend/src/models/Scan.js:23:15)
    at async Module.getScanStatistics (file:///C:/Users/ludin/Desktop/salidas/scanqueue/backend/src/services/ScanService.js:76:24)
    at async getDashboardStats (file:///C:/Users/ludin/Desktop/salidas/scanqueue/backend/src/controllers/DashboardController.js:12:19)
Path: /api/dashboard/stats

[2026-03-04T12:43:07.973Z] ERROR: 
Stack: AggregateError [ECONNREFUSED]: 
    at C:\Users\ludin\Desktop\salidas\scanqueue\backend\node_modules\pg-pool\index.js:45:11
    at process.processTicksAndRejections (node:internal/process/task_queues:105:5)
    at async query (file:///C:/Users/ludin/Desktop/salidas/scanqueue/backend/src/config/database.js:25:18)
    at async Module.getScansToday (file:///C:/Users/ludin/Desktop/salidas/scanqueue/backend/src/models/Scan.js:23:15)
    at async getTodaySummary (file:///C:/Users/ludin/Desktop/salidas/scanqueue/backend/src/controllers/DashboardController.js:30:24)
Path: /api/dashboard/today

[2026-03-04T12:43:08.319Z] ERROR: 
Stack: AggregateError [ECONNREFUSED]: 
    at C:\Users\ludin\Desktop\salidas\scanqueue\backend\node_modules\pg-pool\index.js:45:11
    at process.processTicksAndRejections (node:internal/process/task_queues:105:5)
    at async query (file:///C:/Users/ludin/Desktop/salidas/scanqueue/backend/src/config/database.js:25:18)
    at async Module.getScansToday (file:///C:/Users/ludin/Desktop/salidas/scanqueue/backend/src/models/Scan.js:23:15)
    at async Module.getScanStatistics (file:///C:/Users/ludin/Desktop/salidas/scanqueue/backend/src/services/ScanService.js:76:24)
    at async getDashboardStats (file:///C:/Users/ludin/Desktop/salidas/scanqueue/backend/src/controllers/DashboardController.js:12:19)
Path: /api/dashboard/stats

[2026-03-04T12:43:08.321Z] ERROR: 
Stack: AggregateError [ECONNREFUSED]: 
    at C:\Users\ludin\Desktop\salidas\scanqueue\backend\node_modules\pg-pool\index.js:45:11
    at process.processTicksAndRejections (node:internal/process/task_queues:105:5)
    at async query (file:///C:/Users/ludin/Desktop/salidas/scanqueue/backend/src/config/database.js:25:18)
    at async Module.getScansToday (file:///C:/Users/ludin/Desktop/salidas/scanqueue/backend/src/models/Scan.js:23:15)
    at async getTodaySummary (file:///C:/Users/ludin/Desktop/salidas/scanqueue/backend/src/controllers/DashboardController.js:30:24)
Path: /api/dashboard/today

[2026-03-04T12:43:08.674Z] ERROR: 
Stack: AggregateError [ECONNREFUSED]: 
    at C:\Users\ludin\Desktop\salidas\scanqueue\backend\node_modules\pg-pool\index.js:45:11
    at process.processTicksAndRejections (node:internal/process/task_queues:105:5)
    at async query (file:///C:/Users/ludin/Desktop/salidas/scanqueue/backend/src/config/database.js:25:18)
    at async Module.getScansToday (file:///C:/Users/ludin/Desktop/salidas/scanqueue/backend/src/models/Scan.js:23:15)
    at async Module.getScanStatistics (file:///C:/Users/ludin/Desktop/salidas/scanqueue/backend/src/services/ScanService.js:76:24)
    at async getDashboardStats (file:///C:/Users/ludin/Desktop/salidas/scanqueue/backend/src/controllers/DashboardController.js:12:19)
Path: /api/dashboard/stats

[2026-03-04T12:43:08.677Z] ERROR: 
Stack: AggregateError [ECONNREFUSED]: 
    at C:\Users\ludin\Desktop\salidas\scanqueue\backend\node_modules\pg-pool\index.js:45:11
    at process.processTicksAndRejections (node:internal/process/task_queues:105:5)
    at async query (file:///C:/Users/ludin/Desktop/salidas/scanqueue/backend/src/config/database.js:25:18)
    at async Module.getScansToday (file:///C:/Users/ludin/Desktop/salidas/scanqueue/backend/src/models/Scan.js:23:15)
    at async getTodaySummary (file:///C:/Users/ludin/Desktop/salidas/scanqueue/backend/src/controllers/DashboardController.js:30:24)
Path: /api/dashboard/today

[2026-03-04T12:43:09.269Z] ERROR: 
Stack: AggregateError [ECONNREFUSED]: 
    at C:\Users\ludin\Desktop\salidas\scanqueue\backend\node_modules\pg-pool\index.js:45:11
    at process.processTicksAndRejections (node:internal/process/task_queues:105:5)
    at async query (file:///C:/Users/ludin/Desktop/salidas/scanqueue/backend/src/config/database.js:25:18)
    at async Module.getScansToday (file:///C:/Users/ludin/Desktop/salidas/scanqueue/backend/src/models/Scan.js:23:15)
    at async Module.getScanStatistics (file:///C:/Users/ludin/Desktop/salidas/scanqueue/backend/src/services/ScanService.js:76:24)
    at async getDashboardStats (file:///C:/Users/ludin/Desktop/salidas/scanqueue/backend/src/controllers/DashboardController.js:12:19)
Path: /api/dashboard/stats

[2026-03-04T12:43:09.273Z] ERROR: 
Stack: AggregateError [ECONNREFUSED]: 
    at C:\Users\ludin\Desktop\salidas\scanqueue\backend\node_modules\pg-pool\index.js:45:11
    at process.processTicksAndRejections (node:internal/process/task_queues:105:5)
    at async query (file:///C:/Users/ludin/Desktop/salidas/scanqueue/backend/src/config/database.js:25:18)
    at async Module.getScansToday (file:///C:/Users/ludin/Desktop/salidas/scanqueue/backend/src/models/Scan.js:23:15)
    at async getTodaySummary (file:///C:/Users/ludin/Desktop/salidas/scanqueue/backend/src/controllers/DashboardController.js:30:24)
Path: /api/dashboard/today

[2026-03-04T12:43:09.638Z] ERROR: 
Stack: AggregateError [ECONNREFUSED]: 
    at C:\Users\ludin\Desktop\salidas\scanqueue\backend\node_modules\pg-pool\index.js:45:11
    at process.processTicksAndRejections (node:internal/process/task_queues:105:5)
    at async query (file:///C:/Users/ludin/Desktop/salidas/scanqueue/backend/src/config/database.js:25:18)
    at async Module.getScansToday (file:///C:/Users/ludin/Desktop/salidas/scanqueue/backend/src/models/Scan.js:23:15)
    at async Module.getScanStatistics (file:///C:/Users/ludin/Desktop/salidas/scanqueue/backend/src/services/ScanService.js:76:24)
    at async getDashboardStats (file:///C:/Users/ludin/Desktop/salidas/scanqueue/backend/src/controllers/DashboardController.js:12:19)
Path: /api/dashboard/stats

[2026-03-04T12:43:09.642Z] ERROR: 
Stack: AggregateError [ECONNREFUSED]: 
    at C:\Users\ludin\Desktop\salidas\scanqueue\backend\node_modules\pg-pool\index.js:45:11
    at process.processTicksAndRejections (node:internal/process/task_queues:105:5)
    at async query (file:///C:/Users/ludin/Desktop/salidas/scanqueue/backend/src/config/database.js:25:18)
    at async Module.getScansToday (file:///C:/Users/ludin/Desktop/salidas/scanqueue/backend/src/models/Scan.js:23:15)
    at async getTodaySummary (file:///C:/Users/ludin/Desktop/salidas/scanqueue/backend/src/controllers/DashboardController.js:30:24)
Path: /api/dashboard/today

[2026-03-04T12:43:09.932Z] ERROR: 
Stack: AggregateError [ECONNREFUSED]: 
    at C:\Users\ludin\Desktop\salidas\scanqueue\backend\node_modules\pg-pool\index.js:45:11
    at process.processTicksAndRejections (node:internal/process/task_queues:105:5)
    at async query (file:///C:/Users/ludin/Desktop/salidas/scanqueue/backend/src/config/database.js:25:18)
    at async Module.getScansToday (file:///C:/Users/ludin/Desktop/salidas/scanqueue/backend/src/models/Scan.js:23:15)
    at async Module.getScanStatistics (file:///C:/Users/ludin/Desktop/salidas/scanqueue/backend/src/services/ScanService.js:76:24)
    at async getDashboardStats (file:///C:/Users/ludin/Desktop/salidas/scanqueue/backend/src/controllers/DashboardController.js:12:19)
Path: /api/dashboard/stats

[2026-03-04T12:43:09.936Z] ERROR: 
Stack: AggregateError [ECONNREFUSED]: 
    at C:\Users\ludin\Desktop\salidas\scanqueue\backend\node_modules\pg-pool\index.js:45:11
    at process.processTicksAndRejections (node:internal/process/task_queues:105:5)
    at async query (file:///C:/Users/ludin/Desktop/salidas/scanqueue/backend/src/config/database.js:25:18)
    at async Module.getScansToday (file:///C:/Users/ludin/Desktop/salidas/scanqueue/backend/src/models/Scan.js:23:15)
    at async getTodaySummary (file:///C:/Users/ludin/Desktop/salidas/scanqueue/backend/src/controllers/DashboardController.js:30:24)
Path: /api/dashboard/today

[2026-03-04T12:43:10.401Z] ERROR: 
Stack: AggregateError [ECONNREFUSED]: 
    at C:\Users\ludin\Desktop\salidas\scanqueue\backend\node_modules\pg-pool\index.js:45:11
    at process.processTicksAndRejections (node:internal/process/task_queues:105:5)
    at async query (file:///C:/Users/ludin/Desktop/salidas/scanqueue/backend/src/config/database.js:25:18)
    at async Module.getScansToday (file:///C:/Users/ludin/Desktop/salidas/scanqueue/backend/src/models/Scan.js:23:15)
    at async Module.getScanStatistics (file:///C:/Users/ludin/Desktop/salidas/scanqueue/backend/src/services/ScanService.js:76:24)
    at async getDashboardStats (file:///C:/Users/ludin/Desktop/salidas/scanqueue/backend/src/controllers/DashboardController.js:12:19)
Path: /api/dashboard/stats

[2026-03-04T12:43:10.403Z] ERROR: 
Stack: AggregateError [ECONNREFUSED]: 
    at C:\Users\ludin\Desktop\salidas\scanqueue\backend\node_modules\pg-pool\index.js:45:11
    at process.processTicksAndRejections (node:internal/process/task_queues:105:5)
    at async query (file:///C:/Users/ludin/Desktop/salidas/scanqueue/backend/src/config/database.js:25:18)
    at async Module.getScansToday (file:///C:/Users/ludin/Desktop/salidas/scanqueue/backend/src/models/Scan.js:23:15)
    at async getTodaySummary (file:///C:/Users/ludin/Desktop/salidas/scanqueue/backend/src/controllers/DashboardController.js:30:24)
Path: /api/dashboard/today

[2026-03-04T12:43:10.732Z] ERROR: 
Stack: AggregateError [ECONNREFUSED]: 
    at C:\Users\ludin\Desktop\salidas\scanqueue\backend\node_modules\pg-pool\index.js:45:11
    at process.processTicksAndRejections (node:internal/process/task_queues:105:5)
    at async query (file:///C:/Users/ludin/Desktop/salidas/scanqueue/backend/src/config/database.js:25:18)
    at async Module.getScansToday (file:///C:/Users/ludin/Desktop/salidas/scanqueue/backend/src/models/Scan.js:23:15)
    at async Module.getScanStatistics (file:///C:/Users/ludin/Desktop/salidas/scanqueue/backend/src/services/ScanService.js:76:24)
    at async getDashboardStats (file:///C:/Users/ludin/Desktop/salidas/scanqueue/backend/src/controllers/DashboardController.js:12:19)
Path: /api/dashboard/stats

[2026-03-04T12:43:10.737Z] ERROR: 
Stack: AggregateError [ECONNREFUSED]: 
    at C:\Users\ludin\Desktop\salidas\scanqueue\backend\node_modules\pg-pool\index.js:45:11
    at process.processTicksAndRejections (node:internal/process/task_queues:105:5)
    at async query (file:///C:/Users/ludin/Desktop/salidas/scanqueue/backend/src/config/database.js:25:18)
    at async Module.getScansToday (file:///C:/Users/ludin/Desktop/salidas/scanqueue/backend/src/models/Scan.js:23:15)
    at async getTodaySummary (file:///C:/Users/ludin/Desktop/salidas/scanqueue/backend/src/controllers/DashboardController.js:30:24)
Path: /api/dashboard/today

[2026-03-04T12:43:11.043Z] ERROR: 
Stack: AggregateError [ECONNREFUSED]: 
    at C:\Users\ludin\Desktop\salidas\scanqueue\backend\node_modules\pg-pool\index.js:45:11
    at process.processTicksAndRejections (node:internal/process/task_queues:105:5)
    at async query (file:///C:/Users/ludin/Desktop/salidas/scanqueue/backend/src/config/database.js:25:18)
    at async Module.getScansToday (file:///C:/Users/ludin/Desktop/salidas/scanqueue/backend/src/models/Scan.js:23:15)
    at async Module.getScanStatistics (file:///C:/Users/ludin/Desktop/salidas/scanqueue/backend/src/services/ScanService.js:76:24)
    at async getDashboardStats (file:///C:/Users/ludin/Desktop/salidas/scanqueue/backend/src/controllers/DashboardController.js:12:19)
Path: /api/dashboard/stats

[2026-03-04T12:43:11.046Z] ERROR: 
Stack: AggregateError [ECONNREFUSED]: 
    at C:\Users\ludin\Desktop\salidas\scanqueue\backend\node_modules\pg-pool\index.js:45:11
    at process.processTicksAndRejections (node:internal/process/task_queues:105:5)
    at async query (file:///C:/Users/ludin/Desktop/salidas/scanqueue/backend/src/config/database.js:25:18)
    at async Module.getScansToday (file:///C:/Users/ludin/Desktop/salidas/scanqueue/backend/src/models/Scan.js:23:15)
    at async getTodaySummary (file:///C:/Users/ludin/Desktop/salidas/scanqueue/backend/src/controllers/DashboardController.js:30:24)
Path: /api/dashboard/today

[2026-03-04T12:43:11.512Z] ERROR: 
Stack: AggregateError [ECONNREFUSED]: 
    at C:\Users\ludin\Desktop\salidas\scanqueue\backend\node_modules\pg-pool\index.js:45:11
    at process.processTicksAndRejections (node:internal/process/task_queues:105:5)
    at async query (file:///C:/Users/ludin/Desktop/salidas/scanqueue/backend/src/config/database.js:25:18)
    at async Module.getScansToday (file:///C:/Users/ludin/Desktop/salidas/scanqueue/backend/src/models/Scan.js:23:15)
    at async Module.getScanStatistics (file:///C:/Users/ludin/Desktop/salidas/scanqueue/backend/src/services/ScanService.js:76:24)
    at async getDashboardStats (file:///C:/Users/ludin/Desktop/salidas/scanqueue/backend/src/controllers/DashboardController.js:12:19)
Path: /api/dashboard/stats

[2026-03-04T12:43:11.515Z] ERROR: 
Stack: AggregateError [ECONNREFUSED]: 
    at C:\Users\ludin\Desktop\salidas\scanqueue\backend\node_modules\pg-pool\index.js:45:11
    at process.processTicksAndRejections (node:internal/process/task_queues:105:5)
    at async query (file:///C:/Users/ludin/Desktop/salidas/scanqueue/backend/src/config/database.js:25:18)
    at async Module.getScansToday (file:///C:/Users/ludin/Desktop/salidas/scanqueue/backend/src/models/Scan.js:23:15)
    at async getTodaySummary (file:///C:/Users/ludin/Desktop/salidas/scanqueue/backend/src/controllers/DashboardController.js:30:24)
Path: /api/dashboard/today

[2026-03-04T12:43:11.856Z] ERROR: 
Stack: AggregateError [ECONNREFUSED]: 
    at C:\Users\ludin\Desktop\salidas\scanqueue\backend\node_modules\pg-pool\index.js:45:11
    at process.processTicksAndRejections (node:internal/process/task_queues:105:5)
    at async query (file:///C:/Users/ludin/Desktop/salidas/scanqueue/backend/src/config/database.js:25:18)
    at async Module.getScansToday (file:///C:/Users/ludin/Desktop/salidas/scanqueue/backend/src/models/Scan.js:23:15)
    at async Module.getScanStatistics (file:///C:/Users/ludin/Desktop/salidas/scanqueue/backend/src/services/ScanService.js:76:24)
    at async getDashboardStats (file:///C:/Users/ludin/Desktop/salidas/scanqueue/backend/src/controllers/DashboardController.js:12:19)
Path: /api/dashboard/stats

[2026-03-04T12:43:11.863Z] ERROR: 
Stack: AggregateError [ECONNREFUSED]: 
    at C:\Users\ludin\Desktop\salidas\scanqueue\backend\node_modules\pg-pool\index.js:45:11
    at process.processTicksAndRejections (node:internal/process/task_queues:105:5)
    at async query (file:///C:/Users/ludin/Desktop/salidas/scanqueue/backend/src/config/database.js:25:18)
    at async Module.getScansToday (file:///C:/Users/ludin/Desktop/salidas/scanqueue/backend/src/models/Scan.js:23:15)
    at async getTodaySummary (file:///C:/Users/ludin/Desktop/salidas/scanqueue/backend/src/controllers/DashboardController.js:30:24)
Path: /api/dashboard/today

[2026-03-04T12:43:12.156Z] ERROR: 
Stack: AggregateError [ECONNREFUSED]: 
    at C:\Users\ludin\Desktop\salidas\scanqueue\backend\node_modules\pg-pool\index.js:45:11
    at process.processTicksAndRejections (node:internal/process/task_queues:105:5)
    at async query (file:///C:/Users/ludin/Desktop/salidas/scanqueue/backend/src/config/database.js:25:18)
    at async Module.getScansToday (file:///C:/Users/ludin/Desktop/salidas/scanqueue/backend/src/models/Scan.js:23:15)
    at async Module.getScanStatistics (file:///C:/Users/ludin/Desktop/salidas/scanqueue/backend/src/services/ScanService.js:76:24)
    at async getDashboardStats (file:///C:/Users/ludin/Desktop/salidas/scanqueue/backend/src/controllers/DashboardController.js:12:19)
Path: /api/dashboard/stats

[2026-03-04T12:43:12.159Z] ERROR: 
Stack: AggregateError [ECONNREFUSED]: 
    at C:\Users\ludin\Desktop\salidas\scanqueue\backend\node_modules\pg-pool\index.js:45:11
    at process.processTicksAndRejections (node:internal/process/task_queues:105:5)
    at async query (file:///C:/Users/ludin/Desktop/salidas/scanqueue/backend/src/config/database.js:25:18)
    at async Module.getScansToday (file:///C:/Users/ludin/Desktop/salidas/scanqueue/backend/src/models/Scan.js:23:15)
    at async getTodaySummary (file:///C:/Users/ludin/Desktop/salidas/scanqueue/backend/src/controllers/DashboardController.js:30:24)
Path: /api/dashboard/today

[2026-03-04T12:43:12.463Z] ERROR: 
Stack: AggregateError [ECONNREFUSED]: 
    at C:\Users\ludin\Desktop\salidas\scanqueue\backend\node_modules\pg-pool\index.js:45:11
    at process.processTicksAndRejections (node:internal/process/task_queues:105:5)
    at async query (file:///C:/Users/ludin/Desktop/salidas/scanqueue/backend/src/config/database.js:25:18)
    at async Module.getScansToday (file:///C:/Users/ludin/Desktop/salidas/scanqueue/backend/src/models/Scan.js:23:15)
    at async Module.getScanStatistics (file:///C:/Users/ludin/Desktop/salidas/scanqueue/backend/src/services/ScanService.js:76:24)
    at async getDashboardStats (file:///C:/Users/ludin/Desktop/salidas/scanqueue/backend/src/controllers/DashboardController.js:12:19)
Path: /api/dashboard/stats

[2026-03-04T12:43:12.467Z] ERROR: 
Stack: AggregateError [ECONNREFUSED]: 
    at C:\Users\ludin\Desktop\salidas\scanqueue\backend\node_modules\pg-pool\index.js:45:11
    at process.processTicksAndRejections (node:internal/process/task_queues:105:5)
    at async query (file:///C:/Users/ludin/Desktop/salidas/scanqueue/backend/src/config/database.js:25:18)
    at async Module.getScansToday (file:///C:/Users/ludin/Desktop/salidas/scanqueue/backend/src/models/Scan.js:23:15)
    at async getTodaySummary (file:///C:/Users/ludin/Desktop/salidas/scanqueue/backend/src/controllers/DashboardController.js:30:24)
Path: /api/dashboard/today

[2026-03-04T12:43:12.803Z] ERROR: 
Stack: AggregateError [ECONNREFUSED]: 
    at C:\Users\ludin\Desktop\salidas\scanqueue\backend\node_modules\pg-pool\index.js:45:11
    at process.processTicksAndRejections (node:internal/process/task_queues:105:5)
    at async query (file:///C:/Users/ludin/Desktop/salidas/scanqueue/backend/src/config/database.js:25:18)
    at async Module.getScansToday (file:///C:/Users/ludin/Desktop/salidas/scanqueue/backend/src/models/Scan.js:23:15)
    at async Module.getScanStatistics (file:///C:/Users/ludin/Desktop/salidas/scanqueue/backend/src/services/ScanService.js:76:24)
    at async getDashboardStats (file:///C:/Users/ludin/Desktop/salidas/scanqueue/backend/src/controllers/DashboardController.js:12:19)
Path: /api/dashboard/stats

[2026-03-04T12:43:12.805Z] ERROR: 
Stack: AggregateError [ECONNREFUSED]: 
    at C:\Users\ludin\Desktop\salidas\scanqueue\backend\node_modules\pg-pool\index.js:45:11
    at process.processTicksAndRejections (node:internal/process/task_queues:105:5)
    at async query (file:///C:/Users/ludin/Desktop/salidas/scanqueue/backend/src/config/database.js:25:18)
    at async Module.getScansToday (file:///C:/Users/ludin/Desktop/salidas/scanqueue/backend/src/models/Scan.js:23:15)
    at async getTodaySummary (file:///C:/Users/ludin/Desktop/salidas/scanqueue/backend/src/controllers/DashboardController.js:30:24)
Path: /api/dashboard/today

[2026-03-04T12:43:13.103Z] ERROR: 
Stack: AggregateError [ECONNREFUSED]: 
    at C:\Users\ludin\Desktop\salidas\scanqueue\backend\node_modules\pg-pool\index.js:45:11
    at process.processTicksAndRejections (node:internal/process/task_queues:105:5)
    at async query (file:///C:/Users/ludin/Desktop/salidas/scanqueue/backend/src/config/database.js:25:18)
    at async Module.getScansToday (file:///C:/Users/ludin/Desktop/salidas/scanqueue/backend/src/models/Scan.js:23:15)
    at async Module.getScanStatistics (file:///C:/Users/ludin/Desktop/salidas/scanqueue/backend/src/services/ScanService.js:76:24)
    at async getDashboardStats (file:///C:/Users/ludin/Desktop/salidas/scanqueue/backend/src/controllers/DashboardController.js:12:19)
Path: /api/dashboard/stats

[2026-03-04T12:43:13.105Z] ERROR: 
Stack: AggregateError [ECONNREFUSED]: 
    at C:\Users\ludin\Desktop\salidas\scanqueue\backend\node_modules\pg-pool\index.js:45:11
    at process.processTicksAndRejections (node:internal/process/task_queues:105:5)
    at async query (file:///C:/Users/ludin/Desktop/salidas/scanqueue/backend/src/config/database.js:25:18)
    at async Module.getScansToday (file:///C:/Users/ludin/Desktop/salidas/scanqueue/backend/src/models/Scan.js:23:15)
    at async getTodaySummary (file:///C:/Users/ludin/Desktop/salidas/scanqueue/backend/src/controllers/DashboardController.js:30:24)
Path: /api/dashboard/today

[2026-03-04T12:43:13.382Z] ERROR: 
Stack: AggregateError [ECONNREFUSED]: 
    at C:\Users\ludin\Desktop\salidas\scanqueue\backend\node_modules\pg-pool\index.js:45:11
    at process.processTicksAndRejections (node:internal/process/task_queues:105:5)
    at async query (file:///C:/Users/ludin/Desktop/salidas/scanqueue/backend/src/config/database.js:25:18)
    at async Module.getScansToday (file:///C:/Users/ludin/Desktop/salidas/scanqueue/backend/src/models/Scan.js:23:15)
    at async Module.getScanStatistics (file:///C:/Users/ludin/Desktop/salidas/scanqueue/backend/src/services/ScanService.js:76:24)
    at async getDashboardStats (file:///C:/Users/ludin/Desktop/salidas/scanqueue/backend/src/controllers/DashboardController.js:12:19)
Path: /api/dashboard/stats

[2026-03-04T12:43:13.384Z] ERROR: 
Stack: AggregateError [ECONNREFUSED]: 
    at C:\Users\ludin\Desktop\salidas\scanqueue\backend\node_modules\pg-pool\index.js:45:11
    at process.processTicksAndRejections (node:internal/process/task_queues:105:5)
    at async query (file:///C:/Users/ludin/Desktop/salidas/scanqueue/backend/src/config/database.js:25:18)
    at async Module.getScansToday (file:///C:/Users/ludin/Desktop/salidas/scanqueue/backend/src/models/Scan.js:23:15)
    at async getTodaySummary (file:///C:/Users/ludin/Desktop/salidas/scanqueue/backend/src/controllers/DashboardController.js:30:24)
Path: /api/dashboard/today

[2026-03-04T12:43:13.727Z] ERROR: 
Stack: AggregateError [ECONNREFUSED]: 
    at C:\Users\ludin\Desktop\salidas\scanqueue\backend\node_modules\pg-pool\index.js:45:11
    at process.processTicksAndRejections (node:internal/process/task_queues:105:5)
    at async query (file:///C:/Users/ludin/Desktop/salidas/scanqueue/backend/src/config/database.js:25:18)
    at async Module.getScansToday (file:///C:/Users/ludin/Desktop/salidas/scanqueue/backend/src/models/Scan.js:23:15)
    at async Module.getScanStatistics (file:///C:/Users/ludin/Desktop/salidas/scanqueue/backend/src/services/ScanService.js:76:24)
    at async getDashboardStats (file:///C:/Users/ludin/Desktop/salidas/scanqueue/backend/src/controllers/DashboardController.js:12:19)
Path: /api/dashboard/stats

[2026-03-04T12:43:13.730Z] ERROR: 
Stack: AggregateError [ECONNREFUSED]: 
    at C:\Users\ludin\Desktop\salidas\scanqueue\backend\node_modules\pg-pool\index.js:45:11
    at process.processTicksAndRejections (node:internal/process/task_queues:105:5)
    at async query (file:///C:/Users/ludin/Desktop/salidas/scanqueue/backend/src/config/database.js:25:18)
    at async Module.getScansToday (file:///C:/Users/ludin/Desktop/salidas/scanqueue/backend/src/models/Scan.js:23:15)
    at async getTodaySummary (file:///C:/Users/ludin/Desktop/salidas/scanqueue/backend/src/controllers/DashboardController.js:30:24)
Path: /api/dashboard/today

[2026-03-04T12:43:14.036Z] ERROR: 
Stack: AggregateError [ECONNREFUSED]: 
    at C:\Users\ludin\Desktop\salidas\scanqueue\backend\node_modules\pg-pool\index.js:45:11
    at process.processTicksAndRejections (node:internal/process/task_queues:105:5)
    at async query (file:///C:/Users/ludin/Desktop/salidas/scanqueue/backend/src/config/database.js:25:18)
    at async Module.getScansToday (file:///C:/Users/ludin/Desktop/salidas/scanqueue/backend/src/models/Scan.js:23:15)
    at async Module.getScanStatistics (file:///C:/Users/ludin/Desktop/salidas/scanqueue/backend/src/services/ScanService.js:76:24)
    at async getDashboardStats (file:///C:/Users/ludin/Desktop/salidas/scanqueue/backend/src/controllers/DashboardController.js:12:19)
Path: /api/dashboard/stats

[2026-03-04T12:43:14.038Z] ERROR: 
Stack: AggregateError [ECONNREFUSED]: 
    at C:\Users\ludin\Desktop\salidas\scanqueue\backend\node_modules\pg-pool\index.js:45:11
    at process.processTicksAndRejections (node:internal/process/task_queues:105:5)
    at async query (file:///C:/Users/ludin/Desktop/salidas/scanqueue/backend/src/config/database.js:25:18)
    at async Module.getScansToday (file:///C:/Users/ludin/Desktop/salidas/scanqueue/backend/src/models/Scan.js:23:15)
    at async getTodaySummary (file:///C:/Users/ludin/Desktop/salidas/scanqueue/backend/src/controllers/DashboardController.js:30:24)
Path: /api/dashboard/today

[2026-03-04T12:43:14.308Z] ERROR: 
Stack: AggregateError [ECONNREFUSED]: 
    at C:\Users\ludin\Desktop\salidas\scanqueue\backend\node_modules\pg-pool\index.js:45:11
    at process.processTicksAndRejections (node:internal/process/task_queues:105:5)
    at async query (file:///C:/Users/ludin/Desktop/salidas/scanqueue/backend/src/config/database.js:25:18)
    at async Module.getScansToday (file:///C:/Users/ludin/Desktop/salidas/scanqueue/backend/src/models/Scan.js:23:15)
    at async Module.getScanStatistics (file:///C:/Users/ludin/Desktop/salidas/scanqueue/backend/src/services/ScanService.js:76:24)
    at async getDashboardStats (file:///C:/Users/ludin/Desktop/salidas/scanqueue/backend/src/controllers/DashboardController.js:12:19)
Path: /api/dashboard/stats

[2026-03-04T12:43:14.310Z] ERROR: 
Stack: AggregateError [ECONNREFUSED]: 
    at C:\Users\ludin\Desktop\salidas\scanqueue\backend\node_modules\pg-pool\index.js:45:11
    at process.processTicksAndRejections (node:internal/process/task_queues:105:5)
    at async query (file:///C:/Users/ludin/Desktop/salidas/scanqueue/backend/src/config/database.js:25:18)
    at async Module.getScansToday (file:///C:/Users/ludin/Desktop/salidas/scanqueue/backend/src/models/Scan.js:23:15)
    at async getTodaySummary (file:///C:/Users/ludin/Desktop/salidas/scanqueue/backend/src/controllers/DashboardController.js:30:24)
Path: /api/dashboard/today

[2026-03-04T12:43:14.710Z] ERROR: 
Stack: AggregateError [ECONNREFUSED]: 
    at C:\Users\ludin\Desktop\salidas\scanqueue\backend\node_modules\pg-pool\index.js:45:11
    at process.processTicksAndRejections (node:internal/process/task_queues:105:5)
    at async query (file:///C:/Users/ludin/Desktop/salidas/scanqueue/backend/src/config/database.js:25:18)
    at async Module.getScansToday (file:///C:/Users/ludin/Desktop/salidas/scanqueue/backend/src/models/Scan.js:23:15)
    at async Module.getScanStatistics (file:///C:/Users/ludin/Desktop/salidas/scanqueue/backend/src/services/ScanService.js:76:24)
    at async getDashboardStats (file:///C:/Users/ludin/Desktop/salidas/scanqueue/backend/src/controllers/DashboardController.js:12:19)
Path: /api/dashboard/stats

[2026-03-04T12:43:14.713Z] ERROR: 
Stack: AggregateError [ECONNREFUSED]: 
    at C:\Users\ludin\Desktop\salidas\scanqueue\backend\node_modules\pg-pool\index.js:45:11
    at process.processTicksAndRejections (node:internal/process/task_queues:105:5)
    at async query (file:///C:/Users/ludin/Desktop/salidas/scanqueue/backend/src/config/database.js:25:18)
    at async Module.getScansToday (file:///C:/Users/ludin/Desktop/salidas/scanqueue/backend/src/models/Scan.js:23:15)
    at async getTodaySummary (file:///C:/Users/ludin/Desktop/salidas/scanqueue/backend/src/controllers/DashboardController.js:30:24)
Path: /api/dashboard/today

[2026-03-04T12:43:15.067Z] ERROR: 
Stack: AggregateError [ECONNREFUSED]: 
    at C:\Users\ludin\Desktop\salidas\scanqueue\backend\node_modules\pg-pool\index.js:45:11
    at process.processTicksAndRejections (node:internal/process/task_queues:105:5)
    at async query (file:///C:/Users/ludin/Desktop/salidas/scanqueue/backend/src/config/database.js:25:18)
    at async Module.getScansToday (file:///C:/Users/ludin/Desktop/salidas/scanqueue/backend/src/models/Scan.js:23:15)
    at async Module.getScanStatistics (file:///C:/Users/ludin/Desktop/salidas/scanqueue/backend/src/services/ScanService.js:76:24)
    at async getDashboardStats (file:///C:/Users/ludin/Desktop/salidas/scanqueue/backend/src/controllers/DashboardController.js:12:19)
Path: /api/dashboard/stats

[2026-03-04T12:43:15.070Z] ERROR: 
Stack: AggregateError [ECONNREFUSED]: 
    at C:\Users\ludin\Desktop\salidas\scanqueue\backend\node_modules\pg-pool\index.js:45:11
    at process.processTicksAndRejections (node:internal/process/task_queues:105:5)
    at async query (file:///C:/Users/ludin/Desktop/salidas/scanqueue/backend/src/config/database.js:25:18)
    at async Module.getScansToday (file:///C:/Users/ludin/Desktop/salidas/scanqueue/backend/src/models/Scan.js:23:15)
    at async getTodaySummary (file:///C:/Users/ludin/Desktop/salidas/scanqueue/backend/src/controllers/DashboardController.js:30:24)
Path: /api/dashboard/today

[2026-03-04T12:43:15.307Z] ERROR: 
Stack: AggregateError [ECONNREFUSED]: 
    at C:\Users\ludin\Desktop\salidas\scanqueue\backend\node_modules\pg-pool\index.js:45:11
    at process.processTicksAndRejections (node:internal/process/task_queues:105:5)
    at async query (file:///C:/Users/ludin/Desktop/salidas/scanqueue/backend/src/config/database.js:25:18)
    at async Module.getScansToday (file:///C:/Users/ludin/Desktop/salidas/scanqueue/backend/src/models/Scan.js:23:15)
    at async Module.getScanStatistics (file:///C:/Users/ludin/Desktop/salidas/scanqueue/backend/src/services/ScanService.js:76:24)
    at async getDashboardStats (file:///C:/Users/ludin/Desktop/salidas/scanqueue/backend/src/controllers/DashboardController.js:12:19)
Path: /api/dashboard/stats

[2026-03-04T12:43:15.310Z] ERROR: 
Stack: AggregateError [ECONNREFUSED]: 
    at C:\Users\ludin\Desktop\salidas\scanqueue\backend\node_modules\pg-pool\index.js:45:11
    at process.processTicksAndRejections (node:internal/process/task_queues:105:5)
    at async query (file:///C:/Users/ludin/Desktop/salidas/scanqueue/backend/src/config/database.js:25:18)
    at async Module.getScansToday (file:///C:/Users/ludin/Desktop/salidas/scanqueue/backend/src/models/Scan.js:23:15)
    at async getTodaySummary (file:///C:/Users/ludin/Desktop/salidas/scanqueue/backend/src/controllers/DashboardController.js:30:24)
Path: /api/dashboard/today

[2026-03-04T12:43:15.725Z] ERROR: 
Stack: AggregateError [ECONNREFUSED]: 
    at C:\Users\ludin\Desktop\salidas\scanqueue\backend\node_modules\pg-pool\index.js:45:11
    at process.processTicksAndRejections (node:internal/process/task_queues:105:5)
    at async query (file:///C:/Users/ludin/Desktop/salidas/scanqueue/backend/src/config/database.js:25:18)
    at async Module.getScansToday (file:///C:/Users/ludin/Desktop/salidas/scanqueue/backend/src/models/Scan.js:23:15)
    at async Module.getScanStatistics (file:///C:/Users/ludin/Desktop/salidas/scanqueue/backend/src/services/ScanService.js:76:24)
    at async getDashboardStats (file:///C:/Users/ludin/Desktop/salidas/scanqueue/backend/src/controllers/DashboardController.js:12:19)
Path: /api/dashboard/stats

[2026-03-04T12:43:15.729Z] ERROR: 
Stack: AggregateError [ECONNREFUSED]: 
    at C:\Users\ludin\Desktop\salidas\scanqueue\backend\node_modules\pg-pool\index.js:45:11
    at process.processTicksAndRejections (node:internal/process/task_queues:105:5)
    at async query (file:///C:/Users/ludin/Desktop/salidas/scanqueue/backend/src/config/database.js:25:18)
    at async Module.getScansToday (file:///C:/Users/ludin/Desktop/salidas/scanqueue/backend/src/models/Scan.js:23:15)
    at async getTodaySummary (file:///C:/Users/ludin/Desktop/salidas/scanqueue/backend/src/controllers/DashboardController.js:30:24)
Path: /api/dashboard/today

[2026-03-04T12:43:16.051Z] ERROR: 
Stack: AggregateError [ECONNREFUSED]: 
    at C:\Users\ludin\Desktop\salidas\scanqueue\backend\node_modules\pg-pool\index.js:45:11
    at process.processTicksAndRejections (node:internal/process/task_queues:105:5)
    at async query (file:///C:/Users/ludin/Desktop/salidas/scanqueue/backend/src/config/database.js:25:18)
    at async Module.getScansToday (file:///C:/Users/ludin/Desktop/salidas/scanqueue/backend/src/models/Scan.js:23:15)
    at async Module.getScanStatistics (file:///C:/Users/ludin/Desktop/salidas/scanqueue/backend/src/services/ScanService.js:76:24)
    at async getDashboardStats (file:///C:/Users/ludin/Desktop/salidas/scanqueue/backend/src/controllers/DashboardController.js:12:19)
Path: /api/dashboard/stats

[2026-03-04T12:43:16.054Z] ERROR: 
Stack: AggregateError [ECONNREFUSED]: 
    at C:\Users\ludin\Desktop\salidas\scanqueue\backend\node_modules\pg-pool\index.js:45:11
    at process.processTicksAndRejections (node:internal/process/task_queues:105:5)
    at async query (file:///C:/Users/ludin/Desktop/salidas/scanqueue/backend/src/config/database.js:25:18)
    at async Module.getScansToday (file:///C:/Users/ludin/Desktop/salidas/scanqueue/backend/src/models/Scan.js:23:15)
    at async getTodaySummary (file:///C:/Users/ludin/Desktop/salidas/scanqueue/backend/src/controllers/DashboardController.js:30:24)
Path: /api/dashboard/today

[2026-03-04T12:43:16.326Z] ERROR: 
Stack: AggregateError [ECONNREFUSED]: 
    at C:\Users\ludin\Desktop\salidas\scanqueue\backend\node_modules\pg-pool\index.js:45:11
    at process.processTicksAndRejections (node:internal/process/task_queues:105:5)
    at async query (file:///C:/Users/ludin/Desktop/salidas/scanqueue/backend/src/config/database.js:25:18)
    at async Module.getScansToday (file:///C:/Users/ludin/Desktop/salidas/scanqueue/backend/src/models/Scan.js:23:15)
    at async Module.getScanStatistics (file:///C:/Users/ludin/Desktop/salidas/scanqueue/backend/src/services/ScanService.js:76:24)
    at async getDashboardStats (file:///C:/Users/ludin/Desktop/salidas/scanqueue/backend/src/controllers/DashboardController.js:12:19)
Path: /api/dashboard/stats

[2026-03-04T12:43:16.328Z] ERROR: 
Stack: AggregateError [ECONNREFUSED]: 
    at C:\Users\ludin\Desktop\salidas\scanqueue\backend\node_modules\pg-pool\index.js:45:11
    at process.processTicksAndRejections (node:internal/process/task_queues:105:5)
    at async query (file:///C:/Users/ludin/Desktop/salidas/scanqueue/backend/src/config/database.js:25:18)
    at async Module.getScansToday (file:///C:/Users/ludin/Desktop/salidas/scanqueue/backend/src/models/Scan.js:23:15)
    at async getTodaySummary (file:///C:/Users/ludin/Desktop/salidas/scanqueue/backend/src/controllers/DashboardController.js:30:24)
Path: /api/dashboard/today

[2026-03-04T12:43:16.708Z] ERROR: 
Stack: AggregateError [ECONNREFUSED]: 
    at C:\Users\ludin\Desktop\salidas\scanqueue\backend\node_modules\pg-pool\index.js:45:11
    at process.processTicksAndRejections (node:internal/process/task_queues:105:5)
    at async query (file:///C:/Users/ludin/Desktop/salidas/scanqueue/backend/src/config/database.js:25:18)
    at async Module.getScansToday (file:///C:/Users/ludin/Desktop/salidas/scanqueue/backend/src/models/Scan.js:23:15)
    at async Module.getScanStatistics (file:///C:/Users/ludin/Desktop/salidas/scanqueue/backend/src/services/ScanService.js:76:24)
    at async getDashboardStats (file:///C:/Users/ludin/Desktop/salidas/scanqueue/backend/src/controllers/DashboardController.js:12:19)
Path: /api/dashboard/stats

[2026-03-04T12:43:16.711Z] ERROR: 
Stack: AggregateError [ECONNREFUSED]: 
    at C:\Users\ludin\Desktop\salidas\scanqueue\backend\node_modules\pg-pool\index.js:45:11
    at process.processTicksAndRejections (node:internal/process/task_queues:105:5)
    at async query (file:///C:/Users/ludin/Desktop/salidas/scanqueue/backend/src/config/database.js:25:18)
    at async Module.getScansToday (file:///C:/Users/ludin/Desktop/salidas/scanqueue/backend/src/models/Scan.js:23:15)
    at async getTodaySummary (file:///C:/Users/ludin/Desktop/salidas/scanqueue/backend/src/controllers/DashboardController.js:30:24)
Path: /api/dashboard/today

[2026-03-04T12:43:17.165Z] ERROR: 
Stack: AggregateError [ECONNREFUSED]: 
    at C:\Users\ludin\Desktop\salidas\scanqueue\backend\node_modules\pg-pool\index.js:45:11
    at process.processTicksAndRejections (node:internal/process/task_queues:105:5)
    at async query (file:///C:/Users/ludin/Desktop/salidas/scanqueue/backend/src/config/database.js:25:18)
    at async Module.getScansToday (file:///C:/Users/ludin/Desktop/salidas/scanqueue/backend/src/models/Scan.js:23:15)
    at async Module.getScanStatistics (file:///C:/Users/ludin/Desktop/salidas/scanqueue/backend/src/services/ScanService.js:76:24)
    at async getDashboardStats (file:///C:/Users/ludin/Desktop/salidas/scanqueue/backend/src/controllers/DashboardController.js:12:19)
Path: /api/dashboard/stats

[2026-03-04T12:43:17.170Z] ERROR: 
Stack: AggregateError [ECONNREFUSED]: 
    at C:\Users\ludin\Desktop\salidas\scanqueue\backend\node_modules\pg-pool\index.js:45:11
    at process.processTicksAndRejections (node:internal/process/task_queues:105:5)
    at async query (file:///C:/Users/ludin/Desktop/salidas/scanqueue/backend/src/config/database.js:25:18)
    at async Module.getScansToday (file:///C:/Users/ludin/Desktop/salidas/scanqueue/backend/src/models/Scan.js:23:15)
    at async getTodaySummary (file:///C:/Users/ludin/Desktop/salidas/scanqueue/backend/src/controllers/DashboardController.js:30:24)
Path: /api/dashboard/today

[2026-03-04T12:43:17.630Z] ERROR: 
Stack: AggregateError [ECONNREFUSED]: 
    at C:\Users\ludin\Desktop\salidas\scanqueue\backend\node_modules\pg-pool\index.js:45:11
    at process.processTicksAndRejections (node:internal/process/task_queues:105:5)
    at async query (file:///C:/Users/ludin/Desktop/salidas/scanqueue/backend/src/config/database.js:25:18)
    at async Module.getScansToday (file:///C:/Users/ludin/Desktop/salidas/scanqueue/backend/src/models/Scan.js:23:15)
    at async Module.getScanStatistics (file:///C:/Users/ludin/Desktop/salidas/scanqueue/backend/src/services/ScanService.js:76:24)
    at async getDashboardStats (file:///C:/Users/ludin/Desktop/salidas/scanqueue/backend/src/controllers/DashboardController.js:12:19)
Path: /api/dashboard/stats

[2026-03-04T12:43:17.633Z] ERROR: 
Stack: AggregateError [ECONNREFUSED]: 
    at C:\Users\ludin\Desktop\salidas\scanqueue\backend\node_modules\pg-pool\index.js:45:11
    at process.processTicksAndRejections (node:internal/process/task_queues:105:5)
    at async query (file:///C:/Users/ludin/Desktop/salidas/scanqueue/backend/src/config/database.js:25:18)
    at async Module.getScansToday (file:///C:/Users/ludin/Desktop/salidas/scanqueue/backend/src/models/Scan.js:23:15)
    at async getTodaySummary (file:///C:/Users/ludin/Desktop/salidas/scanqueue/backend/src/controllers/DashboardController.js:30:24)
Path: /api/dashboard/today

[2026-03-04T12:43:18.010Z] ERROR: 
Stack: AggregateError [ECONNREFUSED]: 
    at C:\Users\ludin\Desktop\salidas\scanqueue\backend\node_modules\pg-pool\index.js:45:11
    at process.processTicksAndRejections (node:internal/process/task_queues:105:5)
    at async query (file:///C:/Users/ludin/Desktop/salidas/scanqueue/backend/src/config/database.js:25:18)
    at async Module.getScansToday (file:///C:/Users/ludin/Desktop/salidas/scanqueue/backend/src/models/Scan.js:23:15)
    at async Module.getScanStatistics (file:///C:/Users/ludin/Desktop/salidas/scanqueue/backend/src/services/ScanService.js:76:24)
    at async getDashboardStats (file:///C:/Users/ludin/Desktop/salidas/scanqueue/backend/src/controllers/DashboardController.js:12:19)
Path: /api/dashboard/stats

[2026-03-04T12:43:18.013Z] ERROR: 
Stack: AggregateError [ECONNREFUSED]: 
    at C:\Users\ludin\Desktop\salidas\scanqueue\backend\node_modules\pg-pool\index.js:45:11
    at process.processTicksAndRejections (node:internal/process/task_queues:105:5)
    at async query (file:///C:/Users/ludin/Desktop/salidas/scanqueue/backend/src/config/database.js:25:18)
    at async Module.getScansToday (file:///C:/Users/ludin/Desktop/salidas/scanqueue/backend/src/models/Scan.js:23:15)
    at async getTodaySummary (file:///C:/Users/ludin/Desktop/salidas/scanqueue/backend/src/controllers/DashboardController.js:30:24)
Path: /api/dashboard/today

[2026-03-04T12:43:18.379Z] ERROR: 
Stack: AggregateError [ECONNREFUSED]: 
    at C:\Users\ludin\Desktop\salidas\scanqueue\backend\node_modules\pg-pool\index.js:45:11
    at process.processTicksAndRejections (node:internal/process/task_queues:105:5)
    at async query (file:///C:/Users/ludin/Desktop/salidas/scanqueue/backend/src/config/database.js:25:18)
    at async Module.getScansToday (file:///C:/Users/ludin/Desktop/salidas/scanqueue/backend/src/models/Scan.js:23:15)
    at async Module.getScanStatistics (file:///C:/Users/ludin/Desktop/salidas/scanqueue/backend/src/services/ScanService.js:76:24)
    at async getDashboardStats (file:///C:/Users/ludin/Desktop/salidas/scanqueue/backend/src/controllers/DashboardController.js:12:19)
Path: /api/dashboard/stats

[2026-03-04T12:43:18.382Z] ERROR: 
Stack: AggregateError [ECONNREFUSED]: 
    at C:\Users\ludin\Desktop\salidas\scanqueue\backend\node_modules\pg-pool\index.js:45:11
    at process.processTicksAndRejections (node:internal/process/task_queues:105:5)
    at async query (file:///C:/Users/ludin/Desktop/salidas/scanqueue/backend/src/config/database.js:25:18)
    at async Module.getScansToday (file:///C:/Users/ludin/Desktop/salidas/scanqueue/backend/src/models/Scan.js:23:15)
    at async getTodaySummary (file:///C:/Users/ludin/Desktop/salidas/scanqueue/backend/src/controllers/DashboardController.js:30:24)
Path: /api/dashboard/today

[2026-03-04T12:43:18.704Z] ERROR: 
Stack: AggregateError [ECONNREFUSED]: 
    at C:\Users\ludin\Desktop\salidas\scanqueue\backend\node_modules\pg-pool\index.js:45:11
    at process.processTicksAndRejections (node:internal/process/task_queues:105:5)
    at async query (file:///C:/Users/ludin/Desktop/salidas/scanqueue/backend/src/config/database.js:25:18)
    at async Module.getScansToday (file:///C:/Users/ludin/Desktop/salidas/scanqueue/backend/src/models/Scan.js:23:15)
    at async Module.getScanStatistics (file:///C:/Users/ludin/Desktop/salidas/scanqueue/backend/src/services/ScanService.js:76:24)
    at async getDashboardStats (file:///C:/Users/ludin/Desktop/salidas/scanqueue/backend/src/controllers/DashboardController.js:12:19)
Path: /api/dashboard/stats

[2026-03-04T12:43:18.706Z] ERROR: 
Stack: AggregateError [ECONNREFUSED]: 
    at C:\Users\ludin\Desktop\salidas\scanqueue\backend\node_modules\pg-pool\index.js:45:11
    at process.processTicksAndRejections (node:internal/process/task_queues:105:5)
    at async query (file:///C:/Users/ludin/Desktop/salidas/scanqueue/backend/src/config/database.js:25:18)
    at async Module.getScansToday (file:///C:/Users/ludin/Desktop/salidas/scanqueue/backend/src/models/Scan.js:23:15)
    at async getTodaySummary (file:///C:/Users/ludin/Desktop/salidas/scanqueue/backend/src/controllers/DashboardController.js:30:24)
Path: /api/dashboard/today

[2026-03-04T12:43:18.966Z] ERROR: 
Stack: AggregateError [ECONNREFUSED]: 
    at C:\Users\ludin\Desktop\salidas\scanqueue\backend\node_modules\pg-pool\index.js:45:11
    at process.processTicksAndRejections (node:internal/process/task_queues:105:5)
    at async query (file:///C:/Users/ludin/Desktop/salidas/scanqueue/backend/src/config/database.js:25:18)
    at async Module.getScansToday (file:///C:/Users/ludin/Desktop/salidas/scanqueue/backend/src/models/Scan.js:23:15)
    at async Module.getScanStatistics (file:///C:/Users/ludin/Desktop/salidas/scanqueue/backend/src/services/ScanService.js:76:24)
    at async getDashboardStats (file:///C:/Users/ludin/Desktop/salidas/scanqueue/backend/src/controllers/DashboardController.js:12:19)
Path: /api/dashboard/stats

[2026-03-04T12:43:18.968Z] ERROR: 
Stack: AggregateError [ECONNREFUSED]: 
    at C:\Users\ludin\Desktop\salidas\scanqueue\backend\node_modules\pg-pool\index.js:45:11
    at process.processTicksAndRejections (node:internal/process/task_queues:105:5)
    at async query (file:///C:/Users/ludin/Desktop/salidas/scanqueue/backend/src/config/database.js:25:18)
    at async Module.getScansToday (file:///C:/Users/ludin/Desktop/salidas/scanqueue/backend/src/models/Scan.js:23:15)
    at async getTodaySummary (file:///C:/Users/ludin/Desktop/salidas/scanqueue/backend/src/controllers/DashboardController.js:30:24)
Path: /api/dashboard/today

[2026-03-04T12:43:19.289Z] ERROR: 
Stack: AggregateError [ECONNREFUSED]: 
    at C:\Users\ludin\Desktop\salidas\scanqueue\backend\node_modules\pg-pool\index.js:45:11
    at process.processTicksAndRejections (node:internal/process/task_queues:105:5)
    at async query (file:///C:/Users/ludin/Desktop/salidas/scanqueue/backend/src/config/database.js:25:18)
    at async Module.getScansToday (file:///C:/Users/ludin/Desktop/salidas/scanqueue/backend/src/models/Scan.js:23:15)
    at async Module.getScanStatistics (file:///C:/Users/ludin/Desktop/salidas/scanqueue/backend/src/services/ScanService.js:76:24)
    at async getDashboardStats (file:///C:/Users/ludin/Desktop/salidas/scanqueue/backend/src/controllers/DashboardController.js:12:19)
Path: /api/dashboard/stats

[2026-03-04T12:43:19.291Z] ERROR: 
Stack: AggregateError [ECONNREFUSED]: 
    at C:\Users\ludin\Desktop\salidas\scanqueue\backend\node_modules\pg-pool\index.js:45:11
    at process.processTicksAndRejections (node:internal/process/task_queues:105:5)
    at async query (file:///C:/Users/ludin/Desktop/salidas/scanqueue/backend/src/config/database.js:25:18)
    at async Module.getScansToday (file:///C:/Users/ludin/Desktop/salidas/scanqueue/backend/src/models/Scan.js:23:15)
    at async getTodaySummary (file:///C:/Users/ludin/Desktop/salidas/scanqueue/backend/src/controllers/DashboardController.js:30:24)
Path: /api/dashboard/today

[2026-03-04T12:43:19.637Z] ERROR: 
Stack: AggregateError [ECONNREFUSED]: 
    at C:\Users\ludin\Desktop\salidas\scanqueue\backend\node_modules\pg-pool\index.js:45:11
    at process.processTicksAndRejections (node:internal/process/task_queues:105:5)
    at async query (file:///C:/Users/ludin/Desktop/salidas/scanqueue/backend/src/config/database.js:25:18)
    at async Module.getScansToday (file:///C:/Users/ludin/Desktop/salidas/scanqueue/backend/src/models/Scan.js:23:15)
    at async Module.getScanStatistics (file:///C:/Users/ludin/Desktop/salidas/scanqueue/backend/src/services/ScanService.js:76:24)
    at async getDashboardStats (file:///C:/Users/ludin/Desktop/salidas/scanqueue/backend/src/controllers/DashboardController.js:12:19)
Path: /api/dashboard/stats

[2026-03-04T12:43:19.639Z] ERROR: 
Stack: AggregateError [ECONNREFUSED]: 
    at C:\Users\ludin\Desktop\salidas\scanqueue\backend\node_modules\pg-pool\index.js:45:11
    at process.processTicksAndRejections (node:internal/process/task_queues:105:5)
    at async query (file:///C:/Users/ludin/Desktop/salidas/scanqueue/backend/src/config/database.js:25:18)
    at async Module.getScansToday (file:///C:/Users/ludin/Desktop/salidas/scanqueue/backend/src/models/Scan.js:23:15)
    at async getTodaySummary (file:///C:/Users/ludin/Desktop/salidas/scanqueue/backend/src/controllers/DashboardController.js:30:24)
Path: /api/dashboard/today

[2026-03-04T12:43:19.825Z] ERROR: 
Stack: AggregateError [ECONNREFUSED]: 
    at C:\Users\ludin\Desktop\salidas\scanqueue\backend\node_modules\pg-pool\index.js:45:11
    at process.processTicksAndRejections (node:internal/process/task_queues:105:5)
    at async query (file:///C:/Users/ludin/Desktop/salidas/scanqueue/backend/src/config/database.js:25:18)
    at async Module.getScansToday (file:///C:/Users/ludin/Desktop/salidas/scanqueue/backend/src/models/Scan.js:23:15)
    at async Module.getScanStatistics (file:///C:/Users/ludin/Desktop/salidas/scanqueue/backend/src/services/ScanService.js:76:24)
    at async getDashboardStats (file:///C:/Users/ludin/Desktop/salidas/scanqueue/backend/src/controllers/DashboardController.js:12:19)
Path: /api/dashboard/stats

[2026-03-04T12:43:19.828Z] ERROR: 
Stack: AggregateError [ECONNREFUSED]: 
    at C:\Users\ludin\Desktop\salidas\scanqueue\backend\node_modules\pg-pool\index.js:45:11
    at process.processTicksAndRejections (node:internal/process/task_queues:105:5)
    at async query (file:///C:/Users/ludin/Desktop/salidas/scanqueue/backend/src/config/database.js:25:18)
    at async Module.getScansToday (file:///C:/Users/ludin/Desktop/salidas/scanqueue/backend/src/models/Scan.js:23:15)
    at async getTodaySummary (file:///C:/Users/ludin/Desktop/salidas/scanqueue/backend/src/controllers/DashboardController.js:30:24)
Path: /api/dashboard/today

[2026-03-04T12:43:20.245Z] ERROR: 
Stack: AggregateError [ECONNREFUSED]: 
    at C:\Users\ludin\Desktop\salidas\scanqueue\backend\node_modules\pg-pool\index.js:45:11
    at process.processTicksAndRejections (node:internal/process/task_queues:105:5)
    at async query (file:///C:/Users/ludin/Desktop/salidas/scanqueue/backend/src/config/database.js:25:18)
    at async Module.getScansToday (file:///C:/Users/ludin/Desktop/salidas/scanqueue/backend/src/models/Scan.js:23:15)
    at async Module.getScanStatistics (file:///C:/Users/ludin/Desktop/salidas/scanqueue/backend/src/services/ScanService.js:76:24)
    at async getDashboardStats (file:///C:/Users/ludin/Desktop/salidas/scanqueue/backend/src/controllers/DashboardController.js:12:19)
Path: /api/dashboard/stats

[2026-03-04T12:43:20.251Z] ERROR: 
Stack: AggregateError [ECONNREFUSED]: 
    at C:\Users\ludin\Desktop\salidas\scanqueue\backend\node_modules\pg-pool\index.js:45:11
    at process.processTicksAndRejections (node:internal/process/task_queues:105:5)
    at async query (file:///C:/Users/ludin/Desktop/salidas/scanqueue/backend/src/config/database.js:25:18)
    at async Module.getScansToday (file:///C:/Users/ludin/Desktop/salidas/scanqueue/backend/src/models/Scan.js:23:15)
    at async getTodaySummary (file:///C:/Users/ludin/Desktop/salidas/scanqueue/backend/src/controllers/DashboardController.js:30:24)
Path: /api/dashboard/today

[2026-03-04T12:43:20.601Z] ERROR: 
Stack: AggregateError [ECONNREFUSED]: 
    at C:\Users\ludin\Desktop\salidas\scanqueue\backend\node_modules\pg-pool\index.js:45:11
    at process.processTicksAndRejections (node:internal/process/task_queues:105:5)
    at async query (file:///C:/Users/ludin/Desktop/salidas/scanqueue/backend/src/config/database.js:25:18)
    at async Module.getScansToday (file:///C:/Users/ludin/Desktop/salidas/scanqueue/backend/src/models/Scan.js:23:15)
    at async Module.getScanStatistics (file:///C:/Users/ludin/Desktop/salidas/scanqueue/backend/src/services/ScanService.js:76:24)
    at async getDashboardStats (file:///C:/Users/ludin/Desktop/salidas/scanqueue/backend/src/controllers/DashboardController.js:12:19)
Path: /api/dashboard/stats

[2026-03-04T12:43:20.606Z] ERROR: 
Stack: AggregateError [ECONNREFUSED]: 
    at C:\Users\ludin\Desktop\salidas\scanqueue\backend\node_modules\pg-pool\index.js:45:11
    at process.processTicksAndRejections (node:internal/process/task_queues:105:5)
    at async query (file:///C:/Users/ludin/Desktop/salidas/scanqueue/backend/src/config/database.js:25:18)
    at async Module.getScansToday (file:///C:/Users/ludin/Desktop/salidas/scanqueue/backend/src/models/Scan.js:23:15)
    at async getTodaySummary (file:///C:/Users/ludin/Desktop/salidas/scanqueue/backend/src/controllers/DashboardController.js:30:24)
Path: /api/dashboard/today

[2026-03-04T12:43:20.951Z] ERROR: 
Stack: AggregateError [ECONNREFUSED]: 
    at C:\Users\ludin\Desktop\salidas\scanqueue\backend\node_modules\pg-pool\index.js:45:11
    at process.processTicksAndRejections (node:internal/process/task_queues:105:5)
    at async query (file:///C:/Users/ludin/Desktop/salidas/scanqueue/backend/src/config/database.js:25:18)
    at async Module.getScansToday (file:///C:/Users/ludin/Desktop/salidas/scanqueue/backend/src/models/Scan.js:23:15)
    at async Module.getScanStatistics (file:///C:/Users/ludin/Desktop/salidas/scanqueue/backend/src/services/ScanService.js:76:24)
    at async getDashboardStats (file:///C:/Users/ludin/Desktop/salidas/scanqueue/backend/src/controllers/DashboardController.js:12:19)
Path: /api/dashboard/stats

[2026-03-04T12:43:20.954Z] ERROR: 
Stack: AggregateError [ECONNREFUSED]: 
    at C:\Users\ludin\Desktop\salidas\scanqueue\backend\node_modules\pg-pool\index.js:45:11
    at process.processTicksAndRejections (node:internal/process/task_queues:105:5)
    at async query (file:///C:/Users/ludin/Desktop/salidas/scanqueue/backend/src/config/database.js:25:18)
    at async Module.getScansToday (file:///C:/Users/ludin/Desktop/salidas/scanqueue/backend/src/models/Scan.js:23:15)
    at async getTodaySummary (file:///C:/Users/ludin/Desktop/salidas/scanqueue/backend/src/controllers/DashboardController.js:30:24)
Path: /api/dashboard/today

[2026-03-04T12:43:21.354Z] ERROR: 
Stack: AggregateError [ECONNREFUSED]: 
    at C:\Users\ludin\Desktop\salidas\scanqueue\backend\node_modules\pg-pool\index.js:45:11
    at process.processTicksAndRejections (node:internal/process/task_queues:105:5)
    at async query (file:///C:/Users/ludin/Desktop/salidas/scanqueue/backend/src/config/database.js:25:18)
    at async Module.getScansToday (file:///C:/Users/ludin/Desktop/salidas/scanqueue/backend/src/models/Scan.js:23:15)
    at async Module.getScanStatistics (file:///C:/Users/ludin/Desktop/salidas/scanqueue/backend/src/services/ScanService.js:76:24)
    at async getDashboardStats (file:///C:/Users/ludin/Desktop/salidas/scanqueue/backend/src/controllers/DashboardController.js:12:19)
Path: /api/dashboard/stats

[2026-03-04T12:43:21.357Z] ERROR: 
Stack: AggregateError [ECONNREFUSED]: 
    at C:\Users\ludin\Desktop\salidas\scanqueue\backend\node_modules\pg-pool\index.js:45:11
    at process.processTicksAndRejections (node:internal/process/task_queues:105:5)
    at async query (file:///C:/Users/ludin/Desktop/salidas/scanqueue/backend/src/config/database.js:25:18)
    at async Module.getScansToday (file:///C:/Users/ludin/Desktop/salidas/scanqueue/backend/src/models/Scan.js:23:15)
    at async getTodaySummary (file:///C:/Users/ludin/Desktop/salidas/scanqueue/backend/src/controllers/DashboardController.js:30:24)
Path: /api/dashboard/today

[2026-03-04T12:43:21.704Z] ERROR: 
Stack: AggregateError [ECONNREFUSED]: 
    at C:\Users\ludin\Desktop\salidas\scanqueue\backend\node_modules\pg-pool\index.js:45:11
    at process.processTicksAndRejections (node:internal/process/task_queues:105:5)
    at async query (file:///C:/Users/ludin/Desktop/salidas/scanqueue/backend/src/config/database.js:25:18)
    at async Module.getScansToday (file:///C:/Users/ludin/Desktop/salidas/scanqueue/backend/src/models/Scan.js:23:15)
    at async Module.getScanStatistics (file:///C:/Users/ludin/Desktop/salidas/scanqueue/backend/src/services/ScanService.js:76:24)
    at async getDashboardStats (file:///C:/Users/ludin/Desktop/salidas/scanqueue/backend/src/controllers/DashboardController.js:12:19)
Path: /api/dashboard/stats

[2026-03-04T12:43:21.707Z] ERROR: 
Stack: AggregateError [ECONNREFUSED]: 
    at C:\Users\ludin\Desktop\salidas\scanqueue\backend\node_modules\pg-pool\index.js:45:11
    at process.processTicksAndRejections (node:internal/process/task_queues:105:5)
    at async query (file:///C:/Users/ludin/Desktop/salidas/scanqueue/backend/src/config/database.js:25:18)
    at async Module.getScansToday (file:///C:/Users/ludin/Desktop/salidas/scanqueue/backend/src/models/Scan.js:23:15)
    at async getTodaySummary (file:///C:/Users/ludin/Desktop/salidas/scanqueue/backend/src/controllers/DashboardController.js:30:24)
Path: /api/dashboard/today

[2026-03-04T12:43:22.044Z] ERROR: 
Stack: AggregateError [ECONNREFUSED]: 
    at C:\Users\ludin\Desktop\salidas\scanqueue\backend\node_modules\pg-pool\index.js:45:11
    at process.processTicksAndRejections (node:internal/process/task_queues:105:5)
    at async query (file:///C:/Users/ludin/Desktop/salidas/scanqueue/backend/src/config/database.js:25:18)
    at async Module.getScansToday (file:///C:/Users/ludin/Desktop/salidas/scanqueue/backend/src/models/Scan.js:23:15)
    at async Module.getScanStatistics (file:///C:/Users/ludin/Desktop/salidas/scanqueue/backend/src/services/ScanService.js:76:24)
    at async getDashboardStats (file:///C:/Users/ludin/Desktop/salidas/scanqueue/backend/src/controllers/DashboardController.js:12:19)
Path: /api/dashboard/stats

[2026-03-04T12:43:22.046Z] ERROR: 
Stack: AggregateError [ECONNREFUSED]: 
    at C:\Users\ludin\Desktop\salidas\scanqueue\backend\node_modules\pg-pool\index.js:45:11
    at process.processTicksAndRejections (node:internal/process/task_queues:105:5)
    at async query (file:///C:/Users/ludin/Desktop/salidas/scanqueue/backend/src/config/database.js:25:18)
    at async Module.getScansToday (file:///C:/Users/ludin/Desktop/salidas/scanqueue/backend/src/models/Scan.js:23:15)
    at async getTodaySummary (file:///C:/Users/ludin/Desktop/salidas/scanqueue/backend/src/controllers/DashboardController.js:30:24)
Path: /api/dashboard/today

[2026-03-04T12:43:22.371Z] ERROR: 
Stack: AggregateError [ECONNREFUSED]: 
    at C:\Users\ludin\Desktop\salidas\scanqueue\backend\node_modules\pg-pool\index.js:45:11
    at process.processTicksAndRejections (node:internal/process/task_queues:105:5)
    at async query (file:///C:/Users/ludin/Desktop/salidas/scanqueue/backend/src/config/database.js:25:18)
    at async Module.getScansToday (file:///C:/Users/ludin/Desktop/salidas/scanqueue/backend/src/models/Scan.js:23:15)
    at async Module.getScanStatistics (file:///C:/Users/ludin/Desktop/salidas/scanqueue/backend/src/services/ScanService.js:76:24)
    at async getDashboardStats (file:///C:/Users/ludin/Desktop/salidas/scanqueue/backend/src/controllers/DashboardController.js:12:19)
Path: /api/dashboard/stats

[2026-03-04T12:43:22.373Z] ERROR: 
Stack: AggregateError [ECONNREFUSED]: 
    at C:\Users\ludin\Desktop\salidas\scanqueue\backend\node_modules\pg-pool\index.js:45:11
    at process.processTicksAndRejections (node:internal/process/task_queues:105:5)
    at async query (file:///C:/Users/ludin/Desktop/salidas/scanqueue/backend/src/config/database.js:25:18)
    at async Module.getScansToday (file:///C:/Users/ludin/Desktop/salidas/scanqueue/backend/src/models/Scan.js:23:15)
    at async getTodaySummary (file:///C:/Users/ludin/Desktop/salidas/scanqueue/backend/src/controllers/DashboardController.js:30:24)
Path: /api/dashboard/today

[2026-03-04T12:43:22.794Z] ERROR: 
Stack: AggregateError [ECONNREFUSED]: 
    at C:\Users\ludin\Desktop\salidas\scanqueue\backend\node_modules\pg-pool\index.js:45:11
    at process.processTicksAndRejections (node:internal/process/task_queues:105:5)
    at async query (file:///C:/Users/ludin/Desktop/salidas/scanqueue/backend/src/config/database.js:25:18)
    at async Module.getScansToday (file:///C:/Users/ludin/Desktop/salidas/scanqueue/backend/src/models/Scan.js:23:15)
    at async Module.getScanStatistics (file:///C:/Users/ludin/Desktop/salidas/scanqueue/backend/src/services/ScanService.js:76:24)
    at async getDashboardStats (file:///C:/Users/ludin/Desktop/salidas/scanqueue/backend/src/controllers/DashboardController.js:12:19)
Path: /api/dashboard/stats

[2026-03-04T12:43:22.797Z] ERROR: 
Stack: AggregateError [ECONNREFUSED]: 
    at C:\Users\ludin\Desktop\salidas\scanqueue\backend\node_modules\pg-pool\index.js:45:11
    at process.processTicksAndRejections (node:internal/process/task_queues:105:5)
    at async query (file:///C:/Users/ludin/Desktop/salidas/scanqueue/backend/src/config/database.js:25:18)
    at async Module.getScansToday (file:///C:/Users/ludin/Desktop/salidas/scanqueue/backend/src/models/Scan.js:23:15)
    at async getTodaySummary (file:///C:/Users/ludin/Desktop/salidas/scanqueue/backend/src/controllers/DashboardController.js:30:24)
Path: /api/dashboard/today

[2026-03-04T12:43:23.165Z] ERROR: 
Stack: AggregateError [ECONNREFUSED]: 
    at C:\Users\ludin\Desktop\salidas\scanqueue\backend\node_modules\pg-pool\index.js:45:11
    at process.processTicksAndRejections (node:internal/process/task_queues:105:5)
    at async query (file:///C:/Users/ludin/Desktop/salidas/scanqueue/backend/src/config/database.js:25:18)
    at async Module.getScansToday (file:///C:/Users/ludin/Desktop/salidas/scanqueue/backend/src/models/Scan.js:23:15)
    at async Module.getScanStatistics (file:///C:/Users/ludin/Desktop/salidas/scanqueue/backend/src/services/ScanService.js:76:24)
    at async getDashboardStats (file:///C:/Users/ludin/Desktop/salidas/scanqueue/backend/src/controllers/DashboardController.js:12:19)
Path: /api/dashboard/stats

[2026-03-04T12:43:23.168Z] ERROR: 
Stack: AggregateError [ECONNREFUSED]: 
    at C:\Users\ludin\Desktop\salidas\scanqueue\backend\node_modules\pg-pool\index.js:45:11
    at process.processTicksAndRejections (node:internal/process/task_queues:105:5)
    at async query (file:///C:/Users/ludin/Desktop/salidas/scanqueue/backend/src/config/database.js:25:18)
    at async Module.getScansToday (file:///C:/Users/ludin/Desktop/salidas/scanqueue/backend/src/models/Scan.js:23:15)
    at async getTodaySummary (file:///C:/Users/ludin/Desktop/salidas/scanqueue/backend/src/controllers/DashboardController.js:30:24)
Path: /api/dashboard/today

[2026-03-04T12:43:23.466Z] ERROR: 
Stack: AggregateError [ECONNREFUSED]: 
    at C:\Users\ludin\Desktop\salidas\scanqueue\backend\node_modules\pg-pool\index.js:45:11
    at process.processTicksAndRejections (node:internal/process/task_queues:105:5)
    at async query (file:///C:/Users/ludin/Desktop/salidas/scanqueue/backend/src/config/database.js:25:18)
    at async Module.getScansToday (file:///C:/Users/ludin/Desktop/salidas/scanqueue/backend/src/models/Scan.js:23:15)
    at async Module.getScanStatistics (file:///C:/Users/ludin/Desktop/salidas/scanqueue/backend/src/services/ScanService.js:76:24)
    at async getDashboardStats (file:///C:/Users/ludin/Desktop/salidas/scanqueue/backend/src/controllers/DashboardController.js:12:19)
Path: /api/dashboard/stats

[2026-03-04T12:43:23.468Z] ERROR: 
Stack: AggregateError [ECONNREFUSED]: 
    at C:\Users\ludin\Desktop\salidas\scanqueue\backend\node_modules\pg-pool\index.js:45:11
    at process.processTicksAndRejections (node:internal/process/task_queues:105:5)
    at async query (file:///C:/Users/ludin/Desktop/salidas/scanqueue/backend/src/config/database.js:25:18)
    at async Module.getScansToday (file:///C:/Users/ludin/Desktop/salidas/scanqueue/backend/src/models/Scan.js:23:15)
    at async getTodaySummary (file:///C:/Users/ludin/Desktop/salidas/scanqueue/backend/src/controllers/DashboardController.js:30:24)
Path: /api/dashboard/today

[2026-03-04T12:43:23.828Z] ERROR: 
Stack: AggregateError [ECONNREFUSED]: 
    at C:\Users\ludin\Desktop\salidas\scanqueue\backend\node_modules\pg-pool\index.js:45:11
    at process.processTicksAndRejections (node:internal/process/task_queues:105:5)
    at async query (file:///C:/Users/ludin/Desktop/salidas/scanqueue/backend/src/config/database.js:25:18)
    at async Module.getScansToday (file:///C:/Users/ludin/Desktop/salidas/scanqueue/backend/src/models/Scan.js:23:15)
    at async Module.getScanStatistics (file:///C:/Users/ludin/Desktop/salidas/scanqueue/backend/src/services/ScanService.js:76:24)
    at async getDashboardStats (file:///C:/Users/ludin/Desktop/salidas/scanqueue/backend/src/controllers/DashboardController.js:12:19)
Path: /api/dashboard/stats

[2026-03-04T12:43:23.832Z] ERROR: 
Stack: AggregateError [ECONNREFUSED]: 
    at C:\Users\ludin\Desktop\salidas\scanqueue\backend\node_modules\pg-pool\index.js:45:11
    at process.processTicksAndRejections (node:internal/process/task_queues:105:5)
    at async query (file:///C:/Users/ludin/Desktop/salidas/scanqueue/backend/src/config/database.js:25:18)
    at async Module.getScansToday (file:///C:/Users/ludin/Desktop/salidas/scanqueue/backend/src/models/Scan.js:23:15)
    at async getTodaySummary (file:///C:/Users/ludin/Desktop/salidas/scanqueue/backend/src/controllers/DashboardController.js:30:24)
Path: /api/dashboard/today

[2026-03-04T12:43:24.190Z] ERROR: 
Stack: AggregateError [ECONNREFUSED]: 
    at C:\Users\ludin\Desktop\salidas\scanqueue\backend\node_modules\pg-pool\index.js:45:11
    at process.processTicksAndRejections (node:internal/process/task_queues:105:5)
    at async query (file:///C:/Users/ludin/Desktop/salidas/scanqueue/backend/src/config/database.js:25:18)
    at async Module.getScansToday (file:///C:/Users/ludin/Desktop/salidas/scanqueue/backend/src/models/Scan.js:23:15)
    at async Module.getScanStatistics (file:///C:/Users/ludin/Desktop/salidas/scanqueue/backend/src/services/ScanService.js:76:24)
    at async getDashboardStats (file:///C:/Users/ludin/Desktop/salidas/scanqueue/backend/src/controllers/DashboardController.js:12:19)
Path: /api/dashboard/stats

[2026-03-04T12:43:24.192Z] ERROR: 
Stack: AggregateError [ECONNREFUSED]: 
    at C:\Users\ludin\Desktop\salidas\scanqueue\backend\node_modules\pg-pool\index.js:45:11
    at process.processTicksAndRejections (node:internal/process/task_queues:105:5)
    at async query (file:///C:/Users/ludin/Desktop/salidas/scanqueue/backend/src/config/database.js:25:18)
    at async Module.getScansToday (file:///C:/Users/ludin/Desktop/salidas/scanqueue/backend/src/models/Scan.js:23:15)
    at async getTodaySummary (file:///C:/Users/ludin/Desktop/salidas/scanqueue/backend/src/controllers/DashboardController.js:30:24)
Path: /api/dashboard/today

[2026-03-04T12:43:24.477Z] ERROR: 
Stack: AggregateError [ECONNREFUSED]: 
    at C:\Users\ludin\Desktop\salidas\scanqueue\backend\node_modules\pg-pool\index.js:45:11
    at process.processTicksAndRejections (node:internal/process/task_queues:105:5)
    at async query (file:///C:/Users/ludin/Desktop/salidas/scanqueue/backend/src/config/database.js:25:18)
    at async Module.getScansToday (file:///C:/Users/ludin/Desktop/salidas/scanqueue/backend/src/models/Scan.js:23:15)
    at async Module.getScanStatistics (file:///C:/Users/ludin/Desktop/salidas/scanqueue/backend/src/services/ScanService.js:76:24)
    at async getDashboardStats (file:///C:/Users/ludin/Desktop/salidas/scanqueue/backend/src/controllers/DashboardController.js:12:19)
Path: /api/dashboard/stats

[2026-03-04T12:43:24.479Z] ERROR: 
Stack: AggregateError [ECONNREFUSED]: 
    at C:\Users\ludin\Desktop\salidas\scanqueue\backend\node_modules\pg-pool\index.js:45:11
    at process.processTicksAndRejections (node:internal/process/task_queues:105:5)
    at async query (file:///C:/Users/ludin/Desktop/salidas/scanqueue/backend/src/config/database.js:25:18)
    at async Module.getScansToday (file:///C:/Users/ludin/Desktop/salidas/scanqueue/backend/src/models/Scan.js:23:15)
    at async getTodaySummary (file:///C:/Users/ludin/Desktop/salidas/scanqueue/backend/src/controllers/DashboardController.js:30:24)
Path: /api/dashboard/today

[2026-03-04T12:43:24.895Z] ERROR: 
Stack: AggregateError [ECONNREFUSED]: 
    at C:\Users\ludin\Desktop\salidas\scanqueue\backend\node_modules\pg-pool\index.js:45:11
    at process.processTicksAndRejections (node:internal/process/task_queues:105:5)
    at async query (file:///C:/Users/ludin/Desktop/salidas/scanqueue/backend/src/config/database.js:25:18)
    at async Module.getScansToday (file:///C:/Users/ludin/Desktop/salidas/scanqueue/backend/src/models/Scan.js:23:15)
    at async Module.getScanStatistics (file:///C:/Users/ludin/Desktop/salidas/scanqueue/backend/src/services/ScanService.js:76:24)
    at async getDashboardStats (file:///C:/Users/ludin/Desktop/salidas/scanqueue/backend/src/controllers/DashboardController.js:12:19)
Path: /api/dashboard/stats

[2026-03-04T12:43:24.897Z] ERROR: 
Stack: AggregateError [ECONNREFUSED]: 
    at C:\Users\ludin\Desktop\salidas\scanqueue\backend\node_modules\pg-pool\index.js:45:11
    at process.processTicksAndRejections (node:internal/process/task_queues:105:5)
    at async query (file:///C:/Users/ludin/Desktop/salidas/scanqueue/backend/src/config/database.js:25:18)
    at async Module.getScansToday (file:///C:/Users/ludin/Desktop/salidas/scanqueue/backend/src/models/Scan.js:23:15)
    at async getTodaySummary (file:///C:/Users/ludin/Desktop/salidas/scanqueue/backend/src/controllers/DashboardController.js:30:24)
Path: /api/dashboard/today

[2026-03-04T12:43:25.260Z] ERROR: 
Stack: AggregateError [ECONNREFUSED]: 
    at C:\Users\ludin\Desktop\salidas\scanqueue\backend\node_modules\pg-pool\index.js:45:11
    at process.processTicksAndRejections (node:internal/process/task_queues:105:5)
    at async query (file:///C:/Users/ludin/Desktop/salidas/scanqueue/backend/src/config/database.js:25:18)
    at async Module.getScansToday (file:///C:/Users/ludin/Desktop/salidas/scanqueue/backend/src/models/Scan.js:23:15)
    at async Module.getScanStatistics (file:///C:/Users/ludin/Desktop/salidas/scanqueue/backend/src/services/ScanService.js:76:24)
    at async getDashboardStats (file:///C:/Users/ludin/Desktop/salidas/scanqueue/backend/src/controllers/DashboardController.js:12:19)
Path: /api/dashboard/stats

[2026-03-04T12:43:25.263Z] ERROR: 
Stack: AggregateError [ECONNREFUSED]: 
    at C:\Users\ludin\Desktop\salidas\scanqueue\backend\node_modules\pg-pool\index.js:45:11
    at process.processTicksAndRejections (node:internal/process/task_queues:105:5)
    at async query (file:///C:/Users/ludin/Desktop/salidas/scanqueue/backend/src/config/database.js:25:18)
    at async Module.getScansToday (file:///C:/Users/ludin/Desktop/salidas/scanqueue/backend/src/models/Scan.js:23:15)
    at async getTodaySummary (file:///C:/Users/ludin/Desktop/salidas/scanqueue/backend/src/controllers/DashboardController.js:30:24)
Path: /api/dashboard/today

[2026-03-04T12:43:25.509Z] ERROR: 
Stack: AggregateError [ECONNREFUSED]: 
    at C:\Users\ludin\Desktop\salidas\scanqueue\backend\node_modules\pg-pool\index.js:45:11
    at process.processTicksAndRejections (node:internal/process/task_queues:105:5)
    at async query (file:///C:/Users/ludin/Desktop/salidas/scanqueue/backend/src/config/database.js:25:18)
    at async Module.getScansToday (file:///C:/Users/ludin/Desktop/salidas/scanqueue/backend/src/models/Scan.js:23:15)
    at async Module.getScanStatistics (file:///C:/Users/ludin/Desktop/salidas/scanqueue/backend/src/services/ScanService.js:76:24)
    at async getDashboardStats (file:///C:/Users/ludin/Desktop/salidas/scanqueue/backend/src/controllers/DashboardController.js:12:19)
Path: /api/dashboard/stats

[2026-03-04T12:43:25.512Z] ERROR: 
Stack: AggregateError [ECONNREFUSED]: 
    at C:\Users\ludin\Desktop\salidas\scanqueue\backend\node_modules\pg-pool\index.js:45:11
    at process.processTicksAndRejections (node:internal/process/task_queues:105:5)
    at async query (file:///C:/Users/ludin/Desktop/salidas/scanqueue/backend/src/config/database.js:25:18)
    at async Module.getScansToday (file:///C:/Users/ludin/Desktop/salidas/scanqueue/backend/src/models/Scan.js:23:15)
    at async getTodaySummary (file:///C:/Users/ludin/Desktop/salidas/scanqueue/backend/src/controllers/DashboardController.js:30:24)
Path: /api/dashboard/today

[2026-03-04T12:43:25.893Z] ERROR: 
Stack: AggregateError [ECONNREFUSED]: 
    at C:\Users\ludin\Desktop\salidas\scanqueue\backend\node_modules\pg-pool\index.js:45:11
    at process.processTicksAndRejections (node:internal/process/task_queues:105:5)
    at async query (file:///C:/Users/ludin/Desktop/salidas/scanqueue/backend/src/config/database.js:25:18)
    at async Module.getScansToday (file:///C:/Users/ludin/Desktop/salidas/scanqueue/backend/src/models/Scan.js:23:15)
    at async Module.getScanStatistics (file:///C:/Users/ludin/Desktop/salidas/scanqueue/backend/src/services/ScanService.js:76:24)
    at async getDashboardStats (file:///C:/Users/ludin/Desktop/salidas/scanqueue/backend/src/controllers/DashboardController.js:12:19)
Path: /api/dashboard/stats

[2026-03-04T12:43:25.898Z] ERROR: 
Stack: AggregateError [ECONNREFUSED]: 
    at C:\Users\ludin\Desktop\salidas\scanqueue\backend\node_modules\pg-pool\index.js:45:11
    at process.processTicksAndRejections (node:internal/process/task_queues:105:5)
    at async query (file:///C:/Users/ludin/Desktop/salidas/scanqueue/backend/src/config/database.js:25:18)
    at async Module.getScansToday (file:///C:/Users/ludin/Desktop/salidas/scanqueue/backend/src/models/Scan.js:23:15)
    at async getTodaySummary (file:///C:/Users/ludin/Desktop/salidas/scanqueue/backend/src/controllers/DashboardController.js:30:24)
Path: /api/dashboard/today

[2026-03-04T12:43:26.240Z] ERROR: 
Stack: AggregateError [ECONNREFUSED]: 
    at C:\Users\ludin\Desktop\salidas\scanqueue\backend\node_modules\pg-pool\index.js:45:11
    at process.processTicksAndRejections (node:internal/process/task_queues:105:5)
    at async query (file:///C:/Users/ludin/Desktop/salidas/scanqueue/backend/src/config/database.js:25:18)
    at async Module.getScansToday (file:///C:/Users/ludin/Desktop/salidas/scanqueue/backend/src/models/Scan.js:23:15)
    at async Module.getScanStatistics (file:///C:/Users/ludin/Desktop/salidas/scanqueue/backend/src/services/ScanService.js:76:24)
    at async getDashboardStats (file:///C:/Users/ludin/Desktop/salidas/scanqueue/backend/src/controllers/DashboardController.js:12:19)
Path: /api/dashboard/stats

[2026-03-04T12:43:26.242Z] ERROR: 
Stack: AggregateError [ECONNREFUSED]: 
    at C:\Users\ludin\Desktop\salidas\scanqueue\backend\node_modules\pg-pool\index.js:45:11
    at process.processTicksAndRejections (node:internal/process/task_queues:105:5)
    at async query (file:///C:/Users/ludin/Desktop/salidas/scanqueue/backend/src/config/database.js:25:18)
    at async Module.getScansToday (file:///C:/Users/ludin/Desktop/salidas/scanqueue/backend/src/models/Scan.js:23:15)
    at async getTodaySummary (file:///C:/Users/ludin/Desktop/salidas/scanqueue/backend/src/controllers/DashboardController.js:30:24)
Path: /api/dashboard/today

[2026-03-04T12:43:26.524Z] ERROR: 
Stack: AggregateError [ECONNREFUSED]: 
    at C:\Users\ludin\Desktop\salidas\scanqueue\backend\node_modules\pg-pool\index.js:45:11
    at process.processTicksAndRejections (node:internal/process/task_queues:105:5)
    at async query (file:///C:/Users/ludin/Desktop/salidas/scanqueue/backend/src/config/database.js:25:18)
    at async Module.getScansToday (file:///C:/Users/ludin/Desktop/salidas/scanqueue/backend/src/models/Scan.js:23:15)
    at async Module.getScanStatistics (file:///C:/Users/ludin/Desktop/salidas/scanqueue/backend/src/services/ScanService.js:76:24)
    at async getDashboardStats (file:///C:/Users/ludin/Desktop/salidas/scanqueue/backend/src/controllers/DashboardController.js:12:19)
Path: /api/dashboard/stats

[2026-03-04T12:43:26.526Z] ERROR: 
Stack: AggregateError [ECONNREFUSED]: 
    at C:\Users\ludin\Desktop\salidas\scanqueue\backend\node_modules\pg-pool\index.js:45:11
    at process.processTicksAndRejections (node:internal/process/task_queues:105:5)
    at async query (file:///C:/Users/ludin/Desktop/salidas/scanqueue/backend/src/config/database.js:25:18)
    at async Module.getScansToday (file:///C:/Users/ludin/Desktop/salidas/scanqueue/backend/src/models/Scan.js:23:15)
    at async getTodaySummary (file:///C:/Users/ludin/Desktop/salidas/scanqueue/backend/src/controllers/DashboardController.js:30:24)
Path: /api/dashboard/today

[2026-03-04T12:43:27.020Z] ERROR: 
Stack: AggregateError [ECONNREFUSED]: 
    at C:\Users\ludin\Desktop\salidas\scanqueue\backend\node_modules\pg-pool\index.js:45:11
    at process.processTicksAndRejections (node:internal/process/task_queues:105:5)
    at async query (file:///C:/Users/ludin/Desktop/salidas/scanqueue/backend/src/config/database.js:25:18)
    at async Module.getScansToday (file:///C:/Users/ludin/Desktop/salidas/scanqueue/backend/src/models/Scan.js:23:15)
    at async Module.getScanStatistics (file:///C:/Users/ludin/Desktop/salidas/scanqueue/backend/src/services/ScanService.js:76:24)
    at async getDashboardStats (file:///C:/Users/ludin/Desktop/salidas/scanqueue/backend/src/controllers/DashboardController.js:12:19)
Path: /api/dashboard/stats

[2026-03-04T12:43:27.022Z] ERROR: 
Stack: AggregateError [ECONNREFUSED]: 
    at C:\Users\ludin\Desktop\salidas\scanqueue\backend\node_modules\pg-pool\index.js:45:11
    at process.processTicksAndRejections (node:internal/process/task_queues:105:5)
    at async query (file:///C:/Users/ludin/Desktop/salidas/scanqueue/backend/src/config/database.js:25:18)
    at async Module.getScansToday (file:///C:/Users/ludin/Desktop/salidas/scanqueue/backend/src/models/Scan.js:23:15)
    at async getTodaySummary (file:///C:/Users/ludin/Desktop/salidas/scanqueue/backend/src/controllers/DashboardController.js:30:24)
Path: /api/dashboard/today

[2026-03-04T12:43:27.385Z] ERROR: 
Stack: AggregateError [ECONNREFUSED]: 
    at C:\Users\ludin\Desktop\salidas\scanqueue\backend\node_modules\pg-pool\index.js:45:11
    at process.processTicksAndRejections (node:internal/process/task_queues:105:5)
    at async query (file:///C:/Users/ludin/Desktop/salidas/scanqueue/backend/src/config/database.js:25:18)
    at async Module.getScansToday (file:///C:/Users/ludin/Desktop/salidas/scanqueue/backend/src/models/Scan.js:23:15)
    at async Module.getScanStatistics (file:///C:/Users/ludin/Desktop/salidas/scanqueue/backend/src/services/ScanService.js:76:24)
    at async getDashboardStats (file:///C:/Users/ludin/Desktop/salidas/scanqueue/backend/src/controllers/DashboardController.js:12:19)
Path: /api/dashboard/stats

[2026-03-04T12:43:27.388Z] ERROR: 
Stack: AggregateError [ECONNREFUSED]: 
    at C:\Users\ludin\Desktop\salidas\scanqueue\backend\node_modules\pg-pool\index.js:45:11
    at process.processTicksAndRejections (node:internal/process/task_queues:105:5)
    at async query (file:///C:/Users/ludin/Desktop/salidas/scanqueue/backend/src/config/database.js:25:18)
    at async Module.getScansToday (file:///C:/Users/ludin/Desktop/salidas/scanqueue/backend/src/models/Scan.js:23:15)
    at async getTodaySummary (file:///C:/Users/ludin/Desktop/salidas/scanqueue/backend/src/controllers/DashboardController.js:30:24)
Path: /api/dashboard/today

[2026-03-04T12:43:27.675Z] ERROR: 
Stack: AggregateError [ECONNREFUSED]: 
    at C:\Users\ludin\Desktop\salidas\scanqueue\backend\node_modules\pg-pool\index.js:45:11
    at process.processTicksAndRejections (node:internal/process/task_queues:105:5)
    at async query (file:///C:/Users/ludin/Desktop/salidas/scanqueue/backend/src/config/database.js:25:18)
    at async Module.getScansToday (file:///C:/Users/ludin/Desktop/salidas/scanqueue/backend/src/models/Scan.js:23:15)
    at async Module.getScanStatistics (file:///C:/Users/ludin/Desktop/salidas/scanqueue/backend/src/services/ScanService.js:76:24)
    at async getDashboardStats (file:///C:/Users/ludin/Desktop/salidas/scanqueue/backend/src/controllers/DashboardController.js:12:19)
Path: /api/dashboard/stats

[2026-03-04T12:43:27.678Z] ERROR: 
Stack: AggregateError [ECONNREFUSED]: 
    at C:\Users\ludin\Desktop\salidas\scanqueue\backend\node_modules\pg-pool\index.js:45:11
    at process.processTicksAndRejections (node:internal/process/task_queues:105:5)
    at async query (file:///C:/Users/ludin/Desktop/salidas/scanqueue/backend/src/config/database.js:25:18)
    at async Module.getScansToday (file:///C:/Users/ludin/Desktop/salidas/scanqueue/backend/src/models/Scan.js:23:15)
    at async getTodaySummary (file:///C:/Users/ludin/Desktop/salidas/scanqueue/backend/src/controllers/DashboardController.js:30:24)
Path: /api/dashboard/today

[2026-03-04T12:43:28.052Z] ERROR: 
Stack: AggregateError [ECONNREFUSED]: 
    at C:\Users\ludin\Desktop\salidas\scanqueue\backend\node_modules\pg-pool\index.js:45:11
    at process.processTicksAndRejections (node:internal/process/task_queues:105:5)
    at async query (file:///C:/Users/ludin/Desktop/salidas/scanqueue/backend/src/config/database.js:25:18)
    at async Module.getScansToday (file:///C:/Users/ludin/Desktop/salidas/scanqueue/backend/src/models/Scan.js:23:15)
    at async Module.getScanStatistics (file:///C:/Users/ludin/Desktop/salidas/scanqueue/backend/src/services/ScanService.js:76:24)
    at async getDashboardStats (file:///C:/Users/ludin/Desktop/salidas/scanqueue/backend/src/controllers/DashboardController.js:12:19)
Path: /api/dashboard/stats

[2026-03-04T12:43:28.055Z] ERROR: 
Stack: AggregateError [ECONNREFUSED]: 
    at C:\Users\ludin\Desktop\salidas\scanqueue\backend\node_modules\pg-pool\index.js:45:11
    at process.processTicksAndRejections (node:internal/process/task_queues:105:5)
    at async query (file:///C:/Users/ludin/Desktop/salidas/scanqueue/backend/src/config/database.js:25:18)
    at async Module.getScansToday (file:///C:/Users/ludin/Desktop/salidas/scanqueue/backend/src/models/Scan.js:23:15)
    at async getTodaySummary (file:///C:/Users/ludin/Desktop/salidas/scanqueue/backend/src/controllers/DashboardController.js:30:24)
Path: /api/dashboard/today

[2026-03-04T12:43:28.505Z] ERROR: 
Stack: AggregateError [ECONNREFUSED]: 
    at C:\Users\ludin\Desktop\salidas\scanqueue\backend\node_modules\pg-pool\index.js:45:11
    at process.processTicksAndRejections (node:internal/process/task_queues:105:5)
    at async query (file:///C:/Users/ludin/Desktop/salidas/scanqueue/backend/src/config/database.js:25:18)
    at async Module.getScansToday (file:///C:/Users/ludin/Desktop/salidas/scanqueue/backend/src/models/Scan.js:23:15)
    at async Module.getScanStatistics (file:///C:/Users/ludin/Desktop/salidas/scanqueue/backend/src/services/ScanService.js:76:24)
    at async getDashboardStats (file:///C:/Users/ludin/Desktop/salidas/scanqueue/backend/src/controllers/DashboardController.js:12:19)
Path: /api/dashboard/stats

[2026-03-04T12:43:28.509Z] ERROR: 
Stack: AggregateError [ECONNREFUSED]: 
    at C:\Users\ludin\Desktop\salidas\scanqueue\backend\node_modules\pg-pool\index.js:45:11
    at process.processTicksAndRejections (node:internal/process/task_queues:105:5)
    at async query (file:///C:/Users/ludin/Desktop/salidas/scanqueue/backend/src/config/database.js:25:18)
    at async Module.getScansToday (file:///C:/Users/ludin/Desktop/salidas/scanqueue/backend/src/models/Scan.js:23:15)
    at async getTodaySummary (file:///C:/Users/ludin/Desktop/salidas/scanqueue/backend/src/controllers/DashboardController.js:30:24)
Path: /api/dashboard/today

[2026-03-04T12:43:28.908Z] ERROR: 
Stack: AggregateError [ECONNREFUSED]: 
    at C:\Users\ludin\Desktop\salidas\scanqueue\backend\node_modules\pg-pool\index.js:45:11
    at process.processTicksAndRejections (node:internal/process/task_queues:105:5)
    at async query (file:///C:/Users/ludin/Desktop/salidas/scanqueue/backend/src/config/database.js:25:18)
    at async Module.getScansToday (file:///C:/Users/ludin/Desktop/salidas/scanqueue/backend/src/models/Scan.js:23:15)
    at async Module.getScanStatistics (file:///C:/Users/ludin/Desktop/salidas/scanqueue/backend/src/services/ScanService.js:76:24)
    at async getDashboardStats (file:///C:/Users/ludin/Desktop/salidas/scanqueue/backend/src/controllers/DashboardController.js:12:19)
Path: /api/dashboard/stats

[2026-03-04T12:43:28.912Z] ERROR: 
Stack: AggregateError [ECONNREFUSED]: 
    at C:\Users\ludin\Desktop\salidas\scanqueue\backend\node_modules\pg-pool\index.js:45:11
    at process.processTicksAndRejections (node:internal/process/task_queues:105:5)
    at async query (file:///C:/Users/ludin/Desktop/salidas/scanqueue/backend/src/config/database.js:25:18)
    at async Module.getScansToday (file:///C:/Users/ludin/Desktop/salidas/scanqueue/backend/src/models/Scan.js:23:15)
    at async getTodaySummary (file:///C:/Users/ludin/Desktop/salidas/scanqueue/backend/src/controllers/DashboardController.js:30:24)
Path: /api/dashboard/today

[2026-03-04T12:43:29.394Z] ERROR: 
Stack: AggregateError [ECONNREFUSED]: 
    at C:\Users\ludin\Desktop\salidas\scanqueue\backend\node_modules\pg-pool\index.js:45:11
    at process.processTicksAndRejections (node:internal/process/task_queues:105:5)
    at async query (file:///C:/Users/ludin/Desktop/salidas/scanqueue/backend/src/config/database.js:25:18)
    at async Module.getScansToday (file:///C:/Users/ludin/Desktop/salidas/scanqueue/backend/src/models/Scan.js:23:15)
    at async Module.getScanStatistics (file:///C:/Users/ludin/Desktop/salidas/scanqueue/backend/src/services/ScanService.js:76:24)
    at async getDashboardStats (file:///C:/Users/ludin/Desktop/salidas/scanqueue/backend/src/controllers/DashboardController.js:12:19)
Path: /api/dashboard/stats

[2026-03-04T12:43:29.396Z] ERROR: 
Stack: AggregateError [ECONNREFUSED]: 
    at C:\Users\ludin\Desktop\salidas\scanqueue\backend\node_modules\pg-pool\index.js:45:11
    at process.processTicksAndRejections (node:internal/process/task_queues:105:5)
    at async query (file:///C:/Users/ludin/Desktop/salidas/scanqueue/backend/src/config/database.js:25:18)
    at async Module.getScansToday (file:///C:/Users/ludin/Desktop/salidas/scanqueue/backend/src/models/Scan.js:23:15)
    at async getTodaySummary (file:///C:/Users/ludin/Desktop/salidas/scanqueue/backend/src/controllers/DashboardController.js:30:24)
Path: /api/dashboard/today

[2026-03-04T12:43:30.565Z] ERROR: 
Stack: AggregateError [ECONNREFUSED]: 
    at C:\Users\ludin\Desktop\salidas\scanqueue\backend\node_modules\pg-pool\index.js:45:11
    at process.processTicksAndRejections (node:internal/process/task_queues:105:5)
    at async query (file:///C:/Users/ludin/Desktop/salidas/scanqueue/backend/src/config/database.js:25:18)
    at async Module.getScansToday (file:///C:/Users/ludin/Desktop/salidas/scanqueue/backend/src/models/Scan.js:23:15)
    at async Module.getScanStatistics (file:///C:/Users/ludin/Desktop/salidas/scanqueue/backend/src/services/ScanService.js:76:24)
    at async getDashboardStats (file:///C:/Users/ludin/Desktop/salidas/scanqueue/backend/src/controllers/DashboardController.js:12:19)
Path: /api/dashboard/stats

[2026-03-04T12:43:30.642Z] ERROR: 
Stack: AggregateError [ECONNREFUSED]: 
    at C:\Users\ludin\Desktop\salidas\scanqueue\backend\node_modules\pg-pool\index.js:45:11
    at process.processTicksAndRejections (node:internal/process/task_queues:105:5)
    at async query (file:///C:/Users/ludin/Desktop/salidas/scanqueue/backend/src/config/database.js:25:18)
    at async Module.getScansToday (file:///C:/Users/ludin/Desktop/salidas/scanqueue/backend/src/models/Scan.js:23:15)
    at async getTodaySummary (file:///C:/Users/ludin/Desktop/salidas/scanqueue/backend/src/controllers/DashboardController.js:30:24)
Path: /api/dashboard/today

[2026-03-04T12:43:31.201Z] ERROR: 
Stack: AggregateError [ECONNREFUSED]: 
    at C:\Users\ludin\Desktop\salidas\scanqueue\backend\node_modules\pg-pool\index.js:45:11
    at process.processTicksAndRejections (node:internal/process/task_queues:105:5)
    at async query (file:///C:/Users/ludin/Desktop/salidas/scanqueue/backend/src/config/database.js:25:18)
    at async Module.getScansToday (file:///C:/Users/ludin/Desktop/salidas/scanqueue/backend/src/models/Scan.js:23:15)
    at async Module.getScanStatistics (file:///C:/Users/ludin/Desktop/salidas/scanqueue/backend/src/services/ScanService.js:76:24)
    at async getDashboardStats (file:///C:/Users/ludin/Desktop/salidas/scanqueue/backend/src/controllers/DashboardController.js:12:19)
Path: /api/dashboard/stats

[2026-03-04T12:43:31.210Z] ERROR: 
Stack: AggregateError [ECONNREFUSED]: 
    at C:\Users\ludin\Desktop\salidas\scanqueue\backend\node_modules\pg-pool\index.js:45:11
    at process.processTicksAndRejections (node:internal/process/task_queues:105:5)
    at async query (file:///C:/Users/ludin/Desktop/salidas/scanqueue/backend/src/config/database.js:25:18)
    at async Module.getScansToday (file:///C:/Users/ludin/Desktop/salidas/scanqueue/backend/src/models/Scan.js:23:15)
    at async getTodaySummary (file:///C:/Users/ludin/Desktop/salidas/scanqueue/backend/src/controllers/DashboardController.js:30:24)
Path: /api/dashboard/today

[2026-03-04T12:43:31.774Z] ERROR: 
Stack: AggregateError [ECONNREFUSED]: 
    at C:\Users\ludin\Desktop\salidas\scanqueue\backend\node_modules\pg-pool\index.js:45:11
    at process.processTicksAndRejections (node:internal/process/task_queues:105:5)
    at async query (file:///C:/Users/ludin/Desktop/salidas/scanqueue/backend/src/config/database.js:25:18)
    at async Module.getScansToday (file:///C:/Users/ludin/Desktop/salidas/scanqueue/backend/src/models/Scan.js:23:15)
    at async Module.getScanStatistics (file:///C:/Users/ludin/Desktop/salidas/scanqueue/backend/src/services/ScanService.js:76:24)
    at async getDashboardStats (file:///C:/Users/ludin/Desktop/salidas/scanqueue/backend/src/controllers/DashboardController.js:12:19)
Path: /api/dashboard/stats

[2026-03-04T12:43:31.776Z] ERROR: 
Stack: AggregateError [ECONNREFUSED]: 
    at C:\Users\ludin\Desktop\salidas\scanqueue\backend\node_modules\pg-pool\index.js:45:11
    at process.processTicksAndRejections (node:internal/process/task_queues:105:5)
    at async query (file:///C:/Users/ludin/Desktop/salidas/scanqueue/backend/src/config/database.js:25:18)
    at async Module.getScansToday (file:///C:/Users/ludin/Desktop/salidas/scanqueue/backend/src/models/Scan.js:23:15)
    at async getTodaySummary (file:///C:/Users/ludin/Desktop/salidas/scanqueue/backend/src/controllers/DashboardController.js:30:24)
Path: /api/dashboard/today

[2026-03-04T12:43:32.177Z] ERROR: 
Stack: AggregateError [ECONNREFUSED]: 
    at C:\Users\ludin\Desktop\salidas\scanqueue\backend\node_modules\pg-pool\index.js:45:11
    at process.processTicksAndRejections (node:internal/process/task_queues:105:5)
    at async query (file:///C:/Users/ludin/Desktop/salidas/scanqueue/backend/src/config/database.js:25:18)
    at async Module.getScansToday (file:///C:/Users/ludin/Desktop/salidas/scanqueue/backend/src/models/Scan.js:23:15)
    at async Module.getScanStatistics (file:///C:/Users/ludin/Desktop/salidas/scanqueue/backend/src/services/ScanService.js:76:24)
    at async getDashboardStats (file:///C:/Users/ludin/Desktop/salidas/scanqueue/backend/src/controllers/DashboardController.js:12:19)
Path: /api/dashboard/stats

[2026-03-04T12:43:32.181Z] ERROR: 
Stack: AggregateError [ECONNREFUSED]: 
    at C:\Users\ludin\Desktop\salidas\scanqueue\backend\node_modules\pg-pool\index.js:45:11
    at process.processTicksAndRejections (node:internal/process/task_queues:105:5)
    at async query (file:///C:/Users/ludin/Desktop/salidas/scanqueue/backend/src/config/database.js:25:18)
    at async Module.getScansToday (file:///C:/Users/ludin/Desktop/salidas/scanqueue/backend/src/models/Scan.js:23:15)
    at async getTodaySummary (file:///C:/Users/ludin/Desktop/salidas/scanqueue/backend/src/controllers/DashboardController.js:30:24)
Path: /api/dashboard/today

[2026-03-04T12:43:32.468Z] ERROR: 
Stack: AggregateError [ECONNREFUSED]: 
    at C:\Users\ludin\Desktop\salidas\scanqueue\backend\node_modules\pg-pool\index.js:45:11
    at process.processTicksAndRejections (node:internal/process/task_queues:105:5)
    at async query (file:///C:/Users/ludin/Desktop/salidas/scanqueue/backend/src/config/database.js:25:18)
    at async Module.getScansToday (file:///C:/Users/ludin/Desktop/salidas/scanqueue/backend/src/models/Scan.js:23:15)
    at async Module.getScanStatistics (file:///C:/Users/ludin/Desktop/salidas/scanqueue/backend/src/services/ScanService.js:76:24)
    at async getDashboardStats (file:///C:/Users/ludin/Desktop/salidas/scanqueue/backend/src/controllers/DashboardController.js:12:19)
Path: /api/dashboard/stats

[2026-03-04T12:43:32.471Z] ERROR: 
Stack: AggregateError [ECONNREFUSED]: 
    at C:\Users\ludin\Desktop\salidas\scanqueue\backend\node_modules\pg-pool\index.js:45:11
    at process.processTicksAndRejections (node:internal/process/task_queues:105:5)
    at async query (file:///C:/Users/ludin/Desktop/salidas/scanqueue/backend/src/config/database.js:25:18)
    at async Module.getScansToday (file:///C:/Users/ludin/Desktop/salidas/scanqueue/backend/src/models/Scan.js:23:15)
    at async getTodaySummary (file:///C:/Users/ludin/Desktop/salidas/scanqueue/backend/src/controllers/DashboardController.js:30:24)
Path: /api/dashboard/today

[2026-03-04T12:43:32.919Z] ERROR: 
Stack: AggregateError [ECONNREFUSED]: 
    at C:\Users\ludin\Desktop\salidas\scanqueue\backend\node_modules\pg-pool\index.js:45:11
    at process.processTicksAndRejections (node:internal/process/task_queues:105:5)
    at async query (file:///C:/Users/ludin/Desktop/salidas/scanqueue/backend/src/config/database.js:25:18)
    at async Module.getScansToday (file:///C:/Users/ludin/Desktop/salidas/scanqueue/backend/src/models/Scan.js:23:15)
    at async Module.getScanStatistics (file:///C:/Users/ludin/Desktop/salidas/scanqueue/backend/src/services/ScanService.js:76:24)
    at async getDashboardStats (file:///C:/Users/ludin/Desktop/salidas/scanqueue/backend/src/controllers/DashboardController.js:12:19)
Path: /api/dashboard/stats

[2026-03-04T12:43:32.922Z] ERROR: 
Stack: AggregateError [ECONNREFUSED]: 
    at C:\Users\ludin\Desktop\salidas\scanqueue\backend\node_modules\pg-pool\index.js:45:11
    at process.processTicksAndRejections (node:internal/process/task_queues:105:5)
    at async query (file:///C:/Users/ludin/Desktop/salidas/scanqueue/backend/src/config/database.js:25:18)
    at async Module.getScansToday (file:///C:/Users/ludin/Desktop/salidas/scanqueue/backend/src/models/Scan.js:23:15)
    at async getTodaySummary (file:///C:/Users/ludin/Desktop/salidas/scanqueue/backend/src/controllers/DashboardController.js:30:24)
Path: /api/dashboard/today

[2026-03-04T12:43:33.324Z] ERROR: 
Stack: AggregateError [ECONNREFUSED]: 
    at C:\Users\ludin\Desktop\salidas\scanqueue\backend\node_modules\pg-pool\index.js:45:11
    at process.processTicksAndRejections (node:internal/process/task_queues:105:5)
    at async query (file:///C:/Users/ludin/Desktop/salidas/scanqueue/backend/src/config/database.js:25:18)
    at async Module.getScansToday (file:///C:/Users/ludin/Desktop/salidas/scanqueue/backend/src/models/Scan.js:23:15)
    at async Module.getScanStatistics (file:///C:/Users/ludin/Desktop/salidas/scanqueue/backend/src/services/ScanService.js:76:24)
    at async getDashboardStats (file:///C:/Users/ludin/Desktop/salidas/scanqueue/backend/src/controllers/DashboardController.js:12:19)
Path: /api/dashboard/stats

[2026-03-04T12:43:33.328Z] ERROR: 
Stack: AggregateError [ECONNREFUSED]: 
    at C:\Users\ludin\Desktop\salidas\scanqueue\backend\node_modules\pg-pool\index.js:45:11
    at process.processTicksAndRejections (node:internal/process/task_queues:105:5)
    at async query (file:///C:/Users/ludin/Desktop/salidas/scanqueue/backend/src/config/database.js:25:18)
    at async Module.getScansToday (file:///C:/Users/ludin/Desktop/salidas/scanqueue/backend/src/models/Scan.js:23:15)
    at async getTodaySummary (file:///C:/Users/ludin/Desktop/salidas/scanqueue/backend/src/controllers/DashboardController.js:30:24)
Path: /api/dashboard/today

[2026-03-04T12:43:33.618Z] ERROR: 
Stack: AggregateError [ECONNREFUSED]: 
    at C:\Users\ludin\Desktop\salidas\scanqueue\backend\node_modules\pg-pool\index.js:45:11
    at process.processTicksAndRejections (node:internal/process/task_queues:105:5)
    at async query (file:///C:/Users/ludin/Desktop/salidas/scanqueue/backend/src/config/database.js:25:18)
    at async Module.getScansToday (file:///C:/Users/ludin/Desktop/salidas/scanqueue/backend/src/models/Scan.js:23:15)
    at async Module.getScanStatistics (file:///C:/Users/ludin/Desktop/salidas/scanqueue/backend/src/services/ScanService.js:76:24)
    at async getDashboardStats (file:///C:/Users/ludin/Desktop/salidas/scanqueue/backend/src/controllers/DashboardController.js:12:19)
Path: /api/dashboard/stats

[2026-03-04T12:43:33.621Z] ERROR: 
Stack: AggregateError [ECONNREFUSED]: 
    at C:\Users\ludin\Desktop\salidas\scanqueue\backend\node_modules\pg-pool\index.js:45:11
    at process.processTicksAndRejections (node:internal/process/task_queues:105:5)
    at async query (file:///C:/Users/ludin/Desktop/salidas/scanqueue/backend/src/config/database.js:25:18)
    at async Module.getScansToday (file:///C:/Users/ludin/Desktop/salidas/scanqueue/backend/src/models/Scan.js:23:15)
    at async getTodaySummary (file:///C:/Users/ludin/Desktop/salidas/scanqueue/backend/src/controllers/DashboardController.js:30:24)
Path: /api/dashboard/today

[2026-03-04T12:43:34.084Z] ERROR: 
Stack: AggregateError [ECONNREFUSED]: 
    at C:\Users\ludin\Desktop\salidas\scanqueue\backend\node_modules\pg-pool\index.js:45:11
    at process.processTicksAndRejections (node:internal/process/task_queues:105:5)
    at async query (file:///C:/Users/ludin/Desktop/salidas/scanqueue/backend/src/config/database.js:25:18)
    at async Module.getScansToday (file:///C:/Users/ludin/Desktop/salidas/scanqueue/backend/src/models/Scan.js:23:15)
    at async Module.getScanStatistics (file:///C:/Users/ludin/Desktop/salidas/scanqueue/backend/src/services/ScanService.js:76:24)
    at async getDashboardStats (file:///C:/Users/ludin/Desktop/salidas/scanqueue/backend/src/controllers/DashboardController.js:12:19)
Path: /api/dashboard/stats

[2026-03-04T12:43:34.086Z] ERROR: 
Stack: AggregateError [ECONNREFUSED]: 
    at C:\Users\ludin\Desktop\salidas\scanqueue\backend\node_modules\pg-pool\index.js:45:11
    at process.processTicksAndRejections (node:internal/process/task_queues:105:5)
    at async query (file:///C:/Users/ludin/Desktop/salidas/scanqueue/backend/src/config/database.js:25:18)
    at async Module.getScansToday (file:///C:/Users/ludin/Desktop/salidas/scanqueue/backend/src/models/Scan.js:23:15)
    at async getTodaySummary (file:///C:/Users/ludin/Desktop/salidas/scanqueue/backend/src/controllers/DashboardController.js:30:24)
Path: /api/dashboard/today

[2026-03-04T12:43:34.430Z] ERROR: 
Stack: AggregateError [ECONNREFUSED]: 
    at C:\Users\ludin\Desktop\salidas\scanqueue\backend\node_modules\pg-pool\index.js:45:11
    at process.processTicksAndRejections (node:internal/process/task_queues:105:5)
    at async query (file:///C:/Users/ludin/Desktop/salidas/scanqueue/backend/src/config/database.js:25:18)
    at async Module.getScansToday (file:///C:/Users/ludin/Desktop/salidas/scanqueue/backend/src/models/Scan.js:23:15)
    at async Module.getScanStatistics (file:///C:/Users/ludin/Desktop/salidas/scanqueue/backend/src/services/ScanService.js:76:24)
    at async getDashboardStats (file:///C:/Users/ludin/Desktop/salidas/scanqueue/backend/src/controllers/DashboardController.js:12:19)
Path: /api/dashboard/stats

[2026-03-04T12:43:34.435Z] ERROR: 
Stack: AggregateError [ECONNREFUSED]: 
    at C:\Users\ludin\Desktop\salidas\scanqueue\backend\node_modules\pg-pool\index.js:45:11
    at process.processTicksAndRejections (node:internal/process/task_queues:105:5)
    at async query (file:///C:/Users/ludin/Desktop/salidas/scanqueue/backend/src/config/database.js:25:18)
    at async Module.getScansToday (file:///C:/Users/ludin/Desktop/salidas/scanqueue/backend/src/models/Scan.js:23:15)
    at async getTodaySummary (file:///C:/Users/ludin/Desktop/salidas/scanqueue/backend/src/controllers/DashboardController.js:30:24)
Path: /api/dashboard/today

[2026-03-04T12:43:34.712Z] ERROR: 
Stack: AggregateError [ECONNREFUSED]: 
    at C:\Users\ludin\Desktop\salidas\scanqueue\backend\node_modules\pg-pool\index.js:45:11
    at process.processTicksAndRejections (node:internal/process/task_queues:105:5)
    at async query (file:///C:/Users/ludin/Desktop/salidas/scanqueue/backend/src/config/database.js:25:18)
    at async Module.getScansToday (file:///C:/Users/ludin/Desktop/salidas/scanqueue/backend/src/models/Scan.js:23:15)
    at async Module.getScanStatistics (file:///C:/Users/ludin/Desktop/salidas/scanqueue/backend/src/services/ScanService.js:76:24)
    at async getDashboardStats (file:///C:/Users/ludin/Desktop/salidas/scanqueue/backend/src/controllers/DashboardController.js:12:19)
Path: /api/dashboard/stats

[2026-03-04T12:43:34.716Z] ERROR: 
Stack: AggregateError [ECONNREFUSED]: 
    at C:\Users\ludin\Desktop\salidas\scanqueue\backend\node_modules\pg-pool\index.js:45:11
    at process.processTicksAndRejections (node:internal/process/task_queues:105:5)
    at async query (file:///C:/Users/ludin/Desktop/salidas/scanqueue/backend/src/config/database.js:25:18)
    at async Module.getScansToday (file:///C:/Users/ludin/Desktop/salidas/scanqueue/backend/src/models/Scan.js:23:15)
    at async getTodaySummary (file:///C:/Users/ludin/Desktop/salidas/scanqueue/backend/src/controllers/DashboardController.js:30:24)
Path: /api/dashboard/today

[2026-03-04T12:43:35.117Z] ERROR: 
Stack: AggregateError [ECONNREFUSED]: 
    at C:\Users\ludin\Desktop\salidas\scanqueue\backend\node_modules\pg-pool\index.js:45:11
    at process.processTicksAndRejections (node:internal/process/task_queues:105:5)
    at async query (file:///C:/Users/ludin/Desktop/salidas/scanqueue/backend/src/config/database.js:25:18)
    at async Module.getScansToday (file:///C:/Users/ludin/Desktop/salidas/scanqueue/backend/src/models/Scan.js:23:15)
    at async Module.getScanStatistics (file:///C:/Users/ludin/Desktop/salidas/scanqueue/backend/src/services/ScanService.js:76:24)
    at async getDashboardStats (file:///C:/Users/ludin/Desktop/salidas/scanqueue/backend/src/controllers/DashboardController.js:12:19)
Path: /api/dashboard/stats

[2026-03-04T12:43:35.119Z] ERROR: 
Stack: AggregateError [ECONNREFUSED]: 
    at C:\Users\ludin\Desktop\salidas\scanqueue\backend\node_modules\pg-pool\index.js:45:11
    at process.processTicksAndRejections (node:internal/process/task_queues:105:5)
    at async query (file:///C:/Users/ludin/Desktop/salidas/scanqueue/backend/src/config/database.js:25:18)
    at async Module.getScansToday (file:///C:/Users/ludin/Desktop/salidas/scanqueue/backend/src/models/Scan.js:23:15)
    at async getTodaySummary (file:///C:/Users/ludin/Desktop/salidas/scanqueue/backend/src/controllers/DashboardController.js:30:24)
Path: /api/dashboard/today

[2026-03-04T12:43:35.451Z] ERROR: 
Stack: AggregateError [ECONNREFUSED]: 
    at C:\Users\ludin\Desktop\salidas\scanqueue\backend\node_modules\pg-pool\index.js:45:11
    at process.processTicksAndRejections (node:internal/process/task_queues:105:5)
    at async query (file:///C:/Users/ludin/Desktop/salidas/scanqueue/backend/src/config/database.js:25:18)
    at async Module.getScansToday (file:///C:/Users/ludin/Desktop/salidas/scanqueue/backend/src/models/Scan.js:23:15)
    at async Module.getScanStatistics (file:///C:/Users/ludin/Desktop/salidas/scanqueue/backend/src/services/ScanService.js:76:24)
    at async getDashboardStats (file:///C:/Users/ludin/Desktop/salidas/scanqueue/backend/src/controllers/DashboardController.js:12:19)
Path: /api/dashboard/stats

[2026-03-04T12:43:35.454Z] ERROR: 
Stack: AggregateError [ECONNREFUSED]: 
    at C:\Users\ludin\Desktop\salidas\scanqueue\backend\node_modules\pg-pool\index.js:45:11
    at process.processTicksAndRejections (node:internal/process/task_queues:105:5)
    at async query (file:///C:/Users/ludin/Desktop/salidas/scanqueue/backend/src/config/database.js:25:18)
    at async Module.getScansToday (file:///C:/Users/ludin/Desktop/salidas/scanqueue/backend/src/models/Scan.js:23:15)
    at async getTodaySummary (file:///C:/Users/ludin/Desktop/salidas/scanqueue/backend/src/controllers/DashboardController.js:30:24)
Path: /api/dashboard/today

[2026-03-04T12:43:35.781Z] ERROR: 
Stack: AggregateError [ECONNREFUSED]: 
    at C:\Users\ludin\Desktop\salidas\scanqueue\backend\node_modules\pg-pool\index.js:45:11
    at process.processTicksAndRejections (node:internal/process/task_queues:105:5)
    at async query (file:///C:/Users/ludin/Desktop/salidas/scanqueue/backend/src/config/database.js:25:18)
    at async Module.getScansToday (file:///C:/Users/ludin/Desktop/salidas/scanqueue/backend/src/models/Scan.js:23:15)
    at async Module.getScanStatistics (file:///C:/Users/ludin/Desktop/salidas/scanqueue/backend/src/services/ScanService.js:76:24)
    at async getDashboardStats (file:///C:/Users/ludin/Desktop/salidas/scanqueue/backend/src/controllers/DashboardController.js:12:19)
Path: /api/dashboard/stats

[2026-03-04T12:43:35.785Z] ERROR: 
Stack: AggregateError [ECONNREFUSED]: 
    at C:\Users\ludin\Desktop\salidas\scanqueue\backend\node_modules\pg-pool\index.js:45:11
    at process.processTicksAndRejections (node:internal/process/task_queues:105:5)
    at async query (file:///C:/Users/ludin/Desktop/salidas/scanqueue/backend/src/config/database.js:25:18)
    at async Module.getScansToday (file:///C:/Users/ludin/Desktop/salidas/scanqueue/backend/src/models/Scan.js:23:15)
    at async getTodaySummary (file:///C:/Users/ludin/Desktop/salidas/scanqueue/backend/src/controllers/DashboardController.js:30:24)
Path: /api/dashboard/today

[2026-03-04T12:43:36.183Z] ERROR: 
Stack: AggregateError [ECONNREFUSED]: 
    at C:\Users\ludin\Desktop\salidas\scanqueue\backend\node_modules\pg-pool\index.js:45:11
    at process.processTicksAndRejections (node:internal/process/task_queues:105:5)
    at async query (file:///C:/Users/ludin/Desktop/salidas/scanqueue/backend/src/config/database.js:25:18)
    at async Module.getScansToday (file:///C:/Users/ludin/Desktop/salidas/scanqueue/backend/src/models/Scan.js:23:15)
    at async Module.getScanStatistics (file:///C:/Users/ludin/Desktop/salidas/scanqueue/backend/src/services/ScanService.js:76:24)
    at async getDashboardStats (file:///C:/Users/ludin/Desktop/salidas/scanqueue/backend/src/controllers/DashboardController.js:12:19)
Path: /api/dashboard/stats

[2026-03-04T12:43:36.186Z] ERROR: 
Stack: AggregateError [ECONNREFUSED]: 
    at C:\Users\ludin\Desktop\salidas\scanqueue\backend\node_modules\pg-pool\index.js:45:11
    at process.processTicksAndRejections (node:internal/process/task_queues:105:5)
    at async query (file:///C:/Users/ludin/Desktop/salidas/scanqueue/backend/src/config/database.js:25:18)
    at async Module.getScansToday (file:///C:/Users/ludin/Desktop/salidas/scanqueue/backend/src/models/Scan.js:23:15)
    at async getTodaySummary (file:///C:/Users/ludin/Desktop/salidas/scanqueue/backend/src/controllers/DashboardController.js:30:24)
Path: /api/dashboard/today

[2026-03-04T12:43:36.515Z] ERROR: 
Stack: AggregateError [ECONNREFUSED]: 
    at C:\Users\ludin\Desktop\salidas\scanqueue\backend\node_modules\pg-pool\index.js:45:11
    at process.processTicksAndRejections (node:internal/process/task_queues:105:5)
    at async query (file:///C:/Users/ludin/Desktop/salidas/scanqueue/backend/src/config/database.js:25:18)
    at async Module.getScansToday (file:///C:/Users/ludin/Desktop/salidas/scanqueue/backend/src/models/Scan.js:23:15)
    at async Module.getScanStatistics (file:///C:/Users/ludin/Desktop/salidas/scanqueue/backend/src/services/ScanService.js:76:24)
    at async getDashboardStats (file:///C:/Users/ludin/Desktop/salidas/scanqueue/backend/src/controllers/DashboardController.js:12:19)
Path: /api/dashboard/stats

[2026-03-04T12:43:36.519Z] ERROR: 
Stack: AggregateError [ECONNREFUSED]: 
    at C:\Users\ludin\Desktop\salidas\scanqueue\backend\node_modules\pg-pool\index.js:45:11
    at process.processTicksAndRejections (node:internal/process/task_queues:105:5)
    at async query (file:///C:/Users/ludin/Desktop/salidas/scanqueue/backend/src/config/database.js:25:18)
    at async Module.getScansToday (file:///C:/Users/ludin/Desktop/salidas/scanqueue/backend/src/models/Scan.js:23:15)
    at async getTodaySummary (file:///C:/Users/ludin/Desktop/salidas/scanqueue/backend/src/controllers/DashboardController.js:30:24)
Path: /api/dashboard/today

[2026-03-04T12:43:36.871Z] ERROR: 
Stack: AggregateError [ECONNREFUSED]: 
    at C:\Users\ludin\Desktop\salidas\scanqueue\backend\node_modules\pg-pool\index.js:45:11
    at process.processTicksAndRejections (node:internal/process/task_queues:105:5)
    at async query (file:///C:/Users/ludin/Desktop/salidas/scanqueue/backend/src/config/database.js:25:18)
    at async Module.getScansToday (file:///C:/Users/ludin/Desktop/salidas/scanqueue/backend/src/models/Scan.js:23:15)
    at async Module.getScanStatistics (file:///C:/Users/ludin/Desktop/salidas/scanqueue/backend/src/services/ScanService.js:76:24)
    at async getDashboardStats (file:///C:/Users/ludin/Desktop/salidas/scanqueue/backend/src/controllers/DashboardController.js:12:19)
Path: /api/dashboard/stats

[2026-03-04T12:43:36.876Z] ERROR: 
Stack: AggregateError [ECONNREFUSED]: 
    at C:\Users\ludin\Desktop\salidas\scanqueue\backend\node_modules\pg-pool\index.js:45:11
    at process.processTicksAndRejections (node:internal/process/task_queues:105:5)
    at async query (file:///C:/Users/ludin/Desktop/salidas/scanqueue/backend/src/config/database.js:25:18)
    at async Module.getScansToday (file:///C:/Users/ludin/Desktop/salidas/scanqueue/backend/src/models/Scan.js:23:15)
    at async getTodaySummary (file:///C:/Users/ludin/Desktop/salidas/scanqueue/backend/src/controllers/DashboardController.js:30:24)
Path: /api/dashboard/today

[2026-03-04T12:43:37.259Z] ERROR: 
Stack: AggregateError [ECONNREFUSED]: 
    at C:\Users\ludin\Desktop\salidas\scanqueue\backend\node_modules\pg-pool\index.js:45:11
    at process.processTicksAndRejections (node:internal/process/task_queues:105:5)
    at async query (file:///C:/Users/ludin/Desktop/salidas/scanqueue/backend/src/config/database.js:25:18)
    at async Module.getScansToday (file:///C:/Users/ludin/Desktop/salidas/scanqueue/backend/src/models/Scan.js:23:15)
    at async Module.getScanStatistics (file:///C:/Users/ludin/Desktop/salidas/scanqueue/backend/src/services/ScanService.js:76:24)
    at async getDashboardStats (file:///C:/Users/ludin/Desktop/salidas/scanqueue/backend/src/controllers/DashboardController.js:12:19)
Path: /api/dashboard/stats

[2026-03-04T12:43:37.262Z] ERROR: 
Stack: AggregateError [ECONNREFUSED]: 
    at C:\Users\ludin\Desktop\salidas\scanqueue\backend\node_modules\pg-pool\index.js:45:11
    at process.processTicksAndRejections (node:internal/process/task_queues:105:5)
    at async query (file:///C:/Users/ludin/Desktop/salidas/scanqueue/backend/src/config/database.js:25:18)
    at async Module.getScansToday (file:///C:/Users/ludin/Desktop/salidas/scanqueue/backend/src/models/Scan.js:23:15)
    at async getTodaySummary (file:///C:/Users/ludin/Desktop/salidas/scanqueue/backend/src/controllers/DashboardController.js:30:24)
Path: /api/dashboard/today

[2026-03-04T12:43:37.644Z] ERROR: 
Stack: AggregateError [ECONNREFUSED]: 
    at C:\Users\ludin\Desktop\salidas\scanqueue\backend\node_modules\pg-pool\index.js:45:11
    at process.processTicksAndRejections (node:internal/process/task_queues:105:5)
    at async query (file:///C:/Users/ludin/Desktop/salidas/scanqueue/backend/src/config/database.js:25:18)
    at async Module.getScansToday (file:///C:/Users/ludin/Desktop/salidas/scanqueue/backend/src/models/Scan.js:23:15)
    at async Module.getScanStatistics (file:///C:/Users/ludin/Desktop/salidas/scanqueue/backend/src/services/ScanService.js:76:24)
    at async getDashboardStats (file:///C:/Users/ludin/Desktop/salidas/scanqueue/backend/src/controllers/DashboardController.js:12:19)
Path: /api/dashboard/stats

[2026-03-04T12:43:37.649Z] ERROR: 
Stack: AggregateError [ECONNREFUSED]: 
    at C:\Users\ludin\Desktop\salidas\scanqueue\backend\node_modules\pg-pool\index.js:45:11
    at process.processTicksAndRejections (node:internal/process/task_queues:105:5)
    at async query (file:///C:/Users/ludin/Desktop/salidas/scanqueue/backend/src/config/database.js:25:18)
    at async Module.getScansToday (file:///C:/Users/ludin/Desktop/salidas/scanqueue/backend/src/models/Scan.js:23:15)
    at async getTodaySummary (file:///C:/Users/ludin/Desktop/salidas/scanqueue/backend/src/controllers/DashboardController.js:30:24)
Path: /api/dashboard/today

[2026-03-04T12:43:37.967Z] ERROR: 
Stack: AggregateError [ECONNREFUSED]: 
    at C:\Users\ludin\Desktop\salidas\scanqueue\backend\node_modules\pg-pool\index.js:45:11
    at process.processTicksAndRejections (node:internal/process/task_queues:105:5)
    at async query (file:///C:/Users/ludin/Desktop/salidas/scanqueue/backend/src/config/database.js:25:18)
    at async Module.getScansToday (file:///C:/Users/ludin/Desktop/salidas/scanqueue/backend/src/models/Scan.js:23:15)
    at async Module.getScanStatistics (file:///C:/Users/ludin/Desktop/salidas/scanqueue/backend/src/services/ScanService.js:76:24)
    at async getDashboardStats (file:///C:/Users/ludin/Desktop/salidas/scanqueue/backend/src/controllers/DashboardController.js:12:19)
Path: /api/dashboard/stats

[2026-03-04T12:43:37.969Z] ERROR: 
Stack: AggregateError [ECONNREFUSED]: 
    at C:\Users\ludin\Desktop\salidas\scanqueue\backend\node_modules\pg-pool\index.js:45:11
    at process.processTicksAndRejections (node:internal/process/task_queues:105:5)
    at async query (file:///C:/Users/ludin/Desktop/salidas/scanqueue/backend/src/config/database.js:25:18)
    at async Module.getScansToday (file:///C:/Users/ludin/Desktop/salidas/scanqueue/backend/src/models/Scan.js:23:15)
    at async getTodaySummary (file:///C:/Users/ludin/Desktop/salidas/scanqueue/backend/src/controllers/DashboardController.js:30:24)
Path: /api/dashboard/today

[2026-03-04T12:43:38.410Z] ERROR: 
Stack: AggregateError [ECONNREFUSED]: 
    at C:\Users\ludin\Desktop\salidas\scanqueue\backend\node_modules\pg-pool\index.js:45:11
    at process.processTicksAndRejections (node:internal/process/task_queues:105:5)
    at async query (file:///C:/Users/ludin/Desktop/salidas/scanqueue/backend/src/config/database.js:25:18)
    at async Module.getScansToday (file:///C:/Users/ludin/Desktop/salidas/scanqueue/backend/src/models/Scan.js:23:15)
    at async Module.getScanStatistics (file:///C:/Users/ludin/Desktop/salidas/scanqueue/backend/src/services/ScanService.js:76:24)
    at async getDashboardStats (file:///C:/Users/ludin/Desktop/salidas/scanqueue/backend/src/controllers/DashboardController.js:12:19)
Path: /api/dashboard/stats

[2026-03-04T12:43:38.414Z] ERROR: 
Stack: AggregateError [ECONNREFUSED]: 
    at C:\Users\ludin\Desktop\salidas\scanqueue\backend\node_modules\pg-pool\index.js:45:11
    at process.processTicksAndRejections (node:internal/process/task_queues:105:5)
    at async query (file:///C:/Users/ludin/Desktop/salidas/scanqueue/backend/src/config/database.js:25:18)
    at async Module.getScansToday (file:///C:/Users/ludin/Desktop/salidas/scanqueue/backend/src/models/Scan.js:23:15)
    at async getTodaySummary (file:///C:/Users/ludin/Desktop/salidas/scanqueue/backend/src/controllers/DashboardController.js:30:24)
Path: /api/dashboard/today

[2026-03-04T12:43:38.884Z] ERROR: 
Stack: AggregateError [ECONNREFUSED]: 
    at C:\Users\ludin\Desktop\salidas\scanqueue\backend\node_modules\pg-pool\index.js:45:11
    at process.processTicksAndRejections (node:internal/process/task_queues:105:5)
    at async query (file:///C:/Users/ludin/Desktop/salidas/scanqueue/backend/src/config/database.js:25:18)
    at async Module.getScansToday (file:///C:/Users/ludin/Desktop/salidas/scanqueue/backend/src/models/Scan.js:23:15)
    at async Module.getScanStatistics (file:///C:/Users/ludin/Desktop/salidas/scanqueue/backend/src/services/ScanService.js:76:24)
    at async getDashboardStats (file:///C:/Users/ludin/Desktop/salidas/scanqueue/backend/src/controllers/DashboardController.js:12:19)
Path: /api/dashboard/stats

[2026-03-04T12:43:38.930Z] ERROR: 
Stack: AggregateError [ECONNREFUSED]: 
    at C:\Users\ludin\Desktop\salidas\scanqueue\backend\node_modules\pg-pool\index.js:45:11
    at process.processTicksAndRejections (node:internal/process/task_queues:105:5)
    at async query (file:///C:/Users/ludin/Desktop/salidas/scanqueue/backend/src/config/database.js:25:18)
    at async Module.getScansToday (file:///C:/Users/ludin/Desktop/salidas/scanqueue/backend/src/models/Scan.js:23:15)
    at async getTodaySummary (file:///C:/Users/ludin/Desktop/salidas/scanqueue/backend/src/controllers/DashboardController.js:30:24)
Path: /api/dashboard/today

[2026-03-04T12:43:39.394Z] ERROR: 
Stack: AggregateError [ECONNREFUSED]: 
    at C:\Users\ludin\Desktop\salidas\scanqueue\backend\node_modules\pg-pool\index.js:45:11
    at process.processTicksAndRejections (node:internal/process/task_queues:105:5)
    at async query (file:///C:/Users/ludin/Desktop/salidas/scanqueue/backend/src/config/database.js:25:18)
    at async Module.getScansToday (file:///C:/Users/ludin/Desktop/salidas/scanqueue/backend/src/models/Scan.js:23:15)
    at async Module.getScanStatistics (file:///C:/Users/ludin/Desktop/salidas/scanqueue/backend/src/services/ScanService.js:76:24)
    at async getDashboardStats (file:///C:/Users/ludin/Desktop/salidas/scanqueue/backend/src/controllers/DashboardController.js:12:19)
Path: /api/dashboard/stats

[2026-03-04T12:43:39.397Z] ERROR: 
Stack: AggregateError [ECONNREFUSED]: 
    at C:\Users\ludin\Desktop\salidas\scanqueue\backend\node_modules\pg-pool\index.js:45:11
    at process.processTicksAndRejections (node:internal/process/task_queues:105:5)
    at async query (file:///C:/Users/ludin/Desktop/salidas/scanqueue/backend/src/config/database.js:25:18)
    at async Module.getScansToday (file:///C:/Users/ludin/Desktop/salidas/scanqueue/backend/src/models/Scan.js:23:15)
    at async getTodaySummary (file:///C:/Users/ludin/Desktop/salidas/scanqueue/backend/src/controllers/DashboardController.js:30:24)
Path: /api/dashboard/today

[2026-03-04T12:43:40.258Z] ERROR: 
Stack: AggregateError [ECONNREFUSED]: 
    at C:\Users\ludin\Desktop\salidas\scanqueue\backend\node_modules\pg-pool\index.js:45:11
    at process.processTicksAndRejections (node:internal/process/task_queues:105:5)
    at async query (file:///C:/Users/ludin/Desktop/salidas/scanqueue/backend/src/config/database.js:25:18)
    at async Module.getScansToday (file:///C:/Users/ludin/Desktop/salidas/scanqueue/backend/src/models/Scan.js:23:15)
    at async Module.getScanStatistics (file:///C:/Users/ludin/Desktop/salidas/scanqueue/backend/src/services/ScanService.js:76:24)
    at async getDashboardStats (file:///C:/Users/ludin/Desktop/salidas/scanqueue/backend/src/controllers/DashboardController.js:12:19)
Path: /api/dashboard/stats

[2026-03-04T12:43:40.263Z] ERROR: 
Stack: AggregateError [ECONNREFUSED]: 
    at C:\Users\ludin\Desktop\salidas\scanqueue\backend\node_modules\pg-pool\index.js:45:11
    at process.processTicksAndRejections (node:internal/process/task_queues:105:5)
    at async query (file:///C:/Users/ludin/Desktop/salidas/scanqueue/backend/src/config/database.js:25:18)
    at async Module.getScansToday (file:///C:/Users/ludin/Desktop/salidas/scanqueue/backend/src/models/Scan.js:23:15)
    at async getTodaySummary (file:///C:/Users/ludin/Desktop/salidas/scanqueue/backend/src/controllers/DashboardController.js:30:24)
Path: /api/dashboard/today

[2026-03-04T12:43:40.725Z] ERROR: 
Stack: AggregateError [ECONNREFUSED]: 
    at C:\Users\ludin\Desktop\salidas\scanqueue\backend\node_modules\pg-pool\index.js:45:11
    at process.processTicksAndRejections (node:internal/process/task_queues:105:5)
    at async query (file:///C:/Users/ludin/Desktop/salidas/scanqueue/backend/src/config/database.js:25:18)
    at async Module.getScansToday (file:///C:/Users/ludin/Desktop/salidas/scanqueue/backend/src/models/Scan.js:23:15)
    at async Module.getScanStatistics (file:///C:/Users/ludin/Desktop/salidas/scanqueue/backend/src/services/ScanService.js:76:24)
    at async getDashboardStats (file:///C:/Users/ludin/Desktop/salidas/scanqueue/backend/src/controllers/DashboardController.js:12:19)
Path: /api/dashboard/stats

[2026-03-04T12:43:40.729Z] ERROR: 
Stack: AggregateError [ECONNREFUSED]: 
    at C:\Users\ludin\Desktop\salidas\scanqueue\backend\node_modules\pg-pool\index.js:45:11
    at process.processTicksAndRejections (node:internal/process/task_queues:105:5)
    at async query (file:///C:/Users/ludin/Desktop/salidas/scanqueue/backend/src/config/database.js:25:18)
    at async Module.getScansToday (file:///C:/Users/ludin/Desktop/salidas/scanqueue/backend/src/models/Scan.js:23:15)
    at async getTodaySummary (file:///C:/Users/ludin/Desktop/salidas/scanqueue/backend/src/controllers/DashboardController.js:30:24)
Path: /api/dashboard/today

[2026-03-04T12:43:41.363Z] ERROR: 
Stack: AggregateError [ECONNREFUSED]: 
    at C:\Users\ludin\Desktop\salidas\scanqueue\backend\node_modules\pg-pool\index.js:45:11
    at process.processTicksAndRejections (node:internal/process/task_queues:105:5)
    at async query (file:///C:/Users/ludin/Desktop/salidas/scanqueue/backend/src/config/database.js:25:18)
    at async Module.getScansToday (file:///C:/Users/ludin/Desktop/salidas/scanqueue/backend/src/models/Scan.js:23:15)
    at async Module.getScanStatistics (file:///C:/Users/ludin/Desktop/salidas/scanqueue/backend/src/services/ScanService.js:76:24)
    at async getDashboardStats (file:///C:/Users/ludin/Desktop/salidas/scanqueue/backend/src/controllers/DashboardController.js:12:19)
Path: /api/dashboard/stats

[2026-03-04T12:43:41.368Z] ERROR: 
Stack: AggregateError [ECONNREFUSED]: 
    at C:\Users\ludin\Desktop\salidas\scanqueue\backend\node_modules\pg-pool\index.js:45:11
    at process.processTicksAndRejections (node:internal/process/task_queues:105:5)
    at async query (file:///C:/Users/ludin/Desktop/salidas/scanqueue/backend/src/config/database.js:25:18)
    at async Module.getScansToday (file:///C:/Users/ludin/Desktop/salidas/scanqueue/backend/src/models/Scan.js:23:15)
    at async getTodaySummary (file:///C:/Users/ludin/Desktop/salidas/scanqueue/backend/src/controllers/DashboardController.js:30:24)
Path: /api/dashboard/today

[2026-03-04T12:43:41.859Z] ERROR: 
Stack: AggregateError [ECONNREFUSED]: 
    at C:\Users\ludin\Desktop\salidas\scanqueue\backend\node_modules\pg-pool\index.js:45:11
    at process.processTicksAndRejections (node:internal/process/task_queues:105:5)
    at async query (file:///C:/Users/ludin/Desktop/salidas/scanqueue/backend/src/config/database.js:25:18)
    at async Module.getScansToday (file:///C:/Users/ludin/Desktop/salidas/scanqueue/backend/src/models/Scan.js:23:15)
    at async Module.getScanStatistics (file:///C:/Users/ludin/Desktop/salidas/scanqueue/backend/src/services/ScanService.js:76:24)
    at async getDashboardStats (file:///C:/Users/ludin/Desktop/salidas/scanqueue/backend/src/controllers/DashboardController.js:12:19)
Path: /api/dashboard/stats

[2026-03-04T12:43:41.863Z] ERROR: 
Stack: AggregateError [ECONNREFUSED]: 
    at C:\Users\ludin\Desktop\salidas\scanqueue\backend\node_modules\pg-pool\index.js:45:11
    at process.processTicksAndRejections (node:internal/process/task_queues:105:5)
    at async query (file:///C:/Users/ludin/Desktop/salidas/scanqueue/backend/src/config/database.js:25:18)
    at async Module.getScansToday (file:///C:/Users/ludin/Desktop/salidas/scanqueue/backend/src/models/Scan.js:23:15)
    at async getTodaySummary (file:///C:/Users/ludin/Desktop/salidas/scanqueue/backend/src/controllers/DashboardController.js:30:24)
Path: /api/dashboard/today

[2026-03-04T12:43:42.222Z] ERROR: 
Stack: AggregateError [ECONNREFUSED]: 
    at C:\Users\ludin\Desktop\salidas\scanqueue\backend\node_modules\pg-pool\index.js:45:11
    at process.processTicksAndRejections (node:internal/process/task_queues:105:5)
    at async query (file:///C:/Users/ludin/Desktop/salidas/scanqueue/backend/src/config/database.js:25:18)
    at async Module.getScansToday (file:///C:/Users/ludin/Desktop/salidas/scanqueue/backend/src/models/Scan.js:23:15)
    at async Module.getScanStatistics (file:///C:/Users/ludin/Desktop/salidas/scanqueue/backend/src/services/ScanService.js:76:24)
    at async getDashboardStats (file:///C:/Users/ludin/Desktop/salidas/scanqueue/backend/src/controllers/DashboardController.js:12:19)
Path: /api/dashboard/stats

[2026-03-04T12:43:42.226Z] ERROR: 
Stack: AggregateError [ECONNREFUSED]: 
    at C:\Users\ludin\Desktop\salidas\scanqueue\backend\node_modules\pg-pool\index.js:45:11
    at process.processTicksAndRejections (node:internal/process/task_queues:105:5)
    at async query (file:///C:/Users/ludin/Desktop/salidas/scanqueue/backend/src/config/database.js:25:18)
    at async Module.getScansToday (file:///C:/Users/ludin/Desktop/salidas/scanqueue/backend/src/models/Scan.js:23:15)
    at async getTodaySummary (file:///C:/Users/ludin/Desktop/salidas/scanqueue/backend/src/controllers/DashboardController.js:30:24)
Path: /api/dashboard/today

[2026-03-04T12:43:42.547Z] ERROR: 
Stack: AggregateError [ECONNREFUSED]: 
    at C:\Users\ludin\Desktop\salidas\scanqueue\backend\node_modules\pg-pool\index.js:45:11
    at process.processTicksAndRejections (node:internal/process/task_queues:105:5)
    at async query (file:///C:/Users/ludin/Desktop/salidas/scanqueue/backend/src/config/database.js:25:18)
    at async Module.getScansToday (file:///C:/Users/ludin/Desktop/salidas/scanqueue/backend/src/models/Scan.js:23:15)
    at async Module.getScanStatistics (file:///C:/Users/ludin/Desktop/salidas/scanqueue/backend/src/services/ScanService.js:76:24)
    at async getDashboardStats (file:///C:/Users/ludin/Desktop/salidas/scanqueue/backend/src/controllers/DashboardController.js:12:19)
Path: /api/dashboard/stats

[2026-03-04T12:43:42.549Z] ERROR: 
Stack: AggregateError [ECONNREFUSED]: 
    at C:\Users\ludin\Desktop\salidas\scanqueue\backend\node_modules\pg-pool\index.js:45:11
    at process.processTicksAndRejections (node:internal/process/task_queues:105:5)
    at async query (file:///C:/Users/ludin/Desktop/salidas/scanqueue/backend/src/config/database.js:25:18)
    at async Module.getScansToday (file:///C:/Users/ludin/Desktop/salidas/scanqueue/backend/src/models/Scan.js:23:15)
    at async getTodaySummary (file:///C:/Users/ludin/Desktop/salidas/scanqueue/backend/src/controllers/DashboardController.js:30:24)
Path: /api/dashboard/today

[2026-03-04T12:43:42.899Z] ERROR: 
Stack: AggregateError [ECONNREFUSED]: 
    at C:\Users\ludin\Desktop\salidas\scanqueue\backend\node_modules\pg-pool\index.js:45:11
    at process.processTicksAndRejections (node:internal/process/task_queues:105:5)
    at async query (file:///C:/Users/ludin/Desktop/salidas/scanqueue/backend/src/config/database.js:25:18)
    at async Module.getScansToday (file:///C:/Users/ludin/Desktop/salidas/scanqueue/backend/src/models/Scan.js:23:15)
    at async Module.getScanStatistics (file:///C:/Users/ludin/Desktop/salidas/scanqueue/backend/src/services/ScanService.js:76:24)
    at async getDashboardStats (file:///C:/Users/ludin/Desktop/salidas/scanqueue/backend/src/controllers/DashboardController.js:12:19)
Path: /api/dashboard/stats

[2026-03-04T12:43:42.902Z] ERROR: 
Stack: AggregateError [ECONNREFUSED]: 
    at C:\Users\ludin\Desktop\salidas\scanqueue\backend\node_modules\pg-pool\index.js:45:11
    at process.processTicksAndRejections (node:internal/process/task_queues:105:5)
    at async query (file:///C:/Users/ludin/Desktop/salidas/scanqueue/backend/src/config/database.js:25:18)
    at async Module.getScansToday (file:///C:/Users/ludin/Desktop/salidas/scanqueue/backend/src/models/Scan.js:23:15)
    at async getTodaySummary (file:///C:/Users/ludin/Desktop/salidas/scanqueue/backend/src/controllers/DashboardController.js:30:24)
Path: /api/dashboard/today

[2026-03-04T12:43:43.237Z] ERROR: 
Stack: AggregateError [ECONNREFUSED]: 
    at C:\Users\ludin\Desktop\salidas\scanqueue\backend\node_modules\pg-pool\index.js:45:11
    at process.processTicksAndRejections (node:internal/process/task_queues:105:5)
    at async query (file:///C:/Users/ludin/Desktop/salidas/scanqueue/backend/src/config/database.js:25:18)
    at async Module.getScansToday (file:///C:/Users/ludin/Desktop/salidas/scanqueue/backend/src/models/Scan.js:23:15)
    at async Module.getScanStatistics (file:///C:/Users/ludin/Desktop/salidas/scanqueue/backend/src/services/ScanService.js:76:24)
    at async getDashboardStats (file:///C:/Users/ludin/Desktop/salidas/scanqueue/backend/src/controllers/DashboardController.js:12:19)
Path: /api/dashboard/stats

[2026-03-04T12:43:43.239Z] ERROR: 
Stack: AggregateError [ECONNREFUSED]: 
    at C:\Users\ludin\Desktop\salidas\scanqueue\backend\node_modules\pg-pool\index.js:45:11
    at process.processTicksAndRejections (node:internal/process/task_queues:105:5)
    at async query (file:///C:/Users/ludin/Desktop/salidas/scanqueue/backend/src/config/database.js:25:18)
    at async Module.getScansToday (file:///C:/Users/ludin/Desktop/salidas/scanqueue/backend/src/models/Scan.js:23:15)
    at async getTodaySummary (file:///C:/Users/ludin/Desktop/salidas/scanqueue/backend/src/controllers/DashboardController.js:30:24)
Path: /api/dashboard/today

[2026-03-04T12:43:43.542Z] ERROR: 
Stack: AggregateError [ECONNREFUSED]: 
    at C:\Users\ludin\Desktop\salidas\scanqueue\backend\node_modules\pg-pool\index.js:45:11
    at process.processTicksAndRejections (node:internal/process/task_queues:105:5)
    at async query (file:///C:/Users/ludin/Desktop/salidas/scanqueue/backend/src/config/database.js:25:18)
    at async Module.getScansToday (file:///C:/Users/ludin/Desktop/salidas/scanqueue/backend/src/models/Scan.js:23:15)
    at async Module.getScanStatistics (file:///C:/Users/ludin/Desktop/salidas/scanqueue/backend/src/services/ScanService.js:76:24)
    at async getDashboardStats (file:///C:/Users/ludin/Desktop/salidas/scanqueue/backend/src/controllers/DashboardController.js:12:19)
Path: /api/dashboard/stats

[2026-03-04T12:43:43.544Z] ERROR: 
Stack: AggregateError [ECONNREFUSED]: 
    at C:\Users\ludin\Desktop\salidas\scanqueue\backend\node_modules\pg-pool\index.js:45:11
    at process.processTicksAndRejections (node:internal/process/task_queues:105:5)
    at async query (file:///C:/Users/ludin/Desktop/salidas/scanqueue/backend/src/config/database.js:25:18)
    at async Module.getScansToday (file:///C:/Users/ludin/Desktop/salidas/scanqueue/backend/src/models/Scan.js:23:15)
    at async getTodaySummary (file:///C:/Users/ludin/Desktop/salidas/scanqueue/backend/src/controllers/DashboardController.js:30:24)
Path: /api/dashboard/today

[2026-03-04T12:43:43.900Z] ERROR: 
Stack: AggregateError [ECONNREFUSED]: 
    at C:\Users\ludin\Desktop\salidas\scanqueue\backend\node_modules\pg-pool\index.js:45:11
    at process.processTicksAndRejections (node:internal/process/task_queues:105:5)
    at async query (file:///C:/Users/ludin/Desktop/salidas/scanqueue/backend/src/config/database.js:25:18)
    at async Module.getScansToday (file:///C:/Users/ludin/Desktop/salidas/scanqueue/backend/src/models/Scan.js:23:15)
    at async Module.getScanStatistics (file:///C:/Users/ludin/Desktop/salidas/scanqueue/backend/src/services/ScanService.js:76:24)
    at async getDashboardStats (file:///C:/Users/ludin/Desktop/salidas/scanqueue/backend/src/controllers/DashboardController.js:12:19)
Path: /api/dashboard/stats

[2026-03-04T12:43:43.903Z] ERROR: 
Stack: AggregateError [ECONNREFUSED]: 
    at C:\Users\ludin\Desktop\salidas\scanqueue\backend\node_modules\pg-pool\index.js:45:11
    at process.processTicksAndRejections (node:internal/process/task_queues:105:5)
    at async query (file:///C:/Users/ludin/Desktop/salidas/scanqueue/backend/src/config/database.js:25:18)
    at async Module.getScansToday (file:///C:/Users/ludin/Desktop/salidas/scanqueue/backend/src/models/Scan.js:23:15)
    at async getTodaySummary (file:///C:/Users/ludin/Desktop/salidas/scanqueue/backend/src/controllers/DashboardController.js:30:24)
Path: /api/dashboard/today

[2026-03-04T12:43:44.246Z] ERROR: 
Stack: AggregateError [ECONNREFUSED]: 
    at C:\Users\ludin\Desktop\salidas\scanqueue\backend\node_modules\pg-pool\index.js:45:11
    at process.processTicksAndRejections (node:internal/process/task_queues:105:5)
    at async query (file:///C:/Users/ludin/Desktop/salidas/scanqueue/backend/src/config/database.js:25:18)
    at async Module.getScansToday (file:///C:/Users/ludin/Desktop/salidas/scanqueue/backend/src/models/Scan.js:23:15)
    at async Module.getScanStatistics (file:///C:/Users/ludin/Desktop/salidas/scanqueue/backend/src/services/ScanService.js:76:24)
    at async getDashboardStats (file:///C:/Users/ludin/Desktop/salidas/scanqueue/backend/src/controllers/DashboardController.js:12:19)
Path: /api/dashboard/stats

[2026-03-04T12:43:44.248Z] ERROR: 
Stack: AggregateError [ECONNREFUSED]: 
    at C:\Users\ludin\Desktop\salidas\scanqueue\backend\node_modules\pg-pool\index.js:45:11
    at process.processTicksAndRejections (node:internal/process/task_queues:105:5)
    at async query (file:///C:/Users/ludin/Desktop/salidas/scanqueue/backend/src/config/database.js:25:18)
    at async Module.getScansToday (file:///C:/Users/ludin/Desktop/salidas/scanqueue/backend/src/models/Scan.js:23:15)
    at async getTodaySummary (file:///C:/Users/ludin/Desktop/salidas/scanqueue/backend/src/controllers/DashboardController.js:30:24)
Path: /api/dashboard/today

[2026-03-04T12:43:44.569Z] ERROR: 
Stack: AggregateError [ECONNREFUSED]: 
    at C:\Users\ludin\Desktop\salidas\scanqueue\backend\node_modules\pg-pool\index.js:45:11
    at process.processTicksAndRejections (node:internal/process/task_queues:105:5)
    at async query (file:///C:/Users/ludin/Desktop/salidas/scanqueue/backend/src/config/database.js:25:18)
    at async Module.getScansToday (file:///C:/Users/ludin/Desktop/salidas/scanqueue/backend/src/models/Scan.js:23:15)
    at async Module.getScanStatistics (file:///C:/Users/ludin/Desktop/salidas/scanqueue/backend/src/services/ScanService.js:76:24)
    at async getDashboardStats (file:///C:/Users/ludin/Desktop/salidas/scanqueue/backend/src/controllers/DashboardController.js:12:19)
Path: /api/dashboard/stats

[2026-03-04T12:43:44.572Z] ERROR: 
Stack: AggregateError [ECONNREFUSED]: 
    at C:\Users\ludin\Desktop\salidas\scanqueue\backend\node_modules\pg-pool\index.js:45:11
    at process.processTicksAndRejections (node:internal/process/task_queues:105:5)
    at async query (file:///C:/Users/ludin/Desktop/salidas/scanqueue/backend/src/config/database.js:25:18)
    at async Module.getScansToday (file:///C:/Users/ludin/Desktop/salidas/scanqueue/backend/src/models/Scan.js:23:15)
    at async getTodaySummary (file:///C:/Users/ludin/Desktop/salidas/scanqueue/backend/src/controllers/DashboardController.js:30:24)
Path: /api/dashboard/today

[2026-03-04T12:43:44.929Z] ERROR: 
Stack: AggregateError [ECONNREFUSED]: 
    at C:\Users\ludin\Desktop\salidas\scanqueue\backend\node_modules\pg-pool\index.js:45:11
    at process.processTicksAndRejections (node:internal/process/task_queues:105:5)
    at async query (file:///C:/Users/ludin/Desktop/salidas/scanqueue/backend/src/config/database.js:25:18)
    at async Module.getScansToday (file:///C:/Users/ludin/Desktop/salidas/scanqueue/backend/src/models/Scan.js:23:15)
    at async Module.getScanStatistics (file:///C:/Users/ludin/Desktop/salidas/scanqueue/backend/src/services/ScanService.js:76:24)
    at async getDashboardStats (file:///C:/Users/ludin/Desktop/salidas/scanqueue/backend/src/controllers/DashboardController.js:12:19)
Path: /api/dashboard/stats

[2026-03-04T12:43:44.931Z] ERROR: 
Stack: AggregateError [ECONNREFUSED]: 
    at C:\Users\ludin\Desktop\salidas\scanqueue\backend\node_modules\pg-pool\index.js:45:11
    at process.processTicksAndRejections (node:internal/process/task_queues:105:5)
    at async query (file:///C:/Users/ludin/Desktop/salidas/scanqueue/backend/src/config/database.js:25:18)
    at async Module.getScansToday (file:///C:/Users/ludin/Desktop/salidas/scanqueue/backend/src/models/Scan.js:23:15)
    at async getTodaySummary (file:///C:/Users/ludin/Desktop/salidas/scanqueue/backend/src/controllers/DashboardController.js:30:24)
Path: /api/dashboard/today

[2026-03-04T12:43:45.288Z] ERROR: 
Stack: AggregateError [ECONNREFUSED]: 
    at C:\Users\ludin\Desktop\salidas\scanqueue\backend\node_modules\pg-pool\index.js:45:11
    at process.processTicksAndRejections (node:internal/process/task_queues:105:5)
    at async query (file:///C:/Users/ludin/Desktop/salidas/scanqueue/backend/src/config/database.js:25:18)
    at async Module.getScansToday (file:///C:/Users/ludin/Desktop/salidas/scanqueue/backend/src/models/Scan.js:23:15)
    at async Module.getScanStatistics (file:///C:/Users/ludin/Desktop/salidas/scanqueue/backend/src/services/ScanService.js:76:24)
    at async getDashboardStats (file:///C:/Users/ludin/Desktop/salidas/scanqueue/backend/src/controllers/DashboardController.js:12:19)
Path: /api/dashboard/stats

[2026-03-04T12:43:45.291Z] ERROR: 
Stack: AggregateError [ECONNREFUSED]: 
    at C:\Users\ludin\Desktop\salidas\scanqueue\backend\node_modules\pg-pool\index.js:45:11
    at process.processTicksAndRejections (node:internal/process/task_queues:105:5)
    at async query (file:///C:/Users/ludin/Desktop/salidas/scanqueue/backend/src/config/database.js:25:18)
    at async Module.getScansToday (file:///C:/Users/ludin/Desktop/salidas/scanqueue/backend/src/models/Scan.js:23:15)
    at async getTodaySummary (file:///C:/Users/ludin/Desktop/salidas/scanqueue/backend/src/controllers/DashboardController.js:30:24)
Path: /api/dashboard/today

[2026-03-04T12:43:45.616Z] ERROR: 
Stack: AggregateError [ECONNREFUSED]: 
    at C:\Users\ludin\Desktop\salidas\scanqueue\backend\node_modules\pg-pool\index.js:45:11
    at process.processTicksAndRejections (node:internal/process/task_queues:105:5)
    at async query (file:///C:/Users/ludin/Desktop/salidas/scanqueue/backend/src/config/database.js:25:18)
    at async Module.getScansToday (file:///C:/Users/ludin/Desktop/salidas/scanqueue/backend/src/models/Scan.js:23:15)
    at async Module.getScanStatistics (file:///C:/Users/ludin/Desktop/salidas/scanqueue/backend/src/services/ScanService.js:76:24)
    at async getDashboardStats (file:///C:/Users/ludin/Desktop/salidas/scanqueue/backend/src/controllers/DashboardController.js:12:19)
Path: /api/dashboard/stats

[2026-03-04T12:43:45.619Z] ERROR: 
Stack: AggregateError [ECONNREFUSED]: 
    at C:\Users\ludin\Desktop\salidas\scanqueue\backend\node_modules\pg-pool\index.js:45:11
    at process.processTicksAndRejections (node:internal/process/task_queues:105:5)
    at async query (file:///C:/Users/ludin/Desktop/salidas/scanqueue/backend/src/config/database.js:25:18)
    at async Module.getScansToday (file:///C:/Users/ludin/Desktop/salidas/scanqueue/backend/src/models/Scan.js:23:15)
    at async getTodaySummary (file:///C:/Users/ludin/Desktop/salidas/scanqueue/backend/src/controllers/DashboardController.js:30:24)
Path: /api/dashboard/today

[2026-03-04T12:43:45.986Z] ERROR: 
Stack: AggregateError [ECONNREFUSED]: 
    at C:\Users\ludin\Desktop\salidas\scanqueue\backend\node_modules\pg-pool\index.js:45:11
    at process.processTicksAndRejections (node:internal/process/task_queues:105:5)
    at async query (file:///C:/Users/ludin/Desktop/salidas/scanqueue/backend/src/config/database.js:25:18)
    at async Module.getScansToday (file:///C:/Users/ludin/Desktop/salidas/scanqueue/backend/src/models/Scan.js:23:15)
    at async Module.getScanStatistics (file:///C:/Users/ludin/Desktop/salidas/scanqueue/backend/src/services/ScanService.js:76:24)
    at async getDashboardStats (file:///C:/Users/ludin/Desktop/salidas/scanqueue/backend/src/controllers/DashboardController.js:12:19)
Path: /api/dashboard/stats

[2026-03-04T12:43:45.992Z] ERROR: 
Stack: AggregateError [ECONNREFUSED]: 
    at C:\Users\ludin\Desktop\salidas\scanqueue\backend\node_modules\pg-pool\index.js:45:11
    at process.processTicksAndRejections (node:internal/process/task_queues:105:5)
    at async query (file:///C:/Users/ludin/Desktop/salidas/scanqueue/backend/src/config/database.js:25:18)
    at async Module.getScansToday (file:///C:/Users/ludin/Desktop/salidas/scanqueue/backend/src/models/Scan.js:23:15)
    at async getTodaySummary (file:///C:/Users/ludin/Desktop/salidas/scanqueue/backend/src/controllers/DashboardController.js:30:24)
Path: /api/dashboard/today

[2026-03-04T12:43:46.372Z] ERROR: 
Stack: AggregateError [ECONNREFUSED]: 
    at C:\Users\ludin\Desktop\salidas\scanqueue\backend\node_modules\pg-pool\index.js:45:11
    at process.processTicksAndRejections (node:internal/process/task_queues:105:5)
    at async query (file:///C:/Users/ludin/Desktop/salidas/scanqueue/backend/src/config/database.js:25:18)
    at async Module.getScansToday (file:///C:/Users/ludin/Desktop/salidas/scanqueue/backend/src/models/Scan.js:23:15)
    at async Module.getScanStatistics (file:///C:/Users/ludin/Desktop/salidas/scanqueue/backend/src/services/ScanService.js:76:24)
    at async getDashboardStats (file:///C:/Users/ludin/Desktop/salidas/scanqueue/backend/src/controllers/DashboardController.js:12:19)
Path: /api/dashboard/stats

[2026-03-04T12:43:46.374Z] ERROR: 
Stack: AggregateError [ECONNREFUSED]: 
    at C:\Users\ludin\Desktop\salidas\scanqueue\backend\node_modules\pg-pool\index.js:45:11
    at process.processTicksAndRejections (node:internal/process/task_queues:105:5)
    at async query (file:///C:/Users/ludin/Desktop/salidas/scanqueue/backend/src/config/database.js:25:18)
    at async Module.getScansToday (file:///C:/Users/ludin/Desktop/salidas/scanqueue/backend/src/models/Scan.js:23:15)
    at async getTodaySummary (file:///C:/Users/ludin/Desktop/salidas/scanqueue/backend/src/controllers/DashboardController.js:30:24)
Path: /api/dashboard/today

[2026-03-04T12:43:46.699Z] ERROR: 
Stack: AggregateError [ECONNREFUSED]: 
    at C:\Users\ludin\Desktop\salidas\scanqueue\backend\node_modules\pg-pool\index.js:45:11
    at process.processTicksAndRejections (node:internal/process/task_queues:105:5)
    at async query (file:///C:/Users/ludin/Desktop/salidas/scanqueue/backend/src/config/database.js:25:18)
    at async Module.getScansToday (file:///C:/Users/ludin/Desktop/salidas/scanqueue/backend/src/models/Scan.js:23:15)
    at async Module.getScanStatistics (file:///C:/Users/ludin/Desktop/salidas/scanqueue/backend/src/services/ScanService.js:76:24)
    at async getDashboardStats (file:///C:/Users/ludin/Desktop/salidas/scanqueue/backend/src/controllers/DashboardController.js:12:19)
Path: /api/dashboard/stats

[2026-03-04T12:43:46.701Z] ERROR: 
Stack: AggregateError [ECONNREFUSED]: 
    at C:\Users\ludin\Desktop\salidas\scanqueue\backend\node_modules\pg-pool\index.js:45:11
    at process.processTicksAndRejections (node:internal/process/task_queues:105:5)
    at async query (file:///C:/Users/ludin/Desktop/salidas/scanqueue/backend/src/config/database.js:25:18)
    at async Module.getScansToday (file:///C:/Users/ludin/Desktop/salidas/scanqueue/backend/src/models/Scan.js:23:15)
    at async getTodaySummary (file:///C:/Users/ludin/Desktop/salidas/scanqueue/backend/src/controllers/DashboardController.js:30:24)
Path: /api/dashboard/today

[2026-03-04T12:43:47.080Z] ERROR: 
Stack: AggregateError [ECONNREFUSED]: 
    at C:\Users\ludin\Desktop\salidas\scanqueue\backend\node_modules\pg-pool\index.js:45:11
    at process.processTicksAndRejections (node:internal/process/task_queues:105:5)
    at async query (file:///C:/Users/ludin/Desktop/salidas/scanqueue/backend/src/config/database.js:25:18)
    at async Module.getScansToday (file:///C:/Users/ludin/Desktop/salidas/scanqueue/backend/src/models/Scan.js:23:15)
    at async Module.getScanStatistics (file:///C:/Users/ludin/Desktop/salidas/scanqueue/backend/src/services/ScanService.js:76:24)
    at async getDashboardStats (file:///C:/Users/ludin/Desktop/salidas/scanqueue/backend/src/controllers/DashboardController.js:12:19)
Path: /api/dashboard/stats

[2026-03-04T12:43:47.081Z] ERROR: 
Stack: AggregateError [ECONNREFUSED]: 
    at C:\Users\ludin\Desktop\salidas\scanqueue\backend\node_modules\pg-pool\index.js:45:11
    at process.processTicksAndRejections (node:internal/process/task_queues:105:5)
    at async query (file:///C:/Users/ludin/Desktop/salidas/scanqueue/backend/src/config/database.js:25:18)
    at async Module.getScansToday (file:///C:/Users/ludin/Desktop/salidas/scanqueue/backend/src/models/Scan.js:23:15)
    at async getTodaySummary (file:///C:/Users/ludin/Desktop/salidas/scanqueue/backend/src/controllers/DashboardController.js:30:24)
Path: /api/dashboard/today

[2026-03-04T12:43:47.461Z] ERROR: 
Stack: AggregateError [ECONNREFUSED]: 
    at C:\Users\ludin\Desktop\salidas\scanqueue\backend\node_modules\pg-pool\index.js:45:11
    at process.processTicksAndRejections (node:internal/process/task_queues:105:5)
    at async query (file:///C:/Users/ludin/Desktop/salidas/scanqueue/backend/src/config/database.js:25:18)
    at async Module.getScansToday (file:///C:/Users/ludin/Desktop/salidas/scanqueue/backend/src/models/Scan.js:23:15)
    at async Module.getScanStatistics (file:///C:/Users/ludin/Desktop/salidas/scanqueue/backend/src/services/ScanService.js:76:24)
    at async getDashboardStats (file:///C:/Users/ludin/Desktop/salidas/scanqueue/backend/src/controllers/DashboardController.js:12:19)
Path: /api/dashboard/stats

[2026-03-04T12:43:47.466Z] ERROR: 
Stack: AggregateError [ECONNREFUSED]: 
    at C:\Users\ludin\Desktop\salidas\scanqueue\backend\node_modules\pg-pool\index.js:45:11
    at process.processTicksAndRejections (node:internal/process/task_queues:105:5)
    at async query (file:///C:/Users/ludin/Desktop/salidas/scanqueue/backend/src/config/database.js:25:18)
    at async Module.getScansToday (file:///C:/Users/ludin/Desktop/salidas/scanqueue/backend/src/models/Scan.js:23:15)
    at async getTodaySummary (file:///C:/Users/ludin/Desktop/salidas/scanqueue/backend/src/controllers/DashboardController.js:30:24)
Path: /api/dashboard/today

[2026-03-04T12:43:47.791Z] ERROR: 
Stack: AggregateError [ECONNREFUSED]: 
    at C:\Users\ludin\Desktop\salidas\scanqueue\backend\node_modules\pg-pool\index.js:45:11
    at process.processTicksAndRejections (node:internal/process/task_queues:105:5)
    at async query (file:///C:/Users/ludin/Desktop/salidas/scanqueue/backend/src/config/database.js:25:18)
    at async Module.getScansToday (file:///C:/Users/ludin/Desktop/salidas/scanqueue/backend/src/models/Scan.js:23:15)
    at async Module.getScanStatistics (file:///C:/Users/ludin/Desktop/salidas/scanqueue/backend/src/services/ScanService.js:76:24)
    at async getDashboardStats (file:///C:/Users/ludin/Desktop/salidas/scanqueue/backend/src/controllers/DashboardController.js:12:19)
Path: /api/dashboard/stats

[2026-03-04T12:43:47.793Z] ERROR: 
Stack: AggregateError [ECONNREFUSED]: 
    at C:\Users\ludin\Desktop\salidas\scanqueue\backend\node_modules\pg-pool\index.js:45:11
    at process.processTicksAndRejections (node:internal/process/task_queues:105:5)
    at async query (file:///C:/Users/ludin/Desktop/salidas/scanqueue/backend/src/config/database.js:25:18)
    at async Module.getScansToday (file:///C:/Users/ludin/Desktop/salidas/scanqueue/backend/src/models/Scan.js:23:15)
    at async getTodaySummary (file:///C:/Users/ludin/Desktop/salidas/scanqueue/backend/src/controllers/DashboardController.js:30:24)
Path: /api/dashboard/today

[2026-03-04T12:43:48.151Z] ERROR: 
Stack: AggregateError [ECONNREFUSED]: 
    at C:\Users\ludin\Desktop\salidas\scanqueue\backend\node_modules\pg-pool\index.js:45:11
    at process.processTicksAndRejections (node:internal/process/task_queues:105:5)
    at async query (file:///C:/Users/ludin/Desktop/salidas/scanqueue/backend/src/config/database.js:25:18)
    at async Module.getScansToday (file:///C:/Users/ludin/Desktop/salidas/scanqueue/backend/src/models/Scan.js:23:15)
    at async Module.getScanStatistics (file:///C:/Users/ludin/Desktop/salidas/scanqueue/backend/src/services/ScanService.js:76:24)
    at async getDashboardStats (file:///C:/Users/ludin/Desktop/salidas/scanqueue/backend/src/controllers/DashboardController.js:12:19)
Path: /api/dashboard/stats

[2026-03-04T12:43:48.154Z] ERROR: 
Stack: AggregateError [ECONNREFUSED]: 
    at C:\Users\ludin\Desktop\salidas\scanqueue\backend\node_modules\pg-pool\index.js:45:11
    at process.processTicksAndRejections (node:internal/process/task_queues:105:5)
    at async query (file:///C:/Users/ludin/Desktop/salidas/scanqueue/backend/src/config/database.js:25:18)
    at async Module.getScansToday (file:///C:/Users/ludin/Desktop/salidas/scanqueue/backend/src/models/Scan.js:23:15)
    at async getTodaySummary (file:///C:/Users/ludin/Desktop/salidas/scanqueue/backend/src/controllers/DashboardController.js:30:24)
Path: /api/dashboard/today

[2026-03-04T12:43:48.501Z] ERROR: 
Stack: AggregateError [ECONNREFUSED]: 
    at C:\Users\ludin\Desktop\salidas\scanqueue\backend\node_modules\pg-pool\index.js:45:11
    at process.processTicksAndRejections (node:internal/process/task_queues:105:5)
    at async query (file:///C:/Users/ludin/Desktop/salidas/scanqueue/backend/src/config/database.js:25:18)
    at async Module.getScansToday (file:///C:/Users/ludin/Desktop/salidas/scanqueue/backend/src/models/Scan.js:23:15)
    at async Module.getScanStatistics (file:///C:/Users/ludin/Desktop/salidas/scanqueue/backend/src/services/ScanService.js:76:24)
    at async getDashboardStats (file:///C:/Users/ludin/Desktop/salidas/scanqueue/backend/src/controllers/DashboardController.js:12:19)
Path: /api/dashboard/stats

[2026-03-04T12:43:48.506Z] ERROR: 
Stack: AggregateError [ECONNREFUSED]: 
    at C:\Users\ludin\Desktop\salidas\scanqueue\backend\node_modules\pg-pool\index.js:45:11
    at process.processTicksAndRejections (node:internal/process/task_queues:105:5)
    at async query (file:///C:/Users/ludin/Desktop/salidas/scanqueue/backend/src/config/database.js:25:18)
    at async Module.getScansToday (file:///C:/Users/ludin/Desktop/salidas/scanqueue/backend/src/models/Scan.js:23:15)
    at async getTodaySummary (file:///C:/Users/ludin/Desktop/salidas/scanqueue/backend/src/controllers/DashboardController.js:30:24)
Path: /api/dashboard/today

[2026-03-04T12:43:48.819Z] ERROR: 
Stack: AggregateError [ECONNREFUSED]: 
    at C:\Users\ludin\Desktop\salidas\scanqueue\backend\node_modules\pg-pool\index.js:45:11
    at process.processTicksAndRejections (node:internal/process/task_queues:105:5)
    at async query (file:///C:/Users/ludin/Desktop/salidas/scanqueue/backend/src/config/database.js:25:18)
    at async Module.getScansToday (file:///C:/Users/ludin/Desktop/salidas/scanqueue/backend/src/models/Scan.js:23:15)
    at async Module.getScanStatistics (file:///C:/Users/ludin/Desktop/salidas/scanqueue/backend/src/services/ScanService.js:76:24)
    at async getDashboardStats (file:///C:/Users/ludin/Desktop/salidas/scanqueue/backend/src/controllers/DashboardController.js:12:19)
Path: /api/dashboard/stats

[2026-03-04T12:43:48.821Z] ERROR: 
Stack: AggregateError [ECONNREFUSED]: 
    at C:\Users\ludin\Desktop\salidas\scanqueue\backend\node_modules\pg-pool\index.js:45:11
    at process.processTicksAndRejections (node:internal/process/task_queues:105:5)
    at async query (file:///C:/Users/ludin/Desktop/salidas/scanqueue/backend/src/config/database.js:25:18)
    at async Module.getScansToday (file:///C:/Users/ludin/Desktop/salidas/scanqueue/backend/src/models/Scan.js:23:15)
    at async getTodaySummary (file:///C:/Users/ludin/Desktop/salidas/scanqueue/backend/src/controllers/DashboardController.js:30:24)
Path: /api/dashboard/today

[2026-03-04T12:43:49.166Z] ERROR: 
Stack: AggregateError [ECONNREFUSED]: 
    at C:\Users\ludin\Desktop\salidas\scanqueue\backend\node_modules\pg-pool\index.js:45:11
    at process.processTicksAndRejections (node:internal/process/task_queues:105:5)
    at async query (file:///C:/Users/ludin/Desktop/salidas/scanqueue/backend/src/config/database.js:25:18)
    at async Module.getScansToday (file:///C:/Users/ludin/Desktop/salidas/scanqueue/backend/src/models/Scan.js:23:15)
    at async Module.getScanStatistics (file:///C:/Users/ludin/Desktop/salidas/scanqueue/backend/src/services/ScanService.js:76:24)
    at async getDashboardStats (file:///C:/Users/ludin/Desktop/salidas/scanqueue/backend/src/controllers/DashboardController.js:12:19)
Path: /api/dashboard/stats

[2026-03-04T12:43:49.168Z] ERROR: 
Stack: AggregateError [ECONNREFUSED]: 
    at C:\Users\ludin\Desktop\salidas\scanqueue\backend\node_modules\pg-pool\index.js:45:11
    at process.processTicksAndRejections (node:internal/process/task_queues:105:5)
    at async query (file:///C:/Users/ludin/Desktop/salidas/scanqueue/backend/src/config/database.js:25:18)
    at async Module.getScansToday (file:///C:/Users/ludin/Desktop/salidas/scanqueue/backend/src/models/Scan.js:23:15)
    at async getTodaySummary (file:///C:/Users/ludin/Desktop/salidas/scanqueue/backend/src/controllers/DashboardController.js:30:24)
Path: /api/dashboard/today

[2026-03-04T12:43:49.508Z] ERROR: 
Stack: AggregateError [ECONNREFUSED]: 
    at C:\Users\ludin\Desktop\salidas\scanqueue\backend\node_modules\pg-pool\index.js:45:11
    at process.processTicksAndRejections (node:internal/process/task_queues:105:5)
    at async query (file:///C:/Users/ludin/Desktop/salidas/scanqueue/backend/src/config/database.js:25:18)
    at async Module.getScansToday (file:///C:/Users/ludin/Desktop/salidas/scanqueue/backend/src/models/Scan.js:23:15)
    at async Module.getScanStatistics (file:///C:/Users/ludin/Desktop/salidas/scanqueue/backend/src/services/ScanService.js:76:24)
    at async getDashboardStats (file:///C:/Users/ludin/Desktop/salidas/scanqueue/backend/src/controllers/DashboardController.js:12:19)
Path: /api/dashboard/stats

[2026-03-04T12:43:49.511Z] ERROR: 
Stack: AggregateError [ECONNREFUSED]: 
    at C:\Users\ludin\Desktop\salidas\scanqueue\backend\node_modules\pg-pool\index.js:45:11
    at process.processTicksAndRejections (node:internal/process/task_queues:105:5)
    at async query (file:///C:/Users/ludin/Desktop/salidas/scanqueue/backend/src/config/database.js:25:18)
    at async Module.getScansToday (file:///C:/Users/ludin/Desktop/salidas/scanqueue/backend/src/models/Scan.js:23:15)
    at async getTodaySummary (file:///C:/Users/ludin/Desktop/salidas/scanqueue/backend/src/controllers/DashboardController.js:30:24)
Path: /api/dashboard/today

[2026-03-04T12:43:49.852Z] ERROR: 
Stack: AggregateError [ECONNREFUSED]: 
    at C:\Users\ludin\Desktop\salidas\scanqueue\backend\node_modules\pg-pool\index.js:45:11
    at process.processTicksAndRejections (node:internal/process/task_queues:105:5)
    at async query (file:///C:/Users/ludin/Desktop/salidas/scanqueue/backend/src/config/database.js:25:18)
    at async Module.getScansToday (file:///C:/Users/ludin/Desktop/salidas/scanqueue/backend/src/models/Scan.js:23:15)
    at async Module.getScanStatistics (file:///C:/Users/ludin/Desktop/salidas/scanqueue/backend/src/services/ScanService.js:76:24)
    at async getDashboardStats (file:///C:/Users/ludin/Desktop/salidas/scanqueue/backend/src/controllers/DashboardController.js:12:19)
Path: /api/dashboard/stats

[2026-03-04T12:43:49.855Z] ERROR: 
Stack: AggregateError [ECONNREFUSED]: 
    at C:\Users\ludin\Desktop\salidas\scanqueue\backend\node_modules\pg-pool\index.js:45:11
    at process.processTicksAndRejections (node:internal/process/task_queues:105:5)
    at async query (file:///C:/Users/ludin/Desktop/salidas/scanqueue/backend/src/config/database.js:25:18)
    at async Module.getScansToday (file:///C:/Users/ludin/Desktop/salidas/scanqueue/backend/src/models/Scan.js:23:15)
    at async getTodaySummary (file:///C:/Users/ludin/Desktop/salidas/scanqueue/backend/src/controllers/DashboardController.js:30:24)
Path: /api/dashboard/today

[2026-03-04T12:43:50.273Z] ERROR: 
Stack: AggregateError [ECONNREFUSED]: 
    at C:\Users\ludin\Desktop\salidas\scanqueue\backend\node_modules\pg-pool\index.js:45:11
    at process.processTicksAndRejections (node:internal/process/task_queues:105:5)
    at async query (file:///C:/Users/ludin/Desktop/salidas/scanqueue/backend/src/config/database.js:25:18)
    at async Module.getScansToday (file:///C:/Users/ludin/Desktop/salidas/scanqueue/backend/src/models/Scan.js:23:15)
    at async Module.getScanStatistics (file:///C:/Users/ludin/Desktop/salidas/scanqueue/backend/src/services/ScanService.js:76:24)
    at async getDashboardStats (file:///C:/Users/ludin/Desktop/salidas/scanqueue/backend/src/controllers/DashboardController.js:12:19)
Path: /api/dashboard/stats

[2026-03-04T12:43:50.277Z] ERROR: 
Stack: AggregateError [ECONNREFUSED]: 
    at C:\Users\ludin\Desktop\salidas\scanqueue\backend\node_modules\pg-pool\index.js:45:11
    at process.processTicksAndRejections (node:internal/process/task_queues:105:5)
    at async query (file:///C:/Users/ludin/Desktop/salidas/scanqueue/backend/src/config/database.js:25:18)
    at async Module.getScansToday (file:///C:/Users/ludin/Desktop/salidas/scanqueue/backend/src/models/Scan.js:23:15)
    at async getTodaySummary (file:///C:/Users/ludin/Desktop/salidas/scanqueue/backend/src/controllers/DashboardController.js:30:24)
Path: /api/dashboard/today

[2026-03-04T12:43:50.660Z] ERROR: 
Stack: AggregateError [ECONNREFUSED]: 
    at C:\Users\ludin\Desktop\salidas\scanqueue\backend\node_modules\pg-pool\index.js:45:11
    at process.processTicksAndRejections (node:internal/process/task_queues:105:5)
    at async query (file:///C:/Users/ludin/Desktop/salidas/scanqueue/backend/src/config/database.js:25:18)
    at async Module.getScansToday (file:///C:/Users/ludin/Desktop/salidas/scanqueue/backend/src/models/Scan.js:23:15)
    at async Module.getScanStatistics (file:///C:/Users/ludin/Desktop/salidas/scanqueue/backend/src/services/ScanService.js:76:24)
    at async getDashboardStats (file:///C:/Users/ludin/Desktop/salidas/scanqueue/backend/src/controllers/DashboardController.js:12:19)
Path: /api/dashboard/stats

[2026-03-04T12:43:50.666Z] ERROR: 
Stack: AggregateError [ECONNREFUSED]: 
    at C:\Users\ludin\Desktop\salidas\scanqueue\backend\node_modules\pg-pool\index.js:45:11
    at process.processTicksAndRejections (node:internal/process/task_queues:105:5)
    at async query (file:///C:/Users/ludin/Desktop/salidas/scanqueue/backend/src/config/database.js:25:18)
    at async Module.getScansToday (file:///C:/Users/ludin/Desktop/salidas/scanqueue/backend/src/models/Scan.js:23:15)
    at async getTodaySummary (file:///C:/Users/ludin/Desktop/salidas/scanqueue/backend/src/controllers/DashboardController.js:30:24)
Path: /api/dashboard/today

[2026-03-04T12:43:51.022Z] ERROR: 
Stack: AggregateError [ECONNREFUSED]: 
    at C:\Users\ludin\Desktop\salidas\scanqueue\backend\node_modules\pg-pool\index.js:45:11
    at process.processTicksAndRejections (node:internal/process/task_queues:105:5)
    at async query (file:///C:/Users/ludin/Desktop/salidas/scanqueue/backend/src/config/database.js:25:18)
    at async Module.getScansToday (file:///C:/Users/ludin/Desktop/salidas/scanqueue/backend/src/models/Scan.js:23:15)
    at async Module.getScanStatistics (file:///C:/Users/ludin/Desktop/salidas/scanqueue/backend/src/services/ScanService.js:76:24)
    at async getDashboardStats (file:///C:/Users/ludin/Desktop/salidas/scanqueue/backend/src/controllers/DashboardController.js:12:19)
Path: /api/dashboard/stats

[2026-03-04T12:43:51.025Z] ERROR: 
Stack: AggregateError [ECONNREFUSED]: 
    at C:\Users\ludin\Desktop\salidas\scanqueue\backend\node_modules\pg-pool\index.js:45:11
    at process.processTicksAndRejections (node:internal/process/task_queues:105:5)
    at async query (file:///C:/Users/ludin/Desktop/salidas/scanqueue/backend/src/config/database.js:25:18)
    at async Module.getScansToday (file:///C:/Users/ludin/Desktop/salidas/scanqueue/backend/src/models/Scan.js:23:15)
    at async getTodaySummary (file:///C:/Users/ludin/Desktop/salidas/scanqueue/backend/src/controllers/DashboardController.js:30:24)
Path: /api/dashboard/today

[2026-03-04T12:43:51.465Z] ERROR: 
Stack: AggregateError [ECONNREFUSED]: 
    at C:\Users\ludin\Desktop\salidas\scanqueue\backend\node_modules\pg-pool\index.js:45:11
    at process.processTicksAndRejections (node:internal/process/task_queues:105:5)
    at async query (file:///C:/Users/ludin/Desktop/salidas/scanqueue/backend/src/config/database.js:25:18)
    at async Module.getScansToday (file:///C:/Users/ludin/Desktop/salidas/scanqueue/backend/src/models/Scan.js:23:15)
    at async Module.getScanStatistics (file:///C:/Users/ludin/Desktop/salidas/scanqueue/backend/src/services/ScanService.js:76:24)
    at async getDashboardStats (file:///C:/Users/ludin/Desktop/salidas/scanqueue/backend/src/controllers/DashboardController.js:12:19)
Path: /api/dashboard/stats

[2026-03-04T12:43:51.468Z] ERROR: 
Stack: AggregateError [ECONNREFUSED]: 
    at C:\Users\ludin\Desktop\salidas\scanqueue\backend\node_modules\pg-pool\index.js:45:11
    at process.processTicksAndRejections (node:internal/process/task_queues:105:5)
    at async query (file:///C:/Users/ludin/Desktop/salidas/scanqueue/backend/src/config/database.js:25:18)
    at async Module.getScansToday (file:///C:/Users/ludin/Desktop/salidas/scanqueue/backend/src/models/Scan.js:23:15)
    at async getTodaySummary (file:///C:/Users/ludin/Desktop/salidas/scanqueue/backend/src/controllers/DashboardController.js:30:24)
Path: /api/dashboard/today

[2026-03-04T12:43:51.857Z] ERROR: 
Stack: AggregateError [ECONNREFUSED]: 
    at C:\Users\ludin\Desktop\salidas\scanqueue\backend\node_modules\pg-pool\index.js:45:11
    at process.processTicksAndRejections (node:internal/process/task_queues:105:5)
    at async query (file:///C:/Users/ludin/Desktop/salidas/scanqueue/backend/src/config/database.js:25:18)
    at async Module.getScansToday (file:///C:/Users/ludin/Desktop/salidas/scanqueue/backend/src/models/Scan.js:23:15)
    at async Module.getScanStatistics (file:///C:/Users/ludin/Desktop/salidas/scanqueue/backend/src/services/ScanService.js:76:24)
    at async getDashboardStats (file:///C:/Users/ludin/Desktop/salidas/scanqueue/backend/src/controllers/DashboardController.js:12:19)
Path: /api/dashboard/stats

[2026-03-04T12:43:51.859Z] ERROR: 
Stack: AggregateError [ECONNREFUSED]: 
    at C:\Users\ludin\Desktop\salidas\scanqueue\backend\node_modules\pg-pool\index.js:45:11
    at process.processTicksAndRejections (node:internal/process/task_queues:105:5)
    at async query (file:///C:/Users/ludin/Desktop/salidas/scanqueue/backend/src/config/database.js:25:18)
    at async Module.getScansToday (file:///C:/Users/ludin/Desktop/salidas/scanqueue/backend/src/models/Scan.js:23:15)
    at async getTodaySummary (file:///C:/Users/ludin/Desktop/salidas/scanqueue/backend/src/controllers/DashboardController.js:30:24)
Path: /api/dashboard/today

[2026-03-04T12:43:52.187Z] ERROR: 
Stack: AggregateError [ECONNREFUSED]: 
    at C:\Users\ludin\Desktop\salidas\scanqueue\backend\node_modules\pg-pool\index.js:45:11
    at process.processTicksAndRejections (node:internal/process/task_queues:105:5)
    at async query (file:///C:/Users/ludin/Desktop/salidas/scanqueue/backend/src/config/database.js:25:18)
    at async Module.getScansToday (file:///C:/Users/ludin/Desktop/salidas/scanqueue/backend/src/models/Scan.js:23:15)
    at async Module.getScanStatistics (file:///C:/Users/ludin/Desktop/salidas/scanqueue/backend/src/services/ScanService.js:76:24)
    at async getDashboardStats (file:///C:/Users/ludin/Desktop/salidas/scanqueue/backend/src/controllers/DashboardController.js:12:19)
Path: /api/dashboard/stats

[2026-03-04T12:43:52.189Z] ERROR: 
Stack: AggregateError [ECONNREFUSED]: 
    at C:\Users\ludin\Desktop\salidas\scanqueue\backend\node_modules\pg-pool\index.js:45:11
    at process.processTicksAndRejections (node:internal/process/task_queues:105:5)
    at async query (file:///C:/Users/ludin/Desktop/salidas/scanqueue/backend/src/config/database.js:25:18)
    at async Module.getScansToday (file:///C:/Users/ludin/Desktop/salidas/scanqueue/backend/src/models/Scan.js:23:15)
    at async getTodaySummary (file:///C:/Users/ludin/Desktop/salidas/scanqueue/backend/src/controllers/DashboardController.js:30:24)
Path: /api/dashboard/today

[2026-03-04T12:43:52.560Z] ERROR: 
Stack: AggregateError [ECONNREFUSED]: 
    at C:\Users\ludin\Desktop\salidas\scanqueue\backend\node_modules\pg-pool\index.js:45:11
    at process.processTicksAndRejections (node:internal/process/task_queues:105:5)
    at async query (file:///C:/Users/ludin/Desktop/salidas/scanqueue/backend/src/config/database.js:25:18)
    at async Module.getScansToday (file:///C:/Users/ludin/Desktop/salidas/scanqueue/backend/src/models/Scan.js:23:15)
    at async Module.getScanStatistics (file:///C:/Users/ludin/Desktop/salidas/scanqueue/backend/src/services/ScanService.js:76:24)
    at async getDashboardStats (file:///C:/Users/ludin/Desktop/salidas/scanqueue/backend/src/controllers/DashboardController.js:12:19)
Path: /api/dashboard/stats

[2026-03-04T12:43:52.567Z] ERROR: 
Stack: AggregateError [ECONNREFUSED]: 
    at C:\Users\ludin\Desktop\salidas\scanqueue\backend\node_modules\pg-pool\index.js:45:11
    at process.processTicksAndRejections (node:internal/process/task_queues:105:5)
    at async query (file:///C:/Users/ludin/Desktop/salidas/scanqueue/backend/src/config/database.js:25:18)
    at async Module.getScansToday (file:///C:/Users/ludin/Desktop/salidas/scanqueue/backend/src/models/Scan.js:23:15)
    at async getTodaySummary (file:///C:/Users/ludin/Desktop/salidas/scanqueue/backend/src/controllers/DashboardController.js:30:24)
Path: /api/dashboard/today

[2026-03-04T12:43:52.970Z] ERROR: 
Stack: AggregateError [ECONNREFUSED]: 
    at C:\Users\ludin\Desktop\salidas\scanqueue\backend\node_modules\pg-pool\index.js:45:11
    at process.processTicksAndRejections (node:internal/process/task_queues:105:5)
    at async query (file:///C:/Users/ludin/Desktop/salidas/scanqueue/backend/src/config/database.js:25:18)
    at async Module.getScansToday (file:///C:/Users/ludin/Desktop/salidas/scanqueue/backend/src/models/Scan.js:23:15)
    at async Module.getScanStatistics (file:///C:/Users/ludin/Desktop/salidas/scanqueue/backend/src/services/ScanService.js:76:24)
    at async getDashboardStats (file:///C:/Users/ludin/Desktop/salidas/scanqueue/backend/src/controllers/DashboardController.js:12:19)
Path: /api/dashboard/stats

[2026-03-04T12:43:52.973Z] ERROR: 
Stack: AggregateError [ECONNREFUSED]: 
    at C:\Users\ludin\Desktop\salidas\scanqueue\backend\node_modules\pg-pool\index.js:45:11
    at process.processTicksAndRejections (node:internal/process/task_queues:105:5)
    at async query (file:///C:/Users/ludin/Desktop/salidas/scanqueue/backend/src/config/database.js:25:18)
    at async Module.getScansToday (file:///C:/Users/ludin/Desktop/salidas/scanqueue/backend/src/models/Scan.js:23:15)
    at async getTodaySummary (file:///C:/Users/ludin/Desktop/salidas/scanqueue/backend/src/controllers/DashboardController.js:30:24)
Path: /api/dashboard/today

[2026-03-04T12:43:53.373Z] ERROR: 
Stack: AggregateError [ECONNREFUSED]: 
    at C:\Users\ludin\Desktop\salidas\scanqueue\backend\node_modules\pg-pool\index.js:45:11
    at process.processTicksAndRejections (node:internal/process/task_queues:105:5)
    at async query (file:///C:/Users/ludin/Desktop/salidas/scanqueue/backend/src/config/database.js:25:18)
    at async Module.getScansToday (file:///C:/Users/ludin/Desktop/salidas/scanqueue/backend/src/models/Scan.js:23:15)
    at async Module.getScanStatistics (file:///C:/Users/ludin/Desktop/salidas/scanqueue/backend/src/services/ScanService.js:76:24)
    at async getDashboardStats (file:///C:/Users/ludin/Desktop/salidas/scanqueue/backend/src/controllers/DashboardController.js:12:19)
Path: /api/dashboard/stats

[2026-03-04T12:43:53.377Z] ERROR: 
Stack: AggregateError [ECONNREFUSED]: 
    at C:\Users\ludin\Desktop\salidas\scanqueue\backend\node_modules\pg-pool\index.js:45:11
    at process.processTicksAndRejections (node:internal/process/task_queues:105:5)
    at async query (file:///C:/Users/ludin/Desktop/salidas/scanqueue/backend/src/config/database.js:25:18)
    at async Module.getScansToday (file:///C:/Users/ludin/Desktop/salidas/scanqueue/backend/src/models/Scan.js:23:15)
    at async getTodaySummary (file:///C:/Users/ludin/Desktop/salidas/scanqueue/backend/src/controllers/DashboardController.js:30:24)
Path: /api/dashboard/today

[2026-03-04T12:43:53.853Z] ERROR: 
Stack: AggregateError [ECONNREFUSED]: 
    at C:\Users\ludin\Desktop\salidas\scanqueue\backend\node_modules\pg-pool\index.js:45:11
    at process.processTicksAndRejections (node:internal/process/task_queues:105:5)
    at async query (file:///C:/Users/ludin/Desktop/salidas/scanqueue/backend/src/config/database.js:25:18)
    at async Module.getScansToday (file:///C:/Users/ludin/Desktop/salidas/scanqueue/backend/src/models/Scan.js:23:15)
    at async Module.getScanStatistics (file:///C:/Users/ludin/Desktop/salidas/scanqueue/backend/src/services/ScanService.js:76:24)
    at async getDashboardStats (file:///C:/Users/ludin/Desktop/salidas/scanqueue/backend/src/controllers/DashboardController.js:12:19)
Path: /api/dashboard/stats

[2026-03-04T12:43:53.857Z] ERROR: 
Stack: AggregateError [ECONNREFUSED]: 
    at C:\Users\ludin\Desktop\salidas\scanqueue\backend\node_modules\pg-pool\index.js:45:11
    at process.processTicksAndRejections (node:internal/process/task_queues:105:5)
    at async query (file:///C:/Users/ludin/Desktop/salidas/scanqueue/backend/src/config/database.js:25:18)
    at async Module.getScansToday (file:///C:/Users/ludin/Desktop/salidas/scanqueue/backend/src/models/Scan.js:23:15)
    at async getTodaySummary (file:///C:/Users/ludin/Desktop/salidas/scanqueue/backend/src/controllers/DashboardController.js:30:24)
Path: /api/dashboard/today

[2026-03-04T12:43:54.476Z] ERROR: 
Stack: AggregateError [ECONNREFUSED]: 
    at C:\Users\ludin\Desktop\salidas\scanqueue\backend\node_modules\pg-pool\index.js:45:11
    at process.processTicksAndRejections (node:internal/process/task_queues:105:5)
    at async query (file:///C:/Users/ludin/Desktop/salidas/scanqueue/backend/src/config/database.js:25:18)
    at async Module.getScansToday (file:///C:/Users/ludin/Desktop/salidas/scanqueue/backend/src/models/Scan.js:23:15)
    at async Module.getScanStatistics (file:///C:/Users/ludin/Desktop/salidas/scanqueue/backend/src/services/ScanService.js:76:24)
    at async getDashboardStats (file:///C:/Users/ludin/Desktop/salidas/scanqueue/backend/src/controllers/DashboardController.js:12:19)
Path: /api/dashboard/stats

[2026-03-04T12:43:54.480Z] ERROR: 
Stack: AggregateError [ECONNREFUSED]: 
    at C:\Users\ludin\Desktop\salidas\scanqueue\backend\node_modules\pg-pool\index.js:45:11
    at process.processTicksAndRejections (node:internal/process/task_queues:105:5)
    at async query (file:///C:/Users/ludin/Desktop/salidas/scanqueue/backend/src/config/database.js:25:18)
    at async Module.getScansToday (file:///C:/Users/ludin/Desktop/salidas/scanqueue/backend/src/models/Scan.js:23:15)
    at async getTodaySummary (file:///C:/Users/ludin/Desktop/salidas/scanqueue/backend/src/controllers/DashboardController.js:30:24)
Path: /api/dashboard/today

[2026-03-04T12:43:54.900Z] ERROR: 
Stack: AggregateError [ECONNREFUSED]: 
    at C:\Users\ludin\Desktop\salidas\scanqueue\backend\node_modules\pg-pool\index.js:45:11
    at process.processTicksAndRejections (node:internal/process/task_queues:105:5)
    at async query (file:///C:/Users/ludin/Desktop/salidas/scanqueue/backend/src/config/database.js:25:18)
    at async Module.getScansToday (file:///C:/Users/ludin/Desktop/salidas/scanqueue/backend/src/models/Scan.js:23:15)
    at async Module.getScanStatistics (file:///C:/Users/ludin/Desktop/salidas/scanqueue/backend/src/services/ScanService.js:76:24)
    at async getDashboardStats (file:///C:/Users/ludin/Desktop/salidas/scanqueue/backend/src/controllers/DashboardController.js:12:19)
Path: /api/dashboard/stats

[2026-03-04T12:43:54.925Z] ERROR: 
Stack: AggregateError [ECONNREFUSED]: 
    at C:\Users\ludin\Desktop\salidas\scanqueue\backend\node_modules\pg-pool\index.js:45:11
    at process.processTicksAndRejections (node:internal/process/task_queues:105:5)
    at async query (file:///C:/Users/ludin/Desktop/salidas/scanqueue/backend/src/config/database.js:25:18)
    at async Module.getScansToday (file:///C:/Users/ludin/Desktop/salidas/scanqueue/backend/src/models/Scan.js:23:15)
    at async getTodaySummary (file:///C:/Users/ludin/Desktop/salidas/scanqueue/backend/src/controllers/DashboardController.js:30:24)
Path: /api/dashboard/today

[2026-03-04T12:43:59.435Z] ERROR: 
Stack: AggregateError [ECONNREFUSED]: 
    at C:\Users\ludin\Desktop\salidas\scanqueue\backend\node_modules\pg-pool\index.js:45:11
    at process.processTicksAndRejections (node:internal/process/task_queues:105:5)
    at async query (file:///C:/Users/ludin/Desktop/salidas/scanqueue/backend/src/config/database.js:25:18)
    at async Module.getScansToday (file:///C:/Users/ludin/Desktop/salidas/scanqueue/backend/src/models/Scan.js:23:15)
    at async Module.getScanStatistics (file:///C:/Users/ludin/Desktop/salidas/scanqueue/backend/src/services/ScanService.js:76:24)
    at async getDashboardStats (file:///C:/Users/ludin/Desktop/salidas/scanqueue/backend/src/controllers/DashboardController.js:12:19)
Path: /api/dashboard/stats

[2026-03-04T12:43:59.438Z] ERROR: 
Stack: AggregateError [ECONNREFUSED]: 
    at C:\Users\ludin\Desktop\salidas\scanqueue\backend\node_modules\pg-pool\index.js:45:11
    at process.processTicksAndRejections (node:internal/process/task_queues:105:5)
    at async query (file:///C:/Users/ludin/Desktop/salidas/scanqueue/backend/src/config/database.js:25:18)
    at async Module.getScansToday (file:///C:/Users/ludin/Desktop/salidas/scanqueue/backend/src/models/Scan.js:23:15)
    at async getTodaySummary (file:///C:/Users/ludin/Desktop/salidas/scanqueue/backend/src/controllers/DashboardController.js:30:24)
Path: /api/dashboard/today

[2026-03-04T12:43:59.816Z] ERROR: 
Stack: AggregateError [ECONNREFUSED]: 
    at C:\Users\ludin\Desktop\salidas\scanqueue\backend\node_modules\pg-pool\index.js:45:11
    at process.processTicksAndRejections (node:internal/process/task_queues:105:5)
    at async query (file:///C:/Users/ludin/Desktop/salidas/scanqueue/backend/src/config/database.js:25:18)
    at async Module.getScansToday (file:///C:/Users/ludin/Desktop/salidas/scanqueue/backend/src/models/Scan.js:23:15)
    at async Module.getScanStatistics (file:///C:/Users/ludin/Desktop/salidas/scanqueue/backend/src/services/ScanService.js:76:24)
    at async getDashboardStats (file:///C:/Users/ludin/Desktop/salidas/scanqueue/backend/src/controllers/DashboardController.js:12:19)
Path: /api/dashboard/stats

[2026-03-04T12:43:59.818Z] ERROR: 
Stack: AggregateError [ECONNREFUSED]: 
    at C:\Users\ludin\Desktop\salidas\scanqueue\backend\node_modules\pg-pool\index.js:45:11
    at process.processTicksAndRejections (node:internal/process/task_queues:105:5)
    at async query (file:///C:/Users/ludin/Desktop/salidas/scanqueue/backend/src/config/database.js:25:18)
    at async Module.getScansToday (file:///C:/Users/ludin/Desktop/salidas/scanqueue/backend/src/models/Scan.js:23:15)
    at async getTodaySummary (file:///C:/Users/ludin/Desktop/salidas/scanqueue/backend/src/controllers/DashboardController.js:30:24)
Path: /api/dashboard/today

[2026-03-04T12:44:02.483Z] ERROR: 
Stack: AggregateError [ECONNREFUSED]: 
    at C:\Users\ludin\Desktop\salidas\scanqueue\backend\node_modules\pg-pool\index.js:45:11
    at process.processTicksAndRejections (node:internal/process/task_queues:105:5)
    at async query (file:///C:/Users/ludin/Desktop/salidas/scanqueue/backend/src/config/database.js:25:18)
    at async Module.getScansToday (file:///C:/Users/ludin/Desktop/salidas/scanqueue/backend/src/models/Scan.js:23:15)
    at async Module.getScanStatistics (file:///C:/Users/ludin/Desktop/salidas/scanqueue/backend/src/services/ScanService.js:76:24)
    at async getDashboardStats (file:///C:/Users/ludin/Desktop/salidas/scanqueue/backend/src/controllers/DashboardController.js:12:19)
Path: /api/dashboard/stats

[2026-03-04T12:44:02.486Z] ERROR: 
Stack: AggregateError [ECONNREFUSED]: 
    at C:\Users\ludin\Desktop\salidas\scanqueue\backend\node_modules\pg-pool\index.js:45:11
    at process.processTicksAndRejections (node:internal/process/task_queues:105:5)
    at async query (file:///C:/Users/ludin/Desktop/salidas/scanqueue/backend/src/config/database.js:25:18)
    at async Module.getScansToday (file:///C:/Users/ludin/Desktop/salidas/scanqueue/backend/src/models/Scan.js:23:15)
    at async getTodaySummary (file:///C:/Users/ludin/Desktop/salidas/scanqueue/backend/src/controllers/DashboardController.js:30:24)
Path: /api/dashboard/today

[2026-03-04T12:44:03.130Z] ERROR: 
Stack: AggregateError [ECONNREFUSED]: 
    at C:\Users\ludin\Desktop\salidas\scanqueue\backend\node_modules\pg-pool\index.js:45:11
    at process.processTicksAndRejections (node:internal/process/task_queues:105:5)
    at async query (file:///C:/Users/ludin/Desktop/salidas/scanqueue/backend/src/config/database.js:25:18)
    at async Module.getScansToday (file:///C:/Users/ludin/Desktop/salidas/scanqueue/backend/src/models/Scan.js:23:15)
    at async Module.getScanStatistics (file:///C:/Users/ludin/Desktop/salidas/scanqueue/backend/src/services/ScanService.js:76:24)
    at async getDashboardStats (file:///C:/Users/ludin/Desktop/salidas/scanqueue/backend/src/controllers/DashboardController.js:12:19)
Path: /api/dashboard/stats

[2026-03-04T12:44:03.134Z] ERROR: 
Stack: AggregateError [ECONNREFUSED]: 
    at C:\Users\ludin\Desktop\salidas\scanqueue\backend\node_modules\pg-pool\index.js:45:11
    at process.processTicksAndRejections (node:internal/process/task_queues:105:5)
    at async query (file:///C:/Users/ludin/Desktop/salidas/scanqueue/backend/src/config/database.js:25:18)
    at async Module.getScansToday (file:///C:/Users/ludin/Desktop/salidas/scanqueue/backend/src/models/Scan.js:23:15)
    at async getTodaySummary (file:///C:/Users/ludin/Desktop/salidas/scanqueue/backend/src/controllers/DashboardController.js:30:24)
Path: /api/dashboard/today

[2026-03-04T12:44:03.536Z] ERROR: 
Stack: AggregateError [ECONNREFUSED]: 
    at C:\Users\ludin\Desktop\salidas\scanqueue\backend\node_modules\pg-pool\index.js:45:11
    at process.processTicksAndRejections (node:internal/process/task_queues:105:5)
    at async query (file:///C:/Users/ludin/Desktop/salidas/scanqueue/backend/src/config/database.js:25:18)
    at async Module.getScansToday (file:///C:/Users/ludin/Desktop/salidas/scanqueue/backend/src/models/Scan.js:23:15)
    at async Module.getScanStatistics (file:///C:/Users/ludin/Desktop/salidas/scanqueue/backend/src/services/ScanService.js:76:24)
    at async getDashboardStats (file:///C:/Users/ludin/Desktop/salidas/scanqueue/backend/src/controllers/DashboardController.js:12:19)
Path: /api/dashboard/stats

[2026-03-04T12:44:03.538Z] ERROR: 
Stack: AggregateError [ECONNREFUSED]: 
    at C:\Users\ludin\Desktop\salidas\scanqueue\backend\node_modules\pg-pool\index.js:45:11
    at process.processTicksAndRejections (node:internal/process/task_queues:105:5)
    at async query (file:///C:/Users/ludin/Desktop/salidas/scanqueue/backend/src/config/database.js:25:18)
    at async Module.getScansToday (file:///C:/Users/ludin/Desktop/salidas/scanqueue/backend/src/models/Scan.js:23:15)
    at async getTodaySummary (file:///C:/Users/ludin/Desktop/salidas/scanqueue/backend/src/controllers/DashboardController.js:30:24)
Path: /api/dashboard/today

[2026-03-04T12:44:06.004Z] ERROR: 
Stack: AggregateError [ECONNREFUSED]: 
    at C:\Users\ludin\Desktop\salidas\scanqueue\backend\node_modules\pg-pool\index.js:45:11
    at process.processTicksAndRejections (node:internal/process/task_queues:105:5)
    at async query (file:///C:/Users/ludin/Desktop/salidas/scanqueue/backend/src/config/database.js:25:18)
    at async Module.getScansToday (file:///C:/Users/ludin/Desktop/salidas/scanqueue/backend/src/models/Scan.js:23:15)
    at async Module.getScanStatistics (file:///C:/Users/ludin/Desktop/salidas/scanqueue/backend/src/services/ScanService.js:76:24)
    at async getDashboardStats (file:///C:/Users/ludin/Desktop/salidas/scanqueue/backend/src/controllers/DashboardController.js:12:19)
Path: /api/dashboard/stats

[2026-03-04T12:44:06.006Z] ERROR: 
Stack: AggregateError [ECONNREFUSED]: 
    at C:\Users\ludin\Desktop\salidas\scanqueue\backend\node_modules\pg-pool\index.js:45:11
    at process.processTicksAndRejections (node:internal/process/task_queues:105:5)
    at async query (file:///C:/Users/ludin/Desktop/salidas/scanqueue/backend/src/config/database.js:25:18)
    at async Module.getScansToday (file:///C:/Users/ludin/Desktop/salidas/scanqueue/backend/src/models/Scan.js:23:15)
    at async getTodaySummary (file:///C:/Users/ludin/Desktop/salidas/scanqueue/backend/src/controllers/DashboardController.js:30:24)
Path: /api/dashboard/today

[2026-03-04T12:44:06.619Z] ERROR: 
Stack: AggregateError [ECONNREFUSED]: 
    at C:\Users\ludin\Desktop\salidas\scanqueue\backend\node_modules\pg-pool\index.js:45:11
    at process.processTicksAndRejections (node:internal/process/task_queues:105:5)
    at async query (file:///C:/Users/ludin/Desktop/salidas/scanqueue/backend/src/config/database.js:25:18)
    at async Module.getScansToday (file:///C:/Users/ludin/Desktop/salidas/scanqueue/backend/src/models/Scan.js:23:15)
    at async Module.getScanStatistics (file:///C:/Users/ludin/Desktop/salidas/scanqueue/backend/src/services/ScanService.js:76:24)
    at async getDashboardStats (file:///C:/Users/ludin/Desktop/salidas/scanqueue/backend/src/controllers/DashboardController.js:12:19)
Path: /api/dashboard/stats

[2026-03-04T12:44:06.622Z] ERROR: 
Stack: AggregateError [ECONNREFUSED]: 
    at C:\Users\ludin\Desktop\salidas\scanqueue\backend\node_modules\pg-pool\index.js:45:11
    at process.processTicksAndRejections (node:internal/process/task_queues:105:5)
    at async query (file:///C:/Users/ludin/Desktop/salidas/scanqueue/backend/src/config/database.js:25:18)
    at async Module.getScansToday (file:///C:/Users/ludin/Desktop/salidas/scanqueue/backend/src/models/Scan.js:23:15)
    at async getTodaySummary (file:///C:/Users/ludin/Desktop/salidas/scanqueue/backend/src/controllers/DashboardController.js:30:24)
Path: /api/dashboard/today

[2026-03-04T12:44:07.049Z] ERROR: 
Stack: AggregateError [ECONNREFUSED]: 
    at C:\Users\ludin\Desktop\salidas\scanqueue\backend\node_modules\pg-pool\index.js:45:11
    at process.processTicksAndRejections (node:internal/process/task_queues:105:5)
    at async query (file:///C:/Users/ludin/Desktop/salidas/scanqueue/backend/src/config/database.js:25:18)
    at async Module.getScansToday (file:///C:/Users/ludin/Desktop/salidas/scanqueue/backend/src/models/Scan.js:23:15)
    at async Module.getScanStatistics (file:///C:/Users/ludin/Desktop/salidas/scanqueue/backend/src/services/ScanService.js:76:24)
    at async getDashboardStats (file:///C:/Users/ludin/Desktop/salidas/scanqueue/backend/src/controllers/DashboardController.js:12:19)
Path: /api/dashboard/stats

[2026-03-04T12:44:07.052Z] ERROR: 
Stack: AggregateError [ECONNREFUSED]: 
    at C:\Users\ludin\Desktop\salidas\scanqueue\backend\node_modules\pg-pool\index.js:45:11
    at process.processTicksAndRejections (node:internal/process/task_queues:105:5)
    at async query (file:///C:/Users/ludin/Desktop/salidas/scanqueue/backend/src/config/database.js:25:18)
    at async Module.getScansToday (file:///C:/Users/ludin/Desktop/salidas/scanqueue/backend/src/models/Scan.js:23:15)
    at async getTodaySummary (file:///C:/Users/ludin/Desktop/salidas/scanqueue/backend/src/controllers/DashboardController.js:30:24)
Path: /api/dashboard/today

[2026-03-04T12:44:08.369Z] ERROR: 
Stack: AggregateError [ECONNREFUSED]: 
    at C:\Users\ludin\Desktop\salidas\scanqueue\backend\node_modules\pg-pool\index.js:45:11
    at process.processTicksAndRejections (node:internal/process/task_queues:105:5)
    at async query (file:///C:/Users/ludin/Desktop/salidas/scanqueue/backend/src/config/database.js:25:18)
    at async Module.getScansToday (file:///C:/Users/ludin/Desktop/salidas/scanqueue/backend/src/models/Scan.js:23:15)
    at async Module.getScanStatistics (file:///C:/Users/ludin/Desktop/salidas/scanqueue/backend/src/services/ScanService.js:76:24)
    at async getDashboardStats (file:///C:/Users/ludin/Desktop/salidas/scanqueue/backend/src/controllers/DashboardController.js:12:19)
Path: /api/dashboard/stats

[2026-03-04T12:44:08.372Z] ERROR: 
Stack: AggregateError [ECONNREFUSED]: 
    at C:\Users\ludin\Desktop\salidas\scanqueue\backend\node_modules\pg-pool\index.js:45:11
    at process.processTicksAndRejections (node:internal/process/task_queues:105:5)
    at async query (file:///C:/Users/ludin/Desktop/salidas/scanqueue/backend/src/config/database.js:25:18)
    at async Module.getScansToday (file:///C:/Users/ludin/Desktop/salidas/scanqueue/backend/src/models/Scan.js:23:15)
    at async getTodaySummary (file:///C:/Users/ludin/Desktop/salidas/scanqueue/backend/src/controllers/DashboardController.js:30:24)
Path: /api/dashboard/today

[2026-03-04T12:44:08.730Z] ERROR: 
Stack: AggregateError [ECONNREFUSED]: 
    at C:\Users\ludin\Desktop\salidas\scanqueue\backend\node_modules\pg-pool\index.js:45:11
    at process.processTicksAndRejections (node:internal/process/task_queues:105:5)
    at async query (file:///C:/Users/ludin/Desktop/salidas/scanqueue/backend/src/config/database.js:25:18)
    at async Module.getScansToday (file:///C:/Users/ludin/Desktop/salidas/scanqueue/backend/src/models/Scan.js:23:15)
    at async Module.getScanStatistics (file:///C:/Users/ludin/Desktop/salidas/scanqueue/backend/src/services/ScanService.js:76:24)
    at async getDashboardStats (file:///C:/Users/ludin/Desktop/salidas/scanqueue/backend/src/controllers/DashboardController.js:12:19)
Path: /api/dashboard/stats

[2026-03-04T12:44:08.733Z] ERROR: 
Stack: AggregateError [ECONNREFUSED]: 
    at C:\Users\ludin\Desktop\salidas\scanqueue\backend\node_modules\pg-pool\index.js:45:11
    at process.processTicksAndRejections (node:internal/process/task_queues:105:5)
    at async query (file:///C:/Users/ludin/Desktop/salidas/scanqueue/backend/src/config/database.js:25:18)
    at async Module.getScansToday (file:///C:/Users/ludin/Desktop/salidas/scanqueue/backend/src/models/Scan.js:23:15)
    at async getTodaySummary (file:///C:/Users/ludin/Desktop/salidas/scanqueue/backend/src/controllers/DashboardController.js:30:24)
Path: /api/dashboard/today

[2026-03-04T12:44:09.053Z] ERROR: 
Stack: AggregateError [ECONNREFUSED]: 
    at C:\Users\ludin\Desktop\salidas\scanqueue\backend\node_modules\pg-pool\index.js:45:11
    at process.processTicksAndRejections (node:internal/process/task_queues:105:5)
    at async query (file:///C:/Users/ludin/Desktop/salidas/scanqueue/backend/src/config/database.js:25:18)
    at async Module.getScansToday (file:///C:/Users/ludin/Desktop/salidas/scanqueue/backend/src/models/Scan.js:23:15)
    at async Module.getScanStatistics (file:///C:/Users/ludin/Desktop/salidas/scanqueue/backend/src/services/ScanService.js:76:24)
    at async getDashboardStats (file:///C:/Users/ludin/Desktop/salidas/scanqueue/backend/src/controllers/DashboardController.js:12:19)
Path: /api/dashboard/stats

[2026-03-04T12:44:09.055Z] ERROR: 
Stack: AggregateError [ECONNREFUSED]: 
    at C:\Users\ludin\Desktop\salidas\scanqueue\backend\node_modules\pg-pool\index.js:45:11
    at process.processTicksAndRejections (node:internal/process/task_queues:105:5)
    at async query (file:///C:/Users/ludin/Desktop/salidas/scanqueue/backend/src/config/database.js:25:18)
    at async Module.getScansToday (file:///C:/Users/ludin/Desktop/salidas/scanqueue/backend/src/models/Scan.js:23:15)
    at async getTodaySummary (file:///C:/Users/ludin/Desktop/salidas/scanqueue/backend/src/controllers/DashboardController.js:30:24)
Path: /api/dashboard/today

[2026-03-04T12:44:09.353Z] ERROR: 
Stack: AggregateError [ECONNREFUSED]: 
    at C:\Users\ludin\Desktop\salidas\scanqueue\backend\node_modules\pg-pool\index.js:45:11
    at process.processTicksAndRejections (node:internal/process/task_queues:105:5)
    at async query (file:///C:/Users/ludin/Desktop/salidas/scanqueue/backend/src/config/database.js:25:18)
    at async Module.getScansToday (file:///C:/Users/ludin/Desktop/salidas/scanqueue/backend/src/models/Scan.js:23:15)
    at async Module.getScanStatistics (file:///C:/Users/ludin/Desktop/salidas/scanqueue/backend/src/services/ScanService.js:76:24)
    at async getDashboardStats (file:///C:/Users/ludin/Desktop/salidas/scanqueue/backend/src/controllers/DashboardController.js:12:19)
Path: /api/dashboard/stats

[2026-03-04T12:44:09.357Z] ERROR: 
Stack: AggregateError [ECONNREFUSED]: 
    at C:\Users\ludin\Desktop\salidas\scanqueue\backend\node_modules\pg-pool\index.js:45:11
    at process.processTicksAndRejections (node:internal/process/task_queues:105:5)
    at async query (file:///C:/Users/ludin/Desktop/salidas/scanqueue/backend/src/config/database.js:25:18)
    at async Module.getScansToday (file:///C:/Users/ludin/Desktop/salidas/scanqueue/backend/src/models/Scan.js:23:15)
    at async getTodaySummary (file:///C:/Users/ludin/Desktop/salidas/scanqueue/backend/src/controllers/DashboardController.js:30:24)
Path: /api/dashboard/today

[2026-03-04T12:44:09.670Z] ERROR: 
Stack: AggregateError [ECONNREFUSED]: 
    at C:\Users\ludin\Desktop\salidas\scanqueue\backend\node_modules\pg-pool\index.js:45:11
    at process.processTicksAndRejections (node:internal/process/task_queues:105:5)
    at async query (file:///C:/Users/ludin/Desktop/salidas/scanqueue/backend/src/config/database.js:25:18)
    at async Module.getScansToday (file:///C:/Users/ludin/Desktop/salidas/scanqueue/backend/src/models/Scan.js:23:15)
    at async Module.getScanStatistics (file:///C:/Users/ludin/Desktop/salidas/scanqueue/backend/src/services/ScanService.js:76:24)
    at async getDashboardStats (file:///C:/Users/ludin/Desktop/salidas/scanqueue/backend/src/controllers/DashboardController.js:12:19)
Path: /api/dashboard/stats

[2026-03-04T12:44:09.673Z] ERROR: 
Stack: AggregateError [ECONNREFUSED]: 
    at C:\Users\ludin\Desktop\salidas\scanqueue\backend\node_modules\pg-pool\index.js:45:11
    at process.processTicksAndRejections (node:internal/process/task_queues:105:5)
    at async query (file:///C:/Users/ludin/Desktop/salidas/scanqueue/backend/src/config/database.js:25:18)
    at async Module.getScansToday (file:///C:/Users/ludin/Desktop/salidas/scanqueue/backend/src/models/Scan.js:23:15)
    at async getTodaySummary (file:///C:/Users/ludin/Desktop/salidas/scanqueue/backend/src/controllers/DashboardController.js:30:24)
Path: /api/dashboard/today

[2026-03-04T12:44:10.029Z] ERROR: 
Stack: AggregateError [ECONNREFUSED]: 
    at C:\Users\ludin\Desktop\salidas\scanqueue\backend\node_modules\pg-pool\index.js:45:11
    at process.processTicksAndRejections (node:internal/process/task_queues:105:5)
    at async query (file:///C:/Users/ludin/Desktop/salidas/scanqueue/backend/src/config/database.js:25:18)
    at async Module.getScansToday (file:///C:/Users/ludin/Desktop/salidas/scanqueue/backend/src/models/Scan.js:23:15)
    at async Module.getScanStatistics (file:///C:/Users/ludin/Desktop/salidas/scanqueue/backend/src/services/ScanService.js:76:24)
    at async getDashboardStats (file:///C:/Users/ludin/Desktop/salidas/scanqueue/backend/src/controllers/DashboardController.js:12:19)
Path: /api/dashboard/stats

[2026-03-04T12:44:10.031Z] ERROR: 
Stack: AggregateError [ECONNREFUSED]: 
    at C:\Users\ludin\Desktop\salidas\scanqueue\backend\node_modules\pg-pool\index.js:45:11
    at process.processTicksAndRejections (node:internal/process/task_queues:105:5)
    at async query (file:///C:/Users/ludin/Desktop/salidas/scanqueue/backend/src/config/database.js:25:18)
    at async Module.getScansToday (file:///C:/Users/ludin/Desktop/salidas/scanqueue/backend/src/models/Scan.js:23:15)
    at async getTodaySummary (file:///C:/Users/ludin/Desktop/salidas/scanqueue/backend/src/controllers/DashboardController.js:30:24)
Path: /api/dashboard/today

[2026-03-04T12:44:10.370Z] ERROR: 
Stack: AggregateError [ECONNREFUSED]: 
    at C:\Users\ludin\Desktop\salidas\scanqueue\backend\node_modules\pg-pool\index.js:45:11
    at process.processTicksAndRejections (node:internal/process/task_queues:105:5)
    at async query (file:///C:/Users/ludin/Desktop/salidas/scanqueue/backend/src/config/database.js:25:18)
    at async Module.getScansToday (file:///C:/Users/ludin/Desktop/salidas/scanqueue/backend/src/models/Scan.js:23:15)
    at async Module.getScanStatistics (file:///C:/Users/ludin/Desktop/salidas/scanqueue/backend/src/services/ScanService.js:76:24)
    at async getDashboardStats (file:///C:/Users/ludin/Desktop/salidas/scanqueue/backend/src/controllers/DashboardController.js:12:19)
Path: /api/dashboard/stats

[2026-03-04T12:44:10.372Z] ERROR: 
Stack: AggregateError [ECONNREFUSED]: 
    at C:\Users\ludin\Desktop\salidas\scanqueue\backend\node_modules\pg-pool\index.js:45:11
    at process.processTicksAndRejections (node:internal/process/task_queues:105:5)
    at async query (file:///C:/Users/ludin/Desktop/salidas/scanqueue/backend/src/config/database.js:25:18)
    at async Module.getScansToday (file:///C:/Users/ludin/Desktop/salidas/scanqueue/backend/src/models/Scan.js:23:15)
    at async getTodaySummary (file:///C:/Users/ludin/Desktop/salidas/scanqueue/backend/src/controllers/DashboardController.js:30:24)
Path: /api/dashboard/today

[2026-03-04T12:44:10.758Z] ERROR: 
Stack: AggregateError [ECONNREFUSED]: 
    at C:\Users\ludin\Desktop\salidas\scanqueue\backend\node_modules\pg-pool\index.js:45:11
    at process.processTicksAndRejections (node:internal/process/task_queues:105:5)
    at async query (file:///C:/Users/ludin/Desktop/salidas/scanqueue/backend/src/config/database.js:25:18)
    at async Module.getScansToday (file:///C:/Users/ludin/Desktop/salidas/scanqueue/backend/src/models/Scan.js:23:15)
    at async Module.getScanStatistics (file:///C:/Users/ludin/Desktop/salidas/scanqueue/backend/src/services/ScanService.js:76:24)
    at async getDashboardStats (file:///C:/Users/ludin/Desktop/salidas/scanqueue/backend/src/controllers/DashboardController.js:12:19)
Path: /api/dashboard/stats

[2026-03-04T12:44:10.762Z] ERROR: 
Stack: AggregateError [ECONNREFUSED]: 
    at C:\Users\ludin\Desktop\salidas\scanqueue\backend\node_modules\pg-pool\index.js:45:11
    at process.processTicksAndRejections (node:internal/process/task_queues:105:5)
    at async query (file:///C:/Users/ludin/Desktop/salidas/scanqueue/backend/src/config/database.js:25:18)
    at async Module.getScansToday (file:///C:/Users/ludin/Desktop/salidas/scanqueue/backend/src/models/Scan.js:23:15)
    at async getTodaySummary (file:///C:/Users/ludin/Desktop/salidas/scanqueue/backend/src/controllers/DashboardController.js:30:24)
Path: /api/dashboard/today

[2026-03-04T12:44:11.139Z] ERROR: 
Stack: AggregateError [ECONNREFUSED]: 
    at C:\Users\ludin\Desktop\salidas\scanqueue\backend\node_modules\pg-pool\index.js:45:11
    at process.processTicksAndRejections (node:internal/process/task_queues:105:5)
    at async query (file:///C:/Users/ludin/Desktop/salidas/scanqueue/backend/src/config/database.js:25:18)
    at async Module.getScansToday (file:///C:/Users/ludin/Desktop/salidas/scanqueue/backend/src/models/Scan.js:23:15)
    at async Module.getScanStatistics (file:///C:/Users/ludin/Desktop/salidas/scanqueue/backend/src/services/ScanService.js:76:24)
    at async getDashboardStats (file:///C:/Users/ludin/Desktop/salidas/scanqueue/backend/src/controllers/DashboardController.js:12:19)
Path: /api/dashboard/stats

[2026-03-04T12:44:11.142Z] ERROR: 
Stack: AggregateError [ECONNREFUSED]: 
    at C:\Users\ludin\Desktop\salidas\scanqueue\backend\node_modules\pg-pool\index.js:45:11
    at process.processTicksAndRejections (node:internal/process/task_queues:105:5)
    at async query (file:///C:/Users/ludin/Desktop/salidas/scanqueue/backend/src/config/database.js:25:18)
    at async Module.getScansToday (file:///C:/Users/ludin/Desktop/salidas/scanqueue/backend/src/models/Scan.js:23:15)
    at async getTodaySummary (file:///C:/Users/ludin/Desktop/salidas/scanqueue/backend/src/controllers/DashboardController.js:30:24)
Path: /api/dashboard/today

[2026-03-04T12:44:11.478Z] ERROR: 
Stack: AggregateError [ECONNREFUSED]: 
    at C:\Users\ludin\Desktop\salidas\scanqueue\backend\node_modules\pg-pool\index.js:45:11
    at process.processTicksAndRejections (node:internal/process/task_queues:105:5)
    at async query (file:///C:/Users/ludin/Desktop/salidas/scanqueue/backend/src/config/database.js:25:18)
    at async Module.getScansToday (file:///C:/Users/ludin/Desktop/salidas/scanqueue/backend/src/models/Scan.js:23:15)
    at async Module.getScanStatistics (file:///C:/Users/ludin/Desktop/salidas/scanqueue/backend/src/services/ScanService.js:76:24)
    at async getDashboardStats (file:///C:/Users/ludin/Desktop/salidas/scanqueue/backend/src/controllers/DashboardController.js:12:19)
Path: /api/dashboard/stats

[2026-03-04T12:44:11.481Z] ERROR: 
Stack: AggregateError [ECONNREFUSED]: 
    at C:\Users\ludin\Desktop\salidas\scanqueue\backend\node_modules\pg-pool\index.js:45:11
    at process.processTicksAndRejections (node:internal/process/task_queues:105:5)
    at async query (file:///C:/Users/ludin/Desktop/salidas/scanqueue/backend/src/config/database.js:25:18)
    at async Module.getScansToday (file:///C:/Users/ludin/Desktop/salidas/scanqueue/backend/src/models/Scan.js:23:15)
    at async getTodaySummary (file:///C:/Users/ludin/Desktop/salidas/scanqueue/backend/src/controllers/DashboardController.js:30:24)
Path: /api/dashboard/today

[2026-03-04T12:44:11.890Z] ERROR: 
Stack: AggregateError [ECONNREFUSED]: 
    at C:\Users\ludin\Desktop\salidas\scanqueue\backend\node_modules\pg-pool\index.js:45:11
    at process.processTicksAndRejections (node:internal/process/task_queues:105:5)
    at async query (file:///C:/Users/ludin/Desktop/salidas/scanqueue/backend/src/config/database.js:25:18)
    at async Module.getScansToday (file:///C:/Users/ludin/Desktop/salidas/scanqueue/backend/src/models/Scan.js:23:15)
    at async Module.getScanStatistics (file:///C:/Users/ludin/Desktop/salidas/scanqueue/backend/src/services/ScanService.js:76:24)
    at async getDashboardStats (file:///C:/Users/ludin/Desktop/salidas/scanqueue/backend/src/controllers/DashboardController.js:12:19)
Path: /api/dashboard/stats

[2026-03-04T12:44:11.893Z] ERROR: 
Stack: AggregateError [ECONNREFUSED]: 
    at C:\Users\ludin\Desktop\salidas\scanqueue\backend\node_modules\pg-pool\index.js:45:11
    at process.processTicksAndRejections (node:internal/process/task_queues:105:5)
    at async query (file:///C:/Users/ludin/Desktop/salidas/scanqueue/backend/src/config/database.js:25:18)
    at async Module.getScansToday (file:///C:/Users/ludin/Desktop/salidas/scanqueue/backend/src/models/Scan.js:23:15)
    at async getTodaySummary (file:///C:/Users/ludin/Desktop/salidas/scanqueue/backend/src/controllers/DashboardController.js:30:24)
Path: /api/dashboard/today

[2026-03-04T12:44:12.267Z] ERROR: 
Stack: AggregateError [ECONNREFUSED]: 
    at C:\Users\ludin\Desktop\salidas\scanqueue\backend\node_modules\pg-pool\index.js:45:11
    at process.processTicksAndRejections (node:internal/process/task_queues:105:5)
    at async query (file:///C:/Users/ludin/Desktop/salidas/scanqueue/backend/src/config/database.js:25:18)
    at async Module.getScansToday (file:///C:/Users/ludin/Desktop/salidas/scanqueue/backend/src/models/Scan.js:23:15)
    at async Module.getScanStatistics (file:///C:/Users/ludin/Desktop/salidas/scanqueue/backend/src/services/ScanService.js:76:24)
    at async getDashboardStats (file:///C:/Users/ludin/Desktop/salidas/scanqueue/backend/src/controllers/DashboardController.js:12:19)
Path: /api/dashboard/stats

[2026-03-04T12:44:12.269Z] ERROR: 
Stack: AggregateError [ECONNREFUSED]: 
    at C:\Users\ludin\Desktop\salidas\scanqueue\backend\node_modules\pg-pool\index.js:45:11
    at process.processTicksAndRejections (node:internal/process/task_queues:105:5)
    at async query (file:///C:/Users/ludin/Desktop/salidas/scanqueue/backend/src/config/database.js:25:18)
    at async Module.getScansToday (file:///C:/Users/ludin/Desktop/salidas/scanqueue/backend/src/models/Scan.js:23:15)
    at async getTodaySummary (file:///C:/Users/ludin/Desktop/salidas/scanqueue/backend/src/controllers/DashboardController.js:30:24)
Path: /api/dashboard/today

[2026-03-04T12:44:12.587Z] ERROR: 
Stack: AggregateError [ECONNREFUSED]: 
    at C:\Users\ludin\Desktop\salidas\scanqueue\backend\node_modules\pg-pool\index.js:45:11
    at process.processTicksAndRejections (node:internal/process/task_queues:105:5)
    at async query (file:///C:/Users/ludin/Desktop/salidas/scanqueue/backend/src/config/database.js:25:18)
    at async Module.getScansToday (file:///C:/Users/ludin/Desktop/salidas/scanqueue/backend/src/models/Scan.js:23:15)
    at async Module.getScanStatistics (file:///C:/Users/ludin/Desktop/salidas/scanqueue/backend/src/services/ScanService.js:76:24)
    at async getDashboardStats (file:///C:/Users/ludin/Desktop/salidas/scanqueue/backend/src/controllers/DashboardController.js:12:19)
Path: /api/dashboard/stats

[2026-03-04T12:44:12.589Z] ERROR: 
Stack: AggregateError [ECONNREFUSED]: 
    at C:\Users\ludin\Desktop\salidas\scanqueue\backend\node_modules\pg-pool\index.js:45:11
    at process.processTicksAndRejections (node:internal/process/task_queues:105:5)
    at async query (file:///C:/Users/ludin/Desktop/salidas/scanqueue/backend/src/config/database.js:25:18)
    at async Module.getScansToday (file:///C:/Users/ludin/Desktop/salidas/scanqueue/backend/src/models/Scan.js:23:15)
    at async getTodaySummary (file:///C:/Users/ludin/Desktop/salidas/scanqueue/backend/src/controllers/DashboardController.js:30:24)
Path: /api/dashboard/today

[2026-03-04T12:44:13.101Z] ERROR: 
Stack: AggregateError [ECONNREFUSED]: 
    at C:\Users\ludin\Desktop\salidas\scanqueue\backend\node_modules\pg-pool\index.js:45:11
    at process.processTicksAndRejections (node:internal/process/task_queues:105:5)
    at async query (file:///C:/Users/ludin/Desktop/salidas/scanqueue/backend/src/config/database.js:25:18)
    at async Module.getScansToday (file:///C:/Users/ludin/Desktop/salidas/scanqueue/backend/src/models/Scan.js:23:15)
    at async Module.getScanStatistics (file:///C:/Users/ludin/Desktop/salidas/scanqueue/backend/src/services/ScanService.js:76:24)
    at async getDashboardStats (file:///C:/Users/ludin/Desktop/salidas/scanqueue/backend/src/controllers/DashboardController.js:12:19)
Path: /api/dashboard/stats

[2026-03-04T12:44:13.104Z] ERROR: 
Stack: AggregateError [ECONNREFUSED]: 
    at C:\Users\ludin\Desktop\salidas\scanqueue\backend\node_modules\pg-pool\index.js:45:11
    at process.processTicksAndRejections (node:internal/process/task_queues:105:5)
    at async query (file:///C:/Users/ludin/Desktop/salidas/scanqueue/backend/src/config/database.js:25:18)
    at async Module.getScansToday (file:///C:/Users/ludin/Desktop/salidas/scanqueue/backend/src/models/Scan.js:23:15)
    at async getTodaySummary (file:///C:/Users/ludin/Desktop/salidas/scanqueue/backend/src/controllers/DashboardController.js:30:24)
Path: /api/dashboard/today

[2026-03-04T12:44:13.499Z] ERROR: 
Stack: AggregateError [ECONNREFUSED]: 
    at C:\Users\ludin\Desktop\salidas\scanqueue\backend\node_modules\pg-pool\index.js:45:11
    at process.processTicksAndRejections (node:internal/process/task_queues:105:5)
    at async query (file:///C:/Users/ludin/Desktop/salidas/scanqueue/backend/src/config/database.js:25:18)
    at async Module.getScansToday (file:///C:/Users/ludin/Desktop/salidas/scanqueue/backend/src/models/Scan.js:23:15)
    at async Module.getScanStatistics (file:///C:/Users/ludin/Desktop/salidas/scanqueue/backend/src/services/ScanService.js:76:24)
    at async getDashboardStats (file:///C:/Users/ludin/Desktop/salidas/scanqueue/backend/src/controllers/DashboardController.js:12:19)
Path: /api/dashboard/stats

[2026-03-04T12:44:13.502Z] ERROR: 
Stack: AggregateError [ECONNREFUSED]: 
    at C:\Users\ludin\Desktop\salidas\scanqueue\backend\node_modules\pg-pool\index.js:45:11
    at process.processTicksAndRejections (node:internal/process/task_queues:105:5)
    at async query (file:///C:/Users/ludin/Desktop/salidas/scanqueue/backend/src/config/database.js:25:18)
    at async Module.getScansToday (file:///C:/Users/ludin/Desktop/salidas/scanqueue/backend/src/models/Scan.js:23:15)
    at async getTodaySummary (file:///C:/Users/ludin/Desktop/salidas/scanqueue/backend/src/controllers/DashboardController.js:30:24)
Path: /api/dashboard/today

[2026-03-04T12:44:13.863Z] ERROR: 
Stack: AggregateError [ECONNREFUSED]: 
    at C:\Users\ludin\Desktop\salidas\scanqueue\backend\node_modules\pg-pool\index.js:45:11
    at process.processTicksAndRejections (node:internal/process/task_queues:105:5)
    at async query (file:///C:/Users/ludin/Desktop/salidas/scanqueue/backend/src/config/database.js:25:18)
    at async Module.getScansToday (file:///C:/Users/ludin/Desktop/salidas/scanqueue/backend/src/models/Scan.js:23:15)
    at async Module.getScanStatistics (file:///C:/Users/ludin/Desktop/salidas/scanqueue/backend/src/services/ScanService.js:76:24)
    at async getDashboardStats (file:///C:/Users/ludin/Desktop/salidas/scanqueue/backend/src/controllers/DashboardController.js:12:19)
Path: /api/dashboard/stats

[2026-03-04T12:44:13.865Z] ERROR: 
Stack: AggregateError [ECONNREFUSED]: 
    at C:\Users\ludin\Desktop\salidas\scanqueue\backend\node_modules\pg-pool\index.js:45:11
    at process.processTicksAndRejections (node:internal/process/task_queues:105:5)
    at async query (file:///C:/Users/ludin/Desktop/salidas/scanqueue/backend/src/config/database.js:25:18)
    at async Module.getScansToday (file:///C:/Users/ludin/Desktop/salidas/scanqueue/backend/src/models/Scan.js:23:15)
    at async getTodaySummary (file:///C:/Users/ludin/Desktop/salidas/scanqueue/backend/src/controllers/DashboardController.js:30:24)
Path: /api/dashboard/today

[2026-03-04T12:44:14.351Z] ERROR: 
Stack: AggregateError [ECONNREFUSED]: 
    at C:\Users\ludin\Desktop\salidas\scanqueue\backend\node_modules\pg-pool\index.js:45:11
    at process.processTicksAndRejections (node:internal/process/task_queues:105:5)
    at async query (file:///C:/Users/ludin/Desktop/salidas/scanqueue/backend/src/config/database.js:25:18)
    at async Module.getScansToday (file:///C:/Users/ludin/Desktop/salidas/scanqueue/backend/src/models/Scan.js:23:15)
    at async Module.getScanStatistics (file:///C:/Users/ludin/Desktop/salidas/scanqueue/backend/src/services/ScanService.js:76:24)
    at async getDashboardStats (file:///C:/Users/ludin/Desktop/salidas/scanqueue/backend/src/controllers/DashboardController.js:12:19)
Path: /api/dashboard/stats

[2026-03-04T12:44:14.354Z] ERROR: 
Stack: AggregateError [ECONNREFUSED]: 
    at C:\Users\ludin\Desktop\salidas\scanqueue\backend\node_modules\pg-pool\index.js:45:11
    at process.processTicksAndRejections (node:internal/process/task_queues:105:5)
    at async query (file:///C:/Users/ludin/Desktop/salidas/scanqueue/backend/src/config/database.js:25:18)
    at async Module.getScansToday (file:///C:/Users/ludin/Desktop/salidas/scanqueue/backend/src/models/Scan.js:23:15)
    at async getTodaySummary (file:///C:/Users/ludin/Desktop/salidas/scanqueue/backend/src/controllers/DashboardController.js:30:24)
Path: /api/dashboard/today

[2026-03-04T12:44:14.750Z] ERROR: 
Stack: AggregateError [ECONNREFUSED]: 
    at C:\Users\ludin\Desktop\salidas\scanqueue\backend\node_modules\pg-pool\index.js:45:11
    at process.processTicksAndRejections (node:internal/process/task_queues:105:5)
    at async query (file:///C:/Users/ludin/Desktop/salidas/scanqueue/backend/src/config/database.js:25:18)
    at async Module.getScansToday (file:///C:/Users/ludin/Desktop/salidas/scanqueue/backend/src/models/Scan.js:23:15)
    at async Module.getScanStatistics (file:///C:/Users/ludin/Desktop/salidas/scanqueue/backend/src/services/ScanService.js:76:24)
    at async getDashboardStats (file:///C:/Users/ludin/Desktop/salidas/scanqueue/backend/src/controllers/DashboardController.js:12:19)
Path: /api/dashboard/stats

[2026-03-04T12:44:14.754Z] ERROR: 
Stack: AggregateError [ECONNREFUSED]: 
    at C:\Users\ludin\Desktop\salidas\scanqueue\backend\node_modules\pg-pool\index.js:45:11
    at process.processTicksAndRejections (node:internal/process/task_queues:105:5)
    at async query (file:///C:/Users/ludin/Desktop/salidas/scanqueue/backend/src/config/database.js:25:18)
    at async Module.getScansToday (file:///C:/Users/ludin/Desktop/salidas/scanqueue/backend/src/models/Scan.js:23:15)
    at async getTodaySummary (file:///C:/Users/ludin/Desktop/salidas/scanqueue/backend/src/controllers/DashboardController.js:30:24)
Path: /api/dashboard/today

[2026-03-04T12:44:15.086Z] ERROR: 
Stack: AggregateError [ECONNREFUSED]: 
    at C:\Users\ludin\Desktop\salidas\scanqueue\backend\node_modules\pg-pool\index.js:45:11
    at process.processTicksAndRejections (node:internal/process/task_queues:105:5)
    at async query (file:///C:/Users/ludin/Desktop/salidas/scanqueue/backend/src/config/database.js:25:18)
    at async Module.getScansToday (file:///C:/Users/ludin/Desktop/salidas/scanqueue/backend/src/models/Scan.js:23:15)
    at async Module.getScanStatistics (file:///C:/Users/ludin/Desktop/salidas/scanqueue/backend/src/services/ScanService.js:76:24)
    at async getDashboardStats (file:///C:/Users/ludin/Desktop/salidas/scanqueue/backend/src/controllers/DashboardController.js:12:19)
Path: /api/dashboard/stats

[2026-03-04T12:44:15.089Z] ERROR: 
Stack: AggregateError [ECONNREFUSED]: 
    at C:\Users\ludin\Desktop\salidas\scanqueue\backend\node_modules\pg-pool\index.js:45:11
    at process.processTicksAndRejections (node:internal/process/task_queues:105:5)
    at async query (file:///C:/Users/ludin/Desktop/salidas/scanqueue/backend/src/config/database.js:25:18)
    at async Module.getScansToday (file:///C:/Users/ludin/Desktop/salidas/scanqueue/backend/src/models/Scan.js:23:15)
    at async getTodaySummary (file:///C:/Users/ludin/Desktop/salidas/scanqueue/backend/src/controllers/DashboardController.js:30:24)
Path: /api/dashboard/today

[2026-03-04T12:44:15.668Z] ERROR: 
Stack: AggregateError [ECONNREFUSED]: 
    at C:\Users\ludin\Desktop\salidas\scanqueue\backend\node_modules\pg-pool\index.js:45:11
    at process.processTicksAndRejections (node:internal/process/task_queues:105:5)
    at async query (file:///C:/Users/ludin/Desktop/salidas/scanqueue/backend/src/config/database.js:25:18)
    at async Module.getScansToday (file:///C:/Users/ludin/Desktop/salidas/scanqueue/backend/src/models/Scan.js:23:15)
    at async Module.getScanStatistics (file:///C:/Users/ludin/Desktop/salidas/scanqueue/backend/src/services/ScanService.js:76:24)
    at async getDashboardStats (file:///C:/Users/ludin/Desktop/salidas/scanqueue/backend/src/controllers/DashboardController.js:12:19)
Path: /api/dashboard/stats

[2026-03-04T12:44:15.671Z] ERROR: 
Stack: AggregateError [ECONNREFUSED]: 
    at C:\Users\ludin\Desktop\salidas\scanqueue\backend\node_modules\pg-pool\index.js:45:11
    at process.processTicksAndRejections (node:internal/process/task_queues:105:5)
    at async query (file:///C:/Users/ludin/Desktop/salidas/scanqueue/backend/src/config/database.js:25:18)
    at async Module.getScansToday (file:///C:/Users/ludin/Desktop/salidas/scanqueue/backend/src/models/Scan.js:23:15)
    at async getTodaySummary (file:///C:/Users/ludin/Desktop/salidas/scanqueue/backend/src/controllers/DashboardController.js:30:24)
Path: /api/dashboard/today

[2026-03-04T12:44:16.068Z] ERROR: 
Stack: AggregateError [ECONNREFUSED]: 
    at C:\Users\ludin\Desktop\salidas\scanqueue\backend\node_modules\pg-pool\index.js:45:11
    at process.processTicksAndRejections (node:internal/process/task_queues:105:5)
    at async query (file:///C:/Users/ludin/Desktop/salidas/scanqueue/backend/src/config/database.js:25:18)
    at async Module.getScansToday (file:///C:/Users/ludin/Desktop/salidas/scanqueue/backend/src/models/Scan.js:23:15)
    at async Module.getScanStatistics (file:///C:/Users/ludin/Desktop/salidas/scanqueue/backend/src/services/ScanService.js:76:24)
    at async getDashboardStats (file:///C:/Users/ludin/Desktop/salidas/scanqueue/backend/src/controllers/DashboardController.js:12:19)
Path: /api/dashboard/stats

[2026-03-04T12:44:16.071Z] ERROR: 
Stack: AggregateError [ECONNREFUSED]: 
    at C:\Users\ludin\Desktop\salidas\scanqueue\backend\node_modules\pg-pool\index.js:45:11
    at process.processTicksAndRejections (node:internal/process/task_queues:105:5)
    at async query (file:///C:/Users/ludin/Desktop/salidas/scanqueue/backend/src/config/database.js:25:18)
    at async Module.getScansToday (file:///C:/Users/ludin/Desktop/salidas/scanqueue/backend/src/models/Scan.js:23:15)
    at async getTodaySummary (file:///C:/Users/ludin/Desktop/salidas/scanqueue/backend/src/controllers/DashboardController.js:30:24)
Path: /api/dashboard/today

[2026-03-04T12:44:16.369Z] ERROR: 
Stack: AggregateError [ECONNREFUSED]: 
    at C:\Users\ludin\Desktop\salidas\scanqueue\backend\node_modules\pg-pool\index.js:45:11
    at process.processTicksAndRejections (node:internal/process/task_queues:105:5)
    at async query (file:///C:/Users/ludin/Desktop/salidas/scanqueue/backend/src/config/database.js:25:18)
    at async Module.getScansToday (file:///C:/Users/ludin/Desktop/salidas/scanqueue/backend/src/models/Scan.js:23:15)
    at async Module.getScanStatistics (file:///C:/Users/ludin/Desktop/salidas/scanqueue/backend/src/services/ScanService.js:76:24)
    at async getDashboardStats (file:///C:/Users/ludin/Desktop/salidas/scanqueue/backend/src/controllers/DashboardController.js:12:19)
Path: /api/dashboard/stats

[2026-03-04T12:44:16.371Z] ERROR: 
Stack: AggregateError [ECONNREFUSED]: 
    at C:\Users\ludin\Desktop\salidas\scanqueue\backend\node_modules\pg-pool\index.js:45:11
    at process.processTicksAndRejections (node:internal/process/task_queues:105:5)
    at async query (file:///C:/Users/ludin/Desktop/salidas/scanqueue/backend/src/config/database.js:25:18)
    at async Module.getScansToday (file:///C:/Users/ludin/Desktop/salidas/scanqueue/backend/src/models/Scan.js:23:15)
    at async getTodaySummary (file:///C:/Users/ludin/Desktop/salidas/scanqueue/backend/src/controllers/DashboardController.js:30:24)
Path: /api/dashboard/today

[2026-03-04T12:44:16.717Z] ERROR: 
Stack: AggregateError [ECONNREFUSED]: 
    at C:\Users\ludin\Desktop\salidas\scanqueue\backend\node_modules\pg-pool\index.js:45:11
    at process.processTicksAndRejections (node:internal/process/task_queues:105:5)
    at async query (file:///C:/Users/ludin/Desktop/salidas/scanqueue/backend/src/config/database.js:25:18)
    at async Module.getScansToday (file:///C:/Users/ludin/Desktop/salidas/scanqueue/backend/src/models/Scan.js:23:15)
    at async Module.getScanStatistics (file:///C:/Users/ludin/Desktop/salidas/scanqueue/backend/src/services/ScanService.js:76:24)
    at async getDashboardStats (file:///C:/Users/ludin/Desktop/salidas/scanqueue/backend/src/controllers/DashboardController.js:12:19)
Path: /api/dashboard/stats

[2026-03-04T12:44:16.720Z] ERROR: 
Stack: AggregateError [ECONNREFUSED]: 
    at C:\Users\ludin\Desktop\salidas\scanqueue\backend\node_modules\pg-pool\index.js:45:11
    at process.processTicksAndRejections (node:internal/process/task_queues:105:5)
    at async query (file:///C:/Users/ludin/Desktop/salidas/scanqueue/backend/src/config/database.js:25:18)
    at async Module.getScansToday (file:///C:/Users/ludin/Desktop/salidas/scanqueue/backend/src/models/Scan.js:23:15)
    at async getTodaySummary (file:///C:/Users/ludin/Desktop/salidas/scanqueue/backend/src/controllers/DashboardController.js:30:24)
Path: /api/dashboard/today

[2026-03-04T12:44:17.058Z] ERROR: 
Stack: AggregateError [ECONNREFUSED]: 
    at C:\Users\ludin\Desktop\salidas\scanqueue\backend\node_modules\pg-pool\index.js:45:11
    at process.processTicksAndRejections (node:internal/process/task_queues:105:5)
    at async query (file:///C:/Users/ludin/Desktop/salidas/scanqueue/backend/src/config/database.js:25:18)
    at async Module.getScansToday (file:///C:/Users/ludin/Desktop/salidas/scanqueue/backend/src/models/Scan.js:23:15)
    at async Module.getScanStatistics (file:///C:/Users/ludin/Desktop/salidas/scanqueue/backend/src/services/ScanService.js:76:24)
    at async getDashboardStats (file:///C:/Users/ludin/Desktop/salidas/scanqueue/backend/src/controllers/DashboardController.js:12:19)
Path: /api/dashboard/stats

[2026-03-04T12:44:17.060Z] ERROR: 
Stack: AggregateError [ECONNREFUSED]: 
    at C:\Users\ludin\Desktop\salidas\scanqueue\backend\node_modules\pg-pool\index.js:45:11
    at process.processTicksAndRejections (node:internal/process/task_queues:105:5)
    at async query (file:///C:/Users/ludin/Desktop/salidas/scanqueue/backend/src/config/database.js:25:18)
    at async Module.getScansToday (file:///C:/Users/ludin/Desktop/salidas/scanqueue/backend/src/models/Scan.js:23:15)
    at async getTodaySummary (file:///C:/Users/ludin/Desktop/salidas/scanqueue/backend/src/controllers/DashboardController.js:30:24)
Path: /api/dashboard/today

[2026-03-04T12:44:17.353Z] ERROR: 
Stack: AggregateError [ECONNREFUSED]: 
    at C:\Users\ludin\Desktop\salidas\scanqueue\backend\node_modules\pg-pool\index.js:45:11
    at process.processTicksAndRejections (node:internal/process/task_queues:105:5)
    at async query (file:///C:/Users/ludin/Desktop/salidas/scanqueue/backend/src/config/database.js:25:18)
    at async Module.getScansToday (file:///C:/Users/ludin/Desktop/salidas/scanqueue/backend/src/models/Scan.js:23:15)
    at async Module.getScanStatistics (file:///C:/Users/ludin/Desktop/salidas/scanqueue/backend/src/services/ScanService.js:76:24)
    at async getDashboardStats (file:///C:/Users/ludin/Desktop/salidas/scanqueue/backend/src/controllers/DashboardController.js:12:19)
Path: /api/dashboard/stats

[2026-03-04T12:44:17.355Z] ERROR: 
Stack: AggregateError [ECONNREFUSED]: 
    at C:\Users\ludin\Desktop\salidas\scanqueue\backend\node_modules\pg-pool\index.js:45:11
    at process.processTicksAndRejections (node:internal/process/task_queues:105:5)
    at async query (file:///C:/Users/ludin/Desktop/salidas/scanqueue/backend/src/config/database.js:25:18)
    at async Module.getScansToday (file:///C:/Users/ludin/Desktop/salidas/scanqueue/backend/src/models/Scan.js:23:15)
    at async getTodaySummary (file:///C:/Users/ludin/Desktop/salidas/scanqueue/backend/src/controllers/DashboardController.js:30:24)
Path: /api/dashboard/today

[2026-03-04T12:44:17.752Z] ERROR: 
Stack: AggregateError [ECONNREFUSED]: 
    at C:\Users\ludin\Desktop\salidas\scanqueue\backend\node_modules\pg-pool\index.js:45:11
    at process.processTicksAndRejections (node:internal/process/task_queues:105:5)
    at async query (file:///C:/Users/ludin/Desktop/salidas/scanqueue/backend/src/config/database.js:25:18)
    at async Module.getScansToday (file:///C:/Users/ludin/Desktop/salidas/scanqueue/backend/src/models/Scan.js:23:15)
    at async Module.getScanStatistics (file:///C:/Users/ludin/Desktop/salidas/scanqueue/backend/src/services/ScanService.js:76:24)
    at async getDashboardStats (file:///C:/Users/ludin/Desktop/salidas/scanqueue/backend/src/controllers/DashboardController.js:12:19)
Path: /api/dashboard/stats

[2026-03-04T12:44:17.753Z] ERROR: 
Stack: AggregateError [ECONNREFUSED]: 
    at C:\Users\ludin\Desktop\salidas\scanqueue\backend\node_modules\pg-pool\index.js:45:11
    at process.processTicksAndRejections (node:internal/process/task_queues:105:5)
    at async query (file:///C:/Users/ludin/Desktop/salidas/scanqueue/backend/src/config/database.js:25:18)
    at async Module.getScansToday (file:///C:/Users/ludin/Desktop/salidas/scanqueue/backend/src/models/Scan.js:23:15)
    at async getTodaySummary (file:///C:/Users/ludin/Desktop/salidas/scanqueue/backend/src/controllers/DashboardController.js:30:24)
Path: /api/dashboard/today

[2026-03-04T12:44:18.066Z] ERROR: 
Stack: AggregateError [ECONNREFUSED]: 
    at C:\Users\ludin\Desktop\salidas\scanqueue\backend\node_modules\pg-pool\index.js:45:11
    at process.processTicksAndRejections (node:internal/process/task_queues:105:5)
    at async query (file:///C:/Users/ludin/Desktop/salidas/scanqueue/backend/src/config/database.js:25:18)
    at async Module.getScansToday (file:///C:/Users/ludin/Desktop/salidas/scanqueue/backend/src/models/Scan.js:23:15)
    at async Module.getScanStatistics (file:///C:/Users/ludin/Desktop/salidas/scanqueue/backend/src/services/ScanService.js:76:24)
    at async getDashboardStats (file:///C:/Users/ludin/Desktop/salidas/scanqueue/backend/src/controllers/DashboardController.js:12:19)
Path: /api/dashboard/stats

[2026-03-04T12:44:18.068Z] ERROR: 
Stack: AggregateError [ECONNREFUSED]: 
    at C:\Users\ludin\Desktop\salidas\scanqueue\backend\node_modules\pg-pool\index.js:45:11
    at process.processTicksAndRejections (node:internal/process/task_queues:105:5)
    at async query (file:///C:/Users/ludin/Desktop/salidas/scanqueue/backend/src/config/database.js:25:18)
    at async Module.getScansToday (file:///C:/Users/ludin/Desktop/salidas/scanqueue/backend/src/models/Scan.js:23:15)
    at async getTodaySummary (file:///C:/Users/ludin/Desktop/salidas/scanqueue/backend/src/controllers/DashboardController.js:30:24)
Path: /api/dashboard/today

[2026-03-04T12:44:18.375Z] ERROR: 
Stack: AggregateError [ECONNREFUSED]: 
    at C:\Users\ludin\Desktop\salidas\scanqueue\backend\node_modules\pg-pool\index.js:45:11
    at process.processTicksAndRejections (node:internal/process/task_queues:105:5)
    at async query (file:///C:/Users/ludin/Desktop/salidas/scanqueue/backend/src/config/database.js:25:18)
    at async Module.getScansToday (file:///C:/Users/ludin/Desktop/salidas/scanqueue/backend/src/models/Scan.js:23:15)
    at async Module.getScanStatistics (file:///C:/Users/ludin/Desktop/salidas/scanqueue/backend/src/services/ScanService.js:76:24)
    at async getDashboardStats (file:///C:/Users/ludin/Desktop/salidas/scanqueue/backend/src/controllers/DashboardController.js:12:19)
Path: /api/dashboard/stats

[2026-03-04T12:44:18.377Z] ERROR: 
Stack: AggregateError [ECONNREFUSED]: 
    at C:\Users\ludin\Desktop\salidas\scanqueue\backend\node_modules\pg-pool\index.js:45:11
    at process.processTicksAndRejections (node:internal/process/task_queues:105:5)
    at async query (file:///C:/Users/ludin/Desktop/salidas/scanqueue/backend/src/config/database.js:25:18)
    at async Module.getScansToday (file:///C:/Users/ludin/Desktop/salidas/scanqueue/backend/src/models/Scan.js:23:15)
    at async getTodaySummary (file:///C:/Users/ludin/Desktop/salidas/scanqueue/backend/src/controllers/DashboardController.js:30:24)
Path: /api/dashboard/today

[2026-03-04T12:44:18.783Z] ERROR: 
Stack: AggregateError [ECONNREFUSED]: 
    at C:\Users\ludin\Desktop\salidas\scanqueue\backend\node_modules\pg-pool\index.js:45:11
    at process.processTicksAndRejections (node:internal/process/task_queues:105:5)
    at async query (file:///C:/Users/ludin/Desktop/salidas/scanqueue/backend/src/config/database.js:25:18)
    at async Module.getScansToday (file:///C:/Users/ludin/Desktop/salidas/scanqueue/backend/src/models/Scan.js:23:15)
    at async Module.getScanStatistics (file:///C:/Users/ludin/Desktop/salidas/scanqueue/backend/src/services/ScanService.js:76:24)
    at async getDashboardStats (file:///C:/Users/ludin/Desktop/salidas/scanqueue/backend/src/controllers/DashboardController.js:12:19)
Path: /api/dashboard/stats

[2026-03-04T12:44:18.787Z] ERROR: 
Stack: AggregateError [ECONNREFUSED]: 
    at C:\Users\ludin\Desktop\salidas\scanqueue\backend\node_modules\pg-pool\index.js:45:11
    at process.processTicksAndRejections (node:internal/process/task_queues:105:5)
    at async query (file:///C:/Users/ludin/Desktop/salidas/scanqueue/backend/src/config/database.js:25:18)
    at async Module.getScansToday (file:///C:/Users/ludin/Desktop/salidas/scanqueue/backend/src/models/Scan.js:23:15)
    at async getTodaySummary (file:///C:/Users/ludin/Desktop/salidas/scanqueue/backend/src/controllers/DashboardController.js:30:24)
Path: /api/dashboard/today

[2026-03-04T12:44:19.198Z] ERROR: 
Stack: AggregateError [ECONNREFUSED]: 
    at C:\Users\ludin\Desktop\salidas\scanqueue\backend\node_modules\pg-pool\index.js:45:11
    at process.processTicksAndRejections (node:internal/process/task_queues:105:5)
    at async query (file:///C:/Users/ludin/Desktop/salidas/scanqueue/backend/src/config/database.js:25:18)
    at async Module.getScansToday (file:///C:/Users/ludin/Desktop/salidas/scanqueue/backend/src/models/Scan.js:23:15)
    at async Module.getScanStatistics (file:///C:/Users/ludin/Desktop/salidas/scanqueue/backend/src/services/ScanService.js:76:24)
    at async getDashboardStats (file:///C:/Users/ludin/Desktop/salidas/scanqueue/backend/src/controllers/DashboardController.js:12:19)
Path: /api/dashboard/stats

[2026-03-04T12:44:19.201Z] ERROR: 
Stack: AggregateError [ECONNREFUSED]: 
    at C:\Users\ludin\Desktop\salidas\scanqueue\backend\node_modules\pg-pool\index.js:45:11
    at process.processTicksAndRejections (node:internal/process/task_queues:105:5)
    at async query (file:///C:/Users/ludin/Desktop/salidas/scanqueue/backend/src/config/database.js:25:18)
    at async Module.getScansToday (file:///C:/Users/ludin/Desktop/salidas/scanqueue/backend/src/models/Scan.js:23:15)
    at async getTodaySummary (file:///C:/Users/ludin/Desktop/salidas/scanqueue/backend/src/controllers/DashboardController.js:30:24)
Path: /api/dashboard/today

[2026-03-04T12:44:19.502Z] ERROR: 
Stack: AggregateError [ECONNREFUSED]: 
    at C:\Users\ludin\Desktop\salidas\scanqueue\backend\node_modules\pg-pool\index.js:45:11
    at process.processTicksAndRejections (node:internal/process/task_queues:105:5)
    at async query (file:///C:/Users/ludin/Desktop/salidas/scanqueue/backend/src/config/database.js:25:18)
    at async Module.getScansToday (file:///C:/Users/ludin/Desktop/salidas/scanqueue/backend/src/models/Scan.js:23:15)
    at async Module.getScanStatistics (file:///C:/Users/ludin/Desktop/salidas/scanqueue/backend/src/services/ScanService.js:76:24)
    at async getDashboardStats (file:///C:/Users/ludin/Desktop/salidas/scanqueue/backend/src/controllers/DashboardController.js:12:19)
Path: /api/dashboard/stats

[2026-03-04T12:44:19.505Z] ERROR: 
Stack: AggregateError [ECONNREFUSED]: 
    at C:\Users\ludin\Desktop\salidas\scanqueue\backend\node_modules\pg-pool\index.js:45:11
    at process.processTicksAndRejections (node:internal/process/task_queues:105:5)
    at async query (file:///C:/Users/ludin/Desktop/salidas/scanqueue/backend/src/config/database.js:25:18)
    at async Module.getScansToday (file:///C:/Users/ludin/Desktop/salidas/scanqueue/backend/src/models/Scan.js:23:15)
    at async getTodaySummary (file:///C:/Users/ludin/Desktop/salidas/scanqueue/backend/src/controllers/DashboardController.js:30:24)
Path: /api/dashboard/today

[2026-03-04T12:44:19.885Z] ERROR: 
Stack: AggregateError [ECONNREFUSED]: 
    at C:\Users\ludin\Desktop\salidas\scanqueue\backend\node_modules\pg-pool\index.js:45:11
    at process.processTicksAndRejections (node:internal/process/task_queues:105:5)
    at async query (file:///C:/Users/ludin/Desktop/salidas/scanqueue/backend/src/config/database.js:25:18)
    at async Module.getScansToday (file:///C:/Users/ludin/Desktop/salidas/scanqueue/backend/src/models/Scan.js:23:15)
    at async Module.getScanStatistics (file:///C:/Users/ludin/Desktop/salidas/scanqueue/backend/src/services/ScanService.js:76:24)
    at async getDashboardStats (file:///C:/Users/ludin/Desktop/salidas/scanqueue/backend/src/controllers/DashboardController.js:12:19)
Path: /api/dashboard/stats

[2026-03-04T12:44:19.887Z] ERROR: 
Stack: AggregateError [ECONNREFUSED]: 
    at C:\Users\ludin\Desktop\salidas\scanqueue\backend\node_modules\pg-pool\index.js:45:11
    at process.processTicksAndRejections (node:internal/process/task_queues:105:5)
    at async query (file:///C:/Users/ludin/Desktop/salidas/scanqueue/backend/src/config/database.js:25:18)
    at async Module.getScansToday (file:///C:/Users/ludin/Desktop/salidas/scanqueue/backend/src/models/Scan.js:23:15)
    at async getTodaySummary (file:///C:/Users/ludin/Desktop/salidas/scanqueue/backend/src/controllers/DashboardController.js:30:24)
Path: /api/dashboard/today

[2026-03-04T12:44:20.320Z] ERROR: 
Stack: AggregateError [ECONNREFUSED]: 
    at C:\Users\ludin\Desktop\salidas\scanqueue\backend\node_modules\pg-pool\index.js:45:11
    at process.processTicksAndRejections (node:internal/process/task_queues:105:5)
    at async query (file:///C:/Users/ludin/Desktop/salidas/scanqueue/backend/src/config/database.js:25:18)
    at async Module.getScansToday (file:///C:/Users/ludin/Desktop/salidas/scanqueue/backend/src/models/Scan.js:23:15)
    at async Module.getScanStatistics (file:///C:/Users/ludin/Desktop/salidas/scanqueue/backend/src/services/ScanService.js:76:24)
    at async getDashboardStats (file:///C:/Users/ludin/Desktop/salidas/scanqueue/backend/src/controllers/DashboardController.js:12:19)
Path: /api/dashboard/stats

[2026-03-04T12:44:20.323Z] ERROR: 
Stack: AggregateError [ECONNREFUSED]: 
    at C:\Users\ludin\Desktop\salidas\scanqueue\backend\node_modules\pg-pool\index.js:45:11
    at process.processTicksAndRejections (node:internal/process/task_queues:105:5)
    at async query (file:///C:/Users/ludin/Desktop/salidas/scanqueue/backend/src/config/database.js:25:18)
    at async Module.getScansToday (file:///C:/Users/ludin/Desktop/salidas/scanqueue/backend/src/models/Scan.js:23:15)
    at async getTodaySummary (file:///C:/Users/ludin/Desktop/salidas/scanqueue/backend/src/controllers/DashboardController.js:30:24)
Path: /api/dashboard/today

[2026-03-04T12:44:20.652Z] ERROR: 
Stack: AggregateError [ECONNREFUSED]: 
    at C:\Users\ludin\Desktop\salidas\scanqueue\backend\node_modules\pg-pool\index.js:45:11
    at process.processTicksAndRejections (node:internal/process/task_queues:105:5)
    at async query (file:///C:/Users/ludin/Desktop/salidas/scanqueue/backend/src/config/database.js:25:18)
    at async Module.getScansToday (file:///C:/Users/ludin/Desktop/salidas/scanqueue/backend/src/models/Scan.js:23:15)
    at async Module.getScanStatistics (file:///C:/Users/ludin/Desktop/salidas/scanqueue/backend/src/services/ScanService.js:76:24)
    at async getDashboardStats (file:///C:/Users/ludin/Desktop/salidas/scanqueue/backend/src/controllers/DashboardController.js:12:19)
Path: /api/dashboard/stats

[2026-03-04T12:44:20.654Z] ERROR: 
Stack: AggregateError [ECONNREFUSED]: 
    at C:\Users\ludin\Desktop\salidas\scanqueue\backend\node_modules\pg-pool\index.js:45:11
    at process.processTicksAndRejections (node:internal/process/task_queues:105:5)
    at async query (file:///C:/Users/ludin/Desktop/salidas/scanqueue/backend/src/config/database.js:25:18)
    at async Module.getScansToday (file:///C:/Users/ludin/Desktop/salidas/scanqueue/backend/src/models/Scan.js:23:15)
    at async getTodaySummary (file:///C:/Users/ludin/Desktop/salidas/scanqueue/backend/src/controllers/DashboardController.js:30:24)
Path: /api/dashboard/today

[2026-03-04T12:44:21.126Z] ERROR: 
Stack: AggregateError [ECONNREFUSED]: 
    at C:\Users\ludin\Desktop\salidas\scanqueue\backend\node_modules\pg-pool\index.js:45:11
    at process.processTicksAndRejections (node:internal/process/task_queues:105:5)
    at async query (file:///C:/Users/ludin/Desktop/salidas/scanqueue/backend/src/config/database.js:25:18)
    at async Module.getScansToday (file:///C:/Users/ludin/Desktop/salidas/scanqueue/backend/src/models/Scan.js:23:15)
    at async Module.getScanStatistics (file:///C:/Users/ludin/Desktop/salidas/scanqueue/backend/src/services/ScanService.js:76:24)
    at async getDashboardStats (file:///C:/Users/ludin/Desktop/salidas/scanqueue/backend/src/controllers/DashboardController.js:12:19)
Path: /api/dashboard/stats

[2026-03-04T12:44:21.129Z] ERROR: 
Stack: AggregateError [ECONNREFUSED]: 
    at C:\Users\ludin\Desktop\salidas\scanqueue\backend\node_modules\pg-pool\index.js:45:11
    at process.processTicksAndRejections (node:internal/process/task_queues:105:5)
    at async query (file:///C:/Users/ludin/Desktop/salidas/scanqueue/backend/src/config/database.js:25:18)
    at async Module.getScansToday (file:///C:/Users/ludin/Desktop/salidas/scanqueue/backend/src/models/Scan.js:23:15)
    at async getTodaySummary (file:///C:/Users/ludin/Desktop/salidas/scanqueue/backend/src/controllers/DashboardController.js:30:24)
Path: /api/dashboard/today

[2026-03-04T12:44:21.471Z] ERROR: 
Stack: AggregateError [ECONNREFUSED]: 
    at C:\Users\ludin\Desktop\salidas\scanqueue\backend\node_modules\pg-pool\index.js:45:11
    at process.processTicksAndRejections (node:internal/process/task_queues:105:5)
    at async query (file:///C:/Users/ludin/Desktop/salidas/scanqueue/backend/src/config/database.js:25:18)
    at async Module.getScansToday (file:///C:/Users/ludin/Desktop/salidas/scanqueue/backend/src/models/Scan.js:23:15)
    at async Module.getScanStatistics (file:///C:/Users/ludin/Desktop/salidas/scanqueue/backend/src/services/ScanService.js:76:24)
    at async getDashboardStats (file:///C:/Users/ludin/Desktop/salidas/scanqueue/backend/src/controllers/DashboardController.js:12:19)
Path: /api/dashboard/stats

[2026-03-04T12:44:21.473Z] ERROR: 
Stack: AggregateError [ECONNREFUSED]: 
    at C:\Users\ludin\Desktop\salidas\scanqueue\backend\node_modules\pg-pool\index.js:45:11
    at process.processTicksAndRejections (node:internal/process/task_queues:105:5)
    at async query (file:///C:/Users/ludin/Desktop/salidas/scanqueue/backend/src/config/database.js:25:18)
    at async Module.getScansToday (file:///C:/Users/ludin/Desktop/salidas/scanqueue/backend/src/models/Scan.js:23:15)
    at async getTodaySummary (file:///C:/Users/ludin/Desktop/salidas/scanqueue/backend/src/controllers/DashboardController.js:30:24)
Path: /api/dashboard/today

[2026-03-04T12:44:21.780Z] ERROR: 
Stack: AggregateError [ECONNREFUSED]: 
    at C:\Users\ludin\Desktop\salidas\scanqueue\backend\node_modules\pg-pool\index.js:45:11
    at process.processTicksAndRejections (node:internal/process/task_queues:105:5)
    at async query (file:///C:/Users/ludin/Desktop/salidas/scanqueue/backend/src/config/database.js:25:18)
    at async Module.getScansToday (file:///C:/Users/ludin/Desktop/salidas/scanqueue/backend/src/models/Scan.js:23:15)
    at async Module.getScanStatistics (file:///C:/Users/ludin/Desktop/salidas/scanqueue/backend/src/services/ScanService.js:76:24)
    at async getDashboardStats (file:///C:/Users/ludin/Desktop/salidas/scanqueue/backend/src/controllers/DashboardController.js:12:19)
Path: /api/dashboard/stats

[2026-03-04T12:44:21.782Z] ERROR: 
Stack: AggregateError [ECONNREFUSED]: 
    at C:\Users\ludin\Desktop\salidas\scanqueue\backend\node_modules\pg-pool\index.js:45:11
    at process.processTicksAndRejections (node:internal/process/task_queues:105:5)
    at async query (file:///C:/Users/ludin/Desktop/salidas/scanqueue/backend/src/config/database.js:25:18)
    at async Module.getScansToday (file:///C:/Users/ludin/Desktop/salidas/scanqueue/backend/src/models/Scan.js:23:15)
    at async getTodaySummary (file:///C:/Users/ludin/Desktop/salidas/scanqueue/backend/src/controllers/DashboardController.js:30:24)
Path: /api/dashboard/today

[2026-03-04T12:44:22.367Z] ERROR: 
Stack: AggregateError [ECONNREFUSED]: 
    at C:\Users\ludin\Desktop\salidas\scanqueue\backend\node_modules\pg-pool\index.js:45:11
    at process.processTicksAndRejections (node:internal/process/task_queues:105:5)
    at async query (file:///C:/Users/ludin/Desktop/salidas/scanqueue/backend/src/config/database.js:25:18)
    at async Module.getScansToday (file:///C:/Users/ludin/Desktop/salidas/scanqueue/backend/src/models/Scan.js:23:15)
    at async Module.getScanStatistics (file:///C:/Users/ludin/Desktop/salidas/scanqueue/backend/src/services/ScanService.js:76:24)
    at async getDashboardStats (file:///C:/Users/ludin/Desktop/salidas/scanqueue/backend/src/controllers/DashboardController.js:12:19)
Path: /api/dashboard/stats

[2026-03-04T12:44:22.371Z] ERROR: 
Stack: AggregateError [ECONNREFUSED]: 
    at C:\Users\ludin\Desktop\salidas\scanqueue\backend\node_modules\pg-pool\index.js:45:11
    at process.processTicksAndRejections (node:internal/process/task_queues:105:5)
    at async query (file:///C:/Users/ludin/Desktop/salidas/scanqueue/backend/src/config/database.js:25:18)
    at async Module.getScansToday (file:///C:/Users/ludin/Desktop/salidas/scanqueue/backend/src/models/Scan.js:23:15)
    at async getTodaySummary (file:///C:/Users/ludin/Desktop/salidas/scanqueue/backend/src/controllers/DashboardController.js:30:24)
Path: /api/dashboard/today

[2026-03-04T12:44:22.762Z] ERROR: 
Stack: AggregateError [ECONNREFUSED]: 
    at C:\Users\ludin\Desktop\salidas\scanqueue\backend\node_modules\pg-pool\index.js:45:11
    at process.processTicksAndRejections (node:internal/process/task_queues:105:5)
    at async query (file:///C:/Users/ludin/Desktop/salidas/scanqueue/backend/src/config/database.js:25:18)
    at async Module.getScansToday (file:///C:/Users/ludin/Desktop/salidas/scanqueue/backend/src/models/Scan.js:23:15)
    at async Module.getScanStatistics (file:///C:/Users/ludin/Desktop/salidas/scanqueue/backend/src/services/ScanService.js:76:24)
    at async getDashboardStats (file:///C:/Users/ludin/Desktop/salidas/scanqueue/backend/src/controllers/DashboardController.js:12:19)
Path: /api/dashboard/stats

[2026-03-04T12:44:22.764Z] ERROR: 
Stack: AggregateError [ECONNREFUSED]: 
    at C:\Users\ludin\Desktop\salidas\scanqueue\backend\node_modules\pg-pool\index.js:45:11
    at process.processTicksAndRejections (node:internal/process/task_queues:105:5)
    at async query (file:///C:/Users/ludin/Desktop/salidas/scanqueue/backend/src/config/database.js:25:18)
    at async Module.getScansToday (file:///C:/Users/ludin/Desktop/salidas/scanqueue/backend/src/models/Scan.js:23:15)
    at async getTodaySummary (file:///C:/Users/ludin/Desktop/salidas/scanqueue/backend/src/controllers/DashboardController.js:30:24)
Path: /api/dashboard/today

[2026-03-04T12:44:23.163Z] ERROR: 
Stack: AggregateError [ECONNREFUSED]: 
    at C:\Users\ludin\Desktop\salidas\scanqueue\backend\node_modules\pg-pool\index.js:45:11
    at process.processTicksAndRejections (node:internal/process/task_queues:105:5)
    at async query (file:///C:/Users/ludin/Desktop/salidas/scanqueue/backend/src/config/database.js:25:18)
    at async Module.getScansToday (file:///C:/Users/ludin/Desktop/salidas/scanqueue/backend/src/models/Scan.js:23:15)
    at async Module.getScanStatistics (file:///C:/Users/ludin/Desktop/salidas/scanqueue/backend/src/services/ScanService.js:76:24)
    at async getDashboardStats (file:///C:/Users/ludin/Desktop/salidas/scanqueue/backend/src/controllers/DashboardController.js:12:19)
Path: /api/dashboard/stats

[2026-03-04T12:44:23.167Z] ERROR: 
Stack: AggregateError [ECONNREFUSED]: 
    at C:\Users\ludin\Desktop\salidas\scanqueue\backend\node_modules\pg-pool\index.js:45:11
    at process.processTicksAndRejections (node:internal/process/task_queues:105:5)
    at async query (file:///C:/Users/ludin/Desktop/salidas/scanqueue/backend/src/config/database.js:25:18)
    at async Module.getScansToday (file:///C:/Users/ludin/Desktop/salidas/scanqueue/backend/src/models/Scan.js:23:15)
    at async getTodaySummary (file:///C:/Users/ludin/Desktop/salidas/scanqueue/backend/src/controllers/DashboardController.js:30:24)
Path: /api/dashboard/today

[2026-03-04T12:44:23.610Z] ERROR: 
Stack: AggregateError [ECONNREFUSED]: 
    at C:\Users\ludin\Desktop\salidas\scanqueue\backend\node_modules\pg-pool\index.js:45:11
    at process.processTicksAndRejections (node:internal/process/task_queues:105:5)
    at async query (file:///C:/Users/ludin/Desktop/salidas/scanqueue/backend/src/config/database.js:25:18)
    at async Module.getScansToday (file:///C:/Users/ludin/Desktop/salidas/scanqueue/backend/src/models/Scan.js:23:15)
    at async Module.getScanStatistics (file:///C:/Users/ludin/Desktop/salidas/scanqueue/backend/src/services/ScanService.js:76:24)
    at async getDashboardStats (file:///C:/Users/ludin/Desktop/salidas/scanqueue/backend/src/controllers/DashboardController.js:12:19)
Path: /api/dashboard/stats

[2026-03-04T12:44:23.614Z] ERROR: 
Stack: AggregateError [ECONNREFUSED]: 
    at C:\Users\ludin\Desktop\salidas\scanqueue\backend\node_modules\pg-pool\index.js:45:11
    at process.processTicksAndRejections (node:internal/process/task_queues:105:5)
    at async query (file:///C:/Users/ludin/Desktop/salidas/scanqueue/backend/src/config/database.js:25:18)
    at async Module.getScansToday (file:///C:/Users/ludin/Desktop/salidas/scanqueue/backend/src/models/Scan.js:23:15)
    at async getTodaySummary (file:///C:/Users/ludin/Desktop/salidas/scanqueue/backend/src/controllers/DashboardController.js:30:24)
Path: /api/dashboard/today

[2026-03-04T12:44:24.037Z] ERROR: 
Stack: AggregateError [ECONNREFUSED]: 
    at C:\Users\ludin\Desktop\salidas\scanqueue\backend\node_modules\pg-pool\index.js:45:11
    at process.processTicksAndRejections (node:internal/process/task_queues:105:5)
    at async query (file:///C:/Users/ludin/Desktop/salidas/scanqueue/backend/src/config/database.js:25:18)
    at async Module.getScansToday (file:///C:/Users/ludin/Desktop/salidas/scanqueue/backend/src/models/Scan.js:23:15)
    at async Module.getScanStatistics (file:///C:/Users/ludin/Desktop/salidas/scanqueue/backend/src/services/ScanService.js:76:24)
    at async getDashboardStats (file:///C:/Users/ludin/Desktop/salidas/scanqueue/backend/src/controllers/DashboardController.js:12:19)
Path: /api/dashboard/stats

[2026-03-04T12:44:24.041Z] ERROR: 
Stack: AggregateError [ECONNREFUSED]: 
    at C:\Users\ludin\Desktop\salidas\scanqueue\backend\node_modules\pg-pool\index.js:45:11
    at process.processTicksAndRejections (node:internal/process/task_queues:105:5)
    at async query (file:///C:/Users/ludin/Desktop/salidas/scanqueue/backend/src/config/database.js:25:18)
    at async Module.getScansToday (file:///C:/Users/ludin/Desktop/salidas/scanqueue/backend/src/models/Scan.js:23:15)
    at async getTodaySummary (file:///C:/Users/ludin/Desktop/salidas/scanqueue/backend/src/controllers/DashboardController.js:30:24)
Path: /api/dashboard/today

[2026-03-04T12:44:24.509Z] ERROR: 
Stack: AggregateError [ECONNREFUSED]: 
    at C:\Users\ludin\Desktop\salidas\scanqueue\backend\node_modules\pg-pool\index.js:45:11
    at process.processTicksAndRejections (node:internal/process/task_queues:105:5)
    at async query (file:///C:/Users/ludin/Desktop/salidas/scanqueue/backend/src/config/database.js:25:18)
    at async Module.getScansToday (file:///C:/Users/ludin/Desktop/salidas/scanqueue/backend/src/models/Scan.js:23:15)
    at async Module.getScanStatistics (file:///C:/Users/ludin/Desktop/salidas/scanqueue/backend/src/services/ScanService.js:76:24)
    at async getDashboardStats (file:///C:/Users/ludin/Desktop/salidas/scanqueue/backend/src/controllers/DashboardController.js:12:19)
Path: /api/dashboard/stats

[2026-03-04T12:44:24.512Z] ERROR: 
Stack: AggregateError [ECONNREFUSED]: 
    at C:\Users\ludin\Desktop\salidas\scanqueue\backend\node_modules\pg-pool\index.js:45:11
    at process.processTicksAndRejections (node:internal/process/task_queues:105:5)
    at async query (file:///C:/Users/ludin/Desktop/salidas/scanqueue/backend/src/config/database.js:25:18)
    at async Module.getScansToday (file:///C:/Users/ludin/Desktop/salidas/scanqueue/backend/src/models/Scan.js:23:15)
    at async getTodaySummary (file:///C:/Users/ludin/Desktop/salidas/scanqueue/backend/src/controllers/DashboardController.js:30:24)
Path: /api/dashboard/today

[2026-03-04T12:44:24.957Z] ERROR: 
Stack: AggregateError [ECONNREFUSED]: 
    at C:\Users\ludin\Desktop\salidas\scanqueue\backend\node_modules\pg-pool\index.js:45:11
    at process.processTicksAndRejections (node:internal/process/task_queues:105:5)
    at async query (file:///C:/Users/ludin/Desktop/salidas/scanqueue/backend/src/config/database.js:25:18)
    at async Module.getScansToday (file:///C:/Users/ludin/Desktop/salidas/scanqueue/backend/src/models/Scan.js:23:15)
    at async Module.getScanStatistics (file:///C:/Users/ludin/Desktop/salidas/scanqueue/backend/src/services/ScanService.js:76:24)
    at async getDashboardStats (file:///C:/Users/ludin/Desktop/salidas/scanqueue/backend/src/controllers/DashboardController.js:12:19)
Path: /api/dashboard/stats

[2026-03-04T12:44:24.960Z] ERROR: 
Stack: AggregateError [ECONNREFUSED]: 
    at C:\Users\ludin\Desktop\salidas\scanqueue\backend\node_modules\pg-pool\index.js:45:11
    at process.processTicksAndRejections (node:internal/process/task_queues:105:5)
    at async query (file:///C:/Users/ludin/Desktop/salidas/scanqueue/backend/src/config/database.js:25:18)
    at async Module.getScansToday (file:///C:/Users/ludin/Desktop/salidas/scanqueue/backend/src/models/Scan.js:23:15)
    at async getTodaySummary (file:///C:/Users/ludin/Desktop/salidas/scanqueue/backend/src/controllers/DashboardController.js:30:24)
Path: /api/dashboard/today

[2026-03-04T12:44:25.392Z] ERROR: 
Stack: AggregateError [ECONNREFUSED]: 
    at C:\Users\ludin\Desktop\salidas\scanqueue\backend\node_modules\pg-pool\index.js:45:11
    at process.processTicksAndRejections (node:internal/process/task_queues:105:5)
    at async query (file:///C:/Users/ludin/Desktop/salidas/scanqueue/backend/src/config/database.js:25:18)
    at async Module.getScansToday (file:///C:/Users/ludin/Desktop/salidas/scanqueue/backend/src/models/Scan.js:23:15)
    at async Module.getScanStatistics (file:///C:/Users/ludin/Desktop/salidas/scanqueue/backend/src/services/ScanService.js:76:24)
    at async getDashboardStats (file:///C:/Users/ludin/Desktop/salidas/scanqueue/backend/src/controllers/DashboardController.js:12:19)
Path: /api/dashboard/stats

[2026-03-04T12:44:25.395Z] ERROR: 
Stack: AggregateError [ECONNREFUSED]: 
    at C:\Users\ludin\Desktop\salidas\scanqueue\backend\node_modules\pg-pool\index.js:45:11
    at process.processTicksAndRejections (node:internal/process/task_queues:105:5)
    at async query (file:///C:/Users/ludin/Desktop/salidas/scanqueue/backend/src/config/database.js:25:18)
    at async Module.getScansToday (file:///C:/Users/ludin/Desktop/salidas/scanqueue/backend/src/models/Scan.js:23:15)
    at async getTodaySummary (file:///C:/Users/ludin/Desktop/salidas/scanqueue/backend/src/controllers/DashboardController.js:30:24)
Path: /api/dashboard/today

[2026-03-04T12:44:26.875Z] ERROR: 
Stack: AggregateError [ECONNREFUSED]: 
    at C:\Users\ludin\Desktop\salidas\scanqueue\backend\node_modules\pg-pool\index.js:45:11
    at process.processTicksAndRejections (node:internal/process/task_queues:105:5)
    at async query (file:///C:/Users/ludin/Desktop/salidas/scanqueue/backend/src/config/database.js:25:18)
    at async Module.getScansToday (file:///C:/Users/ludin/Desktop/salidas/scanqueue/backend/src/models/Scan.js:23:15)
    at async Module.getScanStatistics (file:///C:/Users/ludin/Desktop/salidas/scanqueue/backend/src/services/ScanService.js:76:24)
    at async getDashboardStats (file:///C:/Users/ludin/Desktop/salidas/scanqueue/backend/src/controllers/DashboardController.js:12:19)
Path: /api/dashboard/stats

[2026-03-04T12:44:26.879Z] ERROR: 
Stack: AggregateError [ECONNREFUSED]: 
    at C:\Users\ludin\Desktop\salidas\scanqueue\backend\node_modules\pg-pool\index.js:45:11
    at process.processTicksAndRejections (node:internal/process/task_queues:105:5)
    at async query (file:///C:/Users/ludin/Desktop/salidas/scanqueue/backend/src/config/database.js:25:18)
    at async Module.getScansToday (file:///C:/Users/ludin/Desktop/salidas/scanqueue/backend/src/models/Scan.js:23:15)
    at async getTodaySummary (file:///C:/Users/ludin/Desktop/salidas/scanqueue/backend/src/controllers/DashboardController.js:30:24)
Path: /api/dashboard/today

[2026-03-04T12:44:27.256Z] ERROR: 
Stack: AggregateError [ECONNREFUSED]: 
    at C:\Users\ludin\Desktop\salidas\scanqueue\backend\node_modules\pg-pool\index.js:45:11
    at process.processTicksAndRejections (node:internal/process/task_queues:105:5)
    at async query (file:///C:/Users/ludin/Desktop/salidas/scanqueue/backend/src/config/database.js:25:18)
    at async Module.getScansToday (file:///C:/Users/ludin/Desktop/salidas/scanqueue/backend/src/models/Scan.js:23:15)
    at async Module.getScanStatistics (file:///C:/Users/ludin/Desktop/salidas/scanqueue/backend/src/services/ScanService.js:76:24)
    at async getDashboardStats (file:///C:/Users/ludin/Desktop/salidas/scanqueue/backend/src/controllers/DashboardController.js:12:19)
Path: /api/dashboard/stats

[2026-03-04T12:44:27.260Z] ERROR: 
Stack: AggregateError [ECONNREFUSED]: 
    at C:\Users\ludin\Desktop\salidas\scanqueue\backend\node_modules\pg-pool\index.js:45:11
    at process.processTicksAndRejections (node:internal/process/task_queues:105:5)
    at async query (file:///C:/Users/ludin/Desktop/salidas/scanqueue/backend/src/config/database.js:25:18)
    at async Module.getScansToday (file:///C:/Users/ludin/Desktop/salidas/scanqueue/backend/src/models/Scan.js:23:15)
    at async getTodaySummary (file:///C:/Users/ludin/Desktop/salidas/scanqueue/backend/src/controllers/DashboardController.js:30:24)
Path: /api/dashboard/today

[2026-03-04T12:44:27.612Z] ERROR: 
Stack: AggregateError [ECONNREFUSED]: 
    at C:\Users\ludin\Desktop\salidas\scanqueue\backend\node_modules\pg-pool\index.js:45:11
    at process.processTicksAndRejections (node:internal/process/task_queues:105:5)
    at async query (file:///C:/Users/ludin/Desktop/salidas/scanqueue/backend/src/config/database.js:25:18)
    at async Module.getScansToday (file:///C:/Users/ludin/Desktop/salidas/scanqueue/backend/src/models/Scan.js:23:15)
    at async Module.getScanStatistics (file:///C:/Users/ludin/Desktop/salidas/scanqueue/backend/src/services/ScanService.js:76:24)
    at async getDashboardStats (file:///C:/Users/ludin/Desktop/salidas/scanqueue/backend/src/controllers/DashboardController.js:12:19)
Path: /api/dashboard/stats

[2026-03-04T12:44:27.616Z] ERROR: 
Stack: AggregateError [ECONNREFUSED]: 
    at C:\Users\ludin\Desktop\salidas\scanqueue\backend\node_modules\pg-pool\index.js:45:11
    at process.processTicksAndRejections (node:internal/process/task_queues:105:5)
    at async query (file:///C:/Users/ludin/Desktop/salidas/scanqueue/backend/src/config/database.js:25:18)
    at async Module.getScansToday (file:///C:/Users/ludin/Desktop/salidas/scanqueue/backend/src/models/Scan.js:23:15)
    at async getTodaySummary (file:///C:/Users/ludin/Desktop/salidas/scanqueue/backend/src/controllers/DashboardController.js:30:24)
Path: /api/dashboard/today

[2026-03-04T12:44:28.113Z] ERROR: 
Stack: AggregateError [ECONNREFUSED]: 
    at C:\Users\ludin\Desktop\salidas\scanqueue\backend\node_modules\pg-pool\index.js:45:11
    at process.processTicksAndRejections (node:internal/process/task_queues:105:5)
    at async query (file:///C:/Users/ludin/Desktop/salidas/scanqueue/backend/src/config/database.js:25:18)
    at async Module.getScansToday (file:///C:/Users/ludin/Desktop/salidas/scanqueue/backend/src/models/Scan.js:23:15)
    at async Module.getScanStatistics (file:///C:/Users/ludin/Desktop/salidas/scanqueue/backend/src/services/ScanService.js:76:24)
    at async getDashboardStats (file:///C:/Users/ludin/Desktop/salidas/scanqueue/backend/src/controllers/DashboardController.js:12:19)
Path: /api/dashboard/stats

[2026-03-04T12:44:28.116Z] ERROR: 
Stack: AggregateError [ECONNREFUSED]: 
    at C:\Users\ludin\Desktop\salidas\scanqueue\backend\node_modules\pg-pool\index.js:45:11
    at process.processTicksAndRejections (node:internal/process/task_queues:105:5)
    at async query (file:///C:/Users/ludin/Desktop/salidas/scanqueue/backend/src/config/database.js:25:18)
    at async Module.getScansToday (file:///C:/Users/ludin/Desktop/salidas/scanqueue/backend/src/models/Scan.js:23:15)
    at async getTodaySummary (file:///C:/Users/ludin/Desktop/salidas/scanqueue/backend/src/controllers/DashboardController.js:30:24)
Path: /api/dashboard/today

[2026-03-04T12:44:28.542Z] ERROR: 
Stack: AggregateError [ECONNREFUSED]: 
    at C:\Users\ludin\Desktop\salidas\scanqueue\backend\node_modules\pg-pool\index.js:45:11
    at process.processTicksAndRejections (node:internal/process/task_queues:105:5)
    at async query (file:///C:/Users/ludin/Desktop/salidas/scanqueue/backend/src/config/database.js:25:18)
    at async Module.getScansToday (file:///C:/Users/ludin/Desktop/salidas/scanqueue/backend/src/models/Scan.js:23:15)
    at async Module.getScanStatistics (file:///C:/Users/ludin/Desktop/salidas/scanqueue/backend/src/services/ScanService.js:76:24)
    at async getDashboardStats (file:///C:/Users/ludin/Desktop/salidas/scanqueue/backend/src/controllers/DashboardController.js:12:19)
Path: /api/dashboard/stats

[2026-03-04T12:44:28.545Z] ERROR: 
Stack: AggregateError [ECONNREFUSED]: 
    at C:\Users\ludin\Desktop\salidas\scanqueue\backend\node_modules\pg-pool\index.js:45:11
    at process.processTicksAndRejections (node:internal/process/task_queues:105:5)
    at async query (file:///C:/Users/ludin/Desktop/salidas/scanqueue/backend/src/config/database.js:25:18)
    at async Module.getScansToday (file:///C:/Users/ludin/Desktop/salidas/scanqueue/backend/src/models/Scan.js:23:15)
    at async getTodaySummary (file:///C:/Users/ludin/Desktop/salidas/scanqueue/backend/src/controllers/DashboardController.js:30:24)
Path: /api/dashboard/today

[2026-03-04T12:44:28.942Z] ERROR: 
Stack: AggregateError [ECONNREFUSED]: 
    at C:\Users\ludin\Desktop\salidas\scanqueue\backend\node_modules\pg-pool\index.js:45:11
    at process.processTicksAndRejections (node:internal/process/task_queues:105:5)
    at async query (file:///C:/Users/ludin/Desktop/salidas/scanqueue/backend/src/config/database.js:25:18)
    at async Module.getScansToday (file:///C:/Users/ludin/Desktop/salidas/scanqueue/backend/src/models/Scan.js:23:15)
    at async Module.getScanStatistics (file:///C:/Users/ludin/Desktop/salidas/scanqueue/backend/src/services/ScanService.js:76:24)
    at async getDashboardStats (file:///C:/Users/ludin/Desktop/salidas/scanqueue/backend/src/controllers/DashboardController.js:12:19)
Path: /api/dashboard/stats

[2026-03-04T12:44:28.946Z] ERROR: 
Stack: AggregateError [ECONNREFUSED]: 
    at C:\Users\ludin\Desktop\salidas\scanqueue\backend\node_modules\pg-pool\index.js:45:11
    at process.processTicksAndRejections (node:internal/process/task_queues:105:5)
    at async query (file:///C:/Users/ludin/Desktop/salidas/scanqueue/backend/src/config/database.js:25:18)
    at async Module.getScansToday (file:///C:/Users/ludin/Desktop/salidas/scanqueue/backend/src/models/Scan.js:23:15)
    at async getTodaySummary (file:///C:/Users/ludin/Desktop/salidas/scanqueue/backend/src/controllers/DashboardController.js:30:24)
Path: /api/dashboard/today

[2026-03-04T12:44:29.514Z] ERROR: 
Stack: AggregateError [ECONNREFUSED]: 
    at C:\Users\ludin\Desktop\salidas\scanqueue\backend\node_modules\pg-pool\index.js:45:11
    at process.processTicksAndRejections (node:internal/process/task_queues:105:5)
    at async query (file:///C:/Users/ludin/Desktop/salidas/scanqueue/backend/src/config/database.js:25:18)
    at async Module.getScansToday (file:///C:/Users/ludin/Desktop/salidas/scanqueue/backend/src/models/Scan.js:23:15)
    at async Module.getScanStatistics (file:///C:/Users/ludin/Desktop/salidas/scanqueue/backend/src/services/ScanService.js:76:24)
    at async getDashboardStats (file:///C:/Users/ludin/Desktop/salidas/scanqueue/backend/src/controllers/DashboardController.js:12:19)
Path: /api/dashboard/stats

[2026-03-04T12:44:29.525Z] ERROR: 
Stack: AggregateError [ECONNREFUSED]: 
    at C:\Users\ludin\Desktop\salidas\scanqueue\backend\node_modules\pg-pool\index.js:45:11
    at process.processTicksAndRejections (node:internal/process/task_queues:105:5)
    at async query (file:///C:/Users/ludin/Desktop/salidas/scanqueue/backend/src/config/database.js:25:18)
    at async Module.getScansToday (file:///C:/Users/ludin/Desktop/salidas/scanqueue/backend/src/models/Scan.js:23:15)
    at async getTodaySummary (file:///C:/Users/ludin/Desktop/salidas/scanqueue/backend/src/controllers/DashboardController.js:30:24)
Path: /api/dashboard/today

[2026-03-04T12:44:29.977Z] ERROR: 
Stack: AggregateError [ECONNREFUSED]: 
    at C:\Users\ludin\Desktop\salidas\scanqueue\backend\node_modules\pg-pool\index.js:45:11
    at process.processTicksAndRejections (node:internal/process/task_queues:105:5)
    at async query (file:///C:/Users/ludin/Desktop/salidas/scanqueue/backend/src/config/database.js:25:18)
    at async Module.getScansToday (file:///C:/Users/ludin/Desktop/salidas/scanqueue/backend/src/models/Scan.js:23:15)
    at async Module.getScanStatistics (file:///C:/Users/ludin/Desktop/salidas/scanqueue/backend/src/services/ScanService.js:76:24)
    at async getDashboardStats (file:///C:/Users/ludin/Desktop/salidas/scanqueue/backend/src/controllers/DashboardController.js:12:19)
Path: /api/dashboard/stats

[2026-03-04T12:44:29.980Z] ERROR: 
Stack: AggregateError [ECONNREFUSED]: 
    at C:\Users\ludin\Desktop\salidas\scanqueue\backend\node_modules\pg-pool\index.js:45:11
    at process.processTicksAndRejections (node:internal/process/task_queues:105:5)
    at async query (file:///C:/Users/ludin/Desktop/salidas/scanqueue/backend/src/config/database.js:25:18)
    at async Module.getScansToday (file:///C:/Users/ludin/Desktop/salidas/scanqueue/backend/src/models/Scan.js:23:15)
    at async getTodaySummary (file:///C:/Users/ludin/Desktop/salidas/scanqueue/backend/src/controllers/DashboardController.js:30:24)
Path: /api/dashboard/today

[2026-03-04T12:44:31.623Z] ERROR: 
Stack: AggregateError [ECONNREFUSED]: 
    at C:\Users\ludin\Desktop\salidas\scanqueue\backend\node_modules\pg-pool\index.js:45:11
    at process.processTicksAndRejections (node:internal/process/task_queues:105:5)
    at async query (file:///C:/Users/ludin/Desktop/salidas/scanqueue/backend/src/config/database.js:25:18)
    at async Module.getScansToday (file:///C:/Users/ludin/Desktop/salidas/scanqueue/backend/src/models/Scan.js:23:15)
    at async Module.getScanStatistics (file:///C:/Users/ludin/Desktop/salidas/scanqueue/backend/src/services/ScanService.js:76:24)
    at async getDashboardStats (file:///C:/Users/ludin/Desktop/salidas/scanqueue/backend/src/controllers/DashboardController.js:12:19)
Path: /api/dashboard/stats

[2026-03-04T12:44:31.633Z] ERROR: 
Stack: AggregateError [ECONNREFUSED]: 
    at C:\Users\ludin\Desktop\salidas\scanqueue\backend\node_modules\pg-pool\index.js:45:11
    at process.processTicksAndRejections (node:internal/process/task_queues:105:5)
    at async query (file:///C:/Users/ludin/Desktop/salidas/scanqueue/backend/src/config/database.js:25:18)
    at async Module.getScansToday (file:///C:/Users/ludin/Desktop/salidas/scanqueue/backend/src/models/Scan.js:23:15)
    at async getTodaySummary (file:///C:/Users/ludin/Desktop/salidas/scanqueue/backend/src/controllers/DashboardController.js:30:24)
Path: /api/dashboard/today

[2026-03-04T12:44:32.368Z] ERROR: 
Stack: AggregateError [ECONNREFUSED]: 
    at C:\Users\ludin\Desktop\salidas\scanqueue\backend\node_modules\pg-pool\index.js:45:11
    at process.processTicksAndRejections (node:internal/process/task_queues:105:5)
    at async query (file:///C:/Users/ludin/Desktop/salidas/scanqueue/backend/src/config/database.js:25:18)
    at async Module.getScansToday (file:///C:/Users/ludin/Desktop/salidas/scanqueue/backend/src/models/Scan.js:23:15)
    at async Module.getScanStatistics (file:///C:/Users/ludin/Desktop/salidas/scanqueue/backend/src/services/ScanService.js:76:24)
    at async getDashboardStats (file:///C:/Users/ludin/Desktop/salidas/scanqueue/backend/src/controllers/DashboardController.js:12:19)
Path: /api/dashboard/stats

[2026-03-04T12:44:32.374Z] ERROR: 
Stack: AggregateError [ECONNREFUSED]: 
    at C:\Users\ludin\Desktop\salidas\scanqueue\backend\node_modules\pg-pool\index.js:45:11
    at process.processTicksAndRejections (node:internal/process/task_queues:105:5)
    at async query (file:///C:/Users/ludin/Desktop/salidas/scanqueue/backend/src/config/database.js:25:18)
    at async Module.getScansToday (file:///C:/Users/ludin/Desktop/salidas/scanqueue/backend/src/models/Scan.js:23:15)
    at async getTodaySummary (file:///C:/Users/ludin/Desktop/salidas/scanqueue/backend/src/controllers/DashboardController.js:30:24)
Path: /api/dashboard/today

[2026-03-04T12:44:33.866Z] ERROR: 
Stack: AggregateError [ECONNREFUSED]: 
    at C:\Users\ludin\Desktop\salidas\scanqueue\backend\node_modules\pg-pool\index.js:45:11
    at process.processTicksAndRejections (node:internal/process/task_queues:105:5)
    at async query (file:///C:/Users/ludin/Desktop/salidas/scanqueue/backend/src/config/database.js:25:18)
    at async Module.getScansToday (file:///C:/Users/ludin/Desktop/salidas/scanqueue/backend/src/models/Scan.js:23:15)
    at async Module.getScanStatistics (file:///C:/Users/ludin/Desktop/salidas/scanqueue/backend/src/services/ScanService.js:76:24)
    at async getDashboardStats (file:///C:/Users/ludin/Desktop/salidas/scanqueue/backend/src/controllers/DashboardController.js:12:19)
Path: /api/dashboard/stats

[2026-03-04T12:44:33.870Z] ERROR: 
Stack: AggregateError [ECONNREFUSED]: 
    at C:\Users\ludin\Desktop\salidas\scanqueue\backend\node_modules\pg-pool\index.js:45:11
    at process.processTicksAndRejections (node:internal/process/task_queues:105:5)
    at async query (file:///C:/Users/ludin/Desktop/salidas/scanqueue/backend/src/config/database.js:25:18)
    at async Module.getScansToday (file:///C:/Users/ludin/Desktop/salidas/scanqueue/backend/src/models/Scan.js:23:15)
    at async getTodaySummary (file:///C:/Users/ludin/Desktop/salidas/scanqueue/backend/src/controllers/DashboardController.js:30:24)
Path: /api/dashboard/today

[2026-03-04T12:44:34.365Z] ERROR: 
Stack: AggregateError [ECONNREFUSED]: 
    at C:\Users\ludin\Desktop\salidas\scanqueue\backend\node_modules\pg-pool\index.js:45:11
    at process.processTicksAndRejections (node:internal/process/task_queues:105:5)
    at async query (file:///C:/Users/ludin/Desktop/salidas/scanqueue/backend/src/config/database.js:25:18)
    at async Module.getScansToday (file:///C:/Users/ludin/Desktop/salidas/scanqueue/backend/src/models/Scan.js:23:15)
    at async Module.getScanStatistics (file:///C:/Users/ludin/Desktop/salidas/scanqueue/backend/src/services/ScanService.js:76:24)
    at async getDashboardStats (file:///C:/Users/ludin/Desktop/salidas/scanqueue/backend/src/controllers/DashboardController.js:12:19)
Path: /api/dashboard/stats

[2026-03-04T12:44:34.369Z] ERROR: 
Stack: AggregateError [ECONNREFUSED]: 
    at C:\Users\ludin\Desktop\salidas\scanqueue\backend\node_modules\pg-pool\index.js:45:11
    at process.processTicksAndRejections (node:internal/process/task_queues:105:5)
    at async query (file:///C:/Users/ludin/Desktop/salidas/scanqueue/backend/src/config/database.js:25:18)
    at async Module.getScansToday (file:///C:/Users/ludin/Desktop/salidas/scanqueue/backend/src/models/Scan.js:23:15)
    at async getTodaySummary (file:///C:/Users/ludin/Desktop/salidas/scanqueue/backend/src/controllers/DashboardController.js:30:24)
Path: /api/dashboard/today

[2026-03-04T12:44:35.113Z] ERROR: 
Stack: AggregateError [ECONNREFUSED]: 
    at C:\Users\ludin\Desktop\salidas\scanqueue\backend\node_modules\pg-pool\index.js:45:11
    at process.processTicksAndRejections (node:internal/process/task_queues:105:5)
    at async query (file:///C:/Users/ludin/Desktop/salidas/scanqueue/backend/src/config/database.js:25:18)
    at async Module.getScansToday (file:///C:/Users/ludin/Desktop/salidas/scanqueue/backend/src/models/Scan.js:23:15)
    at async Module.getScanStatistics (file:///C:/Users/ludin/Desktop/salidas/scanqueue/backend/src/services/ScanService.js:76:24)
    at async getDashboardStats (file:///C:/Users/ludin/Desktop/salidas/scanqueue/backend/src/controllers/DashboardController.js:12:19)
Path: /api/dashboard/stats

[2026-03-04T12:44:35.122Z] ERROR: 
Stack: AggregateError [ECONNREFUSED]: 
    at C:\Users\ludin\Desktop\salidas\scanqueue\backend\node_modules\pg-pool\index.js:45:11
    at process.processTicksAndRejections (node:internal/process/task_queues:105:5)
    at async query (file:///C:/Users/ludin/Desktop/salidas/scanqueue/backend/src/config/database.js:25:18)
    at async Module.getScansToday (file:///C:/Users/ludin/Desktop/salidas/scanqueue/backend/src/models/Scan.js:23:15)
    at async getTodaySummary (file:///C:/Users/ludin/Desktop/salidas/scanqueue/backend/src/controllers/DashboardController.js:30:24)
Path: /api/dashboard/today

[2026-03-04T12:44:45.607Z] ERROR: 
Stack: AggregateError [ECONNREFUSED]: 
    at C:\Users\ludin\Desktop\salidas\scanqueue\backend\node_modules\pg-pool\index.js:45:11
    at process.processTicksAndRejections (node:internal/process/task_queues:105:5)
    at async query (file:///C:/Users/ludin/Desktop/salidas/scanqueue/backend/src/config/database.js:25:18)
    at async Module.getScansToday (file:///C:/Users/ludin/Desktop/salidas/scanqueue/backend/src/models/Scan.js:23:15)
    at async Module.getScanStatistics (file:///C:/Users/ludin/Desktop/salidas/scanqueue/backend/src/services/ScanService.js:76:24)
    at async getDashboardStats (file:///C:/Users/ludin/Desktop/salidas/scanqueue/backend/src/controllers/DashboardController.js:12:19)
Path: /api/dashboard/stats

[2026-03-04T12:44:45.614Z] ERROR: 
Stack: AggregateError [ECONNREFUSED]: 
    at C:\Users\ludin\Desktop\salidas\scanqueue\backend\node_modules\pg-pool\index.js:45:11
    at process.processTicksAndRejections (node:internal/process/task_queues:105:5)
    at async query (file:///C:/Users/ludin/Desktop/salidas/scanqueue/backend/src/config/database.js:25:18)
    at async Module.getScansToday (file:///C:/Users/ludin/Desktop/salidas/scanqueue/backend/src/models/Scan.js:23:15)
    at async getTodaySummary (file:///C:/Users/ludin/Desktop/salidas/scanqueue/backend/src/controllers/DashboardController.js:30:24)
Path: /api/dashboard/today

[2026-03-04T12:44:46.227Z] ERROR: 
Stack: AggregateError [ECONNREFUSED]: 
    at C:\Users\ludin\Desktop\salidas\scanqueue\backend\node_modules\pg-pool\index.js:45:11
    at process.processTicksAndRejections (node:internal/process/task_queues:105:5)
    at async query (file:///C:/Users/ludin/Desktop/salidas/scanqueue/backend/src/config/database.js:25:18)
    at async Module.getScansToday (file:///C:/Users/ludin/Desktop/salidas/scanqueue/backend/src/models/Scan.js:23:15)
    at async Module.getScanStatistics (file:///C:/Users/ludin/Desktop/salidas/scanqueue/backend/src/services/ScanService.js:76:24)
    at async getDashboardStats (file:///C:/Users/ludin/Desktop/salidas/scanqueue/backend/src/controllers/DashboardController.js:12:19)
Path: /api/dashboard/stats

[2026-03-04T12:44:46.232Z] ERROR: 
Stack: AggregateError [ECONNREFUSED]: 
    at C:\Users\ludin\Desktop\salidas\scanqueue\backend\node_modules\pg-pool\index.js:45:11
    at process.processTicksAndRejections (node:internal/process/task_queues:105:5)
    at async query (file:///C:/Users/ludin/Desktop/salidas/scanqueue/backend/src/config/database.js:25:18)
    at async Module.getScansToday (file:///C:/Users/ludin/Desktop/salidas/scanqueue/backend/src/models/Scan.js:23:15)
    at async getTodaySummary (file:///C:/Users/ludin/Desktop/salidas/scanqueue/backend/src/controllers/DashboardController.js:30:24)
Path: /api/dashboard/today

[2026-03-04T12:44:46.714Z] ERROR: 
Stack: AggregateError [ECONNREFUSED]: 
    at C:\Users\ludin\Desktop\salidas\scanqueue\backend\node_modules\pg-pool\index.js:45:11
    at process.processTicksAndRejections (node:internal/process/task_queues:105:5)
    at async query (file:///C:/Users/ludin/Desktop/salidas/scanqueue/backend/src/config/database.js:25:18)
    at async Module.getScansToday (file:///C:/Users/ludin/Desktop/salidas/scanqueue/backend/src/models/Scan.js:23:15)
    at async Module.getScanStatistics (file:///C:/Users/ludin/Desktop/salidas/scanqueue/backend/src/services/ScanService.js:76:24)
    at async getDashboardStats (file:///C:/Users/ludin/Desktop/salidas/scanqueue/backend/src/controllers/DashboardController.js:12:19)
Path: /api/dashboard/stats

[2026-03-04T12:44:46.717Z] ERROR: 
Stack: AggregateError [ECONNREFUSED]: 
    at C:\Users\ludin\Desktop\salidas\scanqueue\backend\node_modules\pg-pool\index.js:45:11
    at process.processTicksAndRejections (node:internal/process/task_queues:105:5)
    at async query (file:///C:/Users/ludin/Desktop/salidas/scanqueue/backend/src/config/database.js:25:18)
    at async Module.getScansToday (file:///C:/Users/ludin/Desktop/salidas/scanqueue/backend/src/models/Scan.js:23:15)
    at async getTodaySummary (file:///C:/Users/ludin/Desktop/salidas/scanqueue/backend/src/controllers/DashboardController.js:30:24)
Path: /api/dashboard/today

[2026-03-04T12:44:51.234Z] ERROR: 
Stack: AggregateError [ECONNREFUSED]: 
    at C:\Users\ludin\Desktop\salidas\scanqueue\backend\node_modules\pg-pool\index.js:45:11
    at process.processTicksAndRejections (node:internal/process/task_queues:105:5)
    at async query (file:///C:/Users/ludin/Desktop/salidas/scanqueue/backend/src/config/database.js:25:18)
    at async Module.getScansToday (file:///C:/Users/ludin/Desktop/salidas/scanqueue/backend/src/models/Scan.js:23:15)
    at async Module.getScanStatistics (file:///C:/Users/ludin/Desktop/salidas/scanqueue/backend/src/services/ScanService.js:76:24)
    at async getDashboardStats (file:///C:/Users/ludin/Desktop/salidas/scanqueue/backend/src/controllers/DashboardController.js:12:19)
Path: /api/dashboard/stats

[2026-03-04T12:44:51.237Z] ERROR: 
Stack: AggregateError [ECONNREFUSED]: 
    at C:\Users\ludin\Desktop\salidas\scanqueue\backend\node_modules\pg-pool\index.js:45:11
    at process.processTicksAndRejections (node:internal/process/task_queues:105:5)
    at async query (file:///C:/Users/ludin/Desktop/salidas/scanqueue/backend/src/config/database.js:25:18)
    at async Module.getScansToday (file:///C:/Users/ludin/Desktop/salidas/scanqueue/backend/src/models/Scan.js:23:15)
    at async getTodaySummary (file:///C:/Users/ludin/Desktop/salidas/scanqueue/backend/src/controllers/DashboardController.js:30:24)
Path: /api/dashboard/today

[2026-03-04T12:44:51.659Z] ERROR: 
Stack: AggregateError [ECONNREFUSED]: 
    at C:\Users\ludin\Desktop\salidas\scanqueue\backend\node_modules\pg-pool\index.js:45:11
    at process.processTicksAndRejections (node:internal/process/task_queues:105:5)
    at async query (file:///C:/Users/ludin/Desktop/salidas/scanqueue/backend/src/config/database.js:25:18)
    at async Module.getScansToday (file:///C:/Users/ludin/Desktop/salidas/scanqueue/backend/src/models/Scan.js:23:15)
    at async Module.getScanStatistics (file:///C:/Users/ludin/Desktop/salidas/scanqueue/backend/src/services/ScanService.js:76:24)
    at async getDashboardStats (file:///C:/Users/ludin/Desktop/salidas/scanqueue/backend/src/controllers/DashboardController.js:12:19)
Path: /api/dashboard/stats

[2026-03-04T12:44:51.661Z] ERROR: 
Stack: AggregateError [ECONNREFUSED]: 
    at C:\Users\ludin\Desktop\salidas\scanqueue\backend\node_modules\pg-pool\index.js:45:11
    at process.processTicksAndRejections (node:internal/process/task_queues:105:5)
    at async query (file:///C:/Users/ludin/Desktop/salidas/scanqueue/backend/src/config/database.js:25:18)
    at async Module.getScansToday (file:///C:/Users/ludin/Desktop/salidas/scanqueue/backend/src/models/Scan.js:23:15)
    at async getTodaySummary (file:///C:/Users/ludin/Desktop/salidas/scanqueue/backend/src/controllers/DashboardController.js:30:24)
Path: /api/dashboard/today

[2026-03-04T12:44:52.041Z] ERROR: 
Stack: AggregateError [ECONNREFUSED]: 
    at C:\Users\ludin\Desktop\salidas\scanqueue\backend\node_modules\pg-pool\index.js:45:11
    at process.processTicksAndRejections (node:internal/process/task_queues:105:5)
    at async query (file:///C:/Users/ludin/Desktop/salidas/scanqueue/backend/src/config/database.js:25:18)
    at async Module.getScansToday (file:///C:/Users/ludin/Desktop/salidas/scanqueue/backend/src/models/Scan.js:23:15)
    at async Module.getScanStatistics (file:///C:/Users/ludin/Desktop/salidas/scanqueue/backend/src/services/ScanService.js:76:24)
    at async getDashboardStats (file:///C:/Users/ludin/Desktop/salidas/scanqueue/backend/src/controllers/DashboardController.js:12:19)
Path: /api/dashboard/stats

[2026-03-04T12:44:52.044Z] ERROR: 
Stack: AggregateError [ECONNREFUSED]: 
    at C:\Users\ludin\Desktop\salidas\scanqueue\backend\node_modules\pg-pool\index.js:45:11
    at process.processTicksAndRejections (node:internal/process/task_queues:105:5)
    at async query (file:///C:/Users/ludin/Desktop/salidas/scanqueue/backend/src/config/database.js:25:18)
    at async Module.getScansToday (file:///C:/Users/ludin/Desktop/salidas/scanqueue/backend/src/models/Scan.js:23:15)
    at async getTodaySummary (file:///C:/Users/ludin/Desktop/salidas/scanqueue/backend/src/controllers/DashboardController.js:30:24)
Path: /api/dashboard/today

[2026-03-04T12:44:52.341Z] ERROR: 
Stack: AggregateError [ECONNREFUSED]: 
    at C:\Users\ludin\Desktop\salidas\scanqueue\backend\node_modules\pg-pool\index.js:45:11
    at process.processTicksAndRejections (node:internal/process/task_queues:105:5)
    at async query (file:///C:/Users/ludin/Desktop/salidas/scanqueue/backend/src/config/database.js:25:18)
    at async Module.getScansToday (file:///C:/Users/ludin/Desktop/salidas/scanqueue/backend/src/models/Scan.js:23:15)
    at async Module.getScanStatistics (file:///C:/Users/ludin/Desktop/salidas/scanqueue/backend/src/services/ScanService.js:76:24)
    at async getDashboardStats (file:///C:/Users/ludin/Desktop/salidas/scanqueue/backend/src/controllers/DashboardController.js:12:19)
Path: /api/dashboard/stats

[2026-03-04T12:44:52.344Z] ERROR: 
Stack: AggregateError [ECONNREFUSED]: 
    at C:\Users\ludin\Desktop\salidas\scanqueue\backend\node_modules\pg-pool\index.js:45:11
    at process.processTicksAndRejections (node:internal/process/task_queues:105:5)
    at async query (file:///C:/Users/ludin/Desktop/salidas/scanqueue/backend/src/config/database.js:25:18)
    at async Module.getScansToday (file:///C:/Users/ludin/Desktop/salidas/scanqueue/backend/src/models/Scan.js:23:15)
    at async getTodaySummary (file:///C:/Users/ludin/Desktop/salidas/scanqueue/backend/src/controllers/DashboardController.js:30:24)
Path: /api/dashboard/today

[2026-03-04T12:44:52.805Z] ERROR: 
Stack: AggregateError [ECONNREFUSED]: 
    at C:\Users\ludin\Desktop\salidas\scanqueue\backend\node_modules\pg-pool\index.js:45:11
    at process.processTicksAndRejections (node:internal/process/task_queues:105:5)
    at async query (file:///C:/Users/ludin/Desktop/salidas/scanqueue/backend/src/config/database.js:25:18)
    at async Module.getScansToday (file:///C:/Users/ludin/Desktop/salidas/scanqueue/backend/src/models/Scan.js:23:15)
    at async Module.getScanStatistics (file:///C:/Users/ludin/Desktop/salidas/scanqueue/backend/src/services/ScanService.js:76:24)
    at async getDashboardStats (file:///C:/Users/ludin/Desktop/salidas/scanqueue/backend/src/controllers/DashboardController.js:12:19)
Path: /api/dashboard/stats

[2026-03-04T12:44:52.807Z] ERROR: 
Stack: AggregateError [ECONNREFUSED]: 
    at C:\Users\ludin\Desktop\salidas\scanqueue\backend\node_modules\pg-pool\index.js:45:11
    at process.processTicksAndRejections (node:internal/process/task_queues:105:5)
    at async query (file:///C:/Users/ludin/Desktop/salidas/scanqueue/backend/src/config/database.js:25:18)
    at async Module.getScansToday (file:///C:/Users/ludin/Desktop/salidas/scanqueue/backend/src/models/Scan.js:23:15)
    at async getTodaySummary (file:///C:/Users/ludin/Desktop/salidas/scanqueue/backend/src/controllers/DashboardController.js:30:24)
Path: /api/dashboard/today

[2026-03-04T12:44:53.171Z] ERROR: 
Stack: AggregateError [ECONNREFUSED]: 
    at C:\Users\ludin\Desktop\salidas\scanqueue\backend\node_modules\pg-pool\index.js:45:11
    at process.processTicksAndRejections (node:internal/process/task_queues:105:5)
    at async query (file:///C:/Users/ludin/Desktop/salidas/scanqueue/backend/src/config/database.js:25:18)
    at async Module.getScansToday (file:///C:/Users/ludin/Desktop/salidas/scanqueue/backend/src/models/Scan.js:23:15)
    at async Module.getScanStatistics (file:///C:/Users/ludin/Desktop/salidas/scanqueue/backend/src/services/ScanService.js:76:24)
    at async getDashboardStats (file:///C:/Users/ludin/Desktop/salidas/scanqueue/backend/src/controllers/DashboardController.js:12:19)
Path: /api/dashboard/stats

[2026-03-04T12:44:53.176Z] ERROR: 
Stack: AggregateError [ECONNREFUSED]: 
    at C:\Users\ludin\Desktop\salidas\scanqueue\backend\node_modules\pg-pool\index.js:45:11
    at process.processTicksAndRejections (node:internal/process/task_queues:105:5)
    at async query (file:///C:/Users/ludin/Desktop/salidas/scanqueue/backend/src/config/database.js:25:18)
    at async Module.getScansToday (file:///C:/Users/ludin/Desktop/salidas/scanqueue/backend/src/models/Scan.js:23:15)
    at async getTodaySummary (file:///C:/Users/ludin/Desktop/salidas/scanqueue/backend/src/controllers/DashboardController.js:30:24)
Path: /api/dashboard/today

[2026-03-04T12:44:53.521Z] ERROR: 
Stack: AggregateError [ECONNREFUSED]: 
    at C:\Users\ludin\Desktop\salidas\scanqueue\backend\node_modules\pg-pool\index.js:45:11
    at process.processTicksAndRejections (node:internal/process/task_queues:105:5)
    at async query (file:///C:/Users/ludin/Desktop/salidas/scanqueue/backend/src/config/database.js:25:18)
    at async Module.getScansToday (file:///C:/Users/ludin/Desktop/salidas/scanqueue/backend/src/models/Scan.js:23:15)
    at async Module.getScanStatistics (file:///C:/Users/ludin/Desktop/salidas/scanqueue/backend/src/services/ScanService.js:76:24)
    at async getDashboardStats (file:///C:/Users/ludin/Desktop/salidas/scanqueue/backend/src/controllers/DashboardController.js:12:19)
Path: /api/dashboard/stats

[2026-03-04T12:44:53.523Z] ERROR: 
Stack: AggregateError [ECONNREFUSED]: 
    at C:\Users\ludin\Desktop\salidas\scanqueue\backend\node_modules\pg-pool\index.js:45:11
    at process.processTicksAndRejections (node:internal/process/task_queues:105:5)
    at async query (file:///C:/Users/ludin/Desktop/salidas/scanqueue/backend/src/config/database.js:25:18)
    at async Module.getScansToday (file:///C:/Users/ludin/Desktop/salidas/scanqueue/backend/src/models/Scan.js:23:15)
    at async getTodaySummary (file:///C:/Users/ludin/Desktop/salidas/scanqueue/backend/src/controllers/DashboardController.js:30:24)
Path: /api/dashboard/today

[2026-03-04T12:44:53.923Z] ERROR: 
Stack: AggregateError [ECONNREFUSED]: 
    at C:\Users\ludin\Desktop\salidas\scanqueue\backend\node_modules\pg-pool\index.js:45:11
    at process.processTicksAndRejections (node:internal/process/task_queues:105:5)
    at async query (file:///C:/Users/ludin/Desktop/salidas/scanqueue/backend/src/config/database.js:25:18)
    at async Module.getScansToday (file:///C:/Users/ludin/Desktop/salidas/scanqueue/backend/src/models/Scan.js:23:15)
    at async Module.getScanStatistics (file:///C:/Users/ludin/Desktop/salidas/scanqueue/backend/src/services/ScanService.js:76:24)
    at async getDashboardStats (file:///C:/Users/ludin/Desktop/salidas/scanqueue/backend/src/controllers/DashboardController.js:12:19)
Path: /api/dashboard/stats

[2026-03-04T12:44:53.925Z] ERROR: 
Stack: AggregateError [ECONNREFUSED]: 
    at C:\Users\ludin\Desktop\salidas\scanqueue\backend\node_modules\pg-pool\index.js:45:11
    at process.processTicksAndRejections (node:internal/process/task_queues:105:5)
    at async query (file:///C:/Users/ludin/Desktop/salidas/scanqueue/backend/src/config/database.js:25:18)
    at async Module.getScansToday (file:///C:/Users/ludin/Desktop/salidas/scanqueue/backend/src/models/Scan.js:23:15)
    at async getTodaySummary (file:///C:/Users/ludin/Desktop/salidas/scanqueue/backend/src/controllers/DashboardController.js:30:24)
Path: /api/dashboard/today

[2026-03-04T12:44:57.150Z] ERROR: 
Stack: AggregateError [ECONNREFUSED]: 
    at C:\Users\ludin\Desktop\salidas\scanqueue\backend\node_modules\pg-pool\index.js:45:11
    at process.processTicksAndRejections (node:internal/process/task_queues:105:5)
    at async query (file:///C:/Users/ludin/Desktop/salidas/scanqueue/backend/src/config/database.js:25:18)
    at async Module.getScansToday (file:///C:/Users/ludin/Desktop/salidas/scanqueue/backend/src/models/Scan.js:23:15)
    at async Module.getScanStatistics (file:///C:/Users/ludin/Desktop/salidas/scanqueue/backend/src/services/ScanService.js:76:24)
    at async getDashboardStats (file:///C:/Users/ludin/Desktop/salidas/scanqueue/backend/src/controllers/DashboardController.js:12:19)
Path: /api/dashboard/stats

[2026-03-04T12:44:57.152Z] ERROR: 
Stack: AggregateError [ECONNREFUSED]: 
    at C:\Users\ludin\Desktop\salidas\scanqueue\backend\node_modules\pg-pool\index.js:45:11
    at process.processTicksAndRejections (node:internal/process/task_queues:105:5)
    at async query (file:///C:/Users/ludin/Desktop/salidas/scanqueue/backend/src/config/database.js:25:18)
    at async Module.getScansToday (file:///C:/Users/ludin/Desktop/salidas/scanqueue/backend/src/models/Scan.js:23:15)
    at async getTodaySummary (file:///C:/Users/ludin/Desktop/salidas/scanqueue/backend/src/controllers/DashboardController.js:30:24)
Path: /api/dashboard/today

[2026-03-04T12:44:57.419Z] ERROR: 
Stack: AggregateError [ECONNREFUSED]: 
    at C:\Users\ludin\Desktop\salidas\scanqueue\backend\node_modules\pg-pool\index.js:45:11
    at process.processTicksAndRejections (node:internal/process/task_queues:105:5)
    at async query (file:///C:/Users/ludin/Desktop/salidas/scanqueue/backend/src/config/database.js:25:18)
    at async Module.getScansToday (file:///C:/Users/ludin/Desktop/salidas/scanqueue/backend/src/models/Scan.js:23:15)
    at async Module.getScanStatistics (file:///C:/Users/ludin/Desktop/salidas/scanqueue/backend/src/services/ScanService.js:76:24)
    at async getDashboardStats (file:///C:/Users/ludin/Desktop/salidas/scanqueue/backend/src/controllers/DashboardController.js:12:19)
Path: /api/dashboard/stats

[2026-03-04T12:44:57.421Z] ERROR: 
Stack: AggregateError [ECONNREFUSED]: 
    at C:\Users\ludin\Desktop\salidas\scanqueue\backend\node_modules\pg-pool\index.js:45:11
    at process.processTicksAndRejections (node:internal/process/task_queues:105:5)
    at async query (file:///C:/Users/ludin/Desktop/salidas/scanqueue/backend/src/config/database.js:25:18)
    at async Module.getScansToday (file:///C:/Users/ludin/Desktop/salidas/scanqueue/backend/src/models/Scan.js:23:15)
    at async getTodaySummary (file:///C:/Users/ludin/Desktop/salidas/scanqueue/backend/src/controllers/DashboardController.js:30:24)
Path: /api/dashboard/today

[2026-03-04T12:44:57.848Z] ERROR: 
Stack: AggregateError [ECONNREFUSED]: 
    at C:\Users\ludin\Desktop\salidas\scanqueue\backend\node_modules\pg-pool\index.js:45:11
    at process.processTicksAndRejections (node:internal/process/task_queues:105:5)
    at async query (file:///C:/Users/ludin/Desktop/salidas/scanqueue/backend/src/config/database.js:25:18)
    at async Module.getScansToday (file:///C:/Users/ludin/Desktop/salidas/scanqueue/backend/src/models/Scan.js:23:15)
    at async Module.getScanStatistics (file:///C:/Users/ludin/Desktop/salidas/scanqueue/backend/src/services/ScanService.js:76:24)
    at async getDashboardStats (file:///C:/Users/ludin/Desktop/salidas/scanqueue/backend/src/controllers/DashboardController.js:12:19)
Path: /api/dashboard/stats

[2026-03-04T12:44:57.850Z] ERROR: 
Stack: AggregateError [ECONNREFUSED]: 
    at C:\Users\ludin\Desktop\salidas\scanqueue\backend\node_modules\pg-pool\index.js:45:11
    at process.processTicksAndRejections (node:internal/process/task_queues:105:5)
    at async query (file:///C:/Users/ludin/Desktop/salidas/scanqueue/backend/src/config/database.js:25:18)
    at async Module.getScansToday (file:///C:/Users/ludin/Desktop/salidas/scanqueue/backend/src/models/Scan.js:23:15)
    at async getTodaySummary (file:///C:/Users/ludin/Desktop/salidas/scanqueue/backend/src/controllers/DashboardController.js:30:24)
Path: /api/dashboard/today

[2026-03-04T12:44:58.240Z] ERROR: 
Stack: AggregateError [ECONNREFUSED]: 
    at C:\Users\ludin\Desktop\salidas\scanqueue\backend\node_modules\pg-pool\index.js:45:11
    at process.processTicksAndRejections (node:internal/process/task_queues:105:5)
    at async query (file:///C:/Users/ludin/Desktop/salidas/scanqueue/backend/src/config/database.js:25:18)
    at async Module.getScansToday (file:///C:/Users/ludin/Desktop/salidas/scanqueue/backend/src/models/Scan.js:23:15)
    at async Module.getScanStatistics (file:///C:/Users/ludin/Desktop/salidas/scanqueue/backend/src/services/ScanService.js:76:24)
    at async getDashboardStats (file:///C:/Users/ludin/Desktop/salidas/scanqueue/backend/src/controllers/DashboardController.js:12:19)
Path: /api/dashboard/stats

[2026-03-04T12:44:58.242Z] ERROR: 
Stack: AggregateError [ECONNREFUSED]: 
    at C:\Users\ludin\Desktop\salidas\scanqueue\backend\node_modules\pg-pool\index.js:45:11
    at process.processTicksAndRejections (node:internal/process/task_queues:105:5)
    at async query (file:///C:/Users/ludin/Desktop/salidas/scanqueue/backend/src/config/database.js:25:18)
    at async Module.getScansToday (file:///C:/Users/ludin/Desktop/salidas/scanqueue/backend/src/models/Scan.js:23:15)
    at async getTodaySummary (file:///C:/Users/ludin/Desktop/salidas/scanqueue/backend/src/controllers/DashboardController.js:30:24)
Path: /api/dashboard/today

[2026-03-04T12:44:58.515Z] ERROR: 
Stack: AggregateError [ECONNREFUSED]: 
    at C:\Users\ludin\Desktop\salidas\scanqueue\backend\node_modules\pg-pool\index.js:45:11
    at process.processTicksAndRejections (node:internal/process/task_queues:105:5)
    at async query (file:///C:/Users/ludin/Desktop/salidas/scanqueue/backend/src/config/database.js:25:18)
    at async Module.getScansToday (file:///C:/Users/ludin/Desktop/salidas/scanqueue/backend/src/models/Scan.js:23:15)
    at async Module.getScanStatistics (file:///C:/Users/ludin/Desktop/salidas/scanqueue/backend/src/services/ScanService.js:76:24)
    at async getDashboardStats (file:///C:/Users/ludin/Desktop/salidas/scanqueue/backend/src/controllers/DashboardController.js:12:19)
Path: /api/dashboard/stats

[2026-03-04T12:44:58.517Z] ERROR: 
Stack: AggregateError [ECONNREFUSED]: 
    at C:\Users\ludin\Desktop\salidas\scanqueue\backend\node_modules\pg-pool\index.js:45:11
    at process.processTicksAndRejections (node:internal/process/task_queues:105:5)
    at async query (file:///C:/Users/ludin/Desktop/salidas/scanqueue/backend/src/config/database.js:25:18)
    at async Module.getScansToday (file:///C:/Users/ludin/Desktop/salidas/scanqueue/backend/src/models/Scan.js:23:15)
    at async getTodaySummary (file:///C:/Users/ludin/Desktop/salidas/scanqueue/backend/src/controllers/DashboardController.js:30:24)
Path: /api/dashboard/today

[2026-03-04T12:44:58.820Z] ERROR: 
Stack: AggregateError [ECONNREFUSED]: 
    at C:\Users\ludin\Desktop\salidas\scanqueue\backend\node_modules\pg-pool\index.js:45:11
    at process.processTicksAndRejections (node:internal/process/task_queues:105:5)
    at async query (file:///C:/Users/ludin/Desktop/salidas/scanqueue/backend/src/config/database.js:25:18)
    at async Module.getScansToday (file:///C:/Users/ludin/Desktop/salidas/scanqueue/backend/src/models/Scan.js:23:15)
    at async Module.getScanStatistics (file:///C:/Users/ludin/Desktop/salidas/scanqueue/backend/src/services/ScanService.js:76:24)
    at async getDashboardStats (file:///C:/Users/ludin/Desktop/salidas/scanqueue/backend/src/controllers/DashboardController.js:12:19)
Path: /api/dashboard/stats

[2026-03-04T12:44:58.823Z] ERROR: 
Stack: AggregateError [ECONNREFUSED]: 
    at C:\Users\ludin\Desktop\salidas\scanqueue\backend\node_modules\pg-pool\index.js:45:11
    at process.processTicksAndRejections (node:internal/process/task_queues:105:5)
    at async query (file:///C:/Users/ludin/Desktop/salidas/scanqueue/backend/src/config/database.js:25:18)
    at async Module.getScansToday (file:///C:/Users/ludin/Desktop/salidas/scanqueue/backend/src/models/Scan.js:23:15)
    at async getTodaySummary (file:///C:/Users/ludin/Desktop/salidas/scanqueue/backend/src/controllers/DashboardController.js:30:24)
Path: /api/dashboard/today

[2026-03-04T12:44:59.219Z] ERROR: 
Stack: AggregateError [ECONNREFUSED]: 
    at C:\Users\ludin\Desktop\salidas\scanqueue\backend\node_modules\pg-pool\index.js:45:11
    at process.processTicksAndRejections (node:internal/process/task_queues:105:5)
    at async query (file:///C:/Users/ludin/Desktop/salidas/scanqueue/backend/src/config/database.js:25:18)
    at async Module.getScansToday (file:///C:/Users/ludin/Desktop/salidas/scanqueue/backend/src/models/Scan.js:23:15)
    at async Module.getScanStatistics (file:///C:/Users/ludin/Desktop/salidas/scanqueue/backend/src/services/ScanService.js:76:24)
    at async getDashboardStats (file:///C:/Users/ludin/Desktop/salidas/scanqueue/backend/src/controllers/DashboardController.js:12:19)
Path: /api/dashboard/stats

[2026-03-04T12:44:59.222Z] ERROR: 
Stack: AggregateError [ECONNREFUSED]: 
    at C:\Users\ludin\Desktop\salidas\scanqueue\backend\node_modules\pg-pool\index.js:45:11
    at process.processTicksAndRejections (node:internal/process/task_queues:105:5)
    at async query (file:///C:/Users/ludin/Desktop/salidas/scanqueue/backend/src/config/database.js:25:18)
    at async Module.getScansToday (file:///C:/Users/ludin/Desktop/salidas/scanqueue/backend/src/models/Scan.js:23:15)
    at async getTodaySummary (file:///C:/Users/ludin/Desktop/salidas/scanqueue/backend/src/controllers/DashboardController.js:30:24)
Path: /api/dashboard/today

[2026-03-04T12:44:59.689Z] ERROR: 
Stack: AggregateError [ECONNREFUSED]: 
    at C:\Users\ludin\Desktop\salidas\scanqueue\backend\node_modules\pg-pool\index.js:45:11
    at process.processTicksAndRejections (node:internal/process/task_queues:105:5)
    at async query (file:///C:/Users/ludin/Desktop/salidas/scanqueue/backend/src/config/database.js:25:18)
    at async Module.getScansToday (file:///C:/Users/ludin/Desktop/salidas/scanqueue/backend/src/models/Scan.js:23:15)
    at async Module.getScanStatistics (file:///C:/Users/ludin/Desktop/salidas/scanqueue/backend/src/services/ScanService.js:76:24)
    at async getDashboardStats (file:///C:/Users/ludin/Desktop/salidas/scanqueue/backend/src/controllers/DashboardController.js:12:19)
Path: /api/dashboard/stats

[2026-03-04T12:44:59.694Z] ERROR: 
Stack: AggregateError [ECONNREFUSED]: 
    at C:\Users\ludin\Desktop\salidas\scanqueue\backend\node_modules\pg-pool\index.js:45:11
    at process.processTicksAndRejections (node:internal/process/task_queues:105:5)
    at async query (file:///C:/Users/ludin/Desktop/salidas/scanqueue/backend/src/config/database.js:25:18)
    at async Module.getScansToday (file:///C:/Users/ludin/Desktop/salidas/scanqueue/backend/src/models/Scan.js:23:15)
    at async getTodaySummary (file:///C:/Users/ludin/Desktop/salidas/scanqueue/backend/src/controllers/DashboardController.js:30:24)
Path: /api/dashboard/today

[2026-03-04T12:45:00.207Z] ERROR: 
Stack: AggregateError [ECONNREFUSED]: 
    at C:\Users\ludin\Desktop\salidas\scanqueue\backend\node_modules\pg-pool\index.js:45:11
    at process.processTicksAndRejections (node:internal/process/task_queues:105:5)
    at async query (file:///C:/Users/ludin/Desktop/salidas/scanqueue/backend/src/config/database.js:25:18)
    at async Module.getScansToday (file:///C:/Users/ludin/Desktop/salidas/scanqueue/backend/src/models/Scan.js:23:15)
    at async getTodaySummary (file:///C:/Users/ludin/Desktop/salidas/scanqueue/backend/src/controllers/DashboardController.js:30:24)
Path: /api/dashboard/today

[2026-03-04T12:45:00.213Z] ERROR: 
Stack: AggregateError [ECONNREFUSED]: 
    at C:\Users\ludin\Desktop\salidas\scanqueue\backend\node_modules\pg-pool\index.js:45:11
    at process.processTicksAndRejections (node:internal/process/task_queues:105:5)
    at async query (file:///C:/Users/ludin/Desktop/salidas/scanqueue/backend/src/config/database.js:25:18)
    at async Module.getScansToday (file:///C:/Users/ludin/Desktop/salidas/scanqueue/backend/src/models/Scan.js:23:15)
    at async Module.getScanStatistics (file:///C:/Users/ludin/Desktop/salidas/scanqueue/backend/src/services/ScanService.js:76:24)
    at async getDashboardStats (file:///C:/Users/ludin/Desktop/salidas/scanqueue/backend/src/controllers/DashboardController.js:12:19)
Path: /api/dashboard/stats

[2026-03-04T12:45:00.798Z] ERROR: 
Stack: AggregateError [ECONNREFUSED]: 
    at C:\Users\ludin\Desktop\salidas\scanqueue\backend\node_modules\pg-pool\index.js:45:11
    at process.processTicksAndRejections (node:internal/process/task_queues:105:5)
    at async query (file:///C:/Users/ludin/Desktop/salidas/scanqueue/backend/src/config/database.js:25:18)
    at async Module.getScansToday (file:///C:/Users/ludin/Desktop/salidas/scanqueue/backend/src/models/Scan.js:23:15)
    at async Module.getScanStatistics (file:///C:/Users/ludin/Desktop/salidas/scanqueue/backend/src/services/ScanService.js:76:24)
    at async getDashboardStats (file:///C:/Users/ludin/Desktop/salidas/scanqueue/backend/src/controllers/DashboardController.js:12:19)
Path: /api/dashboard/stats

[2026-03-04T12:45:00.801Z] ERROR: 
Stack: AggregateError [ECONNREFUSED]: 
    at C:\Users\ludin\Desktop\salidas\scanqueue\backend\node_modules\pg-pool\index.js:45:11
    at process.processTicksAndRejections (node:internal/process/task_queues:105:5)
    at async query (file:///C:/Users/ludin/Desktop/salidas/scanqueue/backend/src/config/database.js:25:18)
    at async Module.getScansToday (file:///C:/Users/ludin/Desktop/salidas/scanqueue/backend/src/models/Scan.js:23:15)
    at async getTodaySummary (file:///C:/Users/ludin/Desktop/salidas/scanqueue/backend/src/controllers/DashboardController.js:30:24)
Path: /api/dashboard/today

[2026-03-04T12:45:01.298Z] ERROR: 
Stack: AggregateError [ECONNREFUSED]: 
    at C:\Users\ludin\Desktop\salidas\scanqueue\backend\node_modules\pg-pool\index.js:45:11
    at process.processTicksAndRejections (node:internal/process/task_queues:105:5)
    at async query (file:///C:/Users/ludin/Desktop/salidas/scanqueue/backend/src/config/database.js:25:18)
    at async Module.getScansToday (file:///C:/Users/ludin/Desktop/salidas/scanqueue/backend/src/models/Scan.js:23:15)
    at async Module.getScanStatistics (file:///C:/Users/ludin/Desktop/salidas/scanqueue/backend/src/services/ScanService.js:76:24)
    at async getDashboardStats (file:///C:/Users/ludin/Desktop/salidas/scanqueue/backend/src/controllers/DashboardController.js:12:19)
Path: /api/dashboard/stats

[2026-03-04T12:45:01.302Z] ERROR: 
Stack: AggregateError [ECONNREFUSED]: 
    at C:\Users\ludin\Desktop\salidas\scanqueue\backend\node_modules\pg-pool\index.js:45:11
    at process.processTicksAndRejections (node:internal/process/task_queues:105:5)
    at async query (file:///C:/Users/ludin/Desktop/salidas/scanqueue/backend/src/config/database.js:25:18)
    at async Module.getScansToday (file:///C:/Users/ludin/Desktop/salidas/scanqueue/backend/src/models/Scan.js:23:15)
    at async getTodaySummary (file:///C:/Users/ludin/Desktop/salidas/scanqueue/backend/src/controllers/DashboardController.js:30:24)
Path: /api/dashboard/today

[2026-03-04T12:45:02.347Z] ERROR: 
Stack: AggregateError [ECONNREFUSED]: 
    at C:\Users\ludin\Desktop\salidas\scanqueue\backend\node_modules\pg-pool\index.js:45:11
    at process.processTicksAndRejections (node:internal/process/task_queues:105:5)
    at async query (file:///C:/Users/ludin/Desktop/salidas/scanqueue/backend/src/config/database.js:25:18)
    at async Module.getScansToday (file:///C:/Users/ludin/Desktop/salidas/scanqueue/backend/src/models/Scan.js:23:15)
    at async Module.getScanStatistics (file:///C:/Users/ludin/Desktop/salidas/scanqueue/backend/src/services/ScanService.js:76:24)
    at async getDashboardStats (file:///C:/Users/ludin/Desktop/salidas/scanqueue/backend/src/controllers/DashboardController.js:12:19)
Path: /api/dashboard/stats

[2026-03-04T12:45:02.350Z] ERROR: 
Stack: AggregateError [ECONNREFUSED]: 
    at C:\Users\ludin\Desktop\salidas\scanqueue\backend\node_modules\pg-pool\index.js:45:11
    at process.processTicksAndRejections (node:internal/process/task_queues:105:5)
    at async query (file:///C:/Users/ludin/Desktop/salidas/scanqueue/backend/src/config/database.js:25:18)
    at async Module.getScansToday (file:///C:/Users/ludin/Desktop/salidas/scanqueue/backend/src/models/Scan.js:23:15)
    at async getTodaySummary (file:///C:/Users/ludin/Desktop/salidas/scanqueue/backend/src/controllers/DashboardController.js:30:24)
Path: /api/dashboard/today

[2026-03-04T12:45:02.796Z] ERROR: 
Stack: AggregateError [ECONNREFUSED]: 
    at C:\Users\ludin\Desktop\salidas\scanqueue\backend\node_modules\pg-pool\index.js:45:11
    at process.processTicksAndRejections (node:internal/process/task_queues:105:5)
    at async query (file:///C:/Users/ludin/Desktop/salidas/scanqueue/backend/src/config/database.js:25:18)
    at async Module.getScansToday (file:///C:/Users/ludin/Desktop/salidas/scanqueue/backend/src/models/Scan.js:23:15)
    at async Module.getScanStatistics (file:///C:/Users/ludin/Desktop/salidas/scanqueue/backend/src/services/ScanService.js:76:24)
    at async getDashboardStats (file:///C:/Users/ludin/Desktop/salidas/scanqueue/backend/src/controllers/DashboardController.js:12:19)
Path: /api/dashboard/stats

[2026-03-04T12:45:02.800Z] ERROR: 
Stack: AggregateError [ECONNREFUSED]: 
    at C:\Users\ludin\Desktop\salidas\scanqueue\backend\node_modules\pg-pool\index.js:45:11
    at process.processTicksAndRejections (node:internal/process/task_queues:105:5)
    at async query (file:///C:/Users/ludin/Desktop/salidas/scanqueue/backend/src/config/database.js:25:18)
    at async Module.getScansToday (file:///C:/Users/ludin/Desktop/salidas/scanqueue/backend/src/models/Scan.js:23:15)
    at async getTodaySummary (file:///C:/Users/ludin/Desktop/salidas/scanqueue/backend/src/controllers/DashboardController.js:30:24)
Path: /api/dashboard/today

[2026-03-04T12:45:03.214Z] ERROR: 
Stack: AggregateError [ECONNREFUSED]: 
    at C:\Users\ludin\Desktop\salidas\scanqueue\backend\node_modules\pg-pool\index.js:45:11
    at process.processTicksAndRejections (node:internal/process/task_queues:105:5)
    at async query (file:///C:/Users/ludin/Desktop/salidas/scanqueue/backend/src/config/database.js:25:18)
    at async Module.getScansToday (file:///C:/Users/ludin/Desktop/salidas/scanqueue/backend/src/models/Scan.js:23:15)
    at async Module.getScanStatistics (file:///C:/Users/ludin/Desktop/salidas/scanqueue/backend/src/services/ScanService.js:76:24)
    at async getDashboardStats (file:///C:/Users/ludin/Desktop/salidas/scanqueue/backend/src/controllers/DashboardController.js:12:19)
Path: /api/dashboard/stats

[2026-03-04T12:45:03.217Z] ERROR: 
Stack: AggregateError [ECONNREFUSED]: 
    at C:\Users\ludin\Desktop\salidas\scanqueue\backend\node_modules\pg-pool\index.js:45:11
    at process.processTicksAndRejections (node:internal/process/task_queues:105:5)
    at async query (file:///C:/Users/ludin/Desktop/salidas/scanqueue/backend/src/config/database.js:25:18)
    at async Module.getScansToday (file:///C:/Users/ludin/Desktop/salidas/scanqueue/backend/src/models/Scan.js:23:15)
    at async getTodaySummary (file:///C:/Users/ludin/Desktop/salidas/scanqueue/backend/src/controllers/DashboardController.js:30:24)
Path: /api/dashboard/today

[2026-03-04T12:45:03.574Z] ERROR: 
Stack: AggregateError [ECONNREFUSED]: 
    at C:\Users\ludin\Desktop\salidas\scanqueue\backend\node_modules\pg-pool\index.js:45:11
    at process.processTicksAndRejections (node:internal/process/task_queues:105:5)
    at async query (file:///C:/Users/ludin/Desktop/salidas/scanqueue/backend/src/config/database.js:25:18)
    at async Module.getScansToday (file:///C:/Users/ludin/Desktop/salidas/scanqueue/backend/src/models/Scan.js:23:15)
    at async Module.getScanStatistics (file:///C:/Users/ludin/Desktop/salidas/scanqueue/backend/src/services/ScanService.js:76:24)
    at async getDashboardStats (file:///C:/Users/ludin/Desktop/salidas/scanqueue/backend/src/controllers/DashboardController.js:12:19)
Path: /api/dashboard/stats

[2026-03-04T12:45:03.577Z] ERROR: 
Stack: AggregateError [ECONNREFUSED]: 
    at C:\Users\ludin\Desktop\salidas\scanqueue\backend\node_modules\pg-pool\index.js:45:11
    at process.processTicksAndRejections (node:internal/process/task_queues:105:5)
    at async query (file:///C:/Users/ludin/Desktop/salidas/scanqueue/backend/src/config/database.js:25:18)
    at async Module.getScansToday (file:///C:/Users/ludin/Desktop/salidas/scanqueue/backend/src/models/Scan.js:23:15)
    at async getTodaySummary (file:///C:/Users/ludin/Desktop/salidas/scanqueue/backend/src/controllers/DashboardController.js:30:24)
Path: /api/dashboard/today

[2026-03-04T12:45:03.846Z] ERROR: 
Stack: AggregateError [ECONNREFUSED]: 
    at C:\Users\ludin\Desktop\salidas\scanqueue\backend\node_modules\pg-pool\index.js:45:11
    at process.processTicksAndRejections (node:internal/process/task_queues:105:5)
    at async query (file:///C:/Users/ludin/Desktop/salidas/scanqueue/backend/src/config/database.js:25:18)
    at async Module.getScansToday (file:///C:/Users/ludin/Desktop/salidas/scanqueue/backend/src/models/Scan.js:23:15)
    at async Module.getScanStatistics (file:///C:/Users/ludin/Desktop/salidas/scanqueue/backend/src/services/ScanService.js:76:24)
    at async getDashboardStats (file:///C:/Users/ludin/Desktop/salidas/scanqueue/backend/src/controllers/DashboardController.js:12:19)
Path: /api/dashboard/stats

[2026-03-04T12:45:03.848Z] ERROR: 
Stack: AggregateError [ECONNREFUSED]: 
    at C:\Users\ludin\Desktop\salidas\scanqueue\backend\node_modules\pg-pool\index.js:45:11
    at process.processTicksAndRejections (node:internal/process/task_queues:105:5)
    at async query (file:///C:/Users/ludin/Desktop/salidas/scanqueue/backend/src/config/database.js:25:18)
    at async Module.getScansToday (file:///C:/Users/ludin/Desktop/salidas/scanqueue/backend/src/models/Scan.js:23:15)
    at async getTodaySummary (file:///C:/Users/ludin/Desktop/salidas/scanqueue/backend/src/controllers/DashboardController.js:30:24)
Path: /api/dashboard/today

[2026-03-04T12:45:04.171Z] ERROR: 
Stack: AggregateError [ECONNREFUSED]: 
    at C:\Users\ludin\Desktop\salidas\scanqueue\backend\node_modules\pg-pool\index.js:45:11
    at process.processTicksAndRejections (node:internal/process/task_queues:105:5)
    at async query (file:///C:/Users/ludin/Desktop/salidas/scanqueue/backend/src/config/database.js:25:18)
    at async Module.getScansToday (file:///C:/Users/ludin/Desktop/salidas/scanqueue/backend/src/models/Scan.js:23:15)
    at async Module.getScanStatistics (file:///C:/Users/ludin/Desktop/salidas/scanqueue/backend/src/services/ScanService.js:76:24)
    at async getDashboardStats (file:///C:/Users/ludin/Desktop/salidas/scanqueue/backend/src/controllers/DashboardController.js:12:19)
Path: /api/dashboard/stats

[2026-03-04T12:45:04.173Z] ERROR: 
Stack: AggregateError [ECONNREFUSED]: 
    at C:\Users\ludin\Desktop\salidas\scanqueue\backend\node_modules\pg-pool\index.js:45:11
    at process.processTicksAndRejections (node:internal/process/task_queues:105:5)
    at async query (file:///C:/Users/ludin/Desktop/salidas/scanqueue/backend/src/config/database.js:25:18)
    at async Module.getScansToday (file:///C:/Users/ludin/Desktop/salidas/scanqueue/backend/src/models/Scan.js:23:15)
    at async getTodaySummary (file:///C:/Users/ludin/Desktop/salidas/scanqueue/backend/src/controllers/DashboardController.js:30:24)
Path: /api/dashboard/today

[2026-03-04T12:45:04.517Z] ERROR: 
Stack: AggregateError [ECONNREFUSED]: 
    at C:\Users\ludin\Desktop\salidas\scanqueue\backend\node_modules\pg-pool\index.js:45:11
    at process.processTicksAndRejections (node:internal/process/task_queues:105:5)
    at async query (file:///C:/Users/ludin/Desktop/salidas/scanqueue/backend/src/config/database.js:25:18)
    at async Module.getScansToday (file:///C:/Users/ludin/Desktop/salidas/scanqueue/backend/src/models/Scan.js:23:15)
    at async Module.getScanStatistics (file:///C:/Users/ludin/Desktop/salidas/scanqueue/backend/src/services/ScanService.js:76:24)
    at async getDashboardStats (file:///C:/Users/ludin/Desktop/salidas/scanqueue/backend/src/controllers/DashboardController.js:12:19)
Path: /api/dashboard/stats

[2026-03-04T12:45:04.534Z] ERROR: 
Stack: AggregateError [ECONNREFUSED]: 
    at C:\Users\ludin\Desktop\salidas\scanqueue\backend\node_modules\pg-pool\index.js:45:11
    at process.processTicksAndRejections (node:internal/process/task_queues:105:5)
    at async query (file:///C:/Users/ludin/Desktop/salidas/scanqueue/backend/src/config/database.js:25:18)
    at async Module.getScansToday (file:///C:/Users/ludin/Desktop/salidas/scanqueue/backend/src/models/Scan.js:23:15)
    at async getTodaySummary (file:///C:/Users/ludin/Desktop/salidas/scanqueue/backend/src/controllers/DashboardController.js:30:24)
Path: /api/dashboard/today

[2026-03-04T12:45:04.955Z] ERROR: 
Stack: AggregateError [ECONNREFUSED]: 
    at C:\Users\ludin\Desktop\salidas\scanqueue\backend\node_modules\pg-pool\index.js:45:11
    at process.processTicksAndRejections (node:internal/process/task_queues:105:5)
    at async query (file:///C:/Users/ludin/Desktop/salidas/scanqueue/backend/src/config/database.js:25:18)
    at async Module.getScansToday (file:///C:/Users/ludin/Desktop/salidas/scanqueue/backend/src/models/Scan.js:23:15)
    at async Module.getScanStatistics (file:///C:/Users/ludin/Desktop/salidas/scanqueue/backend/src/services/ScanService.js:76:24)
    at async getDashboardStats (file:///C:/Users/ludin/Desktop/salidas/scanqueue/backend/src/controllers/DashboardController.js:12:19)
Path: /api/dashboard/stats

[2026-03-04T12:45:04.958Z] ERROR: 
Stack: AggregateError [ECONNREFUSED]: 
    at C:\Users\ludin\Desktop\salidas\scanqueue\backend\node_modules\pg-pool\index.js:45:11
    at process.processTicksAndRejections (node:internal/process/task_queues:105:5)
    at async query (file:///C:/Users/ludin/Desktop/salidas/scanqueue/backend/src/config/database.js:25:18)
    at async Module.getScansToday (file:///C:/Users/ludin/Desktop/salidas/scanqueue/backend/src/models/Scan.js:23:15)
    at async getTodaySummary (file:///C:/Users/ludin/Desktop/salidas/scanqueue/backend/src/controllers/DashboardController.js:30:24)
Path: /api/dashboard/today

[2026-03-04T12:45:05.305Z] ERROR: 
Stack: AggregateError [ECONNREFUSED]: 
    at C:\Users\ludin\Desktop\salidas\scanqueue\backend\node_modules\pg-pool\index.js:45:11
    at process.processTicksAndRejections (node:internal/process/task_queues:105:5)
    at async query (file:///C:/Users/ludin/Desktop/salidas/scanqueue/backend/src/config/database.js:25:18)
    at async Module.getScansToday (file:///C:/Users/ludin/Desktop/salidas/scanqueue/backend/src/models/Scan.js:23:15)
    at async Module.getScanStatistics (file:///C:/Users/ludin/Desktop/salidas/scanqueue/backend/src/services/ScanService.js:76:24)
    at async getDashboardStats (file:///C:/Users/ludin/Desktop/salidas/scanqueue/backend/src/controllers/DashboardController.js:12:19)
Path: /api/dashboard/stats

[2026-03-04T12:45:05.307Z] ERROR: 
Stack: AggregateError [ECONNREFUSED]: 
    at C:\Users\ludin\Desktop\salidas\scanqueue\backend\node_modules\pg-pool\index.js:45:11
    at process.processTicksAndRejections (node:internal/process/task_queues:105:5)
    at async query (file:///C:/Users/ludin/Desktop/salidas/scanqueue/backend/src/config/database.js:25:18)
    at async Module.getScansToday (file:///C:/Users/ludin/Desktop/salidas/scanqueue/backend/src/models/Scan.js:23:15)
    at async getTodaySummary (file:///C:/Users/ludin/Desktop/salidas/scanqueue/backend/src/controllers/DashboardController.js:30:24)
Path: /api/dashboard/today

[2026-03-04T12:45:05.660Z] ERROR: 
Stack: AggregateError [ECONNREFUSED]: 
    at C:\Users\ludin\Desktop\salidas\scanqueue\backend\node_modules\pg-pool\index.js:45:11
    at process.processTicksAndRejections (node:internal/process/task_queues:105:5)
    at async query (file:///C:/Users/ludin/Desktop/salidas/scanqueue/backend/src/config/database.js:25:18)
    at async Module.getScansToday (file:///C:/Users/ludin/Desktop/salidas/scanqueue/backend/src/models/Scan.js:23:15)
    at async Module.getScanStatistics (file:///C:/Users/ludin/Desktop/salidas/scanqueue/backend/src/services/ScanService.js:76:24)
    at async getDashboardStats (file:///C:/Users/ludin/Desktop/salidas/scanqueue/backend/src/controllers/DashboardController.js:12:19)
Path: /api/dashboard/stats

[2026-03-04T12:45:05.662Z] ERROR: 
Stack: AggregateError [ECONNREFUSED]: 
    at C:\Users\ludin\Desktop\salidas\scanqueue\backend\node_modules\pg-pool\index.js:45:11
    at process.processTicksAndRejections (node:internal/process/task_queues:105:5)
    at async query (file:///C:/Users/ludin/Desktop/salidas/scanqueue/backend/src/config/database.js:25:18)
    at async Module.getScansToday (file:///C:/Users/ludin/Desktop/salidas/scanqueue/backend/src/models/Scan.js:23:15)
    at async getTodaySummary (file:///C:/Users/ludin/Desktop/salidas/scanqueue/backend/src/controllers/DashboardController.js:30:24)
Path: /api/dashboard/today

[2026-03-04T12:45:06.089Z] ERROR: 
Stack: AggregateError [ECONNREFUSED]: 
    at C:\Users\ludin\Desktop\salidas\scanqueue\backend\node_modules\pg-pool\index.js:45:11
    at process.processTicksAndRejections (node:internal/process/task_queues:105:5)
    at async query (file:///C:/Users/ludin/Desktop/salidas/scanqueue/backend/src/config/database.js:25:18)
    at async Module.getScansToday (file:///C:/Users/ludin/Desktop/salidas/scanqueue/backend/src/models/Scan.js:23:15)
    at async Module.getScanStatistics (file:///C:/Users/ludin/Desktop/salidas/scanqueue/backend/src/services/ScanService.js:76:24)
    at async getDashboardStats (file:///C:/Users/ludin/Desktop/salidas/scanqueue/backend/src/controllers/DashboardController.js:12:19)
Path: /api/dashboard/stats

[2026-03-04T12:45:06.093Z] ERROR: 
Stack: AggregateError [ECONNREFUSED]: 
    at C:\Users\ludin\Desktop\salidas\scanqueue\backend\node_modules\pg-pool\index.js:45:11
    at process.processTicksAndRejections (node:internal/process/task_queues:105:5)
    at async query (file:///C:/Users/ludin/Desktop/salidas/scanqueue/backend/src/config/database.js:25:18)
    at async Module.getScansToday (file:///C:/Users/ludin/Desktop/salidas/scanqueue/backend/src/models/Scan.js:23:15)
    at async getTodaySummary (file:///C:/Users/ludin/Desktop/salidas/scanqueue/backend/src/controllers/DashboardController.js:30:24)
Path: /api/dashboard/today

[2026-03-04T12:45:06.462Z] ERROR: 
Stack: AggregateError [ECONNREFUSED]: 
    at C:\Users\ludin\Desktop\salidas\scanqueue\backend\node_modules\pg-pool\index.js:45:11
    at process.processTicksAndRejections (node:internal/process/task_queues:105:5)
    at async query (file:///C:/Users/ludin/Desktop/salidas/scanqueue/backend/src/config/database.js:25:18)
    at async Module.getScansToday (file:///C:/Users/ludin/Desktop/salidas/scanqueue/backend/src/models/Scan.js:23:15)
    at async Module.getScanStatistics (file:///C:/Users/ludin/Desktop/salidas/scanqueue/backend/src/services/ScanService.js:76:24)
    at async getDashboardStats (file:///C:/Users/ludin/Desktop/salidas/scanqueue/backend/src/controllers/DashboardController.js:12:19)
Path: /api/dashboard/stats

[2026-03-04T12:45:06.464Z] ERROR: 
Stack: AggregateError [ECONNREFUSED]: 
    at C:\Users\ludin\Desktop\salidas\scanqueue\backend\node_modules\pg-pool\index.js:45:11
    at process.processTicksAndRejections (node:internal/process/task_queues:105:5)
    at async query (file:///C:/Users/ludin/Desktop/salidas/scanqueue/backend/src/config/database.js:25:18)
    at async Module.getScansToday (file:///C:/Users/ludin/Desktop/salidas/scanqueue/backend/src/models/Scan.js:23:15)
    at async getTodaySummary (file:///C:/Users/ludin/Desktop/salidas/scanqueue/backend/src/controllers/DashboardController.js:30:24)
Path: /api/dashboard/today

[2026-03-04T12:45:06.826Z] ERROR: 
Stack: AggregateError [ECONNREFUSED]: 
    at C:\Users\ludin\Desktop\salidas\scanqueue\backend\node_modules\pg-pool\index.js:45:11
    at process.processTicksAndRejections (node:internal/process/task_queues:105:5)
    at async query (file:///C:/Users/ludin/Desktop/salidas/scanqueue/backend/src/config/database.js:25:18)
    at async Module.getScansToday (file:///C:/Users/ludin/Desktop/salidas/scanqueue/backend/src/models/Scan.js:23:15)
    at async Module.getScanStatistics (file:///C:/Users/ludin/Desktop/salidas/scanqueue/backend/src/services/ScanService.js:76:24)
    at async getDashboardStats (file:///C:/Users/ludin/Desktop/salidas/scanqueue/backend/src/controllers/DashboardController.js:12:19)
Path: /api/dashboard/stats

[2026-03-04T12:45:06.829Z] ERROR: 
Stack: AggregateError [ECONNREFUSED]: 
    at C:\Users\ludin\Desktop\salidas\scanqueue\backend\node_modules\pg-pool\index.js:45:11
    at process.processTicksAndRejections (node:internal/process/task_queues:105:5)
    at async query (file:///C:/Users/ludin/Desktop/salidas/scanqueue/backend/src/config/database.js:25:18)
    at async Module.getScansToday (file:///C:/Users/ludin/Desktop/salidas/scanqueue/backend/src/models/Scan.js:23:15)
    at async getTodaySummary (file:///C:/Users/ludin/Desktop/salidas/scanqueue/backend/src/controllers/DashboardController.js:30:24)
Path: /api/dashboard/today

[2026-03-04T12:45:07.307Z] ERROR: 
Stack: AggregateError [ECONNREFUSED]: 
    at C:\Users\ludin\Desktop\salidas\scanqueue\backend\node_modules\pg-pool\index.js:45:11
    at process.processTicksAndRejections (node:internal/process/task_queues:105:5)
    at async query (file:///C:/Users/ludin/Desktop/salidas/scanqueue/backend/src/config/database.js:25:18)
    at async Module.getScansToday (file:///C:/Users/ludin/Desktop/salidas/scanqueue/backend/src/models/Scan.js:23:15)
    at async Module.getScanStatistics (file:///C:/Users/ludin/Desktop/salidas/scanqueue/backend/src/services/ScanService.js:76:24)
    at async getDashboardStats (file:///C:/Users/ludin/Desktop/salidas/scanqueue/backend/src/controllers/DashboardController.js:12:19)
Path: /api/dashboard/stats

[2026-03-04T12:45:07.310Z] ERROR: 
Stack: AggregateError [ECONNREFUSED]: 
    at C:\Users\ludin\Desktop\salidas\scanqueue\backend\node_modules\pg-pool\index.js:45:11
    at process.processTicksAndRejections (node:internal/process/task_queues:105:5)
    at async query (file:///C:/Users/ludin/Desktop/salidas/scanqueue/backend/src/config/database.js:25:18)
    at async Module.getScansToday (file:///C:/Users/ludin/Desktop/salidas/scanqueue/backend/src/models/Scan.js:23:15)
    at async getTodaySummary (file:///C:/Users/ludin/Desktop/salidas/scanqueue/backend/src/controllers/DashboardController.js:30:24)
Path: /api/dashboard/today

[2026-03-04T12:45:07.698Z] ERROR: 
Stack: AggregateError [ECONNREFUSED]: 
    at C:\Users\ludin\Desktop\salidas\scanqueue\backend\node_modules\pg-pool\index.js:45:11
    at process.processTicksAndRejections (node:internal/process/task_queues:105:5)
    at async query (file:///C:/Users/ludin/Desktop/salidas/scanqueue/backend/src/config/database.js:25:18)
    at async Module.getScansToday (file:///C:/Users/ludin/Desktop/salidas/scanqueue/backend/src/models/Scan.js:23:15)
    at async Module.getScanStatistics (file:///C:/Users/ludin/Desktop/salidas/scanqueue/backend/src/services/ScanService.js:76:24)
    at async getDashboardStats (file:///C:/Users/ludin/Desktop/salidas/scanqueue/backend/src/controllers/DashboardController.js:12:19)
Path: /api/dashboard/stats

[2026-03-04T12:45:07.700Z] ERROR: 
Stack: AggregateError [ECONNREFUSED]: 
    at C:\Users\ludin\Desktop\salidas\scanqueue\backend\node_modules\pg-pool\index.js:45:11
    at process.processTicksAndRejections (node:internal/process/task_queues:105:5)
    at async query (file:///C:/Users/ludin/Desktop/salidas/scanqueue/backend/src/config/database.js:25:18)
    at async Module.getScansToday (file:///C:/Users/ludin/Desktop/salidas/scanqueue/backend/src/models/Scan.js:23:15)
    at async getTodaySummary (file:///C:/Users/ludin/Desktop/salidas/scanqueue/backend/src/controllers/DashboardController.js:30:24)
Path: /api/dashboard/today

[2026-03-04T12:45:08.034Z] ERROR: 
Stack: AggregateError [ECONNREFUSED]: 
    at C:\Users\ludin\Desktop\salidas\scanqueue\backend\node_modules\pg-pool\index.js:45:11
    at process.processTicksAndRejections (node:internal/process/task_queues:105:5)
    at async query (file:///C:/Users/ludin/Desktop/salidas/scanqueue/backend/src/config/database.js:25:18)
    at async Module.getScansToday (file:///C:/Users/ludin/Desktop/salidas/scanqueue/backend/src/models/Scan.js:23:15)
    at async Module.getScanStatistics (file:///C:/Users/ludin/Desktop/salidas/scanqueue/backend/src/services/ScanService.js:76:24)
    at async getDashboardStats (file:///C:/Users/ludin/Desktop/salidas/scanqueue/backend/src/controllers/DashboardController.js:12:19)
Path: /api/dashboard/stats

[2026-03-04T12:45:08.037Z] ERROR: 
Stack: AggregateError [ECONNREFUSED]: 
    at C:\Users\ludin\Desktop\salidas\scanqueue\backend\node_modules\pg-pool\index.js:45:11
    at process.processTicksAndRejections (node:internal/process/task_queues:105:5)
    at async query (file:///C:/Users/ludin/Desktop/salidas/scanqueue/backend/src/config/database.js:25:18)
    at async Module.getScansToday (file:///C:/Users/ludin/Desktop/salidas/scanqueue/backend/src/models/Scan.js:23:15)
    at async getTodaySummary (file:///C:/Users/ludin/Desktop/salidas/scanqueue/backend/src/controllers/DashboardController.js:30:24)
Path: /api/dashboard/today

[2026-03-04T12:45:08.440Z] ERROR: 
Stack: AggregateError [ECONNREFUSED]: 
    at C:\Users\ludin\Desktop\salidas\scanqueue\backend\node_modules\pg-pool\index.js:45:11
    at process.processTicksAndRejections (node:internal/process/task_queues:105:5)
    at async query (file:///C:/Users/ludin/Desktop/salidas/scanqueue/backend/src/config/database.js:25:18)
    at async Module.getScansToday (file:///C:/Users/ludin/Desktop/salidas/scanqueue/backend/src/models/Scan.js:23:15)
    at async Module.getScanStatistics (file:///C:/Users/ludin/Desktop/salidas/scanqueue/backend/src/services/ScanService.js:76:24)
    at async getDashboardStats (file:///C:/Users/ludin/Desktop/salidas/scanqueue/backend/src/controllers/DashboardController.js:12:19)
Path: /api/dashboard/stats

[2026-03-04T12:45:08.442Z] ERROR: 
Stack: AggregateError [ECONNREFUSED]: 
    at C:\Users\ludin\Desktop\salidas\scanqueue\backend\node_modules\pg-pool\index.js:45:11
    at process.processTicksAndRejections (node:internal/process/task_queues:105:5)
    at async query (file:///C:/Users/ludin/Desktop/salidas/scanqueue/backend/src/config/database.js:25:18)
    at async Module.getScansToday (file:///C:/Users/ludin/Desktop/salidas/scanqueue/backend/src/models/Scan.js:23:15)
    at async getTodaySummary (file:///C:/Users/ludin/Desktop/salidas/scanqueue/backend/src/controllers/DashboardController.js:30:24)
Path: /api/dashboard/today

[2026-03-04T12:45:08.831Z] ERROR: 
Stack: AggregateError [ECONNREFUSED]: 
    at C:\Users\ludin\Desktop\salidas\scanqueue\backend\node_modules\pg-pool\index.js:45:11
    at process.processTicksAndRejections (node:internal/process/task_queues:105:5)
    at async query (file:///C:/Users/ludin/Desktop/salidas/scanqueue/backend/src/config/database.js:25:18)
    at async Module.getScansToday (file:///C:/Users/ludin/Desktop/salidas/scanqueue/backend/src/models/Scan.js:23:15)
    at async Module.getScanStatistics (file:///C:/Users/ludin/Desktop/salidas/scanqueue/backend/src/services/ScanService.js:76:24)
    at async getDashboardStats (file:///C:/Users/ludin/Desktop/salidas/scanqueue/backend/src/controllers/DashboardController.js:12:19)
Path: /api/dashboard/stats

[2026-03-04T12:45:08.833Z] ERROR: 
Stack: AggregateError [ECONNREFUSED]: 
    at C:\Users\ludin\Desktop\salidas\scanqueue\backend\node_modules\pg-pool\index.js:45:11
    at process.processTicksAndRejections (node:internal/process/task_queues:105:5)
    at async query (file:///C:/Users/ludin/Desktop/salidas/scanqueue/backend/src/config/database.js:25:18)
    at async Module.getScansToday (file:///C:/Users/ludin/Desktop/salidas/scanqueue/backend/src/models/Scan.js:23:15)
    at async getTodaySummary (file:///C:/Users/ludin/Desktop/salidas/scanqueue/backend/src/controllers/DashboardController.js:30:24)
Path: /api/dashboard/today

[2026-03-04T12:45:09.171Z] ERROR: 
Stack: AggregateError [ECONNREFUSED]: 
    at C:\Users\ludin\Desktop\salidas\scanqueue\backend\node_modules\pg-pool\index.js:45:11
    at process.processTicksAndRejections (node:internal/process/task_queues:105:5)
    at async query (file:///C:/Users/ludin/Desktop/salidas/scanqueue/backend/src/config/database.js:25:18)
    at async Module.getScansToday (file:///C:/Users/ludin/Desktop/salidas/scanqueue/backend/src/models/Scan.js:23:15)
    at async Module.getScanStatistics (file:///C:/Users/ludin/Desktop/salidas/scanqueue/backend/src/services/ScanService.js:76:24)
    at async getDashboardStats (file:///C:/Users/ludin/Desktop/salidas/scanqueue/backend/src/controllers/DashboardController.js:12:19)
Path: /api/dashboard/stats

[2026-03-04T12:45:09.176Z] ERROR: 
Stack: AggregateError [ECONNREFUSED]: 
    at C:\Users\ludin\Desktop\salidas\scanqueue\backend\node_modules\pg-pool\index.js:45:11
    at process.processTicksAndRejections (node:internal/process/task_queues:105:5)
    at async query (file:///C:/Users/ludin/Desktop/salidas/scanqueue/backend/src/config/database.js:25:18)
    at async Module.getScansToday (file:///C:/Users/ludin/Desktop/salidas/scanqueue/backend/src/models/Scan.js:23:15)
    at async getTodaySummary (file:///C:/Users/ludin/Desktop/salidas/scanqueue/backend/src/controllers/DashboardController.js:30:24)
Path: /api/dashboard/today

[2026-03-04T12:45:09.674Z] ERROR: 
Stack: AggregateError [ECONNREFUSED]: 
    at C:\Users\ludin\Desktop\salidas\scanqueue\backend\node_modules\pg-pool\index.js:45:11
    at process.processTicksAndRejections (node:internal/process/task_queues:105:5)
    at async query (file:///C:/Users/ludin/Desktop/salidas/scanqueue/backend/src/config/database.js:25:18)
    at async Module.getScansToday (file:///C:/Users/ludin/Desktop/salidas/scanqueue/backend/src/models/Scan.js:23:15)
    at async Module.getScanStatistics (file:///C:/Users/ludin/Desktop/salidas/scanqueue/backend/src/services/ScanService.js:76:24)
    at async getDashboardStats (file:///C:/Users/ludin/Desktop/salidas/scanqueue/backend/src/controllers/DashboardController.js:12:19)
Path: /api/dashboard/stats

[2026-03-04T12:45:09.677Z] ERROR: 
Stack: AggregateError [ECONNREFUSED]: 
    at C:\Users\ludin\Desktop\salidas\scanqueue\backend\node_modules\pg-pool\index.js:45:11
    at process.processTicksAndRejections (node:internal/process/task_queues:105:5)
    at async query (file:///C:/Users/ludin/Desktop/salidas/scanqueue/backend/src/config/database.js:25:18)
    at async Module.getScansToday (file:///C:/Users/ludin/Desktop/salidas/scanqueue/backend/src/models/Scan.js:23:15)
    at async getTodaySummary (file:///C:/Users/ludin/Desktop/salidas/scanqueue/backend/src/controllers/DashboardController.js:30:24)
Path: /api/dashboard/today

[2026-03-04T12:45:10.128Z] ERROR: 
Stack: AggregateError [ECONNREFUSED]: 
    at C:\Users\ludin\Desktop\salidas\scanqueue\backend\node_modules\pg-pool\index.js:45:11
    at process.processTicksAndRejections (node:internal/process/task_queues:105:5)
    at async query (file:///C:/Users/ludin/Desktop/salidas/scanqueue/backend/src/config/database.js:25:18)
    at async Module.getScansToday (file:///C:/Users/ludin/Desktop/salidas/scanqueue/backend/src/models/Scan.js:23:15)
    at async Module.getScanStatistics (file:///C:/Users/ludin/Desktop/salidas/scanqueue/backend/src/services/ScanService.js:76:24)
    at async getDashboardStats (file:///C:/Users/ludin/Desktop/salidas/scanqueue/backend/src/controllers/DashboardController.js:12:19)
Path: /api/dashboard/stats

[2026-03-04T12:45:10.134Z] ERROR: 
Stack: AggregateError [ECONNREFUSED]: 
    at C:\Users\ludin\Desktop\salidas\scanqueue\backend\node_modules\pg-pool\index.js:45:11
    at process.processTicksAndRejections (node:internal/process/task_queues:105:5)
    at async query (file:///C:/Users/ludin/Desktop/salidas/scanqueue/backend/src/config/database.js:25:18)
    at async Module.getScansToday (file:///C:/Users/ludin/Desktop/salidas/scanqueue/backend/src/models/Scan.js:23:15)
    at async getTodaySummary (file:///C:/Users/ludin/Desktop/salidas/scanqueue/backend/src/controllers/DashboardController.js:30:24)
Path: /api/dashboard/today

[2026-03-04T12:45:10.811Z] ERROR: 
Stack: AggregateError [ECONNREFUSED]: 
    at C:\Users\ludin\Desktop\salidas\scanqueue\backend\node_modules\pg-pool\index.js:45:11
    at process.processTicksAndRejections (node:internal/process/task_queues:105:5)
    at async query (file:///C:/Users/ludin/Desktop/salidas/scanqueue/backend/src/config/database.js:25:18)
    at async Module.getScansToday (file:///C:/Users/ludin/Desktop/salidas/scanqueue/backend/src/models/Scan.js:23:15)
    at async Module.getScanStatistics (file:///C:/Users/ludin/Desktop/salidas/scanqueue/backend/src/services/ScanService.js:76:24)
    at async getDashboardStats (file:///C:/Users/ludin/Desktop/salidas/scanqueue/backend/src/controllers/DashboardController.js:12:19)
Path: /api/dashboard/stats

[2026-03-04T12:45:10.818Z] ERROR: 
Stack: AggregateError [ECONNREFUSED]: 
    at C:\Users\ludin\Desktop\salidas\scanqueue\backend\node_modules\pg-pool\index.js:45:11
    at process.processTicksAndRejections (node:internal/process/task_queues:105:5)
    at async query (file:///C:/Users/ludin/Desktop/salidas/scanqueue/backend/src/config/database.js:25:18)
    at async Module.getScansToday (file:///C:/Users/ludin/Desktop/salidas/scanqueue/backend/src/models/Scan.js:23:15)
    at async getTodaySummary (file:///C:/Users/ludin/Desktop/salidas/scanqueue/backend/src/controllers/DashboardController.js:30:24)
Path: /api/dashboard/today

[2026-03-04T12:45:11.314Z] ERROR: 
Stack: AggregateError [ECONNREFUSED]: 
    at C:\Users\ludin\Desktop\salidas\scanqueue\backend\node_modules\pg-pool\index.js:45:11
    at process.processTicksAndRejections (node:internal/process/task_queues:105:5)
    at async query (file:///C:/Users/ludin/Desktop/salidas/scanqueue/backend/src/config/database.js:25:18)
    at async Module.getScansToday (file:///C:/Users/ludin/Desktop/salidas/scanqueue/backend/src/models/Scan.js:23:15)
    at async Module.getScanStatistics (file:///C:/Users/ludin/Desktop/salidas/scanqueue/backend/src/services/ScanService.js:76:24)
    at async getDashboardStats (file:///C:/Users/ludin/Desktop/salidas/scanqueue/backend/src/controllers/DashboardController.js:12:19)
Path: /api/dashboard/stats

[2026-03-04T12:45:11.318Z] ERROR: 
Stack: AggregateError [ECONNREFUSED]: 
    at C:\Users\ludin\Desktop\salidas\scanqueue\backend\node_modules\pg-pool\index.js:45:11
    at process.processTicksAndRejections (node:internal/process/task_queues:105:5)
    at async query (file:///C:/Users/ludin/Desktop/salidas/scanqueue/backend/src/config/database.js:25:18)
    at async Module.getScansToday (file:///C:/Users/ludin/Desktop/salidas/scanqueue/backend/src/models/Scan.js:23:15)
    at async getTodaySummary (file:///C:/Users/ludin/Desktop/salidas/scanqueue/backend/src/controllers/DashboardController.js:30:24)
Path: /api/dashboard/today

[2026-03-04T12:45:11.704Z] ERROR: 
Stack: AggregateError [ECONNREFUSED]: 
    at C:\Users\ludin\Desktop\salidas\scanqueue\backend\node_modules\pg-pool\index.js:45:11
    at process.processTicksAndRejections (node:internal/process/task_queues:105:5)
    at async query (file:///C:/Users/ludin/Desktop/salidas/scanqueue/backend/src/config/database.js:25:18)
    at async Module.getScansToday (file:///C:/Users/ludin/Desktop/salidas/scanqueue/backend/src/models/Scan.js:23:15)
    at async Module.getScanStatistics (file:///C:/Users/ludin/Desktop/salidas/scanqueue/backend/src/services/ScanService.js:76:24)
    at async getDashboardStats (file:///C:/Users/ludin/Desktop/salidas/scanqueue/backend/src/controllers/DashboardController.js:12:19)
Path: /api/dashboard/stats

[2026-03-04T12:45:11.706Z] ERROR: 
Stack: AggregateError [ECONNREFUSED]: 
    at C:\Users\ludin\Desktop\salidas\scanqueue\backend\node_modules\pg-pool\index.js:45:11
    at process.processTicksAndRejections (node:internal/process/task_queues:105:5)
    at async query (file:///C:/Users/ludin/Desktop/salidas/scanqueue/backend/src/config/database.js:25:18)
    at async Module.getScansToday (file:///C:/Users/ludin/Desktop/salidas/scanqueue/backend/src/models/Scan.js:23:15)
    at async getTodaySummary (file:///C:/Users/ludin/Desktop/salidas/scanqueue/backend/src/controllers/DashboardController.js:30:24)
Path: /api/dashboard/today

[2026-03-04T12:45:12.160Z] ERROR: 
Stack: AggregateError [ECONNREFUSED]: 
    at C:\Users\ludin\Desktop\salidas\scanqueue\backend\node_modules\pg-pool\index.js:45:11
    at process.processTicksAndRejections (node:internal/process/task_queues:105:5)
    at async query (file:///C:/Users/ludin/Desktop/salidas/scanqueue/backend/src/config/database.js:25:18)
    at async Module.getScansToday (file:///C:/Users/ludin/Desktop/salidas/scanqueue/backend/src/models/Scan.js:23:15)
    at async Module.getScanStatistics (file:///C:/Users/ludin/Desktop/salidas/scanqueue/backend/src/services/ScanService.js:76:24)
    at async getDashboardStats (file:///C:/Users/ludin/Desktop/salidas/scanqueue/backend/src/controllers/DashboardController.js:12:19)
Path: /api/dashboard/stats

[2026-03-04T12:45:12.162Z] ERROR: 
Stack: AggregateError [ECONNREFUSED]: 
    at C:\Users\ludin\Desktop\salidas\scanqueue\backend\node_modules\pg-pool\index.js:45:11
    at process.processTicksAndRejections (node:internal/process/task_queues:105:5)
    at async query (file:///C:/Users/ludin/Desktop/salidas/scanqueue/backend/src/config/database.js:25:18)
    at async Module.getScansToday (file:///C:/Users/ludin/Desktop/salidas/scanqueue/backend/src/models/Scan.js:23:15)
    at async getTodaySummary (file:///C:/Users/ludin/Desktop/salidas/scanqueue/backend/src/controllers/DashboardController.js:30:24)
Path: /api/dashboard/today

[2026-03-04T12:45:12.522Z] ERROR: 
Stack: AggregateError [ECONNREFUSED]: 
    at C:\Users\ludin\Desktop\salidas\scanqueue\backend\node_modules\pg-pool\index.js:45:11
    at process.processTicksAndRejections (node:internal/process/task_queues:105:5)
    at async query (file:///C:/Users/ludin/Desktop/salidas/scanqueue/backend/src/config/database.js:25:18)
    at async Module.getScansToday (file:///C:/Users/ludin/Desktop/salidas/scanqueue/backend/src/models/Scan.js:23:15)
    at async Module.getScanStatistics (file:///C:/Users/ludin/Desktop/salidas/scanqueue/backend/src/services/ScanService.js:76:24)
    at async getDashboardStats (file:///C:/Users/ludin/Desktop/salidas/scanqueue/backend/src/controllers/DashboardController.js:12:19)
Path: /api/dashboard/stats

[2026-03-04T12:45:12.524Z] ERROR: 
Stack: AggregateError [ECONNREFUSED]: 
    at C:\Users\ludin\Desktop\salidas\scanqueue\backend\node_modules\pg-pool\index.js:45:11
    at process.processTicksAndRejections (node:internal/process/task_queues:105:5)
    at async query (file:///C:/Users/ludin/Desktop/salidas/scanqueue/backend/src/config/database.js:25:18)
    at async Module.getScansToday (file:///C:/Users/ludin/Desktop/salidas/scanqueue/backend/src/models/Scan.js:23:15)
    at async getTodaySummary (file:///C:/Users/ludin/Desktop/salidas/scanqueue/backend/src/controllers/DashboardController.js:30:24)
Path: /api/dashboard/today

[2026-03-04T12:45:12.836Z] ERROR: 
Stack: AggregateError [ECONNREFUSED]: 
    at C:\Users\ludin\Desktop\salidas\scanqueue\backend\node_modules\pg-pool\index.js:45:11
    at process.processTicksAndRejections (node:internal/process/task_queues:105:5)
    at async query (file:///C:/Users/ludin/Desktop/salidas/scanqueue/backend/src/config/database.js:25:18)
    at async Module.getScansToday (file:///C:/Users/ludin/Desktop/salidas/scanqueue/backend/src/models/Scan.js:23:15)
    at async Module.getScanStatistics (file:///C:/Users/ludin/Desktop/salidas/scanqueue/backend/src/services/ScanService.js:76:24)
    at async getDashboardStats (file:///C:/Users/ludin/Desktop/salidas/scanqueue/backend/src/controllers/DashboardController.js:12:19)
Path: /api/dashboard/stats

[2026-03-04T12:45:12.838Z] ERROR: 
Stack: AggregateError [ECONNREFUSED]: 
    at C:\Users\ludin\Desktop\salidas\scanqueue\backend\node_modules\pg-pool\index.js:45:11
    at process.processTicksAndRejections (node:internal/process/task_queues:105:5)
    at async query (file:///C:/Users/ludin/Desktop/salidas/scanqueue/backend/src/config/database.js:25:18)
    at async Module.getScansToday (file:///C:/Users/ludin/Desktop/salidas/scanqueue/backend/src/models/Scan.js:23:15)
    at async getTodaySummary (file:///C:/Users/ludin/Desktop/salidas/scanqueue/backend/src/controllers/DashboardController.js:30:24)
Path: /api/dashboard/today

[2026-03-04T12:45:13.764Z] ERROR: 
Stack: AggregateError [ECONNREFUSED]: 
    at C:\Users\ludin\Desktop\salidas\scanqueue\backend\node_modules\pg-pool\index.js:45:11
    at process.processTicksAndRejections (node:internal/process/task_queues:105:5)
    at async query (file:///C:/Users/ludin/Desktop/salidas/scanqueue/backend/src/config/database.js:25:18)
    at async Module.getScansToday (file:///C:/Users/ludin/Desktop/salidas/scanqueue/backend/src/models/Scan.js:23:15)
    at async Module.getScanStatistics (file:///C:/Users/ludin/Desktop/salidas/scanqueue/backend/src/services/ScanService.js:76:24)
    at async getDashboardStats (file:///C:/Users/ludin/Desktop/salidas/scanqueue/backend/src/controllers/DashboardController.js:12:19)
Path: /api/dashboard/stats

[2026-03-04T12:45:13.766Z] ERROR: 
Stack: AggregateError [ECONNREFUSED]: 
    at C:\Users\ludin\Desktop\salidas\scanqueue\backend\node_modules\pg-pool\index.js:45:11
    at process.processTicksAndRejections (node:internal/process/task_queues:105:5)
    at async query (file:///C:/Users/ludin/Desktop/salidas/scanqueue/backend/src/config/database.js:25:18)
    at async Module.getScansToday (file:///C:/Users/ludin/Desktop/salidas/scanqueue/backend/src/models/Scan.js:23:15)
    at async getTodaySummary (file:///C:/Users/ludin/Desktop/salidas/scanqueue/backend/src/controllers/DashboardController.js:30:24)
Path: /api/dashboard/today

[2026-03-04T12:45:14.158Z] ERROR: 
Stack: AggregateError [ECONNREFUSED]: 
    at C:\Users\ludin\Desktop\salidas\scanqueue\backend\node_modules\pg-pool\index.js:45:11
    at process.processTicksAndRejections (node:internal/process/task_queues:105:5)
    at async query (file:///C:/Users/ludin/Desktop/salidas/scanqueue/backend/src/config/database.js:25:18)
    at async Module.getScansToday (file:///C:/Users/ludin/Desktop/salidas/scanqueue/backend/src/models/Scan.js:23:15)
    at async Module.getScanStatistics (file:///C:/Users/ludin/Desktop/salidas/scanqueue/backend/src/services/ScanService.js:76:24)
    at async getDashboardStats (file:///C:/Users/ludin/Desktop/salidas/scanqueue/backend/src/controllers/DashboardController.js:12:19)
Path: /api/dashboard/stats

[2026-03-04T12:45:14.160Z] ERROR: 
Stack: AggregateError [ECONNREFUSED]: 
    at C:\Users\ludin\Desktop\salidas\scanqueue\backend\node_modules\pg-pool\index.js:45:11
    at process.processTicksAndRejections (node:internal/process/task_queues:105:5)
    at async query (file:///C:/Users/ludin/Desktop/salidas/scanqueue/backend/src/config/database.js:25:18)
    at async Module.getScansToday (file:///C:/Users/ludin/Desktop/salidas/scanqueue/backend/src/models/Scan.js:23:15)
    at async getTodaySummary (file:///C:/Users/ludin/Desktop/salidas/scanqueue/backend/src/controllers/DashboardController.js:30:24)
Path: /api/dashboard/today

[2026-03-04T12:45:14.490Z] ERROR: 
Stack: AggregateError [ECONNREFUSED]: 
    at C:\Users\ludin\Desktop\salidas\scanqueue\backend\node_modules\pg-pool\index.js:45:11
    at process.processTicksAndRejections (node:internal/process/task_queues:105:5)
    at async query (file:///C:/Users/ludin/Desktop/salidas/scanqueue/backend/src/config/database.js:25:18)
    at async Module.getScansToday (file:///C:/Users/ludin/Desktop/salidas/scanqueue/backend/src/models/Scan.js:23:15)
    at async Module.getScanStatistics (file:///C:/Users/ludin/Desktop/salidas/scanqueue/backend/src/services/ScanService.js:76:24)
    at async getDashboardStats (file:///C:/Users/ludin/Desktop/salidas/scanqueue/backend/src/controllers/DashboardController.js:12:19)
Path: /api/dashboard/stats

[2026-03-04T12:45:14.493Z] ERROR: 
Stack: AggregateError [ECONNREFUSED]: 
    at C:\Users\ludin\Desktop\salidas\scanqueue\backend\node_modules\pg-pool\index.js:45:11
    at process.processTicksAndRejections (node:internal/process/task_queues:105:5)
    at async query (file:///C:/Users/ludin/Desktop/salidas/scanqueue/backend/src/config/database.js:25:18)
    at async Module.getScansToday (file:///C:/Users/ludin/Desktop/salidas/scanqueue/backend/src/models/Scan.js:23:15)
    at async getTodaySummary (file:///C:/Users/ludin/Desktop/salidas/scanqueue/backend/src/controllers/DashboardController.js:30:24)
Path: /api/dashboard/today

[2026-03-04T12:45:14.878Z] ERROR: 
Stack: AggregateError [ECONNREFUSED]: 
    at C:\Users\ludin\Desktop\salidas\scanqueue\backend\node_modules\pg-pool\index.js:45:11
    at process.processTicksAndRejections (node:internal/process/task_queues:105:5)
    at async query (file:///C:/Users/ludin/Desktop/salidas/scanqueue/backend/src/config/database.js:25:18)
    at async Module.getScansToday (file:///C:/Users/ludin/Desktop/salidas/scanqueue/backend/src/models/Scan.js:23:15)
    at async Module.getScanStatistics (file:///C:/Users/ludin/Desktop/salidas/scanqueue/backend/src/services/ScanService.js:76:24)
    at async getDashboardStats (file:///C:/Users/ludin/Desktop/salidas/scanqueue/backend/src/controllers/DashboardController.js:12:19)
Path: /api/dashboard/stats

[2026-03-04T12:45:14.880Z] ERROR: 
Stack: AggregateError [ECONNREFUSED]: 
    at C:\Users\ludin\Desktop\salidas\scanqueue\backend\node_modules\pg-pool\index.js:45:11
    at process.processTicksAndRejections (node:internal/process/task_queues:105:5)
    at async query (file:///C:/Users/ludin/Desktop/salidas/scanqueue/backend/src/config/database.js:25:18)
    at async Module.getScansToday (file:///C:/Users/ludin/Desktop/salidas/scanqueue/backend/src/models/Scan.js:23:15)
    at async getTodaySummary (file:///C:/Users/ludin/Desktop/salidas/scanqueue/backend/src/controllers/DashboardController.js:30:24)
Path: /api/dashboard/today

[2026-03-04T12:45:15.237Z] ERROR: 
Stack: AggregateError [ECONNREFUSED]: 
    at C:\Users\ludin\Desktop\salidas\scanqueue\backend\node_modules\pg-pool\index.js:45:11
    at process.processTicksAndRejections (node:internal/process/task_queues:105:5)
    at async query (file:///C:/Users/ludin/Desktop/salidas/scanqueue/backend/src/config/database.js:25:18)
    at async Module.getScansToday (file:///C:/Users/ludin/Desktop/salidas/scanqueue/backend/src/models/Scan.js:23:15)
    at async Module.getScanStatistics (file:///C:/Users/ludin/Desktop/salidas/scanqueue/backend/src/services/ScanService.js:76:24)
    at async getDashboardStats (file:///C:/Users/ludin/Desktop/salidas/scanqueue/backend/src/controllers/DashboardController.js:12:19)
Path: /api/dashboard/stats

[2026-03-04T12:45:15.239Z] ERROR: 
Stack: AggregateError [ECONNREFUSED]: 
    at C:\Users\ludin\Desktop\salidas\scanqueue\backend\node_modules\pg-pool\index.js:45:11
    at process.processTicksAndRejections (node:internal/process/task_queues:105:5)
    at async query (file:///C:/Users/ludin/Desktop/salidas/scanqueue/backend/src/config/database.js:25:18)
    at async Module.getScansToday (file:///C:/Users/ludin/Desktop/salidas/scanqueue/backend/src/models/Scan.js:23:15)
    at async getTodaySummary (file:///C:/Users/ludin/Desktop/salidas/scanqueue/backend/src/controllers/DashboardController.js:30:24)
Path: /api/dashboard/today

[2026-03-04T12:45:15.575Z] ERROR: 
Stack: AggregateError [ECONNREFUSED]: 
    at C:\Users\ludin\Desktop\salidas\scanqueue\backend\node_modules\pg-pool\index.js:45:11
    at process.processTicksAndRejections (node:internal/process/task_queues:105:5)
    at async query (file:///C:/Users/ludin/Desktop/salidas/scanqueue/backend/src/config/database.js:25:18)
    at async Module.getScansToday (file:///C:/Users/ludin/Desktop/salidas/scanqueue/backend/src/models/Scan.js:23:15)
    at async Module.getScanStatistics (file:///C:/Users/ludin/Desktop/salidas/scanqueue/backend/src/services/ScanService.js:76:24)
    at async getDashboardStats (file:///C:/Users/ludin/Desktop/salidas/scanqueue/backend/src/controllers/DashboardController.js:12:19)
Path: /api/dashboard/stats

[2026-03-04T12:45:15.577Z] ERROR: 
Stack: AggregateError [ECONNREFUSED]: 
    at C:\Users\ludin\Desktop\salidas\scanqueue\backend\node_modules\pg-pool\index.js:45:11
    at process.processTicksAndRejections (node:internal/process/task_queues:105:5)
    at async query (file:///C:/Users/ludin/Desktop/salidas/scanqueue/backend/src/config/database.js:25:18)
    at async Module.getScansToday (file:///C:/Users/ludin/Desktop/salidas/scanqueue/backend/src/models/Scan.js:23:15)
    at async getTodaySummary (file:///C:/Users/ludin/Desktop/salidas/scanqueue/backend/src/controllers/DashboardController.js:30:24)
Path: /api/dashboard/today

[2026-03-04T12:45:15.992Z] ERROR: 
Stack: AggregateError [ECONNREFUSED]: 
    at C:\Users\ludin\Desktop\salidas\scanqueue\backend\node_modules\pg-pool\index.js:45:11
    at process.processTicksAndRejections (node:internal/process/task_queues:105:5)
    at async query (file:///C:/Users/ludin/Desktop/salidas/scanqueue/backend/src/config/database.js:25:18)
    at async Module.getScansToday (file:///C:/Users/ludin/Desktop/salidas/scanqueue/backend/src/models/Scan.js:23:15)
    at async Module.getScanStatistics (file:///C:/Users/ludin/Desktop/salidas/scanqueue/backend/src/services/ScanService.js:76:24)
    at async getDashboardStats (file:///C:/Users/ludin/Desktop/salidas/scanqueue/backend/src/controllers/DashboardController.js:12:19)
Path: /api/dashboard/stats

[2026-03-04T12:45:15.995Z] ERROR: 
Stack: AggregateError [ECONNREFUSED]: 
    at C:\Users\ludin\Desktop\salidas\scanqueue\backend\node_modules\pg-pool\index.js:45:11
    at process.processTicksAndRejections (node:internal/process/task_queues:105:5)
    at async query (file:///C:/Users/ludin/Desktop/salidas/scanqueue/backend/src/config/database.js:25:18)
    at async Module.getScansToday (file:///C:/Users/ludin/Desktop/salidas/scanqueue/backend/src/models/Scan.js:23:15)
    at async getTodaySummary (file:///C:/Users/ludin/Desktop/salidas/scanqueue/backend/src/controllers/DashboardController.js:30:24)
Path: /api/dashboard/today

[2026-03-04T12:45:16.531Z] ERROR: 
Stack: AggregateError [ECONNREFUSED]: 
    at C:\Users\ludin\Desktop\salidas\scanqueue\backend\node_modules\pg-pool\index.js:45:11
    at process.processTicksAndRejections (node:internal/process/task_queues:105:5)
    at async query (file:///C:/Users/ludin/Desktop/salidas/scanqueue/backend/src/config/database.js:25:18)
    at async Module.getScansToday (file:///C:/Users/ludin/Desktop/salidas/scanqueue/backend/src/models/Scan.js:23:15)
    at async Module.getScanStatistics (file:///C:/Users/ludin/Desktop/salidas/scanqueue/backend/src/services/ScanService.js:76:24)
    at async getDashboardStats (file:///C:/Users/ludin/Desktop/salidas/scanqueue/backend/src/controllers/DashboardController.js:12:19)
Path: /api/dashboard/stats

[2026-03-04T12:45:16.533Z] ERROR: 
Stack: AggregateError [ECONNREFUSED]: 
    at C:\Users\ludin\Desktop\salidas\scanqueue\backend\node_modules\pg-pool\index.js:45:11
    at process.processTicksAndRejections (node:internal/process/task_queues:105:5)
    at async query (file:///C:/Users/ludin/Desktop/salidas/scanqueue/backend/src/config/database.js:25:18)
    at async Module.getScansToday (file:///C:/Users/ludin/Desktop/salidas/scanqueue/backend/src/models/Scan.js:23:15)
    at async getTodaySummary (file:///C:/Users/ludin/Desktop/salidas/scanqueue/backend/src/controllers/DashboardController.js:30:24)
Path: /api/dashboard/today

[2026-03-04T12:45:16.949Z] ERROR: 
Stack: AggregateError [ECONNREFUSED]: 
    at C:\Users\ludin\Desktop\salidas\scanqueue\backend\node_modules\pg-pool\index.js:45:11
    at process.processTicksAndRejections (node:internal/process/task_queues:105:5)
    at async query (file:///C:/Users/ludin/Desktop/salidas/scanqueue/backend/src/config/database.js:25:18)
    at async Module.getScansToday (file:///C:/Users/ludin/Desktop/salidas/scanqueue/backend/src/models/Scan.js:23:15)
    at async Module.getScanStatistics (file:///C:/Users/ludin/Desktop/salidas/scanqueue/backend/src/services/ScanService.js:76:24)
    at async getDashboardStats (file:///C:/Users/ludin/Desktop/salidas/scanqueue/backend/src/controllers/DashboardController.js:12:19)
Path: /api/dashboard/stats

[2026-03-04T12:45:16.953Z] ERROR: 
Stack: AggregateError [ECONNREFUSED]: 
    at C:\Users\ludin\Desktop\salidas\scanqueue\backend\node_modules\pg-pool\index.js:45:11
    at process.processTicksAndRejections (node:internal/process/task_queues:105:5)
    at async query (file:///C:/Users/ludin/Desktop/salidas/scanqueue/backend/src/config/database.js:25:18)
    at async Module.getScansToday (file:///C:/Users/ludin/Desktop/salidas/scanqueue/backend/src/models/Scan.js:23:15)
    at async getTodaySummary (file:///C:/Users/ludin/Desktop/salidas/scanqueue/backend/src/controllers/DashboardController.js:30:24)
Path: /api/dashboard/today

[2026-03-04T12:45:17.379Z] ERROR: 
Stack: AggregateError [ECONNREFUSED]: 
    at C:\Users\ludin\Desktop\salidas\scanqueue\backend\node_modules\pg-pool\index.js:45:11
    at process.processTicksAndRejections (node:internal/process/task_queues:105:5)
    at async query (file:///C:/Users/ludin/Desktop/salidas/scanqueue/backend/src/config/database.js:25:18)
    at async Module.getScansToday (file:///C:/Users/ludin/Desktop/salidas/scanqueue/backend/src/models/Scan.js:23:15)
    at async Module.getScanStatistics (file:///C:/Users/ludin/Desktop/salidas/scanqueue/backend/src/services/ScanService.js:76:24)
    at async getDashboardStats (file:///C:/Users/ludin/Desktop/salidas/scanqueue/backend/src/controllers/DashboardController.js:12:19)
Path: /api/dashboard/stats

[2026-03-04T12:45:17.381Z] ERROR: 
Stack: AggregateError [ECONNREFUSED]: 
    at C:\Users\ludin\Desktop\salidas\scanqueue\backend\node_modules\pg-pool\index.js:45:11
    at process.processTicksAndRejections (node:internal/process/task_queues:105:5)
    at async query (file:///C:/Users/ludin/Desktop/salidas/scanqueue/backend/src/config/database.js:25:18)
    at async Module.getScansToday (file:///C:/Users/ludin/Desktop/salidas/scanqueue/backend/src/models/Scan.js:23:15)
    at async getTodaySummary (file:///C:/Users/ludin/Desktop/salidas/scanqueue/backend/src/controllers/DashboardController.js:30:24)
Path: /api/dashboard/today

[2026-03-04T12:45:17.698Z] ERROR: 
Stack: AggregateError [ECONNREFUSED]: 
    at C:\Users\ludin\Desktop\salidas\scanqueue\backend\node_modules\pg-pool\index.js:45:11
    at process.processTicksAndRejections (node:internal/process/task_queues:105:5)
    at async query (file:///C:/Users/ludin/Desktop/salidas/scanqueue/backend/src/config/database.js:25:18)
    at async Module.getScansToday (file:///C:/Users/ludin/Desktop/salidas/scanqueue/backend/src/models/Scan.js:23:15)
    at async Module.getScanStatistics (file:///C:/Users/ludin/Desktop/salidas/scanqueue/backend/src/services/ScanService.js:76:24)
    at async getDashboardStats (file:///C:/Users/ludin/Desktop/salidas/scanqueue/backend/src/controllers/DashboardController.js:12:19)
Path: /api/dashboard/stats

[2026-03-04T12:45:17.701Z] ERROR: 
Stack: AggregateError [ECONNREFUSED]: 
    at C:\Users\ludin\Desktop\salidas\scanqueue\backend\node_modules\pg-pool\index.js:45:11
    at process.processTicksAndRejections (node:internal/process/task_queues:105:5)
    at async query (file:///C:/Users/ludin/Desktop/salidas/scanqueue/backend/src/config/database.js:25:18)
    at async Module.getScansToday (file:///C:/Users/ludin/Desktop/salidas/scanqueue/backend/src/models/Scan.js:23:15)
    at async getTodaySummary (file:///C:/Users/ludin/Desktop/salidas/scanqueue/backend/src/controllers/DashboardController.js:30:24)
Path: /api/dashboard/today

[2026-03-04T12:45:18.128Z] ERROR: 
Stack: AggregateError [ECONNREFUSED]: 
    at C:\Users\ludin\Desktop\salidas\scanqueue\backend\node_modules\pg-pool\index.js:45:11
    at process.processTicksAndRejections (node:internal/process/task_queues:105:5)
    at async query (file:///C:/Users/ludin/Desktop/salidas/scanqueue/backend/src/config/database.js:25:18)
    at async Module.getScansToday (file:///C:/Users/ludin/Desktop/salidas/scanqueue/backend/src/models/Scan.js:23:15)
    at async Module.getScanStatistics (file:///C:/Users/ludin/Desktop/salidas/scanqueue/backend/src/services/ScanService.js:76:24)
    at async getDashboardStats (file:///C:/Users/ludin/Desktop/salidas/scanqueue/backend/src/controllers/DashboardController.js:12:19)
Path: /api/dashboard/stats

[2026-03-04T12:45:18.130Z] ERROR: 
Stack: AggregateError [ECONNREFUSED]: 
    at C:\Users\ludin\Desktop\salidas\scanqueue\backend\node_modules\pg-pool\index.js:45:11
    at process.processTicksAndRejections (node:internal/process/task_queues:105:5)
    at async query (file:///C:/Users/ludin/Desktop/salidas/scanqueue/backend/src/config/database.js:25:18)
    at async Module.getScansToday (file:///C:/Users/ludin/Desktop/salidas/scanqueue/backend/src/models/Scan.js:23:15)
    at async getTodaySummary (file:///C:/Users/ludin/Desktop/salidas/scanqueue/backend/src/controllers/DashboardController.js:30:24)
Path: /api/dashboard/today

[2026-03-04T12:45:18.501Z] ERROR: 
Stack: AggregateError [ECONNREFUSED]: 
    at C:\Users\ludin\Desktop\salidas\scanqueue\backend\node_modules\pg-pool\index.js:45:11
    at process.processTicksAndRejections (node:internal/process/task_queues:105:5)
    at async query (file:///C:/Users/ludin/Desktop/salidas/scanqueue/backend/src/config/database.js:25:18)
    at async Module.getScansToday (file:///C:/Users/ludin/Desktop/salidas/scanqueue/backend/src/models/Scan.js:23:15)
    at async Module.getScanStatistics (file:///C:/Users/ludin/Desktop/salidas/scanqueue/backend/src/services/ScanService.js:76:24)
    at async getDashboardStats (file:///C:/Users/ludin/Desktop/salidas/scanqueue/backend/src/controllers/DashboardController.js:12:19)
Path: /api/dashboard/stats

[2026-03-04T12:45:18.503Z] ERROR: 
Stack: AggregateError [ECONNREFUSED]: 
    at C:\Users\ludin\Desktop\salidas\scanqueue\backend\node_modules\pg-pool\index.js:45:11
    at process.processTicksAndRejections (node:internal/process/task_queues:105:5)
    at async query (file:///C:/Users/ludin/Desktop/salidas/scanqueue/backend/src/config/database.js:25:18)
    at async Module.getScansToday (file:///C:/Users/ludin/Desktop/salidas/scanqueue/backend/src/models/Scan.js:23:15)
    at async getTodaySummary (file:///C:/Users/ludin/Desktop/salidas/scanqueue/backend/src/controllers/DashboardController.js:30:24)
Path: /api/dashboard/today

[2026-03-04T12:45:18.865Z] ERROR: 
Stack: AggregateError [ECONNREFUSED]: 
    at C:\Users\ludin\Desktop\salidas\scanqueue\backend\node_modules\pg-pool\index.js:45:11
    at process.processTicksAndRejections (node:internal/process/task_queues:105:5)
    at async query (file:///C:/Users/ludin/Desktop/salidas/scanqueue/backend/src/config/database.js:25:18)
    at async Module.getScansToday (file:///C:/Users/ludin/Desktop/salidas/scanqueue/backend/src/models/Scan.js:23:15)
    at async Module.getScanStatistics (file:///C:/Users/ludin/Desktop/salidas/scanqueue/backend/src/services/ScanService.js:76:24)
    at async getDashboardStats (file:///C:/Users/ludin/Desktop/salidas/scanqueue/backend/src/controllers/DashboardController.js:12:19)
Path: /api/dashboard/stats

[2026-03-04T12:45:18.867Z] ERROR: 
Stack: AggregateError [ECONNREFUSED]: 
    at C:\Users\ludin\Desktop\salidas\scanqueue\backend\node_modules\pg-pool\index.js:45:11
    at process.processTicksAndRejections (node:internal/process/task_queues:105:5)
    at async query (file:///C:/Users/ludin/Desktop/salidas/scanqueue/backend/src/config/database.js:25:18)
    at async Module.getScansToday (file:///C:/Users/ludin/Desktop/salidas/scanqueue/backend/src/models/Scan.js:23:15)
    at async getTodaySummary (file:///C:/Users/ludin/Desktop/salidas/scanqueue/backend/src/controllers/DashboardController.js:30:24)
Path: /api/dashboard/today

[2026-03-04T12:45:19.273Z] ERROR: 
Stack: AggregateError [ECONNREFUSED]: 
    at C:\Users\ludin\Desktop\salidas\scanqueue\backend\node_modules\pg-pool\index.js:45:11
    at process.processTicksAndRejections (node:internal/process/task_queues:105:5)
    at async query (file:///C:/Users/ludin/Desktop/salidas/scanqueue/backend/src/config/database.js:25:18)
    at async Module.getScansToday (file:///C:/Users/ludin/Desktop/salidas/scanqueue/backend/src/models/Scan.js:23:15)
    at async Module.getScanStatistics (file:///C:/Users/ludin/Desktop/salidas/scanqueue/backend/src/services/ScanService.js:76:24)
    at async getDashboardStats (file:///C:/Users/ludin/Desktop/salidas/scanqueue/backend/src/controllers/DashboardController.js:12:19)
Path: /api/dashboard/stats

[2026-03-04T12:45:19.275Z] ERROR: 
Stack: AggregateError [ECONNREFUSED]: 
    at C:\Users\ludin\Desktop\salidas\scanqueue\backend\node_modules\pg-pool\index.js:45:11
    at process.processTicksAndRejections (node:internal/process/task_queues:105:5)
    at async query (file:///C:/Users/ludin/Desktop/salidas/scanqueue/backend/src/config/database.js:25:18)
    at async Module.getScansToday (file:///C:/Users/ludin/Desktop/salidas/scanqueue/backend/src/models/Scan.js:23:15)
    at async getTodaySummary (file:///C:/Users/ludin/Desktop/salidas/scanqueue/backend/src/controllers/DashboardController.js:30:24)
Path: /api/dashboard/today

[2026-03-04T12:45:19.614Z] ERROR: 
Stack: AggregateError [ECONNREFUSED]: 
    at C:\Users\ludin\Desktop\salidas\scanqueue\backend\node_modules\pg-pool\index.js:45:11
    at process.processTicksAndRejections (node:internal/process/task_queues:105:5)
    at async query (file:///C:/Users/ludin/Desktop/salidas/scanqueue/backend/src/config/database.js:25:18)
    at async Module.getScansToday (file:///C:/Users/ludin/Desktop/salidas/scanqueue/backend/src/models/Scan.js:23:15)
    at async Module.getScanStatistics (file:///C:/Users/ludin/Desktop/salidas/scanqueue/backend/src/services/ScanService.js:76:24)
    at async getDashboardStats (file:///C:/Users/ludin/Desktop/salidas/scanqueue/backend/src/controllers/DashboardController.js:12:19)
Path: /api/dashboard/stats

[2026-03-04T12:45:19.615Z] ERROR: 
Stack: AggregateError [ECONNREFUSED]: 
    at C:\Users\ludin\Desktop\salidas\scanqueue\backend\node_modules\pg-pool\index.js:45:11
    at process.processTicksAndRejections (node:internal/process/task_queues:105:5)
    at async query (file:///C:/Users/ludin/Desktop/salidas/scanqueue/backend/src/config/database.js:25:18)
    at async Module.getScansToday (file:///C:/Users/ludin/Desktop/salidas/scanqueue/backend/src/models/Scan.js:23:15)
    at async getTodaySummary (file:///C:/Users/ludin/Desktop/salidas/scanqueue/backend/src/controllers/DashboardController.js:30:24)
Path: /api/dashboard/today

[2026-03-04T12:45:20.089Z] ERROR: 
Stack: AggregateError [ECONNREFUSED]: 
    at C:\Users\ludin\Desktop\salidas\scanqueue\backend\node_modules\pg-pool\index.js:45:11
    at process.processTicksAndRejections (node:internal/process/task_queues:105:5)
    at async query (file:///C:/Users/ludin/Desktop/salidas/scanqueue/backend/src/config/database.js:25:18)
    at async Module.getScansToday (file:///C:/Users/ludin/Desktop/salidas/scanqueue/backend/src/models/Scan.js:23:15)
    at async Module.getScanStatistics (file:///C:/Users/ludin/Desktop/salidas/scanqueue/backend/src/services/ScanService.js:76:24)
    at async getDashboardStats (file:///C:/Users/ludin/Desktop/salidas/scanqueue/backend/src/controllers/DashboardController.js:12:19)
Path: /api/dashboard/stats

[2026-03-04T12:45:20.093Z] ERROR: 
Stack: AggregateError [ECONNREFUSED]: 
    at C:\Users\ludin\Desktop\salidas\scanqueue\backend\node_modules\pg-pool\index.js:45:11
    at process.processTicksAndRejections (node:internal/process/task_queues:105:5)
    at async query (file:///C:/Users/ludin/Desktop/salidas/scanqueue/backend/src/config/database.js:25:18)
    at async Module.getScansToday (file:///C:/Users/ludin/Desktop/salidas/scanqueue/backend/src/models/Scan.js:23:15)
    at async getTodaySummary (file:///C:/Users/ludin/Desktop/salidas/scanqueue/backend/src/controllers/DashboardController.js:30:24)
Path: /api/dashboard/today

[2026-03-04T12:45:20.539Z] ERROR: 
Stack: AggregateError [ECONNREFUSED]: 
    at C:\Users\ludin\Desktop\salidas\scanqueue\backend\node_modules\pg-pool\index.js:45:11
    at process.processTicksAndRejections (node:internal/process/task_queues:105:5)
    at async query (file:///C:/Users/ludin/Desktop/salidas/scanqueue/backend/src/config/database.js:25:18)
    at async Module.getScansToday (file:///C:/Users/ludin/Desktop/salidas/scanqueue/backend/src/models/Scan.js:23:15)
    at async Module.getScanStatistics (file:///C:/Users/ludin/Desktop/salidas/scanqueue/backend/src/services/ScanService.js:76:24)
    at async getDashboardStats (file:///C:/Users/ludin/Desktop/salidas/scanqueue/backend/src/controllers/DashboardController.js:12:19)
Path: /api/dashboard/stats

[2026-03-04T12:45:20.542Z] ERROR: 
Stack: AggregateError [ECONNREFUSED]: 
    at C:\Users\ludin\Desktop\salidas\scanqueue\backend\node_modules\pg-pool\index.js:45:11
    at process.processTicksAndRejections (node:internal/process/task_queues:105:5)
    at async query (file:///C:/Users/ludin/Desktop/salidas/scanqueue/backend/src/config/database.js:25:18)
    at async Module.getScansToday (file:///C:/Users/ludin/Desktop/salidas/scanqueue/backend/src/models/Scan.js:23:15)
    at async getTodaySummary (file:///C:/Users/ludin/Desktop/salidas/scanqueue/backend/src/controllers/DashboardController.js:30:24)
Path: /api/dashboard/today

[2026-03-04T12:45:20.926Z] ERROR: 
Stack: AggregateError [ECONNREFUSED]: 
    at C:\Users\ludin\Desktop\salidas\scanqueue\backend\node_modules\pg-pool\index.js:45:11
    at process.processTicksAndRejections (node:internal/process/task_queues:105:5)
    at async query (file:///C:/Users/ludin/Desktop/salidas/scanqueue/backend/src/config/database.js:25:18)
    at async Module.getScansToday (file:///C:/Users/ludin/Desktop/salidas/scanqueue/backend/src/models/Scan.js:23:15)
    at async Module.getScanStatistics (file:///C:/Users/ludin/Desktop/salidas/scanqueue/backend/src/services/ScanService.js:76:24)
    at async getDashboardStats (file:///C:/Users/ludin/Desktop/salidas/scanqueue/backend/src/controllers/DashboardController.js:12:19)
Path: /api/dashboard/stats

[2026-03-04T12:45:20.931Z] ERROR: 
Stack: AggregateError [ECONNREFUSED]: 
    at C:\Users\ludin\Desktop\salidas\scanqueue\backend\node_modules\pg-pool\index.js:45:11
    at process.processTicksAndRejections (node:internal/process/task_queues:105:5)
    at async query (file:///C:/Users/ludin/Desktop/salidas/scanqueue/backend/src/config/database.js:25:18)
    at async Module.getScansToday (file:///C:/Users/ludin/Desktop/salidas/scanqueue/backend/src/models/Scan.js:23:15)
    at async getTodaySummary (file:///C:/Users/ludin/Desktop/salidas/scanqueue/backend/src/controllers/DashboardController.js:30:24)
Path: /api/dashboard/today

[2026-03-04T12:45:21.452Z] ERROR: 
Stack: AggregateError [ECONNREFUSED]: 
    at C:\Users\ludin\Desktop\salidas\scanqueue\backend\node_modules\pg-pool\index.js:45:11
    at process.processTicksAndRejections (node:internal/process/task_queues:105:5)
    at async query (file:///C:/Users/ludin/Desktop/salidas/scanqueue/backend/src/config/database.js:25:18)
    at async Module.getScansToday (file:///C:/Users/ludin/Desktop/salidas/scanqueue/backend/src/models/Scan.js:23:15)
    at async Module.getScanStatistics (file:///C:/Users/ludin/Desktop/salidas/scanqueue/backend/src/services/ScanService.js:76:24)
    at async getDashboardStats (file:///C:/Users/ludin/Desktop/salidas/scanqueue/backend/src/controllers/DashboardController.js:12:19)
Path: /api/dashboard/stats

[2026-03-04T12:45:21.459Z] ERROR: 
Stack: AggregateError [ECONNREFUSED]: 
    at C:\Users\ludin\Desktop\salidas\scanqueue\backend\node_modules\pg-pool\index.js:45:11
    at process.processTicksAndRejections (node:internal/process/task_queues:105:5)
    at async query (file:///C:/Users/ludin/Desktop/salidas/scanqueue/backend/src/config/database.js:25:18)
    at async Module.getScansToday (file:///C:/Users/ludin/Desktop/salidas/scanqueue/backend/src/models/Scan.js:23:15)
    at async getTodaySummary (file:///C:/Users/ludin/Desktop/salidas/scanqueue/backend/src/controllers/DashboardController.js:30:24)
Path: /api/dashboard/today

[2026-03-04T12:45:21.928Z] ERROR: 
Stack: AggregateError [ECONNREFUSED]: 
    at C:\Users\ludin\Desktop\salidas\scanqueue\backend\node_modules\pg-pool\index.js:45:11
    at process.processTicksAndRejections (node:internal/process/task_queues:105:5)
    at async query (file:///C:/Users/ludin/Desktop/salidas/scanqueue/backend/src/config/database.js:25:18)
    at async Module.getScansToday (file:///C:/Users/ludin/Desktop/salidas/scanqueue/backend/src/models/Scan.js:23:15)
    at async Module.getScanStatistics (file:///C:/Users/ludin/Desktop/salidas/scanqueue/backend/src/services/ScanService.js:76:24)
    at async getDashboardStats (file:///C:/Users/ludin/Desktop/salidas/scanqueue/backend/src/controllers/DashboardController.js:12:19)
Path: /api/dashboard/stats

[2026-03-04T12:45:21.931Z] ERROR: 
Stack: AggregateError [ECONNREFUSED]: 
    at C:\Users\ludin\Desktop\salidas\scanqueue\backend\node_modules\pg-pool\index.js:45:11
    at process.processTicksAndRejections (node:internal/process/task_queues:105:5)
    at async query (file:///C:/Users/ludin/Desktop/salidas/scanqueue/backend/src/config/database.js:25:18)
    at async Module.getScansToday (file:///C:/Users/ludin/Desktop/salidas/scanqueue/backend/src/models/Scan.js:23:15)
    at async getTodaySummary (file:///C:/Users/ludin/Desktop/salidas/scanqueue/backend/src/controllers/DashboardController.js:30:24)
Path: /api/dashboard/today

[2026-03-04T12:45:22.389Z] ERROR: 
Stack: AggregateError [ECONNREFUSED]: 
    at C:\Users\ludin\Desktop\salidas\scanqueue\backend\node_modules\pg-pool\index.js:45:11
    at process.processTicksAndRejections (node:internal/process/task_queues:105:5)
    at async query (file:///C:/Users/ludin/Desktop/salidas/scanqueue/backend/src/config/database.js:25:18)
    at async Module.getScansToday (file:///C:/Users/ludin/Desktop/salidas/scanqueue/backend/src/models/Scan.js:23:15)
    at async Module.getScanStatistics (file:///C:/Users/ludin/Desktop/salidas/scanqueue/backend/src/services/ScanService.js:76:24)
    at async getDashboardStats (file:///C:/Users/ludin/Desktop/salidas/scanqueue/backend/src/controllers/DashboardController.js:12:19)
Path: /api/dashboard/stats

[2026-03-04T12:45:22.392Z] ERROR: 
Stack: AggregateError [ECONNREFUSED]: 
    at C:\Users\ludin\Desktop\salidas\scanqueue\backend\node_modules\pg-pool\index.js:45:11
    at process.processTicksAndRejections (node:internal/process/task_queues:105:5)
    at async query (file:///C:/Users/ludin/Desktop/salidas/scanqueue/backend/src/config/database.js:25:18)
    at async Module.getScansToday (file:///C:/Users/ludin/Desktop/salidas/scanqueue/backend/src/models/Scan.js:23:15)
    at async getTodaySummary (file:///C:/Users/ludin/Desktop/salidas/scanqueue/backend/src/controllers/DashboardController.js:30:24)
Path: /api/dashboard/today

[2026-03-04T12:45:22.806Z] ERROR: 
Stack: AggregateError [ECONNREFUSED]: 
    at C:\Users\ludin\Desktop\salidas\scanqueue\backend\node_modules\pg-pool\index.js:45:11
    at process.processTicksAndRejections (node:internal/process/task_queues:105:5)
    at async query (file:///C:/Users/ludin/Desktop/salidas/scanqueue/backend/src/config/database.js:25:18)
    at async Module.getScansToday (file:///C:/Users/ludin/Desktop/salidas/scanqueue/backend/src/models/Scan.js:23:15)
    at async Module.getScanStatistics (file:///C:/Users/ludin/Desktop/salidas/scanqueue/backend/src/services/ScanService.js:76:24)
    at async getDashboardStats (file:///C:/Users/ludin/Desktop/salidas/scanqueue/backend/src/controllers/DashboardController.js:12:19)
Path: /api/dashboard/stats

[2026-03-04T12:45:22.810Z] ERROR: 
Stack: AggregateError [ECONNREFUSED]: 
    at C:\Users\ludin\Desktop\salidas\scanqueue\backend\node_modules\pg-pool\index.js:45:11
    at process.processTicksAndRejections (node:internal/process/task_queues:105:5)
    at async query (file:///C:/Users/ludin/Desktop/salidas/scanqueue/backend/src/config/database.js:25:18)
    at async Module.getScansToday (file:///C:/Users/ludin/Desktop/salidas/scanqueue/backend/src/models/Scan.js:23:15)
    at async getTodaySummary (file:///C:/Users/ludin/Desktop/salidas/scanqueue/backend/src/controllers/DashboardController.js:30:24)
Path: /api/dashboard/today

[2026-03-04T12:45:23.198Z] ERROR: 
Stack: AggregateError [ECONNREFUSED]: 
    at C:\Users\ludin\Desktop\salidas\scanqueue\backend\node_modules\pg-pool\index.js:45:11
    at process.processTicksAndRejections (node:internal/process/task_queues:105:5)
    at async query (file:///C:/Users/ludin/Desktop/salidas/scanqueue/backend/src/config/database.js:25:18)
    at async Module.getScansToday (file:///C:/Users/ludin/Desktop/salidas/scanqueue/backend/src/models/Scan.js:23:15)
    at async Module.getScanStatistics (file:///C:/Users/ludin/Desktop/salidas/scanqueue/backend/src/services/ScanService.js:76:24)
    at async getDashboardStats (file:///C:/Users/ludin/Desktop/salidas/scanqueue/backend/src/controllers/DashboardController.js:12:19)
Path: /api/dashboard/stats

[2026-03-04T12:45:23.200Z] ERROR: 
Stack: AggregateError [ECONNREFUSED]: 
    at C:\Users\ludin\Desktop\salidas\scanqueue\backend\node_modules\pg-pool\index.js:45:11
    at process.processTicksAndRejections (node:internal/process/task_queues:105:5)
    at async query (file:///C:/Users/ludin/Desktop/salidas/scanqueue/backend/src/config/database.js:25:18)
    at async Module.getScansToday (file:///C:/Users/ludin/Desktop/salidas/scanqueue/backend/src/models/Scan.js:23:15)
    at async getTodaySummary (file:///C:/Users/ludin/Desktop/salidas/scanqueue/backend/src/controllers/DashboardController.js:30:24)
Path: /api/dashboard/today

[2026-03-04T12:45:23.733Z] ERROR: 
Stack: AggregateError [ECONNREFUSED]: 
    at C:\Users\ludin\Desktop\salidas\scanqueue\backend\node_modules\pg-pool\index.js:45:11
    at process.processTicksAndRejections (node:internal/process/task_queues:105:5)
    at async query (file:///C:/Users/ludin/Desktop/salidas/scanqueue/backend/src/config/database.js:25:18)
    at async Module.getScansToday (file:///C:/Users/ludin/Desktop/salidas/scanqueue/backend/src/models/Scan.js:23:15)
    at async Module.getScanStatistics (file:///C:/Users/ludin/Desktop/salidas/scanqueue/backend/src/services/ScanService.js:76:24)
    at async getDashboardStats (file:///C:/Users/ludin/Desktop/salidas/scanqueue/backend/src/controllers/DashboardController.js:12:19)
Path: /api/dashboard/stats

[2026-03-04T12:45:23.737Z] ERROR: 
Stack: AggregateError [ECONNREFUSED]: 
    at C:\Users\ludin\Desktop\salidas\scanqueue\backend\node_modules\pg-pool\index.js:45:11
    at process.processTicksAndRejections (node:internal/process/task_queues:105:5)
    at async query (file:///C:/Users/ludin/Desktop/salidas/scanqueue/backend/src/config/database.js:25:18)
    at async Module.getScansToday (file:///C:/Users/ludin/Desktop/salidas/scanqueue/backend/src/models/Scan.js:23:15)
    at async getTodaySummary (file:///C:/Users/ludin/Desktop/salidas/scanqueue/backend/src/controllers/DashboardController.js:30:24)
Path: /api/dashboard/today

[2026-03-04T12:45:24.191Z] ERROR: 
Stack: AggregateError [ECONNREFUSED]: 
    at C:\Users\ludin\Desktop\salidas\scanqueue\backend\node_modules\pg-pool\index.js:45:11
    at process.processTicksAndRejections (node:internal/process/task_queues:105:5)
    at async query (file:///C:/Users/ludin/Desktop/salidas/scanqueue/backend/src/config/database.js:25:18)
    at async Module.getScansToday (file:///C:/Users/ludin/Desktop/salidas/scanqueue/backend/src/models/Scan.js:23:15)
    at async Module.getScanStatistics (file:///C:/Users/ludin/Desktop/salidas/scanqueue/backend/src/services/ScanService.js:76:24)
    at async getDashboardStats (file:///C:/Users/ludin/Desktop/salidas/scanqueue/backend/src/controllers/DashboardController.js:12:19)
Path: /api/dashboard/stats

[2026-03-04T12:45:24.194Z] ERROR: 
Stack: AggregateError [ECONNREFUSED]: 
    at C:\Users\ludin\Desktop\salidas\scanqueue\backend\node_modules\pg-pool\index.js:45:11
    at process.processTicksAndRejections (node:internal/process/task_queues:105:5)
    at async query (file:///C:/Users/ludin/Desktop/salidas/scanqueue/backend/src/config/database.js:25:18)
    at async Module.getScansToday (file:///C:/Users/ludin/Desktop/salidas/scanqueue/backend/src/models/Scan.js:23:15)
    at async getTodaySummary (file:///C:/Users/ludin/Desktop/salidas/scanqueue/backend/src/controllers/DashboardController.js:30:24)
Path: /api/dashboard/today

[2026-03-04T12:45:24.630Z] ERROR: 
Stack: AggregateError [ECONNREFUSED]: 
    at C:\Users\ludin\Desktop\salidas\scanqueue\backend\node_modules\pg-pool\index.js:45:11
    at process.processTicksAndRejections (node:internal/process/task_queues:105:5)
    at async query (file:///C:/Users/ludin/Desktop/salidas/scanqueue/backend/src/config/database.js:25:18)
    at async Module.getScansToday (file:///C:/Users/ludin/Desktop/salidas/scanqueue/backend/src/models/Scan.js:23:15)
    at async Module.getScanStatistics (file:///C:/Users/ludin/Desktop/salidas/scanqueue/backend/src/services/ScanService.js:76:24)
    at async getDashboardStats (file:///C:/Users/ludin/Desktop/salidas/scanqueue/backend/src/controllers/DashboardController.js:12:19)
Path: /api/dashboard/stats

[2026-03-04T12:45:24.633Z] ERROR: 
Stack: AggregateError [ECONNREFUSED]: 
    at C:\Users\ludin\Desktop\salidas\scanqueue\backend\node_modules\pg-pool\index.js:45:11
    at process.processTicksAndRejections (node:internal/process/task_queues:105:5)
    at async query (file:///C:/Users/ludin/Desktop/salidas/scanqueue/backend/src/config/database.js:25:18)
    at async Module.getScansToday (file:///C:/Users/ludin/Desktop/salidas/scanqueue/backend/src/models/Scan.js:23:15)
    at async getTodaySummary (file:///C:/Users/ludin/Desktop/salidas/scanqueue/backend/src/controllers/DashboardController.js:30:24)
Path: /api/dashboard/today

[2026-03-04T12:45:25.378Z] ERROR: 
Stack: AggregateError [ECONNREFUSED]: 
    at C:\Users\ludin\Desktop\salidas\scanqueue\backend\node_modules\pg-pool\index.js:45:11
    at process.processTicksAndRejections (node:internal/process/task_queues:105:5)
    at async query (file:///C:/Users/ludin/Desktop/salidas/scanqueue/backend/src/config/database.js:25:18)
    at async Module.getScansToday (file:///C:/Users/ludin/Desktop/salidas/scanqueue/backend/src/models/Scan.js:23:15)
    at async Module.getScanStatistics (file:///C:/Users/ludin/Desktop/salidas/scanqueue/backend/src/services/ScanService.js:76:24)
    at async getDashboardStats (file:///C:/Users/ludin/Desktop/salidas/scanqueue/backend/src/controllers/DashboardController.js:12:19)
Path: /api/dashboard/stats

[2026-03-04T12:45:25.382Z] ERROR: 
Stack: AggregateError [ECONNREFUSED]: 
    at C:\Users\ludin\Desktop\salidas\scanqueue\backend\node_modules\pg-pool\index.js:45:11
    at process.processTicksAndRejections (node:internal/process/task_queues:105:5)
    at async query (file:///C:/Users/ludin/Desktop/salidas/scanqueue/backend/src/config/database.js:25:18)
    at async Module.getScansToday (file:///C:/Users/ludin/Desktop/salidas/scanqueue/backend/src/models/Scan.js:23:15)
    at async getTodaySummary (file:///C:/Users/ludin/Desktop/salidas/scanqueue/backend/src/controllers/DashboardController.js:30:24)
Path: /api/dashboard/today

[2026-03-04T12:45:25.846Z] ERROR: 
Stack: AggregateError [ECONNREFUSED]: 
    at C:\Users\ludin\Desktop\salidas\scanqueue\backend\node_modules\pg-pool\index.js:45:11
    at process.processTicksAndRejections (node:internal/process/task_queues:105:5)
    at async query (file:///C:/Users/ludin/Desktop/salidas/scanqueue/backend/src/config/database.js:25:18)
    at async Module.getScansToday (file:///C:/Users/ludin/Desktop/salidas/scanqueue/backend/src/models/Scan.js:23:15)
    at async Module.getScanStatistics (file:///C:/Users/ludin/Desktop/salidas/scanqueue/backend/src/services/ScanService.js:76:24)
    at async getDashboardStats (file:///C:/Users/ludin/Desktop/salidas/scanqueue/backend/src/controllers/DashboardController.js:12:19)
Path: /api/dashboard/stats

[2026-03-04T12:45:25.853Z] ERROR: 
Stack: AggregateError [ECONNREFUSED]: 
    at C:\Users\ludin\Desktop\salidas\scanqueue\backend\node_modules\pg-pool\index.js:45:11
    at process.processTicksAndRejections (node:internal/process/task_queues:105:5)
    at async query (file:///C:/Users/ludin/Desktop/salidas/scanqueue/backend/src/config/database.js:25:18)
    at async Module.getScansToday (file:///C:/Users/ludin/Desktop/salidas/scanqueue/backend/src/models/Scan.js:23:15)
    at async getTodaySummary (file:///C:/Users/ludin/Desktop/salidas/scanqueue/backend/src/controllers/DashboardController.js:30:24)
Path: /api/dashboard/today

[2026-03-04T12:45:27.328Z] ERROR: 
Stack: AggregateError [ECONNREFUSED]: 
    at C:\Users\ludin\Desktop\salidas\scanqueue\backend\node_modules\pg-pool\index.js:45:11
    at process.processTicksAndRejections (node:internal/process/task_queues:105:5)
    at async query (file:///C:/Users/ludin/Desktop/salidas/scanqueue/backend/src/config/database.js:25:18)
    at async Module.getScansToday (file:///C:/Users/ludin/Desktop/salidas/scanqueue/backend/src/models/Scan.js:23:15)
    at async Module.getScanStatistics (file:///C:/Users/ludin/Desktop/salidas/scanqueue/backend/src/services/ScanService.js:76:24)
    at async getDashboardStats (file:///C:/Users/ludin/Desktop/salidas/scanqueue/backend/src/controllers/DashboardController.js:12:19)
Path: /api/dashboard/stats

[2026-03-04T12:45:27.336Z] ERROR: 
Stack: AggregateError [ECONNREFUSED]: 
    at C:\Users\ludin\Desktop\salidas\scanqueue\backend\node_modules\pg-pool\index.js:45:11
    at process.processTicksAndRejections (node:internal/process/task_queues:105:5)
    at async query (file:///C:/Users/ludin/Desktop/salidas/scanqueue/backend/src/config/database.js:25:18)
    at async Module.getScansToday (file:///C:/Users/ludin/Desktop/salidas/scanqueue/backend/src/models/Scan.js:23:15)
    at async getTodaySummary (file:///C:/Users/ludin/Desktop/salidas/scanqueue/backend/src/controllers/DashboardController.js:30:24)
Path: /api/dashboard/today

[2026-03-04T12:45:27.867Z] ERROR: 
Stack: AggregateError [ECONNREFUSED]: 
    at C:\Users\ludin\Desktop\salidas\scanqueue\backend\node_modules\pg-pool\index.js:45:11
    at process.processTicksAndRejections (node:internal/process/task_queues:105:5)
    at async query (file:///C:/Users/ludin/Desktop/salidas/scanqueue/backend/src/config/database.js:25:18)
    at async Module.getScansToday (file:///C:/Users/ludin/Desktop/salidas/scanqueue/backend/src/models/Scan.js:23:15)
    at async Module.getScanStatistics (file:///C:/Users/ludin/Desktop/salidas/scanqueue/backend/src/services/ScanService.js:76:24)
    at async getDashboardStats (file:///C:/Users/ludin/Desktop/salidas/scanqueue/backend/src/controllers/DashboardController.js:12:19)
Path: /api/dashboard/stats

[2026-03-04T12:45:27.871Z] ERROR: 
Stack: AggregateError [ECONNREFUSED]: 
    at C:\Users\ludin\Desktop\salidas\scanqueue\backend\node_modules\pg-pool\index.js:45:11
    at process.processTicksAndRejections (node:internal/process/task_queues:105:5)
    at async query (file:///C:/Users/ludin/Desktop/salidas/scanqueue/backend/src/config/database.js:25:18)
    at async Module.getScansToday (file:///C:/Users/ludin/Desktop/salidas/scanqueue/backend/src/models/Scan.js:23:15)
    at async getTodaySummary (file:///C:/Users/ludin/Desktop/salidas/scanqueue/backend/src/controllers/DashboardController.js:30:24)
Path: /api/dashboard/today

[2026-03-04T12:45:28.255Z] ERROR: 
Stack: AggregateError [ECONNREFUSED]: 
    at C:\Users\ludin\Desktop\salidas\scanqueue\backend\node_modules\pg-pool\index.js:45:11
    at process.processTicksAndRejections (node:internal/process/task_queues:105:5)
    at async query (file:///C:/Users/ludin/Desktop/salidas/scanqueue/backend/src/config/database.js:25:18)
    at async Module.getScansToday (file:///C:/Users/ludin/Desktop/salidas/scanqueue/backend/src/models/Scan.js:23:15)
    at async Module.getScanStatistics (file:///C:/Users/ludin/Desktop/salidas/scanqueue/backend/src/services/ScanService.js:76:24)
    at async getDashboardStats (file:///C:/Users/ludin/Desktop/salidas/scanqueue/backend/src/controllers/DashboardController.js:12:19)
Path: /api/dashboard/stats

[2026-03-04T12:45:28.258Z] ERROR: 
Stack: AggregateError [ECONNREFUSED]: 
    at C:\Users\ludin\Desktop\salidas\scanqueue\backend\node_modules\pg-pool\index.js:45:11
    at process.processTicksAndRejections (node:internal/process/task_queues:105:5)
    at async query (file:///C:/Users/ludin/Desktop/salidas/scanqueue/backend/src/config/database.js:25:18)
    at async Module.getScansToday (file:///C:/Users/ludin/Desktop/salidas/scanqueue/backend/src/models/Scan.js:23:15)
    at async getTodaySummary (file:///C:/Users/ludin/Desktop/salidas/scanqueue/backend/src/controllers/DashboardController.js:30:24)
Path: /api/dashboard/today

[2026-03-04T12:45:28.830Z] ERROR: 
Stack: AggregateError [ECONNREFUSED]: 
    at C:\Users\ludin\Desktop\salidas\scanqueue\backend\node_modules\pg-pool\index.js:45:11
    at process.processTicksAndRejections (node:internal/process/task_queues:105:5)
    at async query (file:///C:/Users/ludin/Desktop/salidas/scanqueue/backend/src/config/database.js:25:18)
    at async Module.getScansToday (file:///C:/Users/ludin/Desktop/salidas/scanqueue/backend/src/models/Scan.js:23:15)
    at async Module.getScanStatistics (file:///C:/Users/ludin/Desktop/salidas/scanqueue/backend/src/services/ScanService.js:76:24)
    at async getDashboardStats (file:///C:/Users/ludin/Desktop/salidas/scanqueue/backend/src/controllers/DashboardController.js:12:19)
Path: /api/dashboard/stats

[2026-03-04T12:45:28.833Z] ERROR: 
Stack: AggregateError [ECONNREFUSED]: 
    at C:\Users\ludin\Desktop\salidas\scanqueue\backend\node_modules\pg-pool\index.js:45:11
    at process.processTicksAndRejections (node:internal/process/task_queues:105:5)
    at async query (file:///C:/Users/ludin/Desktop/salidas/scanqueue/backend/src/config/database.js:25:18)
    at async Module.getScansToday (file:///C:/Users/ludin/Desktop/salidas/scanqueue/backend/src/models/Scan.js:23:15)
    at async getTodaySummary (file:///C:/Users/ludin/Desktop/salidas/scanqueue/backend/src/controllers/DashboardController.js:30:24)
Path: /api/dashboard/today

[2026-03-04T12:45:29.271Z] ERROR: 
Stack: AggregateError [ECONNREFUSED]: 
    at C:\Users\ludin\Desktop\salidas\scanqueue\backend\node_modules\pg-pool\index.js:45:11
    at process.processTicksAndRejections (node:internal/process/task_queues:105:5)
    at async query (file:///C:/Users/ludin/Desktop/salidas/scanqueue/backend/src/config/database.js:25:18)
    at async Module.getScansToday (file:///C:/Users/ludin/Desktop/salidas/scanqueue/backend/src/models/Scan.js:23:15)
    at async Module.getScanStatistics (file:///C:/Users/ludin/Desktop/salidas/scanqueue/backend/src/services/ScanService.js:76:24)
    at async getDashboardStats (file:///C:/Users/ludin/Desktop/salidas/scanqueue/backend/src/controllers/DashboardController.js:12:19)
Path: /api/dashboard/stats

[2026-03-04T12:45:29.274Z] ERROR: 
Stack: AggregateError [ECONNREFUSED]: 
    at C:\Users\ludin\Desktop\salidas\scanqueue\backend\node_modules\pg-pool\index.js:45:11
    at process.processTicksAndRejections (node:internal/process/task_queues:105:5)
    at async query (file:///C:/Users/ludin/Desktop/salidas/scanqueue/backend/src/config/database.js:25:18)
    at async Module.getScansToday (file:///C:/Users/ludin/Desktop/salidas/scanqueue/backend/src/models/Scan.js:23:15)
    at async getTodaySummary (file:///C:/Users/ludin/Desktop/salidas/scanqueue/backend/src/controllers/DashboardController.js:30:24)
Path: /api/dashboard/today

[2026-03-04T12:45:30.064Z] ERROR: 
Stack: AggregateError [ECONNREFUSED]: 
    at C:\Users\ludin\Desktop\salidas\scanqueue\backend\node_modules\pg-pool\index.js:45:11
    at process.processTicksAndRejections (node:internal/process/task_queues:105:5)
    at async query (file:///C:/Users/ludin/Desktop/salidas/scanqueue/backend/src/config/database.js:25:18)
    at async Module.getScansToday (file:///C:/Users/ludin/Desktop/salidas/scanqueue/backend/src/models/Scan.js:23:15)
    at async Module.getScanStatistics (file:///C:/Users/ludin/Desktop/salidas/scanqueue/backend/src/services/ScanService.js:76:24)
    at async getDashboardStats (file:///C:/Users/ludin/Desktop/salidas/scanqueue/backend/src/controllers/DashboardController.js:12:19)
Path: /api/dashboard/stats

[2026-03-04T12:45:30.072Z] ERROR: 
Stack: AggregateError [ECONNREFUSED]: 
    at C:\Users\ludin\Desktop\salidas\scanqueue\backend\node_modules\pg-pool\index.js:45:11
    at process.processTicksAndRejections (node:internal/process/task_queues:105:5)
    at async query (file:///C:/Users/ludin/Desktop/salidas/scanqueue/backend/src/config/database.js:25:18)
    at async Module.getScansToday (file:///C:/Users/ludin/Desktop/salidas/scanqueue/backend/src/models/Scan.js:23:15)
    at async getTodaySummary (file:///C:/Users/ludin/Desktop/salidas/scanqueue/backend/src/controllers/DashboardController.js:30:24)
Path: /api/dashboard/today

[2026-03-04T12:45:30.448Z] ERROR: 
Stack: AggregateError [ECONNREFUSED]: 
    at C:\Users\ludin\Desktop\salidas\scanqueue\backend\node_modules\pg-pool\index.js:45:11
    at process.processTicksAndRejections (node:internal/process/task_queues:105:5)
    at async query (file:///C:/Users/ludin/Desktop/salidas/scanqueue/backend/src/config/database.js:25:18)
    at async Module.getScansToday (file:///C:/Users/ludin/Desktop/salidas/scanqueue/backend/src/models/Scan.js:23:15)
    at async Module.getScanStatistics (file:///C:/Users/ludin/Desktop/salidas/scanqueue/backend/src/services/ScanService.js:76:24)
    at async getDashboardStats (file:///C:/Users/ludin/Desktop/salidas/scanqueue/backend/src/controllers/DashboardController.js:12:19)
Path: /api/dashboard/stats

[2026-03-04T12:45:30.452Z] ERROR: 
Stack: AggregateError [ECONNREFUSED]: 
    at C:\Users\ludin\Desktop\salidas\scanqueue\backend\node_modules\pg-pool\index.js:45:11
    at process.processTicksAndRejections (node:internal/process/task_queues:105:5)
    at async query (file:///C:/Users/ludin/Desktop/salidas/scanqueue/backend/src/config/database.js:25:18)
    at async Module.getScansToday (file:///C:/Users/ludin/Desktop/salidas/scanqueue/backend/src/models/Scan.js:23:15)
    at async getTodaySummary (file:///C:/Users/ludin/Desktop/salidas/scanqueue/backend/src/controllers/DashboardController.js:30:24)
Path: /api/dashboard/today

[2026-03-04T12:45:30.901Z] ERROR: 
Stack: AggregateError [ECONNREFUSED]: 
    at C:\Users\ludin\Desktop\salidas\scanqueue\backend\node_modules\pg-pool\index.js:45:11
    at process.processTicksAndRejections (node:internal/process/task_queues:105:5)
    at async query (file:///C:/Users/ludin/Desktop/salidas/scanqueue/backend/src/config/database.js:25:18)
    at async Module.getScansToday (file:///C:/Users/ludin/Desktop/salidas/scanqueue/backend/src/models/Scan.js:23:15)
    at async Module.getScanStatistics (file:///C:/Users/ludin/Desktop/salidas/scanqueue/backend/src/services/ScanService.js:76:24)
    at async getDashboardStats (file:///C:/Users/ludin/Desktop/salidas/scanqueue/backend/src/controllers/DashboardController.js:12:19)
Path: /api/dashboard/stats

[2026-03-04T12:45:30.904Z] ERROR: 
Stack: AggregateError [ECONNREFUSED]: 
    at C:\Users\ludin\Desktop\salidas\scanqueue\backend\node_modules\pg-pool\index.js:45:11
    at process.processTicksAndRejections (node:internal/process/task_queues:105:5)
    at async query (file:///C:/Users/ludin/Desktop/salidas/scanqueue/backend/src/config/database.js:25:18)
    at async Module.getScansToday (file:///C:/Users/ludin/Desktop/salidas/scanqueue/backend/src/models/Scan.js:23:15)
    at async getTodaySummary (file:///C:/Users/ludin/Desktop/salidas/scanqueue/backend/src/controllers/DashboardController.js:30:24)
Path: /api/dashboard/today

[2026-03-04T12:45:31.492Z] ERROR: 
Stack: AggregateError [ECONNREFUSED]: 
    at C:\Users\ludin\Desktop\salidas\scanqueue\backend\node_modules\pg-pool\index.js:45:11
    at process.processTicksAndRejections (node:internal/process/task_queues:105:5)
    at async query (file:///C:/Users/ludin/Desktop/salidas/scanqueue/backend/src/config/database.js:25:18)
    at async Module.getScansToday (file:///C:/Users/ludin/Desktop/salidas/scanqueue/backend/src/models/Scan.js:23:15)
    at async Module.getScanStatistics (file:///C:/Users/ludin/Desktop/salidas/scanqueue/backend/src/services/ScanService.js:76:24)
    at async getDashboardStats (file:///C:/Users/ludin/Desktop/salidas/scanqueue/backend/src/controllers/DashboardController.js:12:19)
Path: /api/dashboard/stats

[2026-03-04T12:45:31.495Z] ERROR: 
Stack: AggregateError [ECONNREFUSED]: 
    at C:\Users\ludin\Desktop\salidas\scanqueue\backend\node_modules\pg-pool\index.js:45:11
    at process.processTicksAndRejections (node:internal/process/task_queues:105:5)
    at async query (file:///C:/Users/ludin/Desktop/salidas/scanqueue/backend/src/config/database.js:25:18)
    at async Module.getScansToday (file:///C:/Users/ludin/Desktop/salidas/scanqueue/backend/src/models/Scan.js:23:15)
    at async getTodaySummary (file:///C:/Users/ludin/Desktop/salidas/scanqueue/backend/src/controllers/DashboardController.js:30:24)
Path: /api/dashboard/today

[2026-03-04T12:45:31.914Z] ERROR: 
Stack: AggregateError [ECONNREFUSED]: 
    at C:\Users\ludin\Desktop\salidas\scanqueue\backend\node_modules\pg-pool\index.js:45:11
    at process.processTicksAndRejections (node:internal/process/task_queues:105:5)
    at async query (file:///C:/Users/ludin/Desktop/salidas/scanqueue/backend/src/config/database.js:25:18)
    at async Module.getScansToday (file:///C:/Users/ludin/Desktop/salidas/scanqueue/backend/src/models/Scan.js:23:15)
    at async Module.getScanStatistics (file:///C:/Users/ludin/Desktop/salidas/scanqueue/backend/src/services/ScanService.js:76:24)
    at async getDashboardStats (file:///C:/Users/ludin/Desktop/salidas/scanqueue/backend/src/controllers/DashboardController.js:12:19)
Path: /api/dashboard/stats

[2026-03-04T12:45:31.917Z] ERROR: 
Stack: AggregateError [ECONNREFUSED]: 
    at C:\Users\ludin\Desktop\salidas\scanqueue\backend\node_modules\pg-pool\index.js:45:11
    at process.processTicksAndRejections (node:internal/process/task_queues:105:5)
    at async query (file:///C:/Users/ludin/Desktop/salidas/scanqueue/backend/src/config/database.js:25:18)
    at async Module.getScansToday (file:///C:/Users/ludin/Desktop/salidas/scanqueue/backend/src/models/Scan.js:23:15)
    at async getTodaySummary (file:///C:/Users/ludin/Desktop/salidas/scanqueue/backend/src/controllers/DashboardController.js:30:24)
Path: /api/dashboard/today

[2026-03-04T12:45:32.315Z] ERROR: 
Stack: AggregateError [ECONNREFUSED]: 
    at C:\Users\ludin\Desktop\salidas\scanqueue\backend\node_modules\pg-pool\index.js:45:11
    at process.processTicksAndRejections (node:internal/process/task_queues:105:5)
    at async query (file:///C:/Users/ludin/Desktop/salidas/scanqueue/backend/src/config/database.js:25:18)
    at async Module.getScansToday (file:///C:/Users/ludin/Desktop/salidas/scanqueue/backend/src/models/Scan.js:23:15)
    at async Module.getScanStatistics (file:///C:/Users/ludin/Desktop/salidas/scanqueue/backend/src/services/ScanService.js:76:24)
    at async getDashboardStats (file:///C:/Users/ludin/Desktop/salidas/scanqueue/backend/src/controllers/DashboardController.js:12:19)
Path: /api/dashboard/stats

[2026-03-04T12:45:32.317Z] ERROR: 
Stack: AggregateError [ECONNREFUSED]: 
    at C:\Users\ludin\Desktop\salidas\scanqueue\backend\node_modules\pg-pool\index.js:45:11
    at process.processTicksAndRejections (node:internal/process/task_queues:105:5)
    at async query (file:///C:/Users/ludin/Desktop/salidas/scanqueue/backend/src/config/database.js:25:18)
    at async Module.getScansToday (file:///C:/Users/ludin/Desktop/salidas/scanqueue/backend/src/models/Scan.js:23:15)
    at async getTodaySummary (file:///C:/Users/ludin/Desktop/salidas/scanqueue/backend/src/controllers/DashboardController.js:30:24)
Path: /api/dashboard/today

[2026-03-04T12:45:32.810Z] ERROR: 
Stack: AggregateError [ECONNREFUSED]: 
    at C:\Users\ludin\Desktop\salidas\scanqueue\backend\node_modules\pg-pool\index.js:45:11
    at process.processTicksAndRejections (node:internal/process/task_queues:105:5)
    at async query (file:///C:/Users/ludin/Desktop/salidas/scanqueue/backend/src/config/database.js:25:18)
    at async Module.getScansToday (file:///C:/Users/ludin/Desktop/salidas/scanqueue/backend/src/models/Scan.js:23:15)
    at async Module.getScanStatistics (file:///C:/Users/ludin/Desktop/salidas/scanqueue/backend/src/services/ScanService.js:76:24)
    at async getDashboardStats (file:///C:/Users/ludin/Desktop/salidas/scanqueue/backend/src/controllers/DashboardController.js:12:19)
Path: /api/dashboard/stats

[2026-03-04T12:45:32.813Z] ERROR: 
Stack: AggregateError [ECONNREFUSED]: 
    at C:\Users\ludin\Desktop\salidas\scanqueue\backend\node_modules\pg-pool\index.js:45:11
    at process.processTicksAndRejections (node:internal/process/task_queues:105:5)
    at async query (file:///C:/Users/ludin/Desktop/salidas/scanqueue/backend/src/config/database.js:25:18)
    at async Module.getScansToday (file:///C:/Users/ludin/Desktop/salidas/scanqueue/backend/src/models/Scan.js:23:15)
    at async getTodaySummary (file:///C:/Users/ludin/Desktop/salidas/scanqueue/backend/src/controllers/DashboardController.js:30:24)
Path: /api/dashboard/today

[2026-03-04T12:45:33.215Z] ERROR: 
Stack: AggregateError [ECONNREFUSED]: 
    at C:\Users\ludin\Desktop\salidas\scanqueue\backend\node_modules\pg-pool\index.js:45:11
    at process.processTicksAndRejections (node:internal/process/task_queues:105:5)
    at async query (file:///C:/Users/ludin/Desktop/salidas/scanqueue/backend/src/config/database.js:25:18)
    at async Module.getScansToday (file:///C:/Users/ludin/Desktop/salidas/scanqueue/backend/src/models/Scan.js:23:15)
    at async Module.getScanStatistics (file:///C:/Users/ludin/Desktop/salidas/scanqueue/backend/src/services/ScanService.js:76:24)
    at async getDashboardStats (file:///C:/Users/ludin/Desktop/salidas/scanqueue/backend/src/controllers/DashboardController.js:12:19)
Path: /api/dashboard/stats

[2026-03-04T12:45:33.218Z] ERROR: 
Stack: AggregateError [ECONNREFUSED]: 
    at C:\Users\ludin\Desktop\salidas\scanqueue\backend\node_modules\pg-pool\index.js:45:11
    at process.processTicksAndRejections (node:internal/process/task_queues:105:5)
    at async query (file:///C:/Users/ludin/Desktop/salidas/scanqueue/backend/src/config/database.js:25:18)
    at async Module.getScansToday (file:///C:/Users/ludin/Desktop/salidas/scanqueue/backend/src/models/Scan.js:23:15)
    at async getTodaySummary (file:///C:/Users/ludin/Desktop/salidas/scanqueue/backend/src/controllers/DashboardController.js:30:24)
Path: /api/dashboard/today

[2026-03-04T12:45:33.765Z] ERROR: 
Stack: AggregateError [ECONNREFUSED]: 
    at C:\Users\ludin\Desktop\salidas\scanqueue\backend\node_modules\pg-pool\index.js:45:11
    at process.processTicksAndRejections (node:internal/process/task_queues:105:5)
    at async query (file:///C:/Users/ludin/Desktop/salidas/scanqueue/backend/src/config/database.js:25:18)
    at async Module.getScansToday (file:///C:/Users/ludin/Desktop/salidas/scanqueue/backend/src/models/Scan.js:23:15)
    at async Module.getScanStatistics (file:///C:/Users/ludin/Desktop/salidas/scanqueue/backend/src/services/ScanService.js:76:24)
    at async getDashboardStats (file:///C:/Users/ludin/Desktop/salidas/scanqueue/backend/src/controllers/DashboardController.js:12:19)
Path: /api/dashboard/stats

[2026-03-04T12:45:33.769Z] ERROR: 
Stack: AggregateError [ECONNREFUSED]: 
    at C:\Users\ludin\Desktop\salidas\scanqueue\backend\node_modules\pg-pool\index.js:45:11
    at process.processTicksAndRejections (node:internal/process/task_queues:105:5)
    at async query (file:///C:/Users/ludin/Desktop/salidas/scanqueue/backend/src/config/database.js:25:18)
    at async Module.getScansToday (file:///C:/Users/ludin/Desktop/salidas/scanqueue/backend/src/models/Scan.js:23:15)
    at async getTodaySummary (file:///C:/Users/ludin/Desktop/salidas/scanqueue/backend/src/controllers/DashboardController.js:30:24)
Path: /api/dashboard/today

[2026-03-04T12:45:34.166Z] ERROR: 
Stack: AggregateError [ECONNREFUSED]: 
    at C:\Users\ludin\Desktop\salidas\scanqueue\backend\node_modules\pg-pool\index.js:45:11
    at process.processTicksAndRejections (node:internal/process/task_queues:105:5)
    at async query (file:///C:/Users/ludin/Desktop/salidas/scanqueue/backend/src/config/database.js:25:18)
    at async Module.getScansToday (file:///C:/Users/ludin/Desktop/salidas/scanqueue/backend/src/models/Scan.js:23:15)
    at async Module.getScanStatistics (file:///C:/Users/ludin/Desktop/salidas/scanqueue/backend/src/services/ScanService.js:76:24)
    at async getDashboardStats (file:///C:/Users/ludin/Desktop/salidas/scanqueue/backend/src/controllers/DashboardController.js:12:19)
Path: /api/dashboard/stats

[2026-03-04T12:45:34.169Z] ERROR: 
Stack: AggregateError [ECONNREFUSED]: 
    at C:\Users\ludin\Desktop\salidas\scanqueue\backend\node_modules\pg-pool\index.js:45:11
    at process.processTicksAndRejections (node:internal/process/task_queues:105:5)
    at async query (file:///C:/Users/ludin/Desktop/salidas/scanqueue/backend/src/config/database.js:25:18)
    at async Module.getScansToday (file:///C:/Users/ludin/Desktop/salidas/scanqueue/backend/src/models/Scan.js:23:15)
    at async getTodaySummary (file:///C:/Users/ludin/Desktop/salidas/scanqueue/backend/src/controllers/DashboardController.js:30:24)
Path: /api/dashboard/today

[2026-03-04T12:45:34.557Z] ERROR: 
Stack: AggregateError [ECONNREFUSED]: 
    at C:\Users\ludin\Desktop\salidas\scanqueue\backend\node_modules\pg-pool\index.js:45:11
    at process.processTicksAndRejections (node:internal/process/task_queues:105:5)
    at async query (file:///C:/Users/ludin/Desktop/salidas/scanqueue/backend/src/config/database.js:25:18)
    at async Module.getScansToday (file:///C:/Users/ludin/Desktop/salidas/scanqueue/backend/src/models/Scan.js:23:15)
    at async Module.getScanStatistics (file:///C:/Users/ludin/Desktop/salidas/scanqueue/backend/src/services/ScanService.js:76:24)
    at async getDashboardStats (file:///C:/Users/ludin/Desktop/salidas/scanqueue/backend/src/controllers/DashboardController.js:12:19)
Path: /api/dashboard/stats

[2026-03-04T12:45:34.563Z] ERROR: 
Stack: AggregateError [ECONNREFUSED]: 
    at C:\Users\ludin\Desktop\salidas\scanqueue\backend\node_modules\pg-pool\index.js:45:11
    at process.processTicksAndRejections (node:internal/process/task_queues:105:5)
    at async query (file:///C:/Users/ludin/Desktop/salidas/scanqueue/backend/src/config/database.js:25:18)
    at async Module.getScansToday (file:///C:/Users/ludin/Desktop/salidas/scanqueue/backend/src/models/Scan.js:23:15)
    at async getTodaySummary (file:///C:/Users/ludin/Desktop/salidas/scanqueue/backend/src/controllers/DashboardController.js:30:24)
Path: /api/dashboard/today

[2026-03-04T12:45:34.946Z] ERROR: 
Stack: AggregateError [ECONNREFUSED]: 
    at C:\Users\ludin\Desktop\salidas\scanqueue\backend\node_modules\pg-pool\index.js:45:11
    at process.processTicksAndRejections (node:internal/process/task_queues:105:5)
    at async query (file:///C:/Users/ludin/Desktop/salidas/scanqueue/backend/src/config/database.js:25:18)
    at async Module.getScansToday (file:///C:/Users/ludin/Desktop/salidas/scanqueue/backend/src/models/Scan.js:23:15)
    at async Module.getScanStatistics (file:///C:/Users/ludin/Desktop/salidas/scanqueue/backend/src/services/ScanService.js:76:24)
    at async getDashboardStats (file:///C:/Users/ludin/Desktop/salidas/scanqueue/backend/src/controllers/DashboardController.js:12:19)
Path: /api/dashboard/stats

[2026-03-04T12:45:34.948Z] ERROR: 
Stack: AggregateError [ECONNREFUSED]: 
    at C:\Users\ludin\Desktop\salidas\scanqueue\backend\node_modules\pg-pool\index.js:45:11
    at process.processTicksAndRejections (node:internal/process/task_queues:105:5)
    at async query (file:///C:/Users/ludin/Desktop/salidas/scanqueue/backend/src/config/database.js:25:18)
    at async Module.getScansToday (file:///C:/Users/ludin/Desktop/salidas/scanqueue/backend/src/models/Scan.js:23:15)
    at async getTodaySummary (file:///C:/Users/ludin/Desktop/salidas/scanqueue/backend/src/controllers/DashboardController.js:30:24)
Path: /api/dashboard/today

[2026-03-04T12:45:35.381Z] ERROR: 
Stack: AggregateError [ECONNREFUSED]: 
    at C:\Users\ludin\Desktop\salidas\scanqueue\backend\node_modules\pg-pool\index.js:45:11
    at process.processTicksAndRejections (node:internal/process/task_queues:105:5)
    at async query (file:///C:/Users/ludin/Desktop/salidas/scanqueue/backend/src/config/database.js:25:18)
    at async Module.getScansToday (file:///C:/Users/ludin/Desktop/salidas/scanqueue/backend/src/models/Scan.js:23:15)
    at async Module.getScanStatistics (file:///C:/Users/ludin/Desktop/salidas/scanqueue/backend/src/services/ScanService.js:76:24)
    at async getDashboardStats (file:///C:/Users/ludin/Desktop/salidas/scanqueue/backend/src/controllers/DashboardController.js:12:19)
Path: /api/dashboard/stats

[2026-03-04T12:45:35.385Z] ERROR: 
Stack: AggregateError [ECONNREFUSED]: 
    at C:\Users\ludin\Desktop\salidas\scanqueue\backend\node_modules\pg-pool\index.js:45:11
    at process.processTicksAndRejections (node:internal/process/task_queues:105:5)
    at async query (file:///C:/Users/ludin/Desktop/salidas/scanqueue/backend/src/config/database.js:25:18)
    at async Module.getScansToday (file:///C:/Users/ludin/Desktop/salidas/scanqueue/backend/src/models/Scan.js:23:15)
    at async getTodaySummary (file:///C:/Users/ludin/Desktop/salidas/scanqueue/backend/src/controllers/DashboardController.js:30:24)
Path: /api/dashboard/today

[2026-03-04T12:45:35.971Z] ERROR: 
Stack: AggregateError [ECONNREFUSED]: 
    at C:\Users\ludin\Desktop\salidas\scanqueue\backend\node_modules\pg-pool\index.js:45:11
    at process.processTicksAndRejections (node:internal/process/task_queues:105:5)
    at async query (file:///C:/Users/ludin/Desktop/salidas/scanqueue/backend/src/config/database.js:25:18)
    at async Module.getScansToday (file:///C:/Users/ludin/Desktop/salidas/scanqueue/backend/src/models/Scan.js:23:15)
    at async Module.getScanStatistics (file:///C:/Users/ludin/Desktop/salidas/scanqueue/backend/src/services/ScanService.js:76:24)
    at async getDashboardStats (file:///C:/Users/ludin/Desktop/salidas/scanqueue/backend/src/controllers/DashboardController.js:12:19)
Path: /api/dashboard/stats

[2026-03-04T12:45:35.974Z] ERROR: 
Stack: AggregateError [ECONNREFUSED]: 
    at C:\Users\ludin\Desktop\salidas\scanqueue\backend\node_modules\pg-pool\index.js:45:11
    at process.processTicksAndRejections (node:internal/process/task_queues:105:5)
    at async query (file:///C:/Users/ludin/Desktop/salidas/scanqueue/backend/src/config/database.js:25:18)
    at async Module.getScansToday (file:///C:/Users/ludin/Desktop/salidas/scanqueue/backend/src/models/Scan.js:23:15)
    at async getTodaySummary (file:///C:/Users/ludin/Desktop/salidas/scanqueue/backend/src/controllers/DashboardController.js:30:24)
Path: /api/dashboard/today

[2026-03-04T12:45:36.552Z] ERROR: 
Stack: AggregateError [ECONNREFUSED]: 
    at C:\Users\ludin\Desktop\salidas\scanqueue\backend\node_modules\pg-pool\index.js:45:11
    at process.processTicksAndRejections (node:internal/process/task_queues:105:5)
    at async query (file:///C:/Users/ludin/Desktop/salidas/scanqueue/backend/src/config/database.js:25:18)
    at async Module.getScansToday (file:///C:/Users/ludin/Desktop/salidas/scanqueue/backend/src/models/Scan.js:23:15)
    at async Module.getScanStatistics (file:///C:/Users/ludin/Desktop/salidas/scanqueue/backend/src/services/ScanService.js:76:24)
    at async getDashboardStats (file:///C:/Users/ludin/Desktop/salidas/scanqueue/backend/src/controllers/DashboardController.js:12:19)
Path: /api/dashboard/stats

[2026-03-04T12:45:36.558Z] ERROR: 
Stack: AggregateError [ECONNREFUSED]: 
    at C:\Users\ludin\Desktop\salidas\scanqueue\backend\node_modules\pg-pool\index.js:45:11
    at process.processTicksAndRejections (node:internal/process/task_queues:105:5)
    at async query (file:///C:/Users/ludin/Desktop/salidas/scanqueue/backend/src/config/database.js:25:18)
    at async Module.getScansToday (file:///C:/Users/ludin/Desktop/salidas/scanqueue/backend/src/models/Scan.js:23:15)
    at async getTodaySummary (file:///C:/Users/ludin/Desktop/salidas/scanqueue/backend/src/controllers/DashboardController.js:30:24)
Path: /api/dashboard/today

[2026-03-04T12:45:36.964Z] ERROR: 
Stack: AggregateError [ECONNREFUSED]: 
    at C:\Users\ludin\Desktop\salidas\scanqueue\backend\node_modules\pg-pool\index.js:45:11
    at process.processTicksAndRejections (node:internal/process/task_queues:105:5)
    at async query (file:///C:/Users/ludin/Desktop/salidas/scanqueue/backend/src/config/database.js:25:18)
    at async Module.getScansToday (file:///C:/Users/ludin/Desktop/salidas/scanqueue/backend/src/models/Scan.js:23:15)
    at async Module.getScanStatistics (file:///C:/Users/ludin/Desktop/salidas/scanqueue/backend/src/services/ScanService.js:76:24)
    at async getDashboardStats (file:///C:/Users/ludin/Desktop/salidas/scanqueue/backend/src/controllers/DashboardController.js:12:19)
Path: /api/dashboard/stats

[2026-03-04T12:45:36.966Z] ERROR: 
Stack: AggregateError [ECONNREFUSED]: 
    at C:\Users\ludin\Desktop\salidas\scanqueue\backend\node_modules\pg-pool\index.js:45:11
    at process.processTicksAndRejections (node:internal/process/task_queues:105:5)
    at async query (file:///C:/Users/ludin/Desktop/salidas/scanqueue/backend/src/config/database.js:25:18)
    at async Module.getScansToday (file:///C:/Users/ludin/Desktop/salidas/scanqueue/backend/src/models/Scan.js:23:15)
    at async getTodaySummary (file:///C:/Users/ludin/Desktop/salidas/scanqueue/backend/src/controllers/DashboardController.js:30:24)
Path: /api/dashboard/today

[2026-03-04T12:45:37.478Z] ERROR: 
Stack: AggregateError [ECONNREFUSED]: 
    at C:\Users\ludin\Desktop\salidas\scanqueue\backend\node_modules\pg-pool\index.js:45:11
    at process.processTicksAndRejections (node:internal/process/task_queues:105:5)
    at async query (file:///C:/Users/ludin/Desktop/salidas/scanqueue/backend/src/config/database.js:25:18)
    at async Module.getScansToday (file:///C:/Users/ludin/Desktop/salidas/scanqueue/backend/src/models/Scan.js:23:15)
    at async Module.getScanStatistics (file:///C:/Users/ludin/Desktop/salidas/scanqueue/backend/src/services/ScanService.js:76:24)
    at async getDashboardStats (file:///C:/Users/ludin/Desktop/salidas/scanqueue/backend/src/controllers/DashboardController.js:12:19)
Path: /api/dashboard/stats

[2026-03-04T12:45:37.482Z] ERROR: 
Stack: AggregateError [ECONNREFUSED]: 
    at C:\Users\ludin\Desktop\salidas\scanqueue\backend\node_modules\pg-pool\index.js:45:11
    at process.processTicksAndRejections (node:internal/process/task_queues:105:5)
    at async query (file:///C:/Users/ludin/Desktop/salidas/scanqueue/backend/src/config/database.js:25:18)
    at async Module.getScansToday (file:///C:/Users/ludin/Desktop/salidas/scanqueue/backend/src/models/Scan.js:23:15)
    at async getTodaySummary (file:///C:/Users/ludin/Desktop/salidas/scanqueue/backend/src/controllers/DashboardController.js:30:24)
Path: /api/dashboard/today

[2026-03-04T12:45:37.961Z] ERROR: 
Stack: AggregateError [ECONNREFUSED]: 
    at C:\Users\ludin\Desktop\salidas\scanqueue\backend\node_modules\pg-pool\index.js:45:11
    at process.processTicksAndRejections (node:internal/process/task_queues:105:5)
    at async query (file:///C:/Users/ludin/Desktop/salidas/scanqueue/backend/src/config/database.js:25:18)
    at async Module.getScansToday (file:///C:/Users/ludin/Desktop/salidas/scanqueue/backend/src/models/Scan.js:23:15)
    at async Module.getScanStatistics (file:///C:/Users/ludin/Desktop/salidas/scanqueue/backend/src/services/ScanService.js:76:24)
    at async getDashboardStats (file:///C:/Users/ludin/Desktop/salidas/scanqueue/backend/src/controllers/DashboardController.js:12:19)
Path: /api/dashboard/stats

[2026-03-04T12:45:37.964Z] ERROR: 
Stack: AggregateError [ECONNREFUSED]: 
    at C:\Users\ludin\Desktop\salidas\scanqueue\backend\node_modules\pg-pool\index.js:45:11
    at process.processTicksAndRejections (node:internal/process/task_queues:105:5)
    at async query (file:///C:/Users/ludin/Desktop/salidas/scanqueue/backend/src/config/database.js:25:18)
    at async Module.getScansToday (file:///C:/Users/ludin/Desktop/salidas/scanqueue/backend/src/models/Scan.js:23:15)
    at async getTodaySummary (file:///C:/Users/ludin/Desktop/salidas/scanqueue/backend/src/controllers/DashboardController.js:30:24)
Path: /api/dashboard/today

[2026-03-04T12:45:38.556Z] ERROR: 
Stack: AggregateError [ECONNREFUSED]: 
    at C:\Users\ludin\Desktop\salidas\scanqueue\backend\node_modules\pg-pool\index.js:45:11
    at process.processTicksAndRejections (node:internal/process/task_queues:105:5)
    at async query (file:///C:/Users/ludin/Desktop/salidas/scanqueue/backend/src/config/database.js:25:18)
    at async Module.getScansToday (file:///C:/Users/ludin/Desktop/salidas/scanqueue/backend/src/models/Scan.js:23:15)
    at async Module.getScanStatistics (file:///C:/Users/ludin/Desktop/salidas/scanqueue/backend/src/services/ScanService.js:76:24)
    at async getDashboardStats (file:///C:/Users/ludin/Desktop/salidas/scanqueue/backend/src/controllers/DashboardController.js:12:19)
Path: /api/dashboard/stats

[2026-03-04T12:45:38.560Z] ERROR: 
Stack: AggregateError [ECONNREFUSED]: 
    at C:\Users\ludin\Desktop\salidas\scanqueue\backend\node_modules\pg-pool\index.js:45:11
    at process.processTicksAndRejections (node:internal/process/task_queues:105:5)
    at async query (file:///C:/Users/ludin/Desktop/salidas/scanqueue/backend/src/config/database.js:25:18)
    at async Module.getScansToday (file:///C:/Users/ludin/Desktop/salidas/scanqueue/backend/src/models/Scan.js:23:15)
    at async getTodaySummary (file:///C:/Users/ludin/Desktop/salidas/scanqueue/backend/src/controllers/DashboardController.js:30:24)
Path: /api/dashboard/today

[2026-03-04T12:45:39.037Z] ERROR: 
Stack: AggregateError [ECONNREFUSED]: 
    at C:\Users\ludin\Desktop\salidas\scanqueue\backend\node_modules\pg-pool\index.js:45:11
    at process.processTicksAndRejections (node:internal/process/task_queues:105:5)
    at async query (file:///C:/Users/ludin/Desktop/salidas/scanqueue/backend/src/config/database.js:25:18)
    at async Module.getScansToday (file:///C:/Users/ludin/Desktop/salidas/scanqueue/backend/src/models/Scan.js:23:15)
    at async Module.getScanStatistics (file:///C:/Users/ludin/Desktop/salidas/scanqueue/backend/src/services/ScanService.js:76:24)
    at async getDashboardStats (file:///C:/Users/ludin/Desktop/salidas/scanqueue/backend/src/controllers/DashboardController.js:12:19)
Path: /api/dashboard/stats

[2026-03-04T12:45:39.040Z] ERROR: 
Stack: AggregateError [ECONNREFUSED]: 
    at C:\Users\ludin\Desktop\salidas\scanqueue\backend\node_modules\pg-pool\index.js:45:11
    at process.processTicksAndRejections (node:internal/process/task_queues:105:5)
    at async query (file:///C:/Users/ludin/Desktop/salidas/scanqueue/backend/src/config/database.js:25:18)
    at async Module.getScansToday (file:///C:/Users/ludin/Desktop/salidas/scanqueue/backend/src/models/Scan.js:23:15)
    at async getTodaySummary (file:///C:/Users/ludin/Desktop/salidas/scanqueue/backend/src/controllers/DashboardController.js:30:24)
Path: /api/dashboard/today

[2026-03-04T12:45:39.425Z] ERROR: 
Stack: AggregateError [ECONNREFUSED]: 
    at C:\Users\ludin\Desktop\salidas\scanqueue\backend\node_modules\pg-pool\index.js:45:11
    at process.processTicksAndRejections (node:internal/process/task_queues:105:5)
    at async query (file:///C:/Users/ludin/Desktop/salidas/scanqueue/backend/src/config/database.js:25:18)
    at async Module.getScansToday (file:///C:/Users/ludin/Desktop/salidas/scanqueue/backend/src/models/Scan.js:23:15)
    at async Module.getScanStatistics (file:///C:/Users/ludin/Desktop/salidas/scanqueue/backend/src/services/ScanService.js:76:24)
    at async getDashboardStats (file:///C:/Users/ludin/Desktop/salidas/scanqueue/backend/src/controllers/DashboardController.js:12:19)
Path: /api/dashboard/stats

[2026-03-04T12:45:39.428Z] ERROR: 
Stack: AggregateError [ECONNREFUSED]: 
    at C:\Users\ludin\Desktop\salidas\scanqueue\backend\node_modules\pg-pool\index.js:45:11
    at process.processTicksAndRejections (node:internal/process/task_queues:105:5)
    at async query (file:///C:/Users/ludin/Desktop/salidas/scanqueue/backend/src/config/database.js:25:18)
    at async Module.getScansToday (file:///C:/Users/ludin/Desktop/salidas/scanqueue/backend/src/models/Scan.js:23:15)
    at async getTodaySummary (file:///C:/Users/ludin/Desktop/salidas/scanqueue/backend/src/controllers/DashboardController.js:30:24)
Path: /api/dashboard/today

[2026-03-04T12:45:39.965Z] ERROR: 
Stack: AggregateError [ECONNREFUSED]: 
    at C:\Users\ludin\Desktop\salidas\scanqueue\backend\node_modules\pg-pool\index.js:45:11
    at process.processTicksAndRejections (node:internal/process/task_queues:105:5)
    at async query (file:///C:/Users/ludin/Desktop/salidas/scanqueue/backend/src/config/database.js:25:18)
    at async Module.getScansToday (file:///C:/Users/ludin/Desktop/salidas/scanqueue/backend/src/models/Scan.js:23:15)
    at async Module.getScanStatistics (file:///C:/Users/ludin/Desktop/salidas/scanqueue/backend/src/services/ScanService.js:76:24)
    at async getDashboardStats (file:///C:/Users/ludin/Desktop/salidas/scanqueue/backend/src/controllers/DashboardController.js:12:19)
Path: /api/dashboard/stats

[2026-03-04T12:45:39.967Z] ERROR: 
Stack: AggregateError [ECONNREFUSED]: 
    at C:\Users\ludin\Desktop\salidas\scanqueue\backend\node_modules\pg-pool\index.js:45:11
    at process.processTicksAndRejections (node:internal/process/task_queues:105:5)
    at async query (file:///C:/Users/ludin/Desktop/salidas/scanqueue/backend/src/config/database.js:25:18)
    at async Module.getScansToday (file:///C:/Users/ludin/Desktop/salidas/scanqueue/backend/src/models/Scan.js:23:15)
    at async getTodaySummary (file:///C:/Users/ludin/Desktop/salidas/scanqueue/backend/src/controllers/DashboardController.js:30:24)
Path: /api/dashboard/today

[2026-03-04T12:45:40.338Z] ERROR: 
Stack: AggregateError [ECONNREFUSED]: 
    at C:\Users\ludin\Desktop\salidas\scanqueue\backend\node_modules\pg-pool\index.js:45:11
    at process.processTicksAndRejections (node:internal/process/task_queues:105:5)
    at async query (file:///C:/Users/ludin/Desktop/salidas/scanqueue/backend/src/config/database.js:25:18)
    at async Module.getScansToday (file:///C:/Users/ludin/Desktop/salidas/scanqueue/backend/src/models/Scan.js:23:15)
    at async Module.getScanStatistics (file:///C:/Users/ludin/Desktop/salidas/scanqueue/backend/src/services/ScanService.js:76:24)
    at async getDashboardStats (file:///C:/Users/ludin/Desktop/salidas/scanqueue/backend/src/controllers/DashboardController.js:12:19)
Path: /api/dashboard/stats

[2026-03-04T12:45:40.342Z] ERROR: 
Stack: AggregateError [ECONNREFUSED]: 
    at C:\Users\ludin\Desktop\salidas\scanqueue\backend\node_modules\pg-pool\index.js:45:11
    at process.processTicksAndRejections (node:internal/process/task_queues:105:5)
    at async query (file:///C:/Users/ludin/Desktop/salidas/scanqueue/backend/src/config/database.js:25:18)
    at async Module.getScansToday (file:///C:/Users/ludin/Desktop/salidas/scanqueue/backend/src/models/Scan.js:23:15)
    at async getTodaySummary (file:///C:/Users/ludin/Desktop/salidas/scanqueue/backend/src/controllers/DashboardController.js:30:24)
Path: /api/dashboard/today

[2026-03-04T12:45:40.764Z] ERROR: 
Stack: AggregateError [ECONNREFUSED]: 
    at C:\Users\ludin\Desktop\salidas\scanqueue\backend\node_modules\pg-pool\index.js:45:11
    at process.processTicksAndRejections (node:internal/process/task_queues:105:5)
    at async query (file:///C:/Users/ludin/Desktop/salidas/scanqueue/backend/src/config/database.js:25:18)
    at async Module.getScansToday (file:///C:/Users/ludin/Desktop/salidas/scanqueue/backend/src/models/Scan.js:23:15)
    at async Module.getScanStatistics (file:///C:/Users/ludin/Desktop/salidas/scanqueue/backend/src/services/ScanService.js:76:24)
    at async getDashboardStats (file:///C:/Users/ludin/Desktop/salidas/scanqueue/backend/src/controllers/DashboardController.js:12:19)
Path: /api/dashboard/stats

[2026-03-04T12:45:40.771Z] ERROR: 
Stack: AggregateError [ECONNREFUSED]: 
    at C:\Users\ludin\Desktop\salidas\scanqueue\backend\node_modules\pg-pool\index.js:45:11
    at process.processTicksAndRejections (node:internal/process/task_queues:105:5)
    at async query (file:///C:/Users/ludin/Desktop/salidas/scanqueue/backend/src/config/database.js:25:18)
    at async Module.getScansToday (file:///C:/Users/ludin/Desktop/salidas/scanqueue/backend/src/models/Scan.js:23:15)
    at async getTodaySummary (file:///C:/Users/ludin/Desktop/salidas/scanqueue/backend/src/controllers/DashboardController.js:30:24)
Path: /api/dashboard/today

[2026-03-04T12:45:41.223Z] ERROR: 
Stack: AggregateError [ECONNREFUSED]: 
    at C:\Users\ludin\Desktop\salidas\scanqueue\backend\node_modules\pg-pool\index.js:45:11
    at process.processTicksAndRejections (node:internal/process/task_queues:105:5)
    at async query (file:///C:/Users/ludin/Desktop/salidas/scanqueue/backend/src/config/database.js:25:18)
    at async Module.getScansToday (file:///C:/Users/ludin/Desktop/salidas/scanqueue/backend/src/models/Scan.js:23:15)
    at async Module.getScanStatistics (file:///C:/Users/ludin/Desktop/salidas/scanqueue/backend/src/services/ScanService.js:76:24)
    at async getDashboardStats (file:///C:/Users/ludin/Desktop/salidas/scanqueue/backend/src/controllers/DashboardController.js:12:19)
Path: /api/dashboard/stats

[2026-03-04T12:45:41.227Z] ERROR: 
Stack: AggregateError [ECONNREFUSED]: 
    at C:\Users\ludin\Desktop\salidas\scanqueue\backend\node_modules\pg-pool\index.js:45:11
    at process.processTicksAndRejections (node:internal/process/task_queues:105:5)
    at async query (file:///C:/Users/ludin/Desktop/salidas/scanqueue/backend/src/config/database.js:25:18)
    at async Module.getScansToday (file:///C:/Users/ludin/Desktop/salidas/scanqueue/backend/src/models/Scan.js:23:15)
    at async getTodaySummary (file:///C:/Users/ludin/Desktop/salidas/scanqueue/backend/src/controllers/DashboardController.js:30:24)
Path: /api/dashboard/today

[2026-03-04T12:45:41.563Z] ERROR: 
Stack: AggregateError [ECONNREFUSED]: 
    at C:\Users\ludin\Desktop\salidas\scanqueue\backend\node_modules\pg-pool\index.js:45:11
    at process.processTicksAndRejections (node:internal/process/task_queues:105:5)
    at async query (file:///C:/Users/ludin/Desktop/salidas/scanqueue/backend/src/config/database.js:25:18)
    at async Module.getScansToday (file:///C:/Users/ludin/Desktop/salidas/scanqueue/backend/src/models/Scan.js:23:15)
    at async Module.getScanStatistics (file:///C:/Users/ludin/Desktop/salidas/scanqueue/backend/src/services/ScanService.js:76:24)
    at async getDashboardStats (file:///C:/Users/ludin/Desktop/salidas/scanqueue/backend/src/controllers/DashboardController.js:12:19)
Path: /api/dashboard/stats

[2026-03-04T12:45:41.565Z] ERROR: 
Stack: AggregateError [ECONNREFUSED]: 
    at C:\Users\ludin\Desktop\salidas\scanqueue\backend\node_modules\pg-pool\index.js:45:11
    at process.processTicksAndRejections (node:internal/process/task_queues:105:5)
    at async query (file:///C:/Users/ludin/Desktop/salidas/scanqueue/backend/src/config/database.js:25:18)
    at async Module.getScansToday (file:///C:/Users/ludin/Desktop/salidas/scanqueue/backend/src/models/Scan.js:23:15)
    at async getTodaySummary (file:///C:/Users/ludin/Desktop/salidas/scanqueue/backend/src/controllers/DashboardController.js:30:24)
Path: /api/dashboard/today

[2026-03-04T12:45:42.105Z] ERROR: 
Stack: AggregateError [ECONNREFUSED]: 
    at C:\Users\ludin\Desktop\salidas\scanqueue\backend\node_modules\pg-pool\index.js:45:11
    at process.processTicksAndRejections (node:internal/process/task_queues:105:5)
    at async query (file:///C:/Users/ludin/Desktop/salidas/scanqueue/backend/src/config/database.js:25:18)
    at async Module.getScansToday (file:///C:/Users/ludin/Desktop/salidas/scanqueue/backend/src/models/Scan.js:23:15)
    at async Module.getScanStatistics (file:///C:/Users/ludin/Desktop/salidas/scanqueue/backend/src/services/ScanService.js:76:24)
    at async getDashboardStats (file:///C:/Users/ludin/Desktop/salidas/scanqueue/backend/src/controllers/DashboardController.js:12:19)
Path: /api/dashboard/stats

[2026-03-04T12:45:42.108Z] ERROR: 
Stack: AggregateError [ECONNREFUSED]: 
    at C:\Users\ludin\Desktop\salidas\scanqueue\backend\node_modules\pg-pool\index.js:45:11
    at process.processTicksAndRejections (node:internal/process/task_queues:105:5)
    at async query (file:///C:/Users/ludin/Desktop/salidas/scanqueue/backend/src/config/database.js:25:18)
    at async Module.getScansToday (file:///C:/Users/ludin/Desktop/salidas/scanqueue/backend/src/models/Scan.js:23:15)
    at async getTodaySummary (file:///C:/Users/ludin/Desktop/salidas/scanqueue/backend/src/controllers/DashboardController.js:30:24)
Path: /api/dashboard/today

[2026-03-04T12:45:42.603Z] ERROR: 
Stack: AggregateError [ECONNREFUSED]: 
    at C:\Users\ludin\Desktop\salidas\scanqueue\backend\node_modules\pg-pool\index.js:45:11
    at process.processTicksAndRejections (node:internal/process/task_queues:105:5)
    at async query (file:///C:/Users/ludin/Desktop/salidas/scanqueue/backend/src/config/database.js:25:18)
    at async Module.getScansToday (file:///C:/Users/ludin/Desktop/salidas/scanqueue/backend/src/models/Scan.js:23:15)
    at async Module.getScanStatistics (file:///C:/Users/ludin/Desktop/salidas/scanqueue/backend/src/services/ScanService.js:76:24)
    at async getDashboardStats (file:///C:/Users/ludin/Desktop/salidas/scanqueue/backend/src/controllers/DashboardController.js:12:19)
Path: /api/dashboard/stats

[2026-03-04T12:45:42.606Z] ERROR: 
Stack: AggregateError [ECONNREFUSED]: 
    at C:\Users\ludin\Desktop\salidas\scanqueue\backend\node_modules\pg-pool\index.js:45:11
    at process.processTicksAndRejections (node:internal/process/task_queues:105:5)
    at async query (file:///C:/Users/ludin/Desktop/salidas/scanqueue/backend/src/config/database.js:25:18)
    at async Module.getScansToday (file:///C:/Users/ludin/Desktop/salidas/scanqueue/backend/src/models/Scan.js:23:15)
    at async getTodaySummary (file:///C:/Users/ludin/Desktop/salidas/scanqueue/backend/src/controllers/DashboardController.js:30:24)
Path: /api/dashboard/today

[2026-03-04T12:45:44.829Z] ERROR: 
Stack: AggregateError [ECONNREFUSED]: 
    at C:\Users\ludin\Desktop\salidas\scanqueue\backend\node_modules\pg-pool\index.js:45:11
    at process.processTicksAndRejections (node:internal/process/task_queues:105:5)
    at async query (file:///C:/Users/ludin/Desktop/salidas/scanqueue/backend/src/config/database.js:25:18)
    at async Module.getScansToday (file:///C:/Users/ludin/Desktop/salidas/scanqueue/backend/src/models/Scan.js:23:15)
    at async Module.getScanStatistics (file:///C:/Users/ludin/Desktop/salidas/scanqueue/backend/src/services/ScanService.js:76:24)
    at async getDashboardStats (file:///C:/Users/ludin/Desktop/salidas/scanqueue/backend/src/controllers/DashboardController.js:12:19)
Path: /api/dashboard/stats

[2026-03-04T12:45:44.833Z] ERROR: 
Stack: AggregateError [ECONNREFUSED]: 
    at C:\Users\ludin\Desktop\salidas\scanqueue\backend\node_modules\pg-pool\index.js:45:11
    at process.processTicksAndRejections (node:internal/process/task_queues:105:5)
    at async query (file:///C:/Users/ludin/Desktop/salidas/scanqueue/backend/src/config/database.js:25:18)
    at async Module.getScansToday (file:///C:/Users/ludin/Desktop/salidas/scanqueue/backend/src/models/Scan.js:23:15)
    at async getTodaySummary (file:///C:/Users/ludin/Desktop/salidas/scanqueue/backend/src/controllers/DashboardController.js:30:24)
Path: /api/dashboard/today

[2026-03-04T12:45:45.366Z] ERROR: 
Stack: AggregateError [ECONNREFUSED]: 
    at C:\Users\ludin\Desktop\salidas\scanqueue\backend\node_modules\pg-pool\index.js:45:11
    at process.processTicksAndRejections (node:internal/process/task_queues:105:5)
    at async query (file:///C:/Users/ludin/Desktop/salidas/scanqueue/backend/src/config/database.js:25:18)
    at async Module.getScansToday (file:///C:/Users/ludin/Desktop/salidas/scanqueue/backend/src/models/Scan.js:23:15)
    at async Module.getScanStatistics (file:///C:/Users/ludin/Desktop/salidas/scanqueue/backend/src/services/ScanService.js:76:24)
    at async getDashboardStats (file:///C:/Users/ludin/Desktop/salidas/scanqueue/backend/src/controllers/DashboardController.js:12:19)
Path: /api/dashboard/stats

[2026-03-04T12:45:45.370Z] ERROR: 
Stack: AggregateError [ECONNREFUSED]: 
    at C:\Users\ludin\Desktop\salidas\scanqueue\backend\node_modules\pg-pool\index.js:45:11
    at process.processTicksAndRejections (node:internal/process/task_queues:105:5)
    at async query (file:///C:/Users/ludin/Desktop/salidas/scanqueue/backend/src/config/database.js:25:18)
    at async Module.getScansToday (file:///C:/Users/ludin/Desktop/salidas/scanqueue/backend/src/models/Scan.js:23:15)
    at async getTodaySummary (file:///C:/Users/ludin/Desktop/salidas/scanqueue/backend/src/controllers/DashboardController.js:30:24)
Path: /api/dashboard/today

[2026-03-04T12:45:45.815Z] ERROR: 
Stack: AggregateError [ECONNREFUSED]: 
    at C:\Users\ludin\Desktop\salidas\scanqueue\backend\node_modules\pg-pool\index.js:45:11
    at process.processTicksAndRejections (node:internal/process/task_queues:105:5)
    at async query (file:///C:/Users/ludin/Desktop/salidas/scanqueue/backend/src/config/database.js:25:18)
    at async Module.getScansToday (file:///C:/Users/ludin/Desktop/salidas/scanqueue/backend/src/models/Scan.js:23:15)
    at async Module.getScanStatistics (file:///C:/Users/ludin/Desktop/salidas/scanqueue/backend/src/services/ScanService.js:76:24)
    at async getDashboardStats (file:///C:/Users/ludin/Desktop/salidas/scanqueue/backend/src/controllers/DashboardController.js:12:19)
Path: /api/dashboard/stats

[2026-03-04T12:45:45.818Z] ERROR: 
Stack: AggregateError [ECONNREFUSED]: 
    at C:\Users\ludin\Desktop\salidas\scanqueue\backend\node_modules\pg-pool\index.js:45:11
    at process.processTicksAndRejections (node:internal/process/task_queues:105:5)
    at async query (file:///C:/Users/ludin/Desktop/salidas/scanqueue/backend/src/config/database.js:25:18)
    at async Module.getScansToday (file:///C:/Users/ludin/Desktop/salidas/scanqueue/backend/src/models/Scan.js:23:15)
    at async getTodaySummary (file:///C:/Users/ludin/Desktop/salidas/scanqueue/backend/src/controllers/DashboardController.js:30:24)
Path: /api/dashboard/today

[2026-03-04T12:45:46.367Z] ERROR: 
Stack: AggregateError [ECONNREFUSED]: 
    at C:\Users\ludin\Desktop\salidas\scanqueue\backend\node_modules\pg-pool\index.js:45:11
    at process.processTicksAndRejections (node:internal/process/task_queues:105:5)
    at async query (file:///C:/Users/ludin/Desktop/salidas/scanqueue/backend/src/config/database.js:25:18)
    at async Module.getScansToday (file:///C:/Users/ludin/Desktop/salidas/scanqueue/backend/src/models/Scan.js:23:15)
    at async Module.getScanStatistics (file:///C:/Users/ludin/Desktop/salidas/scanqueue/backend/src/services/ScanService.js:76:24)
    at async getDashboardStats (file:///C:/Users/ludin/Desktop/salidas/scanqueue/backend/src/controllers/DashboardController.js:12:19)
Path: /api/dashboard/stats

[2026-03-04T12:45:46.371Z] ERROR: 
Stack: AggregateError [ECONNREFUSED]: 
    at C:\Users\ludin\Desktop\salidas\scanqueue\backend\node_modules\pg-pool\index.js:45:11
    at process.processTicksAndRejections (node:internal/process/task_queues:105:5)
    at async query (file:///C:/Users/ludin/Desktop/salidas/scanqueue/backend/src/config/database.js:25:18)
    at async Module.getScansToday (file:///C:/Users/ludin/Desktop/salidas/scanqueue/backend/src/models/Scan.js:23:15)
    at async getTodaySummary (file:///C:/Users/ludin/Desktop/salidas/scanqueue/backend/src/controllers/DashboardController.js:30:24)
Path: /api/dashboard/today

[2026-03-04T12:45:46.836Z] ERROR: 
Stack: AggregateError [ECONNREFUSED]: 
    at C:\Users\ludin\Desktop\salidas\scanqueue\backend\node_modules\pg-pool\index.js:45:11
    at process.processTicksAndRejections (node:internal/process/task_queues:105:5)
    at async query (file:///C:/Users/ludin/Desktop/salidas/scanqueue/backend/src/config/database.js:25:18)
    at async Module.getScansToday (file:///C:/Users/ludin/Desktop/salidas/scanqueue/backend/src/models/Scan.js:23:15)
    at async Module.getScanStatistics (file:///C:/Users/ludin/Desktop/salidas/scanqueue/backend/src/services/ScanService.js:76:24)
    at async getDashboardStats (file:///C:/Users/ludin/Desktop/salidas/scanqueue/backend/src/controllers/DashboardController.js:12:19)
Path: /api/dashboard/stats

[2026-03-04T12:45:46.841Z] ERROR: 
Stack: AggregateError [ECONNREFUSED]: 
    at C:\Users\ludin\Desktop\salidas\scanqueue\backend\node_modules\pg-pool\index.js:45:11
    at process.processTicksAndRejections (node:internal/process/task_queues:105:5)
    at async query (file:///C:/Users/ludin/Desktop/salidas/scanqueue/backend/src/config/database.js:25:18)
    at async Module.getScansToday (file:///C:/Users/ludin/Desktop/salidas/scanqueue/backend/src/models/Scan.js:23:15)
    at async getTodaySummary (file:///C:/Users/ludin/Desktop/salidas/scanqueue/backend/src/controllers/DashboardController.js:30:24)
Path: /api/dashboard/today

[2026-03-04T12:45:47.161Z] ERROR: 
Stack: AggregateError [ECONNREFUSED]: 
    at C:\Users\ludin\Desktop\salidas\scanqueue\backend\node_modules\pg-pool\index.js:45:11
    at process.processTicksAndRejections (node:internal/process/task_queues:105:5)
    at async query (file:///C:/Users/ludin/Desktop/salidas/scanqueue/backend/src/config/database.js:25:18)
    at async Module.getScansToday (file:///C:/Users/ludin/Desktop/salidas/scanqueue/backend/src/models/Scan.js:23:15)
    at async getTodaySummary (file:///C:/Users/ludin/Desktop/salidas/scanqueue/backend/src/controllers/DashboardController.js:30:24)
Path: /api/dashboard/today

[2026-03-04T12:45:47.166Z] ERROR: 
Stack: AggregateError [ECONNREFUSED]: 
    at C:\Users\ludin\Desktop\salidas\scanqueue\backend\node_modules\pg-pool\index.js:45:11
    at process.processTicksAndRejections (node:internal/process/task_queues:105:5)
    at async query (file:///C:/Users/ludin/Desktop/salidas/scanqueue/backend/src/config/database.js:25:18)
    at async Module.getScansToday (file:///C:/Users/ludin/Desktop/salidas/scanqueue/backend/src/models/Scan.js:23:15)
    at async Module.getScanStatistics (file:///C:/Users/ludin/Desktop/salidas/scanqueue/backend/src/services/ScanService.js:76:24)
    at async getDashboardStats (file:///C:/Users/ludin/Desktop/salidas/scanqueue/backend/src/controllers/DashboardController.js:12:19)
Path: /api/dashboard/stats

[2026-03-04T12:45:47.703Z] ERROR: 
Stack: AggregateError [ECONNREFUSED]: 
    at C:\Users\ludin\Desktop\salidas\scanqueue\backend\node_modules\pg-pool\index.js:45:11
    at process.processTicksAndRejections (node:internal/process/task_queues:105:5)
    at async query (file:///C:/Users/ludin/Desktop/salidas/scanqueue/backend/src/config/database.js:25:18)
    at async Module.getScansToday (file:///C:/Users/ludin/Desktop/salidas/scanqueue/backend/src/models/Scan.js:23:15)
    at async Module.getScanStatistics (file:///C:/Users/ludin/Desktop/salidas/scanqueue/backend/src/services/ScanService.js:76:24)
    at async getDashboardStats (file:///C:/Users/ludin/Desktop/salidas/scanqueue/backend/src/controllers/DashboardController.js:12:19)
Path: /api/dashboard/stats

[2026-03-04T12:45:47.706Z] ERROR: 
Stack: AggregateError [ECONNREFUSED]: 
    at C:\Users\ludin\Desktop\salidas\scanqueue\backend\node_modules\pg-pool\index.js:45:11
    at process.processTicksAndRejections (node:internal/process/task_queues:105:5)
    at async query (file:///C:/Users/ludin/Desktop/salidas/scanqueue/backend/src/config/database.js:25:18)
    at async Module.getScansToday (file:///C:/Users/ludin/Desktop/salidas/scanqueue/backend/src/models/Scan.js:23:15)
    at async getTodaySummary (file:///C:/Users/ludin/Desktop/salidas/scanqueue/backend/src/controllers/DashboardController.js:30:24)
Path: /api/dashboard/today

[2026-03-04T12:45:48.155Z] ERROR: 
Stack: AggregateError [ECONNREFUSED]: 
    at C:\Users\ludin\Desktop\salidas\scanqueue\backend\node_modules\pg-pool\index.js:45:11
    at process.processTicksAndRejections (node:internal/process/task_queues:105:5)
    at async query (file:///C:/Users/ludin/Desktop/salidas/scanqueue/backend/src/config/database.js:25:18)
    at async Module.getScansToday (file:///C:/Users/ludin/Desktop/salidas/scanqueue/backend/src/models/Scan.js:23:15)
    at async Module.getScanStatistics (file:///C:/Users/ludin/Desktop/salidas/scanqueue/backend/src/services/ScanService.js:76:24)
    at async getDashboardStats (file:///C:/Users/ludin/Desktop/salidas/scanqueue/backend/src/controllers/DashboardController.js:12:19)
Path: /api/dashboard/stats

[2026-03-04T12:45:48.159Z] ERROR: 
Stack: AggregateError [ECONNREFUSED]: 
    at C:\Users\ludin\Desktop\salidas\scanqueue\backend\node_modules\pg-pool\index.js:45:11
    at process.processTicksAndRejections (node:internal/process/task_queues:105:5)
    at async query (file:///C:/Users/ludin/Desktop/salidas/scanqueue/backend/src/config/database.js:25:18)
    at async Module.getScansToday (file:///C:/Users/ludin/Desktop/salidas/scanqueue/backend/src/models/Scan.js:23:15)
    at async getTodaySummary (file:///C:/Users/ludin/Desktop/salidas/scanqueue/backend/src/controllers/DashboardController.js:30:24)
Path: /api/dashboard/today

[2026-03-04T12:45:48.608Z] ERROR: 
Stack: AggregateError [ECONNREFUSED]: 
    at C:\Users\ludin\Desktop\salidas\scanqueue\backend\node_modules\pg-pool\index.js:45:11
    at process.processTicksAndRejections (node:internal/process/task_queues:105:5)
    at async query (file:///C:/Users/ludin/Desktop/salidas/scanqueue/backend/src/config/database.js:25:18)
    at async Module.getScansToday (file:///C:/Users/ludin/Desktop/salidas/scanqueue/backend/src/models/Scan.js:23:15)
    at async Module.getScanStatistics (file:///C:/Users/ludin/Desktop/salidas/scanqueue/backend/src/services/ScanService.js:76:24)
    at async getDashboardStats (file:///C:/Users/ludin/Desktop/salidas/scanqueue/backend/src/controllers/DashboardController.js:12:19)
Path: /api/dashboard/stats

[2026-03-04T12:45:48.610Z] ERROR: 
Stack: AggregateError [ECONNREFUSED]: 
    at C:\Users\ludin\Desktop\salidas\scanqueue\backend\node_modules\pg-pool\index.js:45:11
    at process.processTicksAndRejections (node:internal/process/task_queues:105:5)
    at async query (file:///C:/Users/ludin/Desktop/salidas/scanqueue/backend/src/config/database.js:25:18)
    at async Module.getScansToday (file:///C:/Users/ludin/Desktop/salidas/scanqueue/backend/src/models/Scan.js:23:15)
    at async getTodaySummary (file:///C:/Users/ludin/Desktop/salidas/scanqueue/backend/src/controllers/DashboardController.js:30:24)
Path: /api/dashboard/today

[2026-03-04T12:45:49.047Z] ERROR: 
Stack: AggregateError [ECONNREFUSED]: 
    at C:\Users\ludin\Desktop\salidas\scanqueue\backend\node_modules\pg-pool\index.js:45:11
    at process.processTicksAndRejections (node:internal/process/task_queues:105:5)
    at async query (file:///C:/Users/ludin/Desktop/salidas/scanqueue/backend/src/config/database.js:25:18)
    at async Module.getScansToday (file:///C:/Users/ludin/Desktop/salidas/scanqueue/backend/src/models/Scan.js:23:15)
    at async Module.getScanStatistics (file:///C:/Users/ludin/Desktop/salidas/scanqueue/backend/src/services/ScanService.js:76:24)
    at async getDashboardStats (file:///C:/Users/ludin/Desktop/salidas/scanqueue/backend/src/controllers/DashboardController.js:12:19)
Path: /api/dashboard/stats

[2026-03-04T12:45:49.051Z] ERROR: 
Stack: AggregateError [ECONNREFUSED]: 
    at C:\Users\ludin\Desktop\salidas\scanqueue\backend\node_modules\pg-pool\index.js:45:11
    at process.processTicksAndRejections (node:internal/process/task_queues:105:5)
    at async query (file:///C:/Users/ludin/Desktop/salidas/scanqueue/backend/src/config/database.js:25:18)
    at async Module.getScansToday (file:///C:/Users/ludin/Desktop/salidas/scanqueue/backend/src/models/Scan.js:23:15)
    at async getTodaySummary (file:///C:/Users/ludin/Desktop/salidas/scanqueue/backend/src/controllers/DashboardController.js:30:24)
Path: /api/dashboard/today

[2026-03-04T12:45:49.477Z] ERROR: 
Stack: AggregateError [ECONNREFUSED]: 
    at C:\Users\ludin\Desktop\salidas\scanqueue\backend\node_modules\pg-pool\index.js:45:11
    at process.processTicksAndRejections (node:internal/process/task_queues:105:5)
    at async query (file:///C:/Users/ludin/Desktop/salidas/scanqueue/backend/src/config/database.js:25:18)
    at async Module.getScansToday (file:///C:/Users/ludin/Desktop/salidas/scanqueue/backend/src/models/Scan.js:23:15)
    at async Module.getScanStatistics (file:///C:/Users/ludin/Desktop/salidas/scanqueue/backend/src/services/ScanService.js:76:24)
    at async getDashboardStats (file:///C:/Users/ludin/Desktop/salidas/scanqueue/backend/src/controllers/DashboardController.js:12:19)
Path: /api/dashboard/stats

[2026-03-04T12:45:49.480Z] ERROR: 
Stack: AggregateError [ECONNREFUSED]: 
    at C:\Users\ludin\Desktop\salidas\scanqueue\backend\node_modules\pg-pool\index.js:45:11
    at process.processTicksAndRejections (node:internal/process/task_queues:105:5)
    at async query (file:///C:/Users/ludin/Desktop/salidas/scanqueue/backend/src/config/database.js:25:18)
    at async Module.getScansToday (file:///C:/Users/ludin/Desktop/salidas/scanqueue/backend/src/models/Scan.js:23:15)
    at async getTodaySummary (file:///C:/Users/ludin/Desktop/salidas/scanqueue/backend/src/controllers/DashboardController.js:30:24)
Path: /api/dashboard/today

[2026-03-04T12:45:50.021Z] ERROR: 
Stack: AggregateError [ECONNREFUSED]: 
    at C:\Users\ludin\Desktop\salidas\scanqueue\backend\node_modules\pg-pool\index.js:45:11
    at process.processTicksAndRejections (node:internal/process/task_queues:105:5)
    at async query (file:///C:/Users/ludin/Desktop/salidas/scanqueue/backend/src/config/database.js:25:18)
    at async Module.getScansToday (file:///C:/Users/ludin/Desktop/salidas/scanqueue/backend/src/models/Scan.js:23:15)
    at async Module.getScanStatistics (file:///C:/Users/ludin/Desktop/salidas/scanqueue/backend/src/services/ScanService.js:76:24)
    at async getDashboardStats (file:///C:/Users/ludin/Desktop/salidas/scanqueue/backend/src/controllers/DashboardController.js:12:19)
Path: /api/dashboard/stats

[2026-03-04T12:45:50.025Z] ERROR: 
Stack: AggregateError [ECONNREFUSED]: 
    at C:\Users\ludin\Desktop\salidas\scanqueue\backend\node_modules\pg-pool\index.js:45:11
    at process.processTicksAndRejections (node:internal/process/task_queues:105:5)
    at async query (file:///C:/Users/ludin/Desktop/salidas/scanqueue/backend/src/config/database.js:25:18)
    at async Module.getScansToday (file:///C:/Users/ludin/Desktop/salidas/scanqueue/backend/src/models/Scan.js:23:15)
    at async getTodaySummary (file:///C:/Users/ludin/Desktop/salidas/scanqueue/backend/src/controllers/DashboardController.js:30:24)
Path: /api/dashboard/today

[2026-03-04T12:45:50.513Z] ERROR: 
Stack: AggregateError [ECONNREFUSED]: 
    at C:\Users\ludin\Desktop\salidas\scanqueue\backend\node_modules\pg-pool\index.js:45:11
    at process.processTicksAndRejections (node:internal/process/task_queues:105:5)
    at async query (file:///C:/Users/ludin/Desktop/salidas/scanqueue/backend/src/config/database.js:25:18)
    at async Module.getScansToday (file:///C:/Users/ludin/Desktop/salidas/scanqueue/backend/src/models/Scan.js:23:15)
    at async Module.getScanStatistics (file:///C:/Users/ludin/Desktop/salidas/scanqueue/backend/src/services/ScanService.js:76:24)
    at async getDashboardStats (file:///C:/Users/ludin/Desktop/salidas/scanqueue/backend/src/controllers/DashboardController.js:12:19)
Path: /api/dashboard/stats

[2026-03-04T12:45:50.516Z] ERROR: 
Stack: AggregateError [ECONNREFUSED]: 
    at C:\Users\ludin\Desktop\salidas\scanqueue\backend\node_modules\pg-pool\index.js:45:11
    at process.processTicksAndRejections (node:internal/process/task_queues:105:5)
    at async query (file:///C:/Users/ludin/Desktop/salidas/scanqueue/backend/src/config/database.js:25:18)
    at async Module.getScansToday (file:///C:/Users/ludin/Desktop/salidas/scanqueue/backend/src/models/Scan.js:23:15)
    at async getTodaySummary (file:///C:/Users/ludin/Desktop/salidas/scanqueue/backend/src/controllers/DashboardController.js:30:24)
Path: /api/dashboard/today

[2026-03-04T12:45:50.961Z] ERROR: 
Stack: AggregateError [ECONNREFUSED]: 
    at C:\Users\ludin\Desktop\salidas\scanqueue\backend\node_modules\pg-pool\index.js:45:11
    at process.processTicksAndRejections (node:internal/process/task_queues:105:5)
    at async query (file:///C:/Users/ludin/Desktop/salidas/scanqueue/backend/src/config/database.js:25:18)
    at async Module.getScansToday (file:///C:/Users/ludin/Desktop/salidas/scanqueue/backend/src/models/Scan.js:23:15)
    at async Module.getScanStatistics (file:///C:/Users/ludin/Desktop/salidas/scanqueue/backend/src/services/ScanService.js:76:24)
    at async getDashboardStats (file:///C:/Users/ludin/Desktop/salidas/scanqueue/backend/src/controllers/DashboardController.js:12:19)
Path: /api/dashboard/stats

[2026-03-04T12:45:50.964Z] ERROR: 
Stack: AggregateError [ECONNREFUSED]: 
    at C:\Users\ludin\Desktop\salidas\scanqueue\backend\node_modules\pg-pool\index.js:45:11
    at process.processTicksAndRejections (node:internal/process/task_queues:105:5)
    at async query (file:///C:/Users/ludin/Desktop/salidas/scanqueue/backend/src/config/database.js:25:18)
    at async Module.getScansToday (file:///C:/Users/ludin/Desktop/salidas/scanqueue/backend/src/models/Scan.js:23:15)
    at async getTodaySummary (file:///C:/Users/ludin/Desktop/salidas/scanqueue/backend/src/controllers/DashboardController.js:30:24)
Path: /api/dashboard/today

[2026-03-04T12:45:51.407Z] ERROR: 
Stack: AggregateError [ECONNREFUSED]: 
    at C:\Users\ludin\Desktop\salidas\scanqueue\backend\node_modules\pg-pool\index.js:45:11
    at process.processTicksAndRejections (node:internal/process/task_queues:105:5)
    at async query (file:///C:/Users/ludin/Desktop/salidas/scanqueue/backend/src/config/database.js:25:18)
    at async Module.getScansToday (file:///C:/Users/ludin/Desktop/salidas/scanqueue/backend/src/models/Scan.js:23:15)
    at async Module.getScanStatistics (file:///C:/Users/ludin/Desktop/salidas/scanqueue/backend/src/services/ScanService.js:76:24)
    at async getDashboardStats (file:///C:/Users/ludin/Desktop/salidas/scanqueue/backend/src/controllers/DashboardController.js:12:19)
Path: /api/dashboard/stats

[2026-03-04T12:45:51.410Z] ERROR: 
Stack: AggregateError [ECONNREFUSED]: 
    at C:\Users\ludin\Desktop\salidas\scanqueue\backend\node_modules\pg-pool\index.js:45:11
    at process.processTicksAndRejections (node:internal/process/task_queues:105:5)
    at async query (file:///C:/Users/ludin/Desktop/salidas/scanqueue/backend/src/config/database.js:25:18)
    at async Module.getScansToday (file:///C:/Users/ludin/Desktop/salidas/scanqueue/backend/src/models/Scan.js:23:15)
    at async getTodaySummary (file:///C:/Users/ludin/Desktop/salidas/scanqueue/backend/src/controllers/DashboardController.js:30:24)
Path: /api/dashboard/today

[2026-03-04T12:45:51.732Z] ERROR: 
Stack: AggregateError [ECONNREFUSED]: 
    at C:\Users\ludin\Desktop\salidas\scanqueue\backend\node_modules\pg-pool\index.js:45:11
    at process.processTicksAndRejections (node:internal/process/task_queues:105:5)
    at async query (file:///C:/Users/ludin/Desktop/salidas/scanqueue/backend/src/config/database.js:25:18)
    at async Module.getScansToday (file:///C:/Users/ludin/Desktop/salidas/scanqueue/backend/src/models/Scan.js:23:15)
    at async Module.getScanStatistics (file:///C:/Users/ludin/Desktop/salidas/scanqueue/backend/src/services/ScanService.js:76:24)
    at async getDashboardStats (file:///C:/Users/ludin/Desktop/salidas/scanqueue/backend/src/controllers/DashboardController.js:12:19)
Path: /api/dashboard/stats

[2026-03-04T12:45:51.734Z] ERROR: 
Stack: AggregateError [ECONNREFUSED]: 
    at C:\Users\ludin\Desktop\salidas\scanqueue\backend\node_modules\pg-pool\index.js:45:11
    at process.processTicksAndRejections (node:internal/process/task_queues:105:5)
    at async query (file:///C:/Users/ludin/Desktop/salidas/scanqueue/backend/src/config/database.js:25:18)
    at async Module.getScansToday (file:///C:/Users/ludin/Desktop/salidas/scanqueue/backend/src/models/Scan.js:23:15)
    at async getTodaySummary (file:///C:/Users/ludin/Desktop/salidas/scanqueue/backend/src/controllers/DashboardController.js:30:24)
Path: /api/dashboard/today

[2026-03-04T12:45:52.221Z] ERROR: 
Stack: AggregateError [ECONNREFUSED]: 
    at C:\Users\ludin\Desktop\salidas\scanqueue\backend\node_modules\pg-pool\index.js:45:11
    at process.processTicksAndRejections (node:internal/process/task_queues:105:5)
    at async query (file:///C:/Users/ludin/Desktop/salidas/scanqueue/backend/src/config/database.js:25:18)
    at async Module.getScansToday (file:///C:/Users/ludin/Desktop/salidas/scanqueue/backend/src/models/Scan.js:23:15)
    at async Module.getScanStatistics (file:///C:/Users/ludin/Desktop/salidas/scanqueue/backend/src/services/ScanService.js:76:24)
    at async getDashboardStats (file:///C:/Users/ludin/Desktop/salidas/scanqueue/backend/src/controllers/DashboardController.js:12:19)
Path: /api/dashboard/stats

[2026-03-04T12:45:52.224Z] ERROR: 
Stack: AggregateError [ECONNREFUSED]: 
    at C:\Users\ludin\Desktop\salidas\scanqueue\backend\node_modules\pg-pool\index.js:45:11
    at process.processTicksAndRejections (node:internal/process/task_queues:105:5)
    at async query (file:///C:/Users/ludin/Desktop/salidas/scanqueue/backend/src/config/database.js:25:18)
    at async Module.getScansToday (file:///C:/Users/ludin/Desktop/salidas/scanqueue/backend/src/models/Scan.js:23:15)
    at async getTodaySummary (file:///C:/Users/ludin/Desktop/salidas/scanqueue/backend/src/controllers/DashboardController.js:30:24)
Path: /api/dashboard/today

[2026-03-04T12:45:52.710Z] ERROR: 
Stack: AggregateError [ECONNREFUSED]: 
    at C:\Users\ludin\Desktop\salidas\scanqueue\backend\node_modules\pg-pool\index.js:45:11
    at process.processTicksAndRejections (node:internal/process/task_queues:105:5)
    at async query (file:///C:/Users/ludin/Desktop/salidas/scanqueue/backend/src/config/database.js:25:18)
    at async Module.getScansToday (file:///C:/Users/ludin/Desktop/salidas/scanqueue/backend/src/models/Scan.js:23:15)
    at async Module.getScanStatistics (file:///C:/Users/ludin/Desktop/salidas/scanqueue/backend/src/services/ScanService.js:76:24)
    at async getDashboardStats (file:///C:/Users/ludin/Desktop/salidas/scanqueue/backend/src/controllers/DashboardController.js:12:19)
Path: /api/dashboard/stats

[2026-03-04T12:45:52.713Z] ERROR: 
Stack: AggregateError [ECONNREFUSED]: 
    at C:\Users\ludin\Desktop\salidas\scanqueue\backend\node_modules\pg-pool\index.js:45:11
    at process.processTicksAndRejections (node:internal/process/task_queues:105:5)
    at async query (file:///C:/Users/ludin/Desktop/salidas/scanqueue/backend/src/config/database.js:25:18)
    at async Module.getScansToday (file:///C:/Users/ludin/Desktop/salidas/scanqueue/backend/src/models/Scan.js:23:15)
    at async getTodaySummary (file:///C:/Users/ludin/Desktop/salidas/scanqueue/backend/src/controllers/DashboardController.js:30:24)
Path: /api/dashboard/today

[2026-03-04T12:45:53.161Z] ERROR: 
Stack: AggregateError [ECONNREFUSED]: 
    at C:\Users\ludin\Desktop\salidas\scanqueue\backend\node_modules\pg-pool\index.js:45:11
    at process.processTicksAndRejections (node:internal/process/task_queues:105:5)
    at async query (file:///C:/Users/ludin/Desktop/salidas/scanqueue/backend/src/config/database.js:25:18)
    at async Module.getScansToday (file:///C:/Users/ludin/Desktop/salidas/scanqueue/backend/src/models/Scan.js:23:15)
    at async Module.getScanStatistics (file:///C:/Users/ludin/Desktop/salidas/scanqueue/backend/src/services/ScanService.js:76:24)
    at async getDashboardStats (file:///C:/Users/ludin/Desktop/salidas/scanqueue/backend/src/controllers/DashboardController.js:12:19)
Path: /api/dashboard/stats

[2026-03-04T12:45:53.164Z] ERROR: 
Stack: AggregateError [ECONNREFUSED]: 
    at C:\Users\ludin\Desktop\salidas\scanqueue\backend\node_modules\pg-pool\index.js:45:11
    at process.processTicksAndRejections (node:internal/process/task_queues:105:5)
    at async query (file:///C:/Users/ludin/Desktop/salidas/scanqueue/backend/src/config/database.js:25:18)
    at async Module.getScansToday (file:///C:/Users/ludin/Desktop/salidas/scanqueue/backend/src/models/Scan.js:23:15)
    at async getTodaySummary (file:///C:/Users/ludin/Desktop/salidas/scanqueue/backend/src/controllers/DashboardController.js:30:24)
Path: /api/dashboard/today

[2026-03-04T12:45:53.669Z] ERROR: 
Stack: AggregateError [ECONNREFUSED]: 
    at C:\Users\ludin\Desktop\salidas\scanqueue\backend\node_modules\pg-pool\index.js:45:11
    at process.processTicksAndRejections (node:internal/process/task_queues:105:5)
    at async query (file:///C:/Users/ludin/Desktop/salidas/scanqueue/backend/src/config/database.js:25:18)
    at async Module.getScansToday (file:///C:/Users/ludin/Desktop/salidas/scanqueue/backend/src/models/Scan.js:23:15)
    at async Module.getScanStatistics (file:///C:/Users/ludin/Desktop/salidas/scanqueue/backend/src/services/ScanService.js:76:24)
    at async getDashboardStats (file:///C:/Users/ludin/Desktop/salidas/scanqueue/backend/src/controllers/DashboardController.js:12:19)
Path: /api/dashboard/stats

[2026-03-04T12:45:53.674Z] ERROR: 
Stack: AggregateError [ECONNREFUSED]: 
    at C:\Users\ludin\Desktop\salidas\scanqueue\backend\node_modules\pg-pool\index.js:45:11
    at process.processTicksAndRejections (node:internal/process/task_queues:105:5)
    at async query (file:///C:/Users/ludin/Desktop/salidas/scanqueue/backend/src/config/database.js:25:18)
    at async Module.getScansToday (file:///C:/Users/ludin/Desktop/salidas/scanqueue/backend/src/models/Scan.js:23:15)
    at async getTodaySummary (file:///C:/Users/ludin/Desktop/salidas/scanqueue/backend/src/controllers/DashboardController.js:30:24)
Path: /api/dashboard/today

[2026-03-04T12:45:54.172Z] ERROR: 
Stack: AggregateError [ECONNREFUSED]: 
    at C:\Users\ludin\Desktop\salidas\scanqueue\backend\node_modules\pg-pool\index.js:45:11
    at process.processTicksAndRejections (node:internal/process/task_queues:105:5)
    at async query (file:///C:/Users/ludin/Desktop/salidas/scanqueue/backend/src/config/database.js:25:18)
    at async Module.getScansToday (file:///C:/Users/ludin/Desktop/salidas/scanqueue/backend/src/models/Scan.js:23:15)
    at async Module.getScanStatistics (file:///C:/Users/ludin/Desktop/salidas/scanqueue/backend/src/services/ScanService.js:76:24)
    at async getDashboardStats (file:///C:/Users/ludin/Desktop/salidas/scanqueue/backend/src/controllers/DashboardController.js:12:19)
Path: /api/dashboard/stats

[2026-03-04T12:45:54.176Z] ERROR: 
Stack: AggregateError [ECONNREFUSED]: 
    at C:\Users\ludin\Desktop\salidas\scanqueue\backend\node_modules\pg-pool\index.js:45:11
    at process.processTicksAndRejections (node:internal/process/task_queues:105:5)
    at async query (file:///C:/Users/ludin/Desktop/salidas/scanqueue/backend/src/config/database.js:25:18)
    at async Module.getScansToday (file:///C:/Users/ludin/Desktop/salidas/scanqueue/backend/src/models/Scan.js:23:15)
    at async getTodaySummary (file:///C:/Users/ludin/Desktop/salidas/scanqueue/backend/src/controllers/DashboardController.js:30:24)
Path: /api/dashboard/today

[2026-03-04T12:45:54.711Z] ERROR: 
Stack: AggregateError [ECONNREFUSED]: 
    at C:\Users\ludin\Desktop\salidas\scanqueue\backend\node_modules\pg-pool\index.js:45:11
    at process.processTicksAndRejections (node:internal/process/task_queues:105:5)
    at async query (file:///C:/Users/ludin/Desktop/salidas/scanqueue/backend/src/config/database.js:25:18)
    at async Module.getScansToday (file:///C:/Users/ludin/Desktop/salidas/scanqueue/backend/src/models/Scan.js:23:15)
    at async Module.getScanStatistics (file:///C:/Users/ludin/Desktop/salidas/scanqueue/backend/src/services/ScanService.js:76:24)
    at async getDashboardStats (file:///C:/Users/ludin/Desktop/salidas/scanqueue/backend/src/controllers/DashboardController.js:12:19)
Path: /api/dashboard/stats

[2026-03-04T12:45:54.713Z] ERROR: 
Stack: AggregateError [ECONNREFUSED]: 
    at C:\Users\ludin\Desktop\salidas\scanqueue\backend\node_modules\pg-pool\index.js:45:11
    at process.processTicksAndRejections (node:internal/process/task_queues:105:5)
    at async query (file:///C:/Users/ludin/Desktop/salidas/scanqueue/backend/src/config/database.js:25:18)
    at async Module.getScansToday (file:///C:/Users/ludin/Desktop/salidas/scanqueue/backend/src/models/Scan.js:23:15)
    at async getTodaySummary (file:///C:/Users/ludin/Desktop/salidas/scanqueue/backend/src/controllers/DashboardController.js:30:24)
Path: /api/dashboard/today

[2026-03-04T12:45:55.182Z] ERROR: 
Stack: AggregateError [ECONNREFUSED]: 
    at C:\Users\ludin\Desktop\salidas\scanqueue\backend\node_modules\pg-pool\index.js:45:11
    at process.processTicksAndRejections (node:internal/process/task_queues:105:5)
    at async query (file:///C:/Users/ludin/Desktop/salidas/scanqueue/backend/src/config/database.js:25:18)
    at async Module.getScansToday (file:///C:/Users/ludin/Desktop/salidas/scanqueue/backend/src/models/Scan.js:23:15)
    at async Module.getScanStatistics (file:///C:/Users/ludin/Desktop/salidas/scanqueue/backend/src/services/ScanService.js:76:24)
    at async getDashboardStats (file:///C:/Users/ludin/Desktop/salidas/scanqueue/backend/src/controllers/DashboardController.js:12:19)
Path: /api/dashboard/stats

[2026-03-04T12:45:55.184Z] ERROR: 
Stack: AggregateError [ECONNREFUSED]: 
    at C:\Users\ludin\Desktop\salidas\scanqueue\backend\node_modules\pg-pool\index.js:45:11
    at process.processTicksAndRejections (node:internal/process/task_queues:105:5)
    at async query (file:///C:/Users/ludin/Desktop/salidas/scanqueue/backend/src/config/database.js:25:18)
    at async Module.getScansToday (file:///C:/Users/ludin/Desktop/salidas/scanqueue/backend/src/models/Scan.js:23:15)
    at async getTodaySummary (file:///C:/Users/ludin/Desktop/salidas/scanqueue/backend/src/controllers/DashboardController.js:30:24)
Path: /api/dashboard/today

[2026-03-04T12:45:55.522Z] ERROR: 
Stack: AggregateError [ECONNREFUSED]: 
    at C:\Users\ludin\Desktop\salidas\scanqueue\backend\node_modules\pg-pool\index.js:45:11
    at process.processTicksAndRejections (node:internal/process/task_queues:105:5)
    at async query (file:///C:/Users/ludin/Desktop/salidas/scanqueue/backend/src/config/database.js:25:18)
    at async Module.getScansToday (file:///C:/Users/ludin/Desktop/salidas/scanqueue/backend/src/models/Scan.js:23:15)
    at async Module.getScanStatistics (file:///C:/Users/ludin/Desktop/salidas/scanqueue/backend/src/services/ScanService.js:76:24)
    at async getDashboardStats (file:///C:/Users/ludin/Desktop/salidas/scanqueue/backend/src/controllers/DashboardController.js:12:19)
Path: /api/dashboard/stats

[2026-03-04T12:45:55.529Z] ERROR: 
Stack: AggregateError [ECONNREFUSED]: 
    at C:\Users\ludin\Desktop\salidas\scanqueue\backend\node_modules\pg-pool\index.js:45:11
    at process.processTicksAndRejections (node:internal/process/task_queues:105:5)
    at async query (file:///C:/Users/ludin/Desktop/salidas/scanqueue/backend/src/config/database.js:25:18)
    at async Module.getScansToday (file:///C:/Users/ludin/Desktop/salidas/scanqueue/backend/src/models/Scan.js:23:15)
    at async getTodaySummary (file:///C:/Users/ludin/Desktop/salidas/scanqueue/backend/src/controllers/DashboardController.js:30:24)
Path: /api/dashboard/today

[2026-03-04T12:45:55.992Z] ERROR: 
Stack: AggregateError [ECONNREFUSED]: 
    at C:\Users\ludin\Desktop\salidas\scanqueue\backend\node_modules\pg-pool\index.js:45:11
    at process.processTicksAndRejections (node:internal/process/task_queues:105:5)
    at async query (file:///C:/Users/ludin/Desktop/salidas/scanqueue/backend/src/config/database.js:25:18)
    at async Module.getScansToday (file:///C:/Users/ludin/Desktop/salidas/scanqueue/backend/src/models/Scan.js:23:15)
    at async Module.getScanStatistics (file:///C:/Users/ludin/Desktop/salidas/scanqueue/backend/src/services/ScanService.js:76:24)
    at async getDashboardStats (file:///C:/Users/ludin/Desktop/salidas/scanqueue/backend/src/controllers/DashboardController.js:12:19)
Path: /api/dashboard/stats

[2026-03-04T12:45:55.995Z] ERROR: 
Stack: AggregateError [ECONNREFUSED]: 
    at C:\Users\ludin\Desktop\salidas\scanqueue\backend\node_modules\pg-pool\index.js:45:11
    at process.processTicksAndRejections (node:internal/process/task_queues:105:5)
    at async query (file:///C:/Users/ludin/Desktop/salidas/scanqueue/backend/src/config/database.js:25:18)
    at async Module.getScansToday (file:///C:/Users/ludin/Desktop/salidas/scanqueue/backend/src/models/Scan.js:23:15)
    at async getTodaySummary (file:///C:/Users/ludin/Desktop/salidas/scanqueue/backend/src/controllers/DashboardController.js:30:24)
Path: /api/dashboard/today

[2026-03-04T12:45:56.377Z] ERROR: 
Stack: AggregateError [ECONNREFUSED]: 
    at C:\Users\ludin\Desktop\salidas\scanqueue\backend\node_modules\pg-pool\index.js:45:11
    at process.processTicksAndRejections (node:internal/process/task_queues:105:5)
    at async query (file:///C:/Users/ludin/Desktop/salidas/scanqueue/backend/src/config/database.js:25:18)
    at async Module.getScansToday (file:///C:/Users/ludin/Desktop/salidas/scanqueue/backend/src/models/Scan.js:23:15)
    at async Module.getScanStatistics (file:///C:/Users/ludin/Desktop/salidas/scanqueue/backend/src/services/ScanService.js:76:24)
    at async getDashboardStats (file:///C:/Users/ludin/Desktop/salidas/scanqueue/backend/src/controllers/DashboardController.js:12:19)
Path: /api/dashboard/stats

[2026-03-04T12:45:56.381Z] ERROR: 
Stack: AggregateError [ECONNREFUSED]: 
    at C:\Users\ludin\Desktop\salidas\scanqueue\backend\node_modules\pg-pool\index.js:45:11
    at process.processTicksAndRejections (node:internal/process/task_queues:105:5)
    at async query (file:///C:/Users/ludin/Desktop/salidas/scanqueue/backend/src/config/database.js:25:18)
    at async Module.getScansToday (file:///C:/Users/ludin/Desktop/salidas/scanqueue/backend/src/models/Scan.js:23:15)
    at async getTodaySummary (file:///C:/Users/ludin/Desktop/salidas/scanqueue/backend/src/controllers/DashboardController.js:30:24)
Path: /api/dashboard/today

[2026-03-04T12:45:56.864Z] ERROR: 
Stack: AggregateError [ECONNREFUSED]: 
    at C:\Users\ludin\Desktop\salidas\scanqueue\backend\node_modules\pg-pool\index.js:45:11
    at process.processTicksAndRejections (node:internal/process/task_queues:105:5)
    at async query (file:///C:/Users/ludin/Desktop/salidas/scanqueue/backend/src/config/database.js:25:18)
    at async Module.getScansToday (file:///C:/Users/ludin/Desktop/salidas/scanqueue/backend/src/models/Scan.js:23:15)
    at async Module.getScanStatistics (file:///C:/Users/ludin/Desktop/salidas/scanqueue/backend/src/services/ScanService.js:76:24)
    at async getDashboardStats (file:///C:/Users/ludin/Desktop/salidas/scanqueue/backend/src/controllers/DashboardController.js:12:19)
Path: /api/dashboard/stats

[2026-03-04T12:45:56.866Z] ERROR: 
Stack: AggregateError [ECONNREFUSED]: 
    at C:\Users\ludin\Desktop\salidas\scanqueue\backend\node_modules\pg-pool\index.js:45:11
    at process.processTicksAndRejections (node:internal/process/task_queues:105:5)
    at async query (file:///C:/Users/ludin/Desktop/salidas/scanqueue/backend/src/config/database.js:25:18)
    at async Module.getScansToday (file:///C:/Users/ludin/Desktop/salidas/scanqueue/backend/src/models/Scan.js:23:15)
    at async getTodaySummary (file:///C:/Users/ludin/Desktop/salidas/scanqueue/backend/src/controllers/DashboardController.js:30:24)
Path: /api/dashboard/today

[2026-03-04T12:45:57.351Z] ERROR: 
Stack: AggregateError [ECONNREFUSED]: 
    at C:\Users\ludin\Desktop\salidas\scanqueue\backend\node_modules\pg-pool\index.js:45:11
    at process.processTicksAndRejections (node:internal/process/task_queues:105:5)
    at async query (file:///C:/Users/ludin/Desktop/salidas/scanqueue/backend/src/config/database.js:25:18)
    at async Module.getScansToday (file:///C:/Users/ludin/Desktop/salidas/scanqueue/backend/src/models/Scan.js:23:15)
    at async Module.getScanStatistics (file:///C:/Users/ludin/Desktop/salidas/scanqueue/backend/src/services/ScanService.js:76:24)
    at async getDashboardStats (file:///C:/Users/ludin/Desktop/salidas/scanqueue/backend/src/controllers/DashboardController.js:12:19)
Path: /api/dashboard/stats

[2026-03-04T12:45:57.353Z] ERROR: 
Stack: AggregateError [ECONNREFUSED]: 
    at C:\Users\ludin\Desktop\salidas\scanqueue\backend\node_modules\pg-pool\index.js:45:11
    at process.processTicksAndRejections (node:internal/process/task_queues:105:5)
    at async query (file:///C:/Users/ludin/Desktop/salidas/scanqueue/backend/src/config/database.js:25:18)
    at async Module.getScansToday (file:///C:/Users/ludin/Desktop/salidas/scanqueue/backend/src/models/Scan.js:23:15)
    at async getTodaySummary (file:///C:/Users/ludin/Desktop/salidas/scanqueue/backend/src/controllers/DashboardController.js:30:24)
Path: /api/dashboard/today

[2026-03-04T12:45:57.729Z] ERROR: 
Stack: AggregateError [ECONNREFUSED]: 
    at C:\Users\ludin\Desktop\salidas\scanqueue\backend\node_modules\pg-pool\index.js:45:11
    at process.processTicksAndRejections (node:internal/process/task_queues:105:5)
    at async query (file:///C:/Users/ludin/Desktop/salidas/scanqueue/backend/src/config/database.js:25:18)
    at async Module.getScansToday (file:///C:/Users/ludin/Desktop/salidas/scanqueue/backend/src/models/Scan.js:23:15)
    at async getTodaySummary (file:///C:/Users/ludin/Desktop/salidas/scanqueue/backend/src/controllers/DashboardController.js:30:24)
Path: /api/dashboard/today

[2026-03-04T12:45:57.732Z] ERROR: 
Stack: AggregateError [ECONNREFUSED]: 
    at C:\Users\ludin\Desktop\salidas\scanqueue\backend\node_modules\pg-pool\index.js:45:11
    at process.processTicksAndRejections (node:internal/process/task_queues:105:5)
    at async query (file:///C:/Users/ludin/Desktop/salidas/scanqueue/backend/src/config/database.js:25:18)
    at async Module.getScansToday (file:///C:/Users/ludin/Desktop/salidas/scanqueue/backend/src/models/Scan.js:23:15)
    at async Module.getScanStatistics (file:///C:/Users/ludin/Desktop/salidas/scanqueue/backend/src/services/ScanService.js:76:24)
    at async getDashboardStats (file:///C:/Users/ludin/Desktop/salidas/scanqueue/backend/src/controllers/DashboardController.js:12:19)
Path: /api/dashboard/stats

[2026-03-04T12:45:58.197Z] ERROR: 
Stack: AggregateError [ECONNREFUSED]: 
    at C:\Users\ludin\Desktop\salidas\scanqueue\backend\node_modules\pg-pool\index.js:45:11
    at process.processTicksAndRejections (node:internal/process/task_queues:105:5)
    at async query (file:///C:/Users/ludin/Desktop/salidas/scanqueue/backend/src/config/database.js:25:18)
    at async Module.getScansToday (file:///C:/Users/ludin/Desktop/salidas/scanqueue/backend/src/models/Scan.js:23:15)
    at async Module.getScanStatistics (file:///C:/Users/ludin/Desktop/salidas/scanqueue/backend/src/services/ScanService.js:76:24)
    at async getDashboardStats (file:///C:/Users/ludin/Desktop/salidas/scanqueue/backend/src/controllers/DashboardController.js:12:19)
Path: /api/dashboard/stats

[2026-03-04T12:45:58.199Z] ERROR: 
Stack: AggregateError [ECONNREFUSED]: 
    at C:\Users\ludin\Desktop\salidas\scanqueue\backend\node_modules\pg-pool\index.js:45:11
    at process.processTicksAndRejections (node:internal/process/task_queues:105:5)
    at async query (file:///C:/Users/ludin/Desktop/salidas/scanqueue/backend/src/config/database.js:25:18)
    at async Module.getScansToday (file:///C:/Users/ludin/Desktop/salidas/scanqueue/backend/src/models/Scan.js:23:15)
    at async getTodaySummary (file:///C:/Users/ludin/Desktop/salidas/scanqueue/backend/src/controllers/DashboardController.js:30:24)
Path: /api/dashboard/today

[2026-03-04T12:45:58.563Z] ERROR: 
Stack: AggregateError [ECONNREFUSED]: 
    at C:\Users\ludin\Desktop\salidas\scanqueue\backend\node_modules\pg-pool\index.js:45:11
    at process.processTicksAndRejections (node:internal/process/task_queues:105:5)
    at async query (file:///C:/Users/ludin/Desktop/salidas/scanqueue/backend/src/config/database.js:25:18)
    at async Module.getScansToday (file:///C:/Users/ludin/Desktop/salidas/scanqueue/backend/src/models/Scan.js:23:15)
    at async Module.getScanStatistics (file:///C:/Users/ludin/Desktop/salidas/scanqueue/backend/src/services/ScanService.js:76:24)
    at async getDashboardStats (file:///C:/Users/ludin/Desktop/salidas/scanqueue/backend/src/controllers/DashboardController.js:12:19)
Path: /api/dashboard/stats

[2026-03-04T12:45:58.565Z] ERROR: 
Stack: AggregateError [ECONNREFUSED]: 
    at C:\Users\ludin\Desktop\salidas\scanqueue\backend\node_modules\pg-pool\index.js:45:11
    at process.processTicksAndRejections (node:internal/process/task_queues:105:5)
    at async query (file:///C:/Users/ludin/Desktop/salidas/scanqueue/backend/src/config/database.js:25:18)
    at async Module.getScansToday (file:///C:/Users/ludin/Desktop/salidas/scanqueue/backend/src/models/Scan.js:23:15)
    at async getTodaySummary (file:///C:/Users/ludin/Desktop/salidas/scanqueue/backend/src/controllers/DashboardController.js:30:24)
Path: /api/dashboard/today

[2026-03-04T12:45:59.024Z] ERROR: 
Stack: AggregateError [ECONNREFUSED]: 
    at C:\Users\ludin\Desktop\salidas\scanqueue\backend\node_modules\pg-pool\index.js:45:11
    at process.processTicksAndRejections (node:internal/process/task_queues:105:5)
    at async query (file:///C:/Users/ludin/Desktop/salidas/scanqueue/backend/src/config/database.js:25:18)
    at async Module.getScansToday (file:///C:/Users/ludin/Desktop/salidas/scanqueue/backend/src/models/Scan.js:23:15)
    at async Module.getScanStatistics (file:///C:/Users/ludin/Desktop/salidas/scanqueue/backend/src/services/ScanService.js:76:24)
    at async getDashboardStats (file:///C:/Users/ludin/Desktop/salidas/scanqueue/backend/src/controllers/DashboardController.js:12:19)
Path: /api/dashboard/stats

[2026-03-04T12:45:59.027Z] ERROR: 
Stack: AggregateError [ECONNREFUSED]: 
    at C:\Users\ludin\Desktop\salidas\scanqueue\backend\node_modules\pg-pool\index.js:45:11
    at process.processTicksAndRejections (node:internal/process/task_queues:105:5)
    at async query (file:///C:/Users/ludin/Desktop/salidas/scanqueue/backend/src/config/database.js:25:18)
    at async Module.getScansToday (file:///C:/Users/ludin/Desktop/salidas/scanqueue/backend/src/models/Scan.js:23:15)
    at async getTodaySummary (file:///C:/Users/ludin/Desktop/salidas/scanqueue/backend/src/controllers/DashboardController.js:30:24)
Path: /api/dashboard/today

[2026-03-04T12:45:59.522Z] ERROR: 
Stack: AggregateError [ECONNREFUSED]: 
    at C:\Users\ludin\Desktop\salidas\scanqueue\backend\node_modules\pg-pool\index.js:45:11
    at process.processTicksAndRejections (node:internal/process/task_queues:105:5)
    at async query (file:///C:/Users/ludin/Desktop/salidas/scanqueue/backend/src/config/database.js:25:18)
    at async Module.getScansToday (file:///C:/Users/ludin/Desktop/salidas/scanqueue/backend/src/models/Scan.js:23:15)
    at async Module.getScanStatistics (file:///C:/Users/ludin/Desktop/salidas/scanqueue/backend/src/services/ScanService.js:76:24)
    at async getDashboardStats (file:///C:/Users/ludin/Desktop/salidas/scanqueue/backend/src/controllers/DashboardController.js:12:19)
Path: /api/dashboard/stats

[2026-03-04T12:45:59.526Z] ERROR: 
Stack: AggregateError [ECONNREFUSED]: 
    at C:\Users\ludin\Desktop\salidas\scanqueue\backend\node_modules\pg-pool\index.js:45:11
    at process.processTicksAndRejections (node:internal/process/task_queues:105:5)
    at async query (file:///C:/Users/ludin/Desktop/salidas/scanqueue/backend/src/config/database.js:25:18)
    at async Module.getScansToday (file:///C:/Users/ludin/Desktop/salidas/scanqueue/backend/src/models/Scan.js:23:15)
    at async getTodaySummary (file:///C:/Users/ludin/Desktop/salidas/scanqueue/backend/src/controllers/DashboardController.js:30:24)
Path: /api/dashboard/today

[2026-03-04T12:45:59.936Z] ERROR: 
Stack: AggregateError [ECONNREFUSED]: 
    at C:\Users\ludin\Desktop\salidas\scanqueue\backend\node_modules\pg-pool\index.js:45:11
    at process.processTicksAndRejections (node:internal/process/task_queues:105:5)
    at async query (file:///C:/Users/ludin/Desktop/salidas/scanqueue/backend/src/config/database.js:25:18)
    at async Module.getScansToday (file:///C:/Users/ludin/Desktop/salidas/scanqueue/backend/src/models/Scan.js:23:15)
    at async Module.getScanStatistics (file:///C:/Users/ludin/Desktop/salidas/scanqueue/backend/src/services/ScanService.js:76:24)
    at async getDashboardStats (file:///C:/Users/ludin/Desktop/salidas/scanqueue/backend/src/controllers/DashboardController.js:12:19)
Path: /api/dashboard/stats

[2026-03-04T12:45:59.940Z] ERROR: 
Stack: AggregateError [ECONNREFUSED]: 
    at C:\Users\ludin\Desktop\salidas\scanqueue\backend\node_modules\pg-pool\index.js:45:11
    at process.processTicksAndRejections (node:internal/process/task_queues:105:5)
    at async query (file:///C:/Users/ludin/Desktop/salidas/scanqueue/backend/src/config/database.js:25:18)
    at async Module.getScansToday (file:///C:/Users/ludin/Desktop/salidas/scanqueue/backend/src/models/Scan.js:23:15)
    at async getTodaySummary (file:///C:/Users/ludin/Desktop/salidas/scanqueue/backend/src/controllers/DashboardController.js:30:24)
Path: /api/dashboard/today

[2026-03-04T12:46:00.531Z] ERROR: 
Stack: AggregateError [ECONNREFUSED]: 
    at C:\Users\ludin\Desktop\salidas\scanqueue\backend\node_modules\pg-pool\index.js:45:11
    at process.processTicksAndRejections (node:internal/process/task_queues:105:5)
    at async query (file:///C:/Users/ludin/Desktop/salidas/scanqueue/backend/src/config/database.js:25:18)
    at async Module.getScansToday (file:///C:/Users/ludin/Desktop/salidas/scanqueue/backend/src/models/Scan.js:23:15)
    at async Module.getScanStatistics (file:///C:/Users/ludin/Desktop/salidas/scanqueue/backend/src/services/ScanService.js:76:24)
    at async getDashboardStats (file:///C:/Users/ludin/Desktop/salidas/scanqueue/backend/src/controllers/DashboardController.js:12:19)
Path: /api/dashboard/stats

[2026-03-04T12:46:00.548Z] ERROR: 
Stack: AggregateError [ECONNREFUSED]: 
    at C:\Users\ludin\Desktop\salidas\scanqueue\backend\node_modules\pg-pool\index.js:45:11
    at process.processTicksAndRejections (node:internal/process/task_queues:105:5)
    at async query (file:///C:/Users/ludin/Desktop/salidas/scanqueue/backend/src/config/database.js:25:18)
    at async Module.getScansToday (file:///C:/Users/ludin/Desktop/salidas/scanqueue/backend/src/models/Scan.js:23:15)
    at async getTodaySummary (file:///C:/Users/ludin/Desktop/salidas/scanqueue/backend/src/controllers/DashboardController.js:30:24)
Path: /api/dashboard/today

[2026-03-04T12:46:01.636Z] ERROR: 
Stack: AggregateError [ECONNREFUSED]: 
    at C:\Users\ludin\Desktop\salidas\scanqueue\backend\node_modules\pg-pool\index.js:45:11
    at process.processTicksAndRejections (node:internal/process/task_queues:105:5)
    at async query (file:///C:/Users/ludin/Desktop/salidas/scanqueue/backend/src/config/database.js:25:18)
    at async Module.getScansToday (file:///C:/Users/ludin/Desktop/salidas/scanqueue/backend/src/models/Scan.js:23:15)
    at async Module.getScanStatistics (file:///C:/Users/ludin/Desktop/salidas/scanqueue/backend/src/services/ScanService.js:76:24)
    at async getDashboardStats (file:///C:/Users/ludin/Desktop/salidas/scanqueue/backend/src/controllers/DashboardController.js:12:19)
Path: /api/dashboard/stats

[2026-03-04T12:46:01.639Z] ERROR: 
Stack: AggregateError [ECONNREFUSED]: 
    at C:\Users\ludin\Desktop\salidas\scanqueue\backend\node_modules\pg-pool\index.js:45:11
    at process.processTicksAndRejections (node:internal/process/task_queues:105:5)
    at async query (file:///C:/Users/ludin/Desktop/salidas/scanqueue/backend/src/config/database.js:25:18)
    at async Module.getScansToday (file:///C:/Users/ludin/Desktop/salidas/scanqueue/backend/src/models/Scan.js:23:15)
    at async getTodaySummary (file:///C:/Users/ludin/Desktop/salidas/scanqueue/backend/src/controllers/DashboardController.js:30:24)
Path: /api/dashboard/today

[2026-03-04T12:46:02.275Z] ERROR: 
Stack: AggregateError [ECONNREFUSED]: 
    at C:\Users\ludin\Desktop\salidas\scanqueue\backend\node_modules\pg-pool\index.js:45:11
    at process.processTicksAndRejections (node:internal/process/task_queues:105:5)
    at async query (file:///C:/Users/ludin/Desktop/salidas/scanqueue/backend/src/config/database.js:25:18)
    at async Module.getScansToday (file:///C:/Users/ludin/Desktop/salidas/scanqueue/backend/src/models/Scan.js:23:15)
    at async Module.getScanStatistics (file:///C:/Users/ludin/Desktop/salidas/scanqueue/backend/src/services/ScanService.js:76:24)
    at async getDashboardStats (file:///C:/Users/ludin/Desktop/salidas/scanqueue/backend/src/controllers/DashboardController.js:12:19)
Path: /api/dashboard/stats

[2026-03-04T12:46:02.283Z] ERROR: 
Stack: AggregateError [ECONNREFUSED]: 
    at C:\Users\ludin\Desktop\salidas\scanqueue\backend\node_modules\pg-pool\index.js:45:11
    at process.processTicksAndRejections (node:internal/process/task_queues:105:5)
    at async query (file:///C:/Users/ludin/Desktop/salidas/scanqueue/backend/src/config/database.js:25:18)
    at async Module.getScansToday (file:///C:/Users/ludin/Desktop/salidas/scanqueue/backend/src/models/Scan.js:23:15)
    at async getTodaySummary (file:///C:/Users/ludin/Desktop/salidas/scanqueue/backend/src/controllers/DashboardController.js:30:24)
Path: /api/dashboard/today

[2026-03-04T12:46:02.818Z] ERROR: 
Stack: AggregateError [ECONNREFUSED]: 
    at C:\Users\ludin\Desktop\salidas\scanqueue\backend\node_modules\pg-pool\index.js:45:11
    at process.processTicksAndRejections (node:internal/process/task_queues:105:5)
    at async query (file:///C:/Users/ludin/Desktop/salidas/scanqueue/backend/src/config/database.js:25:18)
    at async Module.getScansToday (file:///C:/Users/ludin/Desktop/salidas/scanqueue/backend/src/models/Scan.js:23:15)
    at async Module.getScanStatistics (file:///C:/Users/ludin/Desktop/salidas/scanqueue/backend/src/services/ScanService.js:76:24)
    at async getDashboardStats (file:///C:/Users/ludin/Desktop/salidas/scanqueue/backend/src/controllers/DashboardController.js:12:19)
Path: /api/dashboard/stats

[2026-03-04T12:46:02.822Z] ERROR: 
Stack: AggregateError [ECONNREFUSED]: 
    at C:\Users\ludin\Desktop\salidas\scanqueue\backend\node_modules\pg-pool\index.js:45:11
    at process.processTicksAndRejections (node:internal/process/task_queues:105:5)
    at async query (file:///C:/Users/ludin/Desktop/salidas/scanqueue/backend/src/config/database.js:25:18)
    at async Module.getScansToday (file:///C:/Users/ludin/Desktop/salidas/scanqueue/backend/src/models/Scan.js:23:15)
    at async getTodaySummary (file:///C:/Users/ludin/Desktop/salidas/scanqueue/backend/src/controllers/DashboardController.js:30:24)
Path: /api/dashboard/today

[2026-03-04T12:46:03.277Z] ERROR: 
Stack: AggregateError [ECONNREFUSED]: 
    at C:\Users\ludin\Desktop\salidas\scanqueue\backend\node_modules\pg-pool\index.js:45:11
    at process.processTicksAndRejections (node:internal/process/task_queues:105:5)
    at async query (file:///C:/Users/ludin/Desktop/salidas/scanqueue/backend/src/config/database.js:25:18)
    at async Module.getScansToday (file:///C:/Users/ludin/Desktop/salidas/scanqueue/backend/src/models/Scan.js:23:15)
    at async Module.getScanStatistics (file:///C:/Users/ludin/Desktop/salidas/scanqueue/backend/src/services/ScanService.js:76:24)
    at async getDashboardStats (file:///C:/Users/ludin/Desktop/salidas/scanqueue/backend/src/controllers/DashboardController.js:12:19)
Path: /api/dashboard/stats

[2026-03-04T12:46:03.282Z] ERROR: 
Stack: AggregateError [ECONNREFUSED]: 
    at C:\Users\ludin\Desktop\salidas\scanqueue\backend\node_modules\pg-pool\index.js:45:11
    at process.processTicksAndRejections (node:internal/process/task_queues:105:5)
    at async query (file:///C:/Users/ludin/Desktop/salidas/scanqueue/backend/src/config/database.js:25:18)
    at async Module.getScansToday (file:///C:/Users/ludin/Desktop/salidas/scanqueue/backend/src/models/Scan.js:23:15)
    at async getTodaySummary (file:///C:/Users/ludin/Desktop/salidas/scanqueue/backend/src/controllers/DashboardController.js:30:24)
Path: /api/dashboard/today

[2026-03-04T12:46:03.876Z] ERROR: 
Stack: AggregateError [ECONNREFUSED]: 
    at C:\Users\ludin\Desktop\salidas\scanqueue\backend\node_modules\pg-pool\index.js:45:11
    at process.processTicksAndRejections (node:internal/process/task_queues:105:5)
    at async query (file:///C:/Users/ludin/Desktop/salidas/scanqueue/backend/src/config/database.js:25:18)
    at async Module.getScansToday (file:///C:/Users/ludin/Desktop/salidas/scanqueue/backend/src/models/Scan.js:23:15)
    at async Module.getScanStatistics (file:///C:/Users/ludin/Desktop/salidas/scanqueue/backend/src/services/ScanService.js:76:24)
    at async getDashboardStats (file:///C:/Users/ludin/Desktop/salidas/scanqueue/backend/src/controllers/DashboardController.js:12:19)
Path: /api/dashboard/stats

[2026-03-04T12:46:03.880Z] ERROR: 
Stack: AggregateError [ECONNREFUSED]: 
    at C:\Users\ludin\Desktop\salidas\scanqueue\backend\node_modules\pg-pool\index.js:45:11
    at process.processTicksAndRejections (node:internal/process/task_queues:105:5)
    at async query (file:///C:/Users/ludin/Desktop/salidas/scanqueue/backend/src/config/database.js:25:18)
    at async Module.getScansToday (file:///C:/Users/ludin/Desktop/salidas/scanqueue/backend/src/models/Scan.js:23:15)
    at async getTodaySummary (file:///C:/Users/ludin/Desktop/salidas/scanqueue/backend/src/controllers/DashboardController.js:30:24)
Path: /api/dashboard/today

[2026-03-04T12:46:04.981Z] ERROR: 
Stack: AggregateError [ECONNREFUSED]: 
    at C:\Users\ludin\Desktop\salidas\scanqueue\backend\node_modules\pg-pool\index.js:45:11
    at process.processTicksAndRejections (node:internal/process/task_queues:105:5)
    at async query (file:///C:/Users/ludin/Desktop/salidas/scanqueue/backend/src/config/database.js:25:18)
    at async Module.getScansToday (file:///C:/Users/ludin/Desktop/salidas/scanqueue/backend/src/models/Scan.js:23:15)
    at async Module.getScanStatistics (file:///C:/Users/ludin/Desktop/salidas/scanqueue/backend/src/services/ScanService.js:76:24)
    at async getDashboardStats (file:///C:/Users/ludin/Desktop/salidas/scanqueue/backend/src/controllers/DashboardController.js:12:19)
Path: /api/dashboard/stats

[2026-03-04T12:46:04.984Z] ERROR: 
Stack: AggregateError [ECONNREFUSED]: 
    at C:\Users\ludin\Desktop\salidas\scanqueue\backend\node_modules\pg-pool\index.js:45:11
    at process.processTicksAndRejections (node:internal/process/task_queues:105:5)
    at async query (file:///C:/Users/ludin/Desktop/salidas/scanqueue/backend/src/config/database.js:25:18)
    at async Module.getScansToday (file:///C:/Users/ludin/Desktop/salidas/scanqueue/backend/src/models/Scan.js:23:15)
    at async getTodaySummary (file:///C:/Users/ludin/Desktop/salidas/scanqueue/backend/src/controllers/DashboardController.js:30:24)
Path: /api/dashboard/today

[2026-03-04T12:46:05.796Z] ERROR: 
Stack: AggregateError [ECONNREFUSED]: 
    at C:\Users\ludin\Desktop\salidas\scanqueue\backend\node_modules\pg-pool\index.js:45:11
    at process.processTicksAndRejections (node:internal/process/task_queues:105:5)
    at async query (file:///C:/Users/ludin/Desktop/salidas/scanqueue/backend/src/config/database.js:25:18)
    at async Module.getScansToday (file:///C:/Users/ludin/Desktop/salidas/scanqueue/backend/src/models/Scan.js:23:15)
    at async Module.getScanStatistics (file:///C:/Users/ludin/Desktop/salidas/scanqueue/backend/src/services/ScanService.js:76:24)
    at async getDashboardStats (file:///C:/Users/ludin/Desktop/salidas/scanqueue/backend/src/controllers/DashboardController.js:12:19)
Path: /api/dashboard/stats

[2026-03-04T12:46:05.801Z] ERROR: 
Stack: AggregateError [ECONNREFUSED]: 
    at C:\Users\ludin\Desktop\salidas\scanqueue\backend\node_modules\pg-pool\index.js:45:11
    at process.processTicksAndRejections (node:internal/process/task_queues:105:5)
    at async query (file:///C:/Users/ludin/Desktop/salidas/scanqueue/backend/src/config/database.js:25:18)
    at async Module.getScansToday (file:///C:/Users/ludin/Desktop/salidas/scanqueue/backend/src/models/Scan.js:23:15)
    at async getTodaySummary (file:///C:/Users/ludin/Desktop/salidas/scanqueue/backend/src/controllers/DashboardController.js:30:24)
Path: /api/dashboard/today

[2026-03-04T12:46:06.331Z] ERROR: 
Stack: AggregateError [ECONNREFUSED]: 
    at C:\Users\ludin\Desktop\salidas\scanqueue\backend\node_modules\pg-pool\index.js:45:11
    at process.processTicksAndRejections (node:internal/process/task_queues:105:5)
    at async query (file:///C:/Users/ludin/Desktop/salidas/scanqueue/backend/src/config/database.js:25:18)
    at async Module.getScansToday (file:///C:/Users/ludin/Desktop/salidas/scanqueue/backend/src/models/Scan.js:23:15)
    at async Module.getScanStatistics (file:///C:/Users/ludin/Desktop/salidas/scanqueue/backend/src/services/ScanService.js:76:24)
    at async getDashboardStats (file:///C:/Users/ludin/Desktop/salidas/scanqueue/backend/src/controllers/DashboardController.js:12:19)
Path: /api/dashboard/stats

[2026-03-04T12:46:06.336Z] ERROR: 
Stack: AggregateError [ECONNREFUSED]: 
    at C:\Users\ludin\Desktop\salidas\scanqueue\backend\node_modules\pg-pool\index.js:45:11
    at process.processTicksAndRejections (node:internal/process/task_queues:105:5)
    at async query (file:///C:/Users/ludin/Desktop/salidas/scanqueue/backend/src/config/database.js:25:18)
    at async Module.getScansToday (file:///C:/Users/ludin/Desktop/salidas/scanqueue/backend/src/models/Scan.js:23:15)
    at async getTodaySummary (file:///C:/Users/ludin/Desktop/salidas/scanqueue/backend/src/controllers/DashboardController.js:30:24)
Path: /api/dashboard/today

[2026-03-04T12:46:08.054Z] ERROR: 
Stack: AggregateError [ECONNREFUSED]: 
    at C:\Users\ludin\Desktop\salidas\scanqueue\backend\node_modules\pg-pool\index.js:45:11
    at process.processTicksAndRejections (node:internal/process/task_queues:105:5)
    at async query (file:///C:/Users/ludin/Desktop/salidas/scanqueue/backend/src/config/database.js:25:18)
    at async Module.getScansToday (file:///C:/Users/ludin/Desktop/salidas/scanqueue/backend/src/models/Scan.js:23:15)
    at async Module.getScanStatistics (file:///C:/Users/ludin/Desktop/salidas/scanqueue/backend/src/services/ScanService.js:76:24)
    at async getDashboardStats (file:///C:/Users/ludin/Desktop/salidas/scanqueue/backend/src/controllers/DashboardController.js:12:19)
Path: /api/dashboard/stats

[2026-03-04T12:46:08.061Z] ERROR: 
Stack: AggregateError [ECONNREFUSED]: 
    at C:\Users\ludin\Desktop\salidas\scanqueue\backend\node_modules\pg-pool\index.js:45:11
    at process.processTicksAndRejections (node:internal/process/task_queues:105:5)
    at async query (file:///C:/Users/ludin/Desktop/salidas/scanqueue/backend/src/config/database.js:25:18)
    at async Module.getScansToday (file:///C:/Users/ludin/Desktop/salidas/scanqueue/backend/src/models/Scan.js:23:15)
    at async getTodaySummary (file:///C:/Users/ludin/Desktop/salidas/scanqueue/backend/src/controllers/DashboardController.js:30:24)
Path: /api/dashboard/today

[2026-03-04T12:46:10.407Z] ERROR: 
Stack: AggregateError [ECONNREFUSED]: 
    at C:\Users\ludin\Desktop\salidas\scanqueue\backend\node_modules\pg-pool\index.js:45:11
    at process.processTicksAndRejections (node:internal/process/task_queues:105:5)
    at async query (file:///C:/Users/ludin/Desktop/salidas/scanqueue/backend/src/config/database.js:25:18)
    at async Module.getScansToday (file:///C:/Users/ludin/Desktop/salidas/scanqueue/backend/src/models/Scan.js:23:15)
    at async Module.getScanStatistics (file:///C:/Users/ludin/Desktop/salidas/scanqueue/backend/src/services/ScanService.js:76:24)
    at async getDashboardStats (file:///C:/Users/ludin/Desktop/salidas/scanqueue/backend/src/controllers/DashboardController.js:12:19)
Path: /api/dashboard/stats

[2026-03-04T12:46:10.473Z] ERROR: 
Stack: AggregateError [ECONNREFUSED]: 
    at C:\Users\ludin\Desktop\salidas\scanqueue\backend\node_modules\pg-pool\index.js:45:11
    at process.processTicksAndRejections (node:internal/process/task_queues:105:5)
    at async query (file:///C:/Users/ludin/Desktop/salidas/scanqueue/backend/src/config/database.js:25:18)
    at async Module.getScansToday (file:///C:/Users/ludin/Desktop/salidas/scanqueue/backend/src/models/Scan.js:23:15)
    at async getTodaySummary (file:///C:/Users/ludin/Desktop/salidas/scanqueue/backend/src/controllers/DashboardController.js:30:24)
Path: /api/dashboard/today

[2026-03-04T12:46:30.264Z] ERROR: 
Stack: AggregateError [ECONNREFUSED]: 
    at C:\Users\ludin\Desktop\salidas\scanqueue\backend\node_modules\pg-pool\index.js:45:11
    at process.processTicksAndRejections (node:internal/process/task_queues:105:5)
    at async query (file:///C:/Users/ludin/Desktop/salidas/scanqueue/backend/src/config/database.js:25:18)
    at async Module.getScansToday (file:///C:/Users/ludin/Desktop/salidas/scanqueue/backend/src/models/Scan.js:23:15)
    at async Module.getScanStatistics (file:///C:/Users/ludin/Desktop/salidas/scanqueue/backend/src/services/ScanService.js:76:24)
    at async getDashboardStats (file:///C:/Users/ludin/Desktop/salidas/scanqueue/backend/src/controllers/DashboardController.js:12:19)
Path: /api/dashboard/stats

[2026-03-04T12:46:30.275Z] ERROR: 
Stack: AggregateError [ECONNREFUSED]: 
    at C:\Users\ludin\Desktop\salidas\scanqueue\backend\node_modules\pg-pool\index.js:45:11
    at process.processTicksAndRejections (node:internal/process/task_queues:105:5)
    at async query (file:///C:/Users/ludin/Desktop/salidas/scanqueue/backend/src/config/database.js:25:18)
    at async Module.getScansToday (file:///C:/Users/ludin/Desktop/salidas/scanqueue/backend/src/models/Scan.js:23:15)
    at async getTodaySummary (file:///C:/Users/ludin/Desktop/salidas/scanqueue/backend/src/controllers/DashboardController.js:30:24)
Path: /api/dashboard/today

[2026-03-04T12:46:31.326Z] ERROR: 
Stack: AggregateError [ECONNREFUSED]: 
    at C:\Users\ludin\Desktop\salidas\scanqueue\backend\node_modules\pg-pool\index.js:45:11
    at process.processTicksAndRejections (node:internal/process/task_queues:105:5)
    at async query (file:///C:/Users/ludin/Desktop/salidas/scanqueue/backend/src/config/database.js:25:18)
    at async Module.getScansToday (file:///C:/Users/ludin/Desktop/salidas/scanqueue/backend/src/models/Scan.js:23:15)
    at async Module.getScanStatistics (file:///C:/Users/ludin/Desktop/salidas/scanqueue/backend/src/services/ScanService.js:76:24)
    at async getDashboardStats (file:///C:/Users/ludin/Desktop/salidas/scanqueue/backend/src/controllers/DashboardController.js:12:19)
Path: /api/dashboard/stats

[2026-03-04T12:46:31.332Z] ERROR: 
Stack: AggregateError [ECONNREFUSED]: 
    at C:\Users\ludin\Desktop\salidas\scanqueue\backend\node_modules\pg-pool\index.js:45:11
    at process.processTicksAndRejections (node:internal/process/task_queues:105:5)
    at async query (file:///C:/Users/ludin/Desktop/salidas/scanqueue/backend/src/config/database.js:25:18)
    at async Module.getScansToday (file:///C:/Users/ludin/Desktop/salidas/scanqueue/backend/src/models/Scan.js:23:15)
    at async getTodaySummary (file:///C:/Users/ludin/Desktop/salidas/scanqueue/backend/src/controllers/DashboardController.js:30:24)
Path: /api/dashboard/today

[2026-03-04T12:46:45.802Z] ERROR: 
Stack: AggregateError [ECONNREFUSED]: 
    at C:\Users\ludin\Desktop\salidas\scanqueue\backend\node_modules\pg-pool\index.js:45:11
    at process.processTicksAndRejections (node:internal/process/task_queues:105:5)
    at async query (file:///C:/Users/ludin/Desktop/salidas/scanqueue/backend/src/config/database.js:25:18)
    at async Module.getScansToday (file:///C:/Users/ludin/Desktop/salidas/scanqueue/backend/src/models/Scan.js:23:15)
    at async getTodaySummary (file:///C:/Users/ludin/Desktop/salidas/scanqueue/backend/src/controllers/DashboardController.js:30:24)
Path: /api/dashboard/today

[2026-03-04T12:46:45.840Z] ERROR: 
Stack: AggregateError [ECONNREFUSED]: 
    at C:\Users\ludin\Desktop\salidas\scanqueue\backend\node_modules\pg-pool\index.js:45:11
    at process.processTicksAndRejections (node:internal/process/task_queues:105:5)
    at async query (file:///C:/Users/ludin/Desktop/salidas/scanqueue/backend/src/config/database.js:25:18)
    at async Module.getScansToday (file:///C:/Users/ludin/Desktop/salidas/scanqueue/backend/src/models/Scan.js:23:15)
    at async Module.getScanStatistics (file:///C:/Users/ludin/Desktop/salidas/scanqueue/backend/src/services/ScanService.js:76:24)
    at async getDashboardStats (file:///C:/Users/ludin/Desktop/salidas/scanqueue/backend/src/controllers/DashboardController.js:12:19)
Path: /api/dashboard/stats

[2026-03-04T12:46:53.519Z] ERROR: 
Stack: AggregateError [ECONNREFUSED]: 
    at C:\Users\ludin\Desktop\salidas\scanqueue\backend\node_modules\pg-pool\index.js:45:11
    at process.processTicksAndRejections (node:internal/process/task_queues:105:5)
    at async query (file:///C:/Users/ludin/Desktop/salidas/scanqueue/backend/src/config/database.js:25:18)
    at async Module.getScansToday (file:///C:/Users/ludin/Desktop/salidas/scanqueue/backend/src/models/Scan.js:23:15)
    at async Module.getScanStatistics (file:///C:/Users/ludin/Desktop/salidas/scanqueue/backend/src/services/ScanService.js:76:24)
    at async getDashboardStats (file:///C:/Users/ludin/Desktop/salidas/scanqueue/backend/src/controllers/DashboardController.js:12:19)
Path: /api/dashboard/stats

[2026-03-04T12:46:53.525Z] ERROR: 
Stack: AggregateError [ECONNREFUSED]: 
    at C:\Users\ludin\Desktop\salidas\scanqueue\backend\node_modules\pg-pool\index.js:45:11
    at process.processTicksAndRejections (node:internal/process/task_queues:105:5)
    at async query (file:///C:/Users/ludin/Desktop/salidas/scanqueue/backend/src/config/database.js:25:18)
    at async Module.getScansToday (file:///C:/Users/ludin/Desktop/salidas/scanqueue/backend/src/models/Scan.js:23:15)
    at async getTodaySummary (file:///C:/Users/ludin/Desktop/salidas/scanqueue/backend/src/controllers/DashboardController.js:30:24)
Path: /api/dashboard/today

[2026-03-04T12:47:13.054Z] ERROR: 
Stack: AggregateError [ECONNREFUSED]: 
    at C:\Users\ludin\Desktop\salidas\scanqueue\backend\node_modules\pg-pool\index.js:45:11
    at process.processTicksAndRejections (node:internal/process/task_queues:105:5)
    at async query (file:///C:/Users/ludin/Desktop/salidas/scanqueue/backend/src/config/database.js:25:18)
    at async Module.getScansToday (file:///C:/Users/ludin/Desktop/salidas/scanqueue/backend/src/models/Scan.js:23:15)
    at async getTodaySummary (file:///C:/Users/ludin/Desktop/salidas/scanqueue/backend/src/controllers/DashboardController.js:30:24)
Path: /api/dashboard/today

[2026-03-04T12:47:13.063Z] ERROR: 
Stack: AggregateError [ECONNREFUSED]: 
    at C:\Users\ludin\Desktop\salidas\scanqueue\backend\node_modules\pg-pool\index.js:45:11
    at process.processTicksAndRejections (node:internal/process/task_queues:105:5)
    at async query (file:///C:/Users/ludin/Desktop/salidas/scanqueue/backend/src/config/database.js:25:18)
    at async Module.getScansToday (file:///C:/Users/ludin/Desktop/salidas/scanqueue/backend/src/models/Scan.js:23:15)
    at async Module.getScanStatistics (file:///C:/Users/ludin/Desktop/salidas/scanqueue/backend/src/services/ScanService.js:76:24)
    at async getDashboardStats (file:///C:/Users/ludin/Desktop/salidas/scanqueue/backend/src/controllers/DashboardController.js:12:19)
Path: /api/dashboard/stats

[2026-03-04T12:47:34.882Z] ERROR: 
Stack: AggregateError [ECONNREFUSED]: 
    at C:\Users\ludin\Desktop\salidas\scanqueue\backend\node_modules\pg-pool\index.js:45:11
    at process.processTicksAndRejections (node:internal/process/task_queues:105:5)
    at async query (file:///C:/Users/ludin/Desktop/salidas/scanqueue/backend/src/config/database.js:25:18)
    at async Module.getScansToday (file:///C:/Users/ludin/Desktop/salidas/scanqueue/backend/src/models/Scan.js:23:15)
    at async Module.getScanStatistics (file:///C:/Users/ludin/Desktop/salidas/scanqueue/backend/src/services/ScanService.js:76:24)
    at async getDashboardStats (file:///C:/Users/ludin/Desktop/salidas/scanqueue/backend/src/controllers/DashboardController.js:12:19)
Path: /api/dashboard/stats

[2026-03-04T12:47:34.916Z] ERROR: 
Stack: AggregateError [ECONNREFUSED]: 
    at C:\Users\ludin\Desktop\salidas\scanqueue\backend\node_modules\pg-pool\index.js:45:11
    at process.processTicksAndRejections (node:internal/process/task_queues:105:5)
    at async query (file:///C:/Users/ludin/Desktop/salidas/scanqueue/backend/src/config/database.js:25:18)
    at async Module.getScansToday (file:///C:/Users/ludin/Desktop/salidas/scanqueue/backend/src/models/Scan.js:23:15)
    at async getTodaySummary (file:///C:/Users/ludin/Desktop/salidas/scanqueue/backend/src/controllers/DashboardController.js:30:24)
Path: /api/dashboard/today

[2026-03-04T12:47:42.100Z] ERROR: 
Stack: AggregateError [ECONNREFUSED]: 
    at C:\Users\ludin\Desktop\salidas\scanqueue\backend\node_modules\pg-pool\index.js:45:11
    at process.processTicksAndRejections (node:internal/process/task_queues:105:5)
    at async query (file:///C:/Users/ludin/Desktop/salidas/scanqueue/backend/src/config/database.js:25:18)
    at async Module.getScansToday (file:///C:/Users/ludin/Desktop/salidas/scanqueue/backend/src/models/Scan.js:23:15)
    at async Module.getScanStatistics (file:///C:/Users/ludin/Desktop/salidas/scanqueue/backend/src/services/ScanService.js:76:24)
    at async getDashboardStats (file:///C:/Users/ludin/Desktop/salidas/scanqueue/backend/src/controllers/DashboardController.js:12:19)
Path: /api/dashboard/stats

[2026-03-04T12:47:42.104Z] ERROR: 
Stack: AggregateError [ECONNREFUSED]: 
    at C:\Users\ludin\Desktop\salidas\scanqueue\backend\node_modules\pg-pool\index.js:45:11
    at process.processTicksAndRejections (node:internal/process/task_queues:105:5)
    at async query (file:///C:/Users/ludin/Desktop/salidas/scanqueue/backend/src/config/database.js:25:18)
    at async Module.getScansToday (file:///C:/Users/ludin/Desktop/salidas/scanqueue/backend/src/models/Scan.js:23:15)
    at async getTodaySummary (file:///C:/Users/ludin/Desktop/salidas/scanqueue/backend/src/controllers/DashboardController.js:30:24)
Path: /api/dashboard/today

[2026-03-04T12:47:42.590Z] ERROR: 
Stack: AggregateError [ECONNREFUSED]: 
    at C:\Users\ludin\Desktop\salidas\scanqueue\backend\node_modules\pg-pool\index.js:45:11
    at process.processTicksAndRejections (node:internal/process/task_queues:105:5)
    at async query (file:///C:/Users/ludin/Desktop/salidas/scanqueue/backend/src/config/database.js:25:18)
    at async Module.getScansToday (file:///C:/Users/ludin/Desktop/salidas/scanqueue/backend/src/models/Scan.js:23:15)
    at async Module.getScanStatistics (file:///C:/Users/ludin/Desktop/salidas/scanqueue/backend/src/services/ScanService.js:76:24)
    at async getDashboardStats (file:///C:/Users/ludin/Desktop/salidas/scanqueue/backend/src/controllers/DashboardController.js:12:19)
Path: /api/dashboard/stats

[2026-03-04T12:47:42.596Z] ERROR: 
Stack: AggregateError [ECONNREFUSED]: 
    at C:\Users\ludin\Desktop\salidas\scanqueue\backend\node_modules\pg-pool\index.js:45:11
    at process.processTicksAndRejections (node:internal/process/task_queues:105:5)
    at async query (file:///C:/Users/ludin/Desktop/salidas/scanqueue/backend/src/config/database.js:25:18)
    at async Module.getScansToday (file:///C:/Users/ludin/Desktop/salidas/scanqueue/backend/src/models/Scan.js:23:15)
    at async getTodaySummary (file:///C:/Users/ludin/Desktop/salidas/scanqueue/backend/src/controllers/DashboardController.js:30:24)
Path: /api/dashboard/today

[2026-03-04T12:47:43.320Z] ERROR: 
Stack: AggregateError [ECONNREFUSED]: 
    at C:\Users\ludin\Desktop\salidas\scanqueue\backend\node_modules\pg-pool\index.js:45:11
    at process.processTicksAndRejections (node:internal/process/task_queues:105:5)
    at async query (file:///C:/Users/ludin/Desktop/salidas/scanqueue/backend/src/config/database.js:25:18)
    at async Module.getScansToday (file:///C:/Users/ludin/Desktop/salidas/scanqueue/backend/src/models/Scan.js:23:15)
    at async Module.getScanStatistics (file:///C:/Users/ludin/Desktop/salidas/scanqueue/backend/src/services/ScanService.js:76:24)
    at async getDashboardStats (file:///C:/Users/ludin/Desktop/salidas/scanqueue/backend/src/controllers/DashboardController.js:12:19)
Path: /api/dashboard/stats

[2026-03-04T12:47:43.346Z] ERROR: 
Stack: AggregateError [ECONNREFUSED]: 
    at C:\Users\ludin\Desktop\salidas\scanqueue\backend\node_modules\pg-pool\index.js:45:11
    at process.processTicksAndRejections (node:internal/process/task_queues:105:5)
    at async query (file:///C:/Users/ludin/Desktop/salidas/scanqueue/backend/src/config/database.js:25:18)
    at async Module.getScansToday (file:///C:/Users/ludin/Desktop/salidas/scanqueue/backend/src/models/Scan.js:23:15)
    at async getTodaySummary (file:///C:/Users/ludin/Desktop/salidas/scanqueue/backend/src/controllers/DashboardController.js:30:24)
Path: /api/dashboard/today

[2026-03-04T12:47:43.690Z] ERROR: 
Stack: AggregateError [ECONNREFUSED]: 
    at C:\Users\ludin\Desktop\salidas\scanqueue\backend\node_modules\pg-pool\index.js:45:11
    at process.processTicksAndRejections (node:internal/process/task_queues:105:5)
    at async query (file:///C:/Users/ludin/Desktop/salidas/scanqueue/backend/src/config/database.js:25:18)
    at async Module.getScansToday (file:///C:/Users/ludin/Desktop/salidas/scanqueue/backend/src/models/Scan.js:23:15)
    at async Module.getScanStatistics (file:///C:/Users/ludin/Desktop/salidas/scanqueue/backend/src/services/ScanService.js:76:24)
    at async getDashboardStats (file:///C:/Users/ludin/Desktop/salidas/scanqueue/backend/src/controllers/DashboardController.js:12:19)
Path: /api/dashboard/stats

[2026-03-04T12:47:43.694Z] ERROR: 
Stack: AggregateError [ECONNREFUSED]: 
    at C:\Users\ludin\Desktop\salidas\scanqueue\backend\node_modules\pg-pool\index.js:45:11
    at process.processTicksAndRejections (node:internal/process/task_queues:105:5)
    at async query (file:///C:/Users/ludin/Desktop/salidas/scanqueue/backend/src/config/database.js:25:18)
    at async Module.getScansToday (file:///C:/Users/ludin/Desktop/salidas/scanqueue/backend/src/models/Scan.js:23:15)
    at async getTodaySummary (file:///C:/Users/ludin/Desktop/salidas/scanqueue/backend/src/controllers/DashboardController.js:30:24)
Path: /api/dashboard/today

[2026-03-04T12:47:44.108Z] ERROR: 
Stack: AggregateError [ECONNREFUSED]: 
    at C:\Users\ludin\Desktop\salidas\scanqueue\backend\node_modules\pg-pool\index.js:45:11
    at process.processTicksAndRejections (node:internal/process/task_queues:105:5)
    at async query (file:///C:/Users/ludin/Desktop/salidas/scanqueue/backend/src/config/database.js:25:18)
    at async Module.getScansToday (file:///C:/Users/ludin/Desktop/salidas/scanqueue/backend/src/models/Scan.js:23:15)
    at async Module.getScanStatistics (file:///C:/Users/ludin/Desktop/salidas/scanqueue/backend/src/services/ScanService.js:76:24)
    at async getDashboardStats (file:///C:/Users/ludin/Desktop/salidas/scanqueue/backend/src/controllers/DashboardController.js:12:19)
Path: /api/dashboard/stats

[2026-03-04T12:47:44.133Z] ERROR: 
Stack: AggregateError [ECONNREFUSED]: 
    at C:\Users\ludin\Desktop\salidas\scanqueue\backend\node_modules\pg-pool\index.js:45:11
    at process.processTicksAndRejections (node:internal/process/task_queues:105:5)
    at async query (file:///C:/Users/ludin/Desktop/salidas/scanqueue/backend/src/config/database.js:25:18)
    at async Module.getScansToday (file:///C:/Users/ludin/Desktop/salidas/scanqueue/backend/src/models/Scan.js:23:15)
    at async getTodaySummary (file:///C:/Users/ludin/Desktop/salidas/scanqueue/backend/src/controllers/DashboardController.js:30:24)
Path: /api/dashboard/today

[2026-03-04T12:47:44.451Z] ERROR: 
Stack: AggregateError [ECONNREFUSED]: 
    at C:\Users\ludin\Desktop\salidas\scanqueue\backend\node_modules\pg-pool\index.js:45:11
    at process.processTicksAndRejections (node:internal/process/task_queues:105:5)
    at async query (file:///C:/Users/ludin/Desktop/salidas/scanqueue/backend/src/config/database.js:25:18)
    at async Module.getScansToday (file:///C:/Users/ludin/Desktop/salidas/scanqueue/backend/src/models/Scan.js:23:15)
    at async Module.getScanStatistics (file:///C:/Users/ludin/Desktop/salidas/scanqueue/backend/src/services/ScanService.js:76:24)
    at async getDashboardStats (file:///C:/Users/ludin/Desktop/salidas/scanqueue/backend/src/controllers/DashboardController.js:12:19)
Path: /api/dashboard/stats

[2026-03-04T12:47:44.454Z] ERROR: 
Stack: AggregateError [ECONNREFUSED]: 
    at C:\Users\ludin\Desktop\salidas\scanqueue\backend\node_modules\pg-pool\index.js:45:11
    at process.processTicksAndRejections (node:internal/process/task_queues:105:5)
    at async query (file:///C:/Users/ludin/Desktop/salidas/scanqueue/backend/src/config/database.js:25:18)
    at async Module.getScansToday (file:///C:/Users/ludin/Desktop/salidas/scanqueue/backend/src/models/Scan.js:23:15)
    at async getTodaySummary (file:///C:/Users/ludin/Desktop/salidas/scanqueue/backend/src/controllers/DashboardController.js:30:24)
Path: /api/dashboard/today

[2026-03-04T12:47:44.939Z] ERROR: 
Stack: AggregateError [ECONNREFUSED]: 
    at C:\Users\ludin\Desktop\salidas\scanqueue\backend\node_modules\pg-pool\index.js:45:11
    at process.processTicksAndRejections (node:internal/process/task_queues:105:5)
    at async query (file:///C:/Users/ludin/Desktop/salidas/scanqueue/backend/src/config/database.js:25:18)
    at async Module.getScansToday (file:///C:/Users/ludin/Desktop/salidas/scanqueue/backend/src/models/Scan.js:23:15)
    at async Module.getScanStatistics (file:///C:/Users/ludin/Desktop/salidas/scanqueue/backend/src/services/ScanService.js:76:24)
    at async getDashboardStats (file:///C:/Users/ludin/Desktop/salidas/scanqueue/backend/src/controllers/DashboardController.js:12:19)
Path: /api/dashboard/stats

[2026-03-04T12:47:45.015Z] ERROR: 
Stack: AggregateError [ECONNREFUSED]: 
    at C:\Users\ludin\Desktop\salidas\scanqueue\backend\node_modules\pg-pool\index.js:45:11
    at process.processTicksAndRejections (node:internal/process/task_queues:105:5)
    at async query (file:///C:/Users/ludin/Desktop/salidas/scanqueue/backend/src/config/database.js:25:18)
    at async Module.getScansToday (file:///C:/Users/ludin/Desktop/salidas/scanqueue/backend/src/models/Scan.js:23:15)
    at async getTodaySummary (file:///C:/Users/ludin/Desktop/salidas/scanqueue/backend/src/controllers/DashboardController.js:30:24)
Path: /api/dashboard/today

[2026-03-04T12:48:01.825Z] ERROR: 
Stack: AggregateError [ECONNREFUSED]: 
    at C:\Users\ludin\Desktop\salidas\scanqueue\backend\node_modules\pg-pool\index.js:45:11
    at process.processTicksAndRejections (node:internal/process/task_queues:105:5)
    at async query (file:///C:/Users/ludin/Desktop/salidas/scanqueue/backend/src/config/database.js:25:18)
    at async Module.getScansToday (file:///C:/Users/ludin/Desktop/salidas/scanqueue/backend/src/models/Scan.js:23:15)
    at async getTodaySummary (file:///C:/Users/ludin/Desktop/salidas/scanqueue/backend/src/controllers/DashboardController.js:30:24)
Path: /api/dashboard/today

[2026-03-04T12:48:01.831Z] ERROR: 
Stack: AggregateError [ECONNREFUSED]: 
    at C:\Users\ludin\Desktop\salidas\scanqueue\backend\node_modules\pg-pool\index.js:45:11
    at process.processTicksAndRejections (node:internal/process/task_queues:105:5)
    at async query (file:///C:/Users/ludin/Desktop/salidas/scanqueue/backend/src/config/database.js:25:18)
    at async Module.getScansToday (file:///C:/Users/ludin/Desktop/salidas/scanqueue/backend/src/models/Scan.js:23:15)
    at async Module.getScanStatistics (file:///C:/Users/ludin/Desktop/salidas/scanqueue/backend/src/services/ScanService.js:76:24)
    at async getDashboardStats (file:///C:/Users/ludin/Desktop/salidas/scanqueue/backend/src/controllers/DashboardController.js:12:19)
Path: /api/dashboard/stats

[2026-03-04T12:48:12.551Z] ERROR: 
Stack: AggregateError [ECONNREFUSED]: 
    at C:\Users\ludin\Desktop\salidas\scanqueue\backend\node_modules\pg-pool\index.js:45:11
    at process.processTicksAndRejections (node:internal/process/task_queues:105:5)
    at async query (file:///C:/Users/ludin/Desktop/salidas/scanqueue/backend/src/config/database.js:25:18)
    at async Module.getScansToday (file:///C:/Users/ludin/Desktop/salidas/scanqueue/backend/src/models/Scan.js:23:15)
    at async getTodaySummary (file:///C:/Users/ludin/Desktop/salidas/scanqueue/backend/src/controllers/DashboardController.js:30:24)
Path: /api/dashboard/today

[2026-03-04T12:48:12.559Z] ERROR: 
Stack: AggregateError [ECONNREFUSED]: 
    at C:\Users\ludin\Desktop\salidas\scanqueue\backend\node_modules\pg-pool\index.js:45:11
    at process.processTicksAndRejections (node:internal/process/task_queues:105:5)
    at async query (file:///C:/Users/ludin/Desktop/salidas/scanqueue/backend/src/config/database.js:25:18)
    at async Module.getScansToday (file:///C:/Users/ludin/Desktop/salidas/scanqueue/backend/src/models/Scan.js:23:15)
    at async Module.getScanStatistics (file:///C:/Users/ludin/Desktop/salidas/scanqueue/backend/src/services/ScanService.js:76:24)
    at async getDashboardStats (file:///C:/Users/ludin/Desktop/salidas/scanqueue/backend/src/controllers/DashboardController.js:12:19)
Path: /api/dashboard/stats

[2026-03-04T12:48:16.067Z] ERROR: 
Stack: AggregateError [ECONNREFUSED]: 
    at C:\Users\ludin\Desktop\salidas\scanqueue\backend\node_modules\pg-pool\index.js:45:11
    at process.processTicksAndRejections (node:internal/process/task_queues:105:5)
    at async query (file:///C:/Users/ludin/Desktop/salidas/scanqueue/backend/src/config/database.js:25:18)
    at async Module.getScansToday (file:///C:/Users/ludin/Desktop/salidas/scanqueue/backend/src/models/Scan.js:23:15)
    at async Module.getScanStatistics (file:///C:/Users/ludin/Desktop/salidas/scanqueue/backend/src/services/ScanService.js:76:24)
    at async getDashboardStats (file:///C:/Users/ludin/Desktop/salidas/scanqueue/backend/src/controllers/DashboardController.js:12:19)
Path: /api/dashboard/stats

[2026-03-04T12:48:16.072Z] ERROR: 
Stack: AggregateError [ECONNREFUSED]: 
    at C:\Users\ludin\Desktop\salidas\scanqueue\backend\node_modules\pg-pool\index.js:45:11
    at process.processTicksAndRejections (node:internal/process/task_queues:105:5)
    at async query (file:///C:/Users/ludin/Desktop/salidas/scanqueue/backend/src/config/database.js:25:18)
    at async Module.getScansToday (file:///C:/Users/ludin/Desktop/salidas/scanqueue/backend/src/models/Scan.js:23:15)
    at async getTodaySummary (file:///C:/Users/ludin/Desktop/salidas/scanqueue/backend/src/controllers/DashboardController.js:30:24)
Path: /api/dashboard/today

[2026-03-04T12:48:33.809Z] ERROR: 
Stack: AggregateError [ECONNREFUSED]: 
    at C:\Users\ludin\Desktop\salidas\scanqueue\backend\node_modules\pg-pool\index.js:45:11
    at process.processTicksAndRejections (node:internal/process/task_queues:105:5)
    at async query (file:///C:/Users/ludin/Desktop/salidas/scanqueue/backend/src/config/database.js:25:18)
    at async Module.getScansToday (file:///C:/Users/ludin/Desktop/salidas/scanqueue/backend/src/models/Scan.js:23:15)
    at async Module.getScanStatistics (file:///C:/Users/ludin/Desktop/salidas/scanqueue/backend/src/services/ScanService.js:76:24)
    at async getDashboardStats (file:///C:/Users/ludin/Desktop/salidas/scanqueue/backend/src/controllers/DashboardController.js:12:19)
Path: /api/dashboard/stats

[2026-03-04T12:48:33.818Z] ERROR: 
Stack: AggregateError [ECONNREFUSED]: 
    at C:\Users\ludin\Desktop\salidas\scanqueue\backend\node_modules\pg-pool\index.js:45:11
    at process.processTicksAndRejections (node:internal/process/task_queues:105:5)
    at async query (file:///C:/Users/ludin/Desktop/salidas/scanqueue/backend/src/config/database.js:25:18)
    at async Module.getScansToday (file:///C:/Users/ludin/Desktop/salidas/scanqueue/backend/src/models/Scan.js:23:15)
    at async getTodaySummary (file:///C:/Users/ludin/Desktop/salidas/scanqueue/backend/src/controllers/DashboardController.js:30:24)
Path: /api/dashboard/today

[2026-03-04T12:48:34.389Z] ERROR: 
Stack: AggregateError [ECONNREFUSED]: 
    at C:\Users\ludin\Desktop\salidas\scanqueue\backend\node_modules\pg-pool\index.js:45:11
    at process.processTicksAndRejections (node:internal/process/task_queues:105:5)
    at async query (file:///C:/Users/ludin/Desktop/salidas/scanqueue/backend/src/config/database.js:25:18)
    at async Module.getScansToday (file:///C:/Users/ludin/Desktop/salidas/scanqueue/backend/src/models/Scan.js:23:15)
    at async Module.getScanStatistics (file:///C:/Users/ludin/Desktop/salidas/scanqueue/backend/src/services/ScanService.js:76:24)
    at async getDashboardStats (file:///C:/Users/ludin/Desktop/salidas/scanqueue/backend/src/controllers/DashboardController.js:12:19)
Path: /api/dashboard/stats

[2026-03-04T12:48:34.396Z] ERROR: 
Stack: AggregateError [ECONNREFUSED]: 
    at C:\Users\ludin\Desktop\salidas\scanqueue\backend\node_modules\pg-pool\index.js:45:11
    at process.processTicksAndRejections (node:internal/process/task_queues:105:5)
    at async query (file:///C:/Users/ludin/Desktop/salidas/scanqueue/backend/src/config/database.js:25:18)
    at async Module.getScansToday (file:///C:/Users/ludin/Desktop/salidas/scanqueue/backend/src/models/Scan.js:23:15)
    at async getTodaySummary (file:///C:/Users/ludin/Desktop/salidas/scanqueue/backend/src/controllers/DashboardController.js:30:24)
Path: /api/dashboard/today

[2026-03-04T12:48:34.936Z] ERROR: 
Stack: AggregateError [ECONNREFUSED]: 
    at C:\Users\ludin\Desktop\salidas\scanqueue\backend\node_modules\pg-pool\index.js:45:11
    at process.processTicksAndRejections (node:internal/process/task_queues:105:5)
    at async query (file:///C:/Users/ludin/Desktop/salidas/scanqueue/backend/src/config/database.js:25:18)
    at async Module.getScansToday (file:///C:/Users/ludin/Desktop/salidas/scanqueue/backend/src/models/Scan.js:23:15)
    at async Module.getScanStatistics (file:///C:/Users/ludin/Desktop/salidas/scanqueue/backend/src/services/ScanService.js:76:24)
    at async getDashboardStats (file:///C:/Users/ludin/Desktop/salidas/scanqueue/backend/src/controllers/DashboardController.js:12:19)
Path: /api/dashboard/stats

[2026-03-04T12:48:34.942Z] ERROR: 
Stack: AggregateError [ECONNREFUSED]: 
    at C:\Users\ludin\Desktop\salidas\scanqueue\backend\node_modules\pg-pool\index.js:45:11
    at process.processTicksAndRejections (node:internal/process/task_queues:105:5)
    at async query (file:///C:/Users/ludin/Desktop/salidas/scanqueue/backend/src/config/database.js:25:18)
    at async Module.getScansToday (file:///C:/Users/ludin/Desktop/salidas/scanqueue/backend/src/models/Scan.js:23:15)
    at async getTodaySummary (file:///C:/Users/ludin/Desktop/salidas/scanqueue/backend/src/controllers/DashboardController.js:30:24)
Path: /api/dashboard/today

[2026-03-04T12:48:35.569Z] ERROR: 
Stack: AggregateError [ECONNREFUSED]: 
    at C:\Users\ludin\Desktop\salidas\scanqueue\backend\node_modules\pg-pool\index.js:45:11
    at process.processTicksAndRejections (node:internal/process/task_queues:105:5)
    at async query (file:///C:/Users/ludin/Desktop/salidas/scanqueue/backend/src/config/database.js:25:18)
    at async Module.getScansToday (file:///C:/Users/ludin/Desktop/salidas/scanqueue/backend/src/models/Scan.js:23:15)
    at async Module.getScanStatistics (file:///C:/Users/ludin/Desktop/salidas/scanqueue/backend/src/services/ScanService.js:76:24)
    at async getDashboardStats (file:///C:/Users/ludin/Desktop/salidas/scanqueue/backend/src/controllers/DashboardController.js:12:19)
Path: /api/dashboard/stats

[2026-03-04T12:48:35.574Z] ERROR: 
Stack: AggregateError [ECONNREFUSED]: 
    at C:\Users\ludin\Desktop\salidas\scanqueue\backend\node_modules\pg-pool\index.js:45:11
    at process.processTicksAndRejections (node:internal/process/task_queues:105:5)
    at async query (file:///C:/Users/ludin/Desktop/salidas/scanqueue/backend/src/config/database.js:25:18)
    at async Module.getScansToday (file:///C:/Users/ludin/Desktop/salidas/scanqueue/backend/src/models/Scan.js:23:15)
    at async getTodaySummary (file:///C:/Users/ludin/Desktop/salidas/scanqueue/backend/src/controllers/DashboardController.js:30:24)
Path: /api/dashboard/today

[2026-03-04T12:48:36.072Z] ERROR: 
Stack: AggregateError [ECONNREFUSED]: 
    at C:\Users\ludin\Desktop\salidas\scanqueue\backend\node_modules\pg-pool\index.js:45:11
    at process.processTicksAndRejections (node:internal/process/task_queues:105:5)
    at async query (file:///C:/Users/ludin/Desktop/salidas/scanqueue/backend/src/config/database.js:25:18)
    at async Module.getScansToday (file:///C:/Users/ludin/Desktop/salidas/scanqueue/backend/src/models/Scan.js:23:15)
    at async Module.getScanStatistics (file:///C:/Users/ludin/Desktop/salidas/scanqueue/backend/src/services/ScanService.js:76:24)
    at async getDashboardStats (file:///C:/Users/ludin/Desktop/salidas/scanqueue/backend/src/controllers/DashboardController.js:12:19)
Path: /api/dashboard/stats

[2026-03-04T12:48:36.079Z] ERROR: 
Stack: AggregateError [ECONNREFUSED]: 
    at C:\Users\ludin\Desktop\salidas\scanqueue\backend\node_modules\pg-pool\index.js:45:11
    at process.processTicksAndRejections (node:internal/process/task_queues:105:5)
    at async query (file:///C:/Users/ludin/Desktop/salidas/scanqueue/backend/src/config/database.js:25:18)
    at async Module.getScansToday (file:///C:/Users/ludin/Desktop/salidas/scanqueue/backend/src/models/Scan.js:23:15)
    at async getTodaySummary (file:///C:/Users/ludin/Desktop/salidas/scanqueue/backend/src/controllers/DashboardController.js:30:24)
Path: /api/dashboard/today

[2026-03-04T12:48:50.661Z] ERROR: 
Stack: AggregateError [ECONNREFUSED]: 
    at C:\Users\ludin\Desktop\salidas\scanqueue\backend\node_modules\pg-pool\index.js:45:11
    at process.processTicksAndRejections (node:internal/process/task_queues:105:5)
    at async query (file:///C:/Users/ludin/Desktop/salidas/scanqueue/backend/src/config/database.js:25:18)
    at async Module.getScansToday (file:///C:/Users/ludin/Desktop/salidas/scanqueue/backend/src/models/Scan.js:23:15)
    at async Module.getScanStatistics (file:///C:/Users/ludin/Desktop/salidas/scanqueue/backend/src/services/ScanService.js:76:24)
    at async getDashboardStats (file:///C:/Users/ludin/Desktop/salidas/scanqueue/backend/src/controllers/DashboardController.js:12:19)
Path: /api/dashboard/stats

[2026-03-04T12:48:50.668Z] ERROR: 
Stack: AggregateError [ECONNREFUSED]: 
    at C:\Users\ludin\Desktop\salidas\scanqueue\backend\node_modules\pg-pool\index.js:45:11
    at process.processTicksAndRejections (node:internal/process/task_queues:105:5)
    at async query (file:///C:/Users/ludin/Desktop/salidas/scanqueue/backend/src/config/database.js:25:18)
    at async Module.getScansToday (file:///C:/Users/ludin/Desktop/salidas/scanqueue/backend/src/models/Scan.js:23:15)
    at async getTodaySummary (file:///C:/Users/ludin/Desktop/salidas/scanqueue/backend/src/controllers/DashboardController.js:30:24)
Path: /api/dashboard/today

[2026-03-04T12:48:51.051Z] ERROR: 
Stack: AggregateError [ECONNREFUSED]: 
    at C:\Users\ludin\Desktop\salidas\scanqueue\backend\node_modules\pg-pool\index.js:45:11
    at process.processTicksAndRejections (node:internal/process/task_queues:105:5)
    at async query (file:///C:/Users/ludin/Desktop/salidas/scanqueue/backend/src/config/database.js:25:18)
    at async Module.getScansToday (file:///C:/Users/ludin/Desktop/salidas/scanqueue/backend/src/models/Scan.js:23:15)
    at async Module.getScanStatistics (file:///C:/Users/ludin/Desktop/salidas/scanqueue/backend/src/services/ScanService.js:76:24)
    at async getDashboardStats (file:///C:/Users/ludin/Desktop/salidas/scanqueue/backend/src/controllers/DashboardController.js:12:19)
Path: /api/dashboard/stats

[2026-03-04T12:48:51.053Z] ERROR: 
Stack: AggregateError [ECONNREFUSED]: 
    at C:\Users\ludin\Desktop\salidas\scanqueue\backend\node_modules\pg-pool\index.js:45:11
    at process.processTicksAndRejections (node:internal/process/task_queues:105:5)
    at async query (file:///C:/Users/ludin/Desktop/salidas/scanqueue/backend/src/config/database.js:25:18)
    at async Module.getScansToday (file:///C:/Users/ludin/Desktop/salidas/scanqueue/backend/src/models/Scan.js:23:15)
    at async getTodaySummary (file:///C:/Users/ludin/Desktop/salidas/scanqueue/backend/src/controllers/DashboardController.js:30:24)
Path: /api/dashboard/today

[2026-03-04T12:48:54.503Z] ERROR: 
Stack: AggregateError [ECONNREFUSED]: 
    at C:\Users\ludin\Desktop\salidas\scanqueue\backend\node_modules\pg-pool\index.js:45:11
    at process.processTicksAndRejections (node:internal/process/task_queues:105:5)
    at async query (file:///C:/Users/ludin/Desktop/salidas/scanqueue/backend/src/config/database.js:25:18)
    at async Module.getScansToday (file:///C:/Users/ludin/Desktop/salidas/scanqueue/backend/src/models/Scan.js:23:15)
    at async Module.getScanStatistics (file:///C:/Users/ludin/Desktop/salidas/scanqueue/backend/src/services/ScanService.js:76:24)
    at async getDashboardStats (file:///C:/Users/ludin/Desktop/salidas/scanqueue/backend/src/controllers/DashboardController.js:12:19)
Path: /api/dashboard/stats

[2026-03-04T12:48:54.510Z] ERROR: 
Stack: AggregateError [ECONNREFUSED]: 
    at C:\Users\ludin\Desktop\salidas\scanqueue\backend\node_modules\pg-pool\index.js:45:11
    at process.processTicksAndRejections (node:internal/process/task_queues:105:5)
    at async query (file:///C:/Users/ludin/Desktop/salidas/scanqueue/backend/src/config/database.js:25:18)
    at async Module.getScansToday (file:///C:/Users/ludin/Desktop/salidas/scanqueue/backend/src/models/Scan.js:23:15)
    at async getTodaySummary (file:///C:/Users/ludin/Desktop/salidas/scanqueue/backend/src/controllers/DashboardController.js:30:24)
Path: /api/dashboard/today

[2026-03-04T12:48:55.159Z] ERROR: 
Stack: AggregateError [ECONNREFUSED]: 
    at C:\Users\ludin\Desktop\salidas\scanqueue\backend\node_modules\pg-pool\index.js:45:11
    at process.processTicksAndRejections (node:internal/process/task_queues:105:5)
    at async query (file:///C:/Users/ludin/Desktop/salidas/scanqueue/backend/src/config/database.js:25:18)
    at async Module.getScansToday (file:///C:/Users/ludin/Desktop/salidas/scanqueue/backend/src/models/Scan.js:23:15)
    at async Module.getScanStatistics (file:///C:/Users/ludin/Desktop/salidas/scanqueue/backend/src/services/ScanService.js:76:24)
    at async getDashboardStats (file:///C:/Users/ludin/Desktop/salidas/scanqueue/backend/src/controllers/DashboardController.js:12:19)
Path: /api/dashboard/stats

[2026-03-04T12:48:55.165Z] ERROR: 
Stack: AggregateError [ECONNREFUSED]: 
    at C:\Users\ludin\Desktop\salidas\scanqueue\backend\node_modules\pg-pool\index.js:45:11
    at process.processTicksAndRejections (node:internal/process/task_queues:105:5)
    at async query (file:///C:/Users/ludin/Desktop/salidas/scanqueue/backend/src/config/database.js:25:18)
    at async Module.getScansToday (file:///C:/Users/ludin/Desktop/salidas/scanqueue/backend/src/models/Scan.js:23:15)
    at async getTodaySummary (file:///C:/Users/ludin/Desktop/salidas/scanqueue/backend/src/controllers/DashboardController.js:30:24)
Path: /api/dashboard/today

[2026-03-04T12:48:57.890Z] ERROR: 
Stack: AggregateError [ECONNREFUSED]: 
    at C:\Users\ludin\Desktop\salidas\scanqueue\backend\node_modules\pg-pool\index.js:45:11
    at process.processTicksAndRejections (node:internal/process/task_queues:105:5)
    at async query (file:///C:/Users/ludin/Desktop/salidas/scanqueue/backend/src/config/database.js:25:18)
    at async Module.getScansToday (file:///C:/Users/ludin/Desktop/salidas/scanqueue/backend/src/models/Scan.js:23:15)
    at async Module.getScanStatistics (file:///C:/Users/ludin/Desktop/salidas/scanqueue/backend/src/services/ScanService.js:76:24)
    at async getDashboardStats (file:///C:/Users/ludin/Desktop/salidas/scanqueue/backend/src/controllers/DashboardController.js:12:19)
Path: /api/dashboard/stats

[2026-03-04T12:48:57.893Z] ERROR: 
Stack: AggregateError [ECONNREFUSED]: 
    at C:\Users\ludin\Desktop\salidas\scanqueue\backend\node_modules\pg-pool\index.js:45:11
    at process.processTicksAndRejections (node:internal/process/task_queues:105:5)
    at async query (file:///C:/Users/ludin/Desktop/salidas/scanqueue/backend/src/config/database.js:25:18)
    at async Module.getScansToday (file:///C:/Users/ludin/Desktop/salidas/scanqueue/backend/src/models/Scan.js:23:15)
    at async getTodaySummary (file:///C:/Users/ludin/Desktop/salidas/scanqueue/backend/src/controllers/DashboardController.js:30:24)
Path: /api/dashboard/today

[2026-03-04T12:48:58.603Z] ERROR: 
Stack: AggregateError [ECONNREFUSED]: 
    at C:\Users\ludin\Desktop\salidas\scanqueue\backend\node_modules\pg-pool\index.js:45:11
    at process.processTicksAndRejections (node:internal/process/task_queues:105:5)
    at async query (file:///C:/Users/ludin/Desktop/salidas/scanqueue/backend/src/config/database.js:25:18)
    at async Module.getScansToday (file:///C:/Users/ludin/Desktop/salidas/scanqueue/backend/src/models/Scan.js:23:15)
    at async Module.getScanStatistics (file:///C:/Users/ludin/Desktop/salidas/scanqueue/backend/src/services/ScanService.js:76:24)
    at async getDashboardStats (file:///C:/Users/ludin/Desktop/salidas/scanqueue/backend/src/controllers/DashboardController.js:12:19)
Path: /api/dashboard/stats

[2026-03-04T12:48:58.608Z] ERROR: 
Stack: AggregateError [ECONNREFUSED]: 
    at C:\Users\ludin\Desktop\salidas\scanqueue\backend\node_modules\pg-pool\index.js:45:11
    at process.processTicksAndRejections (node:internal/process/task_queues:105:5)
    at async query (file:///C:/Users/ludin/Desktop/salidas/scanqueue/backend/src/config/database.js:25:18)
    at async Module.getScansToday (file:///C:/Users/ludin/Desktop/salidas/scanqueue/backend/src/models/Scan.js:23:15)
    at async getTodaySummary (file:///C:/Users/ludin/Desktop/salidas/scanqueue/backend/src/controllers/DashboardController.js:30:24)
Path: /api/dashboard/today

[2026-03-04T12:48:59.119Z] ERROR: 
Stack: AggregateError [ECONNREFUSED]: 
    at C:\Users\ludin\Desktop\salidas\scanqueue\backend\node_modules\pg-pool\index.js:45:11
    at process.processTicksAndRejections (node:internal/process/task_queues:105:5)
    at async query (file:///C:/Users/ludin/Desktop/salidas/scanqueue/backend/src/config/database.js:25:18)
    at async Module.getScansToday (file:///C:/Users/ludin/Desktop/salidas/scanqueue/backend/src/models/Scan.js:23:15)
    at async Module.getScanStatistics (file:///C:/Users/ludin/Desktop/salidas/scanqueue/backend/src/services/ScanService.js:76:24)
    at async getDashboardStats (file:///C:/Users/ludin/Desktop/salidas/scanqueue/backend/src/controllers/DashboardController.js:12:19)
Path: /api/dashboard/stats

[2026-03-04T12:48:59.124Z] ERROR: 
Stack: AggregateError [ECONNREFUSED]: 
    at C:\Users\ludin\Desktop\salidas\scanqueue\backend\node_modules\pg-pool\index.js:45:11
    at process.processTicksAndRejections (node:internal/process/task_queues:105:5)
    at async query (file:///C:/Users/ludin/Desktop/salidas/scanqueue/backend/src/config/database.js:25:18)
    at async Module.getScansToday (file:///C:/Users/ludin/Desktop/salidas/scanqueue/backend/src/models/Scan.js:23:15)
    at async getTodaySummary (file:///C:/Users/ludin/Desktop/salidas/scanqueue/backend/src/controllers/DashboardController.js:30:24)
Path: /api/dashboard/today

[2026-03-04T12:49:07.686Z] ERROR: 
Stack: AggregateError [ECONNREFUSED]: 
    at C:\Users\ludin\Desktop\salidas\scanqueue\backend\node_modules\pg-pool\index.js:45:11
    at process.processTicksAndRejections (node:internal/process/task_queues:105:5)
    at async query (file:///C:/Users/ludin/Desktop/salidas/scanqueue/backend/src/config/database.js:25:18)
    at async Module.getScansToday (file:///C:/Users/ludin/Desktop/salidas/scanqueue/backend/src/models/Scan.js:23:15)
    at async Module.getScanStatistics (file:///C:/Users/ludin/Desktop/salidas/scanqueue/backend/src/services/ScanService.js:76:24)
    at async getDashboardStats (file:///C:/Users/ludin/Desktop/salidas/scanqueue/backend/src/controllers/DashboardController.js:12:19)
Path: /api/dashboard/stats

[2026-03-04T12:49:07.689Z] ERROR: 
Stack: AggregateError [ECONNREFUSED]: 
    at C:\Users\ludin\Desktop\salidas\scanqueue\backend\node_modules\pg-pool\index.js:45:11
    at process.processTicksAndRejections (node:internal/process/task_queues:105:5)
    at async query (file:///C:/Users/ludin/Desktop/salidas/scanqueue/backend/src/config/database.js:25:18)
    at async Module.getScansToday (file:///C:/Users/ludin/Desktop/salidas/scanqueue/backend/src/models/Scan.js:23:15)
    at async getTodaySummary (file:///C:/Users/ludin/Desktop/salidas/scanqueue/backend/src/controllers/DashboardController.js:30:24)
Path: /api/dashboard/today

[2026-03-04T12:49:08.192Z] ERROR: 
Stack: AggregateError [ECONNREFUSED]: 
    at C:\Users\ludin\Desktop\salidas\scanqueue\backend\node_modules\pg-pool\index.js:45:11
    at process.processTicksAndRejections (node:internal/process/task_queues:105:5)
    at async query (file:///C:/Users/ludin/Desktop/salidas/scanqueue/backend/src/config/database.js:25:18)
    at async Module.getScansToday (file:///C:/Users/ludin/Desktop/salidas/scanqueue/backend/src/models/Scan.js:23:15)
    at async Module.getScanStatistics (file:///C:/Users/ludin/Desktop/salidas/scanqueue/backend/src/services/ScanService.js:76:24)
    at async getDashboardStats (file:///C:/Users/ludin/Desktop/salidas/scanqueue/backend/src/controllers/DashboardController.js:12:19)
Path: /api/dashboard/stats

[2026-03-04T12:49:08.195Z] ERROR: 
Stack: AggregateError [ECONNREFUSED]: 
    at C:\Users\ludin\Desktop\salidas\scanqueue\backend\node_modules\pg-pool\index.js:45:11
    at process.processTicksAndRejections (node:internal/process/task_queues:105:5)
    at async query (file:///C:/Users/ludin/Desktop/salidas/scanqueue/backend/src/config/database.js:25:18)
    at async Module.getScansToday (file:///C:/Users/ludin/Desktop/salidas/scanqueue/backend/src/models/Scan.js:23:15)
    at async getTodaySummary (file:///C:/Users/ludin/Desktop/salidas/scanqueue/backend/src/controllers/DashboardController.js:30:24)
Path: /api/dashboard/today

[2026-03-04T12:49:09.791Z] ERROR: 
Stack: AggregateError [ECONNREFUSED]: 
    at C:\Users\ludin\Desktop\salidas\scanqueue\backend\node_modules\pg-pool\index.js:45:11
    at process.processTicksAndRejections (node:internal/process/task_queues:105:5)
    at async query (file:///C:/Users/ludin/Desktop/salidas/scanqueue/backend/src/config/database.js:25:18)
    at async Module.getScansToday (file:///C:/Users/ludin/Desktop/salidas/scanqueue/backend/src/models/Scan.js:23:15)
    at async Module.getScanStatistics (file:///C:/Users/ludin/Desktop/salidas/scanqueue/backend/src/services/ScanService.js:76:24)
    at async getDashboardStats (file:///C:/Users/ludin/Desktop/salidas/scanqueue/backend/src/controllers/DashboardController.js:12:19)
Path: /api/dashboard/stats

[2026-03-04T12:49:09.793Z] ERROR: 
Stack: AggregateError [ECONNREFUSED]: 
    at C:\Users\ludin\Desktop\salidas\scanqueue\backend\node_modules\pg-pool\index.js:45:11
    at process.processTicksAndRejections (node:internal/process/task_queues:105:5)
    at async query (file:///C:/Users/ludin/Desktop/salidas/scanqueue/backend/src/config/database.js:25:18)
    at async Module.getScansToday (file:///C:/Users/ludin/Desktop/salidas/scanqueue/backend/src/models/Scan.js:23:15)
    at async getTodaySummary (file:///C:/Users/ludin/Desktop/salidas/scanqueue/backend/src/controllers/DashboardController.js:30:24)
Path: /api/dashboard/today

[2026-03-04T12:49:10.266Z] ERROR: 
Stack: AggregateError [ECONNREFUSED]: 
    at C:\Users\ludin\Desktop\salidas\scanqueue\backend\node_modules\pg-pool\index.js:45:11
    at process.processTicksAndRejections (node:internal/process/task_queues:105:5)
    at async query (file:///C:/Users/ludin/Desktop/salidas/scanqueue/backend/src/config/database.js:25:18)
    at async Module.getScansToday (file:///C:/Users/ludin/Desktop/salidas/scanqueue/backend/src/models/Scan.js:23:15)
    at async Module.getScanStatistics (file:///C:/Users/ludin/Desktop/salidas/scanqueue/backend/src/services/ScanService.js:76:24)
    at async getDashboardStats (file:///C:/Users/ludin/Desktop/salidas/scanqueue/backend/src/controllers/DashboardController.js:12:19)
Path: /api/dashboard/stats

[2026-03-04T12:49:10.269Z] ERROR: 
Stack: AggregateError [ECONNREFUSED]: 
    at C:\Users\ludin\Desktop\salidas\scanqueue\backend\node_modules\pg-pool\index.js:45:11
    at process.processTicksAndRejections (node:internal/process/task_queues:105:5)
    at async query (file:///C:/Users/ludin/Desktop/salidas/scanqueue/backend/src/config/database.js:25:18)
    at async Module.getScansToday (file:///C:/Users/ludin/Desktop/salidas/scanqueue/backend/src/models/Scan.js:23:15)
    at async getTodaySummary (file:///C:/Users/ludin/Desktop/salidas/scanqueue/backend/src/controllers/DashboardController.js:30:24)
Path: /api/dashboard/today

[2026-03-04T12:49:15.334Z] ERROR: 
Stack: AggregateError [ECONNREFUSED]: 
    at C:\Users\ludin\Desktop\salidas\scanqueue\backend\node_modules\pg-pool\index.js:45:11
    at process.processTicksAndRejections (node:internal/process/task_queues:105:5)
    at async query (file:///C:/Users/ludin/Desktop/salidas/scanqueue/backend/src/config/database.js:25:18)
    at async Module.getScansToday (file:///C:/Users/ludin/Desktop/salidas/scanqueue/backend/src/models/Scan.js:23:15)
    at async Module.getScanStatistics (file:///C:/Users/ludin/Desktop/salidas/scanqueue/backend/src/services/ScanService.js:76:24)
    at async getDashboardStats (file:///C:/Users/ludin/Desktop/salidas/scanqueue/backend/src/controllers/DashboardController.js:12:19)
Path: /api/dashboard/stats

[2026-03-04T12:49:15.337Z] ERROR: 
Stack: AggregateError [ECONNREFUSED]: 
    at C:\Users\ludin\Desktop\salidas\scanqueue\backend\node_modules\pg-pool\index.js:45:11
    at process.processTicksAndRejections (node:internal/process/task_queues:105:5)
    at async query (file:///C:/Users/ludin/Desktop/salidas/scanqueue/backend/src/config/database.js:25:18)
    at async Module.getScansToday (file:///C:/Users/ludin/Desktop/salidas/scanqueue/backend/src/models/Scan.js:23:15)
    at async getTodaySummary (file:///C:/Users/ludin/Desktop/salidas/scanqueue/backend/src/controllers/DashboardController.js:30:24)
Path: /api/dashboard/today

[2026-03-04T12:49:15.812Z] ERROR: 
Stack: AggregateError [ECONNREFUSED]: 
    at C:\Users\ludin\Desktop\salidas\scanqueue\backend\node_modules\pg-pool\index.js:45:11
    at process.processTicksAndRejections (node:internal/process/task_queues:105:5)
    at async query (file:///C:/Users/ludin/Desktop/salidas/scanqueue/backend/src/config/database.js:25:18)
    at async Module.getScansToday (file:///C:/Users/ludin/Desktop/salidas/scanqueue/backend/src/models/Scan.js:23:15)
    at async Module.getScanStatistics (file:///C:/Users/ludin/Desktop/salidas/scanqueue/backend/src/services/ScanService.js:76:24)
    at async getDashboardStats (file:///C:/Users/ludin/Desktop/salidas/scanqueue/backend/src/controllers/DashboardController.js:12:19)
Path: /api/dashboard/stats

[2026-03-04T12:49:15.814Z] ERROR: 
Stack: AggregateError [ECONNREFUSED]: 
    at C:\Users\ludin\Desktop\salidas\scanqueue\backend\node_modules\pg-pool\index.js:45:11
    at process.processTicksAndRejections (node:internal/process/task_queues:105:5)
    at async query (file:///C:/Users/ludin/Desktop/salidas/scanqueue/backend/src/config/database.js:25:18)
    at async Module.getScansToday (file:///C:/Users/ludin/Desktop/salidas/scanqueue/backend/src/models/Scan.js:23:15)
    at async getTodaySummary (file:///C:/Users/ludin/Desktop/salidas/scanqueue/backend/src/controllers/DashboardController.js:30:24)
Path: /api/dashboard/today

[2026-03-04T12:49:16.347Z] ERROR: 
Stack: AggregateError [ECONNREFUSED]: 
    at C:\Users\ludin\Desktop\salidas\scanqueue\backend\node_modules\pg-pool\index.js:45:11
    at process.processTicksAndRejections (node:internal/process/task_queues:105:5)
    at async query (file:///C:/Users/ludin/Desktop/salidas/scanqueue/backend/src/config/database.js:25:18)
    at async Module.getScansToday (file:///C:/Users/ludin/Desktop/salidas/scanqueue/backend/src/models/Scan.js:23:15)
    at async Module.getScanStatistics (file:///C:/Users/ludin/Desktop/salidas/scanqueue/backend/src/services/ScanService.js:76:24)
    at async getDashboardStats (file:///C:/Users/ludin/Desktop/salidas/scanqueue/backend/src/controllers/DashboardController.js:12:19)
Path: /api/dashboard/stats

[2026-03-04T12:49:16.350Z] ERROR: 
Stack: AggregateError [ECONNREFUSED]: 
    at C:\Users\ludin\Desktop\salidas\scanqueue\backend\node_modules\pg-pool\index.js:45:11
    at process.processTicksAndRejections (node:internal/process/task_queues:105:5)
    at async query (file:///C:/Users/ludin/Desktop/salidas/scanqueue/backend/src/config/database.js:25:18)
    at async Module.getScansToday (file:///C:/Users/ludin/Desktop/salidas/scanqueue/backend/src/models/Scan.js:23:15)
    at async getTodaySummary (file:///C:/Users/ludin/Desktop/salidas/scanqueue/backend/src/controllers/DashboardController.js:30:24)
Path: /api/dashboard/today

[2026-03-04T12:49:16.775Z] ERROR: 
Stack: AggregateError [ECONNREFUSED]: 
    at C:\Users\ludin\Desktop\salidas\scanqueue\backend\node_modules\pg-pool\index.js:45:11
    at process.processTicksAndRejections (node:internal/process/task_queues:105:5)
    at async query (file:///C:/Users/ludin/Desktop/salidas/scanqueue/backend/src/config/database.js:25:18)
    at async Module.getScansToday (file:///C:/Users/ludin/Desktop/salidas/scanqueue/backend/src/models/Scan.js:23:15)
    at async Module.getScanStatistics (file:///C:/Users/ludin/Desktop/salidas/scanqueue/backend/src/services/ScanService.js:76:24)
    at async getDashboardStats (file:///C:/Users/ludin/Desktop/salidas/scanqueue/backend/src/controllers/DashboardController.js:12:19)
Path: /api/dashboard/stats

[2026-03-04T12:49:16.778Z] ERROR: 
Stack: AggregateError [ECONNREFUSED]: 
    at C:\Users\ludin\Desktop\salidas\scanqueue\backend\node_modules\pg-pool\index.js:45:11
    at process.processTicksAndRejections (node:internal/process/task_queues:105:5)
    at async query (file:///C:/Users/ludin/Desktop/salidas/scanqueue/backend/src/config/database.js:25:18)
    at async Module.getScansToday (file:///C:/Users/ludin/Desktop/salidas/scanqueue/backend/src/models/Scan.js:23:15)
    at async getTodaySummary (file:///C:/Users/ludin/Desktop/salidas/scanqueue/backend/src/controllers/DashboardController.js:30:24)
Path: /api/dashboard/today

[2026-03-04T12:49:17.357Z] ERROR: 
Stack: AggregateError [ECONNREFUSED]: 
    at C:\Users\ludin\Desktop\salidas\scanqueue\backend\node_modules\pg-pool\index.js:45:11
    at process.processTicksAndRejections (node:internal/process/task_queues:105:5)
    at async query (file:///C:/Users/ludin/Desktop/salidas/scanqueue/backend/src/config/database.js:25:18)
    at async Module.getScansToday (file:///C:/Users/ludin/Desktop/salidas/scanqueue/backend/src/models/Scan.js:23:15)
    at async Module.getScanStatistics (file:///C:/Users/ludin/Desktop/salidas/scanqueue/backend/src/services/ScanService.js:76:24)
    at async getDashboardStats (file:///C:/Users/ludin/Desktop/salidas/scanqueue/backend/src/controllers/DashboardController.js:12:19)
Path: /api/dashboard/stats

[2026-03-04T12:49:17.360Z] ERROR: 
Stack: AggregateError [ECONNREFUSED]: 
    at C:\Users\ludin\Desktop\salidas\scanqueue\backend\node_modules\pg-pool\index.js:45:11
    at process.processTicksAndRejections (node:internal/process/task_queues:105:5)
    at async query (file:///C:/Users/ludin/Desktop/salidas/scanqueue/backend/src/config/database.js:25:18)
    at async Module.getScansToday (file:///C:/Users/ludin/Desktop/salidas/scanqueue/backend/src/models/Scan.js:23:15)
    at async getTodaySummary (file:///C:/Users/ludin/Desktop/salidas/scanqueue/backend/src/controllers/DashboardController.js:30:24)
Path: /api/dashboard/today

[2026-03-04T12:49:17.884Z] ERROR: 
Stack: AggregateError [ECONNREFUSED]: 
    at C:\Users\ludin\Desktop\salidas\scanqueue\backend\node_modules\pg-pool\index.js:45:11
    at process.processTicksAndRejections (node:internal/process/task_queues:105:5)
    at async query (file:///C:/Users/ludin/Desktop/salidas/scanqueue/backend/src/config/database.js:25:18)
    at async Module.getScansToday (file:///C:/Users/ludin/Desktop/salidas/scanqueue/backend/src/models/Scan.js:23:15)
    at async Module.getScanStatistics (file:///C:/Users/ludin/Desktop/salidas/scanqueue/backend/src/services/ScanService.js:76:24)
    at async getDashboardStats (file:///C:/Users/ludin/Desktop/salidas/scanqueue/backend/src/controllers/DashboardController.js:12:19)
Path: /api/dashboard/stats

[2026-03-04T12:49:17.887Z] ERROR: 
Stack: AggregateError [ECONNREFUSED]: 
    at C:\Users\ludin\Desktop\salidas\scanqueue\backend\node_modules\pg-pool\index.js:45:11
    at process.processTicksAndRejections (node:internal/process/task_queues:105:5)
    at async query (file:///C:/Users/ludin/Desktop/salidas/scanqueue/backend/src/config/database.js:25:18)
    at async Module.getScansToday (file:///C:/Users/ludin/Desktop/salidas/scanqueue/backend/src/models/Scan.js:23:15)
    at async getTodaySummary (file:///C:/Users/ludin/Desktop/salidas/scanqueue/backend/src/controllers/DashboardController.js:30:24)
Path: /api/dashboard/today

[2026-03-04T12:49:18.350Z] ERROR: 
Stack: AggregateError [ECONNREFUSED]: 
    at C:\Users\ludin\Desktop\salidas\scanqueue\backend\node_modules\pg-pool\index.js:45:11
    at process.processTicksAndRejections (node:internal/process/task_queues:105:5)
    at async query (file:///C:/Users/ludin/Desktop/salidas/scanqueue/backend/src/config/database.js:25:18)
    at async Module.getScansToday (file:///C:/Users/ludin/Desktop/salidas/scanqueue/backend/src/models/Scan.js:23:15)
    at async Module.getScanStatistics (file:///C:/Users/ludin/Desktop/salidas/scanqueue/backend/src/services/ScanService.js:76:24)
    at async getDashboardStats (file:///C:/Users/ludin/Desktop/salidas/scanqueue/backend/src/controllers/DashboardController.js:12:19)
Path: /api/dashboard/stats

[2026-03-04T12:49:18.352Z] ERROR: 
Stack: AggregateError [ECONNREFUSED]: 
    at C:\Users\ludin\Desktop\salidas\scanqueue\backend\node_modules\pg-pool\index.js:45:11
    at process.processTicksAndRejections (node:internal/process/task_queues:105:5)
    at async query (file:///C:/Users/ludin/Desktop/salidas/scanqueue/backend/src/config/database.js:25:18)
    at async Module.getScansToday (file:///C:/Users/ludin/Desktop/salidas/scanqueue/backend/src/models/Scan.js:23:15)
    at async getTodaySummary (file:///C:/Users/ludin/Desktop/salidas/scanqueue/backend/src/controllers/DashboardController.js:30:24)
Path: /api/dashboard/today

[2026-03-04T12:49:18.706Z] ERROR: 
Stack: AggregateError [ECONNREFUSED]: 
    at C:\Users\ludin\Desktop\salidas\scanqueue\backend\node_modules\pg-pool\index.js:45:11
    at process.processTicksAndRejections (node:internal/process/task_queues:105:5)
    at async query (file:///C:/Users/ludin/Desktop/salidas/scanqueue/backend/src/config/database.js:25:18)
    at async Module.getScansToday (file:///C:/Users/ludin/Desktop/salidas/scanqueue/backend/src/models/Scan.js:23:15)
    at async Module.getScanStatistics (file:///C:/Users/ludin/Desktop/salidas/scanqueue/backend/src/services/ScanService.js:76:24)
    at async getDashboardStats (file:///C:/Users/ludin/Desktop/salidas/scanqueue/backend/src/controllers/DashboardController.js:12:19)
Path: /api/dashboard/stats

[2026-03-04T12:49:18.708Z] ERROR: 
Stack: AggregateError [ECONNREFUSED]: 
    at C:\Users\ludin\Desktop\salidas\scanqueue\backend\node_modules\pg-pool\index.js:45:11
    at process.processTicksAndRejections (node:internal/process/task_queues:105:5)
    at async query (file:///C:/Users/ludin/Desktop/salidas/scanqueue/backend/src/config/database.js:25:18)
    at async Module.getScansToday (file:///C:/Users/ludin/Desktop/salidas/scanqueue/backend/src/models/Scan.js:23:15)
    at async getTodaySummary (file:///C:/Users/ludin/Desktop/salidas/scanqueue/backend/src/controllers/DashboardController.js:30:24)
Path: /api/dashboard/today

[2026-03-04T12:49:19.090Z] ERROR: 
Stack: AggregateError [ECONNREFUSED]: 
    at C:\Users\ludin\Desktop\salidas\scanqueue\backend\node_modules\pg-pool\index.js:45:11
    at process.processTicksAndRejections (node:internal/process/task_queues:105:5)
    at async query (file:///C:/Users/ludin/Desktop/salidas/scanqueue/backend/src/config/database.js:25:18)
    at async Module.getScansToday (file:///C:/Users/ludin/Desktop/salidas/scanqueue/backend/src/models/Scan.js:23:15)
    at async Module.getScanStatistics (file:///C:/Users/ludin/Desktop/salidas/scanqueue/backend/src/services/ScanService.js:76:24)
    at async getDashboardStats (file:///C:/Users/ludin/Desktop/salidas/scanqueue/backend/src/controllers/DashboardController.js:12:19)
Path: /api/dashboard/stats

[2026-03-04T12:49:19.093Z] ERROR: 
Stack: AggregateError [ECONNREFUSED]: 
    at C:\Users\ludin\Desktop\salidas\scanqueue\backend\node_modules\pg-pool\index.js:45:11
    at process.processTicksAndRejections (node:internal/process/task_queues:105:5)
    at async query (file:///C:/Users/ludin/Desktop/salidas/scanqueue/backend/src/config/database.js:25:18)
    at async Module.getScansToday (file:///C:/Users/ludin/Desktop/salidas/scanqueue/backend/src/models/Scan.js:23:15)
    at async getTodaySummary (file:///C:/Users/ludin/Desktop/salidas/scanqueue/backend/src/controllers/DashboardController.js:30:24)
Path: /api/dashboard/today

[2026-03-04T12:49:19.594Z] ERROR: 
Stack: AggregateError [ECONNREFUSED]: 
    at C:\Users\ludin\Desktop\salidas\scanqueue\backend\node_modules\pg-pool\index.js:45:11
    at process.processTicksAndRejections (node:internal/process/task_queues:105:5)
    at async query (file:///C:/Users/ludin/Desktop/salidas/scanqueue/backend/src/config/database.js:25:18)
    at async Module.getScansToday (file:///C:/Users/ludin/Desktop/salidas/scanqueue/backend/src/models/Scan.js:23:15)
    at async Module.getScanStatistics (file:///C:/Users/ludin/Desktop/salidas/scanqueue/backend/src/services/ScanService.js:76:24)
    at async getDashboardStats (file:///C:/Users/ludin/Desktop/salidas/scanqueue/backend/src/controllers/DashboardController.js:12:19)
Path: /api/dashboard/stats

[2026-03-04T12:49:19.596Z] ERROR: 
Stack: AggregateError [ECONNREFUSED]: 
    at C:\Users\ludin\Desktop\salidas\scanqueue\backend\node_modules\pg-pool\index.js:45:11
    at process.processTicksAndRejections (node:internal/process/task_queues:105:5)
    at async query (file:///C:/Users/ludin/Desktop/salidas/scanqueue/backend/src/config/database.js:25:18)
    at async Module.getScansToday (file:///C:/Users/ludin/Desktop/salidas/scanqueue/backend/src/models/Scan.js:23:15)
    at async getTodaySummary (file:///C:/Users/ludin/Desktop/salidas/scanqueue/backend/src/controllers/DashboardController.js:30:24)
Path: /api/dashboard/today

[2026-03-04T12:49:19.980Z] ERROR: 
Stack: AggregateError [ECONNREFUSED]: 
    at C:\Users\ludin\Desktop\salidas\scanqueue\backend\node_modules\pg-pool\index.js:45:11
    at process.processTicksAndRejections (node:internal/process/task_queues:105:5)
    at async query (file:///C:/Users/ludin/Desktop/salidas/scanqueue/backend/src/config/database.js:25:18)
    at async Module.getScansToday (file:///C:/Users/ludin/Desktop/salidas/scanqueue/backend/src/models/Scan.js:23:15)
    at async getTodaySummary (file:///C:/Users/ludin/Desktop/salidas/scanqueue/backend/src/controllers/DashboardController.js:30:24)
Path: /api/dashboard/today

[2026-03-04T12:49:19.983Z] ERROR: 
Stack: AggregateError [ECONNREFUSED]: 
    at C:\Users\ludin\Desktop\salidas\scanqueue\backend\node_modules\pg-pool\index.js:45:11
    at process.processTicksAndRejections (node:internal/process/task_queues:105:5)
    at async query (file:///C:/Users/ludin/Desktop/salidas/scanqueue/backend/src/config/database.js:25:18)
    at async Module.getScansToday (file:///C:/Users/ludin/Desktop/salidas/scanqueue/backend/src/models/Scan.js:23:15)
    at async Module.getScanStatistics (file:///C:/Users/ludin/Desktop/salidas/scanqueue/backend/src/services/ScanService.js:76:24)
    at async getDashboardStats (file:///C:/Users/ludin/Desktop/salidas/scanqueue/backend/src/controllers/DashboardController.js:12:19)
Path: /api/dashboard/stats

[2026-03-04T12:49:20.488Z] ERROR: 
Stack: AggregateError [ECONNREFUSED]: 
    at C:\Users\ludin\Desktop\salidas\scanqueue\backend\node_modules\pg-pool\index.js:45:11
    at process.processTicksAndRejections (node:internal/process/task_queues:105:5)
    at async query (file:///C:/Users/ludin/Desktop/salidas/scanqueue/backend/src/config/database.js:25:18)
    at async Module.getScansToday (file:///C:/Users/ludin/Desktop/salidas/scanqueue/backend/src/models/Scan.js:23:15)
    at async Module.getScanStatistics (file:///C:/Users/ludin/Desktop/salidas/scanqueue/backend/src/services/ScanService.js:76:24)
    at async getDashboardStats (file:///C:/Users/ludin/Desktop/salidas/scanqueue/backend/src/controllers/DashboardController.js:12:19)
Path: /api/dashboard/stats

[2026-03-04T12:49:20.494Z] ERROR: 
Stack: AggregateError [ECONNREFUSED]: 
    at C:\Users\ludin\Desktop\salidas\scanqueue\backend\node_modules\pg-pool\index.js:45:11
    at process.processTicksAndRejections (node:internal/process/task_queues:105:5)
    at async query (file:///C:/Users/ludin/Desktop/salidas/scanqueue/backend/src/config/database.js:25:18)
    at async Module.getScansToday (file:///C:/Users/ludin/Desktop/salidas/scanqueue/backend/src/models/Scan.js:23:15)
    at async getTodaySummary (file:///C:/Users/ludin/Desktop/salidas/scanqueue/backend/src/controllers/DashboardController.js:30:24)
Path: /api/dashboard/today

[2026-03-04T12:49:20.898Z] ERROR: 
Stack: AggregateError [ECONNREFUSED]: 
    at C:\Users\ludin\Desktop\salidas\scanqueue\backend\node_modules\pg-pool\index.js:45:11
    at process.processTicksAndRejections (node:internal/process/task_queues:105:5)
    at async query (file:///C:/Users/ludin/Desktop/salidas/scanqueue/backend/src/config/database.js:25:18)
    at async Module.getScansToday (file:///C:/Users/ludin/Desktop/salidas/scanqueue/backend/src/models/Scan.js:23:15)
    at async Module.getScanStatistics (file:///C:/Users/ludin/Desktop/salidas/scanqueue/backend/src/services/ScanService.js:76:24)
    at async getDashboardStats (file:///C:/Users/ludin/Desktop/salidas/scanqueue/backend/src/controllers/DashboardController.js:12:19)
Path: /api/dashboard/stats

[2026-03-04T12:49:20.901Z] ERROR: 
Stack: AggregateError [ECONNREFUSED]: 
    at C:\Users\ludin\Desktop\salidas\scanqueue\backend\node_modules\pg-pool\index.js:45:11
    at process.processTicksAndRejections (node:internal/process/task_queues:105:5)
    at async query (file:///C:/Users/ludin/Desktop/salidas/scanqueue/backend/src/config/database.js:25:18)
    at async Module.getScansToday (file:///C:/Users/ludin/Desktop/salidas/scanqueue/backend/src/models/Scan.js:23:15)
    at async getTodaySummary (file:///C:/Users/ludin/Desktop/salidas/scanqueue/backend/src/controllers/DashboardController.js:30:24)
Path: /api/dashboard/today

[2026-03-04T12:49:21.545Z] ERROR: 
Stack: AggregateError [ECONNREFUSED]: 
    at C:\Users\ludin\Desktop\salidas\scanqueue\backend\node_modules\pg-pool\index.js:45:11
    at process.processTicksAndRejections (node:internal/process/task_queues:105:5)
    at async query (file:///C:/Users/ludin/Desktop/salidas/scanqueue/backend/src/config/database.js:25:18)
    at async Module.getScansToday (file:///C:/Users/ludin/Desktop/salidas/scanqueue/backend/src/models/Scan.js:23:15)
    at async Module.getScanStatistics (file:///C:/Users/ludin/Desktop/salidas/scanqueue/backend/src/services/ScanService.js:76:24)
    at async getDashboardStats (file:///C:/Users/ludin/Desktop/salidas/scanqueue/backend/src/controllers/DashboardController.js:12:19)
Path: /api/dashboard/stats

[2026-03-04T12:49:21.552Z] ERROR: 
Stack: AggregateError [ECONNREFUSED]: 
    at C:\Users\ludin\Desktop\salidas\scanqueue\backend\node_modules\pg-pool\index.js:45:11
    at process.processTicksAndRejections (node:internal/process/task_queues:105:5)
    at async query (file:///C:/Users/ludin/Desktop/salidas/scanqueue/backend/src/config/database.js:25:18)
    at async Module.getScansToday (file:///C:/Users/ludin/Desktop/salidas/scanqueue/backend/src/models/Scan.js:23:15)
    at async getTodaySummary (file:///C:/Users/ludin/Desktop/salidas/scanqueue/backend/src/controllers/DashboardController.js:30:24)
Path: /api/dashboard/today

[2026-03-04T12:49:22.306Z] ERROR: 
Stack: AggregateError [ECONNREFUSED]: 
    at C:\Users\ludin\Desktop\salidas\scanqueue\backend\node_modules\pg-pool\index.js:45:11
    at process.processTicksAndRejections (node:internal/process/task_queues:105:5)
    at async query (file:///C:/Users/ludin/Desktop/salidas/scanqueue/backend/src/config/database.js:25:18)
    at async Module.getScansToday (file:///C:/Users/ludin/Desktop/salidas/scanqueue/backend/src/models/Scan.js:23:15)
    at async Module.getScanStatistics (file:///C:/Users/ludin/Desktop/salidas/scanqueue/backend/src/services/ScanService.js:76:24)
    at async getDashboardStats (file:///C:/Users/ludin/Desktop/salidas/scanqueue/backend/src/controllers/DashboardController.js:12:19)
Path: /api/dashboard/stats

[2026-03-04T12:49:22.308Z] ERROR: 
Stack: AggregateError [ECONNREFUSED]: 
    at C:\Users\ludin\Desktop\salidas\scanqueue\backend\node_modules\pg-pool\index.js:45:11
    at process.processTicksAndRejections (node:internal/process/task_queues:105:5)
    at async query (file:///C:/Users/ludin/Desktop/salidas/scanqueue/backend/src/config/database.js:25:18)
    at async Module.getScansToday (file:///C:/Users/ludin/Desktop/salidas/scanqueue/backend/src/models/Scan.js:23:15)
    at async getTodaySummary (file:///C:/Users/ludin/Desktop/salidas/scanqueue/backend/src/controllers/DashboardController.js:30:24)
Path: /api/dashboard/today

[2026-03-04T12:49:22.809Z] ERROR: 
Stack: AggregateError [ECONNREFUSED]: 
    at C:\Users\ludin\Desktop\salidas\scanqueue\backend\node_modules\pg-pool\index.js:45:11
    at process.processTicksAndRejections (node:internal/process/task_queues:105:5)
    at async query (file:///C:/Users/ludin/Desktop/salidas/scanqueue/backend/src/config/database.js:25:18)
    at async Module.getScansToday (file:///C:/Users/ludin/Desktop/salidas/scanqueue/backend/src/models/Scan.js:23:15)
    at async Module.getScanStatistics (file:///C:/Users/ludin/Desktop/salidas/scanqueue/backend/src/services/ScanService.js:76:24)
    at async getDashboardStats (file:///C:/Users/ludin/Desktop/salidas/scanqueue/backend/src/controllers/DashboardController.js:12:19)
Path: /api/dashboard/stats

[2026-03-04T12:49:22.813Z] ERROR: 
Stack: AggregateError [ECONNREFUSED]: 
    at C:\Users\ludin\Desktop\salidas\scanqueue\backend\node_modules\pg-pool\index.js:45:11
    at process.processTicksAndRejections (node:internal/process/task_queues:105:5)
    at async query (file:///C:/Users/ludin/Desktop/salidas/scanqueue/backend/src/config/database.js:25:18)
    at async Module.getScansToday (file:///C:/Users/ludin/Desktop/salidas/scanqueue/backend/src/models/Scan.js:23:15)
    at async getTodaySummary (file:///C:/Users/ludin/Desktop/salidas/scanqueue/backend/src/controllers/DashboardController.js:30:24)
Path: /api/dashboard/today

[2026-03-04T12:49:23.419Z] ERROR: 
Stack: AggregateError [ECONNREFUSED]: 
    at C:\Users\ludin\Desktop\salidas\scanqueue\backend\node_modules\pg-pool\index.js:45:11
    at process.processTicksAndRejections (node:internal/process/task_queues:105:5)
    at async query (file:///C:/Users/ludin/Desktop/salidas/scanqueue/backend/src/config/database.js:25:18)
    at async Module.getScansToday (file:///C:/Users/ludin/Desktop/salidas/scanqueue/backend/src/models/Scan.js:23:15)
    at async Module.getScanStatistics (file:///C:/Users/ludin/Desktop/salidas/scanqueue/backend/src/services/ScanService.js:76:24)
    at async getDashboardStats (file:///C:/Users/ludin/Desktop/salidas/scanqueue/backend/src/controllers/DashboardController.js:12:19)
Path: /api/dashboard/stats

[2026-03-04T12:49:23.422Z] ERROR: 
Stack: AggregateError [ECONNREFUSED]: 
    at C:\Users\ludin\Desktop\salidas\scanqueue\backend\node_modules\pg-pool\index.js:45:11
    at process.processTicksAndRejections (node:internal/process/task_queues:105:5)
    at async query (file:///C:/Users/ludin/Desktop/salidas/scanqueue/backend/src/config/database.js:25:18)
    at async Module.getScansToday (file:///C:/Users/ludin/Desktop/salidas/scanqueue/backend/src/models/Scan.js:23:15)
    at async getTodaySummary (file:///C:/Users/ludin/Desktop/salidas/scanqueue/backend/src/controllers/DashboardController.js:30:24)
Path: /api/dashboard/today

[2026-03-04T12:49:23.907Z] ERROR: 
Stack: AggregateError [ECONNREFUSED]: 
    at C:\Users\ludin\Desktop\salidas\scanqueue\backend\node_modules\pg-pool\index.js:45:11
    at process.processTicksAndRejections (node:internal/process/task_queues:105:5)
    at async query (file:///C:/Users/ludin/Desktop/salidas/scanqueue/backend/src/config/database.js:25:18)
    at async Module.getScansToday (file:///C:/Users/ludin/Desktop/salidas/scanqueue/backend/src/models/Scan.js:23:15)
    at async Module.getScanStatistics (file:///C:/Users/ludin/Desktop/salidas/scanqueue/backend/src/services/ScanService.js:76:24)
    at async getDashboardStats (file:///C:/Users/ludin/Desktop/salidas/scanqueue/backend/src/controllers/DashboardController.js:12:19)
Path: /api/dashboard/stats

[2026-03-04T12:49:23.910Z] ERROR: 
Stack: AggregateError [ECONNREFUSED]: 
    at C:\Users\ludin\Desktop\salidas\scanqueue\backend\node_modules\pg-pool\index.js:45:11
    at process.processTicksAndRejections (node:internal/process/task_queues:105:5)
    at async query (file:///C:/Users/ludin/Desktop/salidas/scanqueue/backend/src/config/database.js:25:18)
    at async Module.getScansToday (file:///C:/Users/ludin/Desktop/salidas/scanqueue/backend/src/models/Scan.js:23:15)
    at async getTodaySummary (file:///C:/Users/ludin/Desktop/salidas/scanqueue/backend/src/controllers/DashboardController.js:30:24)
Path: /api/dashboard/today

[2026-03-04T12:49:24.411Z] ERROR: 
Stack: AggregateError [ECONNREFUSED]: 
    at C:\Users\ludin\Desktop\salidas\scanqueue\backend\node_modules\pg-pool\index.js:45:11
    at process.processTicksAndRejections (node:internal/process/task_queues:105:5)
    at async query (file:///C:/Users/ludin/Desktop/salidas/scanqueue/backend/src/config/database.js:25:18)
    at async Module.getScansToday (file:///C:/Users/ludin/Desktop/salidas/scanqueue/backend/src/models/Scan.js:23:15)
    at async Module.getScanStatistics (file:///C:/Users/ludin/Desktop/salidas/scanqueue/backend/src/services/ScanService.js:76:24)
    at async getDashboardStats (file:///C:/Users/ludin/Desktop/salidas/scanqueue/backend/src/controllers/DashboardController.js:12:19)
Path: /api/dashboard/stats

[2026-03-04T12:49:24.413Z] ERROR: 
Stack: AggregateError [ECONNREFUSED]: 
    at C:\Users\ludin\Desktop\salidas\scanqueue\backend\node_modules\pg-pool\index.js:45:11
    at process.processTicksAndRejections (node:internal/process/task_queues:105:5)
    at async query (file:///C:/Users/ludin/Desktop/salidas/scanqueue/backend/src/config/database.js:25:18)
    at async Module.getScansToday (file:///C:/Users/ludin/Desktop/salidas/scanqueue/backend/src/models/Scan.js:23:15)
    at async getTodaySummary (file:///C:/Users/ludin/Desktop/salidas/scanqueue/backend/src/controllers/DashboardController.js:30:24)
Path: /api/dashboard/today

[2026-03-04T12:49:24.865Z] ERROR: 
Stack: AggregateError [ECONNREFUSED]: 
    at C:\Users\ludin\Desktop\salidas\scanqueue\backend\node_modules\pg-pool\index.js:45:11
    at process.processTicksAndRejections (node:internal/process/task_queues:105:5)
    at async query (file:///C:/Users/ludin/Desktop/salidas/scanqueue/backend/src/config/database.js:25:18)
    at async Module.getScansToday (file:///C:/Users/ludin/Desktop/salidas/scanqueue/backend/src/models/Scan.js:23:15)
    at async Module.getScanStatistics (file:///C:/Users/ludin/Desktop/salidas/scanqueue/backend/src/services/ScanService.js:76:24)
    at async getDashboardStats (file:///C:/Users/ludin/Desktop/salidas/scanqueue/backend/src/controllers/DashboardController.js:12:19)
Path: /api/dashboard/stats

[2026-03-04T12:49:24.867Z] ERROR: 
Stack: AggregateError [ECONNREFUSED]: 
    at C:\Users\ludin\Desktop\salidas\scanqueue\backend\node_modules\pg-pool\index.js:45:11
    at process.processTicksAndRejections (node:internal/process/task_queues:105:5)
    at async query (file:///C:/Users/ludin/Desktop/salidas/scanqueue/backend/src/config/database.js:25:18)
    at async Module.getScansToday (file:///C:/Users/ludin/Desktop/salidas/scanqueue/backend/src/models/Scan.js:23:15)
    at async getTodaySummary (file:///C:/Users/ludin/Desktop/salidas/scanqueue/backend/src/controllers/DashboardController.js:30:24)
Path: /api/dashboard/today

[2026-03-04T12:49:25.229Z] ERROR: 
Stack: AggregateError [ECONNREFUSED]: 
    at C:\Users\ludin\Desktop\salidas\scanqueue\backend\node_modules\pg-pool\index.js:45:11
    at process.processTicksAndRejections (node:internal/process/task_queues:105:5)
    at async query (file:///C:/Users/ludin/Desktop/salidas/scanqueue/backend/src/config/database.js:25:18)
    at async Module.getScansToday (file:///C:/Users/ludin/Desktop/salidas/scanqueue/backend/src/models/Scan.js:23:15)
    at async Module.getScanStatistics (file:///C:/Users/ludin/Desktop/salidas/scanqueue/backend/src/services/ScanService.js:76:24)
    at async getDashboardStats (file:///C:/Users/ludin/Desktop/salidas/scanqueue/backend/src/controllers/DashboardController.js:12:19)
Path: /api/dashboard/stats

[2026-03-04T12:49:25.231Z] ERROR: 
Stack: AggregateError [ECONNREFUSED]: 
    at C:\Users\ludin\Desktop\salidas\scanqueue\backend\node_modules\pg-pool\index.js:45:11
    at process.processTicksAndRejections (node:internal/process/task_queues:105:5)
    at async query (file:///C:/Users/ludin/Desktop/salidas/scanqueue/backend/src/config/database.js:25:18)
    at async Module.getScansToday (file:///C:/Users/ludin/Desktop/salidas/scanqueue/backend/src/models/Scan.js:23:15)
    at async getTodaySummary (file:///C:/Users/ludin/Desktop/salidas/scanqueue/backend/src/controllers/DashboardController.js:30:24)
Path: /api/dashboard/today

[2026-03-04T12:49:25.684Z] ERROR: 
Stack: AggregateError [ECONNREFUSED]: 
    at C:\Users\ludin\Desktop\salidas\scanqueue\backend\node_modules\pg-pool\index.js:45:11
    at process.processTicksAndRejections (node:internal/process/task_queues:105:5)
    at async query (file:///C:/Users/ludin/Desktop/salidas/scanqueue/backend/src/config/database.js:25:18)
    at async Module.getScansToday (file:///C:/Users/ludin/Desktop/salidas/scanqueue/backend/src/models/Scan.js:23:15)
    at async Module.getScanStatistics (file:///C:/Users/ludin/Desktop/salidas/scanqueue/backend/src/services/ScanService.js:76:24)
    at async getDashboardStats (file:///C:/Users/ludin/Desktop/salidas/scanqueue/backend/src/controllers/DashboardController.js:12:19)
Path: /api/dashboard/stats

[2026-03-04T12:49:25.686Z] ERROR: 
Stack: AggregateError [ECONNREFUSED]: 
    at C:\Users\ludin\Desktop\salidas\scanqueue\backend\node_modules\pg-pool\index.js:45:11
    at process.processTicksAndRejections (node:internal/process/task_queues:105:5)
    at async query (file:///C:/Users/ludin/Desktop/salidas/scanqueue/backend/src/config/database.js:25:18)
    at async Module.getScansToday (file:///C:/Users/ludin/Desktop/salidas/scanqueue/backend/src/models/Scan.js:23:15)
    at async getTodaySummary (file:///C:/Users/ludin/Desktop/salidas/scanqueue/backend/src/controllers/DashboardController.js:30:24)
Path: /api/dashboard/today

[2026-03-04T12:49:26.096Z] ERROR: 
Stack: AggregateError [ECONNREFUSED]: 
    at C:\Users\ludin\Desktop\salidas\scanqueue\backend\node_modules\pg-pool\index.js:45:11
    at process.processTicksAndRejections (node:internal/process/task_queues:105:5)
    at async query (file:///C:/Users/ludin/Desktop/salidas/scanqueue/backend/src/config/database.js:25:18)
    at async Module.getScansToday (file:///C:/Users/ludin/Desktop/salidas/scanqueue/backend/src/models/Scan.js:23:15)
    at async Module.getScanStatistics (file:///C:/Users/ludin/Desktop/salidas/scanqueue/backend/src/services/ScanService.js:76:24)
    at async getDashboardStats (file:///C:/Users/ludin/Desktop/salidas/scanqueue/backend/src/controllers/DashboardController.js:12:19)
Path: /api/dashboard/stats

[2026-03-04T12:49:26.100Z] ERROR: 
Stack: AggregateError [ECONNREFUSED]: 
    at C:\Users\ludin\Desktop\salidas\scanqueue\backend\node_modules\pg-pool\index.js:45:11
    at process.processTicksAndRejections (node:internal/process/task_queues:105:5)
    at async query (file:///C:/Users/ludin/Desktop/salidas/scanqueue/backend/src/config/database.js:25:18)
    at async Module.getScansToday (file:///C:/Users/ludin/Desktop/salidas/scanqueue/backend/src/models/Scan.js:23:15)
    at async getTodaySummary (file:///C:/Users/ludin/Desktop/salidas/scanqueue/backend/src/controllers/DashboardController.js:30:24)
Path: /api/dashboard/today

[2026-03-04T12:49:26.641Z] ERROR: 
Stack: AggregateError [ECONNREFUSED]: 
    at C:\Users\ludin\Desktop\salidas\scanqueue\backend\node_modules\pg-pool\index.js:45:11
    at process.processTicksAndRejections (node:internal/process/task_queues:105:5)
    at async query (file:///C:/Users/ludin/Desktop/salidas/scanqueue/backend/src/config/database.js:25:18)
    at async Module.getScansToday (file:///C:/Users/ludin/Desktop/salidas/scanqueue/backend/src/models/Scan.js:23:15)
    at async Module.getScanStatistics (file:///C:/Users/ludin/Desktop/salidas/scanqueue/backend/src/services/ScanService.js:76:24)
    at async getDashboardStats (file:///C:/Users/ludin/Desktop/salidas/scanqueue/backend/src/controllers/DashboardController.js:12:19)
Path: /api/dashboard/stats

[2026-03-04T12:49:26.646Z] ERROR: 
Stack: AggregateError [ECONNREFUSED]: 
    at C:\Users\ludin\Desktop\salidas\scanqueue\backend\node_modules\pg-pool\index.js:45:11
    at process.processTicksAndRejections (node:internal/process/task_queues:105:5)
    at async query (file:///C:/Users/ludin/Desktop/salidas/scanqueue/backend/src/config/database.js:25:18)
    at async Module.getScansToday (file:///C:/Users/ludin/Desktop/salidas/scanqueue/backend/src/models/Scan.js:23:15)
    at async getTodaySummary (file:///C:/Users/ludin/Desktop/salidas/scanqueue/backend/src/controllers/DashboardController.js:30:24)
Path: /api/dashboard/today

[2026-03-04T12:49:27.106Z] ERROR: 
Stack: AggregateError [ECONNREFUSED]: 
    at C:\Users\ludin\Desktop\salidas\scanqueue\backend\node_modules\pg-pool\index.js:45:11
    at process.processTicksAndRejections (node:internal/process/task_queues:105:5)
    at async query (file:///C:/Users/ludin/Desktop/salidas/scanqueue/backend/src/config/database.js:25:18)
    at async Module.getScansToday (file:///C:/Users/ludin/Desktop/salidas/scanqueue/backend/src/models/Scan.js:23:15)
    at async Module.getScanStatistics (file:///C:/Users/ludin/Desktop/salidas/scanqueue/backend/src/services/ScanService.js:76:24)
    at async getDashboardStats (file:///C:/Users/ludin/Desktop/salidas/scanqueue/backend/src/controllers/DashboardController.js:12:19)
Path: /api/dashboard/stats

[2026-03-04T12:49:27.108Z] ERROR: 
Stack: AggregateError [ECONNREFUSED]: 
    at C:\Users\ludin\Desktop\salidas\scanqueue\backend\node_modules\pg-pool\index.js:45:11
    at process.processTicksAndRejections (node:internal/process/task_queues:105:5)
    at async query (file:///C:/Users/ludin/Desktop/salidas/scanqueue/backend/src/config/database.js:25:18)
    at async Module.getScansToday (file:///C:/Users/ludin/Desktop/salidas/scanqueue/backend/src/models/Scan.js:23:15)
    at async getTodaySummary (file:///C:/Users/ludin/Desktop/salidas/scanqueue/backend/src/controllers/DashboardController.js:30:24)
Path: /api/dashboard/today

[2026-03-04T12:49:27.588Z] ERROR: 
Stack: AggregateError [ECONNREFUSED]: 
    at C:\Users\ludin\Desktop\salidas\scanqueue\backend\node_modules\pg-pool\index.js:45:11
    at process.processTicksAndRejections (node:internal/process/task_queues:105:5)
    at async query (file:///C:/Users/ludin/Desktop/salidas/scanqueue/backend/src/config/database.js:25:18)
    at async Module.getScansToday (file:///C:/Users/ludin/Desktop/salidas/scanqueue/backend/src/models/Scan.js:23:15)
    at async Module.getScanStatistics (file:///C:/Users/ludin/Desktop/salidas/scanqueue/backend/src/services/ScanService.js:76:24)
    at async getDashboardStats (file:///C:/Users/ludin/Desktop/salidas/scanqueue/backend/src/controllers/DashboardController.js:12:19)
Path: /api/dashboard/stats

[2026-03-04T12:49:27.590Z] ERROR: 
Stack: AggregateError [ECONNREFUSED]: 
    at C:\Users\ludin\Desktop\salidas\scanqueue\backend\node_modules\pg-pool\index.js:45:11
    at process.processTicksAndRejections (node:internal/process/task_queues:105:5)
    at async query (file:///C:/Users/ludin/Desktop/salidas/scanqueue/backend/src/config/database.js:25:18)
    at async Module.getScansToday (file:///C:/Users/ludin/Desktop/salidas/scanqueue/backend/src/models/Scan.js:23:15)
    at async getTodaySummary (file:///C:/Users/ludin/Desktop/salidas/scanqueue/backend/src/controllers/DashboardController.js:30:24)
Path: /api/dashboard/today

[2026-03-04T12:49:28.057Z] ERROR: 
Stack: AggregateError [ECONNREFUSED]: 
    at C:\Users\ludin\Desktop\salidas\scanqueue\backend\node_modules\pg-pool\index.js:45:11
    at process.processTicksAndRejections (node:internal/process/task_queues:105:5)
    at async query (file:///C:/Users/ludin/Desktop/salidas/scanqueue/backend/src/config/database.js:25:18)
    at async Module.getScansToday (file:///C:/Users/ludin/Desktop/salidas/scanqueue/backend/src/models/Scan.js:23:15)
    at async Module.getScanStatistics (file:///C:/Users/ludin/Desktop/salidas/scanqueue/backend/src/services/ScanService.js:76:24)
    at async getDashboardStats (file:///C:/Users/ludin/Desktop/salidas/scanqueue/backend/src/controllers/DashboardController.js:12:19)
Path: /api/dashboard/stats

[2026-03-04T12:49:28.060Z] ERROR: 
Stack: AggregateError [ECONNREFUSED]: 
    at C:\Users\ludin\Desktop\salidas\scanqueue\backend\node_modules\pg-pool\index.js:45:11
    at process.processTicksAndRejections (node:internal/process/task_queues:105:5)
    at async query (file:///C:/Users/ludin/Desktop/salidas/scanqueue/backend/src/config/database.js:25:18)
    at async Module.getScansToday (file:///C:/Users/ludin/Desktop/salidas/scanqueue/backend/src/models/Scan.js:23:15)
    at async getTodaySummary (file:///C:/Users/ludin/Desktop/salidas/scanqueue/backend/src/controllers/DashboardController.js:30:24)
Path: /api/dashboard/today

[2026-03-04T12:49:28.488Z] ERROR: 
Stack: AggregateError [ECONNREFUSED]: 
    at C:\Users\ludin\Desktop\salidas\scanqueue\backend\node_modules\pg-pool\index.js:45:11
    at process.processTicksAndRejections (node:internal/process/task_queues:105:5)
    at async query (file:///C:/Users/ludin/Desktop/salidas/scanqueue/backend/src/config/database.js:25:18)
    at async Module.getScansToday (file:///C:/Users/ludin/Desktop/salidas/scanqueue/backend/src/models/Scan.js:23:15)
    at async Module.getScanStatistics (file:///C:/Users/ludin/Desktop/salidas/scanqueue/backend/src/services/ScanService.js:76:24)
    at async getDashboardStats (file:///C:/Users/ludin/Desktop/salidas/scanqueue/backend/src/controllers/DashboardController.js:12:19)
Path: /api/dashboard/stats

[2026-03-04T12:49:28.489Z] ERROR: 
Stack: AggregateError [ECONNREFUSED]: 
    at C:\Users\ludin\Desktop\salidas\scanqueue\backend\node_modules\pg-pool\index.js:45:11
    at process.processTicksAndRejections (node:internal/process/task_queues:105:5)
    at async query (file:///C:/Users/ludin/Desktop/salidas/scanqueue/backend/src/config/database.js:25:18)
    at async Module.getScansToday (file:///C:/Users/ludin/Desktop/salidas/scanqueue/backend/src/models/Scan.js:23:15)
    at async getTodaySummary (file:///C:/Users/ludin/Desktop/salidas/scanqueue/backend/src/controllers/DashboardController.js:30:24)
Path: /api/dashboard/today

[2026-03-04T12:49:28.972Z] ERROR: 
Stack: AggregateError [ECONNREFUSED]: 
    at C:\Users\ludin\Desktop\salidas\scanqueue\backend\node_modules\pg-pool\index.js:45:11
    at process.processTicksAndRejections (node:internal/process/task_queues:105:5)
    at async query (file:///C:/Users/ludin/Desktop/salidas/scanqueue/backend/src/config/database.js:25:18)
    at async Module.getScansToday (file:///C:/Users/ludin/Desktop/salidas/scanqueue/backend/src/models/Scan.js:23:15)
    at async Module.getScanStatistics (file:///C:/Users/ludin/Desktop/salidas/scanqueue/backend/src/services/ScanService.js:76:24)
    at async getDashboardStats (file:///C:/Users/ludin/Desktop/salidas/scanqueue/backend/src/controllers/DashboardController.js:12:19)
Path: /api/dashboard/stats

[2026-03-04T12:49:28.974Z] ERROR: 
Stack: AggregateError [ECONNREFUSED]: 
    at C:\Users\ludin\Desktop\salidas\scanqueue\backend\node_modules\pg-pool\index.js:45:11
    at process.processTicksAndRejections (node:internal/process/task_queues:105:5)
    at async query (file:///C:/Users/ludin/Desktop/salidas/scanqueue/backend/src/config/database.js:25:18)
    at async Module.getScansToday (file:///C:/Users/ludin/Desktop/salidas/scanqueue/backend/src/models/Scan.js:23:15)
    at async getTodaySummary (file:///C:/Users/ludin/Desktop/salidas/scanqueue/backend/src/controllers/DashboardController.js:30:24)
Path: /api/dashboard/today

[2026-03-04T12:49:30.463Z] ERROR: 
Stack: AggregateError [ECONNREFUSED]: 
    at C:\Users\ludin\Desktop\salidas\scanqueue\backend\node_modules\pg-pool\index.js:45:11
    at process.processTicksAndRejections (node:internal/process/task_queues:105:5)
    at async query (file:///C:/Users/ludin/Desktop/salidas/scanqueue/backend/src/config/database.js:25:18)
    at async Module.getScansToday (file:///C:/Users/ludin/Desktop/salidas/scanqueue/backend/src/models/Scan.js:23:15)
    at async Module.getScanStatistics (file:///C:/Users/ludin/Desktop/salidas/scanqueue/backend/src/services/ScanService.js:76:24)
    at async getDashboardStats (file:///C:/Users/ludin/Desktop/salidas/scanqueue/backend/src/controllers/DashboardController.js:12:19)
Path: /api/dashboard/stats

[2026-03-04T12:49:30.468Z] ERROR: 
Stack: AggregateError [ECONNREFUSED]: 
    at C:\Users\ludin\Desktop\salidas\scanqueue\backend\node_modules\pg-pool\index.js:45:11
    at process.processTicksAndRejections (node:internal/process/task_queues:105:5)
    at async query (file:///C:/Users/ludin/Desktop/salidas/scanqueue/backend/src/config/database.js:25:18)
    at async Module.getScansToday (file:///C:/Users/ludin/Desktop/salidas/scanqueue/backend/src/models/Scan.js:23:15)
    at async getTodaySummary (file:///C:/Users/ludin/Desktop/salidas/scanqueue/backend/src/controllers/DashboardController.js:30:24)
Path: /api/dashboard/today

[2026-03-04T12:49:31.044Z] ERROR: 
Stack: AggregateError [ECONNREFUSED]: 
    at C:\Users\ludin\Desktop\salidas\scanqueue\backend\node_modules\pg-pool\index.js:45:11
    at process.processTicksAndRejections (node:internal/process/task_queues:105:5)
    at async query (file:///C:/Users/ludin/Desktop/salidas/scanqueue/backend/src/config/database.js:25:18)
    at async Module.getScansToday (file:///C:/Users/ludin/Desktop/salidas/scanqueue/backend/src/models/Scan.js:23:15)
    at async Module.getScanStatistics (file:///C:/Users/ludin/Desktop/salidas/scanqueue/backend/src/services/ScanService.js:76:24)
    at async getDashboardStats (file:///C:/Users/ludin/Desktop/salidas/scanqueue/backend/src/controllers/DashboardController.js:12:19)
Path: /api/dashboard/stats

[2026-03-04T12:49:31.047Z] ERROR: 
Stack: AggregateError [ECONNREFUSED]: 
    at C:\Users\ludin\Desktop\salidas\scanqueue\backend\node_modules\pg-pool\index.js:45:11
    at process.processTicksAndRejections (node:internal/process/task_queues:105:5)
    at async query (file:///C:/Users/ludin/Desktop/salidas/scanqueue/backend/src/config/database.js:25:18)
    at async Module.getScansToday (file:///C:/Users/ludin/Desktop/salidas/scanqueue/backend/src/models/Scan.js:23:15)
    at async getTodaySummary (file:///C:/Users/ludin/Desktop/salidas/scanqueue/backend/src/controllers/DashboardController.js:30:24)
Path: /api/dashboard/today

[2026-03-04T12:49:31.431Z] ERROR: 
Stack: AggregateError [ECONNREFUSED]: 
    at C:\Users\ludin\Desktop\salidas\scanqueue\backend\node_modules\pg-pool\index.js:45:11
    at process.processTicksAndRejections (node:internal/process/task_queues:105:5)
    at async query (file:///C:/Users/ludin/Desktop/salidas/scanqueue/backend/src/config/database.js:25:18)
    at async Module.getScansToday (file:///C:/Users/ludin/Desktop/salidas/scanqueue/backend/src/models/Scan.js:23:15)
    at async Module.getScanStatistics (file:///C:/Users/ludin/Desktop/salidas/scanqueue/backend/src/services/ScanService.js:76:24)
    at async getDashboardStats (file:///C:/Users/ludin/Desktop/salidas/scanqueue/backend/src/controllers/DashboardController.js:12:19)
Path: /api/dashboard/stats

[2026-03-04T12:49:31.433Z] ERROR: 
Stack: AggregateError [ECONNREFUSED]: 
    at C:\Users\ludin\Desktop\salidas\scanqueue\backend\node_modules\pg-pool\index.js:45:11
    at process.processTicksAndRejections (node:internal/process/task_queues:105:5)
    at async query (file:///C:/Users/ludin/Desktop/salidas/scanqueue/backend/src/config/database.js:25:18)
    at async Module.getScansToday (file:///C:/Users/ludin/Desktop/salidas/scanqueue/backend/src/models/Scan.js:23:15)
    at async getTodaySummary (file:///C:/Users/ludin/Desktop/salidas/scanqueue/backend/src/controllers/DashboardController.js:30:24)
Path: /api/dashboard/today

[2026-03-04T12:49:31.876Z] ERROR: 
Stack: AggregateError [ECONNREFUSED]: 
    at C:\Users\ludin\Desktop\salidas\scanqueue\backend\node_modules\pg-pool\index.js:45:11
    at process.processTicksAndRejections (node:internal/process/task_queues:105:5)
    at async query (file:///C:/Users/ludin/Desktop/salidas/scanqueue/backend/src/config/database.js:25:18)
    at async Module.getScansToday (file:///C:/Users/ludin/Desktop/salidas/scanqueue/backend/src/models/Scan.js:23:15)
    at async Module.getScanStatistics (file:///C:/Users/ludin/Desktop/salidas/scanqueue/backend/src/services/ScanService.js:76:24)
    at async getDashboardStats (file:///C:/Users/ludin/Desktop/salidas/scanqueue/backend/src/controllers/DashboardController.js:12:19)
Path: /api/dashboard/stats

[2026-03-04T12:49:31.878Z] ERROR: 
Stack: AggregateError [ECONNREFUSED]: 
    at C:\Users\ludin\Desktop\salidas\scanqueue\backend\node_modules\pg-pool\index.js:45:11
    at process.processTicksAndRejections (node:internal/process/task_queues:105:5)
    at async query (file:///C:/Users/ludin/Desktop/salidas/scanqueue/backend/src/config/database.js:25:18)
    at async Module.getScansToday (file:///C:/Users/ludin/Desktop/salidas/scanqueue/backend/src/models/Scan.js:23:15)
    at async getTodaySummary (file:///C:/Users/ludin/Desktop/salidas/scanqueue/backend/src/controllers/DashboardController.js:30:24)
Path: /api/dashboard/today

[2026-03-04T12:49:32.356Z] ERROR: 
Stack: AggregateError [ECONNREFUSED]: 
    at C:\Users\ludin\Desktop\salidas\scanqueue\backend\node_modules\pg-pool\index.js:45:11
    at process.processTicksAndRejections (node:internal/process/task_queues:105:5)
    at async query (file:///C:/Users/ludin/Desktop/salidas/scanqueue/backend/src/config/database.js:25:18)
    at async Module.getScansToday (file:///C:/Users/ludin/Desktop/salidas/scanqueue/backend/src/models/Scan.js:23:15)
    at async Module.getScanStatistics (file:///C:/Users/ludin/Desktop/salidas/scanqueue/backend/src/services/ScanService.js:76:24)
    at async getDashboardStats (file:///C:/Users/ludin/Desktop/salidas/scanqueue/backend/src/controllers/DashboardController.js:12:19)
Path: /api/dashboard/stats

[2026-03-04T12:49:32.358Z] ERROR: 
Stack: AggregateError [ECONNREFUSED]: 
    at C:\Users\ludin\Desktop\salidas\scanqueue\backend\node_modules\pg-pool\index.js:45:11
    at process.processTicksAndRejections (node:internal/process/task_queues:105:5)
    at async query (file:///C:/Users/ludin/Desktop/salidas/scanqueue/backend/src/config/database.js:25:18)
    at async Module.getScansToday (file:///C:/Users/ludin/Desktop/salidas/scanqueue/backend/src/models/Scan.js:23:15)
    at async getTodaySummary (file:///C:/Users/ludin/Desktop/salidas/scanqueue/backend/src/controllers/DashboardController.js:30:24)
Path: /api/dashboard/today

[2026-03-04T12:49:32.746Z] ERROR: 
Stack: AggregateError [ECONNREFUSED]: 
    at C:\Users\ludin\Desktop\salidas\scanqueue\backend\node_modules\pg-pool\index.js:45:11
    at process.processTicksAndRejections (node:internal/process/task_queues:105:5)
    at async query (file:///C:/Users/ludin/Desktop/salidas/scanqueue/backend/src/config/database.js:25:18)
    at async Module.getScansToday (file:///C:/Users/ludin/Desktop/salidas/scanqueue/backend/src/models/Scan.js:23:15)
    at async Module.getScanStatistics (file:///C:/Users/ludin/Desktop/salidas/scanqueue/backend/src/services/ScanService.js:76:24)
    at async getDashboardStats (file:///C:/Users/ludin/Desktop/salidas/scanqueue/backend/src/controllers/DashboardController.js:12:19)
Path: /api/dashboard/stats

[2026-03-04T12:49:32.748Z] ERROR: 
Stack: AggregateError [ECONNREFUSED]: 
    at C:\Users\ludin\Desktop\salidas\scanqueue\backend\node_modules\pg-pool\index.js:45:11
    at process.processTicksAndRejections (node:internal/process/task_queues:105:5)
    at async query (file:///C:/Users/ludin/Desktop/salidas/scanqueue/backend/src/config/database.js:25:18)
    at async Module.getScansToday (file:///C:/Users/ludin/Desktop/salidas/scanqueue/backend/src/models/Scan.js:23:15)
    at async getTodaySummary (file:///C:/Users/ludin/Desktop/salidas/scanqueue/backend/src/controllers/DashboardController.js:30:24)
Path: /api/dashboard/today

[2026-03-04T12:49:33.266Z] ERROR: 
Stack: AggregateError [ECONNREFUSED]: 
    at C:\Users\ludin\Desktop\salidas\scanqueue\backend\node_modules\pg-pool\index.js:45:11
    at process.processTicksAndRejections (node:internal/process/task_queues:105:5)
    at async query (file:///C:/Users/ludin/Desktop/salidas/scanqueue/backend/src/config/database.js:25:18)
    at async Module.getScansToday (file:///C:/Users/ludin/Desktop/salidas/scanqueue/backend/src/models/Scan.js:23:15)
    at async Module.getScanStatistics (file:///C:/Users/ludin/Desktop/salidas/scanqueue/backend/src/services/ScanService.js:76:24)
    at async getDashboardStats (file:///C:/Users/ludin/Desktop/salidas/scanqueue/backend/src/controllers/DashboardController.js:12:19)
Path: /api/dashboard/stats

[2026-03-04T12:49:33.268Z] ERROR: 
Stack: AggregateError [ECONNREFUSED]: 
    at C:\Users\ludin\Desktop\salidas\scanqueue\backend\node_modules\pg-pool\index.js:45:11
    at process.processTicksAndRejections (node:internal/process/task_queues:105:5)
    at async query (file:///C:/Users/ludin/Desktop/salidas/scanqueue/backend/src/config/database.js:25:18)
    at async Module.getScansToday (file:///C:/Users/ludin/Desktop/salidas/scanqueue/backend/src/models/Scan.js:23:15)
    at async getTodaySummary (file:///C:/Users/ludin/Desktop/salidas/scanqueue/backend/src/controllers/DashboardController.js:30:24)
Path: /api/dashboard/today

[2026-03-04T12:49:33.707Z] ERROR: 
Stack: AggregateError [ECONNREFUSED]: 
    at C:\Users\ludin\Desktop\salidas\scanqueue\backend\node_modules\pg-pool\index.js:45:11
    at process.processTicksAndRejections (node:internal/process/task_queues:105:5)
    at async query (file:///C:/Users/ludin/Desktop/salidas/scanqueue/backend/src/config/database.js:25:18)
    at async Module.getScansToday (file:///C:/Users/ludin/Desktop/salidas/scanqueue/backend/src/models/Scan.js:23:15)
    at async Module.getScanStatistics (file:///C:/Users/ludin/Desktop/salidas/scanqueue/backend/src/services/ScanService.js:76:24)
    at async getDashboardStats (file:///C:/Users/ludin/Desktop/salidas/scanqueue/backend/src/controllers/DashboardController.js:12:19)
Path: /api/dashboard/stats

[2026-03-04T12:49:33.709Z] ERROR: 
Stack: AggregateError [ECONNREFUSED]: 
    at C:\Users\ludin\Desktop\salidas\scanqueue\backend\node_modules\pg-pool\index.js:45:11
    at process.processTicksAndRejections (node:internal/process/task_queues:105:5)
    at async query (file:///C:/Users/ludin/Desktop/salidas/scanqueue/backend/src/config/database.js:25:18)
    at async Module.getScansToday (file:///C:/Users/ludin/Desktop/salidas/scanqueue/backend/src/models/Scan.js:23:15)
    at async getTodaySummary (file:///C:/Users/ludin/Desktop/salidas/scanqueue/backend/src/controllers/DashboardController.js:30:24)
Path: /api/dashboard/today

[2026-03-04T12:49:34.401Z] ERROR: 
Stack: AggregateError [ECONNREFUSED]: 
    at C:\Users\ludin\Desktop\salidas\scanqueue\backend\node_modules\pg-pool\index.js:45:11
    at process.processTicksAndRejections (node:internal/process/task_queues:105:5)
    at async query (file:///C:/Users/ludin/Desktop/salidas/scanqueue/backend/src/config/database.js:25:18)
    at async Module.getScansToday (file:///C:/Users/ludin/Desktop/salidas/scanqueue/backend/src/models/Scan.js:23:15)
    at async Module.getScanStatistics (file:///C:/Users/ludin/Desktop/salidas/scanqueue/backend/src/services/ScanService.js:76:24)
    at async getDashboardStats (file:///C:/Users/ludin/Desktop/salidas/scanqueue/backend/src/controllers/DashboardController.js:12:19)
Path: /api/dashboard/stats

[2026-03-04T12:49:34.403Z] ERROR: 
Stack: AggregateError [ECONNREFUSED]: 
    at C:\Users\ludin\Desktop\salidas\scanqueue\backend\node_modules\pg-pool\index.js:45:11
    at process.processTicksAndRejections (node:internal/process/task_queues:105:5)
    at async query (file:///C:/Users/ludin/Desktop/salidas/scanqueue/backend/src/config/database.js:25:18)
    at async Module.getScansToday (file:///C:/Users/ludin/Desktop/salidas/scanqueue/backend/src/models/Scan.js:23:15)
    at async getTodaySummary (file:///C:/Users/ludin/Desktop/salidas/scanqueue/backend/src/controllers/DashboardController.js:30:24)
Path: /api/dashboard/today

[2026-03-04T12:49:34.872Z] ERROR: 
Stack: AggregateError [ECONNREFUSED]: 
    at C:\Users\ludin\Desktop\salidas\scanqueue\backend\node_modules\pg-pool\index.js:45:11
    at process.processTicksAndRejections (node:internal/process/task_queues:105:5)
    at async query (file:///C:/Users/ludin/Desktop/salidas/scanqueue/backend/src/config/database.js:25:18)
    at async Module.getScansToday (file:///C:/Users/ludin/Desktop/salidas/scanqueue/backend/src/models/Scan.js:23:15)
    at async Module.getScanStatistics (file:///C:/Users/ludin/Desktop/salidas/scanqueue/backend/src/services/ScanService.js:76:24)
    at async getDashboardStats (file:///C:/Users/ludin/Desktop/salidas/scanqueue/backend/src/controllers/DashboardController.js:12:19)
Path: /api/dashboard/stats

[2026-03-04T12:49:34.875Z] ERROR: 
Stack: AggregateError [ECONNREFUSED]: 
    at C:\Users\ludin\Desktop\salidas\scanqueue\backend\node_modules\pg-pool\index.js:45:11
    at process.processTicksAndRejections (node:internal/process/task_queues:105:5)
    at async query (file:///C:/Users/ludin/Desktop/salidas/scanqueue/backend/src/config/database.js:25:18)
    at async Module.getScansToday (file:///C:/Users/ludin/Desktop/salidas/scanqueue/backend/src/models/Scan.js:23:15)
    at async getTodaySummary (file:///C:/Users/ludin/Desktop/salidas/scanqueue/backend/src/controllers/DashboardController.js:30:24)
Path: /api/dashboard/today

[2026-03-04T12:49:35.286Z] ERROR: 
Stack: AggregateError [ECONNREFUSED]: 
    at C:\Users\ludin\Desktop\salidas\scanqueue\backend\node_modules\pg-pool\index.js:45:11
    at process.processTicksAndRejections (node:internal/process/task_queues:105:5)
    at async query (file:///C:/Users/ludin/Desktop/salidas/scanqueue/backend/src/config/database.js:25:18)
    at async Module.getScansToday (file:///C:/Users/ludin/Desktop/salidas/scanqueue/backend/src/models/Scan.js:23:15)
    at async Module.getScanStatistics (file:///C:/Users/ludin/Desktop/salidas/scanqueue/backend/src/services/ScanService.js:76:24)
    at async getDashboardStats (file:///C:/Users/ludin/Desktop/salidas/scanqueue/backend/src/controllers/DashboardController.js:12:19)
Path: /api/dashboard/stats

[2026-03-04T12:49:35.289Z] ERROR: 
Stack: AggregateError [ECONNREFUSED]: 
    at C:\Users\ludin\Desktop\salidas\scanqueue\backend\node_modules\pg-pool\index.js:45:11
    at process.processTicksAndRejections (node:internal/process/task_queues:105:5)
    at async query (file:///C:/Users/ludin/Desktop/salidas/scanqueue/backend/src/config/database.js:25:18)
    at async Module.getScansToday (file:///C:/Users/ludin/Desktop/salidas/scanqueue/backend/src/models/Scan.js:23:15)
    at async getTodaySummary (file:///C:/Users/ludin/Desktop/salidas/scanqueue/backend/src/controllers/DashboardController.js:30:24)
Path: /api/dashboard/today

[2026-03-04T12:49:35.805Z] ERROR: 
Stack: AggregateError [ECONNREFUSED]: 
    at C:\Users\ludin\Desktop\salidas\scanqueue\backend\node_modules\pg-pool\index.js:45:11
    at process.processTicksAndRejections (node:internal/process/task_queues:105:5)
    at async query (file:///C:/Users/ludin/Desktop/salidas/scanqueue/backend/src/config/database.js:25:18)
    at async Module.getScansToday (file:///C:/Users/ludin/Desktop/salidas/scanqueue/backend/src/models/Scan.js:23:15)
    at async Module.getScanStatistics (file:///C:/Users/ludin/Desktop/salidas/scanqueue/backend/src/services/ScanService.js:76:24)
    at async getDashboardStats (file:///C:/Users/ludin/Desktop/salidas/scanqueue/backend/src/controllers/DashboardController.js:12:19)
Path: /api/dashboard/stats

[2026-03-04T12:49:35.807Z] ERROR: 
Stack: AggregateError [ECONNREFUSED]: 
    at C:\Users\ludin\Desktop\salidas\scanqueue\backend\node_modules\pg-pool\index.js:45:11
    at process.processTicksAndRejections (node:internal/process/task_queues:105:5)
    at async query (file:///C:/Users/ludin/Desktop/salidas/scanqueue/backend/src/config/database.js:25:18)
    at async Module.getScansToday (file:///C:/Users/ludin/Desktop/salidas/scanqueue/backend/src/models/Scan.js:23:15)
    at async getTodaySummary (file:///C:/Users/ludin/Desktop/salidas/scanqueue/backend/src/controllers/DashboardController.js:30:24)
Path: /api/dashboard/today

[2026-03-04T12:49:36.235Z] ERROR: 
Stack: AggregateError [ECONNREFUSED]: 
    at C:\Users\ludin\Desktop\salidas\scanqueue\backend\node_modules\pg-pool\index.js:45:11
    at process.processTicksAndRejections (node:internal/process/task_queues:105:5)
    at async query (file:///C:/Users/ludin/Desktop/salidas/scanqueue/backend/src/config/database.js:25:18)
    at async Module.getScansToday (file:///C:/Users/ludin/Desktop/salidas/scanqueue/backend/src/models/Scan.js:23:15)
    at async Module.getScanStatistics (file:///C:/Users/ludin/Desktop/salidas/scanqueue/backend/src/services/ScanService.js:76:24)
    at async getDashboardStats (file:///C:/Users/ludin/Desktop/salidas/scanqueue/backend/src/controllers/DashboardController.js:12:19)
Path: /api/dashboard/stats

[2026-03-04T12:49:36.238Z] ERROR: 
Stack: AggregateError [ECONNREFUSED]: 
    at C:\Users\ludin\Desktop\salidas\scanqueue\backend\node_modules\pg-pool\index.js:45:11
    at process.processTicksAndRejections (node:internal/process/task_queues:105:5)
    at async query (file:///C:/Users/ludin/Desktop/salidas/scanqueue/backend/src/config/database.js:25:18)
    at async Module.getScansToday (file:///C:/Users/ludin/Desktop/salidas/scanqueue/backend/src/models/Scan.js:23:15)
    at async getTodaySummary (file:///C:/Users/ludin/Desktop/salidas/scanqueue/backend/src/controllers/DashboardController.js:30:24)
Path: /api/dashboard/today

[2026-03-04T12:49:36.838Z] ERROR: 
Stack: AggregateError [ECONNREFUSED]: 
    at C:\Users\ludin\Desktop\salidas\scanqueue\backend\node_modules\pg-pool\index.js:45:11
    at process.processTicksAndRejections (node:internal/process/task_queues:105:5)
    at async query (file:///C:/Users/ludin/Desktop/salidas/scanqueue/backend/src/config/database.js:25:18)
    at async Module.getScansToday (file:///C:/Users/ludin/Desktop/salidas/scanqueue/backend/src/models/Scan.js:23:15)
    at async Module.getScanStatistics (file:///C:/Users/ludin/Desktop/salidas/scanqueue/backend/src/services/ScanService.js:76:24)
    at async getDashboardStats (file:///C:/Users/ludin/Desktop/salidas/scanqueue/backend/src/controllers/DashboardController.js:12:19)
Path: /api/dashboard/stats

[2026-03-04T12:49:36.841Z] ERROR: 
Stack: AggregateError [ECONNREFUSED]: 
    at C:\Users\ludin\Desktop\salidas\scanqueue\backend\node_modules\pg-pool\index.js:45:11
    at process.processTicksAndRejections (node:internal/process/task_queues:105:5)
    at async query (file:///C:/Users/ludin/Desktop/salidas/scanqueue/backend/src/config/database.js:25:18)
    at async Module.getScansToday (file:///C:/Users/ludin/Desktop/salidas/scanqueue/backend/src/models/Scan.js:23:15)
    at async getTodaySummary (file:///C:/Users/ludin/Desktop/salidas/scanqueue/backend/src/controllers/DashboardController.js:30:24)
Path: /api/dashboard/today

[2026-03-04T12:49:37.335Z] ERROR: 
Stack: AggregateError [ECONNREFUSED]: 
    at C:\Users\ludin\Desktop\salidas\scanqueue\backend\node_modules\pg-pool\index.js:45:11
    at process.processTicksAndRejections (node:internal/process/task_queues:105:5)
    at async query (file:///C:/Users/ludin/Desktop/salidas/scanqueue/backend/src/config/database.js:25:18)
    at async Module.getScansToday (file:///C:/Users/ludin/Desktop/salidas/scanqueue/backend/src/models/Scan.js:23:15)
    at async Module.getScanStatistics (file:///C:/Users/ludin/Desktop/salidas/scanqueue/backend/src/services/ScanService.js:76:24)
    at async getDashboardStats (file:///C:/Users/ludin/Desktop/salidas/scanqueue/backend/src/controllers/DashboardController.js:12:19)
Path: /api/dashboard/stats

[2026-03-04T12:49:37.337Z] ERROR: 
Stack: AggregateError [ECONNREFUSED]: 
    at C:\Users\ludin\Desktop\salidas\scanqueue\backend\node_modules\pg-pool\index.js:45:11
    at process.processTicksAndRejections (node:internal/process/task_queues:105:5)
    at async query (file:///C:/Users/ludin/Desktop/salidas/scanqueue/backend/src/config/database.js:25:18)
    at async Module.getScansToday (file:///C:/Users/ludin/Desktop/salidas/scanqueue/backend/src/models/Scan.js:23:15)
    at async getTodaySummary (file:///C:/Users/ludin/Desktop/salidas/scanqueue/backend/src/controllers/DashboardController.js:30:24)
Path: /api/dashboard/today

[2026-03-04T12:49:37.859Z] ERROR: 
Stack: AggregateError [ECONNREFUSED]: 
    at C:\Users\ludin\Desktop\salidas\scanqueue\backend\node_modules\pg-pool\index.js:45:11
    at process.processTicksAndRejections (node:internal/process/task_queues:105:5)
    at async query (file:///C:/Users/ludin/Desktop/salidas/scanqueue/backend/src/config/database.js:25:18)
    at async Module.getScansToday (file:///C:/Users/ludin/Desktop/salidas/scanqueue/backend/src/models/Scan.js:23:15)
    at async Module.getScanStatistics (file:///C:/Users/ludin/Desktop/salidas/scanqueue/backend/src/services/ScanService.js:76:24)
    at async getDashboardStats (file:///C:/Users/ludin/Desktop/salidas/scanqueue/backend/src/controllers/DashboardController.js:12:19)
Path: /api/dashboard/stats

[2026-03-04T12:49:37.863Z] ERROR: 
Stack: AggregateError [ECONNREFUSED]: 
    at C:\Users\ludin\Desktop\salidas\scanqueue\backend\node_modules\pg-pool\index.js:45:11
    at process.processTicksAndRejections (node:internal/process/task_queues:105:5)
    at async query (file:///C:/Users/ludin/Desktop/salidas/scanqueue/backend/src/config/database.js:25:18)
    at async Module.getScansToday (file:///C:/Users/ludin/Desktop/salidas/scanqueue/backend/src/models/Scan.js:23:15)
    at async getTodaySummary (file:///C:/Users/ludin/Desktop/salidas/scanqueue/backend/src/controllers/DashboardController.js:30:24)
Path: /api/dashboard/today

[2026-03-04T12:49:38.381Z] ERROR: 
Stack: AggregateError [ECONNREFUSED]: 
    at C:\Users\ludin\Desktop\salidas\scanqueue\backend\node_modules\pg-pool\index.js:45:11
    at process.processTicksAndRejections (node:internal/process/task_queues:105:5)
    at async query (file:///C:/Users/ludin/Desktop/salidas/scanqueue/backend/src/config/database.js:25:18)
    at async Module.getScansToday (file:///C:/Users/ludin/Desktop/salidas/scanqueue/backend/src/models/Scan.js:23:15)
    at async Module.getScanStatistics (file:///C:/Users/ludin/Desktop/salidas/scanqueue/backend/src/services/ScanService.js:76:24)
    at async getDashboardStats (file:///C:/Users/ludin/Desktop/salidas/scanqueue/backend/src/controllers/DashboardController.js:12:19)
Path: /api/dashboard/stats

[2026-03-04T12:49:38.384Z] ERROR: 
Stack: AggregateError [ECONNREFUSED]: 
    at C:\Users\ludin\Desktop\salidas\scanqueue\backend\node_modules\pg-pool\index.js:45:11
    at process.processTicksAndRejections (node:internal/process/task_queues:105:5)
    at async query (file:///C:/Users/ludin/Desktop/salidas/scanqueue/backend/src/config/database.js:25:18)
    at async Module.getScansToday (file:///C:/Users/ludin/Desktop/salidas/scanqueue/backend/src/models/Scan.js:23:15)
    at async getTodaySummary (file:///C:/Users/ludin/Desktop/salidas/scanqueue/backend/src/controllers/DashboardController.js:30:24)
Path: /api/dashboard/today

[2026-03-04T12:49:38.776Z] ERROR: 
Stack: AggregateError [ECONNREFUSED]: 
    at C:\Users\ludin\Desktop\salidas\scanqueue\backend\node_modules\pg-pool\index.js:45:11
    at process.processTicksAndRejections (node:internal/process/task_queues:105:5)
    at async query (file:///C:/Users/ludin/Desktop/salidas/scanqueue/backend/src/config/database.js:25:18)
    at async Module.getScansToday (file:///C:/Users/ludin/Desktop/salidas/scanqueue/backend/src/models/Scan.js:23:15)
    at async Module.getScanStatistics (file:///C:/Users/ludin/Desktop/salidas/scanqueue/backend/src/services/ScanService.js:76:24)
    at async getDashboardStats (file:///C:/Users/ludin/Desktop/salidas/scanqueue/backend/src/controllers/DashboardController.js:12:19)
Path: /api/dashboard/stats

[2026-03-04T12:49:38.779Z] ERROR: 
Stack: AggregateError [ECONNREFUSED]: 
    at C:\Users\ludin\Desktop\salidas\scanqueue\backend\node_modules\pg-pool\index.js:45:11
    at process.processTicksAndRejections (node:internal/process/task_queues:105:5)
    at async query (file:///C:/Users/ludin/Desktop/salidas/scanqueue/backend/src/config/database.js:25:18)
    at async Module.getScansToday (file:///C:/Users/ludin/Desktop/salidas/scanqueue/backend/src/models/Scan.js:23:15)
    at async getTodaySummary (file:///C:/Users/ludin/Desktop/salidas/scanqueue/backend/src/controllers/DashboardController.js:30:24)
Path: /api/dashboard/today

[2026-03-04T12:49:39.365Z] ERROR: 
Stack: AggregateError [ECONNREFUSED]: 
    at C:\Users\ludin\Desktop\salidas\scanqueue\backend\node_modules\pg-pool\index.js:45:11
    at process.processTicksAndRejections (node:internal/process/task_queues:105:5)
    at async query (file:///C:/Users/ludin/Desktop/salidas/scanqueue/backend/src/config/database.js:25:18)
    at async Module.getScansToday (file:///C:/Users/ludin/Desktop/salidas/scanqueue/backend/src/models/Scan.js:23:15)
    at async Module.getScanStatistics (file:///C:/Users/ludin/Desktop/salidas/scanqueue/backend/src/services/ScanService.js:76:24)
    at async getDashboardStats (file:///C:/Users/ludin/Desktop/salidas/scanqueue/backend/src/controllers/DashboardController.js:12:19)
Path: /api/dashboard/stats

[2026-03-04T12:49:39.369Z] ERROR: 
Stack: AggregateError [ECONNREFUSED]: 
    at C:\Users\ludin\Desktop\salidas\scanqueue\backend\node_modules\pg-pool\index.js:45:11
    at process.processTicksAndRejections (node:internal/process/task_queues:105:5)
    at async query (file:///C:/Users/ludin/Desktop/salidas/scanqueue/backend/src/config/database.js:25:18)
    at async Module.getScansToday (file:///C:/Users/ludin/Desktop/salidas/scanqueue/backend/src/models/Scan.js:23:15)
    at async getTodaySummary (file:///C:/Users/ludin/Desktop/salidas/scanqueue/backend/src/controllers/DashboardController.js:30:24)
Path: /api/dashboard/today

[2026-03-04T12:49:39.832Z] ERROR: 
Stack: AggregateError [ECONNREFUSED]: 
    at C:\Users\ludin\Desktop\salidas\scanqueue\backend\node_modules\pg-pool\index.js:45:11
    at process.processTicksAndRejections (node:internal/process/task_queues:105:5)
    at async query (file:///C:/Users/ludin/Desktop/salidas/scanqueue/backend/src/config/database.js:25:18)
    at async Module.getScansToday (file:///C:/Users/ludin/Desktop/salidas/scanqueue/backend/src/models/Scan.js:23:15)
    at async Module.getScanStatistics (file:///C:/Users/ludin/Desktop/salidas/scanqueue/backend/src/services/ScanService.js:76:24)
    at async getDashboardStats (file:///C:/Users/ludin/Desktop/salidas/scanqueue/backend/src/controllers/DashboardController.js:12:19)
Path: /api/dashboard/stats

[2026-03-04T12:49:39.835Z] ERROR: 
Stack: AggregateError [ECONNREFUSED]: 
    at C:\Users\ludin\Desktop\salidas\scanqueue\backend\node_modules\pg-pool\index.js:45:11
    at process.processTicksAndRejections (node:internal/process/task_queues:105:5)
    at async query (file:///C:/Users/ludin/Desktop/salidas/scanqueue/backend/src/config/database.js:25:18)
    at async Module.getScansToday (file:///C:/Users/ludin/Desktop/salidas/scanqueue/backend/src/models/Scan.js:23:15)
    at async getTodaySummary (file:///C:/Users/ludin/Desktop/salidas/scanqueue/backend/src/controllers/DashboardController.js:30:24)
Path: /api/dashboard/today

[2026-03-04T12:49:40.331Z] ERROR: 
Stack: AggregateError [ECONNREFUSED]: 
    at C:\Users\ludin\Desktop\salidas\scanqueue\backend\node_modules\pg-pool\index.js:45:11
    at process.processTicksAndRejections (node:internal/process/task_queues:105:5)
    at async query (file:///C:/Users/ludin/Desktop/salidas/scanqueue/backend/src/config/database.js:25:18)
    at async Module.getScansToday (file:///C:/Users/ludin/Desktop/salidas/scanqueue/backend/src/models/Scan.js:23:15)
    at async Module.getScanStatistics (file:///C:/Users/ludin/Desktop/salidas/scanqueue/backend/src/services/ScanService.js:76:24)
    at async getDashboardStats (file:///C:/Users/ludin/Desktop/salidas/scanqueue/backend/src/controllers/DashboardController.js:12:19)
Path: /api/dashboard/stats

[2026-03-04T12:49:40.332Z] ERROR: 
Stack: AggregateError [ECONNREFUSED]: 
    at C:\Users\ludin\Desktop\salidas\scanqueue\backend\node_modules\pg-pool\index.js:45:11
    at process.processTicksAndRejections (node:internal/process/task_queues:105:5)
    at async query (file:///C:/Users/ludin/Desktop/salidas/scanqueue/backend/src/config/database.js:25:18)
    at async Module.getScansToday (file:///C:/Users/ludin/Desktop/salidas/scanqueue/backend/src/models/Scan.js:23:15)
    at async getTodaySummary (file:///C:/Users/ludin/Desktop/salidas/scanqueue/backend/src/controllers/DashboardController.js:30:24)
Path: /api/dashboard/today

[2026-03-04T12:49:40.761Z] ERROR: 
Stack: AggregateError [ECONNREFUSED]: 
    at C:\Users\ludin\Desktop\salidas\scanqueue\backend\node_modules\pg-pool\index.js:45:11
    at process.processTicksAndRejections (node:internal/process/task_queues:105:5)
    at async query (file:///C:/Users/ludin/Desktop/salidas/scanqueue/backend/src/config/database.js:25:18)
    at async Module.getScansToday (file:///C:/Users/ludin/Desktop/salidas/scanqueue/backend/src/models/Scan.js:23:15)
    at async Module.getScanStatistics (file:///C:/Users/ludin/Desktop/salidas/scanqueue/backend/src/services/ScanService.js:76:24)
    at async getDashboardStats (file:///C:/Users/ludin/Desktop/salidas/scanqueue/backend/src/controllers/DashboardController.js:12:19)
Path: /api/dashboard/stats

[2026-03-04T12:49:40.764Z] ERROR: 
Stack: AggregateError [ECONNREFUSED]: 
    at C:\Users\ludin\Desktop\salidas\scanqueue\backend\node_modules\pg-pool\index.js:45:11
    at process.processTicksAndRejections (node:internal/process/task_queues:105:5)
    at async query (file:///C:/Users/ludin/Desktop/salidas/scanqueue/backend/src/config/database.js:25:18)
    at async Module.getScansToday (file:///C:/Users/ludin/Desktop/salidas/scanqueue/backend/src/models/Scan.js:23:15)
    at async getTodaySummary (file:///C:/Users/ludin/Desktop/salidas/scanqueue/backend/src/controllers/DashboardController.js:30:24)
Path: /api/dashboard/today

[2026-03-04T12:49:41.227Z] ERROR: 
Stack: AggregateError [ECONNREFUSED]: 
    at C:\Users\ludin\Desktop\salidas\scanqueue\backend\node_modules\pg-pool\index.js:45:11
    at process.processTicksAndRejections (node:internal/process/task_queues:105:5)
    at async query (file:///C:/Users/ludin/Desktop/salidas/scanqueue/backend/src/config/database.js:25:18)
    at async Module.getScansToday (file:///C:/Users/ludin/Desktop/salidas/scanqueue/backend/src/models/Scan.js:23:15)
    at async Module.getScanStatistics (file:///C:/Users/ludin/Desktop/salidas/scanqueue/backend/src/services/ScanService.js:76:24)
    at async getDashboardStats (file:///C:/Users/ludin/Desktop/salidas/scanqueue/backend/src/controllers/DashboardController.js:12:19)
Path: /api/dashboard/stats

[2026-03-04T12:49:41.230Z] ERROR: 
Stack: AggregateError [ECONNREFUSED]: 
    at C:\Users\ludin\Desktop\salidas\scanqueue\backend\node_modules\pg-pool\index.js:45:11
    at process.processTicksAndRejections (node:internal/process/task_queues:105:5)
    at async query (file:///C:/Users/ludin/Desktop/salidas/scanqueue/backend/src/config/database.js:25:18)
    at async Module.getScansToday (file:///C:/Users/ludin/Desktop/salidas/scanqueue/backend/src/models/Scan.js:23:15)
    at async getTodaySummary (file:///C:/Users/ludin/Desktop/salidas/scanqueue/backend/src/controllers/DashboardController.js:30:24)
Path: /api/dashboard/today

[2026-03-04T12:49:41.792Z] ERROR: 
Stack: AggregateError [ECONNREFUSED]: 
    at C:\Users\ludin\Desktop\salidas\scanqueue\backend\node_modules\pg-pool\index.js:45:11
    at process.processTicksAndRejections (node:internal/process/task_queues:105:5)
    at async query (file:///C:/Users/ludin/Desktop/salidas/scanqueue/backend/src/config/database.js:25:18)
    at async Module.getScansToday (file:///C:/Users/ludin/Desktop/salidas/scanqueue/backend/src/models/Scan.js:23:15)
    at async Module.getScanStatistics (file:///C:/Users/ludin/Desktop/salidas/scanqueue/backend/src/services/ScanService.js:76:24)
    at async getDashboardStats (file:///C:/Users/ludin/Desktop/salidas/scanqueue/backend/src/controllers/DashboardController.js:12:19)
Path: /api/dashboard/stats

[2026-03-04T12:49:41.800Z] ERROR: 
Stack: AggregateError [ECONNREFUSED]: 
    at C:\Users\ludin\Desktop\salidas\scanqueue\backend\node_modules\pg-pool\index.js:45:11
    at process.processTicksAndRejections (node:internal/process/task_queues:105:5)
    at async query (file:///C:/Users/ludin/Desktop/salidas/scanqueue/backend/src/config/database.js:25:18)
    at async Module.getScansToday (file:///C:/Users/ludin/Desktop/salidas/scanqueue/backend/src/models/Scan.js:23:15)
    at async getTodaySummary (file:///C:/Users/ludin/Desktop/salidas/scanqueue/backend/src/controllers/DashboardController.js:30:24)
Path: /api/dashboard/today

[2026-03-04T12:49:42.306Z] ERROR: 
Stack: AggregateError [ECONNREFUSED]: 
    at C:\Users\ludin\Desktop\salidas\scanqueue\backend\node_modules\pg-pool\index.js:45:11
    at process.processTicksAndRejections (node:internal/process/task_queues:105:5)
    at async query (file:///C:/Users/ludin/Desktop/salidas/scanqueue/backend/src/config/database.js:25:18)
    at async Module.getScansToday (file:///C:/Users/ludin/Desktop/salidas/scanqueue/backend/src/models/Scan.js:23:15)
    at async Module.getScanStatistics (file:///C:/Users/ludin/Desktop/salidas/scanqueue/backend/src/services/ScanService.js:76:24)
    at async getDashboardStats (file:///C:/Users/ludin/Desktop/salidas/scanqueue/backend/src/controllers/DashboardController.js:12:19)
Path: /api/dashboard/stats

[2026-03-04T12:49:42.312Z] ERROR: 
Stack: AggregateError [ECONNREFUSED]: 
    at C:\Users\ludin\Desktop\salidas\scanqueue\backend\node_modules\pg-pool\index.js:45:11
    at process.processTicksAndRejections (node:internal/process/task_queues:105:5)
    at async query (file:///C:/Users/ludin/Desktop/salidas/scanqueue/backend/src/config/database.js:25:18)
    at async Module.getScansToday (file:///C:/Users/ludin/Desktop/salidas/scanqueue/backend/src/models/Scan.js:23:15)
    at async getTodaySummary (file:///C:/Users/ludin/Desktop/salidas/scanqueue/backend/src/controllers/DashboardController.js:30:24)
Path: /api/dashboard/today

[2026-03-04T12:49:42.875Z] ERROR: 
Stack: AggregateError [ECONNREFUSED]: 
    at C:\Users\ludin\Desktop\salidas\scanqueue\backend\node_modules\pg-pool\index.js:45:11
    at process.processTicksAndRejections (node:internal/process/task_queues:105:5)
    at async query (file:///C:/Users/ludin/Desktop/salidas/scanqueue/backend/src/config/database.js:25:18)
    at async Module.getScansToday (file:///C:/Users/ludin/Desktop/salidas/scanqueue/backend/src/models/Scan.js:23:15)
    at async Module.getScanStatistics (file:///C:/Users/ludin/Desktop/salidas/scanqueue/backend/src/services/ScanService.js:76:24)
    at async getDashboardStats (file:///C:/Users/ludin/Desktop/salidas/scanqueue/backend/src/controllers/DashboardController.js:12:19)
Path: /api/dashboard/stats

[2026-03-04T12:49:42.877Z] ERROR: 
Stack: AggregateError [ECONNREFUSED]: 
    at C:\Users\ludin\Desktop\salidas\scanqueue\backend\node_modules\pg-pool\index.js:45:11
    at process.processTicksAndRejections (node:internal/process/task_queues:105:5)
    at async query (file:///C:/Users/ludin/Desktop/salidas/scanqueue/backend/src/config/database.js:25:18)
    at async Module.getScansToday (file:///C:/Users/ludin/Desktop/salidas/scanqueue/backend/src/models/Scan.js:23:15)
    at async getTodaySummary (file:///C:/Users/ludin/Desktop/salidas/scanqueue/backend/src/controllers/DashboardController.js:30:24)
Path: /api/dashboard/today

[2026-03-04T12:49:43.348Z] ERROR: 
Stack: AggregateError [ECONNREFUSED]: 
    at C:\Users\ludin\Desktop\salidas\scanqueue\backend\node_modules\pg-pool\index.js:45:11
    at process.processTicksAndRejections (node:internal/process/task_queues:105:5)
    at async query (file:///C:/Users/ludin/Desktop/salidas/scanqueue/backend/src/config/database.js:25:18)
    at async Module.getScansToday (file:///C:/Users/ludin/Desktop/salidas/scanqueue/backend/src/models/Scan.js:23:15)
    at async Module.getScanStatistics (file:///C:/Users/ludin/Desktop/salidas/scanqueue/backend/src/services/ScanService.js:76:24)
    at async getDashboardStats (file:///C:/Users/ludin/Desktop/salidas/scanqueue/backend/src/controllers/DashboardController.js:12:19)
Path: /api/dashboard/stats

[2026-03-04T12:49:43.350Z] ERROR: 
Stack: AggregateError [ECONNREFUSED]: 
    at C:\Users\ludin\Desktop\salidas\scanqueue\backend\node_modules\pg-pool\index.js:45:11
    at process.processTicksAndRejections (node:internal/process/task_queues:105:5)
    at async query (file:///C:/Users/ludin/Desktop/salidas/scanqueue/backend/src/config/database.js:25:18)
    at async Module.getScansToday (file:///C:/Users/ludin/Desktop/salidas/scanqueue/backend/src/models/Scan.js:23:15)
    at async getTodaySummary (file:///C:/Users/ludin/Desktop/salidas/scanqueue/backend/src/controllers/DashboardController.js:30:24)
Path: /api/dashboard/today

[2026-03-04T12:49:43.931Z] ERROR: 
Stack: AggregateError [ECONNREFUSED]: 
    at C:\Users\ludin\Desktop\salidas\scanqueue\backend\node_modules\pg-pool\index.js:45:11
    at process.processTicksAndRejections (node:internal/process/task_queues:105:5)
    at async query (file:///C:/Users/ludin/Desktop/salidas/scanqueue/backend/src/config/database.js:25:18)
    at async Module.getScansToday (file:///C:/Users/ludin/Desktop/salidas/scanqueue/backend/src/models/Scan.js:23:15)
    at async Module.getScanStatistics (file:///C:/Users/ludin/Desktop/salidas/scanqueue/backend/src/services/ScanService.js:76:24)
    at async getDashboardStats (file:///C:/Users/ludin/Desktop/salidas/scanqueue/backend/src/controllers/DashboardController.js:12:19)
Path: /api/dashboard/stats

[2026-03-04T12:49:43.933Z] ERROR: 
Stack: AggregateError [ECONNREFUSED]: 
    at C:\Users\ludin\Desktop\salidas\scanqueue\backend\node_modules\pg-pool\index.js:45:11
    at process.processTicksAndRejections (node:internal/process/task_queues:105:5)
    at async query (file:///C:/Users/ludin/Desktop/salidas/scanqueue/backend/src/config/database.js:25:18)
    at async Module.getScansToday (file:///C:/Users/ludin/Desktop/salidas/scanqueue/backend/src/models/Scan.js:23:15)
    at async getTodaySummary (file:///C:/Users/ludin/Desktop/salidas/scanqueue/backend/src/controllers/DashboardController.js:30:24)
Path: /api/dashboard/today

[2026-03-04T12:49:44.417Z] ERROR: 
Stack: AggregateError [ECONNREFUSED]: 
    at C:\Users\ludin\Desktop\salidas\scanqueue\backend\node_modules\pg-pool\index.js:45:11
    at process.processTicksAndRejections (node:internal/process/task_queues:105:5)
    at async query (file:///C:/Users/ludin/Desktop/salidas/scanqueue/backend/src/config/database.js:25:18)
    at async Module.getScansToday (file:///C:/Users/ludin/Desktop/salidas/scanqueue/backend/src/models/Scan.js:23:15)
    at async Module.getScanStatistics (file:///C:/Users/ludin/Desktop/salidas/scanqueue/backend/src/services/ScanService.js:76:24)
    at async getDashboardStats (file:///C:/Users/ludin/Desktop/salidas/scanqueue/backend/src/controllers/DashboardController.js:12:19)
Path: /api/dashboard/stats

[2026-03-04T12:49:44.420Z] ERROR: 
Stack: AggregateError [ECONNREFUSED]: 
    at C:\Users\ludin\Desktop\salidas\scanqueue\backend\node_modules\pg-pool\index.js:45:11
    at process.processTicksAndRejections (node:internal/process/task_queues:105:5)
    at async query (file:///C:/Users/ludin/Desktop/salidas/scanqueue/backend/src/config/database.js:25:18)
    at async Module.getScansToday (file:///C:/Users/ludin/Desktop/salidas/scanqueue/backend/src/models/Scan.js:23:15)
    at async getTodaySummary (file:///C:/Users/ludin/Desktop/salidas/scanqueue/backend/src/controllers/DashboardController.js:30:24)
Path: /api/dashboard/today

[2026-03-04T12:49:44.809Z] ERROR: 
Stack: AggregateError [ECONNREFUSED]: 
    at C:\Users\ludin\Desktop\salidas\scanqueue\backend\node_modules\pg-pool\index.js:45:11
    at process.processTicksAndRejections (node:internal/process/task_queues:105:5)
    at async query (file:///C:/Users/ludin/Desktop/salidas/scanqueue/backend/src/config/database.js:25:18)
    at async Module.getScansToday (file:///C:/Users/ludin/Desktop/salidas/scanqueue/backend/src/models/Scan.js:23:15)
    at async Module.getScanStatistics (file:///C:/Users/ludin/Desktop/salidas/scanqueue/backend/src/services/ScanService.js:76:24)
    at async getDashboardStats (file:///C:/Users/ludin/Desktop/salidas/scanqueue/backend/src/controllers/DashboardController.js:12:19)
Path: /api/dashboard/stats

[2026-03-04T12:49:44.810Z] ERROR: 
Stack: AggregateError [ECONNREFUSED]: 
    at C:\Users\ludin\Desktop\salidas\scanqueue\backend\node_modules\pg-pool\index.js:45:11
    at process.processTicksAndRejections (node:internal/process/task_queues:105:5)
    at async query (file:///C:/Users/ludin/Desktop/salidas/scanqueue/backend/src/config/database.js:25:18)
    at async Module.getScansToday (file:///C:/Users/ludin/Desktop/salidas/scanqueue/backend/src/models/Scan.js:23:15)
    at async getTodaySummary (file:///C:/Users/ludin/Desktop/salidas/scanqueue/backend/src/controllers/DashboardController.js:30:24)
Path: /api/dashboard/today

[2026-03-04T12:49:45.337Z] ERROR: 
Stack: AggregateError [ECONNREFUSED]: 
    at C:\Users\ludin\Desktop\salidas\scanqueue\backend\node_modules\pg-pool\index.js:45:11
    at process.processTicksAndRejections (node:internal/process/task_queues:105:5)
    at async query (file:///C:/Users/ludin/Desktop/salidas/scanqueue/backend/src/config/database.js:25:18)
    at async Module.getScansToday (file:///C:/Users/ludin/Desktop/salidas/scanqueue/backend/src/models/Scan.js:23:15)
    at async Module.getScanStatistics (file:///C:/Users/ludin/Desktop/salidas/scanqueue/backend/src/services/ScanService.js:76:24)
    at async getDashboardStats (file:///C:/Users/ludin/Desktop/salidas/scanqueue/backend/src/controllers/DashboardController.js:12:19)
Path: /api/dashboard/stats

[2026-03-04T12:49:45.340Z] ERROR: 
Stack: AggregateError [ECONNREFUSED]: 
    at C:\Users\ludin\Desktop\salidas\scanqueue\backend\node_modules\pg-pool\index.js:45:11
    at process.processTicksAndRejections (node:internal/process/task_queues:105:5)
    at async query (file:///C:/Users/ludin/Desktop/salidas/scanqueue/backend/src/config/database.js:25:18)
    at async Module.getScansToday (file:///C:/Users/ludin/Desktop/salidas/scanqueue/backend/src/models/Scan.js:23:15)
    at async getTodaySummary (file:///C:/Users/ludin/Desktop/salidas/scanqueue/backend/src/controllers/DashboardController.js:30:24)
Path: /api/dashboard/today

[2026-03-04T12:49:45.736Z] ERROR: 
Stack: AggregateError [ECONNREFUSED]: 
    at C:\Users\ludin\Desktop\salidas\scanqueue\backend\node_modules\pg-pool\index.js:45:11
    at process.processTicksAndRejections (node:internal/process/task_queues:105:5)
    at async query (file:///C:/Users/ludin/Desktop/salidas/scanqueue/backend/src/config/database.js:25:18)
    at async Module.getScansToday (file:///C:/Users/ludin/Desktop/salidas/scanqueue/backend/src/models/Scan.js:23:15)
    at async Module.getScanStatistics (file:///C:/Users/ludin/Desktop/salidas/scanqueue/backend/src/services/ScanService.js:76:24)
    at async getDashboardStats (file:///C:/Users/ludin/Desktop/salidas/scanqueue/backend/src/controllers/DashboardController.js:12:19)
Path: /api/dashboard/stats

[2026-03-04T12:49:45.739Z] ERROR: 
Stack: AggregateError [ECONNREFUSED]: 
    at C:\Users\ludin\Desktop\salidas\scanqueue\backend\node_modules\pg-pool\index.js:45:11
    at process.processTicksAndRejections (node:internal/process/task_queues:105:5)
    at async query (file:///C:/Users/ludin/Desktop/salidas/scanqueue/backend/src/config/database.js:25:18)
    at async Module.getScansToday (file:///C:/Users/ludin/Desktop/salidas/scanqueue/backend/src/models/Scan.js:23:15)
    at async getTodaySummary (file:///C:/Users/ludin/Desktop/salidas/scanqueue/backend/src/controllers/DashboardController.js:30:24)
Path: /api/dashboard/today

[2026-03-04T12:49:46.297Z] ERROR: 
Stack: AggregateError [ECONNREFUSED]: 
    at C:\Users\ludin\Desktop\salidas\scanqueue\backend\node_modules\pg-pool\index.js:45:11
    at process.processTicksAndRejections (node:internal/process/task_queues:105:5)
    at async query (file:///C:/Users/ludin/Desktop/salidas/scanqueue/backend/src/config/database.js:25:18)
    at async Module.getScansToday (file:///C:/Users/ludin/Desktop/salidas/scanqueue/backend/src/models/Scan.js:23:15)
    at async Module.getScanStatistics (file:///C:/Users/ludin/Desktop/salidas/scanqueue/backend/src/services/ScanService.js:76:24)
    at async getDashboardStats (file:///C:/Users/ludin/Desktop/salidas/scanqueue/backend/src/controllers/DashboardController.js:12:19)
Path: /api/dashboard/stats

[2026-03-04T12:49:46.300Z] ERROR: 
Stack: AggregateError [ECONNREFUSED]: 
    at C:\Users\ludin\Desktop\salidas\scanqueue\backend\node_modules\pg-pool\index.js:45:11
    at process.processTicksAndRejections (node:internal/process/task_queues:105:5)
    at async query (file:///C:/Users/ludin/Desktop/salidas/scanqueue/backend/src/config/database.js:25:18)
    at async Module.getScansToday (file:///C:/Users/ludin/Desktop/salidas/scanqueue/backend/src/models/Scan.js:23:15)
    at async getTodaySummary (file:///C:/Users/ludin/Desktop/salidas/scanqueue/backend/src/controllers/DashboardController.js:30:24)
Path: /api/dashboard/today

[2026-03-04T12:49:46.726Z] ERROR: 
Stack: AggregateError [ECONNREFUSED]: 
    at C:\Users\ludin\Desktop\salidas\scanqueue\backend\node_modules\pg-pool\index.js:45:11
    at process.processTicksAndRejections (node:internal/process/task_queues:105:5)
    at async query (file:///C:/Users/ludin/Desktop/salidas/scanqueue/backend/src/config/database.js:25:18)
    at async Module.getScansToday (file:///C:/Users/ludin/Desktop/salidas/scanqueue/backend/src/models/Scan.js:23:15)
    at async Module.getScanStatistics (file:///C:/Users/ludin/Desktop/salidas/scanqueue/backend/src/services/ScanService.js:76:24)
    at async getDashboardStats (file:///C:/Users/ludin/Desktop/salidas/scanqueue/backend/src/controllers/DashboardController.js:12:19)
Path: /api/dashboard/stats

[2026-03-04T12:49:46.728Z] ERROR: 
Stack: AggregateError [ECONNREFUSED]: 
    at C:\Users\ludin\Desktop\salidas\scanqueue\backend\node_modules\pg-pool\index.js:45:11
    at process.processTicksAndRejections (node:internal/process/task_queues:105:5)
    at async query (file:///C:/Users/ludin/Desktop/salidas/scanqueue/backend/src/config/database.js:25:18)
    at async Module.getScansToday (file:///C:/Users/ludin/Desktop/salidas/scanqueue/backend/src/models/Scan.js:23:15)
    at async getTodaySummary (file:///C:/Users/ludin/Desktop/salidas/scanqueue/backend/src/controllers/DashboardController.js:30:24)
Path: /api/dashboard/today

[2026-03-04T12:49:47.217Z] ERROR: 
Stack: AggregateError [ECONNREFUSED]: 
    at C:\Users\ludin\Desktop\salidas\scanqueue\backend\node_modules\pg-pool\index.js:45:11
    at process.processTicksAndRejections (node:internal/process/task_queues:105:5)
    at async query (file:///C:/Users/ludin/Desktop/salidas/scanqueue/backend/src/config/database.js:25:18)
    at async Module.getScansToday (file:///C:/Users/ludin/Desktop/salidas/scanqueue/backend/src/models/Scan.js:23:15)
    at async Module.getScanStatistics (file:///C:/Users/ludin/Desktop/salidas/scanqueue/backend/src/services/ScanService.js:76:24)
    at async getDashboardStats (file:///C:/Users/ludin/Desktop/salidas/scanqueue/backend/src/controllers/DashboardController.js:12:19)
Path: /api/dashboard/stats

[2026-03-04T12:49:47.220Z] ERROR: 
Stack: AggregateError [ECONNREFUSED]: 
    at C:\Users\ludin\Desktop\salidas\scanqueue\backend\node_modules\pg-pool\index.js:45:11
    at process.processTicksAndRejections (node:internal/process/task_queues:105:5)
    at async query (file:///C:/Users/ludin/Desktop/salidas/scanqueue/backend/src/config/database.js:25:18)
    at async Module.getScansToday (file:///C:/Users/ludin/Desktop/salidas/scanqueue/backend/src/models/Scan.js:23:15)
    at async getTodaySummary (file:///C:/Users/ludin/Desktop/salidas/scanqueue/backend/src/controllers/DashboardController.js:30:24)
Path: /api/dashboard/today

[2026-03-04T12:49:48.183Z] ERROR: 
Stack: AggregateError [ECONNREFUSED]: 
    at C:\Users\ludin\Desktop\salidas\scanqueue\backend\node_modules\pg-pool\index.js:45:11
    at process.processTicksAndRejections (node:internal/process/task_queues:105:5)
    at async query (file:///C:/Users/ludin/Desktop/salidas/scanqueue/backend/src/config/database.js:25:18)
    at async Module.getScansToday (file:///C:/Users/ludin/Desktop/salidas/scanqueue/backend/src/models/Scan.js:23:15)
    at async Module.getScanStatistics (file:///C:/Users/ludin/Desktop/salidas/scanqueue/backend/src/services/ScanService.js:76:24)
    at async getDashboardStats (file:///C:/Users/ludin/Desktop/salidas/scanqueue/backend/src/controllers/DashboardController.js:12:19)
Path: /api/dashboard/stats

[2026-03-04T12:49:48.193Z] ERROR: 
Stack: AggregateError [ECONNREFUSED]: 
    at C:\Users\ludin\Desktop\salidas\scanqueue\backend\node_modules\pg-pool\index.js:45:11
    at process.processTicksAndRejections (node:internal/process/task_queues:105:5)
    at async query (file:///C:/Users/ludin/Desktop/salidas/scanqueue/backend/src/config/database.js:25:18)
    at async Module.getScansToday (file:///C:/Users/ludin/Desktop/salidas/scanqueue/backend/src/models/Scan.js:23:15)
    at async getTodaySummary (file:///C:/Users/ludin/Desktop/salidas/scanqueue/backend/src/controllers/DashboardController.js:30:24)
Path: /api/dashboard/today

[2026-03-04T12:49:48.713Z] ERROR: 
Stack: AggregateError [ECONNREFUSED]: 
    at C:\Users\ludin\Desktop\salidas\scanqueue\backend\node_modules\pg-pool\index.js:45:11
    at process.processTicksAndRejections (node:internal/process/task_queues:105:5)
    at async query (file:///C:/Users/ludin/Desktop/salidas/scanqueue/backend/src/config/database.js:25:18)
    at async Module.getScansToday (file:///C:/Users/ludin/Desktop/salidas/scanqueue/backend/src/models/Scan.js:23:15)
    at async Module.getScanStatistics (file:///C:/Users/ludin/Desktop/salidas/scanqueue/backend/src/services/ScanService.js:76:24)
    at async getDashboardStats (file:///C:/Users/ludin/Desktop/salidas/scanqueue/backend/src/controllers/DashboardController.js:12:19)
Path: /api/dashboard/stats

[2026-03-04T12:49:48.716Z] ERROR: 
Stack: AggregateError [ECONNREFUSED]: 
    at C:\Users\ludin\Desktop\salidas\scanqueue\backend\node_modules\pg-pool\index.js:45:11
    at process.processTicksAndRejections (node:internal/process/task_queues:105:5)
    at async query (file:///C:/Users/ludin/Desktop/salidas/scanqueue/backend/src/config/database.js:25:18)
    at async Module.getScansToday (file:///C:/Users/ludin/Desktop/salidas/scanqueue/backend/src/models/Scan.js:23:15)
    at async getTodaySummary (file:///C:/Users/ludin/Desktop/salidas/scanqueue/backend/src/controllers/DashboardController.js:30:24)
Path: /api/dashboard/today

[2026-03-04T12:49:49.291Z] ERROR: 
Stack: AggregateError [ECONNREFUSED]: 
    at C:\Users\ludin\Desktop\salidas\scanqueue\backend\node_modules\pg-pool\index.js:45:11
    at process.processTicksAndRejections (node:internal/process/task_queues:105:5)
    at async query (file:///C:/Users/ludin/Desktop/salidas/scanqueue/backend/src/config/database.js:25:18)
    at async Module.getScansToday (file:///C:/Users/ludin/Desktop/salidas/scanqueue/backend/src/models/Scan.js:23:15)
    at async Module.getScanStatistics (file:///C:/Users/ludin/Desktop/salidas/scanqueue/backend/src/services/ScanService.js:76:24)
    at async getDashboardStats (file:///C:/Users/ludin/Desktop/salidas/scanqueue/backend/src/controllers/DashboardController.js:12:19)
Path: /api/dashboard/stats

[2026-03-04T12:49:49.421Z] ERROR: 
Stack: AggregateError [ECONNREFUSED]: 
    at C:\Users\ludin\Desktop\salidas\scanqueue\backend\node_modules\pg-pool\index.js:45:11
    at process.processTicksAndRejections (node:internal/process/task_queues:105:5)
    at async query (file:///C:/Users/ludin/Desktop/salidas/scanqueue/backend/src/config/database.js:25:18)
    at async Module.getScansToday (file:///C:/Users/ludin/Desktop/salidas/scanqueue/backend/src/models/Scan.js:23:15)
    at async getTodaySummary (file:///C:/Users/ludin/Desktop/salidas/scanqueue/backend/src/controllers/DashboardController.js:30:24)
Path: /api/dashboard/today

[2026-03-04T12:49:50.422Z] ERROR: 
Stack: AggregateError [ECONNREFUSED]: 
    at C:\Users\ludin\Desktop\salidas\scanqueue\backend\node_modules\pg-pool\index.js:45:11
    at process.processTicksAndRejections (node:internal/process/task_queues:105:5)
    at async query (file:///C:/Users/ludin/Desktop/salidas/scanqueue/backend/src/config/database.js:25:18)
    at async Module.getScansToday (file:///C:/Users/ludin/Desktop/salidas/scanqueue/backend/src/models/Scan.js:23:15)
    at async Module.getScanStatistics (file:///C:/Users/ludin/Desktop/salidas/scanqueue/backend/src/services/ScanService.js:76:24)
    at async getDashboardStats (file:///C:/Users/ludin/Desktop/salidas/scanqueue/backend/src/controllers/DashboardController.js:12:19)
Path: /api/dashboard/stats

[2026-03-04T12:49:50.426Z] ERROR: 
Stack: AggregateError [ECONNREFUSED]: 
    at C:\Users\ludin\Desktop\salidas\scanqueue\backend\node_modules\pg-pool\index.js:45:11
    at process.processTicksAndRejections (node:internal/process/task_queues:105:5)
    at async query (file:///C:/Users/ludin/Desktop/salidas/scanqueue/backend/src/config/database.js:25:18)
    at async Module.getScansToday (file:///C:/Users/ludin/Desktop/salidas/scanqueue/backend/src/models/Scan.js:23:15)
    at async getTodaySummary (file:///C:/Users/ludin/Desktop/salidas/scanqueue/backend/src/controllers/DashboardController.js:30:24)
Path: /api/dashboard/today

[2026-03-04T12:49:51.242Z] ERROR: 
Stack: AggregateError [ECONNREFUSED]: 
    at C:\Users\ludin\Desktop\salidas\scanqueue\backend\node_modules\pg-pool\index.js:45:11
    at process.processTicksAndRejections (node:internal/process/task_queues:105:5)
    at async query (file:///C:/Users/ludin/Desktop/salidas/scanqueue/backend/src/config/database.js:25:18)
    at async Module.getScansToday (file:///C:/Users/ludin/Desktop/salidas/scanqueue/backend/src/models/Scan.js:23:15)
    at async Module.getScanStatistics (file:///C:/Users/ludin/Desktop/salidas/scanqueue/backend/src/services/ScanService.js:76:24)
    at async getDashboardStats (file:///C:/Users/ludin/Desktop/salidas/scanqueue/backend/src/controllers/DashboardController.js:12:19)
Path: /api/dashboard/stats

[2026-03-04T12:49:51.246Z] ERROR: 
Stack: AggregateError [ECONNREFUSED]: 
    at C:\Users\ludin\Desktop\salidas\scanqueue\backend\node_modules\pg-pool\index.js:45:11
    at process.processTicksAndRejections (node:internal/process/task_queues:105:5)
    at async query (file:///C:/Users/ludin/Desktop/salidas/scanqueue/backend/src/config/database.js:25:18)
    at async Module.getScansToday (file:///C:/Users/ludin/Desktop/salidas/scanqueue/backend/src/models/Scan.js:23:15)
    at async getTodaySummary (file:///C:/Users/ludin/Desktop/salidas/scanqueue/backend/src/controllers/DashboardController.js:30:24)
Path: /api/dashboard/today

[2026-03-04T12:49:51.923Z] ERROR: 
Stack: AggregateError [ECONNREFUSED]: 
    at C:\Users\ludin\Desktop\salidas\scanqueue\backend\node_modules\pg-pool\index.js:45:11
    at process.processTicksAndRejections (node:internal/process/task_queues:105:5)
    at async query (file:///C:/Users/ludin/Desktop/salidas/scanqueue/backend/src/config/database.js:25:18)
    at async Module.getScansToday (file:///C:/Users/ludin/Desktop/salidas/scanqueue/backend/src/models/Scan.js:23:15)
    at async Module.getScanStatistics (file:///C:/Users/ludin/Desktop/salidas/scanqueue/backend/src/services/ScanService.js:76:24)
    at async getDashboardStats (file:///C:/Users/ludin/Desktop/salidas/scanqueue/backend/src/controllers/DashboardController.js:12:19)
Path: /api/dashboard/stats

[2026-03-04T12:49:51.928Z] ERROR: 
Stack: AggregateError [ECONNREFUSED]: 
    at C:\Users\ludin\Desktop\salidas\scanqueue\backend\node_modules\pg-pool\index.js:45:11
    at process.processTicksAndRejections (node:internal/process/task_queues:105:5)
    at async query (file:///C:/Users/ludin/Desktop/salidas/scanqueue/backend/src/config/database.js:25:18)
    at async Module.getScansToday (file:///C:/Users/ludin/Desktop/salidas/scanqueue/backend/src/models/Scan.js:23:15)
    at async getTodaySummary (file:///C:/Users/ludin/Desktop/salidas/scanqueue/backend/src/controllers/DashboardController.js:30:24)
Path: /api/dashboard/today

[2026-03-04T12:49:52.678Z] ERROR: 
Stack: AggregateError [ECONNREFUSED]: 
    at C:\Users\ludin\Desktop\salidas\scanqueue\backend\node_modules\pg-pool\index.js:45:11
    at process.processTicksAndRejections (node:internal/process/task_queues:105:5)
    at async query (file:///C:/Users/ludin/Desktop/salidas/scanqueue/backend/src/config/database.js:25:18)
    at async Module.getScansToday (file:///C:/Users/ludin/Desktop/salidas/scanqueue/backend/src/models/Scan.js:23:15)
    at async Module.getScanStatistics (file:///C:/Users/ludin/Desktop/salidas/scanqueue/backend/src/services/ScanService.js:76:24)
    at async getDashboardStats (file:///C:/Users/ludin/Desktop/salidas/scanqueue/backend/src/controllers/DashboardController.js:12:19)
Path: /api/dashboard/stats

[2026-03-04T12:49:52.684Z] ERROR: 
Stack: AggregateError [ECONNREFUSED]: 
    at C:\Users\ludin\Desktop\salidas\scanqueue\backend\node_modules\pg-pool\index.js:45:11
    at process.processTicksAndRejections (node:internal/process/task_queues:105:5)
    at async query (file:///C:/Users/ludin/Desktop/salidas/scanqueue/backend/src/config/database.js:25:18)
    at async Module.getScansToday (file:///C:/Users/ludin/Desktop/salidas/scanqueue/backend/src/models/Scan.js:23:15)
    at async getTodaySummary (file:///C:/Users/ludin/Desktop/salidas/scanqueue/backend/src/controllers/DashboardController.js:30:24)
Path: /api/dashboard/today

[2026-03-04T12:49:53.241Z] ERROR: 
Stack: AggregateError [ECONNREFUSED]: 
    at C:\Users\ludin\Desktop\salidas\scanqueue\backend\node_modules\pg-pool\index.js:45:11
    at process.processTicksAndRejections (node:internal/process/task_queues:105:5)
    at async query (file:///C:/Users/ludin/Desktop/salidas/scanqueue/backend/src/config/database.js:25:18)
    at async Module.getScansToday (file:///C:/Users/ludin/Desktop/salidas/scanqueue/backend/src/models/Scan.js:23:15)
    at async Module.getScanStatistics (file:///C:/Users/ludin/Desktop/salidas/scanqueue/backend/src/services/ScanService.js:76:24)
    at async getDashboardStats (file:///C:/Users/ludin/Desktop/salidas/scanqueue/backend/src/controllers/DashboardController.js:12:19)
Path: /api/dashboard/stats

[2026-03-04T12:49:53.246Z] ERROR: 
Stack: AggregateError [ECONNREFUSED]: 
    at C:\Users\ludin\Desktop\salidas\scanqueue\backend\node_modules\pg-pool\index.js:45:11
    at process.processTicksAndRejections (node:internal/process/task_queues:105:5)
    at async query (file:///C:/Users/ludin/Desktop/salidas/scanqueue/backend/src/config/database.js:25:18)
    at async Module.getScansToday (file:///C:/Users/ludin/Desktop/salidas/scanqueue/backend/src/models/Scan.js:23:15)
    at async getTodaySummary (file:///C:/Users/ludin/Desktop/salidas/scanqueue/backend/src/controllers/DashboardController.js:30:24)
Path: /api/dashboard/today

[2026-03-04T12:49:53.865Z] ERROR: 
Stack: AggregateError [ECONNREFUSED]: 
    at C:\Users\ludin\Desktop\salidas\scanqueue\backend\node_modules\pg-pool\index.js:45:11
    at process.processTicksAndRejections (node:internal/process/task_queues:105:5)
    at async query (file:///C:/Users/ludin/Desktop/salidas/scanqueue/backend/src/config/database.js:25:18)
    at async Module.getScansToday (file:///C:/Users/ludin/Desktop/salidas/scanqueue/backend/src/models/Scan.js:23:15)
    at async Module.getScanStatistics (file:///C:/Users/ludin/Desktop/salidas/scanqueue/backend/src/services/ScanService.js:76:24)
    at async getDashboardStats (file:///C:/Users/ludin/Desktop/salidas/scanqueue/backend/src/controllers/DashboardController.js:12:19)
Path: /api/dashboard/stats

[2026-03-04T12:49:53.870Z] ERROR: 
Stack: AggregateError [ECONNREFUSED]: 
    at C:\Users\ludin\Desktop\salidas\scanqueue\backend\node_modules\pg-pool\index.js:45:11
    at process.processTicksAndRejections (node:internal/process/task_queues:105:5)
    at async query (file:///C:/Users/ludin/Desktop/salidas/scanqueue/backend/src/config/database.js:25:18)
    at async Module.getScansToday (file:///C:/Users/ludin/Desktop/salidas/scanqueue/backend/src/models/Scan.js:23:15)
    at async getTodaySummary (file:///C:/Users/ludin/Desktop/salidas/scanqueue/backend/src/controllers/DashboardController.js:30:24)
Path: /api/dashboard/today

[2026-03-04T12:49:54.357Z] ERROR: 
Stack: AggregateError [ECONNREFUSED]: 
    at C:\Users\ludin\Desktop\salidas\scanqueue\backend\node_modules\pg-pool\index.js:45:11
    at process.processTicksAndRejections (node:internal/process/task_queues:105:5)
    at async query (file:///C:/Users/ludin/Desktop/salidas/scanqueue/backend/src/config/database.js:25:18)
    at async Module.getScansToday (file:///C:/Users/ludin/Desktop/salidas/scanqueue/backend/src/models/Scan.js:23:15)
    at async Module.getScanStatistics (file:///C:/Users/ludin/Desktop/salidas/scanqueue/backend/src/services/ScanService.js:76:24)
    at async getDashboardStats (file:///C:/Users/ludin/Desktop/salidas/scanqueue/backend/src/controllers/DashboardController.js:12:19)
Path: /api/dashboard/stats

[2026-03-04T12:49:54.361Z] ERROR: 
Stack: AggregateError [ECONNREFUSED]: 
    at C:\Users\ludin\Desktop\salidas\scanqueue\backend\node_modules\pg-pool\index.js:45:11
    at process.processTicksAndRejections (node:internal/process/task_queues:105:5)
    at async query (file:///C:/Users/ludin/Desktop/salidas/scanqueue/backend/src/config/database.js:25:18)
    at async Module.getScansToday (file:///C:/Users/ludin/Desktop/salidas/scanqueue/backend/src/models/Scan.js:23:15)
    at async getTodaySummary (file:///C:/Users/ludin/Desktop/salidas/scanqueue/backend/src/controllers/DashboardController.js:30:24)
Path: /api/dashboard/today

[2026-03-04T12:49:54.936Z] ERROR: 
Stack: AggregateError [ECONNREFUSED]: 
    at C:\Users\ludin\Desktop\salidas\scanqueue\backend\node_modules\pg-pool\index.js:45:11
    at process.processTicksAndRejections (node:internal/process/task_queues:105:5)
    at async query (file:///C:/Users/ludin/Desktop/salidas/scanqueue/backend/src/config/database.js:25:18)
    at async Module.getScansToday (file:///C:/Users/ludin/Desktop/salidas/scanqueue/backend/src/models/Scan.js:23:15)
    at async Module.getScanStatistics (file:///C:/Users/ludin/Desktop/salidas/scanqueue/backend/src/services/ScanService.js:76:24)
    at async getDashboardStats (file:///C:/Users/ludin/Desktop/salidas/scanqueue/backend/src/controllers/DashboardController.js:12:19)
Path: /api/dashboard/stats

[2026-03-04T12:49:54.940Z] ERROR: 
Stack: AggregateError [ECONNREFUSED]: 
    at C:\Users\ludin\Desktop\salidas\scanqueue\backend\node_modules\pg-pool\index.js:45:11
    at process.processTicksAndRejections (node:internal/process/task_queues:105:5)
    at async query (file:///C:/Users/ludin/Desktop/salidas/scanqueue/backend/src/config/database.js:25:18)
    at async Module.getScansToday (file:///C:/Users/ludin/Desktop/salidas/scanqueue/backend/src/models/Scan.js:23:15)
    at async getTodaySummary (file:///C:/Users/ludin/Desktop/salidas/scanqueue/backend/src/controllers/DashboardController.js:30:24)
Path: /api/dashboard/today

[2026-03-04T12:49:55.479Z] ERROR: 
Stack: AggregateError [ECONNREFUSED]: 
    at C:\Users\ludin\Desktop\salidas\scanqueue\backend\node_modules\pg-pool\index.js:45:11
    at process.processTicksAndRejections (node:internal/process/task_queues:105:5)
    at async query (file:///C:/Users/ludin/Desktop/salidas/scanqueue/backend/src/config/database.js:25:18)
    at async Module.getScansToday (file:///C:/Users/ludin/Desktop/salidas/scanqueue/backend/src/models/Scan.js:23:15)
    at async Module.getScanStatistics (file:///C:/Users/ludin/Desktop/salidas/scanqueue/backend/src/services/ScanService.js:76:24)
    at async getDashboardStats (file:///C:/Users/ludin/Desktop/salidas/scanqueue/backend/src/controllers/DashboardController.js:12:19)
Path: /api/dashboard/stats

[2026-03-04T12:49:55.486Z] ERROR: 
Stack: AggregateError [ECONNREFUSED]: 
    at C:\Users\ludin\Desktop\salidas\scanqueue\backend\node_modules\pg-pool\index.js:45:11
    at process.processTicksAndRejections (node:internal/process/task_queues:105:5)
    at async query (file:///C:/Users/ludin/Desktop/salidas/scanqueue/backend/src/config/database.js:25:18)
    at async Module.getScansToday (file:///C:/Users/ludin/Desktop/salidas/scanqueue/backend/src/models/Scan.js:23:15)
    at async getTodaySummary (file:///C:/Users/ludin/Desktop/salidas/scanqueue/backend/src/controllers/DashboardController.js:30:24)
Path: /api/dashboard/today

[2026-03-04T12:49:55.924Z] ERROR: 
Stack: AggregateError [ECONNREFUSED]: 
    at C:\Users\ludin\Desktop\salidas\scanqueue\backend\node_modules\pg-pool\index.js:45:11
    at process.processTicksAndRejections (node:internal/process/task_queues:105:5)
    at async query (file:///C:/Users/ludin/Desktop/salidas/scanqueue/backend/src/config/database.js:25:18)
    at async Module.getScansToday (file:///C:/Users/ludin/Desktop/salidas/scanqueue/backend/src/models/Scan.js:23:15)
    at async Module.getScanStatistics (file:///C:/Users/ludin/Desktop/salidas/scanqueue/backend/src/services/ScanService.js:76:24)
    at async getDashboardStats (file:///C:/Users/ludin/Desktop/salidas/scanqueue/backend/src/controllers/DashboardController.js:12:19)
Path: /api/dashboard/stats

[2026-03-04T12:49:55.927Z] ERROR: 
Stack: AggregateError [ECONNREFUSED]: 
    at C:\Users\ludin\Desktop\salidas\scanqueue\backend\node_modules\pg-pool\index.js:45:11
    at process.processTicksAndRejections (node:internal/process/task_queues:105:5)
    at async query (file:///C:/Users/ludin/Desktop/salidas/scanqueue/backend/src/config/database.js:25:18)
    at async Module.getScansToday (file:///C:/Users/ludin/Desktop/salidas/scanqueue/backend/src/models/Scan.js:23:15)
    at async getTodaySummary (file:///C:/Users/ludin/Desktop/salidas/scanqueue/backend/src/controllers/DashboardController.js:30:24)
Path: /api/dashboard/today

[2026-03-04T12:49:56.531Z] ERROR: 
Stack: AggregateError [ECONNREFUSED]: 
    at C:\Users\ludin\Desktop\salidas\scanqueue\backend\node_modules\pg-pool\index.js:45:11
    at process.processTicksAndRejections (node:internal/process/task_queues:105:5)
    at async query (file:///C:/Users/ludin/Desktop/salidas/scanqueue/backend/src/config/database.js:25:18)
    at async Module.getScansToday (file:///C:/Users/ludin/Desktop/salidas/scanqueue/backend/src/models/Scan.js:23:15)
    at async Module.getScanStatistics (file:///C:/Users/ludin/Desktop/salidas/scanqueue/backend/src/services/ScanService.js:76:24)
    at async getDashboardStats (file:///C:/Users/ludin/Desktop/salidas/scanqueue/backend/src/controllers/DashboardController.js:12:19)
Path: /api/dashboard/stats

[2026-03-04T12:49:56.533Z] ERROR: 
Stack: AggregateError [ECONNREFUSED]: 
    at C:\Users\ludin\Desktop\salidas\scanqueue\backend\node_modules\pg-pool\index.js:45:11
    at process.processTicksAndRejections (node:internal/process/task_queues:105:5)
    at async query (file:///C:/Users/ludin/Desktop/salidas/scanqueue/backend/src/config/database.js:25:18)
    at async Module.getScansToday (file:///C:/Users/ludin/Desktop/salidas/scanqueue/backend/src/models/Scan.js:23:15)
    at async getTodaySummary (file:///C:/Users/ludin/Desktop/salidas/scanqueue/backend/src/controllers/DashboardController.js:30:24)
Path: /api/dashboard/today

[2026-03-04T12:49:57.056Z] ERROR: 
Stack: AggregateError [ECONNREFUSED]: 
    at C:\Users\ludin\Desktop\salidas\scanqueue\backend\node_modules\pg-pool\index.js:45:11
    at process.processTicksAndRejections (node:internal/process/task_queues:105:5)
    at async query (file:///C:/Users/ludin/Desktop/salidas/scanqueue/backend/src/config/database.js:25:18)
    at async Module.getScansToday (file:///C:/Users/ludin/Desktop/salidas/scanqueue/backend/src/models/Scan.js:23:15)
    at async Module.getScanStatistics (file:///C:/Users/ludin/Desktop/salidas/scanqueue/backend/src/services/ScanService.js:76:24)
    at async getDashboardStats (file:///C:/Users/ludin/Desktop/salidas/scanqueue/backend/src/controllers/DashboardController.js:12:19)
Path: /api/dashboard/stats

[2026-03-04T12:49:57.062Z] ERROR: 
Stack: AggregateError [ECONNREFUSED]: 
    at C:\Users\ludin\Desktop\salidas\scanqueue\backend\node_modules\pg-pool\index.js:45:11
    at process.processTicksAndRejections (node:internal/process/task_queues:105:5)
    at async query (file:///C:/Users/ludin/Desktop/salidas/scanqueue/backend/src/config/database.js:25:18)
    at async Module.getScansToday (file:///C:/Users/ludin/Desktop/salidas/scanqueue/backend/src/models/Scan.js:23:15)
    at async getTodaySummary (file:///C:/Users/ludin/Desktop/salidas/scanqueue/backend/src/controllers/DashboardController.js:30:24)
Path: /api/dashboard/today

[2026-03-04T12:49:57.632Z] ERROR: 
Stack: AggregateError [ECONNREFUSED]: 
    at C:\Users\ludin\Desktop\salidas\scanqueue\backend\node_modules\pg-pool\index.js:45:11
    at process.processTicksAndRejections (node:internal/process/task_queues:105:5)
    at async query (file:///C:/Users/ludin/Desktop/salidas/scanqueue/backend/src/config/database.js:25:18)
    at async Module.getScansToday (file:///C:/Users/ludin/Desktop/salidas/scanqueue/backend/src/models/Scan.js:23:15)
    at async Module.getScanStatistics (file:///C:/Users/ludin/Desktop/salidas/scanqueue/backend/src/services/ScanService.js:76:24)
    at async getDashboardStats (file:///C:/Users/ludin/Desktop/salidas/scanqueue/backend/src/controllers/DashboardController.js:12:19)
Path: /api/dashboard/stats

[2026-03-04T12:49:57.635Z] ERROR: 
Stack: AggregateError [ECONNREFUSED]: 
    at C:\Users\ludin\Desktop\salidas\scanqueue\backend\node_modules\pg-pool\index.js:45:11
    at process.processTicksAndRejections (node:internal/process/task_queues:105:5)
    at async query (file:///C:/Users/ludin/Desktop/salidas/scanqueue/backend/src/config/database.js:25:18)
    at async Module.getScansToday (file:///C:/Users/ludin/Desktop/salidas/scanqueue/backend/src/models/Scan.js:23:15)
    at async getTodaySummary (file:///C:/Users/ludin/Desktop/salidas/scanqueue/backend/src/controllers/DashboardController.js:30:24)
Path: /api/dashboard/today

[2026-03-04T12:49:58.302Z] ERROR: 
Stack: AggregateError [ECONNREFUSED]: 
    at C:\Users\ludin\Desktop\salidas\scanqueue\backend\node_modules\pg-pool\index.js:45:11
    at process.processTicksAndRejections (node:internal/process/task_queues:105:5)
    at async query (file:///C:/Users/ludin/Desktop/salidas/scanqueue/backend/src/config/database.js:25:18)
    at async Module.getScansToday (file:///C:/Users/ludin/Desktop/salidas/scanqueue/backend/src/models/Scan.js:23:15)
    at async Module.getScanStatistics (file:///C:/Users/ludin/Desktop/salidas/scanqueue/backend/src/services/ScanService.js:76:24)
    at async getDashboardStats (file:///C:/Users/ludin/Desktop/salidas/scanqueue/backend/src/controllers/DashboardController.js:12:19)
Path: /api/dashboard/stats

[2026-03-04T12:49:58.312Z] ERROR: 
Stack: AggregateError [ECONNREFUSED]: 
    at C:\Users\ludin\Desktop\salidas\scanqueue\backend\node_modules\pg-pool\index.js:45:11
    at process.processTicksAndRejections (node:internal/process/task_queues:105:5)
    at async query (file:///C:/Users/ludin/Desktop/salidas/scanqueue/backend/src/config/database.js:25:18)
    at async Module.getScansToday (file:///C:/Users/ludin/Desktop/salidas/scanqueue/backend/src/models/Scan.js:23:15)
    at async getTodaySummary (file:///C:/Users/ludin/Desktop/salidas/scanqueue/backend/src/controllers/DashboardController.js:30:24)
Path: /api/dashboard/today

[2026-03-04T12:49:58.723Z] ERROR: 
Stack: AggregateError [ECONNREFUSED]: 
    at C:\Users\ludin\Desktop\salidas\scanqueue\backend\node_modules\pg-pool\index.js:45:11
    at process.processTicksAndRejections (node:internal/process/task_queues:105:5)
    at async query (file:///C:/Users/ludin/Desktop/salidas/scanqueue/backend/src/config/database.js:25:18)
    at async Module.getScansToday (file:///C:/Users/ludin/Desktop/salidas/scanqueue/backend/src/models/Scan.js:23:15)
    at async Module.getScanStatistics (file:///C:/Users/ludin/Desktop/salidas/scanqueue/backend/src/services/ScanService.js:76:24)
    at async getDashboardStats (file:///C:/Users/ludin/Desktop/salidas/scanqueue/backend/src/controllers/DashboardController.js:12:19)
Path: /api/dashboard/stats

[2026-03-04T12:49:58.725Z] ERROR: 
Stack: AggregateError [ECONNREFUSED]: 
    at C:\Users\ludin\Desktop\salidas\scanqueue\backend\node_modules\pg-pool\index.js:45:11
    at process.processTicksAndRejections (node:internal/process/task_queues:105:5)
    at async query (file:///C:/Users/ludin/Desktop/salidas/scanqueue/backend/src/config/database.js:25:18)
    at async Module.getScansToday (file:///C:/Users/ludin/Desktop/salidas/scanqueue/backend/src/models/Scan.js:23:15)
    at async getTodaySummary (file:///C:/Users/ludin/Desktop/salidas/scanqueue/backend/src/controllers/DashboardController.js:30:24)
Path: /api/dashboard/today

[2026-03-04T12:49:59.240Z] ERROR: 
Stack: AggregateError [ECONNREFUSED]: 
    at C:\Users\ludin\Desktop\salidas\scanqueue\backend\node_modules\pg-pool\index.js:45:11
    at process.processTicksAndRejections (node:internal/process/task_queues:105:5)
    at async query (file:///C:/Users/ludin/Desktop/salidas/scanqueue/backend/src/config/database.js:25:18)
    at async Module.getScansToday (file:///C:/Users/ludin/Desktop/salidas/scanqueue/backend/src/models/Scan.js:23:15)
    at async Module.getScanStatistics (file:///C:/Users/ludin/Desktop/salidas/scanqueue/backend/src/services/ScanService.js:76:24)
    at async getDashboardStats (file:///C:/Users/ludin/Desktop/salidas/scanqueue/backend/src/controllers/DashboardController.js:12:19)
Path: /api/dashboard/stats

[2026-03-04T12:49:59.243Z] ERROR: 
Stack: AggregateError [ECONNREFUSED]: 
    at C:\Users\ludin\Desktop\salidas\scanqueue\backend\node_modules\pg-pool\index.js:45:11
    at process.processTicksAndRejections (node:internal/process/task_queues:105:5)
    at async query (file:///C:/Users/ludin/Desktop/salidas/scanqueue/backend/src/config/database.js:25:18)
    at async Module.getScansToday (file:///C:/Users/ludin/Desktop/salidas/scanqueue/backend/src/models/Scan.js:23:15)
    at async getTodaySummary (file:///C:/Users/ludin/Desktop/salidas/scanqueue/backend/src/controllers/DashboardController.js:30:24)
Path: /api/dashboard/today

[2026-03-04T12:49:59.671Z] ERROR: 
Stack: AggregateError [ECONNREFUSED]: 
    at C:\Users\ludin\Desktop\salidas\scanqueue\backend\node_modules\pg-pool\index.js:45:11
    at process.processTicksAndRejections (node:internal/process/task_queues:105:5)
    at async query (file:///C:/Users/ludin/Desktop/salidas/scanqueue/backend/src/config/database.js:25:18)
    at async Module.getScansToday (file:///C:/Users/ludin/Desktop/salidas/scanqueue/backend/src/models/Scan.js:23:15)
    at async Module.getScanStatistics (file:///C:/Users/ludin/Desktop/salidas/scanqueue/backend/src/services/ScanService.js:76:24)
    at async getDashboardStats (file:///C:/Users/ludin/Desktop/salidas/scanqueue/backend/src/controllers/DashboardController.js:12:19)
Path: /api/dashboard/stats

[2026-03-04T12:49:59.673Z] ERROR: 
Stack: AggregateError [ECONNREFUSED]: 
    at C:\Users\ludin\Desktop\salidas\scanqueue\backend\node_modules\pg-pool\index.js:45:11
    at process.processTicksAndRejections (node:internal/process/task_queues:105:5)
    at async query (file:///C:/Users/ludin/Desktop/salidas/scanqueue/backend/src/config/database.js:25:18)
    at async Module.getScansToday (file:///C:/Users/ludin/Desktop/salidas/scanqueue/backend/src/models/Scan.js:23:15)
    at async getTodaySummary (file:///C:/Users/ludin/Desktop/salidas/scanqueue/backend/src/controllers/DashboardController.js:30:24)
Path: /api/dashboard/today

[2026-03-04T12:50:00.110Z] ERROR: 
Stack: AggregateError [ECONNREFUSED]: 
    at C:\Users\ludin\Desktop\salidas\scanqueue\backend\node_modules\pg-pool\index.js:45:11
    at process.processTicksAndRejections (node:internal/process/task_queues:105:5)
    at async query (file:///C:/Users/ludin/Desktop/salidas/scanqueue/backend/src/config/database.js:25:18)
    at async Module.getScansToday (file:///C:/Users/ludin/Desktop/salidas/scanqueue/backend/src/models/Scan.js:23:15)
    at async Module.getScanStatistics (file:///C:/Users/ludin/Desktop/salidas/scanqueue/backend/src/services/ScanService.js:76:24)
    at async getDashboardStats (file:///C:/Users/ludin/Desktop/salidas/scanqueue/backend/src/controllers/DashboardController.js:12:19)
Path: /api/dashboard/stats

[2026-03-04T12:50:00.121Z] ERROR: 
Stack: AggregateError [ECONNREFUSED]: 
    at C:\Users\ludin\Desktop\salidas\scanqueue\backend\node_modules\pg-pool\index.js:45:11
    at process.processTicksAndRejections (node:internal/process/task_queues:105:5)
    at async query (file:///C:/Users/ludin/Desktop/salidas/scanqueue/backend/src/config/database.js:25:18)
    at async Module.getScansToday (file:///C:/Users/ludin/Desktop/salidas/scanqueue/backend/src/models/Scan.js:23:15)
    at async getTodaySummary (file:///C:/Users/ludin/Desktop/salidas/scanqueue/backend/src/controllers/DashboardController.js:30:24)
Path: /api/dashboard/today

[2026-03-04T12:50:00.487Z] ERROR: 
Stack: AggregateError [ECONNREFUSED]: 
    at C:\Users\ludin\Desktop\salidas\scanqueue\backend\node_modules\pg-pool\index.js:45:11
    at process.processTicksAndRejections (node:internal/process/task_queues:105:5)
    at async query (file:///C:/Users/ludin/Desktop/salidas/scanqueue/backend/src/config/database.js:25:18)
    at async Module.getScansToday (file:///C:/Users/ludin/Desktop/salidas/scanqueue/backend/src/models/Scan.js:23:15)
    at async Module.getScanStatistics (file:///C:/Users/ludin/Desktop/salidas/scanqueue/backend/src/services/ScanService.js:76:24)
    at async getDashboardStats (file:///C:/Users/ludin/Desktop/salidas/scanqueue/backend/src/controllers/DashboardController.js:12:19)
Path: /api/dashboard/stats

[2026-03-04T12:50:00.491Z] ERROR: 
Stack: AggregateError [ECONNREFUSED]: 
    at C:\Users\ludin\Desktop\salidas\scanqueue\backend\node_modules\pg-pool\index.js:45:11
    at process.processTicksAndRejections (node:internal/process/task_queues:105:5)
    at async query (file:///C:/Users/ludin/Desktop/salidas/scanqueue/backend/src/config/database.js:25:18)
    at async Module.getScansToday (file:///C:/Users/ludin/Desktop/salidas/scanqueue/backend/src/models/Scan.js:23:15)
    at async getTodaySummary (file:///C:/Users/ludin/Desktop/salidas/scanqueue/backend/src/controllers/DashboardController.js:30:24)
Path: /api/dashboard/today

[2026-03-04T12:50:01.022Z] ERROR: 
Stack: AggregateError [ECONNREFUSED]: 
    at C:\Users\ludin\Desktop\salidas\scanqueue\backend\node_modules\pg-pool\index.js:45:11
    at process.processTicksAndRejections (node:internal/process/task_queues:105:5)
    at async query (file:///C:/Users/ludin/Desktop/salidas/scanqueue/backend/src/config/database.js:25:18)
    at async Module.getScansToday (file:///C:/Users/ludin/Desktop/salidas/scanqueue/backend/src/models/Scan.js:23:15)
    at async Module.getScanStatistics (file:///C:/Users/ludin/Desktop/salidas/scanqueue/backend/src/services/ScanService.js:76:24)
    at async getDashboardStats (file:///C:/Users/ludin/Desktop/salidas/scanqueue/backend/src/controllers/DashboardController.js:12:19)
Path: /api/dashboard/stats

[2026-03-04T12:50:01.026Z] ERROR: 
Stack: AggregateError [ECONNREFUSED]: 
    at C:\Users\ludin\Desktop\salidas\scanqueue\backend\node_modules\pg-pool\index.js:45:11
    at process.processTicksAndRejections (node:internal/process/task_queues:105:5)
    at async query (file:///C:/Users/ludin/Desktop/salidas/scanqueue/backend/src/config/database.js:25:18)
    at async Module.getScansToday (file:///C:/Users/ludin/Desktop/salidas/scanqueue/backend/src/models/Scan.js:23:15)
    at async getTodaySummary (file:///C:/Users/ludin/Desktop/salidas/scanqueue/backend/src/controllers/DashboardController.js:30:24)
Path: /api/dashboard/today

[2026-03-04T12:50:01.519Z] ERROR: 
Stack: AggregateError [ECONNREFUSED]: 
    at C:\Users\ludin\Desktop\salidas\scanqueue\backend\node_modules\pg-pool\index.js:45:11
    at process.processTicksAndRejections (node:internal/process/task_queues:105:5)
    at async query (file:///C:/Users/ludin/Desktop/salidas/scanqueue/backend/src/config/database.js:25:18)
    at async Module.getScansToday (file:///C:/Users/ludin/Desktop/salidas/scanqueue/backend/src/models/Scan.js:23:15)
    at async Module.getScanStatistics (file:///C:/Users/ludin/Desktop/salidas/scanqueue/backend/src/services/ScanService.js:76:24)
    at async getDashboardStats (file:///C:/Users/ludin/Desktop/salidas/scanqueue/backend/src/controllers/DashboardController.js:12:19)
Path: /api/dashboard/stats

[2026-03-04T12:50:01.521Z] ERROR: 
Stack: AggregateError [ECONNREFUSED]: 
    at C:\Users\ludin\Desktop\salidas\scanqueue\backend\node_modules\pg-pool\index.js:45:11
    at process.processTicksAndRejections (node:internal/process/task_queues:105:5)
    at async query (file:///C:/Users/ludin/Desktop/salidas/scanqueue/backend/src/config/database.js:25:18)
    at async Module.getScansToday (file:///C:/Users/ludin/Desktop/salidas/scanqueue/backend/src/models/Scan.js:23:15)
    at async getTodaySummary (file:///C:/Users/ludin/Desktop/salidas/scanqueue/backend/src/controllers/DashboardController.js:30:24)
Path: /api/dashboard/today

[2026-03-04T12:50:02.044Z] ERROR: 
Stack: AggregateError [ECONNREFUSED]: 
    at C:\Users\ludin\Desktop\salidas\scanqueue\backend\node_modules\pg-pool\index.js:45:11
    at process.processTicksAndRejections (node:internal/process/task_queues:105:5)
    at async query (file:///C:/Users/ludin/Desktop/salidas/scanqueue/backend/src/config/database.js:25:18)
    at async Module.getScansToday (file:///C:/Users/ludin/Desktop/salidas/scanqueue/backend/src/models/Scan.js:23:15)
    at async Module.getScanStatistics (file:///C:/Users/ludin/Desktop/salidas/scanqueue/backend/src/services/ScanService.js:76:24)
    at async getDashboardStats (file:///C:/Users/ludin/Desktop/salidas/scanqueue/backend/src/controllers/DashboardController.js:12:19)
Path: /api/dashboard/stats

[2026-03-04T12:50:02.049Z] ERROR: 
Stack: AggregateError [ECONNREFUSED]: 
    at C:\Users\ludin\Desktop\salidas\scanqueue\backend\node_modules\pg-pool\index.js:45:11
    at process.processTicksAndRejections (node:internal/process/task_queues:105:5)
    at async query (file:///C:/Users/ludin/Desktop/salidas/scanqueue/backend/src/config/database.js:25:18)
    at async Module.getScansToday (file:///C:/Users/ludin/Desktop/salidas/scanqueue/backend/src/models/Scan.js:23:15)
    at async getTodaySummary (file:///C:/Users/ludin/Desktop/salidas/scanqueue/backend/src/controllers/DashboardController.js:30:24)
Path: /api/dashboard/today

[2026-03-04T12:50:02.545Z] ERROR: 
Stack: AggregateError [ECONNREFUSED]: 
    at C:\Users\ludin\Desktop\salidas\scanqueue\backend\node_modules\pg-pool\index.js:45:11
    at process.processTicksAndRejections (node:internal/process/task_queues:105:5)
    at async query (file:///C:/Users/ludin/Desktop/salidas/scanqueue/backend/src/config/database.js:25:18)
    at async Module.getScansToday (file:///C:/Users/ludin/Desktop/salidas/scanqueue/backend/src/models/Scan.js:23:15)
    at async Module.getScanStatistics (file:///C:/Users/ludin/Desktop/salidas/scanqueue/backend/src/services/ScanService.js:76:24)
    at async getDashboardStats (file:///C:/Users/ludin/Desktop/salidas/scanqueue/backend/src/controllers/DashboardController.js:12:19)
Path: /api/dashboard/stats

[2026-03-04T12:50:02.548Z] ERROR: 
Stack: AggregateError [ECONNREFUSED]: 
    at C:\Users\ludin\Desktop\salidas\scanqueue\backend\node_modules\pg-pool\index.js:45:11
    at process.processTicksAndRejections (node:internal/process/task_queues:105:5)
    at async query (file:///C:/Users/ludin/Desktop/salidas/scanqueue/backend/src/config/database.js:25:18)
    at async Module.getScansToday (file:///C:/Users/ludin/Desktop/salidas/scanqueue/backend/src/models/Scan.js:23:15)
    at async getTodaySummary (file:///C:/Users/ludin/Desktop/salidas/scanqueue/backend/src/controllers/DashboardController.js:30:24)
Path: /api/dashboard/today

[2026-03-04T12:50:02.934Z] ERROR: 
Stack: AggregateError [ECONNREFUSED]: 
    at C:\Users\ludin\Desktop\salidas\scanqueue\backend\node_modules\pg-pool\index.js:45:11
    at process.processTicksAndRejections (node:internal/process/task_queues:105:5)
    at async query (file:///C:/Users/ludin/Desktop/salidas/scanqueue/backend/src/config/database.js:25:18)
    at async Module.getScansToday (file:///C:/Users/ludin/Desktop/salidas/scanqueue/backend/src/models/Scan.js:23:15)
    at async Module.getScanStatistics (file:///C:/Users/ludin/Desktop/salidas/scanqueue/backend/src/services/ScanService.js:76:24)
    at async getDashboardStats (file:///C:/Users/ludin/Desktop/salidas/scanqueue/backend/src/controllers/DashboardController.js:12:19)
Path: /api/dashboard/stats

[2026-03-04T12:50:02.936Z] ERROR: 
Stack: AggregateError [ECONNREFUSED]: 
    at C:\Users\ludin\Desktop\salidas\scanqueue\backend\node_modules\pg-pool\index.js:45:11
    at process.processTicksAndRejections (node:internal/process/task_queues:105:5)
    at async query (file:///C:/Users/ludin/Desktop/salidas/scanqueue/backend/src/config/database.js:25:18)
    at async Module.getScansToday (file:///C:/Users/ludin/Desktop/salidas/scanqueue/backend/src/models/Scan.js:23:15)
    at async getTodaySummary (file:///C:/Users/ludin/Desktop/salidas/scanqueue/backend/src/controllers/DashboardController.js:30:24)
Path: /api/dashboard/today

[2026-03-04T12:50:03.522Z] ERROR: 
Stack: AggregateError [ECONNREFUSED]: 
    at C:\Users\ludin\Desktop\salidas\scanqueue\backend\node_modules\pg-pool\index.js:45:11
    at process.processTicksAndRejections (node:internal/process/task_queues:105:5)
    at async query (file:///C:/Users/ludin/Desktop/salidas/scanqueue/backend/src/config/database.js:25:18)
    at async Module.getScansToday (file:///C:/Users/ludin/Desktop/salidas/scanqueue/backend/src/models/Scan.js:23:15)
    at async Module.getScanStatistics (file:///C:/Users/ludin/Desktop/salidas/scanqueue/backend/src/services/ScanService.js:76:24)
    at async getDashboardStats (file:///C:/Users/ludin/Desktop/salidas/scanqueue/backend/src/controllers/DashboardController.js:12:19)
Path: /api/dashboard/stats

[2026-03-04T12:50:03.526Z] ERROR: 
Stack: AggregateError [ECONNREFUSED]: 
    at C:\Users\ludin\Desktop\salidas\scanqueue\backend\node_modules\pg-pool\index.js:45:11
    at process.processTicksAndRejections (node:internal/process/task_queues:105:5)
    at async query (file:///C:/Users/ludin/Desktop/salidas/scanqueue/backend/src/config/database.js:25:18)
    at async Module.getScansToday (file:///C:/Users/ludin/Desktop/salidas/scanqueue/backend/src/models/Scan.js:23:15)
    at async getTodaySummary (file:///C:/Users/ludin/Desktop/salidas/scanqueue/backend/src/controllers/DashboardController.js:30:24)
Path: /api/dashboard/today

[2026-03-04T12:50:04.016Z] ERROR: 
Stack: AggregateError [ECONNREFUSED]: 
    at C:\Users\ludin\Desktop\salidas\scanqueue\backend\node_modules\pg-pool\index.js:45:11
    at process.processTicksAndRejections (node:internal/process/task_queues:105:5)
    at async query (file:///C:/Users/ludin/Desktop/salidas/scanqueue/backend/src/config/database.js:25:18)
    at async Module.getScansToday (file:///C:/Users/ludin/Desktop/salidas/scanqueue/backend/src/models/Scan.js:23:15)
    at async Module.getScanStatistics (file:///C:/Users/ludin/Desktop/salidas/scanqueue/backend/src/services/ScanService.js:76:24)
    at async getDashboardStats (file:///C:/Users/ludin/Desktop/salidas/scanqueue/backend/src/controllers/DashboardController.js:12:19)
Path: /api/dashboard/stats

[2026-03-04T12:50:04.019Z] ERROR: 
Stack: AggregateError [ECONNREFUSED]: 
    at C:\Users\ludin\Desktop\salidas\scanqueue\backend\node_modules\pg-pool\index.js:45:11
    at process.processTicksAndRejections (node:internal/process/task_queues:105:5)
    at async query (file:///C:/Users/ludin/Desktop/salidas/scanqueue/backend/src/config/database.js:25:18)
    at async Module.getScansToday (file:///C:/Users/ludin/Desktop/salidas/scanqueue/backend/src/models/Scan.js:23:15)
    at async getTodaySummary (file:///C:/Users/ludin/Desktop/salidas/scanqueue/backend/src/controllers/DashboardController.js:30:24)
Path: /api/dashboard/today

[2026-03-04T12:50:04.635Z] ERROR: 
Stack: AggregateError [ECONNREFUSED]: 
    at C:\Users\ludin\Desktop\salidas\scanqueue\backend\node_modules\pg-pool\index.js:45:11
    at process.processTicksAndRejections (node:internal/process/task_queues:105:5)
    at async query (file:///C:/Users/ludin/Desktop/salidas/scanqueue/backend/src/config/database.js:25:18)
    at async Module.getScansToday (file:///C:/Users/ludin/Desktop/salidas/scanqueue/backend/src/models/Scan.js:23:15)
    at async Module.getScanStatistics (file:///C:/Users/ludin/Desktop/salidas/scanqueue/backend/src/services/ScanService.js:76:24)
    at async getDashboardStats (file:///C:/Users/ludin/Desktop/salidas/scanqueue/backend/src/controllers/DashboardController.js:12:19)
Path: /api/dashboard/stats

[2026-03-04T12:50:04.638Z] ERROR: 
Stack: AggregateError [ECONNREFUSED]: 
    at C:\Users\ludin\Desktop\salidas\scanqueue\backend\node_modules\pg-pool\index.js:45:11
    at process.processTicksAndRejections (node:internal/process/task_queues:105:5)
    at async query (file:///C:/Users/ludin/Desktop/salidas/scanqueue/backend/src/config/database.js:25:18)
    at async Module.getScansToday (file:///C:/Users/ludin/Desktop/salidas/scanqueue/backend/src/models/Scan.js:23:15)
    at async getTodaySummary (file:///C:/Users/ludin/Desktop/salidas/scanqueue/backend/src/controllers/DashboardController.js:30:24)
Path: /api/dashboard/today

[2026-03-04T12:50:05.207Z] ERROR: 
Stack: AggregateError [ECONNREFUSED]: 
    at C:\Users\ludin\Desktop\salidas\scanqueue\backend\node_modules\pg-pool\index.js:45:11
    at process.processTicksAndRejections (node:internal/process/task_queues:105:5)
    at async query (file:///C:/Users/ludin/Desktop/salidas/scanqueue/backend/src/config/database.js:25:18)
    at async Module.getScansToday (file:///C:/Users/ludin/Desktop/salidas/scanqueue/backend/src/models/Scan.js:23:15)
    at async Module.getScanStatistics (file:///C:/Users/ludin/Desktop/salidas/scanqueue/backend/src/services/ScanService.js:76:24)
    at async getDashboardStats (file:///C:/Users/ludin/Desktop/salidas/scanqueue/backend/src/controllers/DashboardController.js:12:19)
Path: /api/dashboard/stats

[2026-03-04T12:50:05.211Z] ERROR: 
Stack: AggregateError [ECONNREFUSED]: 
    at C:\Users\ludin\Desktop\salidas\scanqueue\backend\node_modules\pg-pool\index.js:45:11
    at process.processTicksAndRejections (node:internal/process/task_queues:105:5)
    at async query (file:///C:/Users/ludin/Desktop/salidas/scanqueue/backend/src/config/database.js:25:18)
    at async Module.getScansToday (file:///C:/Users/ludin/Desktop/salidas/scanqueue/backend/src/models/Scan.js:23:15)
    at async getTodaySummary (file:///C:/Users/ludin/Desktop/salidas/scanqueue/backend/src/controllers/DashboardController.js:30:24)
Path: /api/dashboard/today

[2026-03-04T12:50:05.717Z] ERROR: 
Stack: AggregateError [ECONNREFUSED]: 
    at C:\Users\ludin\Desktop\salidas\scanqueue\backend\node_modules\pg-pool\index.js:45:11
    at process.processTicksAndRejections (node:internal/process/task_queues:105:5)
    at async query (file:///C:/Users/ludin/Desktop/salidas/scanqueue/backend/src/config/database.js:25:18)
    at async Module.getScansToday (file:///C:/Users/ludin/Desktop/salidas/scanqueue/backend/src/models/Scan.js:23:15)
    at async Module.getScanStatistics (file:///C:/Users/ludin/Desktop/salidas/scanqueue/backend/src/services/ScanService.js:76:24)
    at async getDashboardStats (file:///C:/Users/ludin/Desktop/salidas/scanqueue/backend/src/controllers/DashboardController.js:12:19)
Path: /api/dashboard/stats

[2026-03-04T12:50:05.723Z] ERROR: 
Stack: AggregateError [ECONNREFUSED]: 
    at C:\Users\ludin\Desktop\salidas\scanqueue\backend\node_modules\pg-pool\index.js:45:11
    at process.processTicksAndRejections (node:internal/process/task_queues:105:5)
    at async query (file:///C:/Users/ludin/Desktop/salidas/scanqueue/backend/src/config/database.js:25:18)
    at async Module.getScansToday (file:///C:/Users/ludin/Desktop/salidas/scanqueue/backend/src/models/Scan.js:23:15)
    at async getTodaySummary (file:///C:/Users/ludin/Desktop/salidas/scanqueue/backend/src/controllers/DashboardController.js:30:24)
Path: /api/dashboard/today

[2026-03-04T12:50:06.219Z] ERROR: 
Stack: AggregateError [ECONNREFUSED]: 
    at C:\Users\ludin\Desktop\salidas\scanqueue\backend\node_modules\pg-pool\index.js:45:11
    at process.processTicksAndRejections (node:internal/process/task_queues:105:5)
    at async query (file:///C:/Users/ludin/Desktop/salidas/scanqueue/backend/src/config/database.js:25:18)
    at async Module.getScansToday (file:///C:/Users/ludin/Desktop/salidas/scanqueue/backend/src/models/Scan.js:23:15)
    at async Module.getScanStatistics (file:///C:/Users/ludin/Desktop/salidas/scanqueue/backend/src/services/ScanService.js:76:24)
    at async getDashboardStats (file:///C:/Users/ludin/Desktop/salidas/scanqueue/backend/src/controllers/DashboardController.js:12:19)
Path: /api/dashboard/stats

[2026-03-04T12:50:06.221Z] ERROR: 
Stack: AggregateError [ECONNREFUSED]: 
    at C:\Users\ludin\Desktop\salidas\scanqueue\backend\node_modules\pg-pool\index.js:45:11
    at process.processTicksAndRejections (node:internal/process/task_queues:105:5)
    at async query (file:///C:/Users/ludin/Desktop/salidas/scanqueue/backend/src/config/database.js:25:18)
    at async Module.getScansToday (file:///C:/Users/ludin/Desktop/salidas/scanqueue/backend/src/models/Scan.js:23:15)
    at async getTodaySummary (file:///C:/Users/ludin/Desktop/salidas/scanqueue/backend/src/controllers/DashboardController.js:30:24)
Path: /api/dashboard/today

[2026-03-04T12:50:06.704Z] ERROR: 
Stack: AggregateError [ECONNREFUSED]: 
    at C:\Users\ludin\Desktop\salidas\scanqueue\backend\node_modules\pg-pool\index.js:45:11
    at process.processTicksAndRejections (node:internal/process/task_queues:105:5)
    at async query (file:///C:/Users/ludin/Desktop/salidas/scanqueue/backend/src/config/database.js:25:18)
    at async Module.getScansToday (file:///C:/Users/ludin/Desktop/salidas/scanqueue/backend/src/models/Scan.js:23:15)
    at async Module.getScanStatistics (file:///C:/Users/ludin/Desktop/salidas/scanqueue/backend/src/services/ScanService.js:76:24)
    at async getDashboardStats (file:///C:/Users/ludin/Desktop/salidas/scanqueue/backend/src/controllers/DashboardController.js:12:19)
Path: /api/dashboard/stats

[2026-03-04T12:50:06.710Z] ERROR: 
Stack: AggregateError [ECONNREFUSED]: 
    at C:\Users\ludin\Desktop\salidas\scanqueue\backend\node_modules\pg-pool\index.js:45:11
    at process.processTicksAndRejections (node:internal/process/task_queues:105:5)
    at async query (file:///C:/Users/ludin/Desktop/salidas/scanqueue/backend/src/config/database.js:25:18)
    at async Module.getScansToday (file:///C:/Users/ludin/Desktop/salidas/scanqueue/backend/src/models/Scan.js:23:15)
    at async getTodaySummary (file:///C:/Users/ludin/Desktop/salidas/scanqueue/backend/src/controllers/DashboardController.js:30:24)
Path: /api/dashboard/today

[2026-03-04T12:50:07.229Z] ERROR: 
Stack: AggregateError [ECONNREFUSED]: 
    at C:\Users\ludin\Desktop\salidas\scanqueue\backend\node_modules\pg-pool\index.js:45:11
    at process.processTicksAndRejections (node:internal/process/task_queues:105:5)
    at async query (file:///C:/Users/ludin/Desktop/salidas/scanqueue/backend/src/config/database.js:25:18)
    at async Module.getScansToday (file:///C:/Users/ludin/Desktop/salidas/scanqueue/backend/src/models/Scan.js:23:15)
    at async Module.getScanStatistics (file:///C:/Users/ludin/Desktop/salidas/scanqueue/backend/src/services/ScanService.js:76:24)
    at async getDashboardStats (file:///C:/Users/ludin/Desktop/salidas/scanqueue/backend/src/controllers/DashboardController.js:12:19)
Path: /api/dashboard/stats

[2026-03-04T12:50:07.232Z] ERROR: 
Stack: AggregateError [ECONNREFUSED]: 
    at C:\Users\ludin\Desktop\salidas\scanqueue\backend\node_modules\pg-pool\index.js:45:11
    at process.processTicksAndRejections (node:internal/process/task_queues:105:5)
    at async query (file:///C:/Users/ludin/Desktop/salidas/scanqueue/backend/src/config/database.js:25:18)
    at async Module.getScansToday (file:///C:/Users/ludin/Desktop/salidas/scanqueue/backend/src/models/Scan.js:23:15)
    at async getTodaySummary (file:///C:/Users/ludin/Desktop/salidas/scanqueue/backend/src/controllers/DashboardController.js:30:24)
Path: /api/dashboard/today

[2026-03-04T12:50:07.633Z] ERROR: 
Stack: AggregateError [ECONNREFUSED]: 
    at C:\Users\ludin\Desktop\salidas\scanqueue\backend\node_modules\pg-pool\index.js:45:11
    at process.processTicksAndRejections (node:internal/process/task_queues:105:5)
    at async query (file:///C:/Users/ludin/Desktop/salidas/scanqueue/backend/src/config/database.js:25:18)
    at async Module.getScansToday (file:///C:/Users/ludin/Desktop/salidas/scanqueue/backend/src/models/Scan.js:23:15)
    at async Module.getScanStatistics (file:///C:/Users/ludin/Desktop/salidas/scanqueue/backend/src/services/ScanService.js:76:24)
    at async getDashboardStats (file:///C:/Users/ludin/Desktop/salidas/scanqueue/backend/src/controllers/DashboardController.js:12:19)
Path: /api/dashboard/stats

[2026-03-04T12:50:07.635Z] ERROR: 
Stack: AggregateError [ECONNREFUSED]: 
    at C:\Users\ludin\Desktop\salidas\scanqueue\backend\node_modules\pg-pool\index.js:45:11
    at process.processTicksAndRejections (node:internal/process/task_queues:105:5)
    at async query (file:///C:/Users/ludin/Desktop/salidas/scanqueue/backend/src/config/database.js:25:18)
    at async Module.getScansToday (file:///C:/Users/ludin/Desktop/salidas/scanqueue/backend/src/models/Scan.js:23:15)
    at async getTodaySummary (file:///C:/Users/ludin/Desktop/salidas/scanqueue/backend/src/controllers/DashboardController.js:30:24)
Path: /api/dashboard/today

[2026-03-04T12:50:08.232Z] ERROR: 
Stack: AggregateError [ECONNREFUSED]: 
    at C:\Users\ludin\Desktop\salidas\scanqueue\backend\node_modules\pg-pool\index.js:45:11
    at process.processTicksAndRejections (node:internal/process/task_queues:105:5)
    at async query (file:///C:/Users/ludin/Desktop/salidas/scanqueue/backend/src/config/database.js:25:18)
    at async Module.getScansToday (file:///C:/Users/ludin/Desktop/salidas/scanqueue/backend/src/models/Scan.js:23:15)
    at async Module.getScanStatistics (file:///C:/Users/ludin/Desktop/salidas/scanqueue/backend/src/services/ScanService.js:76:24)
    at async getDashboardStats (file:///C:/Users/ludin/Desktop/salidas/scanqueue/backend/src/controllers/DashboardController.js:12:19)
Path: /api/dashboard/stats

[2026-03-04T12:50:08.234Z] ERROR: 
Stack: AggregateError [ECONNREFUSED]: 
    at C:\Users\ludin\Desktop\salidas\scanqueue\backend\node_modules\pg-pool\index.js:45:11
    at process.processTicksAndRejections (node:internal/process/task_queues:105:5)
    at async query (file:///C:/Users/ludin/Desktop/salidas/scanqueue/backend/src/config/database.js:25:18)
    at async Module.getScansToday (file:///C:/Users/ludin/Desktop/salidas/scanqueue/backend/src/models/Scan.js:23:15)
    at async getTodaySummary (file:///C:/Users/ludin/Desktop/salidas/scanqueue/backend/src/controllers/DashboardController.js:30:24)
Path: /api/dashboard/today

[2026-03-04T12:50:08.748Z] ERROR: 
Stack: AggregateError [ECONNREFUSED]: 
    at C:\Users\ludin\Desktop\salidas\scanqueue\backend\node_modules\pg-pool\index.js:45:11
    at process.processTicksAndRejections (node:internal/process/task_queues:105:5)
    at async query (file:///C:/Users/ludin/Desktop/salidas/scanqueue/backend/src/config/database.js:25:18)
    at async Module.getScansToday (file:///C:/Users/ludin/Desktop/salidas/scanqueue/backend/src/models/Scan.js:23:15)
    at async Module.getScanStatistics (file:///C:/Users/ludin/Desktop/salidas/scanqueue/backend/src/services/ScanService.js:76:24)
    at async getDashboardStats (file:///C:/Users/ludin/Desktop/salidas/scanqueue/backend/src/controllers/DashboardController.js:12:19)
Path: /api/dashboard/stats

[2026-03-04T12:50:08.751Z] ERROR: 
Stack: AggregateError [ECONNREFUSED]: 
    at C:\Users\ludin\Desktop\salidas\scanqueue\backend\node_modules\pg-pool\index.js:45:11
    at process.processTicksAndRejections (node:internal/process/task_queues:105:5)
    at async query (file:///C:/Users/ludin/Desktop/salidas/scanqueue/backend/src/config/database.js:25:18)
    at async Module.getScansToday (file:///C:/Users/ludin/Desktop/salidas/scanqueue/backend/src/models/Scan.js:23:15)
    at async getTodaySummary (file:///C:/Users/ludin/Desktop/salidas/scanqueue/backend/src/controllers/DashboardController.js:30:24)
Path: /api/dashboard/today

[2026-03-04T12:50:09.302Z] ERROR: 
Stack: AggregateError [ECONNREFUSED]: 
    at C:\Users\ludin\Desktop\salidas\scanqueue\backend\node_modules\pg-pool\index.js:45:11
    at process.processTicksAndRejections (node:internal/process/task_queues:105:5)
    at async query (file:///C:/Users/ludin/Desktop/salidas/scanqueue/backend/src/config/database.js:25:18)
    at async Module.getScansToday (file:///C:/Users/ludin/Desktop/salidas/scanqueue/backend/src/models/Scan.js:23:15)
    at async Module.getScanStatistics (file:///C:/Users/ludin/Desktop/salidas/scanqueue/backend/src/services/ScanService.js:76:24)
    at async getDashboardStats (file:///C:/Users/ludin/Desktop/salidas/scanqueue/backend/src/controllers/DashboardController.js:12:19)
Path: /api/dashboard/stats

[2026-03-04T12:50:09.305Z] ERROR: 
Stack: AggregateError [ECONNREFUSED]: 
    at C:\Users\ludin\Desktop\salidas\scanqueue\backend\node_modules\pg-pool\index.js:45:11
    at process.processTicksAndRejections (node:internal/process/task_queues:105:5)
    at async query (file:///C:/Users/ludin/Desktop/salidas/scanqueue/backend/src/config/database.js:25:18)
    at async Module.getScansToday (file:///C:/Users/ludin/Desktop/salidas/scanqueue/backend/src/models/Scan.js:23:15)
    at async getTodaySummary (file:///C:/Users/ludin/Desktop/salidas/scanqueue/backend/src/controllers/DashboardController.js:30:24)
Path: /api/dashboard/today

[2026-03-04T12:50:09.876Z] ERROR: 
Stack: AggregateError [ECONNREFUSED]: 
    at C:\Users\ludin\Desktop\salidas\scanqueue\backend\node_modules\pg-pool\index.js:45:11
    at process.processTicksAndRejections (node:internal/process/task_queues:105:5)
    at async query (file:///C:/Users/ludin/Desktop/salidas/scanqueue/backend/src/config/database.js:25:18)
    at async Module.getScansToday (file:///C:/Users/ludin/Desktop/salidas/scanqueue/backend/src/models/Scan.js:23:15)
    at async Module.getScanStatistics (file:///C:/Users/ludin/Desktop/salidas/scanqueue/backend/src/services/ScanService.js:76:24)
    at async getDashboardStats (file:///C:/Users/ludin/Desktop/salidas/scanqueue/backend/src/controllers/DashboardController.js:12:19)
Path: /api/dashboard/stats

[2026-03-04T12:50:09.880Z] ERROR: 
Stack: AggregateError [ECONNREFUSED]: 
    at C:\Users\ludin\Desktop\salidas\scanqueue\backend\node_modules\pg-pool\index.js:45:11
    at process.processTicksAndRejections (node:internal/process/task_queues:105:5)
    at async query (file:///C:/Users/ludin/Desktop/salidas/scanqueue/backend/src/config/database.js:25:18)
    at async Module.getScansToday (file:///C:/Users/ludin/Desktop/salidas/scanqueue/backend/src/models/Scan.js:23:15)
    at async getTodaySummary (file:///C:/Users/ludin/Desktop/salidas/scanqueue/backend/src/controllers/DashboardController.js:30:24)
Path: /api/dashboard/today

[2026-03-04T12:50:10.444Z] ERROR: 
Stack: AggregateError [ECONNREFUSED]: 
    at C:\Users\ludin\Desktop\salidas\scanqueue\backend\node_modules\pg-pool\index.js:45:11
    at process.processTicksAndRejections (node:internal/process/task_queues:105:5)
    at async query (file:///C:/Users/ludin/Desktop/salidas/scanqueue/backend/src/config/database.js:25:18)
    at async Module.getScansToday (file:///C:/Users/ludin/Desktop/salidas/scanqueue/backend/src/models/Scan.js:23:15)
    at async Module.getScanStatistics (file:///C:/Users/ludin/Desktop/salidas/scanqueue/backend/src/services/ScanService.js:76:24)
    at async getDashboardStats (file:///C:/Users/ludin/Desktop/salidas/scanqueue/backend/src/controllers/DashboardController.js:12:19)
Path: /api/dashboard/stats

[2026-03-04T12:50:10.448Z] ERROR: 
Stack: AggregateError [ECONNREFUSED]: 
    at C:\Users\ludin\Desktop\salidas\scanqueue\backend\node_modules\pg-pool\index.js:45:11
    at process.processTicksAndRejections (node:internal/process/task_queues:105:5)
    at async query (file:///C:/Users/ludin/Desktop/salidas/scanqueue/backend/src/config/database.js:25:18)
    at async Module.getScansToday (file:///C:/Users/ludin/Desktop/salidas/scanqueue/backend/src/models/Scan.js:23:15)
    at async getTodaySummary (file:///C:/Users/ludin/Desktop/salidas/scanqueue/backend/src/controllers/DashboardController.js:30:24)
Path: /api/dashboard/today

[2026-03-04T12:50:11.360Z] ERROR: 
Stack: AggregateError [ECONNREFUSED]: 
    at C:\Users\ludin\Desktop\salidas\scanqueue\backend\node_modules\pg-pool\index.js:45:11
    at process.processTicksAndRejections (node:internal/process/task_queues:105:5)
    at async query (file:///C:/Users/ludin/Desktop/salidas/scanqueue/backend/src/config/database.js:25:18)
    at async Module.getScansToday (file:///C:/Users/ludin/Desktop/salidas/scanqueue/backend/src/models/Scan.js:23:15)
    at async Module.getScanStatistics (file:///C:/Users/ludin/Desktop/salidas/scanqueue/backend/src/services/ScanService.js:76:24)
    at async getDashboardStats (file:///C:/Users/ludin/Desktop/salidas/scanqueue/backend/src/controllers/DashboardController.js:12:19)
Path: /api/dashboard/stats

[2026-03-04T12:50:11.379Z] ERROR: 
Stack: AggregateError [ECONNREFUSED]: 
    at C:\Users\ludin\Desktop\salidas\scanqueue\backend\node_modules\pg-pool\index.js:45:11
    at process.processTicksAndRejections (node:internal/process/task_queues:105:5)
    at async query (file:///C:/Users/ludin/Desktop/salidas/scanqueue/backend/src/config/database.js:25:18)
    at async Module.getScansToday (file:///C:/Users/ludin/Desktop/salidas/scanqueue/backend/src/models/Scan.js:23:15)
    at async getTodaySummary (file:///C:/Users/ludin/Desktop/salidas/scanqueue/backend/src/controllers/DashboardController.js:30:24)
Path: /api/dashboard/today

[2026-03-04T12:50:12.054Z] ERROR: 
Stack: AggregateError [ECONNREFUSED]: 
    at C:\Users\ludin\Desktop\salidas\scanqueue\backend\node_modules\pg-pool\index.js:45:11
    at process.processTicksAndRejections (node:internal/process/task_queues:105:5)
    at async query (file:///C:/Users/ludin/Desktop/salidas/scanqueue/backend/src/config/database.js:25:18)
    at async Module.getScansToday (file:///C:/Users/ludin/Desktop/salidas/scanqueue/backend/src/models/Scan.js:23:15)
    at async Module.getScanStatistics (file:///C:/Users/ludin/Desktop/salidas/scanqueue/backend/src/services/ScanService.js:76:24)
    at async getDashboardStats (file:///C:/Users/ludin/Desktop/salidas/scanqueue/backend/src/controllers/DashboardController.js:12:19)
Path: /api/dashboard/stats

[2026-03-04T12:50:12.058Z] ERROR: 
Stack: AggregateError [ECONNREFUSED]: 
    at C:\Users\ludin\Desktop\salidas\scanqueue\backend\node_modules\pg-pool\index.js:45:11
    at process.processTicksAndRejections (node:internal/process/task_queues:105:5)
    at async query (file:///C:/Users/ludin/Desktop/salidas/scanqueue/backend/src/config/database.js:25:18)
    at async Module.getScansToday (file:///C:/Users/ludin/Desktop/salidas/scanqueue/backend/src/models/Scan.js:23:15)
    at async getTodaySummary (file:///C:/Users/ludin/Desktop/salidas/scanqueue/backend/src/controllers/DashboardController.js:30:24)
Path: /api/dashboard/today

[2026-03-04T12:50:12.642Z] ERROR: 
Stack: AggregateError [ECONNREFUSED]: 
    at C:\Users\ludin\Desktop\salidas\scanqueue\backend\node_modules\pg-pool\index.js:45:11
    at process.processTicksAndRejections (node:internal/process/task_queues:105:5)
    at async query (file:///C:/Users/ludin/Desktop/salidas/scanqueue/backend/src/config/database.js:25:18)
    at async Module.getScansToday (file:///C:/Users/ludin/Desktop/salidas/scanqueue/backend/src/models/Scan.js:23:15)
    at async Module.getScanStatistics (file:///C:/Users/ludin/Desktop/salidas/scanqueue/backend/src/services/ScanService.js:76:24)
    at async getDashboardStats (file:///C:/Users/ludin/Desktop/salidas/scanqueue/backend/src/controllers/DashboardController.js:12:19)
Path: /api/dashboard/stats

[2026-03-04T12:50:12.645Z] ERROR: 
Stack: AggregateError [ECONNREFUSED]: 
    at C:\Users\ludin\Desktop\salidas\scanqueue\backend\node_modules\pg-pool\index.js:45:11
    at process.processTicksAndRejections (node:internal/process/task_queues:105:5)
    at async query (file:///C:/Users/ludin/Desktop/salidas/scanqueue/backend/src/config/database.js:25:18)
    at async Module.getScansToday (file:///C:/Users/ludin/Desktop/salidas/scanqueue/backend/src/models/Scan.js:23:15)
    at async getTodaySummary (file:///C:/Users/ludin/Desktop/salidas/scanqueue/backend/src/controllers/DashboardController.js:30:24)
Path: /api/dashboard/today

[2026-03-04T12:50:13.149Z] ERROR: 
Stack: AggregateError [ECONNREFUSED]: 
    at C:\Users\ludin\Desktop\salidas\scanqueue\backend\node_modules\pg-pool\index.js:45:11
    at process.processTicksAndRejections (node:internal/process/task_queues:105:5)
    at async query (file:///C:/Users/ludin/Desktop/salidas/scanqueue/backend/src/config/database.js:25:18)
    at async Module.getScansToday (file:///C:/Users/ludin/Desktop/salidas/scanqueue/backend/src/models/Scan.js:23:15)
    at async Module.getScanStatistics (file:///C:/Users/ludin/Desktop/salidas/scanqueue/backend/src/services/ScanService.js:76:24)
    at async getDashboardStats (file:///C:/Users/ludin/Desktop/salidas/scanqueue/backend/src/controllers/DashboardController.js:12:19)
Path: /api/dashboard/stats

[2026-03-04T12:50:13.152Z] ERROR: 
Stack: AggregateError [ECONNREFUSED]: 
    at C:\Users\ludin\Desktop\salidas\scanqueue\backend\node_modules\pg-pool\index.js:45:11
    at process.processTicksAndRejections (node:internal/process/task_queues:105:5)
    at async query (file:///C:/Users/ludin/Desktop/salidas/scanqueue/backend/src/config/database.js:25:18)
    at async Module.getScansToday (file:///C:/Users/ludin/Desktop/salidas/scanqueue/backend/src/models/Scan.js:23:15)
    at async getTodaySummary (file:///C:/Users/ludin/Desktop/salidas/scanqueue/backend/src/controllers/DashboardController.js:30:24)
Path: /api/dashboard/today

[2026-03-04T12:50:13.811Z] ERROR: 
Stack: AggregateError [ECONNREFUSED]: 
    at C:\Users\ludin\Desktop\salidas\scanqueue\backend\node_modules\pg-pool\index.js:45:11
    at process.processTicksAndRejections (node:internal/process/task_queues:105:5)
    at async query (file:///C:/Users/ludin/Desktop/salidas/scanqueue/backend/src/config/database.js:25:18)
    at async Module.getScansToday (file:///C:/Users/ludin/Desktop/salidas/scanqueue/backend/src/models/Scan.js:23:15)
    at async Module.getScanStatistics (file:///C:/Users/ludin/Desktop/salidas/scanqueue/backend/src/services/ScanService.js:76:24)
    at async getDashboardStats (file:///C:/Users/ludin/Desktop/salidas/scanqueue/backend/src/controllers/DashboardController.js:12:19)
Path: /api/dashboard/stats

[2026-03-04T12:50:13.814Z] ERROR: 
Stack: AggregateError [ECONNREFUSED]: 
    at C:\Users\ludin\Desktop\salidas\scanqueue\backend\node_modules\pg-pool\index.js:45:11
    at process.processTicksAndRejections (node:internal/process/task_queues:105:5)
    at async query (file:///C:/Users/ludin/Desktop/salidas/scanqueue/backend/src/config/database.js:25:18)
    at async Module.getScansToday (file:///C:/Users/ludin/Desktop/salidas/scanqueue/backend/src/models/Scan.js:23:15)
    at async getTodaySummary (file:///C:/Users/ludin/Desktop/salidas/scanqueue/backend/src/controllers/DashboardController.js:30:24)
Path: /api/dashboard/today

[2026-03-04T12:50:14.357Z] ERROR: 
Stack: AggregateError [ECONNREFUSED]: 
    at C:\Users\ludin\Desktop\salidas\scanqueue\backend\node_modules\pg-pool\index.js:45:11
    at process.processTicksAndRejections (node:internal/process/task_queues:105:5)
    at async query (file:///C:/Users/ludin/Desktop/salidas/scanqueue/backend/src/config/database.js:25:18)
    at async Module.getScansToday (file:///C:/Users/ludin/Desktop/salidas/scanqueue/backend/src/models/Scan.js:23:15)
    at async Module.getScanStatistics (file:///C:/Users/ludin/Desktop/salidas/scanqueue/backend/src/services/ScanService.js:76:24)
    at async getDashboardStats (file:///C:/Users/ludin/Desktop/salidas/scanqueue/backend/src/controllers/DashboardController.js:12:19)
Path: /api/dashboard/stats

[2026-03-04T12:50:14.360Z] ERROR: 
Stack: AggregateError [ECONNREFUSED]: 
    at C:\Users\ludin\Desktop\salidas\scanqueue\backend\node_modules\pg-pool\index.js:45:11
    at process.processTicksAndRejections (node:internal/process/task_queues:105:5)
    at async query (file:///C:/Users/ludin/Desktop/salidas/scanqueue/backend/src/config/database.js:25:18)
    at async Module.getScansToday (file:///C:/Users/ludin/Desktop/salidas/scanqueue/backend/src/models/Scan.js:23:15)
    at async getTodaySummary (file:///C:/Users/ludin/Desktop/salidas/scanqueue/backend/src/controllers/DashboardController.js:30:24)
Path: /api/dashboard/today

[2026-03-04T12:50:15.199Z] ERROR: 
Stack: AggregateError [ECONNREFUSED]: 
    at C:\Users\ludin\Desktop\salidas\scanqueue\backend\node_modules\pg-pool\index.js:45:11
    at process.processTicksAndRejections (node:internal/process/task_queues:105:5)
    at async query (file:///C:/Users/ludin/Desktop/salidas/scanqueue/backend/src/config/database.js:25:18)
    at async Module.getScansToday (file:///C:/Users/ludin/Desktop/salidas/scanqueue/backend/src/models/Scan.js:23:15)
    at async Module.getScanStatistics (file:///C:/Users/ludin/Desktop/salidas/scanqueue/backend/src/services/ScanService.js:76:24)
    at async getDashboardStats (file:///C:/Users/ludin/Desktop/salidas/scanqueue/backend/src/controllers/DashboardController.js:12:19)
Path: /api/dashboard/stats

[2026-03-04T12:50:15.202Z] ERROR: 
Stack: AggregateError [ECONNREFUSED]: 
    at C:\Users\ludin\Desktop\salidas\scanqueue\backend\node_modules\pg-pool\index.js:45:11
    at process.processTicksAndRejections (node:internal/process/task_queues:105:5)
    at async query (file:///C:/Users/ludin/Desktop/salidas/scanqueue/backend/src/config/database.js:25:18)
    at async Module.getScansToday (file:///C:/Users/ludin/Desktop/salidas/scanqueue/backend/src/models/Scan.js:23:15)
    at async getTodaySummary (file:///C:/Users/ludin/Desktop/salidas/scanqueue/backend/src/controllers/DashboardController.js:30:24)
Path: /api/dashboard/today

[2026-03-04T12:50:15.764Z] ERROR: 
Stack: AggregateError [ECONNREFUSED]: 
    at C:\Users\ludin\Desktop\salidas\scanqueue\backend\node_modules\pg-pool\index.js:45:11
    at process.processTicksAndRejections (node:internal/process/task_queues:105:5)
    at async query (file:///C:/Users/ludin/Desktop/salidas/scanqueue/backend/src/config/database.js:25:18)
    at async Module.getScansToday (file:///C:/Users/ludin/Desktop/salidas/scanqueue/backend/src/models/Scan.js:23:15)
    at async Module.getScanStatistics (file:///C:/Users/ludin/Desktop/salidas/scanqueue/backend/src/services/ScanService.js:76:24)
    at async getDashboardStats (file:///C:/Users/ludin/Desktop/salidas/scanqueue/backend/src/controllers/DashboardController.js:12:19)
Path: /api/dashboard/stats

[2026-03-04T12:50:15.766Z] ERROR: 
Stack: AggregateError [ECONNREFUSED]: 
    at C:\Users\ludin\Desktop\salidas\scanqueue\backend\node_modules\pg-pool\index.js:45:11
    at process.processTicksAndRejections (node:internal/process/task_queues:105:5)
    at async query (file:///C:/Users/ludin/Desktop/salidas/scanqueue/backend/src/config/database.js:25:18)
    at async Module.getScansToday (file:///C:/Users/ludin/Desktop/salidas/scanqueue/backend/src/models/Scan.js:23:15)
    at async getTodaySummary (file:///C:/Users/ludin/Desktop/salidas/scanqueue/backend/src/controllers/DashboardController.js:30:24)
Path: /api/dashboard/today

[2026-03-04T12:50:16.238Z] ERROR: 
Stack: AggregateError [ECONNREFUSED]: 
    at C:\Users\ludin\Desktop\salidas\scanqueue\backend\node_modules\pg-pool\index.js:45:11
    at process.processTicksAndRejections (node:internal/process/task_queues:105:5)
    at async query (file:///C:/Users/ludin/Desktop/salidas/scanqueue/backend/src/config/database.js:25:18)
    at async Module.getScansToday (file:///C:/Users/ludin/Desktop/salidas/scanqueue/backend/src/models/Scan.js:23:15)
    at async Module.getScanStatistics (file:///C:/Users/ludin/Desktop/salidas/scanqueue/backend/src/services/ScanService.js:76:24)
    at async getDashboardStats (file:///C:/Users/ludin/Desktop/salidas/scanqueue/backend/src/controllers/DashboardController.js:12:19)
Path: /api/dashboard/stats

[2026-03-04T12:50:16.241Z] ERROR: 
Stack: AggregateError [ECONNREFUSED]: 
    at C:\Users\ludin\Desktop\salidas\scanqueue\backend\node_modules\pg-pool\index.js:45:11
    at process.processTicksAndRejections (node:internal/process/task_queues:105:5)
    at async query (file:///C:/Users/ludin/Desktop/salidas/scanqueue/backend/src/config/database.js:25:18)
    at async Module.getScansToday (file:///C:/Users/ludin/Desktop/salidas/scanqueue/backend/src/models/Scan.js:23:15)
    at async getTodaySummary (file:///C:/Users/ludin/Desktop/salidas/scanqueue/backend/src/controllers/DashboardController.js:30:24)
Path: /api/dashboard/today

[2026-03-04T12:50:16.838Z] ERROR: 
Stack: AggregateError [ECONNREFUSED]: 
    at C:\Users\ludin\Desktop\salidas\scanqueue\backend\node_modules\pg-pool\index.js:45:11
    at process.processTicksAndRejections (node:internal/process/task_queues:105:5)
    at async query (file:///C:/Users/ludin/Desktop/salidas/scanqueue/backend/src/config/database.js:25:18)
    at async Module.getScansToday (file:///C:/Users/ludin/Desktop/salidas/scanqueue/backend/src/models/Scan.js:23:15)
    at async Module.getScanStatistics (file:///C:/Users/ludin/Desktop/salidas/scanqueue/backend/src/services/ScanService.js:76:24)
    at async getDashboardStats (file:///C:/Users/ludin/Desktop/salidas/scanqueue/backend/src/controllers/DashboardController.js:12:19)
Path: /api/dashboard/stats

[2026-03-04T12:50:16.842Z] ERROR: 
Stack: AggregateError [ECONNREFUSED]: 
    at C:\Users\ludin\Desktop\salidas\scanqueue\backend\node_modules\pg-pool\index.js:45:11
    at process.processTicksAndRejections (node:internal/process/task_queues:105:5)
    at async query (file:///C:/Users/ludin/Desktop/salidas/scanqueue/backend/src/config/database.js:25:18)
    at async Module.getScansToday (file:///C:/Users/ludin/Desktop/salidas/scanqueue/backend/src/models/Scan.js:23:15)
    at async getTodaySummary (file:///C:/Users/ludin/Desktop/salidas/scanqueue/backend/src/controllers/DashboardController.js:30:24)
Path: /api/dashboard/today

[2026-03-04T12:50:17.351Z] ERROR: 
Stack: AggregateError [ECONNREFUSED]: 
    at C:\Users\ludin\Desktop\salidas\scanqueue\backend\node_modules\pg-pool\index.js:45:11
    at process.processTicksAndRejections (node:internal/process/task_queues:105:5)
    at async query (file:///C:/Users/ludin/Desktop/salidas/scanqueue/backend/src/config/database.js:25:18)
    at async Module.getScansToday (file:///C:/Users/ludin/Desktop/salidas/scanqueue/backend/src/models/Scan.js:23:15)
    at async Module.getScanStatistics (file:///C:/Users/ludin/Desktop/salidas/scanqueue/backend/src/services/ScanService.js:76:24)
    at async getDashboardStats (file:///C:/Users/ludin/Desktop/salidas/scanqueue/backend/src/controllers/DashboardController.js:12:19)
Path: /api/dashboard/stats

[2026-03-04T12:50:17.355Z] ERROR: 
Stack: AggregateError [ECONNREFUSED]: 
    at C:\Users\ludin\Desktop\salidas\scanqueue\backend\node_modules\pg-pool\index.js:45:11
    at process.processTicksAndRejections (node:internal/process/task_queues:105:5)
    at async query (file:///C:/Users/ludin/Desktop/salidas/scanqueue/backend/src/config/database.js:25:18)
    at async Module.getScansToday (file:///C:/Users/ludin/Desktop/salidas/scanqueue/backend/src/models/Scan.js:23:15)
    at async getTodaySummary (file:///C:/Users/ludin/Desktop/salidas/scanqueue/backend/src/controllers/DashboardController.js:30:24)
Path: /api/dashboard/today

[2026-03-04T12:50:17.994Z] ERROR: 
Stack: AggregateError [ECONNREFUSED]: 
    at C:\Users\ludin\Desktop\salidas\scanqueue\backend\node_modules\pg-pool\index.js:45:11
    at process.processTicksAndRejections (node:internal/process/task_queues:105:5)
    at async query (file:///C:/Users/ludin/Desktop/salidas/scanqueue/backend/src/config/database.js:25:18)
    at async Module.getScansToday (file:///C:/Users/ludin/Desktop/salidas/scanqueue/backend/src/models/Scan.js:23:15)
    at async Module.getScanStatistics (file:///C:/Users/ludin/Desktop/salidas/scanqueue/backend/src/services/ScanService.js:76:24)
    at async getDashboardStats (file:///C:/Users/ludin/Desktop/salidas/scanqueue/backend/src/controllers/DashboardController.js:12:19)
Path: /api/dashboard/stats

[2026-03-04T12:50:17.999Z] ERROR: 
Stack: AggregateError [ECONNREFUSED]: 
    at C:\Users\ludin\Desktop\salidas\scanqueue\backend\node_modules\pg-pool\index.js:45:11
    at process.processTicksAndRejections (node:internal/process/task_queues:105:5)
    at async query (file:///C:/Users/ludin/Desktop/salidas/scanqueue/backend/src/config/database.js:25:18)
    at async Module.getScansToday (file:///C:/Users/ludin/Desktop/salidas/scanqueue/backend/src/models/Scan.js:23:15)
    at async getTodaySummary (file:///C:/Users/ludin/Desktop/salidas/scanqueue/backend/src/controllers/DashboardController.js:30:24)
Path: /api/dashboard/today

[2026-03-04T12:50:18.514Z] ERROR: 
Stack: AggregateError [ECONNREFUSED]: 
    at C:\Users\ludin\Desktop\salidas\scanqueue\backend\node_modules\pg-pool\index.js:45:11
    at process.processTicksAndRejections (node:internal/process/task_queues:105:5)
    at async query (file:///C:/Users/ludin/Desktop/salidas/scanqueue/backend/src/config/database.js:25:18)
    at async Module.getScansToday (file:///C:/Users/ludin/Desktop/salidas/scanqueue/backend/src/models/Scan.js:23:15)
    at async Module.getScanStatistics (file:///C:/Users/ludin/Desktop/salidas/scanqueue/backend/src/services/ScanService.js:76:24)
    at async getDashboardStats (file:///C:/Users/ludin/Desktop/salidas/scanqueue/backend/src/controllers/DashboardController.js:12:19)
Path: /api/dashboard/stats

[2026-03-04T12:50:18.517Z] ERROR: 
Stack: AggregateError [ECONNREFUSED]: 
    at C:\Users\ludin\Desktop\salidas\scanqueue\backend\node_modules\pg-pool\index.js:45:11
    at process.processTicksAndRejections (node:internal/process/task_queues:105:5)
    at async query (file:///C:/Users/ludin/Desktop/salidas/scanqueue/backend/src/config/database.js:25:18)
    at async Module.getScansToday (file:///C:/Users/ludin/Desktop/salidas/scanqueue/backend/src/models/Scan.js:23:15)
    at async getTodaySummary (file:///C:/Users/ludin/Desktop/salidas/scanqueue/backend/src/controllers/DashboardController.js:30:24)
Path: /api/dashboard/today

[2026-03-04T12:50:19.210Z] ERROR: 
Stack: AggregateError [ECONNREFUSED]: 
    at C:\Users\ludin\Desktop\salidas\scanqueue\backend\node_modules\pg-pool\index.js:45:11
    at process.processTicksAndRejections (node:internal/process/task_queues:105:5)
    at async query (file:///C:/Users/ludin/Desktop/salidas/scanqueue/backend/src/config/database.js:25:18)
    at async Module.getScansToday (file:///C:/Users/ludin/Desktop/salidas/scanqueue/backend/src/models/Scan.js:23:15)
    at async Module.getScanStatistics (file:///C:/Users/ludin/Desktop/salidas/scanqueue/backend/src/services/ScanService.js:76:24)
    at async getDashboardStats (file:///C:/Users/ludin/Desktop/salidas/scanqueue/backend/src/controllers/DashboardController.js:12:19)
Path: /api/dashboard/stats

[2026-03-04T12:50:19.213Z] ERROR: 
Stack: AggregateError [ECONNREFUSED]: 
    at C:\Users\ludin\Desktop\salidas\scanqueue\backend\node_modules\pg-pool\index.js:45:11
    at process.processTicksAndRejections (node:internal/process/task_queues:105:5)
    at async query (file:///C:/Users/ludin/Desktop/salidas/scanqueue/backend/src/config/database.js:25:18)
    at async Module.getScansToday (file:///C:/Users/ludin/Desktop/salidas/scanqueue/backend/src/models/Scan.js:23:15)
    at async getTodaySummary (file:///C:/Users/ludin/Desktop/salidas/scanqueue/backend/src/controllers/DashboardController.js:30:24)
Path: /api/dashboard/today

[2026-03-04T12:50:19.767Z] ERROR: 
Stack: AggregateError [ECONNREFUSED]: 
    at C:\Users\ludin\Desktop\salidas\scanqueue\backend\node_modules\pg-pool\index.js:45:11
    at process.processTicksAndRejections (node:internal/process/task_queues:105:5)
    at async query (file:///C:/Users/ludin/Desktop/salidas/scanqueue/backend/src/config/database.js:25:18)
    at async Module.getScansToday (file:///C:/Users/ludin/Desktop/salidas/scanqueue/backend/src/models/Scan.js:23:15)
    at async Module.getScanStatistics (file:///C:/Users/ludin/Desktop/salidas/scanqueue/backend/src/services/ScanService.js:76:24)
    at async getDashboardStats (file:///C:/Users/ludin/Desktop/salidas/scanqueue/backend/src/controllers/DashboardController.js:12:19)
Path: /api/dashboard/stats

[2026-03-04T12:50:19.770Z] ERROR: 
Stack: AggregateError [ECONNREFUSED]: 
    at C:\Users\ludin\Desktop\salidas\scanqueue\backend\node_modules\pg-pool\index.js:45:11
    at process.processTicksAndRejections (node:internal/process/task_queues:105:5)
    at async query (file:///C:/Users/ludin/Desktop/salidas/scanqueue/backend/src/config/database.js:25:18)
    at async Module.getScansToday (file:///C:/Users/ludin/Desktop/salidas/scanqueue/backend/src/models/Scan.js:23:15)
    at async getTodaySummary (file:///C:/Users/ludin/Desktop/salidas/scanqueue/backend/src/controllers/DashboardController.js:30:24)
Path: /api/dashboard/today

[2026-03-04T12:50:20.281Z] ERROR: 
Stack: AggregateError [ECONNREFUSED]: 
    at C:\Users\ludin\Desktop\salidas\scanqueue\backend\node_modules\pg-pool\index.js:45:11
    at process.processTicksAndRejections (node:internal/process/task_queues:105:5)
    at async query (file:///C:/Users/ludin/Desktop/salidas/scanqueue/backend/src/config/database.js:25:18)
    at async Module.getScansToday (file:///C:/Users/ludin/Desktop/salidas/scanqueue/backend/src/models/Scan.js:23:15)
    at async Module.getScanStatistics (file:///C:/Users/ludin/Desktop/salidas/scanqueue/backend/src/services/ScanService.js:76:24)
    at async getDashboardStats (file:///C:/Users/ludin/Desktop/salidas/scanqueue/backend/src/controllers/DashboardController.js:12:19)
Path: /api/dashboard/stats

[2026-03-04T12:50:20.284Z] ERROR: 
Stack: AggregateError [ECONNREFUSED]: 
    at C:\Users\ludin\Desktop\salidas\scanqueue\backend\node_modules\pg-pool\index.js:45:11
    at process.processTicksAndRejections (node:internal/process/task_queues:105:5)
    at async query (file:///C:/Users/ludin/Desktop/salidas/scanqueue/backend/src/config/database.js:25:18)
    at async Module.getScansToday (file:///C:/Users/ludin/Desktop/salidas/scanqueue/backend/src/models/Scan.js:23:15)
    at async getTodaySummary (file:///C:/Users/ludin/Desktop/salidas/scanqueue/backend/src/controllers/DashboardController.js:30:24)
Path: /api/dashboard/today

[2026-03-04T12:50:20.905Z] ERROR: 
Stack: AggregateError [ECONNREFUSED]: 
    at C:\Users\ludin\Desktop\salidas\scanqueue\backend\node_modules\pg-pool\index.js:45:11
    at process.processTicksAndRejections (node:internal/process/task_queues:105:5)
    at async query (file:///C:/Users/ludin/Desktop/salidas/scanqueue/backend/src/config/database.js:25:18)
    at async Module.getScansToday (file:///C:/Users/ludin/Desktop/salidas/scanqueue/backend/src/models/Scan.js:23:15)
    at async Module.getScanStatistics (file:///C:/Users/ludin/Desktop/salidas/scanqueue/backend/src/services/ScanService.js:76:24)
    at async getDashboardStats (file:///C:/Users/ludin/Desktop/salidas/scanqueue/backend/src/controllers/DashboardController.js:12:19)
Path: /api/dashboard/stats

[2026-03-04T12:50:20.909Z] ERROR: 
Stack: AggregateError [ECONNREFUSED]: 
    at C:\Users\ludin\Desktop\salidas\scanqueue\backend\node_modules\pg-pool\index.js:45:11
    at process.processTicksAndRejections (node:internal/process/task_queues:105:5)
    at async query (file:///C:/Users/ludin/Desktop/salidas/scanqueue/backend/src/config/database.js:25:18)
    at async Module.getScansToday (file:///C:/Users/ludin/Desktop/salidas/scanqueue/backend/src/models/Scan.js:23:15)
    at async getTodaySummary (file:///C:/Users/ludin/Desktop/salidas/scanqueue/backend/src/controllers/DashboardController.js:30:24)
Path: /api/dashboard/today

[2026-03-04T12:50:21.470Z] ERROR: 
Stack: AggregateError [ECONNREFUSED]: 
    at C:\Users\ludin\Desktop\salidas\scanqueue\backend\node_modules\pg-pool\index.js:45:11
    at process.processTicksAndRejections (node:internal/process/task_queues:105:5)
    at async query (file:///C:/Users/ludin/Desktop/salidas/scanqueue/backend/src/config/database.js:25:18)
    at async Module.getScansToday (file:///C:/Users/ludin/Desktop/salidas/scanqueue/backend/src/models/Scan.js:23:15)
    at async Module.getScanStatistics (file:///C:/Users/ludin/Desktop/salidas/scanqueue/backend/src/services/ScanService.js:76:24)
    at async getDashboardStats (file:///C:/Users/ludin/Desktop/salidas/scanqueue/backend/src/controllers/DashboardController.js:12:19)
Path: /api/dashboard/stats

[2026-03-04T12:50:21.473Z] ERROR: 
Stack: AggregateError [ECONNREFUSED]: 
    at C:\Users\ludin\Desktop\salidas\scanqueue\backend\node_modules\pg-pool\index.js:45:11
    at process.processTicksAndRejections (node:internal/process/task_queues:105:5)
    at async query (file:///C:/Users/ludin/Desktop/salidas/scanqueue/backend/src/config/database.js:25:18)
    at async Module.getScansToday (file:///C:/Users/ludin/Desktop/salidas/scanqueue/backend/src/models/Scan.js:23:15)
    at async getTodaySummary (file:///C:/Users/ludin/Desktop/salidas/scanqueue/backend/src/controllers/DashboardController.js:30:24)
Path: /api/dashboard/today

[2026-03-04T12:50:22.095Z] ERROR: 
Stack: AggregateError [ECONNREFUSED]: 
    at C:\Users\ludin\Desktop\salidas\scanqueue\backend\node_modules\pg-pool\index.js:45:11
    at process.processTicksAndRejections (node:internal/process/task_queues:105:5)
    at async query (file:///C:/Users/ludin/Desktop/salidas/scanqueue/backend/src/config/database.js:25:18)
    at async Module.getScansToday (file:///C:/Users/ludin/Desktop/salidas/scanqueue/backend/src/models/Scan.js:23:15)
    at async Module.getScanStatistics (file:///C:/Users/ludin/Desktop/salidas/scanqueue/backend/src/services/ScanService.js:76:24)
    at async getDashboardStats (file:///C:/Users/ludin/Desktop/salidas/scanqueue/backend/src/controllers/DashboardController.js:12:19)
Path: /api/dashboard/stats

[2026-03-04T12:50:22.100Z] ERROR: 
Stack: AggregateError [ECONNREFUSED]: 
    at C:\Users\ludin\Desktop\salidas\scanqueue\backend\node_modules\pg-pool\index.js:45:11
    at process.processTicksAndRejections (node:internal/process/task_queues:105:5)
    at async query (file:///C:/Users/ludin/Desktop/salidas/scanqueue/backend/src/config/database.js:25:18)
    at async Module.getScansToday (file:///C:/Users/ludin/Desktop/salidas/scanqueue/backend/src/models/Scan.js:23:15)
    at async getTodaySummary (file:///C:/Users/ludin/Desktop/salidas/scanqueue/backend/src/controllers/DashboardController.js:30:24)
Path: /api/dashboard/today

[2026-03-04T12:50:23.195Z] ERROR: 
Stack: AggregateError [ECONNREFUSED]: 
    at C:\Users\ludin\Desktop\salidas\scanqueue\backend\node_modules\pg-pool\index.js:45:11
    at process.processTicksAndRejections (node:internal/process/task_queues:105:5)
    at async query (file:///C:/Users/ludin/Desktop/salidas/scanqueue/backend/src/config/database.js:25:18)
    at async Module.getScansToday (file:///C:/Users/ludin/Desktop/salidas/scanqueue/backend/src/models/Scan.js:23:15)
    at async Module.getScanStatistics (file:///C:/Users/ludin/Desktop/salidas/scanqueue/backend/src/services/ScanService.js:76:24)
    at async getDashboardStats (file:///C:/Users/ludin/Desktop/salidas/scanqueue/backend/src/controllers/DashboardController.js:12:19)
Path: /api/dashboard/stats

[2026-03-04T12:50:23.206Z] ERROR: 
Stack: AggregateError [ECONNREFUSED]: 
    at C:\Users\ludin\Desktop\salidas\scanqueue\backend\node_modules\pg-pool\index.js:45:11
    at process.processTicksAndRejections (node:internal/process/task_queues:105:5)
    at async query (file:///C:/Users/ludin/Desktop/salidas/scanqueue/backend/src/config/database.js:25:18)
    at async Module.getScansToday (file:///C:/Users/ludin/Desktop/salidas/scanqueue/backend/src/models/Scan.js:23:15)
    at async getTodaySummary (file:///C:/Users/ludin/Desktop/salidas/scanqueue/backend/src/controllers/DashboardController.js:30:24)
Path: /api/dashboard/today

[2026-03-04T12:50:24.308Z] ERROR: 
Stack: AggregateError [ECONNREFUSED]: 
    at C:\Users\ludin\Desktop\salidas\scanqueue\backend\node_modules\pg-pool\index.js:45:11
    at process.processTicksAndRejections (node:internal/process/task_queues:105:5)
    at async query (file:///C:/Users/ludin/Desktop/salidas/scanqueue/backend/src/config/database.js:25:18)
    at async Module.getScansToday (file:///C:/Users/ludin/Desktop/salidas/scanqueue/backend/src/models/Scan.js:23:15)
    at async Module.getScanStatistics (file:///C:/Users/ludin/Desktop/salidas/scanqueue/backend/src/services/ScanService.js:76:24)
    at async getDashboardStats (file:///C:/Users/ludin/Desktop/salidas/scanqueue/backend/src/controllers/DashboardController.js:12:19)
Path: /api/dashboard/stats

[2026-03-04T12:50:24.312Z] ERROR: 
Stack: AggregateError [ECONNREFUSED]: 
    at C:\Users\ludin\Desktop\salidas\scanqueue\backend\node_modules\pg-pool\index.js:45:11
    at process.processTicksAndRejections (node:internal/process/task_queues:105:5)
    at async query (file:///C:/Users/ludin/Desktop/salidas/scanqueue/backend/src/config/database.js:25:18)
    at async Module.getScansToday (file:///C:/Users/ludin/Desktop/salidas/scanqueue/backend/src/models/Scan.js:23:15)
    at async getTodaySummary (file:///C:/Users/ludin/Desktop/salidas/scanqueue/backend/src/controllers/DashboardController.js:30:24)
Path: /api/dashboard/today

[2026-03-04T12:50:24.832Z] ERROR: 
Stack: AggregateError [ECONNREFUSED]: 
    at C:\Users\ludin\Desktop\salidas\scanqueue\backend\node_modules\pg-pool\index.js:45:11
    at process.processTicksAndRejections (node:internal/process/task_queues:105:5)
    at async query (file:///C:/Users/ludin/Desktop/salidas/scanqueue/backend/src/config/database.js:25:18)
    at async Module.getScansToday (file:///C:/Users/ludin/Desktop/salidas/scanqueue/backend/src/models/Scan.js:23:15)
    at async Module.getScanStatistics (file:///C:/Users/ludin/Desktop/salidas/scanqueue/backend/src/services/ScanService.js:76:24)
    at async getDashboardStats (file:///C:/Users/ludin/Desktop/salidas/scanqueue/backend/src/controllers/DashboardController.js:12:19)
Path: /api/dashboard/stats

[2026-03-04T12:50:24.835Z] ERROR: 
Stack: AggregateError [ECONNREFUSED]: 
    at C:\Users\ludin\Desktop\salidas\scanqueue\backend\node_modules\pg-pool\index.js:45:11
    at process.processTicksAndRejections (node:internal/process/task_queues:105:5)
    at async query (file:///C:/Users/ludin/Desktop/salidas/scanqueue/backend/src/config/database.js:25:18)
    at async Module.getScansToday (file:///C:/Users/ludin/Desktop/salidas/scanqueue/backend/src/models/Scan.js:23:15)
    at async getTodaySummary (file:///C:/Users/ludin/Desktop/salidas/scanqueue/backend/src/controllers/DashboardController.js:30:24)
Path: /api/dashboard/today

[2026-03-04T12:50:25.485Z] ERROR: 
Stack: AggregateError [ECONNREFUSED]: 
    at C:\Users\ludin\Desktop\salidas\scanqueue\backend\node_modules\pg-pool\index.js:45:11
    at process.processTicksAndRejections (node:internal/process/task_queues:105:5)
    at async query (file:///C:/Users/ludin/Desktop/salidas/scanqueue/backend/src/config/database.js:25:18)
    at async Module.getScansToday (file:///C:/Users/ludin/Desktop/salidas/scanqueue/backend/src/models/Scan.js:23:15)
    at async Module.getScanStatistics (file:///C:/Users/ludin/Desktop/salidas/scanqueue/backend/src/services/ScanService.js:76:24)
    at async getDashboardStats (file:///C:/Users/ludin/Desktop/salidas/scanqueue/backend/src/controllers/DashboardController.js:12:19)
Path: /api/dashboard/stats

[2026-03-04T12:50:25.489Z] ERROR: 
Stack: AggregateError [ECONNREFUSED]: 
    at C:\Users\ludin\Desktop\salidas\scanqueue\backend\node_modules\pg-pool\index.js:45:11
    at process.processTicksAndRejections (node:internal/process/task_queues:105:5)
    at async query (file:///C:/Users/ludin/Desktop/salidas/scanqueue/backend/src/config/database.js:25:18)
    at async Module.getScansToday (file:///C:/Users/ludin/Desktop/salidas/scanqueue/backend/src/models/Scan.js:23:15)
    at async getTodaySummary (file:///C:/Users/ludin/Desktop/salidas/scanqueue/backend/src/controllers/DashboardController.js:30:24)
Path: /api/dashboard/today

[2026-03-04T12:50:26.098Z] ERROR: 
Stack: AggregateError [ECONNREFUSED]: 
    at C:\Users\ludin\Desktop\salidas\scanqueue\backend\node_modules\pg-pool\index.js:45:11
    at process.processTicksAndRejections (node:internal/process/task_queues:105:5)
    at async query (file:///C:/Users/ludin/Desktop/salidas/scanqueue/backend/src/config/database.js:25:18)
    at async Module.getScansToday (file:///C:/Users/ludin/Desktop/salidas/scanqueue/backend/src/models/Scan.js:23:15)
    at async Module.getScanStatistics (file:///C:/Users/ludin/Desktop/salidas/scanqueue/backend/src/services/ScanService.js:76:24)
    at async getDashboardStats (file:///C:/Users/ludin/Desktop/salidas/scanqueue/backend/src/controllers/DashboardController.js:12:19)
Path: /api/dashboard/stats

[2026-03-04T12:50:26.101Z] ERROR: 
Stack: AggregateError [ECONNREFUSED]: 
    at C:\Users\ludin\Desktop\salidas\scanqueue\backend\node_modules\pg-pool\index.js:45:11
    at process.processTicksAndRejections (node:internal/process/task_queues:105:5)
    at async query (file:///C:/Users/ludin/Desktop/salidas/scanqueue/backend/src/config/database.js:25:18)
    at async Module.getScansToday (file:///C:/Users/ludin/Desktop/salidas/scanqueue/backend/src/models/Scan.js:23:15)
    at async getTodaySummary (file:///C:/Users/ludin/Desktop/salidas/scanqueue/backend/src/controllers/DashboardController.js:30:24)
Path: /api/dashboard/today

[2026-03-04T12:50:26.687Z] ERROR: 
Stack: AggregateError [ECONNREFUSED]: 
    at C:\Users\ludin\Desktop\salidas\scanqueue\backend\node_modules\pg-pool\index.js:45:11
    at process.processTicksAndRejections (node:internal/process/task_queues:105:5)
    at async query (file:///C:/Users/ludin/Desktop/salidas/scanqueue/backend/src/config/database.js:25:18)
    at async Module.getScansToday (file:///C:/Users/ludin/Desktop/salidas/scanqueue/backend/src/models/Scan.js:23:15)
    at async Module.getScanStatistics (file:///C:/Users/ludin/Desktop/salidas/scanqueue/backend/src/services/ScanService.js:76:24)
    at async getDashboardStats (file:///C:/Users/ludin/Desktop/salidas/scanqueue/backend/src/controllers/DashboardController.js:12:19)
Path: /api/dashboard/stats

[2026-03-04T12:50:26.691Z] ERROR: 
Stack: AggregateError [ECONNREFUSED]: 
    at C:\Users\ludin\Desktop\salidas\scanqueue\backend\node_modules\pg-pool\index.js:45:11
    at process.processTicksAndRejections (node:internal/process/task_queues:105:5)
    at async query (file:///C:/Users/ludin/Desktop/salidas/scanqueue/backend/src/config/database.js:25:18)
    at async Module.getScansToday (file:///C:/Users/ludin/Desktop/salidas/scanqueue/backend/src/models/Scan.js:23:15)
    at async getTodaySummary (file:///C:/Users/ludin/Desktop/salidas/scanqueue/backend/src/controllers/DashboardController.js:30:24)
Path: /api/dashboard/today

[2026-03-04T12:50:27.310Z] ERROR: 
Stack: AggregateError [ECONNREFUSED]: 
    at C:\Users\ludin\Desktop\salidas\scanqueue\backend\node_modules\pg-pool\index.js:45:11
    at process.processTicksAndRejections (node:internal/process/task_queues:105:5)
    at async query (file:///C:/Users/ludin/Desktop/salidas/scanqueue/backend/src/config/database.js:25:18)
    at async Module.getScansToday (file:///C:/Users/ludin/Desktop/salidas/scanqueue/backend/src/models/Scan.js:23:15)
    at async Module.getScanStatistics (file:///C:/Users/ludin/Desktop/salidas/scanqueue/backend/src/services/ScanService.js:76:24)
    at async getDashboardStats (file:///C:/Users/ludin/Desktop/salidas/scanqueue/backend/src/controllers/DashboardController.js:12:19)
Path: /api/dashboard/stats

[2026-03-04T12:50:27.313Z] ERROR: 
Stack: AggregateError [ECONNREFUSED]: 
    at C:\Users\ludin\Desktop\salidas\scanqueue\backend\node_modules\pg-pool\index.js:45:11
    at process.processTicksAndRejections (node:internal/process/task_queues:105:5)
    at async query (file:///C:/Users/ludin/Desktop/salidas/scanqueue/backend/src/config/database.js:25:18)
    at async Module.getScansToday (file:///C:/Users/ludin/Desktop/salidas/scanqueue/backend/src/models/Scan.js:23:15)
    at async getTodaySummary (file:///C:/Users/ludin/Desktop/salidas/scanqueue/backend/src/controllers/DashboardController.js:30:24)
Path: /api/dashboard/today

[2026-03-04T12:50:27.780Z] ERROR: 
Stack: AggregateError [ECONNREFUSED]: 
    at C:\Users\ludin\Desktop\salidas\scanqueue\backend\node_modules\pg-pool\index.js:45:11
    at process.processTicksAndRejections (node:internal/process/task_queues:105:5)
    at async query (file:///C:/Users/ludin/Desktop/salidas/scanqueue/backend/src/config/database.js:25:18)
    at async Module.getScansToday (file:///C:/Users/ludin/Desktop/salidas/scanqueue/backend/src/models/Scan.js:23:15)
    at async Module.getScanStatistics (file:///C:/Users/ludin/Desktop/salidas/scanqueue/backend/src/services/ScanService.js:76:24)
    at async getDashboardStats (file:///C:/Users/ludin/Desktop/salidas/scanqueue/backend/src/controllers/DashboardController.js:12:19)
Path: /api/dashboard/stats

[2026-03-04T12:50:27.784Z] ERROR: 
Stack: AggregateError [ECONNREFUSED]: 
    at C:\Users\ludin\Desktop\salidas\scanqueue\backend\node_modules\pg-pool\index.js:45:11
    at process.processTicksAndRejections (node:internal/process/task_queues:105:5)
    at async query (file:///C:/Users/ludin/Desktop/salidas/scanqueue/backend/src/config/database.js:25:18)
    at async Module.getScansToday (file:///C:/Users/ludin/Desktop/salidas/scanqueue/backend/src/models/Scan.js:23:15)
    at async getTodaySummary (file:///C:/Users/ludin/Desktop/salidas/scanqueue/backend/src/controllers/DashboardController.js:30:24)
Path: /api/dashboard/today

[2026-03-04T12:50:28.192Z] ERROR: 
Stack: AggregateError [ECONNREFUSED]: 
    at C:\Users\ludin\Desktop\salidas\scanqueue\backend\node_modules\pg-pool\index.js:45:11
    at process.processTicksAndRejections (node:internal/process/task_queues:105:5)
    at async query (file:///C:/Users/ludin/Desktop/salidas/scanqueue/backend/src/config/database.js:25:18)
    at async Module.getScansToday (file:///C:/Users/ludin/Desktop/salidas/scanqueue/backend/src/models/Scan.js:23:15)
    at async Module.getScanStatistics (file:///C:/Users/ludin/Desktop/salidas/scanqueue/backend/src/services/ScanService.js:76:24)
    at async getDashboardStats (file:///C:/Users/ludin/Desktop/salidas/scanqueue/backend/src/controllers/DashboardController.js:12:19)
Path: /api/dashboard/stats

[2026-03-04T12:50:28.195Z] ERROR: 
Stack: AggregateError [ECONNREFUSED]: 
    at C:\Users\ludin\Desktop\salidas\scanqueue\backend\node_modules\pg-pool\index.js:45:11
    at process.processTicksAndRejections (node:internal/process/task_queues:105:5)
    at async query (file:///C:/Users/ludin/Desktop/salidas/scanqueue/backend/src/config/database.js:25:18)
    at async Module.getScansToday (file:///C:/Users/ludin/Desktop/salidas/scanqueue/backend/src/models/Scan.js:23:15)
    at async getTodaySummary (file:///C:/Users/ludin/Desktop/salidas/scanqueue/backend/src/controllers/DashboardController.js:30:24)
Path: /api/dashboard/today

[2026-03-04T12:50:28.696Z] ERROR: 
Stack: AggregateError [ECONNREFUSED]: 
    at C:\Users\ludin\Desktop\salidas\scanqueue\backend\node_modules\pg-pool\index.js:45:11
    at process.processTicksAndRejections (node:internal/process/task_queues:105:5)
    at async query (file:///C:/Users/ludin/Desktop/salidas/scanqueue/backend/src/config/database.js:25:18)
    at async Module.getScansToday (file:///C:/Users/ludin/Desktop/salidas/scanqueue/backend/src/models/Scan.js:23:15)
    at async Module.getScanStatistics (file:///C:/Users/ludin/Desktop/salidas/scanqueue/backend/src/services/ScanService.js:76:24)
    at async getDashboardStats (file:///C:/Users/ludin/Desktop/salidas/scanqueue/backend/src/controllers/DashboardController.js:12:19)
Path: /api/dashboard/stats

[2026-03-04T12:50:28.699Z] ERROR: 
Stack: AggregateError [ECONNREFUSED]: 
    at C:\Users\ludin\Desktop\salidas\scanqueue\backend\node_modules\pg-pool\index.js:45:11
    at process.processTicksAndRejections (node:internal/process/task_queues:105:5)
    at async query (file:///C:/Users/ludin/Desktop/salidas/scanqueue/backend/src/config/database.js:25:18)
    at async Module.getScansToday (file:///C:/Users/ludin/Desktop/salidas/scanqueue/backend/src/models/Scan.js:23:15)
    at async getTodaySummary (file:///C:/Users/ludin/Desktop/salidas/scanqueue/backend/src/controllers/DashboardController.js:30:24)
Path: /api/dashboard/today

[2026-03-04T12:50:29.275Z] ERROR: 
Stack: AggregateError [ECONNREFUSED]: 
    at C:\Users\ludin\Desktop\salidas\scanqueue\backend\node_modules\pg-pool\index.js:45:11
    at process.processTicksAndRejections (node:internal/process/task_queues:105:5)
    at async query (file:///C:/Users/ludin/Desktop/salidas/scanqueue/backend/src/config/database.js:25:18)
    at async Module.getScansToday (file:///C:/Users/ludin/Desktop/salidas/scanqueue/backend/src/models/Scan.js:23:15)
    at async Module.getScanStatistics (file:///C:/Users/ludin/Desktop/salidas/scanqueue/backend/src/services/ScanService.js:76:24)
    at async getDashboardStats (file:///C:/Users/ludin/Desktop/salidas/scanqueue/backend/src/controllers/DashboardController.js:12:19)
Path: /api/dashboard/stats

[2026-03-04T12:50:29.283Z] ERROR: 
Stack: AggregateError [ECONNREFUSED]: 
    at C:\Users\ludin\Desktop\salidas\scanqueue\backend\node_modules\pg-pool\index.js:45:11
    at process.processTicksAndRejections (node:internal/process/task_queues:105:5)
    at async query (file:///C:/Users/ludin/Desktop/salidas/scanqueue/backend/src/config/database.js:25:18)
    at async Module.getScansToday (file:///C:/Users/ludin/Desktop/salidas/scanqueue/backend/src/models/Scan.js:23:15)
    at async getTodaySummary (file:///C:/Users/ludin/Desktop/salidas/scanqueue/backend/src/controllers/DashboardController.js:30:24)
Path: /api/dashboard/today

[2026-03-04T12:50:29.767Z] ERROR: 
Stack: AggregateError [ECONNREFUSED]: 
    at C:\Users\ludin\Desktop\salidas\scanqueue\backend\node_modules\pg-pool\index.js:45:11
    at process.processTicksAndRejections (node:internal/process/task_queues:105:5)
    at async query (file:///C:/Users/ludin/Desktop/salidas/scanqueue/backend/src/config/database.js:25:18)
    at async Module.getScansToday (file:///C:/Users/ludin/Desktop/salidas/scanqueue/backend/src/models/Scan.js:23:15)
    at async Module.getScanStatistics (file:///C:/Users/ludin/Desktop/salidas/scanqueue/backend/src/services/ScanService.js:76:24)
    at async getDashboardStats (file:///C:/Users/ludin/Desktop/salidas/scanqueue/backend/src/controllers/DashboardController.js:12:19)
Path: /api/dashboard/stats

[2026-03-04T12:50:29.769Z] ERROR: 
Stack: AggregateError [ECONNREFUSED]: 
    at C:\Users\ludin\Desktop\salidas\scanqueue\backend\node_modules\pg-pool\index.js:45:11
    at process.processTicksAndRejections (node:internal/process/task_queues:105:5)
    at async query (file:///C:/Users/ludin/Desktop/salidas/scanqueue/backend/src/config/database.js:25:18)
    at async Module.getScansToday (file:///C:/Users/ludin/Desktop/salidas/scanqueue/backend/src/models/Scan.js:23:15)
    at async getTodaySummary (file:///C:/Users/ludin/Desktop/salidas/scanqueue/backend/src/controllers/DashboardController.js:30:24)
Path: /api/dashboard/today

[2026-03-04T12:50:30.269Z] ERROR: 
Stack: AggregateError [ECONNREFUSED]: 
    at C:\Users\ludin\Desktop\salidas\scanqueue\backend\node_modules\pg-pool\index.js:45:11
    at process.processTicksAndRejections (node:internal/process/task_queues:105:5)
    at async query (file:///C:/Users/ludin/Desktop/salidas/scanqueue/backend/src/config/database.js:25:18)
    at async Module.getScansToday (file:///C:/Users/ludin/Desktop/salidas/scanqueue/backend/src/models/Scan.js:23:15)
    at async Module.getScanStatistics (file:///C:/Users/ludin/Desktop/salidas/scanqueue/backend/src/services/ScanService.js:76:24)
    at async getDashboardStats (file:///C:/Users/ludin/Desktop/salidas/scanqueue/backend/src/controllers/DashboardController.js:12:19)
Path: /api/dashboard/stats

[2026-03-04T12:50:30.274Z] ERROR: 
Stack: AggregateError [ECONNREFUSED]: 
    at C:\Users\ludin\Desktop\salidas\scanqueue\backend\node_modules\pg-pool\index.js:45:11
    at process.processTicksAndRejections (node:internal/process/task_queues:105:5)
    at async query (file:///C:/Users/ludin/Desktop/salidas/scanqueue/backend/src/config/database.js:25:18)
    at async Module.getScansToday (file:///C:/Users/ludin/Desktop/salidas/scanqueue/backend/src/models/Scan.js:23:15)
    at async getTodaySummary (file:///C:/Users/ludin/Desktop/salidas/scanqueue/backend/src/controllers/DashboardController.js:30:24)
Path: /api/dashboard/today

[2026-03-04T12:50:30.787Z] ERROR: 
Stack: AggregateError [ECONNREFUSED]: 
    at C:\Users\ludin\Desktop\salidas\scanqueue\backend\node_modules\pg-pool\index.js:45:11
    at process.processTicksAndRejections (node:internal/process/task_queues:105:5)
    at async query (file:///C:/Users/ludin/Desktop/salidas/scanqueue/backend/src/config/database.js:25:18)
    at async Module.getScansToday (file:///C:/Users/ludin/Desktop/salidas/scanqueue/backend/src/models/Scan.js:23:15)
    at async Module.getScanStatistics (file:///C:/Users/ludin/Desktop/salidas/scanqueue/backend/src/services/ScanService.js:76:24)
    at async getDashboardStats (file:///C:/Users/ludin/Desktop/salidas/scanqueue/backend/src/controllers/DashboardController.js:12:19)
Path: /api/dashboard/stats

[2026-03-04T12:50:30.789Z] ERROR: 
Stack: AggregateError [ECONNREFUSED]: 
    at C:\Users\ludin\Desktop\salidas\scanqueue\backend\node_modules\pg-pool\index.js:45:11
    at process.processTicksAndRejections (node:internal/process/task_queues:105:5)
    at async query (file:///C:/Users/ludin/Desktop/salidas/scanqueue/backend/src/config/database.js:25:18)
    at async Module.getScansToday (file:///C:/Users/ludin/Desktop/salidas/scanqueue/backend/src/models/Scan.js:23:15)
    at async getTodaySummary (file:///C:/Users/ludin/Desktop/salidas/scanqueue/backend/src/controllers/DashboardController.js:30:24)
Path: /api/dashboard/today

[2026-03-04T12:50:31.249Z] ERROR: 
Stack: AggregateError [ECONNREFUSED]: 
    at C:\Users\ludin\Desktop\salidas\scanqueue\backend\node_modules\pg-pool\index.js:45:11
    at process.processTicksAndRejections (node:internal/process/task_queues:105:5)
    at async query (file:///C:/Users/ludin/Desktop/salidas/scanqueue/backend/src/config/database.js:25:18)
    at async Module.getScansToday (file:///C:/Users/ludin/Desktop/salidas/scanqueue/backend/src/models/Scan.js:23:15)
    at async Module.getScanStatistics (file:///C:/Users/ludin/Desktop/salidas/scanqueue/backend/src/services/ScanService.js:76:24)
    at async getDashboardStats (file:///C:/Users/ludin/Desktop/salidas/scanqueue/backend/src/controllers/DashboardController.js:12:19)
Path: /api/dashboard/stats

[2026-03-04T12:50:31.251Z] ERROR: 
Stack: AggregateError [ECONNREFUSED]: 
    at C:\Users\ludin\Desktop\salidas\scanqueue\backend\node_modules\pg-pool\index.js:45:11
    at process.processTicksAndRejections (node:internal/process/task_queues:105:5)
    at async query (file:///C:/Users/ludin/Desktop/salidas/scanqueue/backend/src/config/database.js:25:18)
    at async Module.getScansToday (file:///C:/Users/ludin/Desktop/salidas/scanqueue/backend/src/models/Scan.js:23:15)
    at async getTodaySummary (file:///C:/Users/ludin/Desktop/salidas/scanqueue/backend/src/controllers/DashboardController.js:30:24)
Path: /api/dashboard/today

[2026-03-04T12:50:31.876Z] ERROR: 
Stack: AggregateError [ECONNREFUSED]: 
    at C:\Users\ludin\Desktop\salidas\scanqueue\backend\node_modules\pg-pool\index.js:45:11
    at process.processTicksAndRejections (node:internal/process/task_queues:105:5)
    at async query (file:///C:/Users/ludin/Desktop/salidas/scanqueue/backend/src/config/database.js:25:18)
    at async Module.getScansToday (file:///C:/Users/ludin/Desktop/salidas/scanqueue/backend/src/models/Scan.js:23:15)
    at async Module.getScanStatistics (file:///C:/Users/ludin/Desktop/salidas/scanqueue/backend/src/services/ScanService.js:76:24)
    at async getDashboardStats (file:///C:/Users/ludin/Desktop/salidas/scanqueue/backend/src/controllers/DashboardController.js:12:19)
Path: /api/dashboard/stats

[2026-03-04T12:50:31.880Z] ERROR: 
Stack: AggregateError [ECONNREFUSED]: 
    at C:\Users\ludin\Desktop\salidas\scanqueue\backend\node_modules\pg-pool\index.js:45:11
    at process.processTicksAndRejections (node:internal/process/task_queues:105:5)
    at async query (file:///C:/Users/ludin/Desktop/salidas/scanqueue/backend/src/config/database.js:25:18)
    at async Module.getScansToday (file:///C:/Users/ludin/Desktop/salidas/scanqueue/backend/src/models/Scan.js:23:15)
    at async getTodaySummary (file:///C:/Users/ludin/Desktop/salidas/scanqueue/backend/src/controllers/DashboardController.js:30:24)
Path: /api/dashboard/today

[2026-03-04T12:50:32.405Z] ERROR: 
Stack: AggregateError [ECONNREFUSED]: 
    at C:\Users\ludin\Desktop\salidas\scanqueue\backend\node_modules\pg-pool\index.js:45:11
    at process.processTicksAndRejections (node:internal/process/task_queues:105:5)
    at async query (file:///C:/Users/ludin/Desktop/salidas/scanqueue/backend/src/config/database.js:25:18)
    at async Module.getScansToday (file:///C:/Users/ludin/Desktop/salidas/scanqueue/backend/src/models/Scan.js:23:15)
    at async Module.getScanStatistics (file:///C:/Users/ludin/Desktop/salidas/scanqueue/backend/src/services/ScanService.js:76:24)
    at async getDashboardStats (file:///C:/Users/ludin/Desktop/salidas/scanqueue/backend/src/controllers/DashboardController.js:12:19)
Path: /api/dashboard/stats

[2026-03-04T12:50:32.408Z] ERROR: 
Stack: AggregateError [ECONNREFUSED]: 
    at C:\Users\ludin\Desktop\salidas\scanqueue\backend\node_modules\pg-pool\index.js:45:11
    at process.processTicksAndRejections (node:internal/process/task_queues:105:5)
    at async query (file:///C:/Users/ludin/Desktop/salidas/scanqueue/backend/src/config/database.js:25:18)
    at async Module.getScansToday (file:///C:/Users/ludin/Desktop/salidas/scanqueue/backend/src/models/Scan.js:23:15)
    at async getTodaySummary (file:///C:/Users/ludin/Desktop/salidas/scanqueue/backend/src/controllers/DashboardController.js:30:24)
Path: /api/dashboard/today

[2026-03-04T12:50:33.247Z] ERROR: 
Stack: AggregateError [ECONNREFUSED]: 
    at C:\Users\ludin\Desktop\salidas\scanqueue\backend\node_modules\pg-pool\index.js:45:11
    at process.processTicksAndRejections (node:internal/process/task_queues:105:5)
    at async query (file:///C:/Users/ludin/Desktop/salidas/scanqueue/backend/src/config/database.js:25:18)
    at async Module.getScansToday (file:///C:/Users/ludin/Desktop/salidas/scanqueue/backend/src/models/Scan.js:23:15)
    at async Module.getScanStatistics (file:///C:/Users/ludin/Desktop/salidas/scanqueue/backend/src/services/ScanService.js:76:24)
    at async getDashboardStats (file:///C:/Users/ludin/Desktop/salidas/scanqueue/backend/src/controllers/DashboardController.js:12:19)
Path: /api/dashboard/stats

[2026-03-04T12:50:33.257Z] ERROR: 
Stack: AggregateError [ECONNREFUSED]: 
    at C:\Users\ludin\Desktop\salidas\scanqueue\backend\node_modules\pg-pool\index.js:45:11
    at process.processTicksAndRejections (node:internal/process/task_queues:105:5)
    at async query (file:///C:/Users/ludin/Desktop/salidas/scanqueue/backend/src/config/database.js:25:18)
    at async Module.getScansToday (file:///C:/Users/ludin/Desktop/salidas/scanqueue/backend/src/models/Scan.js:23:15)
    at async getTodaySummary (file:///C:/Users/ludin/Desktop/salidas/scanqueue/backend/src/controllers/DashboardController.js:30:24)
Path: /api/dashboard/today

[2026-03-04T12:50:33.739Z] ERROR: 
Stack: AggregateError [ECONNREFUSED]: 
    at C:\Users\ludin\Desktop\salidas\scanqueue\backend\node_modules\pg-pool\index.js:45:11
    at process.processTicksAndRejections (node:internal/process/task_queues:105:5)
    at async query (file:///C:/Users/ludin/Desktop/salidas/scanqueue/backend/src/config/database.js:25:18)
    at async Module.getScansToday (file:///C:/Users/ludin/Desktop/salidas/scanqueue/backend/src/models/Scan.js:23:15)
    at async Module.getScanStatistics (file:///C:/Users/ludin/Desktop/salidas/scanqueue/backend/src/services/ScanService.js:76:24)
    at async getDashboardStats (file:///C:/Users/ludin/Desktop/salidas/scanqueue/backend/src/controllers/DashboardController.js:12:19)
Path: /api/dashboard/stats

[2026-03-04T12:50:33.741Z] ERROR: 
Stack: AggregateError [ECONNREFUSED]: 
    at C:\Users\ludin\Desktop\salidas\scanqueue\backend\node_modules\pg-pool\index.js:45:11
    at process.processTicksAndRejections (node:internal/process/task_queues:105:5)
    at async query (file:///C:/Users/ludin/Desktop/salidas/scanqueue/backend/src/config/database.js:25:18)
    at async Module.getScansToday (file:///C:/Users/ludin/Desktop/salidas/scanqueue/backend/src/models/Scan.js:23:15)
    at async getTodaySummary (file:///C:/Users/ludin/Desktop/salidas/scanqueue/backend/src/controllers/DashboardController.js:30:24)
Path: /api/dashboard/today

[2026-03-04T12:50:34.331Z] ERROR: 
Stack: AggregateError [ECONNREFUSED]: 
    at C:\Users\ludin\Desktop\salidas\scanqueue\backend\node_modules\pg-pool\index.js:45:11
    at process.processTicksAndRejections (node:internal/process/task_queues:105:5)
    at async query (file:///C:/Users/ludin/Desktop/salidas/scanqueue/backend/src/config/database.js:25:18)
    at async Module.getScansToday (file:///C:/Users/ludin/Desktop/salidas/scanqueue/backend/src/models/Scan.js:23:15)
    at async Module.getScanStatistics (file:///C:/Users/ludin/Desktop/salidas/scanqueue/backend/src/services/ScanService.js:76:24)
    at async getDashboardStats (file:///C:/Users/ludin/Desktop/salidas/scanqueue/backend/src/controllers/DashboardController.js:12:19)
Path: /api/dashboard/stats

[2026-03-04T12:50:34.334Z] ERROR: 
Stack: AggregateError [ECONNREFUSED]: 
    at C:\Users\ludin\Desktop\salidas\scanqueue\backend\node_modules\pg-pool\index.js:45:11
    at process.processTicksAndRejections (node:internal/process/task_queues:105:5)
    at async query (file:///C:/Users/ludin/Desktop/salidas/scanqueue/backend/src/config/database.js:25:18)
    at async Module.getScansToday (file:///C:/Users/ludin/Desktop/salidas/scanqueue/backend/src/models/Scan.js:23:15)
    at async getTodaySummary (file:///C:/Users/ludin/Desktop/salidas/scanqueue/backend/src/controllers/DashboardController.js:30:24)
Path: /api/dashboard/today

[2026-03-04T12:50:34.923Z] ERROR: 
Stack: AggregateError [ECONNREFUSED]: 
    at C:\Users\ludin\Desktop\salidas\scanqueue\backend\node_modules\pg-pool\index.js:45:11
    at process.processTicksAndRejections (node:internal/process/task_queues:105:5)
    at async query (file:///C:/Users/ludin/Desktop/salidas/scanqueue/backend/src/config/database.js:25:18)
    at async Module.getScansToday (file:///C:/Users/ludin/Desktop/salidas/scanqueue/backend/src/models/Scan.js:23:15)
    at async Module.getScanStatistics (file:///C:/Users/ludin/Desktop/salidas/scanqueue/backend/src/services/ScanService.js:76:24)
    at async getDashboardStats (file:///C:/Users/ludin/Desktop/salidas/scanqueue/backend/src/controllers/DashboardController.js:12:19)
Path: /api/dashboard/stats

[2026-03-04T12:50:34.925Z] ERROR: 
Stack: AggregateError [ECONNREFUSED]: 
    at C:\Users\ludin\Desktop\salidas\scanqueue\backend\node_modules\pg-pool\index.js:45:11
    at process.processTicksAndRejections (node:internal/process/task_queues:105:5)
    at async query (file:///C:/Users/ludin/Desktop/salidas/scanqueue/backend/src/config/database.js:25:18)
    at async Module.getScansToday (file:///C:/Users/ludin/Desktop/salidas/scanqueue/backend/src/models/Scan.js:23:15)
    at async getTodaySummary (file:///C:/Users/ludin/Desktop/salidas/scanqueue/backend/src/controllers/DashboardController.js:30:24)
Path: /api/dashboard/today

[2026-03-04T12:50:41.977Z] ERROR: 
Stack: AggregateError [ECONNREFUSED]: 
    at C:\Users\ludin\Desktop\salidas\scanqueue\backend\node_modules\pg-pool\index.js:45:11
    at process.processTicksAndRejections (node:internal/process/task_queues:105:5)
    at async query (file:///C:/Users/ludin/Desktop/salidas/scanqueue/backend/src/config/database.js:25:18)
    at async Module.getScansToday (file:///C:/Users/ludin/Desktop/salidas/scanqueue/backend/src/models/Scan.js:23:15)
    at async Module.getScanStatistics (file:///C:/Users/ludin/Desktop/salidas/scanqueue/backend/src/services/ScanService.js:76:24)
    at async getDashboardStats (file:///C:/Users/ludin/Desktop/salidas/scanqueue/backend/src/controllers/DashboardController.js:12:19)
Path: /api/dashboard/stats

[2026-03-04T12:50:41.983Z] ERROR: 
Stack: AggregateError [ECONNREFUSED]: 
    at C:\Users\ludin\Desktop\salidas\scanqueue\backend\node_modules\pg-pool\index.js:45:11
    at process.processTicksAndRejections (node:internal/process/task_queues:105:5)
    at async query (file:///C:/Users/ludin/Desktop/salidas/scanqueue/backend/src/config/database.js:25:18)
    at async Module.getScansToday (file:///C:/Users/ludin/Desktop/salidas/scanqueue/backend/src/models/Scan.js:23:15)
    at async getTodaySummary (file:///C:/Users/ludin/Desktop/salidas/scanqueue/backend/src/controllers/DashboardController.js:30:24)
Path: /api/dashboard/today

[2026-03-04T12:50:43.018Z] ERROR: 
Stack: AggregateError [ECONNREFUSED]: 
    at C:\Users\ludin\Desktop\salidas\scanqueue\backend\node_modules\pg-pool\index.js:45:11
    at process.processTicksAndRejections (node:internal/process/task_queues:105:5)
    at async query (file:///C:/Users/ludin/Desktop/salidas/scanqueue/backend/src/config/database.js:25:18)
    at async Module.getScansToday (file:///C:/Users/ludin/Desktop/salidas/scanqueue/backend/src/models/Scan.js:23:15)
    at async Module.getScanStatistics (file:///C:/Users/ludin/Desktop/salidas/scanqueue/backend/src/services/ScanService.js:76:24)
    at async getDashboardStats (file:///C:/Users/ludin/Desktop/salidas/scanqueue/backend/src/controllers/DashboardController.js:12:19)
Path: /api/dashboard/stats

[2026-03-04T12:50:43.024Z] ERROR: 
Stack: AggregateError [ECONNREFUSED]: 
    at C:\Users\ludin\Desktop\salidas\scanqueue\backend\node_modules\pg-pool\index.js:45:11
    at process.processTicksAndRejections (node:internal/process/task_queues:105:5)
    at async query (file:///C:/Users/ludin/Desktop/salidas/scanqueue/backend/src/config/database.js:25:18)
    at async Module.getScansToday (file:///C:/Users/ludin/Desktop/salidas/scanqueue/backend/src/models/Scan.js:23:15)
    at async getTodaySummary (file:///C:/Users/ludin/Desktop/salidas/scanqueue/backend/src/controllers/DashboardController.js:30:24)
Path: /api/dashboard/today

[2026-03-04T12:50:44.879Z] ERROR: 
Stack: AggregateError [ECONNREFUSED]: 
    at C:\Users\ludin\Desktop\salidas\scanqueue\backend\node_modules\pg-pool\index.js:45:11
    at process.processTicksAndRejections (node:internal/process/task_queues:105:5)
    at async query (file:///C:/Users/ludin/Desktop/salidas/scanqueue/backend/src/config/database.js:25:18)
    at async Module.getScansToday (file:///C:/Users/ludin/Desktop/salidas/scanqueue/backend/src/models/Scan.js:23:15)
    at async Module.getScanStatistics (file:///C:/Users/ludin/Desktop/salidas/scanqueue/backend/src/services/ScanService.js:76:24)
    at async getDashboardStats (file:///C:/Users/ludin/Desktop/salidas/scanqueue/backend/src/controllers/DashboardController.js:12:19)
Path: /api/dashboard/stats

[2026-03-04T12:50:44.882Z] ERROR: 
Stack: AggregateError [ECONNREFUSED]: 
    at C:\Users\ludin\Desktop\salidas\scanqueue\backend\node_modules\pg-pool\index.js:45:11
    at process.processTicksAndRejections (node:internal/process/task_queues:105:5)
    at async query (file:///C:/Users/ludin/Desktop/salidas/scanqueue/backend/src/config/database.js:25:18)
    at async Module.getScansToday (file:///C:/Users/ludin/Desktop/salidas/scanqueue/backend/src/models/Scan.js:23:15)
    at async getTodaySummary (file:///C:/Users/ludin/Desktop/salidas/scanqueue/backend/src/controllers/DashboardController.js:30:24)
Path: /api/dashboard/today

[2026-03-04T12:50:45.518Z] ERROR: 
Stack: AggregateError [ECONNREFUSED]: 
    at C:\Users\ludin\Desktop\salidas\scanqueue\backend\node_modules\pg-pool\index.js:45:11
    at process.processTicksAndRejections (node:internal/process/task_queues:105:5)
    at async query (file:///C:/Users/ludin/Desktop/salidas/scanqueue/backend/src/config/database.js:25:18)
    at async Module.getScansToday (file:///C:/Users/ludin/Desktop/salidas/scanqueue/backend/src/models/Scan.js:23:15)
    at async Module.getScanStatistics (file:///C:/Users/ludin/Desktop/salidas/scanqueue/backend/src/services/ScanService.js:76:24)
    at async getDashboardStats (file:///C:/Users/ludin/Desktop/salidas/scanqueue/backend/src/controllers/DashboardController.js:12:19)
Path: /api/dashboard/stats

[2026-03-04T12:50:45.521Z] ERROR: 
Stack: AggregateError [ECONNREFUSED]: 
    at C:\Users\ludin\Desktop\salidas\scanqueue\backend\node_modules\pg-pool\index.js:45:11
    at process.processTicksAndRejections (node:internal/process/task_queues:105:5)
    at async query (file:///C:/Users/ludin/Desktop/salidas/scanqueue/backend/src/config/database.js:25:18)
    at async Module.getScansToday (file:///C:/Users/ludin/Desktop/salidas/scanqueue/backend/src/models/Scan.js:23:15)
    at async getTodaySummary (file:///C:/Users/ludin/Desktop/salidas/scanqueue/backend/src/controllers/DashboardController.js:30:24)
Path: /api/dashboard/today

[2026-03-04T12:50:46.439Z] ERROR: 
Stack: AggregateError [ECONNREFUSED]: 
    at C:\Users\ludin\Desktop\salidas\scanqueue\backend\node_modules\pg-pool\index.js:45:11
    at process.processTicksAndRejections (node:internal/process/task_queues:105:5)
    at async query (file:///C:/Users/ludin/Desktop/salidas/scanqueue/backend/src/config/database.js:25:18)
    at async Module.getScansToday (file:///C:/Users/ludin/Desktop/salidas/scanqueue/backend/src/models/Scan.js:23:15)
    at async Module.getScanStatistics (file:///C:/Users/ludin/Desktop/salidas/scanqueue/backend/src/services/ScanService.js:76:24)
    at async getDashboardStats (file:///C:/Users/ludin/Desktop/salidas/scanqueue/backend/src/controllers/DashboardController.js:12:19)
Path: /api/dashboard/stats

[2026-03-04T12:50:46.442Z] ERROR: 
Stack: AggregateError [ECONNREFUSED]: 
    at C:\Users\ludin\Desktop\salidas\scanqueue\backend\node_modules\pg-pool\index.js:45:11
    at process.processTicksAndRejections (node:internal/process/task_queues:105:5)
    at async query (file:///C:/Users/ludin/Desktop/salidas/scanqueue/backend/src/config/database.js:25:18)
    at async Module.getScansToday (file:///C:/Users/ludin/Desktop/salidas/scanqueue/backend/src/models/Scan.js:23:15)
    at async getTodaySummary (file:///C:/Users/ludin/Desktop/salidas/scanqueue/backend/src/controllers/DashboardController.js:30:24)
Path: /api/dashboard/today

[2026-03-04T12:50:46.963Z] ERROR: 
Stack: AggregateError [ECONNREFUSED]: 
    at C:\Users\ludin\Desktop\salidas\scanqueue\backend\node_modules\pg-pool\index.js:45:11
    at process.processTicksAndRejections (node:internal/process/task_queues:105:5)
    at async query (file:///C:/Users/ludin/Desktop/salidas/scanqueue/backend/src/config/database.js:25:18)
    at async Module.getScansToday (file:///C:/Users/ludin/Desktop/salidas/scanqueue/backend/src/models/Scan.js:23:15)
    at async Module.getScanStatistics (file:///C:/Users/ludin/Desktop/salidas/scanqueue/backend/src/services/ScanService.js:76:24)
    at async getDashboardStats (file:///C:/Users/ludin/Desktop/salidas/scanqueue/backend/src/controllers/DashboardController.js:12:19)
Path: /api/dashboard/stats

[2026-03-04T12:50:46.968Z] ERROR: 
Stack: AggregateError [ECONNREFUSED]: 
    at C:\Users\ludin\Desktop\salidas\scanqueue\backend\node_modules\pg-pool\index.js:45:11
    at process.processTicksAndRejections (node:internal/process/task_queues:105:5)
    at async query (file:///C:/Users/ludin/Desktop/salidas/scanqueue/backend/src/config/database.js:25:18)
    at async Module.getScansToday (file:///C:/Users/ludin/Desktop/salidas/scanqueue/backend/src/models/Scan.js:23:15)
    at async getTodaySummary (file:///C:/Users/ludin/Desktop/salidas/scanqueue/backend/src/controllers/DashboardController.js:30:24)
Path: /api/dashboard/today

[2026-03-04T12:50:47.518Z] ERROR: 
Stack: AggregateError [ECONNREFUSED]: 
    at C:\Users\ludin\Desktop\salidas\scanqueue\backend\node_modules\pg-pool\index.js:45:11
    at process.processTicksAndRejections (node:internal/process/task_queues:105:5)
    at async query (file:///C:/Users/ludin/Desktop/salidas/scanqueue/backend/src/config/database.js:25:18)
    at async Module.getScansToday (file:///C:/Users/ludin/Desktop/salidas/scanqueue/backend/src/models/Scan.js:23:15)
    at async Module.getScanStatistics (file:///C:/Users/ludin/Desktop/salidas/scanqueue/backend/src/services/ScanService.js:76:24)
    at async getDashboardStats (file:///C:/Users/ludin/Desktop/salidas/scanqueue/backend/src/controllers/DashboardController.js:12:19)
Path: /api/dashboard/stats

[2026-03-04T12:50:47.522Z] ERROR: 
Stack: AggregateError [ECONNREFUSED]: 
    at C:\Users\ludin\Desktop\salidas\scanqueue\backend\node_modules\pg-pool\index.js:45:11
    at process.processTicksAndRejections (node:internal/process/task_queues:105:5)
    at async query (file:///C:/Users/ludin/Desktop/salidas/scanqueue/backend/src/config/database.js:25:18)
    at async Module.getScansToday (file:///C:/Users/ludin/Desktop/salidas/scanqueue/backend/src/models/Scan.js:23:15)
    at async getTodaySummary (file:///C:/Users/ludin/Desktop/salidas/scanqueue/backend/src/controllers/DashboardController.js:30:24)
Path: /api/dashboard/today

[2026-03-04T12:50:48.158Z] ERROR: 
Stack: AggregateError [ECONNREFUSED]: 
    at C:\Users\ludin\Desktop\salidas\scanqueue\backend\node_modules\pg-pool\index.js:45:11
    at process.processTicksAndRejections (node:internal/process/task_queues:105:5)
    at async query (file:///C:/Users/ludin/Desktop/salidas/scanqueue/backend/src/config/database.js:25:18)
    at async Module.getScansToday (file:///C:/Users/ludin/Desktop/salidas/scanqueue/backend/src/models/Scan.js:23:15)
    at async Module.getScanStatistics (file:///C:/Users/ludin/Desktop/salidas/scanqueue/backend/src/services/ScanService.js:76:24)
    at async getDashboardStats (file:///C:/Users/ludin/Desktop/salidas/scanqueue/backend/src/controllers/DashboardController.js:12:19)
Path: /api/dashboard/stats

[2026-03-04T12:50:48.161Z] ERROR: 
Stack: AggregateError [ECONNREFUSED]: 
    at C:\Users\ludin\Desktop\salidas\scanqueue\backend\node_modules\pg-pool\index.js:45:11
    at process.processTicksAndRejections (node:internal/process/task_queues:105:5)
    at async query (file:///C:/Users/ludin/Desktop/salidas/scanqueue/backend/src/config/database.js:25:18)
    at async Module.getScansToday (file:///C:/Users/ludin/Desktop/salidas/scanqueue/backend/src/models/Scan.js:23:15)
    at async getTodaySummary (file:///C:/Users/ludin/Desktop/salidas/scanqueue/backend/src/controllers/DashboardController.js:30:24)
Path: /api/dashboard/today

[2026-03-04T12:50:50.597Z] ERROR: 
Stack: AggregateError [ECONNREFUSED]: 
    at C:\Users\ludin\Desktop\salidas\scanqueue\backend\node_modules\pg-pool\index.js:45:11
    at process.processTicksAndRejections (node:internal/process/task_queues:105:5)
    at async query (file:///C:/Users/ludin/Desktop/salidas/scanqueue/backend/src/config/database.js:25:18)
    at async Module.getScansToday (file:///C:/Users/ludin/Desktop/salidas/scanqueue/backend/src/models/Scan.js:23:15)
    at async Module.getScanStatistics (file:///C:/Users/ludin/Desktop/salidas/scanqueue/backend/src/services/ScanService.js:76:24)
    at async getDashboardStats (file:///C:/Users/ludin/Desktop/salidas/scanqueue/backend/src/controllers/DashboardController.js:12:19)
Path: /api/dashboard/stats

[2026-03-04T12:50:50.600Z] ERROR: 
Stack: AggregateError [ECONNREFUSED]: 
    at C:\Users\ludin\Desktop\salidas\scanqueue\backend\node_modules\pg-pool\index.js:45:11
    at process.processTicksAndRejections (node:internal/process/task_queues:105:5)
    at async query (file:///C:/Users/ludin/Desktop/salidas/scanqueue/backend/src/config/database.js:25:18)
    at async Module.getScansToday (file:///C:/Users/ludin/Desktop/salidas/scanqueue/backend/src/models/Scan.js:23:15)
    at async getTodaySummary (file:///C:/Users/ludin/Desktop/salidas/scanqueue/backend/src/controllers/DashboardController.js:30:24)
Path: /api/dashboard/today

[2026-03-04T12:50:51.285Z] ERROR: 
Stack: AggregateError [ECONNREFUSED]: 
    at C:\Users\ludin\Desktop\salidas\scanqueue\backend\node_modules\pg-pool\index.js:45:11
    at process.processTicksAndRejections (node:internal/process/task_queues:105:5)
    at async query (file:///C:/Users/ludin/Desktop/salidas/scanqueue/backend/src/config/database.js:25:18)
    at async Module.getScansToday (file:///C:/Users/ludin/Desktop/salidas/scanqueue/backend/src/models/Scan.js:23:15)
    at async Module.getScanStatistics (file:///C:/Users/ludin/Desktop/salidas/scanqueue/backend/src/services/ScanService.js:76:24)
    at async getDashboardStats (file:///C:/Users/ludin/Desktop/salidas/scanqueue/backend/src/controllers/DashboardController.js:12:19)
Path: /api/dashboard/stats

[2026-03-04T12:50:51.288Z] ERROR: 
Stack: AggregateError [ECONNREFUSED]: 
    at C:\Users\ludin\Desktop\salidas\scanqueue\backend\node_modules\pg-pool\index.js:45:11
    at process.processTicksAndRejections (node:internal/process/task_queues:105:5)
    at async query (file:///C:/Users/ludin/Desktop/salidas/scanqueue/backend/src/config/database.js:25:18)
    at async Module.getScansToday (file:///C:/Users/ludin/Desktop/salidas/scanqueue/backend/src/models/Scan.js:23:15)
    at async getTodaySummary (file:///C:/Users/ludin/Desktop/salidas/scanqueue/backend/src/controllers/DashboardController.js:30:24)
Path: /api/dashboard/today

[2026-03-04T12:50:51.863Z] ERROR: 
Stack: AggregateError [ECONNREFUSED]: 
    at C:\Users\ludin\Desktop\salidas\scanqueue\backend\node_modules\pg-pool\index.js:45:11
    at process.processTicksAndRejections (node:internal/process/task_queues:105:5)
    at async query (file:///C:/Users/ludin/Desktop/salidas/scanqueue/backend/src/config/database.js:25:18)
    at async Module.getScansToday (file:///C:/Users/ludin/Desktop/salidas/scanqueue/backend/src/models/Scan.js:23:15)
    at async Module.getScanStatistics (file:///C:/Users/ludin/Desktop/salidas/scanqueue/backend/src/services/ScanService.js:76:24)
    at async getDashboardStats (file:///C:/Users/ludin/Desktop/salidas/scanqueue/backend/src/controllers/DashboardController.js:12:19)
Path: /api/dashboard/stats

[2026-03-04T12:50:51.866Z] ERROR: 
Stack: AggregateError [ECONNREFUSED]: 
    at C:\Users\ludin\Desktop\salidas\scanqueue\backend\node_modules\pg-pool\index.js:45:11
    at process.processTicksAndRejections (node:internal/process/task_queues:105:5)
    at async query (file:///C:/Users/ludin/Desktop/salidas/scanqueue/backend/src/config/database.js:25:18)
    at async Module.getScansToday (file:///C:/Users/ludin/Desktop/salidas/scanqueue/backend/src/models/Scan.js:23:15)
    at async getTodaySummary (file:///C:/Users/ludin/Desktop/salidas/scanqueue/backend/src/controllers/DashboardController.js:30:24)
Path: /api/dashboard/today

[2026-03-04T12:50:52.478Z] ERROR: 
Stack: AggregateError [ECONNREFUSED]: 
    at C:\Users\ludin\Desktop\salidas\scanqueue\backend\node_modules\pg-pool\index.js:45:11
    at process.processTicksAndRejections (node:internal/process/task_queues:105:5)
    at async query (file:///C:/Users/ludin/Desktop/salidas/scanqueue/backend/src/config/database.js:25:18)
    at async Module.getScansToday (file:///C:/Users/ludin/Desktop/salidas/scanqueue/backend/src/models/Scan.js:23:15)
    at async Module.getScanStatistics (file:///C:/Users/ludin/Desktop/salidas/scanqueue/backend/src/services/ScanService.js:76:24)
    at async getDashboardStats (file:///C:/Users/ludin/Desktop/salidas/scanqueue/backend/src/controllers/DashboardController.js:12:19)
Path: /api/dashboard/stats

[2026-03-04T12:50:52.481Z] ERROR: 
Stack: AggregateError [ECONNREFUSED]: 
    at C:\Users\ludin\Desktop\salidas\scanqueue\backend\node_modules\pg-pool\index.js:45:11
    at process.processTicksAndRejections (node:internal/process/task_queues:105:5)
    at async query (file:///C:/Users/ludin/Desktop/salidas/scanqueue/backend/src/config/database.js:25:18)
    at async Module.getScansToday (file:///C:/Users/ludin/Desktop/salidas/scanqueue/backend/src/models/Scan.js:23:15)
    at async getTodaySummary (file:///C:/Users/ludin/Desktop/salidas/scanqueue/backend/src/controllers/DashboardController.js:30:24)
Path: /api/dashboard/today

[2026-03-04T12:50:53.168Z] ERROR: 
Stack: AggregateError [ECONNREFUSED]: 
    at C:\Users\ludin\Desktop\salidas\scanqueue\backend\node_modules\pg-pool\index.js:45:11
    at process.processTicksAndRejections (node:internal/process/task_queues:105:5)
    at async query (file:///C:/Users/ludin/Desktop/salidas/scanqueue/backend/src/config/database.js:25:18)
    at async Module.getScansToday (file:///C:/Users/ludin/Desktop/salidas/scanqueue/backend/src/models/Scan.js:23:15)
    at async Module.getScanStatistics (file:///C:/Users/ludin/Desktop/salidas/scanqueue/backend/src/services/ScanService.js:76:24)
    at async getDashboardStats (file:///C:/Users/ludin/Desktop/salidas/scanqueue/backend/src/controllers/DashboardController.js:12:19)
Path: /api/dashboard/stats

[2026-03-04T12:50:53.171Z] ERROR: 
Stack: AggregateError [ECONNREFUSED]: 
    at C:\Users\ludin\Desktop\salidas\scanqueue\backend\node_modules\pg-pool\index.js:45:11
    at process.processTicksAndRejections (node:internal/process/task_queues:105:5)
    at async query (file:///C:/Users/ludin/Desktop/salidas/scanqueue/backend/src/config/database.js:25:18)
    at async Module.getScansToday (file:///C:/Users/ludin/Desktop/salidas/scanqueue/backend/src/models/Scan.js:23:15)
    at async getTodaySummary (file:///C:/Users/ludin/Desktop/salidas/scanqueue/backend/src/controllers/DashboardController.js:30:24)
Path: /api/dashboard/today

[2026-03-04T12:50:53.731Z] ERROR: 
Stack: AggregateError [ECONNREFUSED]: 
    at C:\Users\ludin\Desktop\salidas\scanqueue\backend\node_modules\pg-pool\index.js:45:11
    at process.processTicksAndRejections (node:internal/process/task_queues:105:5)
    at async query (file:///C:/Users/ludin/Desktop/salidas/scanqueue/backend/src/config/database.js:25:18)
    at async Module.getScansToday (file:///C:/Users/ludin/Desktop/salidas/scanqueue/backend/src/models/Scan.js:23:15)
    at async Module.getScanStatistics (file:///C:/Users/ludin/Desktop/salidas/scanqueue/backend/src/services/ScanService.js:76:24)
    at async getDashboardStats (file:///C:/Users/ludin/Desktop/salidas/scanqueue/backend/src/controllers/DashboardController.js:12:19)
Path: /api/dashboard/stats

[2026-03-04T12:50:53.738Z] ERROR: 
Stack: AggregateError [ECONNREFUSED]: 
    at C:\Users\ludin\Desktop\salidas\scanqueue\backend\node_modules\pg-pool\index.js:45:11
    at process.processTicksAndRejections (node:internal/process/task_queues:105:5)
    at async query (file:///C:/Users/ludin/Desktop/salidas/scanqueue/backend/src/config/database.js:25:18)
    at async Module.getScansToday (file:///C:/Users/ludin/Desktop/salidas/scanqueue/backend/src/models/Scan.js:23:15)
    at async getTodaySummary (file:///C:/Users/ludin/Desktop/salidas/scanqueue/backend/src/controllers/DashboardController.js:30:24)
Path: /api/dashboard/today

[2026-03-04T12:50:55.388Z] ERROR: 
Stack: AggregateError [ECONNREFUSED]: 
    at C:\Users\ludin\Desktop\salidas\scanqueue\backend\node_modules\pg-pool\index.js:45:11
    at process.processTicksAndRejections (node:internal/process/task_queues:105:5)
    at async query (file:///C:/Users/ludin/Desktop/salidas/scanqueue/backend/src/config/database.js:25:18)
    at async Module.getScansToday (file:///C:/Users/ludin/Desktop/salidas/scanqueue/backend/src/models/Scan.js:23:15)
    at async Module.getScanStatistics (file:///C:/Users/ludin/Desktop/salidas/scanqueue/backend/src/services/ScanService.js:76:24)
    at async getDashboardStats (file:///C:/Users/ludin/Desktop/salidas/scanqueue/backend/src/controllers/DashboardController.js:12:19)
Path: /api/dashboard/stats

[2026-03-04T12:50:55.404Z] ERROR: 
Stack: AggregateError [ECONNREFUSED]: 
    at C:\Users\ludin\Desktop\salidas\scanqueue\backend\node_modules\pg-pool\index.js:45:11
    at process.processTicksAndRejections (node:internal/process/task_queues:105:5)
    at async query (file:///C:/Users/ludin/Desktop/salidas/scanqueue/backend/src/config/database.js:25:18)
    at async Module.getScansToday (file:///C:/Users/ludin/Desktop/salidas/scanqueue/backend/src/models/Scan.js:23:15)
    at async getTodaySummary (file:///C:/Users/ludin/Desktop/salidas/scanqueue/backend/src/controllers/DashboardController.js:30:24)
Path: /api/dashboard/today

[2026-03-04T12:50:58.829Z] ERROR: 
Stack: AggregateError [ECONNREFUSED]: 
    at C:\Users\ludin\Desktop\salidas\scanqueue\backend\node_modules\pg-pool\index.js:45:11
    at process.processTicksAndRejections (node:internal/process/task_queues:105:5)
    at async query (file:///C:/Users/ludin/Desktop/salidas/scanqueue/backend/src/config/database.js:25:18)
    at async Module.getScansToday (file:///C:/Users/ludin/Desktop/salidas/scanqueue/backend/src/models/Scan.js:23:15)
    at async Module.getScanStatistics (file:///C:/Users/ludin/Desktop/salidas/scanqueue/backend/src/services/ScanService.js:76:24)
    at async getDashboardStats (file:///C:/Users/ludin/Desktop/salidas/scanqueue/backend/src/controllers/DashboardController.js:12:19)
Path: /api/dashboard/stats

[2026-03-04T12:50:58.844Z] ERROR: 
Stack: AggregateError [ECONNREFUSED]: 
    at C:\Users\ludin\Desktop\salidas\scanqueue\backend\node_modules\pg-pool\index.js:45:11
    at process.processTicksAndRejections (node:internal/process/task_queues:105:5)
    at async query (file:///C:/Users/ludin/Desktop/salidas/scanqueue/backend/src/config/database.js:25:18)
    at async Module.getScansToday (file:///C:/Users/ludin/Desktop/salidas/scanqueue/backend/src/models/Scan.js:23:15)
    at async getTodaySummary (file:///C:/Users/ludin/Desktop/salidas/scanqueue/backend/src/controllers/DashboardController.js:30:24)
Path: /api/dashboard/today

[2026-03-04T12:51:02.057Z] ERROR: 
Stack: AggregateError [ECONNREFUSED]: 
    at C:\Users\ludin\Desktop\salidas\scanqueue\backend\node_modules\pg-pool\index.js:45:11
    at process.processTicksAndRejections (node:internal/process/task_queues:105:5)
    at async query (file:///C:/Users/ludin/Desktop/salidas/scanqueue/backend/src/config/database.js:25:18)
    at async Module.getScansToday (file:///C:/Users/ludin/Desktop/salidas/scanqueue/backend/src/models/Scan.js:23:15)
    at async Module.getScanStatistics (file:///C:/Users/ludin/Desktop/salidas/scanqueue/backend/src/services/ScanService.js:76:24)
    at async getDashboardStats (file:///C:/Users/ludin/Desktop/salidas/scanqueue/backend/src/controllers/DashboardController.js:12:19)
Path: /api/dashboard/stats

[2026-03-04T12:51:02.069Z] ERROR: 
Stack: AggregateError [ECONNREFUSED]: 
    at C:\Users\ludin\Desktop\salidas\scanqueue\backend\node_modules\pg-pool\index.js:45:11
    at process.processTicksAndRejections (node:internal/process/task_queues:105:5)
    at async query (file:///C:/Users/ludin/Desktop/salidas/scanqueue/backend/src/config/database.js:25:18)
    at async Module.getScansToday (file:///C:/Users/ludin/Desktop/salidas/scanqueue/backend/src/models/Scan.js:23:15)
    at async getTodaySummary (file:///C:/Users/ludin/Desktop/salidas/scanqueue/backend/src/controllers/DashboardController.js:30:24)
Path: /api/dashboard/today

[2026-03-04T12:51:05.156Z] ERROR: 
Stack: AggregateError [ECONNREFUSED]: 
    at C:\Users\ludin\Desktop\salidas\scanqueue\backend\node_modules\pg-pool\index.js:45:11
    at process.processTicksAndRejections (node:internal/process/task_queues:105:5)
    at async query (file:///C:/Users/ludin/Desktop/salidas/scanqueue/backend/src/config/database.js:25:18)
    at async Module.getScansToday (file:///C:/Users/ludin/Desktop/salidas/scanqueue/backend/src/models/Scan.js:23:15)
    at async Module.getScanStatistics (file:///C:/Users/ludin/Desktop/salidas/scanqueue/backend/src/services/ScanService.js:76:24)
    at async getDashboardStats (file:///C:/Users/ludin/Desktop/salidas/scanqueue/backend/src/controllers/DashboardController.js:12:19)
Path: /api/dashboard/stats

[2026-03-04T12:51:05.185Z] ERROR: 
Stack: AggregateError [ECONNREFUSED]: 
    at C:\Users\ludin\Desktop\salidas\scanqueue\backend\node_modules\pg-pool\index.js:45:11
    at process.processTicksAndRejections (node:internal/process/task_queues:105:5)
    at async query (file:///C:/Users/ludin/Desktop/salidas/scanqueue/backend/src/config/database.js:25:18)
    at async Module.getScansToday (file:///C:/Users/ludin/Desktop/salidas/scanqueue/backend/src/models/Scan.js:23:15)
    at async getTodaySummary (file:///C:/Users/ludin/Desktop/salidas/scanqueue/backend/src/controllers/DashboardController.js:30:24)
Path: /api/dashboard/today

[2026-03-04T12:51:09.114Z] ERROR: 
Stack: AggregateError [ECONNREFUSED]: 
    at C:\Users\ludin\Desktop\salidas\scanqueue\backend\node_modules\pg-pool\index.js:45:11
    at process.processTicksAndRejections (node:internal/process/task_queues:105:5)
    at async query (file:///C:/Users/ludin/Desktop/salidas/scanqueue/backend/src/config/database.js:25:18)
    at async Module.getScansToday (file:///C:/Users/ludin/Desktop/salidas/scanqueue/backend/src/models/Scan.js:23:15)
    at async Module.getScanStatistics (file:///C:/Users/ludin/Desktop/salidas/scanqueue/backend/src/services/ScanService.js:76:24)
    at async getDashboardStats (file:///C:/Users/ludin/Desktop/salidas/scanqueue/backend/src/controllers/DashboardController.js:12:19)
Path: /api/dashboard/stats

[2026-03-04T12:51:09.129Z] ERROR: 
Stack: AggregateError [ECONNREFUSED]: 
    at C:\Users\ludin\Desktop\salidas\scanqueue\backend\node_modules\pg-pool\index.js:45:11
    at process.processTicksAndRejections (node:internal/process/task_queues:105:5)
    at async query (file:///C:/Users/ludin/Desktop/salidas/scanqueue/backend/src/config/database.js:25:18)
    at async Module.getScansToday (file:///C:/Users/ludin/Desktop/salidas/scanqueue/backend/src/models/Scan.js:23:15)
    at async getTodaySummary (file:///C:/Users/ludin/Desktop/salidas/scanqueue/backend/src/controllers/DashboardController.js:30:24)
Path: /api/dashboard/today

[2026-03-04T12:51:11.138Z] ERROR: 
Stack: AggregateError [ECONNREFUSED]: 
    at C:\Users\ludin\Desktop\salidas\scanqueue\backend\node_modules\pg-pool\index.js:45:11
    at process.processTicksAndRejections (node:internal/process/task_queues:105:5)
    at async query (file:///C:/Users/ludin/Desktop/salidas/scanqueue/backend/src/config/database.js:25:18)
    at async Module.getScansToday (file:///C:/Users/ludin/Desktop/salidas/scanqueue/backend/src/models/Scan.js:23:15)
    at async Module.getScanStatistics (file:///C:/Users/ludin/Desktop/salidas/scanqueue/backend/src/services/ScanService.js:76:24)
    at async getDashboardStats (file:///C:/Users/ludin/Desktop/salidas/scanqueue/backend/src/controllers/DashboardController.js:12:19)
Path: /api/dashboard/stats

[2026-03-04T12:51:11.144Z] ERROR: 
Stack: AggregateError [ECONNREFUSED]: 
    at C:\Users\ludin\Desktop\salidas\scanqueue\backend\node_modules\pg-pool\index.js:45:11
    at process.processTicksAndRejections (node:internal/process/task_queues:105:5)
    at async query (file:///C:/Users/ludin/Desktop/salidas/scanqueue/backend/src/config/database.js:25:18)
    at async Module.getScansToday (file:///C:/Users/ludin/Desktop/salidas/scanqueue/backend/src/models/Scan.js:23:15)
    at async getTodaySummary (file:///C:/Users/ludin/Desktop/salidas/scanqueue/backend/src/controllers/DashboardController.js:30:24)
Path: /api/dashboard/today

[2026-03-04T12:51:11.807Z] ERROR: 
Stack: AggregateError [ECONNREFUSED]: 
    at C:\Users\ludin\Desktop\salidas\scanqueue\backend\node_modules\pg-pool\index.js:45:11
    at process.processTicksAndRejections (node:internal/process/task_queues:105:5)
    at async query (file:///C:/Users/ludin/Desktop/salidas/scanqueue/backend/src/config/database.js:25:18)
    at async Module.getScansToday (file:///C:/Users/ludin/Desktop/salidas/scanqueue/backend/src/models/Scan.js:23:15)
    at async Module.getScanStatistics (file:///C:/Users/ludin/Desktop/salidas/scanqueue/backend/src/services/ScanService.js:76:24)
    at async getDashboardStats (file:///C:/Users/ludin/Desktop/salidas/scanqueue/backend/src/controllers/DashboardController.js:12:19)
Path: /api/dashboard/stats

[2026-03-04T12:51:11.820Z] ERROR: 
Stack: AggregateError [ECONNREFUSED]: 
    at C:\Users\ludin\Desktop\salidas\scanqueue\backend\node_modules\pg-pool\index.js:45:11
    at process.processTicksAndRejections (node:internal/process/task_queues:105:5)
    at async query (file:///C:/Users/ludin/Desktop/salidas/scanqueue/backend/src/config/database.js:25:18)
    at async Module.getScansToday (file:///C:/Users/ludin/Desktop/salidas/scanqueue/backend/src/models/Scan.js:23:15)
    at async getTodaySummary (file:///C:/Users/ludin/Desktop/salidas/scanqueue/backend/src/controllers/DashboardController.js:30:24)
Path: /api/dashboard/today

[2026-03-04T12:51:12.445Z] ERROR: 
Stack: AggregateError [ECONNREFUSED]: 
    at C:\Users\ludin\Desktop\salidas\scanqueue\backend\node_modules\pg-pool\index.js:45:11
    at process.processTicksAndRejections (node:internal/process/task_queues:105:5)
    at async query (file:///C:/Users/ludin/Desktop/salidas/scanqueue/backend/src/config/database.js:25:18)
    at async Module.getScansToday (file:///C:/Users/ludin/Desktop/salidas/scanqueue/backend/src/models/Scan.js:23:15)
    at async Module.getScanStatistics (file:///C:/Users/ludin/Desktop/salidas/scanqueue/backend/src/services/ScanService.js:76:24)
    at async getDashboardStats (file:///C:/Users/ludin/Desktop/salidas/scanqueue/backend/src/controllers/DashboardController.js:12:19)
Path: /api/dashboard/stats

[2026-03-04T12:51:12.451Z] ERROR: 
Stack: AggregateError [ECONNREFUSED]: 
    at C:\Users\ludin\Desktop\salidas\scanqueue\backend\node_modules\pg-pool\index.js:45:11
    at process.processTicksAndRejections (node:internal/process/task_queues:105:5)
    at async query (file:///C:/Users/ludin/Desktop/salidas/scanqueue/backend/src/config/database.js:25:18)
    at async Module.getScansToday (file:///C:/Users/ludin/Desktop/salidas/scanqueue/backend/src/models/Scan.js:23:15)
    at async getTodaySummary (file:///C:/Users/ludin/Desktop/salidas/scanqueue/backend/src/controllers/DashboardController.js:30:24)
Path: /api/dashboard/today

[2026-03-04T12:51:13.020Z] ERROR: 
Stack: AggregateError [ECONNREFUSED]: 
    at C:\Users\ludin\Desktop\salidas\scanqueue\backend\node_modules\pg-pool\index.js:45:11
    at process.processTicksAndRejections (node:internal/process/task_queues:105:5)
    at async query (file:///C:/Users/ludin/Desktop/salidas/scanqueue/backend/src/config/database.js:25:18)
    at async Module.getScansToday (file:///C:/Users/ludin/Desktop/salidas/scanqueue/backend/src/models/Scan.js:23:15)
    at async Module.getScanStatistics (file:///C:/Users/ludin/Desktop/salidas/scanqueue/backend/src/services/ScanService.js:76:24)
    at async getDashboardStats (file:///C:/Users/ludin/Desktop/salidas/scanqueue/backend/src/controllers/DashboardController.js:12:19)
Path: /api/dashboard/stats

[2026-03-04T12:51:13.028Z] ERROR: 
Stack: AggregateError [ECONNREFUSED]: 
    at C:\Users\ludin\Desktop\salidas\scanqueue\backend\node_modules\pg-pool\index.js:45:11
    at process.processTicksAndRejections (node:internal/process/task_queues:105:5)
    at async query (file:///C:/Users/ludin/Desktop/salidas/scanqueue/backend/src/config/database.js:25:18)
    at async Module.getScansToday (file:///C:/Users/ludin/Desktop/salidas/scanqueue/backend/src/models/Scan.js:23:15)
    at async getTodaySummary (file:///C:/Users/ludin/Desktop/salidas/scanqueue/backend/src/controllers/DashboardController.js:30:24)
Path: /api/dashboard/today

[2026-03-04T12:51:13.605Z] ERROR: 
Stack: AggregateError [ECONNREFUSED]: 
    at C:\Users\ludin\Desktop\salidas\scanqueue\backend\node_modules\pg-pool\index.js:45:11
    at process.processTicksAndRejections (node:internal/process/task_queues:105:5)
    at async query (file:///C:/Users/ludin/Desktop/salidas/scanqueue/backend/src/config/database.js:25:18)
    at async Module.getScansToday (file:///C:/Users/ludin/Desktop/salidas/scanqueue/backend/src/models/Scan.js:23:15)
    at async Module.getScanStatistics (file:///C:/Users/ludin/Desktop/salidas/scanqueue/backend/src/services/ScanService.js:76:24)
    at async getDashboardStats (file:///C:/Users/ludin/Desktop/salidas/scanqueue/backend/src/controllers/DashboardController.js:12:19)
Path: /api/dashboard/stats

[2026-03-04T12:51:13.610Z] ERROR: 
Stack: AggregateError [ECONNREFUSED]: 
    at C:\Users\ludin\Desktop\salidas\scanqueue\backend\node_modules\pg-pool\index.js:45:11
    at process.processTicksAndRejections (node:internal/process/task_queues:105:5)
    at async query (file:///C:/Users/ludin/Desktop/salidas/scanqueue/backend/src/config/database.js:25:18)
    at async Module.getScansToday (file:///C:/Users/ludin/Desktop/salidas/scanqueue/backend/src/models/Scan.js:23:15)
    at async getTodaySummary (file:///C:/Users/ludin/Desktop/salidas/scanqueue/backend/src/controllers/DashboardController.js:30:24)
Path: /api/dashboard/today

[2026-03-04T12:51:14.182Z] ERROR: 
Stack: AggregateError [ECONNREFUSED]: 
    at C:\Users\ludin\Desktop\salidas\scanqueue\backend\node_modules\pg-pool\index.js:45:11
    at process.processTicksAndRejections (node:internal/process/task_queues:105:5)
    at async query (file:///C:/Users/ludin/Desktop/salidas/scanqueue/backend/src/config/database.js:25:18)
    at async Module.getScansToday (file:///C:/Users/ludin/Desktop/salidas/scanqueue/backend/src/models/Scan.js:23:15)
    at async Module.getScanStatistics (file:///C:/Users/ludin/Desktop/salidas/scanqueue/backend/src/services/ScanService.js:76:24)
    at async getDashboardStats (file:///C:/Users/ludin/Desktop/salidas/scanqueue/backend/src/controllers/DashboardController.js:12:19)
Path: /api/dashboard/stats

[2026-03-04T12:51:14.187Z] ERROR: 
Stack: AggregateError [ECONNREFUSED]: 
    at C:\Users\ludin\Desktop\salidas\scanqueue\backend\node_modules\pg-pool\index.js:45:11
    at process.processTicksAndRejections (node:internal/process/task_queues:105:5)
    at async query (file:///C:/Users/ludin/Desktop/salidas/scanqueue/backend/src/config/database.js:25:18)
    at async Module.getScansToday (file:///C:/Users/ludin/Desktop/salidas/scanqueue/backend/src/models/Scan.js:23:15)
    at async getTodaySummary (file:///C:/Users/ludin/Desktop/salidas/scanqueue/backend/src/controllers/DashboardController.js:30:24)
Path: /api/dashboard/today

[2026-03-04T12:51:14.826Z] ERROR: 
Stack: AggregateError [ECONNREFUSED]: 
    at C:\Users\ludin\Desktop\salidas\scanqueue\backend\node_modules\pg-pool\index.js:45:11
    at process.processTicksAndRejections (node:internal/process/task_queues:105:5)
    at async query (file:///C:/Users/ludin/Desktop/salidas/scanqueue/backend/src/config/database.js:25:18)
    at async Module.getScansToday (file:///C:/Users/ludin/Desktop/salidas/scanqueue/backend/src/models/Scan.js:23:15)
    at async getTodaySummary (file:///C:/Users/ludin/Desktop/salidas/scanqueue/backend/src/controllers/DashboardController.js:30:24)
Path: /api/dashboard/today

[2026-03-04T12:51:14.832Z] ERROR: 
Stack: AggregateError [ECONNREFUSED]: 
    at C:\Users\ludin\Desktop\salidas\scanqueue\backend\node_modules\pg-pool\index.js:45:11
    at process.processTicksAndRejections (node:internal/process/task_queues:105:5)
    at async query (file:///C:/Users/ludin/Desktop/salidas/scanqueue/backend/src/config/database.js:25:18)
    at async Module.getScansToday (file:///C:/Users/ludin/Desktop/salidas/scanqueue/backend/src/models/Scan.js:23:15)
    at async Module.getScanStatistics (file:///C:/Users/ludin/Desktop/salidas/scanqueue/backend/src/services/ScanService.js:76:24)
    at async getDashboardStats (file:///C:/Users/ludin/Desktop/salidas/scanqueue/backend/src/controllers/DashboardController.js:12:19)
Path: /api/dashboard/stats

[2026-03-04T12:51:15.334Z] ERROR: 
Stack: AggregateError [ECONNREFUSED]: 
    at C:\Users\ludin\Desktop\salidas\scanqueue\backend\node_modules\pg-pool\index.js:45:11
    at process.processTicksAndRejections (node:internal/process/task_queues:105:5)
    at async query (file:///C:/Users/ludin/Desktop/salidas/scanqueue/backend/src/config/database.js:25:18)
    at async Module.getScansToday (file:///C:/Users/ludin/Desktop/salidas/scanqueue/backend/src/models/Scan.js:23:15)
    at async Module.getScanStatistics (file:///C:/Users/ludin/Desktop/salidas/scanqueue/backend/src/services/ScanService.js:76:24)
    at async getDashboardStats (file:///C:/Users/ludin/Desktop/salidas/scanqueue/backend/src/controllers/DashboardController.js:12:19)
Path: /api/dashboard/stats

[2026-03-04T12:51:15.337Z] ERROR: 
Stack: AggregateError [ECONNREFUSED]: 
    at C:\Users\ludin\Desktop\salidas\scanqueue\backend\node_modules\pg-pool\index.js:45:11
    at process.processTicksAndRejections (node:internal/process/task_queues:105:5)
    at async query (file:///C:/Users/ludin/Desktop/salidas/scanqueue/backend/src/config/database.js:25:18)
    at async Module.getScansToday (file:///C:/Users/ludin/Desktop/salidas/scanqueue/backend/src/models/Scan.js:23:15)
    at async getTodaySummary (file:///C:/Users/ludin/Desktop/salidas/scanqueue/backend/src/controllers/DashboardController.js:30:24)
Path: /api/dashboard/today

[2026-03-04T12:51:15.989Z] ERROR: 
Stack: AggregateError [ECONNREFUSED]: 
    at C:\Users\ludin\Desktop\salidas\scanqueue\backend\node_modules\pg-pool\index.js:45:11
    at process.processTicksAndRejections (node:internal/process/task_queues:105:5)
    at async query (file:///C:/Users/ludin/Desktop/salidas/scanqueue/backend/src/config/database.js:25:18)
    at async Module.getScansToday (file:///C:/Users/ludin/Desktop/salidas/scanqueue/backend/src/models/Scan.js:23:15)
    at async Module.getScanStatistics (file:///C:/Users/ludin/Desktop/salidas/scanqueue/backend/src/services/ScanService.js:76:24)
    at async getDashboardStats (file:///C:/Users/ludin/Desktop/salidas/scanqueue/backend/src/controllers/DashboardController.js:12:19)
Path: /api/dashboard/stats

[2026-03-04T12:51:15.998Z] ERROR: 
Stack: AggregateError [ECONNREFUSED]: 
    at C:\Users\ludin\Desktop\salidas\scanqueue\backend\node_modules\pg-pool\index.js:45:11
    at process.processTicksAndRejections (node:internal/process/task_queues:105:5)
    at async query (file:///C:/Users/ludin/Desktop/salidas/scanqueue/backend/src/config/database.js:25:18)
    at async Module.getScansToday (file:///C:/Users/ludin/Desktop/salidas/scanqueue/backend/src/models/Scan.js:23:15)
    at async getTodaySummary (file:///C:/Users/ludin/Desktop/salidas/scanqueue/backend/src/controllers/DashboardController.js:30:24)
Path: /api/dashboard/today

[2026-03-04T12:51:16.517Z] ERROR: 
Stack: AggregateError [ECONNREFUSED]: 
    at C:\Users\ludin\Desktop\salidas\scanqueue\backend\node_modules\pg-pool\index.js:45:11
    at process.processTicksAndRejections (node:internal/process/task_queues:105:5)
    at async query (file:///C:/Users/ludin/Desktop/salidas/scanqueue/backend/src/config/database.js:25:18)
    at async Module.getScansToday (file:///C:/Users/ludin/Desktop/salidas/scanqueue/backend/src/models/Scan.js:23:15)
    at async Module.getScanStatistics (file:///C:/Users/ludin/Desktop/salidas/scanqueue/backend/src/services/ScanService.js:76:24)
    at async getDashboardStats (file:///C:/Users/ludin/Desktop/salidas/scanqueue/backend/src/controllers/DashboardController.js:12:19)
Path: /api/dashboard/stats

[2026-03-04T12:51:16.538Z] ERROR: 
Stack: AggregateError [ECONNREFUSED]: 
    at C:\Users\ludin\Desktop\salidas\scanqueue\backend\node_modules\pg-pool\index.js:45:11
    at process.processTicksAndRejections (node:internal/process/task_queues:105:5)
    at async query (file:///C:/Users/ludin/Desktop/salidas/scanqueue/backend/src/config/database.js:25:18)
    at async Module.getScansToday (file:///C:/Users/ludin/Desktop/salidas/scanqueue/backend/src/models/Scan.js:23:15)
    at async getTodaySummary (file:///C:/Users/ludin/Desktop/salidas/scanqueue/backend/src/controllers/DashboardController.js:30:24)
Path: /api/dashboard/today

[2026-03-04T12:51:17.331Z] ERROR: 
Stack: AggregateError [ECONNREFUSED]: 
    at C:\Users\ludin\Desktop\salidas\scanqueue\backend\node_modules\pg-pool\index.js:45:11
    at process.processTicksAndRejections (node:internal/process/task_queues:105:5)
    at async query (file:///C:/Users/ludin/Desktop/salidas/scanqueue/backend/src/config/database.js:25:18)
    at async Module.getScansToday (file:///C:/Users/ludin/Desktop/salidas/scanqueue/backend/src/models/Scan.js:23:15)
    at async Module.getScanStatistics (file:///C:/Users/ludin/Desktop/salidas/scanqueue/backend/src/services/ScanService.js:76:24)
    at async getDashboardStats (file:///C:/Users/ludin/Desktop/salidas/scanqueue/backend/src/controllers/DashboardController.js:12:19)
Path: /api/dashboard/stats

[2026-03-04T12:51:17.396Z] ERROR: 
Stack: AggregateError [ECONNREFUSED]: 
    at C:\Users\ludin\Desktop\salidas\scanqueue\backend\node_modules\pg-pool\index.js:45:11
    at process.processTicksAndRejections (node:internal/process/task_queues:105:5)
    at async query (file:///C:/Users/ludin/Desktop/salidas/scanqueue/backend/src/config/database.js:25:18)
    at async Module.getScansToday (file:///C:/Users/ludin/Desktop/salidas/scanqueue/backend/src/models/Scan.js:23:15)
    at async getTodaySummary (file:///C:/Users/ludin/Desktop/salidas/scanqueue/backend/src/controllers/DashboardController.js:30:24)
Path: /api/dashboard/today

[2026-03-04T12:51:18.639Z] ERROR: 
Stack: AggregateError [ECONNREFUSED]: 
    at C:\Users\ludin\Desktop\salidas\scanqueue\backend\node_modules\pg-pool\index.js:45:11
    at process.processTicksAndRejections (node:internal/process/task_queues:105:5)
    at async query (file:///C:/Users/ludin/Desktop/salidas/scanqueue/backend/src/config/database.js:25:18)
    at async Module.getScansToday (file:///C:/Users/ludin/Desktop/salidas/scanqueue/backend/src/models/Scan.js:23:15)
    at async Module.getScanStatistics (file:///C:/Users/ludin/Desktop/salidas/scanqueue/backend/src/services/ScanService.js:76:24)
    at async getDashboardStats (file:///C:/Users/ludin/Desktop/salidas/scanqueue/backend/src/controllers/DashboardController.js:12:19)
Path: /api/dashboard/stats

[2026-03-04T12:51:18.643Z] ERROR: 
Stack: AggregateError [ECONNREFUSED]: 
    at C:\Users\ludin\Desktop\salidas\scanqueue\backend\node_modules\pg-pool\index.js:45:11
    at process.processTicksAndRejections (node:internal/process/task_queues:105:5)
    at async query (file:///C:/Users/ludin/Desktop/salidas/scanqueue/backend/src/config/database.js:25:18)
    at async Module.getScansToday (file:///C:/Users/ludin/Desktop/salidas/scanqueue/backend/src/models/Scan.js:23:15)
    at async getTodaySummary (file:///C:/Users/ludin/Desktop/salidas/scanqueue/backend/src/controllers/DashboardController.js:30:24)
Path: /api/dashboard/today

[2026-03-04T12:51:19.395Z] ERROR: 
Stack: AggregateError [ECONNREFUSED]: 
    at C:\Users\ludin\Desktop\salidas\scanqueue\backend\node_modules\pg-pool\index.js:45:11
    at process.processTicksAndRejections (node:internal/process/task_queues:105:5)
    at async query (file:///C:/Users/ludin/Desktop/salidas/scanqueue/backend/src/config/database.js:25:18)
    at async Module.getScansToday (file:///C:/Users/ludin/Desktop/salidas/scanqueue/backend/src/models/Scan.js:23:15)
    at async Module.getScanStatistics (file:///C:/Users/ludin/Desktop/salidas/scanqueue/backend/src/services/ScanService.js:76:24)
    at async getDashboardStats (file:///C:/Users/ludin/Desktop/salidas/scanqueue/backend/src/controllers/DashboardController.js:12:19)
Path: /api/dashboard/stats

[2026-03-04T12:51:19.399Z] ERROR: 
Stack: AggregateError [ECONNREFUSED]: 
    at C:\Users\ludin\Desktop\salidas\scanqueue\backend\node_modules\pg-pool\index.js:45:11
    at process.processTicksAndRejections (node:internal/process/task_queues:105:5)
    at async query (file:///C:/Users/ludin/Desktop/salidas/scanqueue/backend/src/config/database.js:25:18)
    at async Module.getScansToday (file:///C:/Users/ludin/Desktop/salidas/scanqueue/backend/src/models/Scan.js:23:15)
    at async getTodaySummary (file:///C:/Users/ludin/Desktop/salidas/scanqueue/backend/src/controllers/DashboardController.js:30:24)
Path: /api/dashboard/today

[2026-03-04T12:51:19.988Z] ERROR: 
Stack: AggregateError [ECONNREFUSED]: 
    at C:\Users\ludin\Desktop\salidas\scanqueue\backend\node_modules\pg-pool\index.js:45:11
    at process.processTicksAndRejections (node:internal/process/task_queues:105:5)
    at async query (file:///C:/Users/ludin/Desktop/salidas/scanqueue/backend/src/config/database.js:25:18)
    at async Module.getScansToday (file:///C:/Users/ludin/Desktop/salidas/scanqueue/backend/src/models/Scan.js:23:15)
    at async Module.getScanStatistics (file:///C:/Users/ludin/Desktop/salidas/scanqueue/backend/src/services/ScanService.js:76:24)
    at async getDashboardStats (file:///C:/Users/ludin/Desktop/salidas/scanqueue/backend/src/controllers/DashboardController.js:12:19)
Path: /api/dashboard/stats

[2026-03-04T12:51:19.995Z] ERROR: 
Stack: AggregateError [ECONNREFUSED]: 
    at C:\Users\ludin\Desktop\salidas\scanqueue\backend\node_modules\pg-pool\index.js:45:11
    at process.processTicksAndRejections (node:internal/process/task_queues:105:5)
    at async query (file:///C:/Users/ludin/Desktop/salidas/scanqueue/backend/src/config/database.js:25:18)
    at async Module.getScansToday (file:///C:/Users/ludin/Desktop/salidas/scanqueue/backend/src/models/Scan.js:23:15)
    at async getTodaySummary (file:///C:/Users/ludin/Desktop/salidas/scanqueue/backend/src/controllers/DashboardController.js:30:24)
Path: /api/dashboard/today

[2026-03-04T12:51:20.728Z] ERROR: 
Stack: AggregateError [ECONNREFUSED]: 
    at C:\Users\ludin\Desktop\salidas\scanqueue\backend\node_modules\pg-pool\index.js:45:11
    at process.processTicksAndRejections (node:internal/process/task_queues:105:5)
    at async query (file:///C:/Users/ludin/Desktop/salidas/scanqueue/backend/src/config/database.js:25:18)
    at async Module.getScansToday (file:///C:/Users/ludin/Desktop/salidas/scanqueue/backend/src/models/Scan.js:23:15)
    at async Module.getScanStatistics (file:///C:/Users/ludin/Desktop/salidas/scanqueue/backend/src/services/ScanService.js:76:24)
    at async getDashboardStats (file:///C:/Users/ludin/Desktop/salidas/scanqueue/backend/src/controllers/DashboardController.js:12:19)
Path: /api/dashboard/stats

[2026-03-04T12:51:20.733Z] ERROR: 
Stack: AggregateError [ECONNREFUSED]: 
    at C:\Users\ludin\Desktop\salidas\scanqueue\backend\node_modules\pg-pool\index.js:45:11
    at process.processTicksAndRejections (node:internal/process/task_queues:105:5)
    at async query (file:///C:/Users/ludin/Desktop/salidas/scanqueue/backend/src/config/database.js:25:18)
    at async Module.getScansToday (file:///C:/Users/ludin/Desktop/salidas/scanqueue/backend/src/models/Scan.js:23:15)
    at async getTodaySummary (file:///C:/Users/ludin/Desktop/salidas/scanqueue/backend/src/controllers/DashboardController.js:30:24)
Path: /api/dashboard/today

[2026-03-04T12:51:34.665Z] ERROR: 
Stack: AggregateError [ECONNREFUSED]: 
    at C:\Users\ludin\Desktop\salidas\scanqueue\backend\node_modules\pg-pool\index.js:45:11
    at process.processTicksAndRejections (node:internal/process/task_queues:105:5)
    at async query (file:///C:/Users/ludin/Desktop/salidas/scanqueue/backend/src/config/database.js:25:18)
    at async Module.getScansToday (file:///C:/Users/ludin/Desktop/salidas/scanqueue/backend/src/models/Scan.js:23:15)
    at async getTodaySummary (file:///C:/Users/ludin/Desktop/salidas/scanqueue/backend/src/controllers/DashboardController.js:30:24)
Path: /api/dashboard/today

[2026-03-04T12:51:34.676Z] ERROR: 
Stack: AggregateError [ECONNREFUSED]: 
    at C:\Users\ludin\Desktop\salidas\scanqueue\backend\node_modules\pg-pool\index.js:45:11
    at process.processTicksAndRejections (node:internal/process/task_queues:105:5)
    at async query (file:///C:/Users/ludin/Desktop/salidas/scanqueue/backend/src/config/database.js:25:18)
    at async Module.getScansToday (file:///C:/Users/ludin/Desktop/salidas/scanqueue/backend/src/models/Scan.js:23:15)
    at async Module.getScanStatistics (file:///C:/Users/ludin/Desktop/salidas/scanqueue/backend/src/services/ScanService.js:76:24)
    at async getDashboardStats (file:///C:/Users/ludin/Desktop/salidas/scanqueue/backend/src/controllers/DashboardController.js:12:19)
Path: /api/dashboard/stats

[2026-03-04T12:51:35.430Z] ERROR: 
Stack: AggregateError [ECONNREFUSED]: 
    at C:\Users\ludin\Desktop\salidas\scanqueue\backend\node_modules\pg-pool\index.js:45:11
    at process.processTicksAndRejections (node:internal/process/task_queues:105:5)
    at async query (file:///C:/Users/ludin/Desktop/salidas/scanqueue/backend/src/config/database.js:25:18)
    at async Module.getScansToday (file:///C:/Users/ludin/Desktop/salidas/scanqueue/backend/src/models/Scan.js:23:15)
    at async Module.getScanStatistics (file:///C:/Users/ludin/Desktop/salidas/scanqueue/backend/src/services/ScanService.js:76:24)
    at async getDashboardStats (file:///C:/Users/ludin/Desktop/salidas/scanqueue/backend/src/controllers/DashboardController.js:12:19)
Path: /api/dashboard/stats

[2026-03-04T12:51:35.437Z] ERROR: 
Stack: AggregateError [ECONNREFUSED]: 
    at C:\Users\ludin\Desktop\salidas\scanqueue\backend\node_modules\pg-pool\index.js:45:11
    at process.processTicksAndRejections (node:internal/process/task_queues:105:5)
    at async query (file:///C:/Users/ludin/Desktop/salidas/scanqueue/backend/src/config/database.js:25:18)
    at async Module.getScansToday (file:///C:/Users/ludin/Desktop/salidas/scanqueue/backend/src/models/Scan.js:23:15)
    at async getTodaySummary (file:///C:/Users/ludin/Desktop/salidas/scanqueue/backend/src/controllers/DashboardController.js:30:24)
Path: /api/dashboard/today

[2026-03-04T12:51:35.968Z] ERROR: 
Stack: AggregateError [ECONNREFUSED]: 
    at C:\Users\ludin\Desktop\salidas\scanqueue\backend\node_modules\pg-pool\index.js:45:11
    at process.processTicksAndRejections (node:internal/process/task_queues:105:5)
    at async query (file:///C:/Users/ludin/Desktop/salidas/scanqueue/backend/src/config/database.js:25:18)
    at async Module.getScansToday (file:///C:/Users/ludin/Desktop/salidas/scanqueue/backend/src/models/Scan.js:23:15)
    at async Module.getScanStatistics (file:///C:/Users/ludin/Desktop/salidas/scanqueue/backend/src/services/ScanService.js:76:24)
    at async getDashboardStats (file:///C:/Users/ludin/Desktop/salidas/scanqueue/backend/src/controllers/DashboardController.js:12:19)
Path: /api/dashboard/stats

[2026-03-04T12:51:35.973Z] ERROR: 
Stack: AggregateError [ECONNREFUSED]: 
    at C:\Users\ludin\Desktop\salidas\scanqueue\backend\node_modules\pg-pool\index.js:45:11
    at process.processTicksAndRejections (node:internal/process/task_queues:105:5)
    at async query (file:///C:/Users/ludin/Desktop/salidas/scanqueue/backend/src/config/database.js:25:18)
    at async Module.getScansToday (file:///C:/Users/ludin/Desktop/salidas/scanqueue/backend/src/models/Scan.js:23:15)
    at async getTodaySummary (file:///C:/Users/ludin/Desktop/salidas/scanqueue/backend/src/controllers/DashboardController.js:30:24)
Path: /api/dashboard/today

[2026-03-04T12:51:36.676Z] ERROR: 
Stack: AggregateError [ECONNREFUSED]: 
    at C:\Users\ludin\Desktop\salidas\scanqueue\backend\node_modules\pg-pool\index.js:45:11
    at process.processTicksAndRejections (node:internal/process/task_queues:105:5)
    at async query (file:///C:/Users/ludin/Desktop/salidas/scanqueue/backend/src/config/database.js:25:18)
    at async Module.getScansToday (file:///C:/Users/ludin/Desktop/salidas/scanqueue/backend/src/models/Scan.js:23:15)
    at async Module.getScanStatistics (file:///C:/Users/ludin/Desktop/salidas/scanqueue/backend/src/services/ScanService.js:76:24)
    at async getDashboardStats (file:///C:/Users/ludin/Desktop/salidas/scanqueue/backend/src/controllers/DashboardController.js:12:19)
Path: /api/dashboard/stats

[2026-03-04T12:51:36.680Z] ERROR: 
Stack: AggregateError [ECONNREFUSED]: 
    at C:\Users\ludin\Desktop\salidas\scanqueue\backend\node_modules\pg-pool\index.js:45:11
    at process.processTicksAndRejections (node:internal/process/task_queues:105:5)
    at async query (file:///C:/Users/ludin/Desktop/salidas/scanqueue/backend/src/config/database.js:25:18)
    at async Module.getScansToday (file:///C:/Users/ludin/Desktop/salidas/scanqueue/backend/src/models/Scan.js:23:15)
    at async getTodaySummary (file:///C:/Users/ludin/Desktop/salidas/scanqueue/backend/src/controllers/DashboardController.js:30:24)
Path: /api/dashboard/today

[2026-03-04T12:51:52.367Z] ERROR: 
Stack: AggregateError [ECONNREFUSED]: 
    at C:\Users\ludin\Desktop\salidas\scanqueue\backend\node_modules\pg-pool\index.js:45:11
    at process.processTicksAndRejections (node:internal/process/task_queues:105:5)
    at async query (file:///C:/Users/ludin/Desktop/salidas/scanqueue/backend/src/config/database.js:25:18)
    at async Module.getScansToday (file:///C:/Users/ludin/Desktop/salidas/scanqueue/backend/src/models/Scan.js:23:15)
    at async getTodaySummary (file:///C:/Users/ludin/Desktop/salidas/scanqueue/backend/src/controllers/DashboardController.js:30:24)
Path: /api/dashboard/today

[2026-03-04T12:51:52.379Z] ERROR: 
Stack: AggregateError [ECONNREFUSED]: 
    at C:\Users\ludin\Desktop\salidas\scanqueue\backend\node_modules\pg-pool\index.js:45:11
    at process.processTicksAndRejections (node:internal/process/task_queues:105:5)
    at async query (file:///C:/Users/ludin/Desktop/salidas/scanqueue/backend/src/config/database.js:25:18)
    at async Module.getScansToday (file:///C:/Users/ludin/Desktop/salidas/scanqueue/backend/src/models/Scan.js:23:15)
    at async Module.getScanStatistics (file:///C:/Users/ludin/Desktop/salidas/scanqueue/backend/src/services/ScanService.js:76:24)
    at async getDashboardStats (file:///C:/Users/ludin/Desktop/salidas/scanqueue/backend/src/controllers/DashboardController.js:12:19)
Path: /api/dashboard/stats

[2026-03-04T12:51:53.290Z] ERROR: 
Stack: AggregateError [ECONNREFUSED]: 
    at C:\Users\ludin\Desktop\salidas\scanqueue\backend\node_modules\pg-pool\index.js:45:11
    at process.processTicksAndRejections (node:internal/process/task_queues:105:5)
    at async query (file:///C:/Users/ludin/Desktop/salidas/scanqueue/backend/src/config/database.js:25:18)
    at async Module.getScansToday (file:///C:/Users/ludin/Desktop/salidas/scanqueue/backend/src/models/Scan.js:23:15)
    at async Module.getScanStatistics (file:///C:/Users/ludin/Desktop/salidas/scanqueue/backend/src/services/ScanService.js:76:24)
    at async getDashboardStats (file:///C:/Users/ludin/Desktop/salidas/scanqueue/backend/src/controllers/DashboardController.js:12:19)
Path: /api/dashboard/stats

[2026-03-04T12:51:53.299Z] ERROR: 
Stack: AggregateError [ECONNREFUSED]: 
    at C:\Users\ludin\Desktop\salidas\scanqueue\backend\node_modules\pg-pool\index.js:45:11
    at process.processTicksAndRejections (node:internal/process/task_queues:105:5)
    at async query (file:///C:/Users/ludin/Desktop/salidas/scanqueue/backend/src/config/database.js:25:18)
    at async Module.getScansToday (file:///C:/Users/ludin/Desktop/salidas/scanqueue/backend/src/models/Scan.js:23:15)
    at async getTodaySummary (file:///C:/Users/ludin/Desktop/salidas/scanqueue/backend/src/controllers/DashboardController.js:30:24)
Path: /api/dashboard/today

[2026-03-04T12:52:07.519Z] ERROR: 
Stack: AggregateError [ECONNREFUSED]: 
    at C:\Users\ludin\Desktop\salidas\scanqueue\backend\node_modules\pg-pool\index.js:45:11
    at process.processTicksAndRejections (node:internal/process/task_queues:105:5)
    at async query (file:///C:/Users/ludin/Desktop/salidas/scanqueue/backend/src/config/database.js:25:18)
    at async Module.getScansToday (file:///C:/Users/ludin/Desktop/salidas/scanqueue/backend/src/models/Scan.js:23:15)
    at async Module.getScanStatistics (file:///C:/Users/ludin/Desktop/salidas/scanqueue/backend/src/services/ScanService.js:76:24)
    at async getDashboardStats (file:///C:/Users/ludin/Desktop/salidas/scanqueue/backend/src/controllers/DashboardController.js:12:19)
Path: /api/dashboard/stats

[2026-03-04T12:52:07.530Z] ERROR: 
Stack: AggregateError [ECONNREFUSED]: 
    at C:\Users\ludin\Desktop\salidas\scanqueue\backend\node_modules\pg-pool\index.js:45:11
    at process.processTicksAndRejections (node:internal/process/task_queues:105:5)
    at async query (file:///C:/Users/ludin/Desktop/salidas/scanqueue/backend/src/config/database.js:25:18)
    at async Module.getScansToday (file:///C:/Users/ludin/Desktop/salidas/scanqueue/backend/src/models/Scan.js:23:15)
    at async getTodaySummary (file:///C:/Users/ludin/Desktop/salidas/scanqueue/backend/src/controllers/DashboardController.js:30:24)
Path: /api/dashboard/today

[2026-03-04T12:52:15.513Z] ERROR: 
Stack: AggregateError [ECONNREFUSED]: 
    at C:\Users\ludin\Desktop\salidas\scanqueue\backend\node_modules\pg-pool\index.js:45:11
    at process.processTicksAndRejections (node:internal/process/task_queues:105:5)
    at async query (file:///C:/Users/ludin/Desktop/salidas/scanqueue/backend/src/config/database.js:25:18)
    at async Module.getScansToday (file:///C:/Users/ludin/Desktop/salidas/scanqueue/backend/src/models/Scan.js:23:15)
    at async Module.getScanStatistics (file:///C:/Users/ludin/Desktop/salidas/scanqueue/backend/src/services/ScanService.js:76:24)
    at async getDashboardStats (file:///C:/Users/ludin/Desktop/salidas/scanqueue/backend/src/controllers/DashboardController.js:12:19)
Path: /api/dashboard/stats

[2026-03-04T12:52:15.524Z] ERROR: 
Stack: AggregateError [ECONNREFUSED]: 
    at C:\Users\ludin\Desktop\salidas\scanqueue\backend\node_modules\pg-pool\index.js:45:11
    at process.processTicksAndRejections (node:internal/process/task_queues:105:5)
    at async query (file:///C:/Users/ludin/Desktop/salidas/scanqueue/backend/src/config/database.js:25:18)
    at async Module.getScansToday (file:///C:/Users/ludin/Desktop/salidas/scanqueue/backend/src/models/Scan.js:23:15)
    at async getTodaySummary (file:///C:/Users/ludin/Desktop/salidas/scanqueue/backend/src/controllers/DashboardController.js:30:24)
Path: /api/dashboard/today

[2026-03-04T12:52:27.010Z] ERROR: 
Stack: AggregateError [ECONNREFUSED]: 
    at C:\Users\ludin\Desktop\salidas\scanqueue\backend\node_modules\pg-pool\index.js:45:11
    at process.processTicksAndRejections (node:internal/process/task_queues:105:5)
    at async query (file:///C:/Users/ludin/Desktop/salidas/scanqueue/backend/src/config/database.js:25:18)
    at async Module.getScansToday (file:///C:/Users/ludin/Desktop/salidas/scanqueue/backend/src/models/Scan.js:23:15)
    at async Module.getScanStatistics (file:///C:/Users/ludin/Desktop/salidas/scanqueue/backend/src/services/ScanService.js:76:24)
    at async getDashboardStats (file:///C:/Users/ludin/Desktop/salidas/scanqueue/backend/src/controllers/DashboardController.js:12:19)
Path: /api/dashboard/stats

[2026-03-04T12:52:27.063Z] ERROR: 
Stack: AggregateError [ECONNREFUSED]: 
    at C:\Users\ludin\Desktop\salidas\scanqueue\backend\node_modules\pg-pool\index.js:45:11
    at process.processTicksAndRejections (node:internal/process/task_queues:105:5)
    at async query (file:///C:/Users/ludin/Desktop/salidas/scanqueue/backend/src/config/database.js:25:18)
    at async Module.getScansToday (file:///C:/Users/ludin/Desktop/salidas/scanqueue/backend/src/models/Scan.js:23:15)
    at async getTodaySummary (file:///C:/Users/ludin/Desktop/salidas/scanqueue/backend/src/controllers/DashboardController.js:30:24)
Path: /api/dashboard/today

[2026-03-04T12:52:38.875Z] ERROR: 
Stack: AggregateError [ECONNREFUSED]: 
    at C:\Users\ludin\Desktop\salidas\scanqueue\backend\node_modules\pg-pool\index.js:45:11
    at process.processTicksAndRejections (node:internal/process/task_queues:105:5)
    at async query (file:///C:/Users/ludin/Desktop/salidas/scanqueue/backend/src/config/database.js:25:18)
    at async Module.getScansToday (file:///C:/Users/ludin/Desktop/salidas/scanqueue/backend/src/models/Scan.js:23:15)
    at async Module.getScanStatistics (file:///C:/Users/ludin/Desktop/salidas/scanqueue/backend/src/services/ScanService.js:76:24)
    at async getDashboardStats (file:///C:/Users/ludin/Desktop/salidas/scanqueue/backend/src/controllers/DashboardController.js:12:19)
Path: /api/dashboard/stats

[2026-03-04T12:52:38.906Z] ERROR: 
Stack: AggregateError [ECONNREFUSED]: 
    at C:\Users\ludin\Desktop\salidas\scanqueue\backend\node_modules\pg-pool\index.js:45:11
    at process.processTicksAndRejections (node:internal/process/task_queues:105:5)
    at async query (file:///C:/Users/ludin/Desktop/salidas/scanqueue/backend/src/config/database.js:25:18)
    at async Module.getScansToday (file:///C:/Users/ludin/Desktop/salidas/scanqueue/backend/src/models/Scan.js:23:15)
    at async getTodaySummary (file:///C:/Users/ludin/Desktop/salidas/scanqueue/backend/src/controllers/DashboardController.js:30:24)
Path: /api/dashboard/today

[2026-03-04T12:52:46.227Z] ERROR: 
Stack: AggregateError [ECONNREFUSED]: 
    at C:\Users\ludin\Desktop\salidas\scanqueue\backend\node_modules\pg-pool\index.js:45:11
    at process.processTicksAndRejections (node:internal/process/task_queues:105:5)
    at async query (file:///C:/Users/ludin/Desktop/salidas/scanqueue/backend/src/config/database.js:25:18)
    at async Module.getScansToday (file:///C:/Users/ludin/Desktop/salidas/scanqueue/backend/src/models/Scan.js:23:15)
    at async Module.getScanStatistics (file:///C:/Users/ludin/Desktop/salidas/scanqueue/backend/src/services/ScanService.js:76:24)
    at async getDashboardStats (file:///C:/Users/ludin/Desktop/salidas/scanqueue/backend/src/controllers/DashboardController.js:12:19)
Path: /api/dashboard/stats

[2026-03-04T12:52:46.233Z] ERROR: 
Stack: AggregateError [ECONNREFUSED]: 
    at C:\Users\ludin\Desktop\salidas\scanqueue\backend\node_modules\pg-pool\index.js:45:11
    at process.processTicksAndRejections (node:internal/process/task_queues:105:5)
    at async query (file:///C:/Users/ludin/Desktop/salidas/scanqueue/backend/src/config/database.js:25:18)
    at async Module.getScansToday (file:///C:/Users/ludin/Desktop/salidas/scanqueue/backend/src/models/Scan.js:23:15)
    at async getTodaySummary (file:///C:/Users/ludin/Desktop/salidas/scanqueue/backend/src/controllers/DashboardController.js:30:24)
Path: /api/dashboard/today

[2026-03-04T12:52:51.477Z] ERROR: 
Stack: AggregateError [ECONNREFUSED]: 
    at C:\Users\ludin\Desktop\salidas\scanqueue\backend\node_modules\pg-pool\index.js:45:11
    at process.processTicksAndRejections (node:internal/process/task_queues:105:5)
    at async query (file:///C:/Users/ludin/Desktop/salidas/scanqueue/backend/src/config/database.js:25:18)
    at async Module.getScansToday (file:///C:/Users/ludin/Desktop/salidas/scanqueue/backend/src/models/Scan.js:23:15)
    at async Module.getScanStatistics (file:///C:/Users/ludin/Desktop/salidas/scanqueue/backend/src/services/ScanService.js:76:24)
    at async getDashboardStats (file:///C:/Users/ludin/Desktop/salidas/scanqueue/backend/src/controllers/DashboardController.js:12:19)
Path: /api/dashboard/stats

[2026-03-04T12:52:51.481Z] ERROR: 
Stack: AggregateError [ECONNREFUSED]: 
    at C:\Users\ludin\Desktop\salidas\scanqueue\backend\node_modules\pg-pool\index.js:45:11
    at process.processTicksAndRejections (node:internal/process/task_queues:105:5)
    at async query (file:///C:/Users/ludin/Desktop/salidas/scanqueue/backend/src/config/database.js:25:18)
    at async Module.getScansToday (file:///C:/Users/ludin/Desktop/salidas/scanqueue/backend/src/models/Scan.js:23:15)
    at async getTodaySummary (file:///C:/Users/ludin/Desktop/salidas/scanqueue/backend/src/controllers/DashboardController.js:30:24)
Path: /api/dashboard/today

[2026-03-04T12:52:55.379Z] ERROR: 
Stack: AggregateError [ECONNREFUSED]: 
    at C:\Users\ludin\Desktop\salidas\scanqueue\backend\node_modules\pg-pool\index.js:45:11
    at process.processTicksAndRejections (node:internal/process/task_queues:105:5)
    at async query (file:///C:/Users/ludin/Desktop/salidas/scanqueue/backend/src/config/database.js:25:18)
    at async Module.getScansToday (file:///C:/Users/ludin/Desktop/salidas/scanqueue/backend/src/models/Scan.js:23:15)
    at async Module.getScanStatistics (file:///C:/Users/ludin/Desktop/salidas/scanqueue/backend/src/services/ScanService.js:76:24)
    at async getDashboardStats (file:///C:/Users/ludin/Desktop/salidas/scanqueue/backend/src/controllers/DashboardController.js:12:19)
Path: /api/dashboard/stats

[2026-03-04T12:52:55.383Z] ERROR: 
Stack: AggregateError [ECONNREFUSED]: 
    at C:\Users\ludin\Desktop\salidas\scanqueue\backend\node_modules\pg-pool\index.js:45:11
    at process.processTicksAndRejections (node:internal/process/task_queues:105:5)
    at async query (file:///C:/Users/ludin/Desktop/salidas/scanqueue/backend/src/config/database.js:25:18)
    at async Module.getScansToday (file:///C:/Users/ludin/Desktop/salidas/scanqueue/backend/src/models/Scan.js:23:15)
    at async getTodaySummary (file:///C:/Users/ludin/Desktop/salidas/scanqueue/backend/src/controllers/DashboardController.js:30:24)
Path: /api/dashboard/today

[2026-03-04T12:52:56.438Z] ERROR: 
Stack: AggregateError [ECONNREFUSED]: 
    at C:\Users\ludin\Desktop\salidas\scanqueue\backend\node_modules\pg-pool\index.js:45:11
    at process.processTicksAndRejections (node:internal/process/task_queues:105:5)
    at async query (file:///C:/Users/ludin/Desktop/salidas/scanqueue/backend/src/config/database.js:25:18)
    at async Module.getScansToday (file:///C:/Users/ludin/Desktop/salidas/scanqueue/backend/src/models/Scan.js:23:15)
    at async Module.getScanStatistics (file:///C:/Users/ludin/Desktop/salidas/scanqueue/backend/src/services/ScanService.js:76:24)
    at async getDashboardStats (file:///C:/Users/ludin/Desktop/salidas/scanqueue/backend/src/controllers/DashboardController.js:12:19)
Path: /api/dashboard/stats

[2026-03-04T12:52:56.448Z] ERROR: 
Stack: AggregateError [ECONNREFUSED]: 
    at C:\Users\ludin\Desktop\salidas\scanqueue\backend\node_modules\pg-pool\index.js:45:11
    at process.processTicksAndRejections (node:internal/process/task_queues:105:5)
    at async query (file:///C:/Users/ludin/Desktop/salidas/scanqueue/backend/src/config/database.js:25:18)
    at async Module.getScansToday (file:///C:/Users/ludin/Desktop/salidas/scanqueue/backend/src/models/Scan.js:23:15)
    at async getTodaySummary (file:///C:/Users/ludin/Desktop/salidas/scanqueue/backend/src/controllers/DashboardController.js:30:24)
Path: /api/dashboard/today

[2026-03-04T12:52:57.499Z] ERROR: 
Stack: AggregateError [ECONNREFUSED]: 
    at C:\Users\ludin\Desktop\salidas\scanqueue\backend\node_modules\pg-pool\index.js:45:11
    at process.processTicksAndRejections (node:internal/process/task_queues:105:5)
    at async query (file:///C:/Users/ludin/Desktop/salidas/scanqueue/backend/src/config/database.js:25:18)
    at async Module.getScansToday (file:///C:/Users/ludin/Desktop/salidas/scanqueue/backend/src/models/Scan.js:23:15)
    at async Module.getScanStatistics (file:///C:/Users/ludin/Desktop/salidas/scanqueue/backend/src/services/ScanService.js:76:24)
    at async getDashboardStats (file:///C:/Users/ludin/Desktop/salidas/scanqueue/backend/src/controllers/DashboardController.js:12:19)
Path: /api/dashboard/stats

[2026-03-04T12:52:57.503Z] ERROR: 
Stack: AggregateError [ECONNREFUSED]: 
    at C:\Users\ludin\Desktop\salidas\scanqueue\backend\node_modules\pg-pool\index.js:45:11
    at process.processTicksAndRejections (node:internal/process/task_queues:105:5)
    at async query (file:///C:/Users/ludin/Desktop/salidas/scanqueue/backend/src/config/database.js:25:18)
    at async Module.getScansToday (file:///C:/Users/ludin/Desktop/salidas/scanqueue/backend/src/models/Scan.js:23:15)
    at async getTodaySummary (file:///C:/Users/ludin/Desktop/salidas/scanqueue/backend/src/controllers/DashboardController.js:30:24)
Path: /api/dashboard/today

[2026-03-04T12:53:04.463Z] ERROR: 
Stack: AggregateError [ECONNREFUSED]: 
    at C:\Users\ludin\Desktop\salidas\scanqueue\backend\node_modules\pg-pool\index.js:45:11
    at process.processTicksAndRejections (node:internal/process/task_queues:105:5)
    at async query (file:///C:/Users/ludin/Desktop/salidas/scanqueue/backend/src/config/database.js:25:18)
    at async Module.getScansToday (file:///C:/Users/ludin/Desktop/salidas/scanqueue/backend/src/models/Scan.js:23:15)
    at async Module.getScanStatistics (file:///C:/Users/ludin/Desktop/salidas/scanqueue/backend/src/services/ScanService.js:76:24)
    at async getDashboardStats (file:///C:/Users/ludin/Desktop/salidas/scanqueue/backend/src/controllers/DashboardController.js:12:19)
Path: /api/dashboard/stats

[2026-03-04T12:53:04.475Z] ERROR: 
Stack: AggregateError [ECONNREFUSED]: 
    at C:\Users\ludin\Desktop\salidas\scanqueue\backend\node_modules\pg-pool\index.js:45:11
    at process.processTicksAndRejections (node:internal/process/task_queues:105:5)
    at async query (file:///C:/Users/ludin/Desktop/salidas/scanqueue/backend/src/config/database.js:25:18)
    at async Module.getScansToday (file:///C:/Users/ludin/Desktop/salidas/scanqueue/backend/src/models/Scan.js:23:15)
    at async getTodaySummary (file:///C:/Users/ludin/Desktop/salidas/scanqueue/backend/src/controllers/DashboardController.js:30:24)
Path: /api/dashboard/today

[2026-03-04T12:53:05.031Z] ERROR: 
Stack: AggregateError [ECONNREFUSED]: 
    at C:\Users\ludin\Desktop\salidas\scanqueue\backend\node_modules\pg-pool\index.js:45:11
    at process.processTicksAndRejections (node:internal/process/task_queues:105:5)
    at async query (file:///C:/Users/ludin/Desktop/salidas/scanqueue/backend/src/config/database.js:25:18)
    at async Module.getScansToday (file:///C:/Users/ludin/Desktop/salidas/scanqueue/backend/src/models/Scan.js:23:15)
    at async Module.getScanStatistics (file:///C:/Users/ludin/Desktop/salidas/scanqueue/backend/src/services/ScanService.js:76:24)
    at async getDashboardStats (file:///C:/Users/ludin/Desktop/salidas/scanqueue/backend/src/controllers/DashboardController.js:12:19)
Path: /api/dashboard/stats

[2026-03-04T12:53:05.042Z] ERROR: 
Stack: AggregateError [ECONNREFUSED]: 
    at C:\Users\ludin\Desktop\salidas\scanqueue\backend\node_modules\pg-pool\index.js:45:11
    at process.processTicksAndRejections (node:internal/process/task_queues:105:5)
    at async query (file:///C:/Users/ludin/Desktop/salidas/scanqueue/backend/src/config/database.js:25:18)
    at async Module.getScansToday (file:///C:/Users/ludin/Desktop/salidas/scanqueue/backend/src/models/Scan.js:23:15)
    at async getTodaySummary (file:///C:/Users/ludin/Desktop/salidas/scanqueue/backend/src/controllers/DashboardController.js:30:24)
Path: /api/dashboard/today

[2026-03-04T12:53:08.342Z] ERROR: 
Stack: AggregateError [ECONNREFUSED]: 
    at C:\Users\ludin\Desktop\salidas\scanqueue\backend\node_modules\pg-pool\index.js:45:11
    at process.processTicksAndRejections (node:internal/process/task_queues:105:5)
    at async query (file:///C:/Users/ludin/Desktop/salidas/scanqueue/backend/src/config/database.js:25:18)
    at async Module.getScansToday (file:///C:/Users/ludin/Desktop/salidas/scanqueue/backend/src/models/Scan.js:23:15)
    at async Module.getScanStatistics (file:///C:/Users/ludin/Desktop/salidas/scanqueue/backend/src/services/ScanService.js:76:24)
    at async getDashboardStats (file:///C:/Users/ludin/Desktop/salidas/scanqueue/backend/src/controllers/DashboardController.js:12:19)
Path: /api/dashboard/stats

[2026-03-04T12:53:08.347Z] ERROR: 
Stack: AggregateError [ECONNREFUSED]: 
    at C:\Users\ludin\Desktop\salidas\scanqueue\backend\node_modules\pg-pool\index.js:45:11
    at process.processTicksAndRejections (node:internal/process/task_queues:105:5)
    at async query (file:///C:/Users/ludin/Desktop/salidas/scanqueue/backend/src/config/database.js:25:18)
    at async Module.getScansToday (file:///C:/Users/ludin/Desktop/salidas/scanqueue/backend/src/models/Scan.js:23:15)
    at async getTodaySummary (file:///C:/Users/ludin/Desktop/salidas/scanqueue/backend/src/controllers/DashboardController.js:30:24)
Path: /api/dashboard/today

[2026-03-04T12:53:09.778Z] ERROR: 
Stack: AggregateError [ECONNREFUSED]: 
    at C:\Users\ludin\Desktop\salidas\scanqueue\backend\node_modules\pg-pool\index.js:45:11
    at process.processTicksAndRejections (node:internal/process/task_queues:105:5)
    at async query (file:///C:/Users/ludin/Desktop/salidas/scanqueue/backend/src/config/database.js:25:18)
    at async Module.getScansToday (file:///C:/Users/ludin/Desktop/salidas/scanqueue/backend/src/models/Scan.js:23:15)
    at async Module.getScanStatistics (file:///C:/Users/ludin/Desktop/salidas/scanqueue/backend/src/services/ScanService.js:76:24)
    at async getDashboardStats (file:///C:/Users/ludin/Desktop/salidas/scanqueue/backend/src/controllers/DashboardController.js:12:19)
Path: /api/dashboard/stats

[2026-03-04T12:53:09.781Z] ERROR: 
Stack: AggregateError [ECONNREFUSED]: 
    at C:\Users\ludin\Desktop\salidas\scanqueue\backend\node_modules\pg-pool\index.js:45:11
    at process.processTicksAndRejections (node:internal/process/task_queues:105:5)
    at async query (file:///C:/Users/ludin/Desktop/salidas/scanqueue/backend/src/config/database.js:25:18)
    at async Module.getScansToday (file:///C:/Users/ludin/Desktop/salidas/scanqueue/backend/src/models/Scan.js:23:15)
    at async getTodaySummary (file:///C:/Users/ludin/Desktop/salidas/scanqueue/backend/src/controllers/DashboardController.js:30:24)
Path: /api/dashboard/today

[2026-03-04T12:53:11.128Z] ERROR: 
Stack: AggregateError [ECONNREFUSED]: 
    at C:\Users\ludin\Desktop\salidas\scanqueue\backend\node_modules\pg-pool\index.js:45:11
    at process.processTicksAndRejections (node:internal/process/task_queues:105:5)
    at async query (file:///C:/Users/ludin/Desktop/salidas/scanqueue/backend/src/config/database.js:25:18)
    at async Module.getScansToday (file:///C:/Users/ludin/Desktop/salidas/scanqueue/backend/src/models/Scan.js:23:15)
    at async Module.getScanStatistics (file:///C:/Users/ludin/Desktop/salidas/scanqueue/backend/src/services/ScanService.js:76:24)
    at async getDashboardStats (file:///C:/Users/ludin/Desktop/salidas/scanqueue/backend/src/controllers/DashboardController.js:12:19)
Path: /api/dashboard/stats

[2026-03-04T12:53:11.131Z] ERROR: 
Stack: AggregateError [ECONNREFUSED]: 
    at C:\Users\ludin\Desktop\salidas\scanqueue\backend\node_modules\pg-pool\index.js:45:11
    at process.processTicksAndRejections (node:internal/process/task_queues:105:5)
    at async query (file:///C:/Users/ludin/Desktop/salidas/scanqueue/backend/src/config/database.js:25:18)
    at async Module.getScansToday (file:///C:/Users/ludin/Desktop/salidas/scanqueue/backend/src/models/Scan.js:23:15)
    at async getTodaySummary (file:///C:/Users/ludin/Desktop/salidas/scanqueue/backend/src/controllers/DashboardController.js:30:24)
Path: /api/dashboard/today

[2026-03-04T12:53:15.984Z] ERROR: 
Stack: AggregateError [ECONNREFUSED]: 
    at C:\Users\ludin\Desktop\salidas\scanqueue\backend\node_modules\pg-pool\index.js:45:11
    at process.processTicksAndRejections (node:internal/process/task_queues:105:5)
    at async query (file:///C:/Users/ludin/Desktop/salidas/scanqueue/backend/src/config/database.js:25:18)
    at async Module.getScansToday (file:///C:/Users/ludin/Desktop/salidas/scanqueue/backend/src/models/Scan.js:23:15)
    at async Module.getScanStatistics (file:///C:/Users/ludin/Desktop/salidas/scanqueue/backend/src/services/ScanService.js:76:24)
    at async getDashboardStats (file:///C:/Users/ludin/Desktop/salidas/scanqueue/backend/src/controllers/DashboardController.js:12:19)
Path: /api/dashboard/stats

[2026-03-04T12:53:15.991Z] ERROR: 
Stack: AggregateError [ECONNREFUSED]: 
    at C:\Users\ludin\Desktop\salidas\scanqueue\backend\node_modules\pg-pool\index.js:45:11
    at process.processTicksAndRejections (node:internal/process/task_queues:105:5)
    at async query (file:///C:/Users/ludin/Desktop/salidas/scanqueue/backend/src/config/database.js:25:18)
    at async Module.getScansToday (file:///C:/Users/ludin/Desktop/salidas/scanqueue/backend/src/models/Scan.js:23:15)
    at async getTodaySummary (file:///C:/Users/ludin/Desktop/salidas/scanqueue/backend/src/controllers/DashboardController.js:30:24)
Path: /api/dashboard/today

[2026-03-04T12:53:16.605Z] ERROR: 
Stack: AggregateError [ECONNREFUSED]: 
    at C:\Users\ludin\Desktop\salidas\scanqueue\backend\node_modules\pg-pool\index.js:45:11
    at process.processTicksAndRejections (node:internal/process/task_queues:105:5)
    at async query (file:///C:/Users/ludin/Desktop/salidas/scanqueue/backend/src/config/database.js:25:18)
    at async Module.getScansToday (file:///C:/Users/ludin/Desktop/salidas/scanqueue/backend/src/models/Scan.js:23:15)
    at async Module.getScanStatistics (file:///C:/Users/ludin/Desktop/salidas/scanqueue/backend/src/services/ScanService.js:76:24)
    at async getDashboardStats (file:///C:/Users/ludin/Desktop/salidas/scanqueue/backend/src/controllers/DashboardController.js:12:19)
Path: /api/dashboard/stats

[2026-03-04T12:53:16.608Z] ERROR: 
Stack: AggregateError [ECONNREFUSED]: 
    at C:\Users\ludin\Desktop\salidas\scanqueue\backend\node_modules\pg-pool\index.js:45:11
    at process.processTicksAndRejections (node:internal/process/task_queues:105:5)
    at async query (file:///C:/Users/ludin/Desktop/salidas/scanqueue/backend/src/config/database.js:25:18)
    at async Module.getScansToday (file:///C:/Users/ludin/Desktop/salidas/scanqueue/backend/src/models/Scan.js:23:15)
    at async getTodaySummary (file:///C:/Users/ludin/Desktop/salidas/scanqueue/backend/src/controllers/DashboardController.js:30:24)
Path: /api/dashboard/today

[2026-03-04T12:53:17.382Z] ERROR: 
Stack: AggregateError [ECONNREFUSED]: 
    at C:\Users\ludin\Desktop\salidas\scanqueue\backend\node_modules\pg-pool\index.js:45:11
    at process.processTicksAndRejections (node:internal/process/task_queues:105:5)
    at async query (file:///C:/Users/ludin/Desktop/salidas/scanqueue/backend/src/config/database.js:25:18)
    at async Module.getScansToday (file:///C:/Users/ludin/Desktop/salidas/scanqueue/backend/src/models/Scan.js:23:15)
    at async Module.getScanStatistics (file:///C:/Users/ludin/Desktop/salidas/scanqueue/backend/src/services/ScanService.js:76:24)
    at async getDashboardStats (file:///C:/Users/ludin/Desktop/salidas/scanqueue/backend/src/controllers/DashboardController.js:12:19)
Path: /api/dashboard/stats

[2026-03-04T12:53:17.391Z] ERROR: 
Stack: AggregateError [ECONNREFUSED]: 
    at C:\Users\ludin\Desktop\salidas\scanqueue\backend\node_modules\pg-pool\index.js:45:11
    at process.processTicksAndRejections (node:internal/process/task_queues:105:5)
    at async query (file:///C:/Users/ludin/Desktop/salidas/scanqueue/backend/src/config/database.js:25:18)
    at async Module.getScansToday (file:///C:/Users/ludin/Desktop/salidas/scanqueue/backend/src/models/Scan.js:23:15)
    at async getTodaySummary (file:///C:/Users/ludin/Desktop/salidas/scanqueue/backend/src/controllers/DashboardController.js:30:24)
Path: /api/dashboard/today

[2026-03-04T12:53:18.066Z] ERROR: 
Stack: AggregateError [ECONNREFUSED]: 
    at C:\Users\ludin\Desktop\salidas\scanqueue\backend\node_modules\pg-pool\index.js:45:11
    at process.processTicksAndRejections (node:internal/process/task_queues:105:5)
    at async query (file:///C:/Users/ludin/Desktop/salidas/scanqueue/backend/src/config/database.js:25:18)
    at async Module.getScansToday (file:///C:/Users/ludin/Desktop/salidas/scanqueue/backend/src/models/Scan.js:23:15)
    at async Module.getScanStatistics (file:///C:/Users/ludin/Desktop/salidas/scanqueue/backend/src/services/ScanService.js:76:24)
    at async getDashboardStats (file:///C:/Users/ludin/Desktop/salidas/scanqueue/backend/src/controllers/DashboardController.js:12:19)
Path: /api/dashboard/stats

[2026-03-04T12:53:18.068Z] ERROR: 
Stack: AggregateError [ECONNREFUSED]: 
    at C:\Users\ludin\Desktop\salidas\scanqueue\backend\node_modules\pg-pool\index.js:45:11
    at process.processTicksAndRejections (node:internal/process/task_queues:105:5)
    at async query (file:///C:/Users/ludin/Desktop/salidas/scanqueue/backend/src/config/database.js:25:18)
    at async Module.getScansToday (file:///C:/Users/ludin/Desktop/salidas/scanqueue/backend/src/models/Scan.js:23:15)
    at async getTodaySummary (file:///C:/Users/ludin/Desktop/salidas/scanqueue/backend/src/controllers/DashboardController.js:30:24)
Path: /api/dashboard/today

[2026-03-04T12:53:18.478Z] ERROR: 
Stack: AggregateError [ECONNREFUSED]: 
    at C:\Users\ludin\Desktop\salidas\scanqueue\backend\node_modules\pg-pool\index.js:45:11
    at process.processTicksAndRejections (node:internal/process/task_queues:105:5)
    at async query (file:///C:/Users/ludin/Desktop/salidas/scanqueue/backend/src/config/database.js:25:18)
    at async Module.getScansToday (file:///C:/Users/ludin/Desktop/salidas/scanqueue/backend/src/models/Scan.js:23:15)
    at async Module.getScanStatistics (file:///C:/Users/ludin/Desktop/salidas/scanqueue/backend/src/services/ScanService.js:76:24)
    at async getDashboardStats (file:///C:/Users/ludin/Desktop/salidas/scanqueue/backend/src/controllers/DashboardController.js:12:19)
Path: /api/dashboard/stats

[2026-03-04T12:53:18.480Z] ERROR: 
Stack: AggregateError [ECONNREFUSED]: 
    at C:\Users\ludin\Desktop\salidas\scanqueue\backend\node_modules\pg-pool\index.js:45:11
    at process.processTicksAndRejections (node:internal/process/task_queues:105:5)
    at async query (file:///C:/Users/ludin/Desktop/salidas/scanqueue/backend/src/config/database.js:25:18)
    at async Module.getScansToday (file:///C:/Users/ludin/Desktop/salidas/scanqueue/backend/src/models/Scan.js:23:15)
    at async getTodaySummary (file:///C:/Users/ludin/Desktop/salidas/scanqueue/backend/src/controllers/DashboardController.js:30:24)
Path: /api/dashboard/today

[2026-03-04T12:53:19.061Z] ERROR: 
Stack: AggregateError [ECONNREFUSED]: 
    at C:\Users\ludin\Desktop\salidas\scanqueue\backend\node_modules\pg-pool\index.js:45:11
    at process.processTicksAndRejections (node:internal/process/task_queues:105:5)
    at async query (file:///C:/Users/ludin/Desktop/salidas/scanqueue/backend/src/config/database.js:25:18)
    at async Module.getScansToday (file:///C:/Users/ludin/Desktop/salidas/scanqueue/backend/src/models/Scan.js:23:15)
    at async Module.getScanStatistics (file:///C:/Users/ludin/Desktop/salidas/scanqueue/backend/src/services/ScanService.js:76:24)
    at async getDashboardStats (file:///C:/Users/ludin/Desktop/salidas/scanqueue/backend/src/controllers/DashboardController.js:12:19)
Path: /api/dashboard/stats

[2026-03-04T12:53:19.066Z] ERROR: 
Stack: AggregateError [ECONNREFUSED]: 
    at C:\Users\ludin\Desktop\salidas\scanqueue\backend\node_modules\pg-pool\index.js:45:11
    at process.processTicksAndRejections (node:internal/process/task_queues:105:5)
    at async query (file:///C:/Users/ludin/Desktop/salidas/scanqueue/backend/src/config/database.js:25:18)
    at async Module.getScansToday (file:///C:/Users/ludin/Desktop/salidas/scanqueue/backend/src/models/Scan.js:23:15)
    at async getTodaySummary (file:///C:/Users/ludin/Desktop/salidas/scanqueue/backend/src/controllers/DashboardController.js:30:24)
Path: /api/dashboard/today

[2026-03-04T12:53:19.538Z] ERROR: 
Stack: AggregateError [ECONNREFUSED]: 
    at C:\Users\ludin\Desktop\salidas\scanqueue\backend\node_modules\pg-pool\index.js:45:11
    at process.processTicksAndRejections (node:internal/process/task_queues:105:5)
    at async query (file:///C:/Users/ludin/Desktop/salidas/scanqueue/backend/src/config/database.js:25:18)
    at async Module.getScansToday (file:///C:/Users/ludin/Desktop/salidas/scanqueue/backend/src/models/Scan.js:23:15)
    at async Module.getScanStatistics (file:///C:/Users/ludin/Desktop/salidas/scanqueue/backend/src/services/ScanService.js:76:24)
    at async getDashboardStats (file:///C:/Users/ludin/Desktop/salidas/scanqueue/backend/src/controllers/DashboardController.js:12:19)
Path: /api/dashboard/stats

[2026-03-04T12:53:19.558Z] ERROR: 
Stack: AggregateError [ECONNREFUSED]: 
    at C:\Users\ludin\Desktop\salidas\scanqueue\backend\node_modules\pg-pool\index.js:45:11
    at process.processTicksAndRejections (node:internal/process/task_queues:105:5)
    at async query (file:///C:/Users/ludin/Desktop/salidas/scanqueue/backend/src/config/database.js:25:18)
    at async Module.getScansToday (file:///C:/Users/ludin/Desktop/salidas/scanqueue/backend/src/models/Scan.js:23:15)
    at async getTodaySummary (file:///C:/Users/ludin/Desktop/salidas/scanqueue/backend/src/controllers/DashboardController.js:30:24)
Path: /api/dashboard/today

[2026-03-04T12:53:20.228Z] ERROR: 
Stack: AggregateError [ECONNREFUSED]: 
    at C:\Users\ludin\Desktop\salidas\scanqueue\backend\node_modules\pg-pool\index.js:45:11
    at process.processTicksAndRejections (node:internal/process/task_queues:105:5)
    at async query (file:///C:/Users/ludin/Desktop/salidas/scanqueue/backend/src/config/database.js:25:18)
    at async Module.getScansToday (file:///C:/Users/ludin/Desktop/salidas/scanqueue/backend/src/models/Scan.js:23:15)
    at async Module.getScanStatistics (file:///C:/Users/ludin/Desktop/salidas/scanqueue/backend/src/services/ScanService.js:76:24)
    at async getDashboardStats (file:///C:/Users/ludin/Desktop/salidas/scanqueue/backend/src/controllers/DashboardController.js:12:19)
Path: /api/dashboard/stats

[2026-03-04T12:53:20.231Z] ERROR: 
Stack: AggregateError [ECONNREFUSED]: 
    at C:\Users\ludin\Desktop\salidas\scanqueue\backend\node_modules\pg-pool\index.js:45:11
    at process.processTicksAndRejections (node:internal/process/task_queues:105:5)
    at async query (file:///C:/Users/ludin/Desktop/salidas/scanqueue/backend/src/config/database.js:25:18)
    at async Module.getScansToday (file:///C:/Users/ludin/Desktop/salidas/scanqueue/backend/src/models/Scan.js:23:15)
    at async getTodaySummary (file:///C:/Users/ludin/Desktop/salidas/scanqueue/backend/src/controllers/DashboardController.js:30:24)
Path: /api/dashboard/today

[2026-03-04T12:53:20.860Z] ERROR: 
Stack: AggregateError [ECONNREFUSED]: 
    at C:\Users\ludin\Desktop\salidas\scanqueue\backend\node_modules\pg-pool\index.js:45:11
    at process.processTicksAndRejections (node:internal/process/task_queues:105:5)
    at async query (file:///C:/Users/ludin/Desktop/salidas/scanqueue/backend/src/config/database.js:25:18)
    at async Module.getScansToday (file:///C:/Users/ludin/Desktop/salidas/scanqueue/backend/src/models/Scan.js:23:15)
    at async Module.getScanStatistics (file:///C:/Users/ludin/Desktop/salidas/scanqueue/backend/src/services/ScanService.js:76:24)
    at async getDashboardStats (file:///C:/Users/ludin/Desktop/salidas/scanqueue/backend/src/controllers/DashboardController.js:12:19)
Path: /api/dashboard/stats

[2026-03-04T12:53:20.864Z] ERROR: 
Stack: AggregateError [ECONNREFUSED]: 
    at C:\Users\ludin\Desktop\salidas\scanqueue\backend\node_modules\pg-pool\index.js:45:11
    at process.processTicksAndRejections (node:internal/process/task_queues:105:5)
    at async query (file:///C:/Users/ludin/Desktop/salidas/scanqueue/backend/src/config/database.js:25:18)
    at async Module.getScansToday (file:///C:/Users/ludin/Desktop/salidas/scanqueue/backend/src/models/Scan.js:23:15)
    at async getTodaySummary (file:///C:/Users/ludin/Desktop/salidas/scanqueue/backend/src/controllers/DashboardController.js:30:24)
Path: /api/dashboard/today

[2026-03-04T12:53:21.504Z] ERROR: 
Stack: AggregateError [ECONNREFUSED]: 
    at C:\Users\ludin\Desktop\salidas\scanqueue\backend\node_modules\pg-pool\index.js:45:11
    at process.processTicksAndRejections (node:internal/process/task_queues:105:5)
    at async query (file:///C:/Users/ludin/Desktop/salidas/scanqueue/backend/src/config/database.js:25:18)
    at async Module.getScansToday (file:///C:/Users/ludin/Desktop/salidas/scanqueue/backend/src/models/Scan.js:23:15)
    at async Module.getScanStatistics (file:///C:/Users/ludin/Desktop/salidas/scanqueue/backend/src/services/ScanService.js:76:24)
    at async getDashboardStats (file:///C:/Users/ludin/Desktop/salidas/scanqueue/backend/src/controllers/DashboardController.js:12:19)
Path: /api/dashboard/stats

[2026-03-04T12:53:21.508Z] ERROR: 
Stack: AggregateError [ECONNREFUSED]: 
    at C:\Users\ludin\Desktop\salidas\scanqueue\backend\node_modules\pg-pool\index.js:45:11
    at process.processTicksAndRejections (node:internal/process/task_queues:105:5)
    at async query (file:///C:/Users/ludin/Desktop/salidas/scanqueue/backend/src/config/database.js:25:18)
    at async Module.getScansToday (file:///C:/Users/ludin/Desktop/salidas/scanqueue/backend/src/models/Scan.js:23:15)
    at async getTodaySummary (file:///C:/Users/ludin/Desktop/salidas/scanqueue/backend/src/controllers/DashboardController.js:30:24)
Path: /api/dashboard/today

[2026-03-04T12:53:22.107Z] ERROR: 
Stack: AggregateError [ECONNREFUSED]: 
    at C:\Users\ludin\Desktop\salidas\scanqueue\backend\node_modules\pg-pool\index.js:45:11
    at process.processTicksAndRejections (node:internal/process/task_queues:105:5)
    at async query (file:///C:/Users/ludin/Desktop/salidas/scanqueue/backend/src/config/database.js:25:18)
    at async Module.getScansToday (file:///C:/Users/ludin/Desktop/salidas/scanqueue/backend/src/models/Scan.js:23:15)
    at async Module.getScanStatistics (file:///C:/Users/ludin/Desktop/salidas/scanqueue/backend/src/services/ScanService.js:76:24)
    at async getDashboardStats (file:///C:/Users/ludin/Desktop/salidas/scanqueue/backend/src/controllers/DashboardController.js:12:19)
Path: /api/dashboard/stats

[2026-03-04T12:53:22.111Z] ERROR: 
Stack: AggregateError [ECONNREFUSED]: 
    at C:\Users\ludin\Desktop\salidas\scanqueue\backend\node_modules\pg-pool\index.js:45:11
    at process.processTicksAndRejections (node:internal/process/task_queues:105:5)
    at async query (file:///C:/Users/ludin/Desktop/salidas/scanqueue/backend/src/config/database.js:25:18)
    at async Module.getScansToday (file:///C:/Users/ludin/Desktop/salidas/scanqueue/backend/src/models/Scan.js:23:15)
    at async getTodaySummary (file:///C:/Users/ludin/Desktop/salidas/scanqueue/backend/src/controllers/DashboardController.js:30:24)
Path: /api/dashboard/today

[2026-03-04T12:53:22.678Z] ERROR: 
Stack: AggregateError [ECONNREFUSED]: 
    at C:\Users\ludin\Desktop\salidas\scanqueue\backend\node_modules\pg-pool\index.js:45:11
    at process.processTicksAndRejections (node:internal/process/task_queues:105:5)
    at async query (file:///C:/Users/ludin/Desktop/salidas/scanqueue/backend/src/config/database.js:25:18)
    at async Module.getScansToday (file:///C:/Users/ludin/Desktop/salidas/scanqueue/backend/src/models/Scan.js:23:15)
    at async Module.getScanStatistics (file:///C:/Users/ludin/Desktop/salidas/scanqueue/backend/src/services/ScanService.js:76:24)
    at async getDashboardStats (file:///C:/Users/ludin/Desktop/salidas/scanqueue/backend/src/controllers/DashboardController.js:12:19)
Path: /api/dashboard/stats

[2026-03-04T12:53:22.684Z] ERROR: 
Stack: AggregateError [ECONNREFUSED]: 
    at C:\Users\ludin\Desktop\salidas\scanqueue\backend\node_modules\pg-pool\index.js:45:11
    at process.processTicksAndRejections (node:internal/process/task_queues:105:5)
    at async query (file:///C:/Users/ludin/Desktop/salidas/scanqueue/backend/src/config/database.js:25:18)
    at async Module.getScansToday (file:///C:/Users/ludin/Desktop/salidas/scanqueue/backend/src/models/Scan.js:23:15)
    at async getTodaySummary (file:///C:/Users/ludin/Desktop/salidas/scanqueue/backend/src/controllers/DashboardController.js:30:24)
Path: /api/dashboard/today

[2026-03-04T12:53:23.241Z] ERROR: 
Stack: AggregateError [ECONNREFUSED]: 
    at C:\Users\ludin\Desktop\salidas\scanqueue\backend\node_modules\pg-pool\index.js:45:11
    at process.processTicksAndRejections (node:internal/process/task_queues:105:5)
    at async query (file:///C:/Users/ludin/Desktop/salidas/scanqueue/backend/src/config/database.js:25:18)
    at async Module.getScansToday (file:///C:/Users/ludin/Desktop/salidas/scanqueue/backend/src/models/Scan.js:23:15)
    at async Module.getScanStatistics (file:///C:/Users/ludin/Desktop/salidas/scanqueue/backend/src/services/ScanService.js:76:24)
    at async getDashboardStats (file:///C:/Users/ludin/Desktop/salidas/scanqueue/backend/src/controllers/DashboardController.js:12:19)
Path: /api/dashboard/stats

[2026-03-04T12:53:23.245Z] ERROR: 
Stack: AggregateError [ECONNREFUSED]: 
    at C:\Users\ludin\Desktop\salidas\scanqueue\backend\node_modules\pg-pool\index.js:45:11
    at process.processTicksAndRejections (node:internal/process/task_queues:105:5)
    at async query (file:///C:/Users/ludin/Desktop/salidas/scanqueue/backend/src/config/database.js:25:18)
    at async Module.getScansToday (file:///C:/Users/ludin/Desktop/salidas/scanqueue/backend/src/models/Scan.js:23:15)
    at async getTodaySummary (file:///C:/Users/ludin/Desktop/salidas/scanqueue/backend/src/controllers/DashboardController.js:30:24)
Path: /api/dashboard/today

[2026-03-04T12:53:23.867Z] ERROR: 
Stack: AggregateError [ECONNREFUSED]: 
    at C:\Users\ludin\Desktop\salidas\scanqueue\backend\node_modules\pg-pool\index.js:45:11
    at process.processTicksAndRejections (node:internal/process/task_queues:105:5)
    at async query (file:///C:/Users/ludin/Desktop/salidas/scanqueue/backend/src/config/database.js:25:18)
    at async Module.getScansToday (file:///C:/Users/ludin/Desktop/salidas/scanqueue/backend/src/models/Scan.js:23:15)
    at async Module.getScanStatistics (file:///C:/Users/ludin/Desktop/salidas/scanqueue/backend/src/services/ScanService.js:76:24)
    at async getDashboardStats (file:///C:/Users/ludin/Desktop/salidas/scanqueue/backend/src/controllers/DashboardController.js:12:19)
Path: /api/dashboard/stats

[2026-03-04T12:53:23.872Z] ERROR: 
Stack: AggregateError [ECONNREFUSED]: 
    at C:\Users\ludin\Desktop\salidas\scanqueue\backend\node_modules\pg-pool\index.js:45:11
    at process.processTicksAndRejections (node:internal/process/task_queues:105:5)
    at async query (file:///C:/Users/ludin/Desktop/salidas/scanqueue/backend/src/config/database.js:25:18)
    at async Module.getScansToday (file:///C:/Users/ludin/Desktop/salidas/scanqueue/backend/src/models/Scan.js:23:15)
    at async getTodaySummary (file:///C:/Users/ludin/Desktop/salidas/scanqueue/backend/src/controllers/DashboardController.js:30:24)
Path: /api/dashboard/today

[2026-03-04T12:53:24.461Z] ERROR: 
Stack: AggregateError [ECONNREFUSED]: 
    at C:\Users\ludin\Desktop\salidas\scanqueue\backend\node_modules\pg-pool\index.js:45:11
    at process.processTicksAndRejections (node:internal/process/task_queues:105:5)
    at async query (file:///C:/Users/ludin/Desktop/salidas/scanqueue/backend/src/config/database.js:25:18)
    at async Module.getScansToday (file:///C:/Users/ludin/Desktop/salidas/scanqueue/backend/src/models/Scan.js:23:15)
    at async Module.getScanStatistics (file:///C:/Users/ludin/Desktop/salidas/scanqueue/backend/src/services/ScanService.js:76:24)
    at async getDashboardStats (file:///C:/Users/ludin/Desktop/salidas/scanqueue/backend/src/controllers/DashboardController.js:12:19)
Path: /api/dashboard/stats

[2026-03-04T12:53:24.465Z] ERROR: 
Stack: AggregateError [ECONNREFUSED]: 
    at C:\Users\ludin\Desktop\salidas\scanqueue\backend\node_modules\pg-pool\index.js:45:11
    at process.processTicksAndRejections (node:internal/process/task_queues:105:5)
    at async query (file:///C:/Users/ludin/Desktop/salidas/scanqueue/backend/src/config/database.js:25:18)
    at async Module.getScansToday (file:///C:/Users/ludin/Desktop/salidas/scanqueue/backend/src/models/Scan.js:23:15)
    at async getTodaySummary (file:///C:/Users/ludin/Desktop/salidas/scanqueue/backend/src/controllers/DashboardController.js:30:24)
Path: /api/dashboard/today

[2026-03-04T12:53:25.007Z] ERROR: 
Stack: AggregateError [ECONNREFUSED]: 
    at C:\Users\ludin\Desktop\salidas\scanqueue\backend\node_modules\pg-pool\index.js:45:11
    at process.processTicksAndRejections (node:internal/process/task_queues:105:5)
    at async query (file:///C:/Users/ludin/Desktop/salidas/scanqueue/backend/src/config/database.js:25:18)
    at async Module.getScansToday (file:///C:/Users/ludin/Desktop/salidas/scanqueue/backend/src/models/Scan.js:23:15)
    at async Module.getScanStatistics (file:///C:/Users/ludin/Desktop/salidas/scanqueue/backend/src/services/ScanService.js:76:24)
    at async getDashboardStats (file:///C:/Users/ludin/Desktop/salidas/scanqueue/backend/src/controllers/DashboardController.js:12:19)
Path: /api/dashboard/stats

[2026-03-04T12:53:25.010Z] ERROR: 
Stack: AggregateError [ECONNREFUSED]: 
    at C:\Users\ludin\Desktop\salidas\scanqueue\backend\node_modules\pg-pool\index.js:45:11
    at process.processTicksAndRejections (node:internal/process/task_queues:105:5)
    at async query (file:///C:/Users/ludin/Desktop/salidas/scanqueue/backend/src/config/database.js:25:18)
    at async Module.getScansToday (file:///C:/Users/ludin/Desktop/salidas/scanqueue/backend/src/models/Scan.js:23:15)
    at async getTodaySummary (file:///C:/Users/ludin/Desktop/salidas/scanqueue/backend/src/controllers/DashboardController.js:30:24)
Path: /api/dashboard/today

[2026-03-04T12:53:25.725Z] ERROR: 
Stack: AggregateError [ECONNREFUSED]: 
    at C:\Users\ludin\Desktop\salidas\scanqueue\backend\node_modules\pg-pool\index.js:45:11
    at process.processTicksAndRejections (node:internal/process/task_queues:105:5)
    at async query (file:///C:/Users/ludin/Desktop/salidas/scanqueue/backend/src/config/database.js:25:18)
    at async Module.getScansToday (file:///C:/Users/ludin/Desktop/salidas/scanqueue/backend/src/models/Scan.js:23:15)
    at async Module.getScanStatistics (file:///C:/Users/ludin/Desktop/salidas/scanqueue/backend/src/services/ScanService.js:76:24)
    at async getDashboardStats (file:///C:/Users/ludin/Desktop/salidas/scanqueue/backend/src/controllers/DashboardController.js:12:19)
Path: /api/dashboard/stats

[2026-03-04T12:53:25.728Z] ERROR: 
Stack: AggregateError [ECONNREFUSED]: 
    at C:\Users\ludin\Desktop\salidas\scanqueue\backend\node_modules\pg-pool\index.js:45:11
    at process.processTicksAndRejections (node:internal/process/task_queues:105:5)
    at async query (file:///C:/Users/ludin/Desktop/salidas/scanqueue/backend/src/config/database.js:25:18)
    at async Module.getScansToday (file:///C:/Users/ludin/Desktop/salidas/scanqueue/backend/src/models/Scan.js:23:15)
    at async getTodaySummary (file:///C:/Users/ludin/Desktop/salidas/scanqueue/backend/src/controllers/DashboardController.js:30:24)
Path: /api/dashboard/today

[2026-03-04T12:53:26.333Z] ERROR: 
Stack: AggregateError [ECONNREFUSED]: 
    at C:\Users\ludin\Desktop\salidas\scanqueue\backend\node_modules\pg-pool\index.js:45:11
    at process.processTicksAndRejections (node:internal/process/task_queues:105:5)
    at async query (file:///C:/Users/ludin/Desktop/salidas/scanqueue/backend/src/config/database.js:25:18)
    at async Module.getScansToday (file:///C:/Users/ludin/Desktop/salidas/scanqueue/backend/src/models/Scan.js:23:15)
    at async Module.getScanStatistics (file:///C:/Users/ludin/Desktop/salidas/scanqueue/backend/src/services/ScanService.js:76:24)
    at async getDashboardStats (file:///C:/Users/ludin/Desktop/salidas/scanqueue/backend/src/controllers/DashboardController.js:12:19)
Path: /api/dashboard/stats

[2026-03-04T12:53:26.336Z] ERROR: 
Stack: AggregateError [ECONNREFUSED]: 
    at C:\Users\ludin\Desktop\salidas\scanqueue\backend\node_modules\pg-pool\index.js:45:11
    at process.processTicksAndRejections (node:internal/process/task_queues:105:5)
    at async query (file:///C:/Users/ludin/Desktop/salidas/scanqueue/backend/src/config/database.js:25:18)
    at async Module.getScansToday (file:///C:/Users/ludin/Desktop/salidas/scanqueue/backend/src/models/Scan.js:23:15)
    at async getTodaySummary (file:///C:/Users/ludin/Desktop/salidas/scanqueue/backend/src/controllers/DashboardController.js:30:24)
Path: /api/dashboard/today

[2026-03-04T12:53:27.125Z] ERROR: 
Stack: AggregateError [ECONNREFUSED]: 
    at C:\Users\ludin\Desktop\salidas\scanqueue\backend\node_modules\pg-pool\index.js:45:11
    at process.processTicksAndRejections (node:internal/process/task_queues:105:5)
    at async query (file:///C:/Users/ludin/Desktop/salidas/scanqueue/backend/src/config/database.js:25:18)
    at async Module.getScansToday (file:///C:/Users/ludin/Desktop/salidas/scanqueue/backend/src/models/Scan.js:23:15)
    at async Module.getScanStatistics (file:///C:/Users/ludin/Desktop/salidas/scanqueue/backend/src/services/ScanService.js:76:24)
    at async getDashboardStats (file:///C:/Users/ludin/Desktop/salidas/scanqueue/backend/src/controllers/DashboardController.js:12:19)
Path: /api/dashboard/stats

[2026-03-04T12:53:27.130Z] ERROR: 
Stack: AggregateError [ECONNREFUSED]: 
    at C:\Users\ludin\Desktop\salidas\scanqueue\backend\node_modules\pg-pool\index.js:45:11
    at process.processTicksAndRejections (node:internal/process/task_queues:105:5)
    at async query (file:///C:/Users/ludin/Desktop/salidas/scanqueue/backend/src/config/database.js:25:18)
    at async Module.getScansToday (file:///C:/Users/ludin/Desktop/salidas/scanqueue/backend/src/models/Scan.js:23:15)
    at async getTodaySummary (file:///C:/Users/ludin/Desktop/salidas/scanqueue/backend/src/controllers/DashboardController.js:30:24)
Path: /api/dashboard/today

[2026-03-04T12:53:27.796Z] ERROR: 
Stack: AggregateError [ECONNREFUSED]: 
    at C:\Users\ludin\Desktop\salidas\scanqueue\backend\node_modules\pg-pool\index.js:45:11
    at process.processTicksAndRejections (node:internal/process/task_queues:105:5)
    at async query (file:///C:/Users/ludin/Desktop/salidas/scanqueue/backend/src/config/database.js:25:18)
    at async Module.getScansToday (file:///C:/Users/ludin/Desktop/salidas/scanqueue/backend/src/models/Scan.js:23:15)
    at async Module.getScanStatistics (file:///C:/Users/ludin/Desktop/salidas/scanqueue/backend/src/services/ScanService.js:76:24)
    at async getDashboardStats (file:///C:/Users/ludin/Desktop/salidas/scanqueue/backend/src/controllers/DashboardController.js:12:19)
Path: /api/dashboard/stats

[2026-03-04T12:53:27.800Z] ERROR: 
Stack: AggregateError [ECONNREFUSED]: 
    at C:\Users\ludin\Desktop\salidas\scanqueue\backend\node_modules\pg-pool\index.js:45:11
    at process.processTicksAndRejections (node:internal/process/task_queues:105:5)
    at async query (file:///C:/Users/ludin/Desktop/salidas/scanqueue/backend/src/config/database.js:25:18)
    at async Module.getScansToday (file:///C:/Users/ludin/Desktop/salidas/scanqueue/backend/src/models/Scan.js:23:15)
    at async getTodaySummary (file:///C:/Users/ludin/Desktop/salidas/scanqueue/backend/src/controllers/DashboardController.js:30:24)
Path: /api/dashboard/today

[2026-03-04T12:53:28.579Z] ERROR: 
Stack: AggregateError [ECONNREFUSED]: 
    at C:\Users\ludin\Desktop\salidas\scanqueue\backend\node_modules\pg-pool\index.js:45:11
    at process.processTicksAndRejections (node:internal/process/task_queues:105:5)
    at async query (file:///C:/Users/ludin/Desktop/salidas/scanqueue/backend/src/config/database.js:25:18)
    at async Module.getScansToday (file:///C:/Users/ludin/Desktop/salidas/scanqueue/backend/src/models/Scan.js:23:15)
    at async Module.getScanStatistics (file:///C:/Users/ludin/Desktop/salidas/scanqueue/backend/src/services/ScanService.js:76:24)
    at async getDashboardStats (file:///C:/Users/ludin/Desktop/salidas/scanqueue/backend/src/controllers/DashboardController.js:12:19)
Path: /api/dashboard/stats

[2026-03-04T12:53:28.585Z] ERROR: 
Stack: AggregateError [ECONNREFUSED]: 
    at C:\Users\ludin\Desktop\salidas\scanqueue\backend\node_modules\pg-pool\index.js:45:11
    at process.processTicksAndRejections (node:internal/process/task_queues:105:5)
    at async query (file:///C:/Users/ludin/Desktop/salidas/scanqueue/backend/src/config/database.js:25:18)
    at async Module.getScansToday (file:///C:/Users/ludin/Desktop/salidas/scanqueue/backend/src/models/Scan.js:23:15)
    at async getTodaySummary (file:///C:/Users/ludin/Desktop/salidas/scanqueue/backend/src/controllers/DashboardController.js:30:24)
Path: /api/dashboard/today

[2026-03-04T12:53:29.461Z] ERROR: 
Stack: AggregateError [ECONNREFUSED]: 
    at C:\Users\ludin\Desktop\salidas\scanqueue\backend\node_modules\pg-pool\index.js:45:11
    at process.processTicksAndRejections (node:internal/process/task_queues:105:5)
    at async query (file:///C:/Users/ludin/Desktop/salidas/scanqueue/backend/src/config/database.js:25:18)
    at async Module.getScansToday (file:///C:/Users/ludin/Desktop/salidas/scanqueue/backend/src/models/Scan.js:23:15)
    at async Module.getScanStatistics (file:///C:/Users/ludin/Desktop/salidas/scanqueue/backend/src/services/ScanService.js:76:24)
    at async getDashboardStats (file:///C:/Users/ludin/Desktop/salidas/scanqueue/backend/src/controllers/DashboardController.js:12:19)
Path: /api/dashboard/stats

[2026-03-04T12:53:29.464Z] ERROR: 
Stack: AggregateError [ECONNREFUSED]: 
    at C:\Users\ludin\Desktop\salidas\scanqueue\backend\node_modules\pg-pool\index.js:45:11
    at process.processTicksAndRejections (node:internal/process/task_queues:105:5)
    at async query (file:///C:/Users/ludin/Desktop/salidas/scanqueue/backend/src/config/database.js:25:18)
    at async Module.getScansToday (file:///C:/Users/ludin/Desktop/salidas/scanqueue/backend/src/models/Scan.js:23:15)
    at async getTodaySummary (file:///C:/Users/ludin/Desktop/salidas/scanqueue/backend/src/controllers/DashboardController.js:30:24)
Path: /api/dashboard/today

[2026-03-04T12:53:30.306Z] ERROR: 
Stack: AggregateError [ECONNREFUSED]: 
    at C:\Users\ludin\Desktop\salidas\scanqueue\backend\node_modules\pg-pool\index.js:45:11
    at process.processTicksAndRejections (node:internal/process/task_queues:105:5)
    at async query (file:///C:/Users/ludin/Desktop/salidas/scanqueue/backend/src/config/database.js:25:18)
    at async Module.getScansToday (file:///C:/Users/ludin/Desktop/salidas/scanqueue/backend/src/models/Scan.js:23:15)
    at async Module.getScanStatistics (file:///C:/Users/ludin/Desktop/salidas/scanqueue/backend/src/services/ScanService.js:76:24)
    at async getDashboardStats (file:///C:/Users/ludin/Desktop/salidas/scanqueue/backend/src/controllers/DashboardController.js:12:19)
Path: /api/dashboard/stats

[2026-03-04T12:53:30.312Z] ERROR: 
Stack: AggregateError [ECONNREFUSED]: 
    at C:\Users\ludin\Desktop\salidas\scanqueue\backend\node_modules\pg-pool\index.js:45:11
    at process.processTicksAndRejections (node:internal/process/task_queues:105:5)
    at async query (file:///C:/Users/ludin/Desktop/salidas/scanqueue/backend/src/config/database.js:25:18)
    at async Module.getScansToday (file:///C:/Users/ludin/Desktop/salidas/scanqueue/backend/src/models/Scan.js:23:15)
    at async getTodaySummary (file:///C:/Users/ludin/Desktop/salidas/scanqueue/backend/src/controllers/DashboardController.js:30:24)
Path: /api/dashboard/today

[2026-03-04T12:53:30.948Z] ERROR: 
Stack: AggregateError [ECONNREFUSED]: 
    at C:\Users\ludin\Desktop\salidas\scanqueue\backend\node_modules\pg-pool\index.js:45:11
    at process.processTicksAndRejections (node:internal/process/task_queues:105:5)
    at async query (file:///C:/Users/ludin/Desktop/salidas/scanqueue/backend/src/config/database.js:25:18)
    at async Module.getScansToday (file:///C:/Users/ludin/Desktop/salidas/scanqueue/backend/src/models/Scan.js:23:15)
    at async Module.getScanStatistics (file:///C:/Users/ludin/Desktop/salidas/scanqueue/backend/src/services/ScanService.js:76:24)
    at async getDashboardStats (file:///C:/Users/ludin/Desktop/salidas/scanqueue/backend/src/controllers/DashboardController.js:12:19)
Path: /api/dashboard/stats

[2026-03-04T12:53:30.961Z] ERROR: 
Stack: AggregateError [ECONNREFUSED]: 
    at C:\Users\ludin\Desktop\salidas\scanqueue\backend\node_modules\pg-pool\index.js:45:11
    at process.processTicksAndRejections (node:internal/process/task_queues:105:5)
    at async query (file:///C:/Users/ludin/Desktop/salidas/scanqueue/backend/src/config/database.js:25:18)
    at async Module.getScansToday (file:///C:/Users/ludin/Desktop/salidas/scanqueue/backend/src/models/Scan.js:23:15)
    at async getTodaySummary (file:///C:/Users/ludin/Desktop/salidas/scanqueue/backend/src/controllers/DashboardController.js:30:24)
Path: /api/dashboard/today

[2026-03-04T12:53:31.614Z] ERROR: 
Stack: AggregateError [ECONNREFUSED]: 
    at C:\Users\ludin\Desktop\salidas\scanqueue\backend\node_modules\pg-pool\index.js:45:11
    at process.processTicksAndRejections (node:internal/process/task_queues:105:5)
    at async query (file:///C:/Users/ludin/Desktop/salidas/scanqueue/backend/src/config/database.js:25:18)
    at async Module.getScansToday (file:///C:/Users/ludin/Desktop/salidas/scanqueue/backend/src/models/Scan.js:23:15)
    at async Module.getScanStatistics (file:///C:/Users/ludin/Desktop/salidas/scanqueue/backend/src/services/ScanService.js:76:24)
    at async getDashboardStats (file:///C:/Users/ludin/Desktop/salidas/scanqueue/backend/src/controllers/DashboardController.js:12:19)
Path: /api/dashboard/stats

[2026-03-04T12:53:31.618Z] ERROR: 
Stack: AggregateError [ECONNREFUSED]: 
    at C:\Users\ludin\Desktop\salidas\scanqueue\backend\node_modules\pg-pool\index.js:45:11
    at process.processTicksAndRejections (node:internal/process/task_queues:105:5)
    at async query (file:///C:/Users/ludin/Desktop/salidas/scanqueue/backend/src/config/database.js:25:18)
    at async Module.getScansToday (file:///C:/Users/ludin/Desktop/salidas/scanqueue/backend/src/models/Scan.js:23:15)
    at async getTodaySummary (file:///C:/Users/ludin/Desktop/salidas/scanqueue/backend/src/controllers/DashboardController.js:30:24)
Path: /api/dashboard/today

[2026-03-04T12:53:32.297Z] ERROR: 
Stack: AggregateError [ECONNREFUSED]: 
    at C:\Users\ludin\Desktop\salidas\scanqueue\backend\node_modules\pg-pool\index.js:45:11
    at process.processTicksAndRejections (node:internal/process/task_queues:105:5)
    at async query (file:///C:/Users/ludin/Desktop/salidas/scanqueue/backend/src/config/database.js:25:18)
    at async Module.getScansToday (file:///C:/Users/ludin/Desktop/salidas/scanqueue/backend/src/models/Scan.js:23:15)
    at async Module.getScanStatistics (file:///C:/Users/ludin/Desktop/salidas/scanqueue/backend/src/services/ScanService.js:76:24)
    at async getDashboardStats (file:///C:/Users/ludin/Desktop/salidas/scanqueue/backend/src/controllers/DashboardController.js:12:19)
Path: /api/dashboard/stats

[2026-03-04T12:53:32.300Z] ERROR: 
Stack: AggregateError [ECONNREFUSED]: 
    at C:\Users\ludin\Desktop\salidas\scanqueue\backend\node_modules\pg-pool\index.js:45:11
    at process.processTicksAndRejections (node:internal/process/task_queues:105:5)
    at async query (file:///C:/Users/ludin/Desktop/salidas/scanqueue/backend/src/config/database.js:25:18)
    at async Module.getScansToday (file:///C:/Users/ludin/Desktop/salidas/scanqueue/backend/src/models/Scan.js:23:15)
    at async getTodaySummary (file:///C:/Users/ludin/Desktop/salidas/scanqueue/backend/src/controllers/DashboardController.js:30:24)
Path: /api/dashboard/today

[2026-03-04T12:53:32.951Z] ERROR: 
Stack: AggregateError [ECONNREFUSED]: 
    at C:\Users\ludin\Desktop\salidas\scanqueue\backend\node_modules\pg-pool\index.js:45:11
    at process.processTicksAndRejections (node:internal/process/task_queues:105:5)
    at async query (file:///C:/Users/ludin/Desktop/salidas/scanqueue/backend/src/config/database.js:25:18)
    at async Module.getScansToday (file:///C:/Users/ludin/Desktop/salidas/scanqueue/backend/src/models/Scan.js:23:15)
    at async Module.getScanStatistics (file:///C:/Users/ludin/Desktop/salidas/scanqueue/backend/src/services/ScanService.js:76:24)
    at async getDashboardStats (file:///C:/Users/ludin/Desktop/salidas/scanqueue/backend/src/controllers/DashboardController.js:12:19)
Path: /api/dashboard/stats

[2026-03-04T12:53:32.979Z] ERROR: 
Stack: AggregateError [ECONNREFUSED]: 
    at C:\Users\ludin\Desktop\salidas\scanqueue\backend\node_modules\pg-pool\index.js:45:11
    at process.processTicksAndRejections (node:internal/process/task_queues:105:5)
    at async query (file:///C:/Users/ludin/Desktop/salidas/scanqueue/backend/src/config/database.js:25:18)
    at async Module.getScansToday (file:///C:/Users/ludin/Desktop/salidas/scanqueue/backend/src/models/Scan.js:23:15)
    at async getTodaySummary (file:///C:/Users/ludin/Desktop/salidas/scanqueue/backend/src/controllers/DashboardController.js:30:24)
Path: /api/dashboard/today

[2026-03-04T12:53:33.562Z] ERROR: 
Stack: AggregateError [ECONNREFUSED]: 
    at C:\Users\ludin\Desktop\salidas\scanqueue\backend\node_modules\pg-pool\index.js:45:11
    at process.processTicksAndRejections (node:internal/process/task_queues:105:5)
    at async query (file:///C:/Users/ludin/Desktop/salidas/scanqueue/backend/src/config/database.js:25:18)
    at async Module.getScansToday (file:///C:/Users/ludin/Desktop/salidas/scanqueue/backend/src/models/Scan.js:23:15)
    at async Module.getScanStatistics (file:///C:/Users/ludin/Desktop/salidas/scanqueue/backend/src/services/ScanService.js:76:24)
    at async getDashboardStats (file:///C:/Users/ludin/Desktop/salidas/scanqueue/backend/src/controllers/DashboardController.js:12:19)
Path: /api/dashboard/stats

[2026-03-04T12:53:33.566Z] ERROR: 
Stack: AggregateError [ECONNREFUSED]: 
    at C:\Users\ludin\Desktop\salidas\scanqueue\backend\node_modules\pg-pool\index.js:45:11
    at process.processTicksAndRejections (node:internal/process/task_queues:105:5)
    at async query (file:///C:/Users/ludin/Desktop/salidas/scanqueue/backend/src/config/database.js:25:18)
    at async Module.getScansToday (file:///C:/Users/ludin/Desktop/salidas/scanqueue/backend/src/models/Scan.js:23:15)
    at async getTodaySummary (file:///C:/Users/ludin/Desktop/salidas/scanqueue/backend/src/controllers/DashboardController.js:30:24)
Path: /api/dashboard/today

[2026-03-04T12:53:34.205Z] ERROR: 
Stack: AggregateError [ECONNREFUSED]: 
    at C:\Users\ludin\Desktop\salidas\scanqueue\backend\node_modules\pg-pool\index.js:45:11
    at process.processTicksAndRejections (node:internal/process/task_queues:105:5)
    at async query (file:///C:/Users/ludin/Desktop/salidas/scanqueue/backend/src/config/database.js:25:18)
    at async Module.getScansToday (file:///C:/Users/ludin/Desktop/salidas/scanqueue/backend/src/models/Scan.js:23:15)
    at async Module.getScanStatistics (file:///C:/Users/ludin/Desktop/salidas/scanqueue/backend/src/services/ScanService.js:76:24)
    at async getDashboardStats (file:///C:/Users/ludin/Desktop/salidas/scanqueue/backend/src/controllers/DashboardController.js:12:19)
Path: /api/dashboard/stats

[2026-03-04T12:53:34.208Z] ERROR: 
Stack: AggregateError [ECONNREFUSED]: 
    at C:\Users\ludin\Desktop\salidas\scanqueue\backend\node_modules\pg-pool\index.js:45:11
    at process.processTicksAndRejections (node:internal/process/task_queues:105:5)
    at async query (file:///C:/Users/ludin/Desktop/salidas/scanqueue/backend/src/config/database.js:25:18)
    at async Module.getScansToday (file:///C:/Users/ludin/Desktop/salidas/scanqueue/backend/src/models/Scan.js:23:15)
    at async getTodaySummary (file:///C:/Users/ludin/Desktop/salidas/scanqueue/backend/src/controllers/DashboardController.js:30:24)
Path: /api/dashboard/today

[2026-03-04T12:53:34.744Z] ERROR: 
Stack: AggregateError [ECONNREFUSED]: 
    at C:\Users\ludin\Desktop\salidas\scanqueue\backend\node_modules\pg-pool\index.js:45:11
    at process.processTicksAndRejections (node:internal/process/task_queues:105:5)
    at async query (file:///C:/Users/ludin/Desktop/salidas/scanqueue/backend/src/config/database.js:25:18)
    at async Module.getScansToday (file:///C:/Users/ludin/Desktop/salidas/scanqueue/backend/src/models/Scan.js:23:15)
    at async Module.getScanStatistics (file:///C:/Users/ludin/Desktop/salidas/scanqueue/backend/src/services/ScanService.js:76:24)
    at async getDashboardStats (file:///C:/Users/ludin/Desktop/salidas/scanqueue/backend/src/controllers/DashboardController.js:12:19)
Path: /api/dashboard/stats

[2026-03-04T12:53:34.747Z] ERROR: 
Stack: AggregateError [ECONNREFUSED]: 
    at C:\Users\ludin\Desktop\salidas\scanqueue\backend\node_modules\pg-pool\index.js:45:11
    at process.processTicksAndRejections (node:internal/process/task_queues:105:5)
    at async query (file:///C:/Users/ludin/Desktop/salidas/scanqueue/backend/src/config/database.js:25:18)
    at async Module.getScansToday (file:///C:/Users/ludin/Desktop/salidas/scanqueue/backend/src/models/Scan.js:23:15)
    at async getTodaySummary (file:///C:/Users/ludin/Desktop/salidas/scanqueue/backend/src/controllers/DashboardController.js:30:24)
Path: /api/dashboard/today

[2026-03-04T12:53:35.349Z] ERROR: 
Stack: AggregateError [ECONNREFUSED]: 
    at C:\Users\ludin\Desktop\salidas\scanqueue\backend\node_modules\pg-pool\index.js:45:11
    at process.processTicksAndRejections (node:internal/process/task_queues:105:5)
    at async query (file:///C:/Users/ludin/Desktop/salidas/scanqueue/backend/src/config/database.js:25:18)
    at async Module.getScansToday (file:///C:/Users/ludin/Desktop/salidas/scanqueue/backend/src/models/Scan.js:23:15)
    at async Module.getScanStatistics (file:///C:/Users/ludin/Desktop/salidas/scanqueue/backend/src/services/ScanService.js:76:24)
    at async getDashboardStats (file:///C:/Users/ludin/Desktop/salidas/scanqueue/backend/src/controllers/DashboardController.js:12:19)
Path: /api/dashboard/stats

[2026-03-04T12:53:35.353Z] ERROR: 
Stack: AggregateError [ECONNREFUSED]: 
    at C:\Users\ludin\Desktop\salidas\scanqueue\backend\node_modules\pg-pool\index.js:45:11
    at process.processTicksAndRejections (node:internal/process/task_queues:105:5)
    at async query (file:///C:/Users/ludin/Desktop/salidas/scanqueue/backend/src/config/database.js:25:18)
    at async Module.getScansToday (file:///C:/Users/ludin/Desktop/salidas/scanqueue/backend/src/models/Scan.js:23:15)
    at async getTodaySummary (file:///C:/Users/ludin/Desktop/salidas/scanqueue/backend/src/controllers/DashboardController.js:30:24)
Path: /api/dashboard/today

[2026-03-04T12:53:35.979Z] ERROR: 
Stack: AggregateError [ECONNREFUSED]: 
    at C:\Users\ludin\Desktop\salidas\scanqueue\backend\node_modules\pg-pool\index.js:45:11
    at process.processTicksAndRejections (node:internal/process/task_queues:105:5)
    at async query (file:///C:/Users/ludin/Desktop/salidas/scanqueue/backend/src/config/database.js:25:18)
    at async Module.getScansToday (file:///C:/Users/ludin/Desktop/salidas/scanqueue/backend/src/models/Scan.js:23:15)
    at async Module.getScanStatistics (file:///C:/Users/ludin/Desktop/salidas/scanqueue/backend/src/services/ScanService.js:76:24)
    at async getDashboardStats (file:///C:/Users/ludin/Desktop/salidas/scanqueue/backend/src/controllers/DashboardController.js:12:19)
Path: /api/dashboard/stats

[2026-03-04T12:53:35.982Z] ERROR: 
Stack: AggregateError [ECONNREFUSED]: 
    at C:\Users\ludin\Desktop\salidas\scanqueue\backend\node_modules\pg-pool\index.js:45:11
    at process.processTicksAndRejections (node:internal/process/task_queues:105:5)
    at async query (file:///C:/Users/ludin/Desktop/salidas/scanqueue/backend/src/config/database.js:25:18)
    at async Module.getScansToday (file:///C:/Users/ludin/Desktop/salidas/scanqueue/backend/src/models/Scan.js:23:15)
    at async getTodaySummary (file:///C:/Users/ludin/Desktop/salidas/scanqueue/backend/src/controllers/DashboardController.js:30:24)
Path: /api/dashboard/today

[2026-03-04T12:53:36.593Z] ERROR: 
Stack: AggregateError [ECONNREFUSED]: 
    at C:\Users\ludin\Desktop\salidas\scanqueue\backend\node_modules\pg-pool\index.js:45:11
    at process.processTicksAndRejections (node:internal/process/task_queues:105:5)
    at async query (file:///C:/Users/ludin/Desktop/salidas/scanqueue/backend/src/config/database.js:25:18)
    at async Module.getScansToday (file:///C:/Users/ludin/Desktop/salidas/scanqueue/backend/src/models/Scan.js:23:15)
    at async Module.getScanStatistics (file:///C:/Users/ludin/Desktop/salidas/scanqueue/backend/src/services/ScanService.js:76:24)
    at async getDashboardStats (file:///C:/Users/ludin/Desktop/salidas/scanqueue/backend/src/controllers/DashboardController.js:12:19)
Path: /api/dashboard/stats

[2026-03-04T12:53:36.596Z] ERROR: 
Stack: AggregateError [ECONNREFUSED]: 
    at C:\Users\ludin\Desktop\salidas\scanqueue\backend\node_modules\pg-pool\index.js:45:11
    at process.processTicksAndRejections (node:internal/process/task_queues:105:5)
    at async query (file:///C:/Users/ludin/Desktop/salidas/scanqueue/backend/src/config/database.js:25:18)
    at async Module.getScansToday (file:///C:/Users/ludin/Desktop/salidas/scanqueue/backend/src/models/Scan.js:23:15)
    at async getTodaySummary (file:///C:/Users/ludin/Desktop/salidas/scanqueue/backend/src/controllers/DashboardController.js:30:24)
Path: /api/dashboard/today

[2026-03-04T12:53:37.268Z] ERROR: 
Stack: AggregateError [ECONNREFUSED]: 
    at C:\Users\ludin\Desktop\salidas\scanqueue\backend\node_modules\pg-pool\index.js:45:11
    at process.processTicksAndRejections (node:internal/process/task_queues:105:5)
    at async query (file:///C:/Users/ludin/Desktop/salidas/scanqueue/backend/src/config/database.js:25:18)
    at async Module.getScansToday (file:///C:/Users/ludin/Desktop/salidas/scanqueue/backend/src/models/Scan.js:23:15)
    at async Module.getScanStatistics (file:///C:/Users/ludin/Desktop/salidas/scanqueue/backend/src/services/ScanService.js:76:24)
    at async getDashboardStats (file:///C:/Users/ludin/Desktop/salidas/scanqueue/backend/src/controllers/DashboardController.js:12:19)
Path: /api/dashboard/stats

[2026-03-04T12:53:37.273Z] ERROR: 
Stack: AggregateError [ECONNREFUSED]: 
    at C:\Users\ludin\Desktop\salidas\scanqueue\backend\node_modules\pg-pool\index.js:45:11
    at process.processTicksAndRejections (node:internal/process/task_queues:105:5)
    at async query (file:///C:/Users/ludin/Desktop/salidas/scanqueue/backend/src/config/database.js:25:18)
    at async Module.getScansToday (file:///C:/Users/ludin/Desktop/salidas/scanqueue/backend/src/models/Scan.js:23:15)
    at async getTodaySummary (file:///C:/Users/ludin/Desktop/salidas/scanqueue/backend/src/controllers/DashboardController.js:30:24)
Path: /api/dashboard/today

[2026-03-04T12:53:37.791Z] ERROR: 
Stack: AggregateError [ECONNREFUSED]: 
    at C:\Users\ludin\Desktop\salidas\scanqueue\backend\node_modules\pg-pool\index.js:45:11
    at process.processTicksAndRejections (node:internal/process/task_queues:105:5)
    at async query (file:///C:/Users/ludin/Desktop/salidas/scanqueue/backend/src/config/database.js:25:18)
    at async Module.getScansToday (file:///C:/Users/ludin/Desktop/salidas/scanqueue/backend/src/models/Scan.js:23:15)
    at async Module.getScanStatistics (file:///C:/Users/ludin/Desktop/salidas/scanqueue/backend/src/services/ScanService.js:76:24)
    at async getDashboardStats (file:///C:/Users/ludin/Desktop/salidas/scanqueue/backend/src/controllers/DashboardController.js:12:19)
Path: /api/dashboard/stats

[2026-03-04T12:53:37.794Z] ERROR: 
Stack: AggregateError [ECONNREFUSED]: 
    at C:\Users\ludin\Desktop\salidas\scanqueue\backend\node_modules\pg-pool\index.js:45:11
    at process.processTicksAndRejections (node:internal/process/task_queues:105:5)
    at async query (file:///C:/Users/ludin/Desktop/salidas/scanqueue/backend/src/config/database.js:25:18)
    at async Module.getScansToday (file:///C:/Users/ludin/Desktop/salidas/scanqueue/backend/src/models/Scan.js:23:15)
    at async getTodaySummary (file:///C:/Users/ludin/Desktop/salidas/scanqueue/backend/src/controllers/DashboardController.js:30:24)
Path: /api/dashboard/today

[2026-03-04T12:53:39.163Z] ERROR: 
Stack: AggregateError [ECONNREFUSED]: 
    at C:\Users\ludin\Desktop\salidas\scanqueue\backend\node_modules\pg-pool\index.js:45:11
    at process.processTicksAndRejections (node:internal/process/task_queues:105:5)
    at async query (file:///C:/Users/ludin/Desktop/salidas/scanqueue/backend/src/config/database.js:25:18)
    at async Module.getScansToday (file:///C:/Users/ludin/Desktop/salidas/scanqueue/backend/src/models/Scan.js:23:15)
    at async Module.getScanStatistics (file:///C:/Users/ludin/Desktop/salidas/scanqueue/backend/src/services/ScanService.js:76:24)
    at async getDashboardStats (file:///C:/Users/ludin/Desktop/salidas/scanqueue/backend/src/controllers/DashboardController.js:12:19)
Path: /api/dashboard/stats

[2026-03-04T12:53:39.173Z] ERROR: 
Stack: AggregateError [ECONNREFUSED]: 
    at C:\Users\ludin\Desktop\salidas\scanqueue\backend\node_modules\pg-pool\index.js:45:11
    at process.processTicksAndRejections (node:internal/process/task_queues:105:5)
    at async query (file:///C:/Users/ludin/Desktop/salidas/scanqueue/backend/src/config/database.js:25:18)
    at async Module.getScansToday (file:///C:/Users/ludin/Desktop/salidas/scanqueue/backend/src/models/Scan.js:23:15)
    at async getTodaySummary (file:///C:/Users/ludin/Desktop/salidas/scanqueue/backend/src/controllers/DashboardController.js:30:24)
Path: /api/dashboard/today

[2026-03-04T12:54:07.800Z] ERROR: 
Stack: AggregateError [ECONNREFUSED]: 
    at C:\Users\ludin\Desktop\salidas\scanqueue\backend\node_modules\pg-pool\index.js:45:11
    at process.processTicksAndRejections (node:internal/process/task_queues:105:5)
    at async query (file:///C:/Users/ludin/Desktop/salidas/scanqueue/backend/src/config/database.js:25:18)
    at async Module.getScansToday (file:///C:/Users/ludin/Desktop/salidas/scanqueue/backend/src/models/Scan.js:23:15)
    at async getTodaySummary (file:///C:/Users/ludin/Desktop/salidas/scanqueue/backend/src/controllers/DashboardController.js:30:24)
Path: /api/dashboard/today

[2026-03-04T12:54:07.830Z] ERROR: 
Stack: AggregateError [ECONNREFUSED]: 
    at C:\Users\ludin\Desktop\salidas\scanqueue\backend\node_modules\pg-pool\index.js:45:11
    at process.processTicksAndRejections (node:internal/process/task_queues:105:5)
    at async query (file:///C:/Users/ludin/Desktop/salidas/scanqueue/backend/src/config/database.js:25:18)
    at async Module.getScansToday (file:///C:/Users/ludin/Desktop/salidas/scanqueue/backend/src/models/Scan.js:23:15)
    at async Module.getScanStatistics (file:///C:/Users/ludin/Desktop/salidas/scanqueue/backend/src/services/ScanService.js:76:24)
    at async getDashboardStats (file:///C:/Users/ludin/Desktop/salidas/scanqueue/backend/src/controllers/DashboardController.js:12:19)
Path: /api/dashboard/stats

[2026-03-04T12:54:08.641Z] ERROR: 
Stack: AggregateError [ECONNREFUSED]: 
    at C:\Users\ludin\Desktop\salidas\scanqueue\backend\node_modules\pg-pool\index.js:45:11
    at process.processTicksAndRejections (node:internal/process/task_queues:105:5)
    at async query (file:///C:/Users/ludin/Desktop/salidas/scanqueue/backend/src/config/database.js:25:18)
    at async Module.getScansToday (file:///C:/Users/ludin/Desktop/salidas/scanqueue/backend/src/models/Scan.js:23:15)
    at async Module.getScanStatistics (file:///C:/Users/ludin/Desktop/salidas/scanqueue/backend/src/services/ScanService.js:76:24)
    at async getDashboardStats (file:///C:/Users/ludin/Desktop/salidas/scanqueue/backend/src/controllers/DashboardController.js:12:19)
Path: /api/dashboard/stats

[2026-03-04T12:54:08.644Z] ERROR: 
Stack: AggregateError [ECONNREFUSED]: 
    at C:\Users\ludin\Desktop\salidas\scanqueue\backend\node_modules\pg-pool\index.js:45:11
    at process.processTicksAndRejections (node:internal/process/task_queues:105:5)
    at async query (file:///C:/Users/ludin/Desktop/salidas/scanqueue/backend/src/config/database.js:25:18)
    at async Module.getScansToday (file:///C:/Users/ludin/Desktop/salidas/scanqueue/backend/src/models/Scan.js:23:15)
    at async getTodaySummary (file:///C:/Users/ludin/Desktop/salidas/scanqueue/backend/src/controllers/DashboardController.js:30:24)
Path: /api/dashboard/today

[2026-03-04T12:54:09.156Z] ERROR: 
Stack: AggregateError [ECONNREFUSED]: 
    at C:\Users\ludin\Desktop\salidas\scanqueue\backend\node_modules\pg-pool\index.js:45:11
    at process.processTicksAndRejections (node:internal/process/task_queues:105:5)
    at async query (file:///C:/Users/ludin/Desktop/salidas/scanqueue/backend/src/config/database.js:25:18)
    at async Module.getScansToday (file:///C:/Users/ludin/Desktop/salidas/scanqueue/backend/src/models/Scan.js:23:15)
    at async Module.getScanStatistics (file:///C:/Users/ludin/Desktop/salidas/scanqueue/backend/src/services/ScanService.js:76:24)
    at async getDashboardStats (file:///C:/Users/ludin/Desktop/salidas/scanqueue/backend/src/controllers/DashboardController.js:12:19)
Path: /api/dashboard/stats

[2026-03-04T12:54:09.161Z] ERROR: 
Stack: AggregateError [ECONNREFUSED]: 
    at C:\Users\ludin\Desktop\salidas\scanqueue\backend\node_modules\pg-pool\index.js:45:11
    at process.processTicksAndRejections (node:internal/process/task_queues:105:5)
    at async query (file:///C:/Users/ludin/Desktop/salidas/scanqueue/backend/src/config/database.js:25:18)
    at async Module.getScansToday (file:///C:/Users/ludin/Desktop/salidas/scanqueue/backend/src/models/Scan.js:23:15)
    at async getTodaySummary (file:///C:/Users/ludin/Desktop/salidas/scanqueue/backend/src/controllers/DashboardController.js:30:24)
Path: /api/dashboard/today

[2026-03-04T12:54:09.775Z] ERROR: 
Stack: AggregateError [ECONNREFUSED]: 
    at C:\Users\ludin\Desktop\salidas\scanqueue\backend\node_modules\pg-pool\index.js:45:11
    at process.processTicksAndRejections (node:internal/process/task_queues:105:5)
    at async query (file:///C:/Users/ludin/Desktop/salidas/scanqueue/backend/src/config/database.js:25:18)
    at async Module.getScansToday (file:///C:/Users/ludin/Desktop/salidas/scanqueue/backend/src/models/Scan.js:23:15)
    at async Module.getScanStatistics (file:///C:/Users/ludin/Desktop/salidas/scanqueue/backend/src/services/ScanService.js:76:24)
    at async getDashboardStats (file:///C:/Users/ludin/Desktop/salidas/scanqueue/backend/src/controllers/DashboardController.js:12:19)
Path: /api/dashboard/stats

[2026-03-04T12:54:09.806Z] ERROR: 
Stack: AggregateError [ECONNREFUSED]: 
    at C:\Users\ludin\Desktop\salidas\scanqueue\backend\node_modules\pg-pool\index.js:45:11
    at process.processTicksAndRejections (node:internal/process/task_queues:105:5)
    at async query (file:///C:/Users/ludin/Desktop/salidas/scanqueue/backend/src/config/database.js:25:18)
    at async Module.getScansToday (file:///C:/Users/ludin/Desktop/salidas/scanqueue/backend/src/models/Scan.js:23:15)
    at async getTodaySummary (file:///C:/Users/ludin/Desktop/salidas/scanqueue/backend/src/controllers/DashboardController.js:30:24)
Path: /api/dashboard/today

[2026-03-04T12:54:10.239Z] ERROR: 
Stack: AggregateError [ECONNREFUSED]: 
    at C:\Users\ludin\Desktop\salidas\scanqueue\backend\node_modules\pg-pool\index.js:45:11
    at process.processTicksAndRejections (node:internal/process/task_queues:105:5)
    at async query (file:///C:/Users/ludin/Desktop/salidas/scanqueue/backend/src/config/database.js:25:18)
    at async Module.getScansToday (file:///C:/Users/ludin/Desktop/salidas/scanqueue/backend/src/models/Scan.js:23:15)
    at async Module.getScanStatistics (file:///C:/Users/ludin/Desktop/salidas/scanqueue/backend/src/services/ScanService.js:76:24)
    at async getDashboardStats (file:///C:/Users/ludin/Desktop/salidas/scanqueue/backend/src/controllers/DashboardController.js:12:19)
Path: /api/dashboard/stats

[2026-03-04T12:54:10.243Z] ERROR: 
Stack: AggregateError [ECONNREFUSED]: 
    at C:\Users\ludin\Desktop\salidas\scanqueue\backend\node_modules\pg-pool\index.js:45:11
    at process.processTicksAndRejections (node:internal/process/task_queues:105:5)
    at async query (file:///C:/Users/ludin/Desktop/salidas/scanqueue/backend/src/config/database.js:25:18)
    at async Module.getScansToday (file:///C:/Users/ludin/Desktop/salidas/scanqueue/backend/src/models/Scan.js:23:15)
    at async getTodaySummary (file:///C:/Users/ludin/Desktop/salidas/scanqueue/backend/src/controllers/DashboardController.js:30:24)
Path: /api/dashboard/today

[2026-03-04T12:54:10.705Z] ERROR: 
Stack: AggregateError [ECONNREFUSED]: 
    at C:\Users\ludin\Desktop\salidas\scanqueue\backend\node_modules\pg-pool\index.js:45:11
    at process.processTicksAndRejections (node:internal/process/task_queues:105:5)
    at async query (file:///C:/Users/ludin/Desktop/salidas/scanqueue/backend/src/config/database.js:25:18)
    at async Module.getScansToday (file:///C:/Users/ludin/Desktop/salidas/scanqueue/backend/src/models/Scan.js:23:15)
    at async Module.getScanStatistics (file:///C:/Users/ludin/Desktop/salidas/scanqueue/backend/src/services/ScanService.js:76:24)
    at async getDashboardStats (file:///C:/Users/ludin/Desktop/salidas/scanqueue/backend/src/controllers/DashboardController.js:12:19)
Path: /api/dashboard/stats

[2026-03-04T12:54:10.708Z] ERROR: 
Stack: AggregateError [ECONNREFUSED]: 
    at C:\Users\ludin\Desktop\salidas\scanqueue\backend\node_modules\pg-pool\index.js:45:11
    at process.processTicksAndRejections (node:internal/process/task_queues:105:5)
    at async query (file:///C:/Users/ludin/Desktop/salidas/scanqueue/backend/src/config/database.js:25:18)
    at async Module.getScansToday (file:///C:/Users/ludin/Desktop/salidas/scanqueue/backend/src/models/Scan.js:23:15)
    at async getTodaySummary (file:///C:/Users/ludin/Desktop/salidas/scanqueue/backend/src/controllers/DashboardController.js:30:24)
Path: /api/dashboard/today

[2026-03-04T12:54:11.178Z] ERROR: 
Stack: AggregateError [ECONNREFUSED]: 
    at C:\Users\ludin\Desktop\salidas\scanqueue\backend\node_modules\pg-pool\index.js:45:11
    at process.processTicksAndRejections (node:internal/process/task_queues:105:5)
    at async query (file:///C:/Users/ludin/Desktop/salidas/scanqueue/backend/src/config/database.js:25:18)
    at async Module.getScansToday (file:///C:/Users/ludin/Desktop/salidas/scanqueue/backend/src/models/Scan.js:23:15)
    at async Module.getScanStatistics (file:///C:/Users/ludin/Desktop/salidas/scanqueue/backend/src/services/ScanService.js:76:24)
    at async getDashboardStats (file:///C:/Users/ludin/Desktop/salidas/scanqueue/backend/src/controllers/DashboardController.js:12:19)
Path: /api/dashboard/stats

[2026-03-04T12:54:11.184Z] ERROR: 
Stack: AggregateError [ECONNREFUSED]: 
    at C:\Users\ludin\Desktop\salidas\scanqueue\backend\node_modules\pg-pool\index.js:45:11
    at process.processTicksAndRejections (node:internal/process/task_queues:105:5)
    at async query (file:///C:/Users/ludin/Desktop/salidas/scanqueue/backend/src/config/database.js:25:18)
    at async Module.getScansToday (file:///C:/Users/ludin/Desktop/salidas/scanqueue/backend/src/models/Scan.js:23:15)
    at async getTodaySummary (file:///C:/Users/ludin/Desktop/salidas/scanqueue/backend/src/controllers/DashboardController.js:30:24)
Path: /api/dashboard/today

[2026-03-04T12:54:11.604Z] ERROR: 
Stack: AggregateError [ECONNREFUSED]: 
    at C:\Users\ludin\Desktop\salidas\scanqueue\backend\node_modules\pg-pool\index.js:45:11
    at process.processTicksAndRejections (node:internal/process/task_queues:105:5)
    at async query (file:///C:/Users/ludin/Desktop/salidas/scanqueue/backend/src/config/database.js:25:18)
    at async Module.getScansToday (file:///C:/Users/ludin/Desktop/salidas/scanqueue/backend/src/models/Scan.js:23:15)
    at async Module.getScanStatistics (file:///C:/Users/ludin/Desktop/salidas/scanqueue/backend/src/services/ScanService.js:76:24)
    at async getDashboardStats (file:///C:/Users/ludin/Desktop/salidas/scanqueue/backend/src/controllers/DashboardController.js:12:19)
Path: /api/dashboard/stats

[2026-03-04T12:54:11.609Z] ERROR: 
Stack: AggregateError [ECONNREFUSED]: 
    at C:\Users\ludin\Desktop\salidas\scanqueue\backend\node_modules\pg-pool\index.js:45:11
    at process.processTicksAndRejections (node:internal/process/task_queues:105:5)
    at async query (file:///C:/Users/ludin/Desktop/salidas/scanqueue/backend/src/config/database.js:25:18)
    at async Module.getScansToday (file:///C:/Users/ludin/Desktop/salidas/scanqueue/backend/src/models/Scan.js:23:15)
    at async getTodaySummary (file:///C:/Users/ludin/Desktop/salidas/scanqueue/backend/src/controllers/DashboardController.js:30:24)
Path: /api/dashboard/today

[2026-03-04T12:54:12.084Z] ERROR: 
Stack: AggregateError [ECONNREFUSED]: 
    at C:\Users\ludin\Desktop\salidas\scanqueue\backend\node_modules\pg-pool\index.js:45:11
    at process.processTicksAndRejections (node:internal/process/task_queues:105:5)
    at async query (file:///C:/Users/ludin/Desktop/salidas/scanqueue/backend/src/config/database.js:25:18)
    at async Module.getScansToday (file:///C:/Users/ludin/Desktop/salidas/scanqueue/backend/src/models/Scan.js:23:15)
    at async Module.getScanStatistics (file:///C:/Users/ludin/Desktop/salidas/scanqueue/backend/src/services/ScanService.js:76:24)
    at async getDashboardStats (file:///C:/Users/ludin/Desktop/salidas/scanqueue/backend/src/controllers/DashboardController.js:12:19)
Path: /api/dashboard/stats

[2026-03-04T12:54:12.088Z] ERROR: 
Stack: AggregateError [ECONNREFUSED]: 
    at C:\Users\ludin\Desktop\salidas\scanqueue\backend\node_modules\pg-pool\index.js:45:11
    at process.processTicksAndRejections (node:internal/process/task_queues:105:5)
    at async query (file:///C:/Users/ludin/Desktop/salidas/scanqueue/backend/src/config/database.js:25:18)
    at async Module.getScansToday (file:///C:/Users/ludin/Desktop/salidas/scanqueue/backend/src/models/Scan.js:23:15)
    at async getTodaySummary (file:///C:/Users/ludin/Desktop/salidas/scanqueue/backend/src/controllers/DashboardController.js:30:24)
Path: /api/dashboard/today

[2026-03-04T12:54:12.667Z] ERROR: 
Stack: AggregateError [ECONNREFUSED]: 
    at C:\Users\ludin\Desktop\salidas\scanqueue\backend\node_modules\pg-pool\index.js:45:11
    at process.processTicksAndRejections (node:internal/process/task_queues:105:5)
    at async query (file:///C:/Users/ludin/Desktop/salidas/scanqueue/backend/src/config/database.js:25:18)
    at async Module.getScansToday (file:///C:/Users/ludin/Desktop/salidas/scanqueue/backend/src/models/Scan.js:23:15)
    at async Module.getScanStatistics (file:///C:/Users/ludin/Desktop/salidas/scanqueue/backend/src/services/ScanService.js:76:24)
    at async getDashboardStats (file:///C:/Users/ludin/Desktop/salidas/scanqueue/backend/src/controllers/DashboardController.js:12:19)
Path: /api/dashboard/stats

[2026-03-04T12:54:12.669Z] ERROR: 
Stack: AggregateError [ECONNREFUSED]: 
    at C:\Users\ludin\Desktop\salidas\scanqueue\backend\node_modules\pg-pool\index.js:45:11
    at process.processTicksAndRejections (node:internal/process/task_queues:105:5)
    at async query (file:///C:/Users/ludin/Desktop/salidas/scanqueue/backend/src/config/database.js:25:18)
    at async Module.getScansToday (file:///C:/Users/ludin/Desktop/salidas/scanqueue/backend/src/models/Scan.js:23:15)
    at async getTodaySummary (file:///C:/Users/ludin/Desktop/salidas/scanqueue/backend/src/controllers/DashboardController.js:30:24)
Path: /api/dashboard/today

[2026-03-04T12:54:13.258Z] ERROR: 
Stack: AggregateError [ECONNREFUSED]: 
    at C:\Users\ludin\Desktop\salidas\scanqueue\backend\node_modules\pg-pool\index.js:45:11
    at process.processTicksAndRejections (node:internal/process/task_queues:105:5)
    at async query (file:///C:/Users/ludin/Desktop/salidas/scanqueue/backend/src/config/database.js:25:18)
    at async Module.getScansToday (file:///C:/Users/ludin/Desktop/salidas/scanqueue/backend/src/models/Scan.js:23:15)
    at async Module.getScanStatistics (file:///C:/Users/ludin/Desktop/salidas/scanqueue/backend/src/services/ScanService.js:76:24)
    at async getDashboardStats (file:///C:/Users/ludin/Desktop/salidas/scanqueue/backend/src/controllers/DashboardController.js:12:19)
Path: /api/dashboard/stats

[2026-03-04T12:54:13.262Z] ERROR: 
Stack: AggregateError [ECONNREFUSED]: 
    at C:\Users\ludin\Desktop\salidas\scanqueue\backend\node_modules\pg-pool\index.js:45:11
    at process.processTicksAndRejections (node:internal/process/task_queues:105:5)
    at async query (file:///C:/Users/ludin/Desktop/salidas/scanqueue/backend/src/config/database.js:25:18)
    at async Module.getScansToday (file:///C:/Users/ludin/Desktop/salidas/scanqueue/backend/src/models/Scan.js:23:15)
    at async getTodaySummary (file:///C:/Users/ludin/Desktop/salidas/scanqueue/backend/src/controllers/DashboardController.js:30:24)
Path: /api/dashboard/today

[2026-03-04T12:54:13.819Z] ERROR: 
Stack: AggregateError [ECONNREFUSED]: 
    at C:\Users\ludin\Desktop\salidas\scanqueue\backend\node_modules\pg-pool\index.js:45:11
    at process.processTicksAndRejections (node:internal/process/task_queues:105:5)
    at async query (file:///C:/Users/ludin/Desktop/salidas/scanqueue/backend/src/config/database.js:25:18)
    at async Module.getScansToday (file:///C:/Users/ludin/Desktop/salidas/scanqueue/backend/src/models/Scan.js:23:15)
    at async Module.getScanStatistics (file:///C:/Users/ludin/Desktop/salidas/scanqueue/backend/src/services/ScanService.js:76:24)
    at async getDashboardStats (file:///C:/Users/ludin/Desktop/salidas/scanqueue/backend/src/controllers/DashboardController.js:12:19)
Path: /api/dashboard/stats

[2026-03-04T12:54:13.822Z] ERROR: 
Stack: AggregateError [ECONNREFUSED]: 
    at C:\Users\ludin\Desktop\salidas\scanqueue\backend\node_modules\pg-pool\index.js:45:11
    at process.processTicksAndRejections (node:internal/process/task_queues:105:5)
    at async query (file:///C:/Users/ludin/Desktop/salidas/scanqueue/backend/src/config/database.js:25:18)
    at async Module.getScansToday (file:///C:/Users/ludin/Desktop/salidas/scanqueue/backend/src/models/Scan.js:23:15)
    at async getTodaySummary (file:///C:/Users/ludin/Desktop/salidas/scanqueue/backend/src/controllers/DashboardController.js:30:24)
Path: /api/dashboard/today

[2026-03-04T12:54:14.358Z] ERROR: 
Stack: AggregateError [ECONNREFUSED]: 
    at C:\Users\ludin\Desktop\salidas\scanqueue\backend\node_modules\pg-pool\index.js:45:11
    at process.processTicksAndRejections (node:internal/process/task_queues:105:5)
    at async query (file:///C:/Users/ludin/Desktop/salidas/scanqueue/backend/src/config/database.js:25:18)
    at async Module.getScansToday (file:///C:/Users/ludin/Desktop/salidas/scanqueue/backend/src/models/Scan.js:23:15)
    at async Module.getScanStatistics (file:///C:/Users/ludin/Desktop/salidas/scanqueue/backend/src/services/ScanService.js:76:24)
    at async getDashboardStats (file:///C:/Users/ludin/Desktop/salidas/scanqueue/backend/src/controllers/DashboardController.js:12:19)
Path: /api/dashboard/stats

[2026-03-04T12:54:14.362Z] ERROR: 
Stack: AggregateError [ECONNREFUSED]: 
    at C:\Users\ludin\Desktop\salidas\scanqueue\backend\node_modules\pg-pool\index.js:45:11
    at process.processTicksAndRejections (node:internal/process/task_queues:105:5)
    at async query (file:///C:/Users/ludin/Desktop/salidas/scanqueue/backend/src/config/database.js:25:18)
    at async Module.getScansToday (file:///C:/Users/ludin/Desktop/salidas/scanqueue/backend/src/models/Scan.js:23:15)
    at async getTodaySummary (file:///C:/Users/ludin/Desktop/salidas/scanqueue/backend/src/controllers/DashboardController.js:30:24)
Path: /api/dashboard/today

[2026-03-04T12:54:14.881Z] ERROR: 
Stack: AggregateError [ECONNREFUSED]: 
    at C:\Users\ludin\Desktop\salidas\scanqueue\backend\node_modules\pg-pool\index.js:45:11
    at process.processTicksAndRejections (node:internal/process/task_queues:105:5)
    at async query (file:///C:/Users/ludin/Desktop/salidas/scanqueue/backend/src/config/database.js:25:18)
    at async Module.getScansToday (file:///C:/Users/ludin/Desktop/salidas/scanqueue/backend/src/models/Scan.js:23:15)
    at async Module.getScanStatistics (file:///C:/Users/ludin/Desktop/salidas/scanqueue/backend/src/services/ScanService.js:76:24)
    at async getDashboardStats (file:///C:/Users/ludin/Desktop/salidas/scanqueue/backend/src/controllers/DashboardController.js:12:19)
Path: /api/dashboard/stats

[2026-03-04T12:54:14.889Z] ERROR: 
Stack: AggregateError [ECONNREFUSED]: 
    at C:\Users\ludin\Desktop\salidas\scanqueue\backend\node_modules\pg-pool\index.js:45:11
    at process.processTicksAndRejections (node:internal/process/task_queues:105:5)
    at async query (file:///C:/Users/ludin/Desktop/salidas/scanqueue/backend/src/config/database.js:25:18)
    at async Module.getScansToday (file:///C:/Users/ludin/Desktop/salidas/scanqueue/backend/src/models/Scan.js:23:15)
    at async getTodaySummary (file:///C:/Users/ludin/Desktop/salidas/scanqueue/backend/src/controllers/DashboardController.js:30:24)
Path: /api/dashboard/today

[2026-03-04T12:54:15.516Z] ERROR: 
Stack: AggregateError [ECONNREFUSED]: 
    at C:\Users\ludin\Desktop\salidas\scanqueue\backend\node_modules\pg-pool\index.js:45:11
    at process.processTicksAndRejections (node:internal/process/task_queues:105:5)
    at async query (file:///C:/Users/ludin/Desktop/salidas/scanqueue/backend/src/config/database.js:25:18)
    at async Module.getScansToday (file:///C:/Users/ludin/Desktop/salidas/scanqueue/backend/src/models/Scan.js:23:15)
    at async Module.getScanStatistics (file:///C:/Users/ludin/Desktop/salidas/scanqueue/backend/src/services/ScanService.js:76:24)
    at async getDashboardStats (file:///C:/Users/ludin/Desktop/salidas/scanqueue/backend/src/controllers/DashboardController.js:12:19)
Path: /api/dashboard/stats

[2026-03-04T12:54:15.520Z] ERROR: 
Stack: AggregateError [ECONNREFUSED]: 
    at C:\Users\ludin\Desktop\salidas\scanqueue\backend\node_modules\pg-pool\index.js:45:11
    at process.processTicksAndRejections (node:internal/process/task_queues:105:5)
    at async query (file:///C:/Users/ludin/Desktop/salidas/scanqueue/backend/src/config/database.js:25:18)
    at async Module.getScansToday (file:///C:/Users/ludin/Desktop/salidas/scanqueue/backend/src/models/Scan.js:23:15)
    at async getTodaySummary (file:///C:/Users/ludin/Desktop/salidas/scanqueue/backend/src/controllers/DashboardController.js:30:24)
Path: /api/dashboard/today

[2026-03-04T12:54:16.042Z] ERROR: 
Stack: AggregateError [ECONNREFUSED]: 
    at C:\Users\ludin\Desktop\salidas\scanqueue\backend\node_modules\pg-pool\index.js:45:11
    at process.processTicksAndRejections (node:internal/process/task_queues:105:5)
    at async query (file:///C:/Users/ludin/Desktop/salidas/scanqueue/backend/src/config/database.js:25:18)
    at async Module.getScansToday (file:///C:/Users/ludin/Desktop/salidas/scanqueue/backend/src/models/Scan.js:23:15)
    at async Module.getScanStatistics (file:///C:/Users/ludin/Desktop/salidas/scanqueue/backend/src/services/ScanService.js:76:24)
    at async getDashboardStats (file:///C:/Users/ludin/Desktop/salidas/scanqueue/backend/src/controllers/DashboardController.js:12:19)
Path: /api/dashboard/stats

[2026-03-04T12:54:16.045Z] ERROR: 
Stack: AggregateError [ECONNREFUSED]: 
    at C:\Users\ludin\Desktop\salidas\scanqueue\backend\node_modules\pg-pool\index.js:45:11
    at process.processTicksAndRejections (node:internal/process/task_queues:105:5)
    at async query (file:///C:/Users/ludin/Desktop/salidas/scanqueue/backend/src/config/database.js:25:18)
    at async Module.getScansToday (file:///C:/Users/ludin/Desktop/salidas/scanqueue/backend/src/models/Scan.js:23:15)
    at async getTodaySummary (file:///C:/Users/ludin/Desktop/salidas/scanqueue/backend/src/controllers/DashboardController.js:30:24)
Path: /api/dashboard/today

[2026-03-04T12:54:16.695Z] ERROR: 
Stack: AggregateError [ECONNREFUSED]: 
    at C:\Users\ludin\Desktop\salidas\scanqueue\backend\node_modules\pg-pool\index.js:45:11
    at process.processTicksAndRejections (node:internal/process/task_queues:105:5)
    at async query (file:///C:/Users/ludin/Desktop/salidas/scanqueue/backend/src/config/database.js:25:18)
    at async Module.getScansToday (file:///C:/Users/ludin/Desktop/salidas/scanqueue/backend/src/models/Scan.js:23:15)
    at async Module.getScanStatistics (file:///C:/Users/ludin/Desktop/salidas/scanqueue/backend/src/services/ScanService.js:76:24)
    at async getDashboardStats (file:///C:/Users/ludin/Desktop/salidas/scanqueue/backend/src/controllers/DashboardController.js:12:19)
Path: /api/dashboard/stats

[2026-03-04T12:54:16.697Z] ERROR: 
Stack: AggregateError [ECONNREFUSED]: 
    at C:\Users\ludin\Desktop\salidas\scanqueue\backend\node_modules\pg-pool\index.js:45:11
    at process.processTicksAndRejections (node:internal/process/task_queues:105:5)
    at async query (file:///C:/Users/ludin/Desktop/salidas/scanqueue/backend/src/config/database.js:25:18)
    at async Module.getScansToday (file:///C:/Users/ludin/Desktop/salidas/scanqueue/backend/src/models/Scan.js:23:15)
    at async getTodaySummary (file:///C:/Users/ludin/Desktop/salidas/scanqueue/backend/src/controllers/DashboardController.js:30:24)
Path: /api/dashboard/today

[2026-03-04T12:54:17.221Z] ERROR: 
Stack: AggregateError [ECONNREFUSED]: 
    at C:\Users\ludin\Desktop\salidas\scanqueue\backend\node_modules\pg-pool\index.js:45:11
    at process.processTicksAndRejections (node:internal/process/task_queues:105:5)
    at async query (file:///C:/Users/ludin/Desktop/salidas/scanqueue/backend/src/config/database.js:25:18)
    at async Module.getScansToday (file:///C:/Users/ludin/Desktop/salidas/scanqueue/backend/src/models/Scan.js:23:15)
    at async Module.getScanStatistics (file:///C:/Users/ludin/Desktop/salidas/scanqueue/backend/src/services/ScanService.js:76:24)
    at async getDashboardStats (file:///C:/Users/ludin/Desktop/salidas/scanqueue/backend/src/controllers/DashboardController.js:12:19)
Path: /api/dashboard/stats

[2026-03-04T12:54:17.225Z] ERROR: 
Stack: AggregateError [ECONNREFUSED]: 
    at C:\Users\ludin\Desktop\salidas\scanqueue\backend\node_modules\pg-pool\index.js:45:11
    at process.processTicksAndRejections (node:internal/process/task_queues:105:5)
    at async query (file:///C:/Users/ludin/Desktop/salidas/scanqueue/backend/src/config/database.js:25:18)
    at async Module.getScansToday (file:///C:/Users/ludin/Desktop/salidas/scanqueue/backend/src/models/Scan.js:23:15)
    at async getTodaySummary (file:///C:/Users/ludin/Desktop/salidas/scanqueue/backend/src/controllers/DashboardController.js:30:24)
Path: /api/dashboard/today

[2026-03-04T12:54:17.934Z] ERROR: 
Stack: AggregateError [ECONNREFUSED]: 
    at C:\Users\ludin\Desktop\salidas\scanqueue\backend\node_modules\pg-pool\index.js:45:11
    at process.processTicksAndRejections (node:internal/process/task_queues:105:5)
    at async query (file:///C:/Users/ludin/Desktop/salidas/scanqueue/backend/src/config/database.js:25:18)
    at async Module.getScansToday (file:///C:/Users/ludin/Desktop/salidas/scanqueue/backend/src/models/Scan.js:23:15)
    at async Module.getScanStatistics (file:///C:/Users/ludin/Desktop/salidas/scanqueue/backend/src/services/ScanService.js:76:24)
    at async getDashboardStats (file:///C:/Users/ludin/Desktop/salidas/scanqueue/backend/src/controllers/DashboardController.js:12:19)
Path: /api/dashboard/stats

[2026-03-04T12:54:17.937Z] ERROR: 
Stack: AggregateError [ECONNREFUSED]: 
    at C:\Users\ludin\Desktop\salidas\scanqueue\backend\node_modules\pg-pool\index.js:45:11
    at process.processTicksAndRejections (node:internal/process/task_queues:105:5)
    at async query (file:///C:/Users/ludin/Desktop/salidas/scanqueue/backend/src/config/database.js:25:18)
    at async Module.getScansToday (file:///C:/Users/ludin/Desktop/salidas/scanqueue/backend/src/models/Scan.js:23:15)
    at async getTodaySummary (file:///C:/Users/ludin/Desktop/salidas/scanqueue/backend/src/controllers/DashboardController.js:30:24)
Path: /api/dashboard/today

[2026-03-04T12:54:18.508Z] ERROR: 
Stack: AggregateError [ECONNREFUSED]: 
    at C:\Users\ludin\Desktop\salidas\scanqueue\backend\node_modules\pg-pool\index.js:45:11
    at process.processTicksAndRejections (node:internal/process/task_queues:105:5)
    at async query (file:///C:/Users/ludin/Desktop/salidas/scanqueue/backend/src/config/database.js:25:18)
    at async Module.getScansToday (file:///C:/Users/ludin/Desktop/salidas/scanqueue/backend/src/models/Scan.js:23:15)
    at async Module.getScanStatistics (file:///C:/Users/ludin/Desktop/salidas/scanqueue/backend/src/services/ScanService.js:76:24)
    at async getDashboardStats (file:///C:/Users/ludin/Desktop/salidas/scanqueue/backend/src/controllers/DashboardController.js:12:19)
Path: /api/dashboard/stats

[2026-03-04T12:54:18.511Z] ERROR: 
Stack: AggregateError [ECONNREFUSED]: 
    at C:\Users\ludin\Desktop\salidas\scanqueue\backend\node_modules\pg-pool\index.js:45:11
    at process.processTicksAndRejections (node:internal/process/task_queues:105:5)
    at async query (file:///C:/Users/ludin/Desktop/salidas/scanqueue/backend/src/config/database.js:25:18)
    at async Module.getScansToday (file:///C:/Users/ludin/Desktop/salidas/scanqueue/backend/src/models/Scan.js:23:15)
    at async getTodaySummary (file:///C:/Users/ludin/Desktop/salidas/scanqueue/backend/src/controllers/DashboardController.js:30:24)
Path: /api/dashboard/today

[2026-03-04T12:54:19.093Z] ERROR: 
Stack: AggregateError [ECONNREFUSED]: 
    at C:\Users\ludin\Desktop\salidas\scanqueue\backend\node_modules\pg-pool\index.js:45:11
    at process.processTicksAndRejections (node:internal/process/task_queues:105:5)
    at async query (file:///C:/Users/ludin/Desktop/salidas/scanqueue/backend/src/config/database.js:25:18)
    at async Module.getScansToday (file:///C:/Users/ludin/Desktop/salidas/scanqueue/backend/src/models/Scan.js:23:15)
    at async Module.getScanStatistics (file:///C:/Users/ludin/Desktop/salidas/scanqueue/backend/src/services/ScanService.js:76:24)
    at async getDashboardStats (file:///C:/Users/ludin/Desktop/salidas/scanqueue/backend/src/controllers/DashboardController.js:12:19)
Path: /api/dashboard/stats

[2026-03-04T12:54:19.096Z] ERROR: 
Stack: AggregateError [ECONNREFUSED]: 
    at C:\Users\ludin\Desktop\salidas\scanqueue\backend\node_modules\pg-pool\index.js:45:11
    at process.processTicksAndRejections (node:internal/process/task_queues:105:5)
    at async query (file:///C:/Users/ludin/Desktop/salidas/scanqueue/backend/src/config/database.js:25:18)
    at async Module.getScansToday (file:///C:/Users/ludin/Desktop/salidas/scanqueue/backend/src/models/Scan.js:23:15)
    at async getTodaySummary (file:///C:/Users/ludin/Desktop/salidas/scanqueue/backend/src/controllers/DashboardController.js:30:24)
Path: /api/dashboard/today

[2026-03-04T12:54:19.627Z] ERROR: 
Stack: AggregateError [ECONNREFUSED]: 
    at C:\Users\ludin\Desktop\salidas\scanqueue\backend\node_modules\pg-pool\index.js:45:11
    at process.processTicksAndRejections (node:internal/process/task_queues:105:5)
    at async query (file:///C:/Users/ludin/Desktop/salidas/scanqueue/backend/src/config/database.js:25:18)
    at async Module.getScansToday (file:///C:/Users/ludin/Desktop/salidas/scanqueue/backend/src/models/Scan.js:23:15)
    at async Module.getScanStatistics (file:///C:/Users/ludin/Desktop/salidas/scanqueue/backend/src/services/ScanService.js:76:24)
    at async getDashboardStats (file:///C:/Users/ludin/Desktop/salidas/scanqueue/backend/src/controllers/DashboardController.js:12:19)
Path: /api/dashboard/stats

[2026-03-04T12:54:19.628Z] ERROR: 
Stack: AggregateError [ECONNREFUSED]: 
    at C:\Users\ludin\Desktop\salidas\scanqueue\backend\node_modules\pg-pool\index.js:45:11
    at process.processTicksAndRejections (node:internal/process/task_queues:105:5)
    at async query (file:///C:/Users/ludin/Desktop/salidas/scanqueue/backend/src/config/database.js:25:18)
    at async Module.getScansToday (file:///C:/Users/ludin/Desktop/salidas/scanqueue/backend/src/models/Scan.js:23:15)
    at async getTodaySummary (file:///C:/Users/ludin/Desktop/salidas/scanqueue/backend/src/controllers/DashboardController.js:30:24)
Path: /api/dashboard/today

[2026-03-04T12:54:20.282Z] ERROR: 
Stack: AggregateError [ECONNREFUSED]: 
    at C:\Users\ludin\Desktop\salidas\scanqueue\backend\node_modules\pg-pool\index.js:45:11
    at process.processTicksAndRejections (node:internal/process/task_queues:105:5)
    at async query (file:///C:/Users/ludin/Desktop/salidas/scanqueue/backend/src/config/database.js:25:18)
    at async Module.getScansToday (file:///C:/Users/ludin/Desktop/salidas/scanqueue/backend/src/models/Scan.js:23:15)
    at async Module.getScanStatistics (file:///C:/Users/ludin/Desktop/salidas/scanqueue/backend/src/services/ScanService.js:76:24)
    at async getDashboardStats (file:///C:/Users/ludin/Desktop/salidas/scanqueue/backend/src/controllers/DashboardController.js:12:19)
Path: /api/dashboard/stats

[2026-03-04T12:54:20.284Z] ERROR: 
Stack: AggregateError [ECONNREFUSED]: 
    at C:\Users\ludin\Desktop\salidas\scanqueue\backend\node_modules\pg-pool\index.js:45:11
    at process.processTicksAndRejections (node:internal/process/task_queues:105:5)
    at async query (file:///C:/Users/ludin/Desktop/salidas/scanqueue/backend/src/config/database.js:25:18)
    at async Module.getScansToday (file:///C:/Users/ludin/Desktop/salidas/scanqueue/backend/src/models/Scan.js:23:15)
    at async getTodaySummary (file:///C:/Users/ludin/Desktop/salidas/scanqueue/backend/src/controllers/DashboardController.js:30:24)
Path: /api/dashboard/today

[2026-03-04T12:54:20.882Z] ERROR: 
Stack: AggregateError [ECONNREFUSED]: 
    at C:\Users\ludin\Desktop\salidas\scanqueue\backend\node_modules\pg-pool\index.js:45:11
    at process.processTicksAndRejections (node:internal/process/task_queues:105:5)
    at async query (file:///C:/Users/ludin/Desktop/salidas/scanqueue/backend/src/config/database.js:25:18)
    at async Module.getScansToday (file:///C:/Users/ludin/Desktop/salidas/scanqueue/backend/src/models/Scan.js:23:15)
    at async Module.getScanStatistics (file:///C:/Users/ludin/Desktop/salidas/scanqueue/backend/src/services/ScanService.js:76:24)
    at async getDashboardStats (file:///C:/Users/ludin/Desktop/salidas/scanqueue/backend/src/controllers/DashboardController.js:12:19)
Path: /api/dashboard/stats

[2026-03-04T12:54:20.885Z] ERROR: 
Stack: AggregateError [ECONNREFUSED]: 
    at C:\Users\ludin\Desktop\salidas\scanqueue\backend\node_modules\pg-pool\index.js:45:11
    at process.processTicksAndRejections (node:internal/process/task_queues:105:5)
    at async query (file:///C:/Users/ludin/Desktop/salidas/scanqueue/backend/src/config/database.js:25:18)
    at async Module.getScansToday (file:///C:/Users/ludin/Desktop/salidas/scanqueue/backend/src/models/Scan.js:23:15)
    at async getTodaySummary (file:///C:/Users/ludin/Desktop/salidas/scanqueue/backend/src/controllers/DashboardController.js:30:24)
Path: /api/dashboard/today

[2026-03-04T12:54:21.538Z] ERROR: 
Stack: AggregateError [ECONNREFUSED]: 
    at C:\Users\ludin\Desktop\salidas\scanqueue\backend\node_modules\pg-pool\index.js:45:11
    at process.processTicksAndRejections (node:internal/process/task_queues:105:5)
    at async query (file:///C:/Users/ludin/Desktop/salidas/scanqueue/backend/src/config/database.js:25:18)
    at async Module.getScansToday (file:///C:/Users/ludin/Desktop/salidas/scanqueue/backend/src/models/Scan.js:23:15)
    at async Module.getScanStatistics (file:///C:/Users/ludin/Desktop/salidas/scanqueue/backend/src/services/ScanService.js:76:24)
    at async getDashboardStats (file:///C:/Users/ludin/Desktop/salidas/scanqueue/backend/src/controllers/DashboardController.js:12:19)
Path: /api/dashboard/stats

[2026-03-04T12:54:21.541Z] ERROR: 
Stack: AggregateError [ECONNREFUSED]: 
    at C:\Users\ludin\Desktop\salidas\scanqueue\backend\node_modules\pg-pool\index.js:45:11
    at process.processTicksAndRejections (node:internal/process/task_queues:105:5)
    at async query (file:///C:/Users/ludin/Desktop/salidas/scanqueue/backend/src/config/database.js:25:18)
    at async Module.getScansToday (file:///C:/Users/ludin/Desktop/salidas/scanqueue/backend/src/models/Scan.js:23:15)
    at async getTodaySummary (file:///C:/Users/ludin/Desktop/salidas/scanqueue/backend/src/controllers/DashboardController.js:30:24)
Path: /api/dashboard/today

[2026-03-04T12:54:22.247Z] ERROR: 
Stack: AggregateError [ECONNREFUSED]: 
    at C:\Users\ludin\Desktop\salidas\scanqueue\backend\node_modules\pg-pool\index.js:45:11
    at process.processTicksAndRejections (node:internal/process/task_queues:105:5)
    at async query (file:///C:/Users/ludin/Desktop/salidas/scanqueue/backend/src/config/database.js:25:18)
    at async Module.getScansToday (file:///C:/Users/ludin/Desktop/salidas/scanqueue/backend/src/models/Scan.js:23:15)
    at async Module.getScanStatistics (file:///C:/Users/ludin/Desktop/salidas/scanqueue/backend/src/services/ScanService.js:76:24)
    at async getDashboardStats (file:///C:/Users/ludin/Desktop/salidas/scanqueue/backend/src/controllers/DashboardController.js:12:19)
Path: /api/dashboard/stats

[2026-03-04T12:54:22.251Z] ERROR: 
Stack: AggregateError [ECONNREFUSED]: 
    at C:\Users\ludin\Desktop\salidas\scanqueue\backend\node_modules\pg-pool\index.js:45:11
    at process.processTicksAndRejections (node:internal/process/task_queues:105:5)
    at async query (file:///C:/Users/ludin/Desktop/salidas/scanqueue/backend/src/config/database.js:25:18)
    at async Module.getScansToday (file:///C:/Users/ludin/Desktop/salidas/scanqueue/backend/src/models/Scan.js:23:15)
    at async getTodaySummary (file:///C:/Users/ludin/Desktop/salidas/scanqueue/backend/src/controllers/DashboardController.js:30:24)
Path: /api/dashboard/today

[2026-03-04T12:54:22.824Z] ERROR: 
Stack: AggregateError [ECONNREFUSED]: 
    at C:\Users\ludin\Desktop\salidas\scanqueue\backend\node_modules\pg-pool\index.js:45:11
    at process.processTicksAndRejections (node:internal/process/task_queues:105:5)
    at async query (file:///C:/Users/ludin/Desktop/salidas/scanqueue/backend/src/config/database.js:25:18)
    at async Module.getScansToday (file:///C:/Users/ludin/Desktop/salidas/scanqueue/backend/src/models/Scan.js:23:15)
    at async Module.getScanStatistics (file:///C:/Users/ludin/Desktop/salidas/scanqueue/backend/src/services/ScanService.js:76:24)
    at async getDashboardStats (file:///C:/Users/ludin/Desktop/salidas/scanqueue/backend/src/controllers/DashboardController.js:12:19)
Path: /api/dashboard/stats

[2026-03-04T12:54:22.827Z] ERROR: 
Stack: AggregateError [ECONNREFUSED]: 
    at C:\Users\ludin\Desktop\salidas\scanqueue\backend\node_modules\pg-pool\index.js:45:11
    at process.processTicksAndRejections (node:internal/process/task_queues:105:5)
    at async query (file:///C:/Users/ludin/Desktop/salidas/scanqueue/backend/src/config/database.js:25:18)
    at async Module.getScansToday (file:///C:/Users/ludin/Desktop/salidas/scanqueue/backend/src/models/Scan.js:23:15)
    at async getTodaySummary (file:///C:/Users/ludin/Desktop/salidas/scanqueue/backend/src/controllers/DashboardController.js:30:24)
Path: /api/dashboard/today

[2026-03-04T12:54:23.433Z] ERROR: 
Stack: AggregateError [ECONNREFUSED]: 
    at C:\Users\ludin\Desktop\salidas\scanqueue\backend\node_modules\pg-pool\index.js:45:11
    at process.processTicksAndRejections (node:internal/process/task_queues:105:5)
    at async query (file:///C:/Users/ludin/Desktop/salidas/scanqueue/backend/src/config/database.js:25:18)
    at async Module.getScansToday (file:///C:/Users/ludin/Desktop/salidas/scanqueue/backend/src/models/Scan.js:23:15)
    at async Module.getScanStatistics (file:///C:/Users/ludin/Desktop/salidas/scanqueue/backend/src/services/ScanService.js:76:24)
    at async getDashboardStats (file:///C:/Users/ludin/Desktop/salidas/scanqueue/backend/src/controllers/DashboardController.js:12:19)
Path: /api/dashboard/stats

[2026-03-04T12:54:23.435Z] ERROR: 
Stack: AggregateError [ECONNREFUSED]: 
    at C:\Users\ludin\Desktop\salidas\scanqueue\backend\node_modules\pg-pool\index.js:45:11
    at process.processTicksAndRejections (node:internal/process/task_queues:105:5)
    at async query (file:///C:/Users/ludin/Desktop/salidas/scanqueue/backend/src/config/database.js:25:18)
    at async Module.getScansToday (file:///C:/Users/ludin/Desktop/salidas/scanqueue/backend/src/models/Scan.js:23:15)
    at async getTodaySummary (file:///C:/Users/ludin/Desktop/salidas/scanqueue/backend/src/controllers/DashboardController.js:30:24)
Path: /api/dashboard/today

[2026-03-04T12:54:24.081Z] ERROR: 
Stack: AggregateError [ECONNREFUSED]: 
    at C:\Users\ludin\Desktop\salidas\scanqueue\backend\node_modules\pg-pool\index.js:45:11
    at process.processTicksAndRejections (node:internal/process/task_queues:105:5)
    at async query (file:///C:/Users/ludin/Desktop/salidas/scanqueue/backend/src/config/database.js:25:18)
    at async Module.getScansToday (file:///C:/Users/ludin/Desktop/salidas/scanqueue/backend/src/models/Scan.js:23:15)
    at async Module.getScanStatistics (file:///C:/Users/ludin/Desktop/salidas/scanqueue/backend/src/services/ScanService.js:76:24)
    at async getDashboardStats (file:///C:/Users/ludin/Desktop/salidas/scanqueue/backend/src/controllers/DashboardController.js:12:19)
Path: /api/dashboard/stats

[2026-03-04T12:54:24.085Z] ERROR: 
Stack: AggregateError [ECONNREFUSED]: 
    at C:\Users\ludin\Desktop\salidas\scanqueue\backend\node_modules\pg-pool\index.js:45:11
    at process.processTicksAndRejections (node:internal/process/task_queues:105:5)
    at async query (file:///C:/Users/ludin/Desktop/salidas/scanqueue/backend/src/config/database.js:25:18)
    at async Module.getScansToday (file:///C:/Users/ludin/Desktop/salidas/scanqueue/backend/src/models/Scan.js:23:15)
    at async getTodaySummary (file:///C:/Users/ludin/Desktop/salidas/scanqueue/backend/src/controllers/DashboardController.js:30:24)
Path: /api/dashboard/today

[2026-03-04T12:54:24.678Z] ERROR: 
Stack: AggregateError [ECONNREFUSED]: 
    at C:\Users\ludin\Desktop\salidas\scanqueue\backend\node_modules\pg-pool\index.js:45:11
    at process.processTicksAndRejections (node:internal/process/task_queues:105:5)
    at async query (file:///C:/Users/ludin/Desktop/salidas/scanqueue/backend/src/config/database.js:25:18)
    at async Module.getScansToday (file:///C:/Users/ludin/Desktop/salidas/scanqueue/backend/src/models/Scan.js:23:15)
    at async Module.getScanStatistics (file:///C:/Users/ludin/Desktop/salidas/scanqueue/backend/src/services/ScanService.js:76:24)
    at async getDashboardStats (file:///C:/Users/ludin/Desktop/salidas/scanqueue/backend/src/controllers/DashboardController.js:12:19)
Path: /api/dashboard/stats

[2026-03-04T12:54:24.680Z] ERROR: 
Stack: AggregateError [ECONNREFUSED]: 
    at C:\Users\ludin\Desktop\salidas\scanqueue\backend\node_modules\pg-pool\index.js:45:11
    at process.processTicksAndRejections (node:internal/process/task_queues:105:5)
    at async query (file:///C:/Users/ludin/Desktop/salidas/scanqueue/backend/src/config/database.js:25:18)
    at async Module.getScansToday (file:///C:/Users/ludin/Desktop/salidas/scanqueue/backend/src/models/Scan.js:23:15)
    at async getTodaySummary (file:///C:/Users/ludin/Desktop/salidas/scanqueue/backend/src/controllers/DashboardController.js:30:24)
Path: /api/dashboard/today

[2026-03-04T12:54:25.350Z] ERROR: 
Stack: AggregateError [ECONNREFUSED]: 
    at C:\Users\ludin\Desktop\salidas\scanqueue\backend\node_modules\pg-pool\index.js:45:11
    at process.processTicksAndRejections (node:internal/process/task_queues:105:5)
    at async query (file:///C:/Users/ludin/Desktop/salidas/scanqueue/backend/src/config/database.js:25:18)
    at async Module.getScansToday (file:///C:/Users/ludin/Desktop/salidas/scanqueue/backend/src/models/Scan.js:23:15)
    at async Module.getScanStatistics (file:///C:/Users/ludin/Desktop/salidas/scanqueue/backend/src/services/ScanService.js:76:24)
    at async getDashboardStats (file:///C:/Users/ludin/Desktop/salidas/scanqueue/backend/src/controllers/DashboardController.js:12:19)
Path: /api/dashboard/stats

[2026-03-04T12:54:25.354Z] ERROR: 
Stack: AggregateError [ECONNREFUSED]: 
    at C:\Users\ludin\Desktop\salidas\scanqueue\backend\node_modules\pg-pool\index.js:45:11
    at process.processTicksAndRejections (node:internal/process/task_queues:105:5)
    at async query (file:///C:/Users/ludin/Desktop/salidas/scanqueue/backend/src/config/database.js:25:18)
    at async Module.getScansToday (file:///C:/Users/ludin/Desktop/salidas/scanqueue/backend/src/models/Scan.js:23:15)
    at async getTodaySummary (file:///C:/Users/ludin/Desktop/salidas/scanqueue/backend/src/controllers/DashboardController.js:30:24)
Path: /api/dashboard/today

[2026-03-04T12:54:25.928Z] ERROR: 
Stack: AggregateError [ECONNREFUSED]: 
    at C:\Users\ludin\Desktop\salidas\scanqueue\backend\node_modules\pg-pool\index.js:45:11
    at process.processTicksAndRejections (node:internal/process/task_queues:105:5)
    at async query (file:///C:/Users/ludin/Desktop/salidas/scanqueue/backend/src/config/database.js:25:18)
    at async Module.getScansToday (file:///C:/Users/ludin/Desktop/salidas/scanqueue/backend/src/models/Scan.js:23:15)
    at async Module.getScanStatistics (file:///C:/Users/ludin/Desktop/salidas/scanqueue/backend/src/services/ScanService.js:76:24)
    at async getDashboardStats (file:///C:/Users/ludin/Desktop/salidas/scanqueue/backend/src/controllers/DashboardController.js:12:19)
Path: /api/dashboard/stats

[2026-03-04T12:54:25.932Z] ERROR: 
Stack: AggregateError [ECONNREFUSED]: 
    at C:\Users\ludin\Desktop\salidas\scanqueue\backend\node_modules\pg-pool\index.js:45:11
    at process.processTicksAndRejections (node:internal/process/task_queues:105:5)
    at async query (file:///C:/Users/ludin/Desktop/salidas/scanqueue/backend/src/config/database.js:25:18)
    at async Module.getScansToday (file:///C:/Users/ludin/Desktop/salidas/scanqueue/backend/src/models/Scan.js:23:15)
    at async getTodaySummary (file:///C:/Users/ludin/Desktop/salidas/scanqueue/backend/src/controllers/DashboardController.js:30:24)
Path: /api/dashboard/today

[2026-03-04T12:54:26.479Z] ERROR: 
Stack: AggregateError [ECONNREFUSED]: 
    at C:\Users\ludin\Desktop\salidas\scanqueue\backend\node_modules\pg-pool\index.js:45:11
    at process.processTicksAndRejections (node:internal/process/task_queues:105:5)
    at async query (file:///C:/Users/ludin/Desktop/salidas/scanqueue/backend/src/config/database.js:25:18)
    at async Module.getScansToday (file:///C:/Users/ludin/Desktop/salidas/scanqueue/backend/src/models/Scan.js:23:15)
    at async Module.getScanStatistics (file:///C:/Users/ludin/Desktop/salidas/scanqueue/backend/src/services/ScanService.js:76:24)
    at async getDashboardStats (file:///C:/Users/ludin/Desktop/salidas/scanqueue/backend/src/controllers/DashboardController.js:12:19)
Path: /api/dashboard/stats

[2026-03-04T12:54:26.481Z] ERROR: 
Stack: AggregateError [ECONNREFUSED]: 
    at C:\Users\ludin\Desktop\salidas\scanqueue\backend\node_modules\pg-pool\index.js:45:11
    at process.processTicksAndRejections (node:internal/process/task_queues:105:5)
    at async query (file:///C:/Users/ludin/Desktop/salidas/scanqueue/backend/src/config/database.js:25:18)
    at async Module.getScansToday (file:///C:/Users/ludin/Desktop/salidas/scanqueue/backend/src/models/Scan.js:23:15)
    at async getTodaySummary (file:///C:/Users/ludin/Desktop/salidas/scanqueue/backend/src/controllers/DashboardController.js:30:24)
Path: /api/dashboard/today

[2026-03-04T12:54:27.069Z] ERROR: 
Stack: AggregateError [ECONNREFUSED]: 
    at C:\Users\ludin\Desktop\salidas\scanqueue\backend\node_modules\pg-pool\index.js:45:11
    at process.processTicksAndRejections (node:internal/process/task_queues:105:5)
    at async query (file:///C:/Users/ludin/Desktop/salidas/scanqueue/backend/src/config/database.js:25:18)
    at async Module.getScansToday (file:///C:/Users/ludin/Desktop/salidas/scanqueue/backend/src/models/Scan.js:23:15)
    at async Module.getScanStatistics (file:///C:/Users/ludin/Desktop/salidas/scanqueue/backend/src/services/ScanService.js:76:24)
    at async getDashboardStats (file:///C:/Users/ludin/Desktop/salidas/scanqueue/backend/src/controllers/DashboardController.js:12:19)
Path: /api/dashboard/stats

[2026-03-04T12:54:27.073Z] ERROR: 
Stack: AggregateError [ECONNREFUSED]: 
    at C:\Users\ludin\Desktop\salidas\scanqueue\backend\node_modules\pg-pool\index.js:45:11
    at process.processTicksAndRejections (node:internal/process/task_queues:105:5)
    at async query (file:///C:/Users/ludin/Desktop/salidas/scanqueue/backend/src/config/database.js:25:18)
    at async Module.getScansToday (file:///C:/Users/ludin/Desktop/salidas/scanqueue/backend/src/models/Scan.js:23:15)
    at async getTodaySummary (file:///C:/Users/ludin/Desktop/salidas/scanqueue/backend/src/controllers/DashboardController.js:30:24)
Path: /api/dashboard/today

[2026-03-04T12:54:27.660Z] ERROR: 
Stack: AggregateError [ECONNREFUSED]: 
    at C:\Users\ludin\Desktop\salidas\scanqueue\backend\node_modules\pg-pool\index.js:45:11
    at process.processTicksAndRejections (node:internal/process/task_queues:105:5)
    at async query (file:///C:/Users/ludin/Desktop/salidas/scanqueue/backend/src/config/database.js:25:18)
    at async Module.getScansToday (file:///C:/Users/ludin/Desktop/salidas/scanqueue/backend/src/models/Scan.js:23:15)
    at async Module.getScanStatistics (file:///C:/Users/ludin/Desktop/salidas/scanqueue/backend/src/services/ScanService.js:76:24)
    at async getDashboardStats (file:///C:/Users/ludin/Desktop/salidas/scanqueue/backend/src/controllers/DashboardController.js:12:19)
Path: /api/dashboard/stats

[2026-03-04T12:54:27.663Z] ERROR: 
Stack: AggregateError [ECONNREFUSED]: 
    at C:\Users\ludin\Desktop\salidas\scanqueue\backend\node_modules\pg-pool\index.js:45:11
    at process.processTicksAndRejections (node:internal/process/task_queues:105:5)
    at async query (file:///C:/Users/ludin/Desktop/salidas/scanqueue/backend/src/config/database.js:25:18)
    at async Module.getScansToday (file:///C:/Users/ludin/Desktop/salidas/scanqueue/backend/src/models/Scan.js:23:15)
    at async getTodaySummary (file:///C:/Users/ludin/Desktop/salidas/scanqueue/backend/src/controllers/DashboardController.js:30:24)
Path: /api/dashboard/today

[2026-03-04T12:54:28.322Z] ERROR: 
Stack: AggregateError [ECONNREFUSED]: 
    at C:\Users\ludin\Desktop\salidas\scanqueue\backend\node_modules\pg-pool\index.js:45:11
    at process.processTicksAndRejections (node:internal/process/task_queues:105:5)
    at async query (file:///C:/Users/ludin/Desktop/salidas/scanqueue/backend/src/config/database.js:25:18)
    at async Module.getScansToday (file:///C:/Users/ludin/Desktop/salidas/scanqueue/backend/src/models/Scan.js:23:15)
    at async Module.getScanStatistics (file:///C:/Users/ludin/Desktop/salidas/scanqueue/backend/src/services/ScanService.js:76:24)
    at async getDashboardStats (file:///C:/Users/ludin/Desktop/salidas/scanqueue/backend/src/controllers/DashboardController.js:12:19)
Path: /api/dashboard/stats

[2026-03-04T12:54:28.326Z] ERROR: 
Stack: AggregateError [ECONNREFUSED]: 
    at C:\Users\ludin\Desktop\salidas\scanqueue\backend\node_modules\pg-pool\index.js:45:11
    at process.processTicksAndRejections (node:internal/process/task_queues:105:5)
    at async query (file:///C:/Users/ludin/Desktop/salidas/scanqueue/backend/src/config/database.js:25:18)
    at async Module.getScansToday (file:///C:/Users/ludin/Desktop/salidas/scanqueue/backend/src/models/Scan.js:23:15)
    at async getTodaySummary (file:///C:/Users/ludin/Desktop/salidas/scanqueue/backend/src/controllers/DashboardController.js:30:24)
Path: /api/dashboard/today

[2026-03-04T12:54:28.744Z] ERROR: 
Stack: AggregateError [ECONNREFUSED]: 
    at C:\Users\ludin\Desktop\salidas\scanqueue\backend\node_modules\pg-pool\index.js:45:11
    at process.processTicksAndRejections (node:internal/process/task_queues:105:5)
    at async query (file:///C:/Users/ludin/Desktop/salidas/scanqueue/backend/src/config/database.js:25:18)
    at async Module.getScansToday (file:///C:/Users/ludin/Desktop/salidas/scanqueue/backend/src/models/Scan.js:23:15)
    at async Module.getScanStatistics (file:///C:/Users/ludin/Desktop/salidas/scanqueue/backend/src/services/ScanService.js:76:24)
    at async getDashboardStats (file:///C:/Users/ludin/Desktop/salidas/scanqueue/backend/src/controllers/DashboardController.js:12:19)
Path: /api/dashboard/stats

[2026-03-04T12:54:28.752Z] ERROR: 
Stack: AggregateError [ECONNREFUSED]: 
    at C:\Users\ludin\Desktop\salidas\scanqueue\backend\node_modules\pg-pool\index.js:45:11
    at process.processTicksAndRejections (node:internal/process/task_queues:105:5)
    at async query (file:///C:/Users/ludin/Desktop/salidas/scanqueue/backend/src/config/database.js:25:18)
    at async Module.getScansToday (file:///C:/Users/ludin/Desktop/salidas/scanqueue/backend/src/models/Scan.js:23:15)
    at async getTodaySummary (file:///C:/Users/ludin/Desktop/salidas/scanqueue/backend/src/controllers/DashboardController.js:30:24)
Path: /api/dashboard/today

[2026-03-04T12:54:29.334Z] ERROR: 
Stack: AggregateError [ECONNREFUSED]: 
    at C:\Users\ludin\Desktop\salidas\scanqueue\backend\node_modules\pg-pool\index.js:45:11
    at process.processTicksAndRejections (node:internal/process/task_queues:105:5)
    at async query (file:///C:/Users/ludin/Desktop/salidas/scanqueue/backend/src/config/database.js:25:18)
    at async Module.getScansToday (file:///C:/Users/ludin/Desktop/salidas/scanqueue/backend/src/models/Scan.js:23:15)
    at async Module.getScanStatistics (file:///C:/Users/ludin/Desktop/salidas/scanqueue/backend/src/services/ScanService.js:76:24)
    at async getDashboardStats (file:///C:/Users/ludin/Desktop/salidas/scanqueue/backend/src/controllers/DashboardController.js:12:19)
Path: /api/dashboard/stats

[2026-03-04T12:54:29.337Z] ERROR: 
Stack: AggregateError [ECONNREFUSED]: 
    at C:\Users\ludin\Desktop\salidas\scanqueue\backend\node_modules\pg-pool\index.js:45:11
    at process.processTicksAndRejections (node:internal/process/task_queues:105:5)
    at async query (file:///C:/Users/ludin/Desktop/salidas/scanqueue/backend/src/config/database.js:25:18)
    at async Module.getScansToday (file:///C:/Users/ludin/Desktop/salidas/scanqueue/backend/src/models/Scan.js:23:15)
    at async getTodaySummary (file:///C:/Users/ludin/Desktop/salidas/scanqueue/backend/src/controllers/DashboardController.js:30:24)
Path: /api/dashboard/today

[2026-03-04T12:54:29.875Z] ERROR: 
Stack: AggregateError [ECONNREFUSED]: 
    at C:\Users\ludin\Desktop\salidas\scanqueue\backend\node_modules\pg-pool\index.js:45:11
    at process.processTicksAndRejections (node:internal/process/task_queues:105:5)
    at async query (file:///C:/Users/ludin/Desktop/salidas/scanqueue/backend/src/config/database.js:25:18)
    at async Module.getScansToday (file:///C:/Users/ludin/Desktop/salidas/scanqueue/backend/src/models/Scan.js:23:15)
    at async Module.getScanStatistics (file:///C:/Users/ludin/Desktop/salidas/scanqueue/backend/src/services/ScanService.js:76:24)
    at async getDashboardStats (file:///C:/Users/ludin/Desktop/salidas/scanqueue/backend/src/controllers/DashboardController.js:12:19)
Path: /api/dashboard/stats

[2026-03-04T12:54:29.879Z] ERROR: 
Stack: AggregateError [ECONNREFUSED]: 
    at C:\Users\ludin\Desktop\salidas\scanqueue\backend\node_modules\pg-pool\index.js:45:11
    at process.processTicksAndRejections (node:internal/process/task_queues:105:5)
    at async query (file:///C:/Users/ludin/Desktop/salidas/scanqueue/backend/src/config/database.js:25:18)
    at async Module.getScansToday (file:///C:/Users/ludin/Desktop/salidas/scanqueue/backend/src/models/Scan.js:23:15)
    at async getTodaySummary (file:///C:/Users/ludin/Desktop/salidas/scanqueue/backend/src/controllers/DashboardController.js:30:24)
Path: /api/dashboard/today

[2026-03-04T12:54:30.448Z] ERROR: 
Stack: AggregateError [ECONNREFUSED]: 
    at C:\Users\ludin\Desktop\salidas\scanqueue\backend\node_modules\pg-pool\index.js:45:11
    at process.processTicksAndRejections (node:internal/process/task_queues:105:5)
    at async query (file:///C:/Users/ludin/Desktop/salidas/scanqueue/backend/src/config/database.js:25:18)
    at async Module.getScansToday (file:///C:/Users/ludin/Desktop/salidas/scanqueue/backend/src/models/Scan.js:23:15)
    at async Module.getScanStatistics (file:///C:/Users/ludin/Desktop/salidas/scanqueue/backend/src/services/ScanService.js:76:24)
    at async getDashboardStats (file:///C:/Users/ludin/Desktop/salidas/scanqueue/backend/src/controllers/DashboardController.js:12:19)
Path: /api/dashboard/stats

[2026-03-04T12:54:30.451Z] ERROR: 
Stack: AggregateError [ECONNREFUSED]: 
    at C:\Users\ludin\Desktop\salidas\scanqueue\backend\node_modules\pg-pool\index.js:45:11
    at process.processTicksAndRejections (node:internal/process/task_queues:105:5)
    at async query (file:///C:/Users/ludin/Desktop/salidas/scanqueue/backend/src/config/database.js:25:18)
    at async Module.getScansToday (file:///C:/Users/ludin/Desktop/salidas/scanqueue/backend/src/models/Scan.js:23:15)
    at async getTodaySummary (file:///C:/Users/ludin/Desktop/salidas/scanqueue/backend/src/controllers/DashboardController.js:30:24)
Path: /api/dashboard/today

[2026-03-04T12:54:31.049Z] ERROR: 
Stack: AggregateError [ECONNREFUSED]: 
    at C:\Users\ludin\Desktop\salidas\scanqueue\backend\node_modules\pg-pool\index.js:45:11
    at process.processTicksAndRejections (node:internal/process/task_queues:105:5)
    at async query (file:///C:/Users/ludin/Desktop/salidas/scanqueue/backend/src/config/database.js:25:18)
    at async Module.getScansToday (file:///C:/Users/ludin/Desktop/salidas/scanqueue/backend/src/models/Scan.js:23:15)
    at async Module.getScanStatistics (file:///C:/Users/ludin/Desktop/salidas/scanqueue/backend/src/services/ScanService.js:76:24)
    at async getDashboardStats (file:///C:/Users/ludin/Desktop/salidas/scanqueue/backend/src/controllers/DashboardController.js:12:19)
Path: /api/dashboard/stats

[2026-03-04T12:54:31.054Z] ERROR: 
Stack: AggregateError [ECONNREFUSED]: 
    at C:\Users\ludin\Desktop\salidas\scanqueue\backend\node_modules\pg-pool\index.js:45:11
    at process.processTicksAndRejections (node:internal/process/task_queues:105:5)
    at async query (file:///C:/Users/ludin/Desktop/salidas/scanqueue/backend/src/config/database.js:25:18)
    at async Module.getScansToday (file:///C:/Users/ludin/Desktop/salidas/scanqueue/backend/src/models/Scan.js:23:15)
    at async getTodaySummary (file:///C:/Users/ludin/Desktop/salidas/scanqueue/backend/src/controllers/DashboardController.js:30:24)
Path: /api/dashboard/today

[2026-03-04T12:54:31.825Z] ERROR: 
Stack: AggregateError [ECONNREFUSED]: 
    at C:\Users\ludin\Desktop\salidas\scanqueue\backend\node_modules\pg-pool\index.js:45:11
    at process.processTicksAndRejections (node:internal/process/task_queues:105:5)
    at async query (file:///C:/Users/ludin/Desktop/salidas/scanqueue/backend/src/config/database.js:25:18)
    at async Module.getScansToday (file:///C:/Users/ludin/Desktop/salidas/scanqueue/backend/src/models/Scan.js:23:15)
    at async Module.getScanStatistics (file:///C:/Users/ludin/Desktop/salidas/scanqueue/backend/src/services/ScanService.js:76:24)
    at async getDashboardStats (file:///C:/Users/ludin/Desktop/salidas/scanqueue/backend/src/controllers/DashboardController.js:12:19)
Path: /api/dashboard/stats

[2026-03-04T12:54:31.827Z] ERROR: 
Stack: AggregateError [ECONNREFUSED]: 
    at C:\Users\ludin\Desktop\salidas\scanqueue\backend\node_modules\pg-pool\index.js:45:11
    at process.processTicksAndRejections (node:internal/process/task_queues:105:5)
    at async query (file:///C:/Users/ludin/Desktop/salidas/scanqueue/backend/src/config/database.js:25:18)
    at async Module.getScansToday (file:///C:/Users/ludin/Desktop/salidas/scanqueue/backend/src/models/Scan.js:23:15)
    at async getTodaySummary (file:///C:/Users/ludin/Desktop/salidas/scanqueue/backend/src/controllers/DashboardController.js:30:24)
Path: /api/dashboard/today

[2026-03-04T12:54:32.301Z] ERROR: 
Stack: AggregateError [ECONNREFUSED]: 
    at C:\Users\ludin\Desktop\salidas\scanqueue\backend\node_modules\pg-pool\index.js:45:11
    at process.processTicksAndRejections (node:internal/process/task_queues:105:5)
    at async query (file:///C:/Users/ludin/Desktop/salidas/scanqueue/backend/src/config/database.js:25:18)
    at async Module.getScansToday (file:///C:/Users/ludin/Desktop/salidas/scanqueue/backend/src/models/Scan.js:23:15)
    at async Module.getScanStatistics (file:///C:/Users/ludin/Desktop/salidas/scanqueue/backend/src/services/ScanService.js:76:24)
    at async getDashboardStats (file:///C:/Users/ludin/Desktop/salidas/scanqueue/backend/src/controllers/DashboardController.js:12:19)
Path: /api/dashboard/stats

[2026-03-04T12:54:32.304Z] ERROR: 
Stack: AggregateError [ECONNREFUSED]: 
    at C:\Users\ludin\Desktop\salidas\scanqueue\backend\node_modules\pg-pool\index.js:45:11
    at process.processTicksAndRejections (node:internal/process/task_queues:105:5)
    at async query (file:///C:/Users/ludin/Desktop/salidas/scanqueue/backend/src/config/database.js:25:18)
    at async Module.getScansToday (file:///C:/Users/ludin/Desktop/salidas/scanqueue/backend/src/models/Scan.js:23:15)
    at async getTodaySummary (file:///C:/Users/ludin/Desktop/salidas/scanqueue/backend/src/controllers/DashboardController.js:30:24)
Path: /api/dashboard/today

[2026-03-04T12:54:32.872Z] ERROR: 
Stack: AggregateError [ECONNREFUSED]: 
    at C:\Users\ludin\Desktop\salidas\scanqueue\backend\node_modules\pg-pool\index.js:45:11
    at process.processTicksAndRejections (node:internal/process/task_queues:105:5)
    at async query (file:///C:/Users/ludin/Desktop/salidas/scanqueue/backend/src/config/database.js:25:18)
    at async Module.getScansToday (file:///C:/Users/ludin/Desktop/salidas/scanqueue/backend/src/models/Scan.js:23:15)
    at async Module.getScanStatistics (file:///C:/Users/ludin/Desktop/salidas/scanqueue/backend/src/services/ScanService.js:76:24)
    at async getDashboardStats (file:///C:/Users/ludin/Desktop/salidas/scanqueue/backend/src/controllers/DashboardController.js:12:19)
Path: /api/dashboard/stats

[2026-03-04T12:54:32.875Z] ERROR: 
Stack: AggregateError [ECONNREFUSED]: 
    at C:\Users\ludin\Desktop\salidas\scanqueue\backend\node_modules\pg-pool\index.js:45:11
    at process.processTicksAndRejections (node:internal/process/task_queues:105:5)
    at async query (file:///C:/Users/ludin/Desktop/salidas/scanqueue/backend/src/config/database.js:25:18)
    at async Module.getScansToday (file:///C:/Users/ludin/Desktop/salidas/scanqueue/backend/src/models/Scan.js:23:15)
    at async getTodaySummary (file:///C:/Users/ludin/Desktop/salidas/scanqueue/backend/src/controllers/DashboardController.js:30:24)
Path: /api/dashboard/today

[2026-03-04T12:54:33.336Z] ERROR: 
Stack: AggregateError [ECONNREFUSED]: 
    at C:\Users\ludin\Desktop\salidas\scanqueue\backend\node_modules\pg-pool\index.js:45:11
    at process.processTicksAndRejections (node:internal/process/task_queues:105:5)
    at async query (file:///C:/Users/ludin/Desktop/salidas/scanqueue/backend/src/config/database.js:25:18)
    at async Module.getScansToday (file:///C:/Users/ludin/Desktop/salidas/scanqueue/backend/src/models/Scan.js:23:15)
    at async Module.getScanStatistics (file:///C:/Users/ludin/Desktop/salidas/scanqueue/backend/src/services/ScanService.js:76:24)
    at async getDashboardStats (file:///C:/Users/ludin/Desktop/salidas/scanqueue/backend/src/controllers/DashboardController.js:12:19)
Path: /api/dashboard/stats

[2026-03-04T12:54:33.338Z] ERROR: 
Stack: AggregateError [ECONNREFUSED]: 
    at C:\Users\ludin\Desktop\salidas\scanqueue\backend\node_modules\pg-pool\index.js:45:11
    at process.processTicksAndRejections (node:internal/process/task_queues:105:5)
    at async query (file:///C:/Users/ludin/Desktop/salidas/scanqueue/backend/src/config/database.js:25:18)
    at async Module.getScansToday (file:///C:/Users/ludin/Desktop/salidas/scanqueue/backend/src/models/Scan.js:23:15)
    at async getTodaySummary (file:///C:/Users/ludin/Desktop/salidas/scanqueue/backend/src/controllers/DashboardController.js:30:24)
Path: /api/dashboard/today

[2026-03-04T12:54:33.807Z] ERROR: 
Stack: AggregateError [ECONNREFUSED]: 
    at C:\Users\ludin\Desktop\salidas\scanqueue\backend\node_modules\pg-pool\index.js:45:11
    at process.processTicksAndRejections (node:internal/process/task_queues:105:5)
    at async query (file:///C:/Users/ludin/Desktop/salidas/scanqueue/backend/src/config/database.js:25:18)
    at async Module.getScansToday (file:///C:/Users/ludin/Desktop/salidas/scanqueue/backend/src/models/Scan.js:23:15)
    at async Module.getScanStatistics (file:///C:/Users/ludin/Desktop/salidas/scanqueue/backend/src/services/ScanService.js:76:24)
    at async getDashboardStats (file:///C:/Users/ludin/Desktop/salidas/scanqueue/backend/src/controllers/DashboardController.js:12:19)
Path: /api/dashboard/stats

[2026-03-04T12:54:33.810Z] ERROR: 
Stack: AggregateError [ECONNREFUSED]: 
    at C:\Users\ludin\Desktop\salidas\scanqueue\backend\node_modules\pg-pool\index.js:45:11
    at process.processTicksAndRejections (node:internal/process/task_queues:105:5)
    at async query (file:///C:/Users/ludin/Desktop/salidas/scanqueue/backend/src/config/database.js:25:18)
    at async Module.getScansToday (file:///C:/Users/ludin/Desktop/salidas/scanqueue/backend/src/models/Scan.js:23:15)
    at async getTodaySummary (file:///C:/Users/ludin/Desktop/salidas/scanqueue/backend/src/controllers/DashboardController.js:30:24)
Path: /api/dashboard/today

[2026-03-04T12:54:34.237Z] ERROR: 
Stack: AggregateError [ECONNREFUSED]: 
    at C:\Users\ludin\Desktop\salidas\scanqueue\backend\node_modules\pg-pool\index.js:45:11
    at process.processTicksAndRejections (node:internal/process/task_queues:105:5)
    at async query (file:///C:/Users/ludin/Desktop/salidas/scanqueue/backend/src/config/database.js:25:18)
    at async Module.getScansToday (file:///C:/Users/ludin/Desktop/salidas/scanqueue/backend/src/models/Scan.js:23:15)
    at async Module.getScanStatistics (file:///C:/Users/ludin/Desktop/salidas/scanqueue/backend/src/services/ScanService.js:76:24)
    at async getDashboardStats (file:///C:/Users/ludin/Desktop/salidas/scanqueue/backend/src/controllers/DashboardController.js:12:19)
Path: /api/dashboard/stats

[2026-03-04T12:54:34.240Z] ERROR: 
Stack: AggregateError [ECONNREFUSED]: 
    at C:\Users\ludin\Desktop\salidas\scanqueue\backend\node_modules\pg-pool\index.js:45:11
    at process.processTicksAndRejections (node:internal/process/task_queues:105:5)
    at async query (file:///C:/Users/ludin/Desktop/salidas/scanqueue/backend/src/config/database.js:25:18)
    at async Module.getScansToday (file:///C:/Users/ludin/Desktop/salidas/scanqueue/backend/src/models/Scan.js:23:15)
    at async getTodaySummary (file:///C:/Users/ludin/Desktop/salidas/scanqueue/backend/src/controllers/DashboardController.js:30:24)
Path: /api/dashboard/today

[2026-03-04T12:54:34.847Z] ERROR: 
Stack: AggregateError [ECONNREFUSED]: 
    at C:\Users\ludin\Desktop\salidas\scanqueue\backend\node_modules\pg-pool\index.js:45:11
    at process.processTicksAndRejections (node:internal/process/task_queues:105:5)
    at async query (file:///C:/Users/ludin/Desktop/salidas/scanqueue/backend/src/config/database.js:25:18)
    at async Module.getScansToday (file:///C:/Users/ludin/Desktop/salidas/scanqueue/backend/src/models/Scan.js:23:15)
    at async Module.getScanStatistics (file:///C:/Users/ludin/Desktop/salidas/scanqueue/backend/src/services/ScanService.js:76:24)
    at async getDashboardStats (file:///C:/Users/ludin/Desktop/salidas/scanqueue/backend/src/controllers/DashboardController.js:12:19)
Path: /api/dashboard/stats

[2026-03-04T12:54:34.850Z] ERROR: 
Stack: AggregateError [ECONNREFUSED]: 
    at C:\Users\ludin\Desktop\salidas\scanqueue\backend\node_modules\pg-pool\index.js:45:11
    at process.processTicksAndRejections (node:internal/process/task_queues:105:5)
    at async query (file:///C:/Users/ludin/Desktop/salidas/scanqueue/backend/src/config/database.js:25:18)
    at async Module.getScansToday (file:///C:/Users/ludin/Desktop/salidas/scanqueue/backend/src/models/Scan.js:23:15)
    at async getTodaySummary (file:///C:/Users/ludin/Desktop/salidas/scanqueue/backend/src/controllers/DashboardController.js:30:24)
Path: /api/dashboard/today

[2026-03-04T12:54:35.501Z] ERROR: 
Stack: AggregateError [ECONNREFUSED]: 
    at C:\Users\ludin\Desktop\salidas\scanqueue\backend\node_modules\pg-pool\index.js:45:11
    at process.processTicksAndRejections (node:internal/process/task_queues:105:5)
    at async query (file:///C:/Users/ludin/Desktop/salidas/scanqueue/backend/src/config/database.js:25:18)
    at async Module.getScansToday (file:///C:/Users/ludin/Desktop/salidas/scanqueue/backend/src/models/Scan.js:23:15)
    at async Module.getScanStatistics (file:///C:/Users/ludin/Desktop/salidas/scanqueue/backend/src/services/ScanService.js:76:24)
    at async getDashboardStats (file:///C:/Users/ludin/Desktop/salidas/scanqueue/backend/src/controllers/DashboardController.js:12:19)
Path: /api/dashboard/stats

[2026-03-04T12:54:35.504Z] ERROR: 
Stack: AggregateError [ECONNREFUSED]: 
    at C:\Users\ludin\Desktop\salidas\scanqueue\backend\node_modules\pg-pool\index.js:45:11
    at process.processTicksAndRejections (node:internal/process/task_queues:105:5)
    at async query (file:///C:/Users/ludin/Desktop/salidas/scanqueue/backend/src/config/database.js:25:18)
    at async Module.getScansToday (file:///C:/Users/ludin/Desktop/salidas/scanqueue/backend/src/models/Scan.js:23:15)
    at async getTodaySummary (file:///C:/Users/ludin/Desktop/salidas/scanqueue/backend/src/controllers/DashboardController.js:30:24)
Path: /api/dashboard/today

[2026-03-04T12:54:36.283Z] ERROR: 
Stack: AggregateError [ECONNREFUSED]: 
    at C:\Users\ludin\Desktop\salidas\scanqueue\backend\node_modules\pg-pool\index.js:45:11
    at process.processTicksAndRejections (node:internal/process/task_queues:105:5)
    at async query (file:///C:/Users/ludin/Desktop/salidas/scanqueue/backend/src/config/database.js:25:18)
    at async Module.getScansToday (file:///C:/Users/ludin/Desktop/salidas/scanqueue/backend/src/models/Scan.js:23:15)
    at async Module.getScanStatistics (file:///C:/Users/ludin/Desktop/salidas/scanqueue/backend/src/services/ScanService.js:76:24)
    at async getDashboardStats (file:///C:/Users/ludin/Desktop/salidas/scanqueue/backend/src/controllers/DashboardController.js:12:19)
Path: /api/dashboard/stats

[2026-03-04T12:54:36.287Z] ERROR: 
Stack: AggregateError [ECONNREFUSED]: 
    at C:\Users\ludin\Desktop\salidas\scanqueue\backend\node_modules\pg-pool\index.js:45:11
    at process.processTicksAndRejections (node:internal/process/task_queues:105:5)
    at async query (file:///C:/Users/ludin/Desktop/salidas/scanqueue/backend/src/config/database.js:25:18)
    at async Module.getScansToday (file:///C:/Users/ludin/Desktop/salidas/scanqueue/backend/src/models/Scan.js:23:15)
    at async getTodaySummary (file:///C:/Users/ludin/Desktop/salidas/scanqueue/backend/src/controllers/DashboardController.js:30:24)
Path: /api/dashboard/today

[2026-03-04T12:54:37.067Z] ERROR: 
Stack: AggregateError [ECONNREFUSED]: 
    at C:\Users\ludin\Desktop\salidas\scanqueue\backend\node_modules\pg-pool\index.js:45:11
    at process.processTicksAndRejections (node:internal/process/task_queues:105:5)
    at async query (file:///C:/Users/ludin/Desktop/salidas/scanqueue/backend/src/config/database.js:25:18)
    at async Module.getScansToday (file:///C:/Users/ludin/Desktop/salidas/scanqueue/backend/src/models/Scan.js:23:15)
    at async Module.getScanStatistics (file:///C:/Users/ludin/Desktop/salidas/scanqueue/backend/src/services/ScanService.js:76:24)
    at async getDashboardStats (file:///C:/Users/ludin/Desktop/salidas/scanqueue/backend/src/controllers/DashboardController.js:12:19)
Path: /api/dashboard/stats

[2026-03-04T12:54:37.070Z] ERROR: 
Stack: AggregateError [ECONNREFUSED]: 
    at C:\Users\ludin\Desktop\salidas\scanqueue\backend\node_modules\pg-pool\index.js:45:11
    at process.processTicksAndRejections (node:internal/process/task_queues:105:5)
    at async query (file:///C:/Users/ludin/Desktop/salidas/scanqueue/backend/src/config/database.js:25:18)
    at async Module.getScansToday (file:///C:/Users/ludin/Desktop/salidas/scanqueue/backend/src/models/Scan.js:23:15)
    at async getTodaySummary (file:///C:/Users/ludin/Desktop/salidas/scanqueue/backend/src/controllers/DashboardController.js:30:24)
Path: /api/dashboard/today

[2026-03-04T12:54:37.996Z] ERROR: 
Stack: AggregateError [ECONNREFUSED]: 
    at C:\Users\ludin\Desktop\salidas\scanqueue\backend\node_modules\pg-pool\index.js:45:11
    at process.processTicksAndRejections (node:internal/process/task_queues:105:5)
    at async query (file:///C:/Users/ludin/Desktop/salidas/scanqueue/backend/src/config/database.js:25:18)
    at async Module.getScansToday (file:///C:/Users/ludin/Desktop/salidas/scanqueue/backend/src/models/Scan.js:23:15)
    at async Module.getScanStatistics (file:///C:/Users/ludin/Desktop/salidas/scanqueue/backend/src/services/ScanService.js:76:24)
    at async getDashboardStats (file:///C:/Users/ludin/Desktop/salidas/scanqueue/backend/src/controllers/DashboardController.js:12:19)
Path: /api/dashboard/stats

[2026-03-04T12:54:38.000Z] ERROR: 
Stack: AggregateError [ECONNREFUSED]: 
    at C:\Users\ludin\Desktop\salidas\scanqueue\backend\node_modules\pg-pool\index.js:45:11
    at process.processTicksAndRejections (node:internal/process/task_queues:105:5)
    at async query (file:///C:/Users/ludin/Desktop/salidas/scanqueue/backend/src/config/database.js:25:18)
    at async Module.getScansToday (file:///C:/Users/ludin/Desktop/salidas/scanqueue/backend/src/models/Scan.js:23:15)
    at async getTodaySummary (file:///C:/Users/ludin/Desktop/salidas/scanqueue/backend/src/controllers/DashboardController.js:30:24)
Path: /api/dashboard/today

[2026-03-04T12:54:38.663Z] ERROR: 
Stack: AggregateError [ECONNREFUSED]: 
    at C:\Users\ludin\Desktop\salidas\scanqueue\backend\node_modules\pg-pool\index.js:45:11
    at process.processTicksAndRejections (node:internal/process/task_queues:105:5)
    at async query (file:///C:/Users/ludin/Desktop/salidas/scanqueue/backend/src/config/database.js:25:18)
    at async Module.getScansToday (file:///C:/Users/ludin/Desktop/salidas/scanqueue/backend/src/models/Scan.js:23:15)
    at async Module.getScanStatistics (file:///C:/Users/ludin/Desktop/salidas/scanqueue/backend/src/services/ScanService.js:76:24)
    at async getDashboardStats (file:///C:/Users/ludin/Desktop/salidas/scanqueue/backend/src/controllers/DashboardController.js:12:19)
Path: /api/dashboard/stats

[2026-03-04T12:54:38.666Z] ERROR: 
Stack: AggregateError [ECONNREFUSED]: 
    at C:\Users\ludin\Desktop\salidas\scanqueue\backend\node_modules\pg-pool\index.js:45:11
    at process.processTicksAndRejections (node:internal/process/task_queues:105:5)
    at async query (file:///C:/Users/ludin/Desktop/salidas/scanqueue/backend/src/config/database.js:25:18)
    at async Module.getScansToday (file:///C:/Users/ludin/Desktop/salidas/scanqueue/backend/src/models/Scan.js:23:15)
    at async getTodaySummary (file:///C:/Users/ludin/Desktop/salidas/scanqueue/backend/src/controllers/DashboardController.js:30:24)
Path: /api/dashboard/today

[2026-03-04T12:54:39.428Z] ERROR: 
Stack: AggregateError [ECONNREFUSED]: 
    at C:\Users\ludin\Desktop\salidas\scanqueue\backend\node_modules\pg-pool\index.js:45:11
    at process.processTicksAndRejections (node:internal/process/task_queues:105:5)
    at async query (file:///C:/Users/ludin/Desktop/salidas/scanqueue/backend/src/config/database.js:25:18)
    at async Module.getScansToday (file:///C:/Users/ludin/Desktop/salidas/scanqueue/backend/src/models/Scan.js:23:15)
    at async Module.getScanStatistics (file:///C:/Users/ludin/Desktop/salidas/scanqueue/backend/src/services/ScanService.js:76:24)
    at async getDashboardStats (file:///C:/Users/ludin/Desktop/salidas/scanqueue/backend/src/controllers/DashboardController.js:12:19)
Path: /api/dashboard/stats

[2026-03-04T12:54:39.430Z] ERROR: 
Stack: AggregateError [ECONNREFUSED]: 
    at C:\Users\ludin\Desktop\salidas\scanqueue\backend\node_modules\pg-pool\index.js:45:11
    at process.processTicksAndRejections (node:internal/process/task_queues:105:5)
    at async query (file:///C:/Users/ludin/Desktop/salidas/scanqueue/backend/src/config/database.js:25:18)
    at async Module.getScansToday (file:///C:/Users/ludin/Desktop/salidas/scanqueue/backend/src/models/Scan.js:23:15)
    at async getTodaySummary (file:///C:/Users/ludin/Desktop/salidas/scanqueue/backend/src/controllers/DashboardController.js:30:24)
Path: /api/dashboard/today

[2026-03-04T12:54:39.965Z] ERROR: 
Stack: AggregateError [ECONNREFUSED]: 
    at C:\Users\ludin\Desktop\salidas\scanqueue\backend\node_modules\pg-pool\index.js:45:11
    at process.processTicksAndRejections (node:internal/process/task_queues:105:5)
    at async query (file:///C:/Users/ludin/Desktop/salidas/scanqueue/backend/src/config/database.js:25:18)
    at async Module.getScansToday (file:///C:/Users/ludin/Desktop/salidas/scanqueue/backend/src/models/Scan.js:23:15)
    at async Module.getScanStatistics (file:///C:/Users/ludin/Desktop/salidas/scanqueue/backend/src/services/ScanService.js:76:24)
    at async getDashboardStats (file:///C:/Users/ludin/Desktop/salidas/scanqueue/backend/src/controllers/DashboardController.js:12:19)
Path: /api/dashboard/stats

[2026-03-04T12:54:39.972Z] ERROR: 
Stack: AggregateError [ECONNREFUSED]: 
    at C:\Users\ludin\Desktop\salidas\scanqueue\backend\node_modules\pg-pool\index.js:45:11
    at process.processTicksAndRejections (node:internal/process/task_queues:105:5)
    at async query (file:///C:/Users/ludin/Desktop/salidas/scanqueue/backend/src/config/database.js:25:18)
    at async Module.getScansToday (file:///C:/Users/ludin/Desktop/salidas/scanqueue/backend/src/models/Scan.js:23:15)
    at async getTodaySummary (file:///C:/Users/ludin/Desktop/salidas/scanqueue/backend/src/controllers/DashboardController.js:30:24)
Path: /api/dashboard/today

[2026-03-04T12:54:40.708Z] ERROR: 
Stack: AggregateError [ECONNREFUSED]: 
    at C:\Users\ludin\Desktop\salidas\scanqueue\backend\node_modules\pg-pool\index.js:45:11
    at process.processTicksAndRejections (node:internal/process/task_queues:105:5)
    at async query (file:///C:/Users/ludin/Desktop/salidas/scanqueue/backend/src/config/database.js:25:18)
    at async Module.getScansToday (file:///C:/Users/ludin/Desktop/salidas/scanqueue/backend/src/models/Scan.js:23:15)
    at async Module.getScanStatistics (file:///C:/Users/ludin/Desktop/salidas/scanqueue/backend/src/services/ScanService.js:76:24)
    at async getDashboardStats (file:///C:/Users/ludin/Desktop/salidas/scanqueue/backend/src/controllers/DashboardController.js:12:19)
Path: /api/dashboard/stats

[2026-03-04T12:54:40.713Z] ERROR: 
Stack: AggregateError [ECONNREFUSED]: 
    at C:\Users\ludin\Desktop\salidas\scanqueue\backend\node_modules\pg-pool\index.js:45:11
    at process.processTicksAndRejections (node:internal/process/task_queues:105:5)
    at async query (file:///C:/Users/ludin/Desktop/salidas/scanqueue/backend/src/config/database.js:25:18)
    at async Module.getScansToday (file:///C:/Users/ludin/Desktop/salidas/scanqueue/backend/src/models/Scan.js:23:15)
    at async getTodaySummary (file:///C:/Users/ludin/Desktop/salidas/scanqueue/backend/src/controllers/DashboardController.js:30:24)
Path: /api/dashboard/today

[2026-03-04T12:54:41.274Z] ERROR: 
Stack: AggregateError [ECONNREFUSED]: 
    at C:\Users\ludin\Desktop\salidas\scanqueue\backend\node_modules\pg-pool\index.js:45:11
    at process.processTicksAndRejections (node:internal/process/task_queues:105:5)
    at async query (file:///C:/Users/ludin/Desktop/salidas/scanqueue/backend/src/config/database.js:25:18)
    at async Module.getScansToday (file:///C:/Users/ludin/Desktop/salidas/scanqueue/backend/src/models/Scan.js:23:15)
    at async Module.getScanStatistics (file:///C:/Users/ludin/Desktop/salidas/scanqueue/backend/src/services/ScanService.js:76:24)
    at async getDashboardStats (file:///C:/Users/ludin/Desktop/salidas/scanqueue/backend/src/controllers/DashboardController.js:12:19)
Path: /api/dashboard/stats

[2026-03-04T12:54:41.277Z] ERROR: 
Stack: AggregateError [ECONNREFUSED]: 
    at C:\Users\ludin\Desktop\salidas\scanqueue\backend\node_modules\pg-pool\index.js:45:11
    at process.processTicksAndRejections (node:internal/process/task_queues:105:5)
    at async query (file:///C:/Users/ludin/Desktop/salidas/scanqueue/backend/src/config/database.js:25:18)
    at async Module.getScansToday (file:///C:/Users/ludin/Desktop/salidas/scanqueue/backend/src/models/Scan.js:23:15)
    at async getTodaySummary (file:///C:/Users/ludin/Desktop/salidas/scanqueue/backend/src/controllers/DashboardController.js:30:24)
Path: /api/dashboard/today

[2026-03-04T12:54:41.994Z] ERROR: 
Stack: AggregateError [ECONNREFUSED]: 
    at C:\Users\ludin\Desktop\salidas\scanqueue\backend\node_modules\pg-pool\index.js:45:11
    at process.processTicksAndRejections (node:internal/process/task_queues:105:5)
    at async query (file:///C:/Users/ludin/Desktop/salidas/scanqueue/backend/src/config/database.js:25:18)
    at async Module.getScansToday (file:///C:/Users/ludin/Desktop/salidas/scanqueue/backend/src/models/Scan.js:23:15)
    at async Module.getScanStatistics (file:///C:/Users/ludin/Desktop/salidas/scanqueue/backend/src/services/ScanService.js:76:24)
    at async getDashboardStats (file:///C:/Users/ludin/Desktop/salidas/scanqueue/backend/src/controllers/DashboardController.js:12:19)
Path: /api/dashboard/stats

[2026-03-04T12:54:41.997Z] ERROR: 
Stack: AggregateError [ECONNREFUSED]: 
    at C:\Users\ludin\Desktop\salidas\scanqueue\backend\node_modules\pg-pool\index.js:45:11
    at process.processTicksAndRejections (node:internal/process/task_queues:105:5)
    at async query (file:///C:/Users/ludin/Desktop/salidas/scanqueue/backend/src/config/database.js:25:18)
    at async Module.getScansToday (file:///C:/Users/ludin/Desktop/salidas/scanqueue/backend/src/models/Scan.js:23:15)
    at async getTodaySummary (file:///C:/Users/ludin/Desktop/salidas/scanqueue/backend/src/controllers/DashboardController.js:30:24)
Path: /api/dashboard/today

[2026-03-04T12:54:42.635Z] ERROR: 
Stack: AggregateError [ECONNREFUSED]: 
    at C:\Users\ludin\Desktop\salidas\scanqueue\backend\node_modules\pg-pool\index.js:45:11
    at process.processTicksAndRejections (node:internal/process/task_queues:105:5)
    at async query (file:///C:/Users/ludin/Desktop/salidas/scanqueue/backend/src/config/database.js:25:18)
    at async Module.getScansToday (file:///C:/Users/ludin/Desktop/salidas/scanqueue/backend/src/models/Scan.js:23:15)
    at async Module.getScanStatistics (file:///C:/Users/ludin/Desktop/salidas/scanqueue/backend/src/services/ScanService.js:76:24)
    at async getDashboardStats (file:///C:/Users/ludin/Desktop/salidas/scanqueue/backend/src/controllers/DashboardController.js:12:19)
Path: /api/dashboard/stats

[2026-03-04T12:54:42.644Z] ERROR: 
Stack: AggregateError [ECONNREFUSED]: 
    at C:\Users\ludin\Desktop\salidas\scanqueue\backend\node_modules\pg-pool\index.js:45:11
    at process.processTicksAndRejections (node:internal/process/task_queues:105:5)
    at async query (file:///C:/Users/ludin/Desktop/salidas/scanqueue/backend/src/config/database.js:25:18)
    at async Module.getScansToday (file:///C:/Users/ludin/Desktop/salidas/scanqueue/backend/src/models/Scan.js:23:15)
    at async getTodaySummary (file:///C:/Users/ludin/Desktop/salidas/scanqueue/backend/src/controllers/DashboardController.js:30:24)
Path: /api/dashboard/today

[2026-03-04T12:54:43.162Z] ERROR: 
Stack: AggregateError [ECONNREFUSED]: 
    at C:\Users\ludin\Desktop\salidas\scanqueue\backend\node_modules\pg-pool\index.js:45:11
    at process.processTicksAndRejections (node:internal/process/task_queues:105:5)
    at async query (file:///C:/Users/ludin/Desktop/salidas/scanqueue/backend/src/config/database.js:25:18)
    at async Module.getScansToday (file:///C:/Users/ludin/Desktop/salidas/scanqueue/backend/src/models/Scan.js:23:15)
    at async Module.getScanStatistics (file:///C:/Users/ludin/Desktop/salidas/scanqueue/backend/src/services/ScanService.js:76:24)
    at async getDashboardStats (file:///C:/Users/ludin/Desktop/salidas/scanqueue/backend/src/controllers/DashboardController.js:12:19)
Path: /api/dashboard/stats

[2026-03-04T12:54:43.165Z] ERROR: 
Stack: AggregateError [ECONNREFUSED]: 
    at C:\Users\ludin\Desktop\salidas\scanqueue\backend\node_modules\pg-pool\index.js:45:11
    at process.processTicksAndRejections (node:internal/process/task_queues:105:5)
    at async query (file:///C:/Users/ludin/Desktop/salidas/scanqueue/backend/src/config/database.js:25:18)
    at async Module.getScansToday (file:///C:/Users/ludin/Desktop/salidas/scanqueue/backend/src/models/Scan.js:23:15)
    at async getTodaySummary (file:///C:/Users/ludin/Desktop/salidas/scanqueue/backend/src/controllers/DashboardController.js:30:24)
Path: /api/dashboard/today

[2026-03-04T12:54:43.621Z] ERROR: 
Stack: AggregateError [ECONNREFUSED]: 
    at C:\Users\ludin\Desktop\salidas\scanqueue\backend\node_modules\pg-pool\index.js:45:11
    at process.processTicksAndRejections (node:internal/process/task_queues:105:5)
    at async query (file:///C:/Users/ludin/Desktop/salidas/scanqueue/backend/src/config/database.js:25:18)
    at async Module.getScansToday (file:///C:/Users/ludin/Desktop/salidas/scanqueue/backend/src/models/Scan.js:23:15)
    at async Module.getScanStatistics (file:///C:/Users/ludin/Desktop/salidas/scanqueue/backend/src/services/ScanService.js:76:24)
    at async getDashboardStats (file:///C:/Users/ludin/Desktop/salidas/scanqueue/backend/src/controllers/DashboardController.js:12:19)
Path: /api/dashboard/stats

[2026-03-04T12:54:43.626Z] ERROR: 
Stack: AggregateError [ECONNREFUSED]: 
    at C:\Users\ludin\Desktop\salidas\scanqueue\backend\node_modules\pg-pool\index.js:45:11
    at process.processTicksAndRejections (node:internal/process/task_queues:105:5)
    at async query (file:///C:/Users/ludin/Desktop/salidas/scanqueue/backend/src/config/database.js:25:18)
    at async Module.getScansToday (file:///C:/Users/ludin/Desktop/salidas/scanqueue/backend/src/models/Scan.js:23:15)
    at async getTodaySummary (file:///C:/Users/ludin/Desktop/salidas/scanqueue/backend/src/controllers/DashboardController.js:30:24)
Path: /api/dashboard/today

[2026-03-04T12:54:44.376Z] ERROR: 
Stack: AggregateError [ECONNREFUSED]: 
    at C:\Users\ludin\Desktop\salidas\scanqueue\backend\node_modules\pg-pool\index.js:45:11
    at process.processTicksAndRejections (node:internal/process/task_queues:105:5)
    at async query (file:///C:/Users/ludin/Desktop/salidas/scanqueue/backend/src/config/database.js:25:18)
    at async Module.getScansToday (file:///C:/Users/ludin/Desktop/salidas/scanqueue/backend/src/models/Scan.js:23:15)
    at async Module.getScanStatistics (file:///C:/Users/ludin/Desktop/salidas/scanqueue/backend/src/services/ScanService.js:76:24)
    at async getDashboardStats (file:///C:/Users/ludin/Desktop/salidas/scanqueue/backend/src/controllers/DashboardController.js:12:19)
Path: /api/dashboard/stats

[2026-03-04T12:54:44.382Z] ERROR: 
Stack: AggregateError [ECONNREFUSED]: 
    at C:\Users\ludin\Desktop\salidas\scanqueue\backend\node_modules\pg-pool\index.js:45:11
    at process.processTicksAndRejections (node:internal/process/task_queues:105:5)
    at async query (file:///C:/Users/ludin/Desktop/salidas/scanqueue/backend/src/config/database.js:25:18)
    at async Module.getScansToday (file:///C:/Users/ludin/Desktop/salidas/scanqueue/backend/src/models/Scan.js:23:15)
    at async getTodaySummary (file:///C:/Users/ludin/Desktop/salidas/scanqueue/backend/src/controllers/DashboardController.js:30:24)
Path: /api/dashboard/today

[2026-03-04T12:54:44.976Z] ERROR: 
Stack: AggregateError [ECONNREFUSED]: 
    at C:\Users\ludin\Desktop\salidas\scanqueue\backend\node_modules\pg-pool\index.js:45:11
    at process.processTicksAndRejections (node:internal/process/task_queues:105:5)
    at async query (file:///C:/Users/ludin/Desktop/salidas/scanqueue/backend/src/config/database.js:25:18)
    at async Module.getScansToday (file:///C:/Users/ludin/Desktop/salidas/scanqueue/backend/src/models/Scan.js:23:15)
    at async Module.getScanStatistics (file:///C:/Users/ludin/Desktop/salidas/scanqueue/backend/src/services/ScanService.js:76:24)
    at async getDashboardStats (file:///C:/Users/ludin/Desktop/salidas/scanqueue/backend/src/controllers/DashboardController.js:12:19)
Path: /api/dashboard/stats

[2026-03-04T12:54:44.980Z] ERROR: 
Stack: AggregateError [ECONNREFUSED]: 
    at C:\Users\ludin\Desktop\salidas\scanqueue\backend\node_modules\pg-pool\index.js:45:11
    at process.processTicksAndRejections (node:internal/process/task_queues:105:5)
    at async query (file:///C:/Users/ludin/Desktop/salidas/scanqueue/backend/src/config/database.js:25:18)
    at async Module.getScansToday (file:///C:/Users/ludin/Desktop/salidas/scanqueue/backend/src/models/Scan.js:23:15)
    at async getTodaySummary (file:///C:/Users/ludin/Desktop/salidas/scanqueue/backend/src/controllers/DashboardController.js:30:24)
Path: /api/dashboard/today

[2026-03-04T12:54:45.702Z] ERROR: 
Stack: AggregateError [ECONNREFUSED]: 
    at C:\Users\ludin\Desktop\salidas\scanqueue\backend\node_modules\pg-pool\index.js:45:11
    at process.processTicksAndRejections (node:internal/process/task_queues:105:5)
    at async query (file:///C:/Users/ludin/Desktop/salidas/scanqueue/backend/src/config/database.js:25:18)
    at async Module.getScansToday (file:///C:/Users/ludin/Desktop/salidas/scanqueue/backend/src/models/Scan.js:23:15)
    at async Module.getScanStatistics (file:///C:/Users/ludin/Desktop/salidas/scanqueue/backend/src/services/ScanService.js:76:24)
    at async getDashboardStats (file:///C:/Users/ludin/Desktop/salidas/scanqueue/backend/src/controllers/DashboardController.js:12:19)
Path: /api/dashboard/stats

[2026-03-04T12:54:45.708Z] ERROR: 
Stack: AggregateError [ECONNREFUSED]: 
    at C:\Users\ludin\Desktop\salidas\scanqueue\backend\node_modules\pg-pool\index.js:45:11
    at process.processTicksAndRejections (node:internal/process/task_queues:105:5)
    at async query (file:///C:/Users/ludin/Desktop/salidas/scanqueue/backend/src/config/database.js:25:18)
    at async Module.getScansToday (file:///C:/Users/ludin/Desktop/salidas/scanqueue/backend/src/models/Scan.js:23:15)
    at async getTodaySummary (file:///C:/Users/ludin/Desktop/salidas/scanqueue/backend/src/controllers/DashboardController.js:30:24)
Path: /api/dashboard/today

[2026-03-04T12:54:46.356Z] ERROR: 
Stack: AggregateError [ECONNREFUSED]: 
    at C:\Users\ludin\Desktop\salidas\scanqueue\backend\node_modules\pg-pool\index.js:45:11
    at process.processTicksAndRejections (node:internal/process/task_queues:105:5)
    at async query (file:///C:/Users/ludin/Desktop/salidas/scanqueue/backend/src/config/database.js:25:18)
    at async Module.getScansToday (file:///C:/Users/ludin/Desktop/salidas/scanqueue/backend/src/models/Scan.js:23:15)
    at async Module.getScanStatistics (file:///C:/Users/ludin/Desktop/salidas/scanqueue/backend/src/services/ScanService.js:76:24)
    at async getDashboardStats (file:///C:/Users/ludin/Desktop/salidas/scanqueue/backend/src/controllers/DashboardController.js:12:19)
Path: /api/dashboard/stats

[2026-03-04T12:54:46.359Z] ERROR: 
Stack: AggregateError [ECONNREFUSED]: 
    at C:\Users\ludin\Desktop\salidas\scanqueue\backend\node_modules\pg-pool\index.js:45:11
    at process.processTicksAndRejections (node:internal/process/task_queues:105:5)
    at async query (file:///C:/Users/ludin/Desktop/salidas/scanqueue/backend/src/config/database.js:25:18)
    at async Module.getScansToday (file:///C:/Users/ludin/Desktop/salidas/scanqueue/backend/src/models/Scan.js:23:15)
    at async getTodaySummary (file:///C:/Users/ludin/Desktop/salidas/scanqueue/backend/src/controllers/DashboardController.js:30:24)
Path: /api/dashboard/today

[2026-03-04T12:54:47.059Z] ERROR: 
Stack: AggregateError [ECONNREFUSED]: 
    at C:\Users\ludin\Desktop\salidas\scanqueue\backend\node_modules\pg-pool\index.js:45:11
    at process.processTicksAndRejections (node:internal/process/task_queues:105:5)
    at async query (file:///C:/Users/ludin/Desktop/salidas/scanqueue/backend/src/config/database.js:25:18)
    at async Module.getScansToday (file:///C:/Users/ludin/Desktop/salidas/scanqueue/backend/src/models/Scan.js:23:15)
    at async Module.getScanStatistics (file:///C:/Users/ludin/Desktop/salidas/scanqueue/backend/src/services/ScanService.js:76:24)
    at async getDashboardStats (file:///C:/Users/ludin/Desktop/salidas/scanqueue/backend/src/controllers/DashboardController.js:12:19)
Path: /api/dashboard/stats

[2026-03-04T12:54:47.071Z] ERROR: 
Stack: AggregateError [ECONNREFUSED]: 
    at C:\Users\ludin\Desktop\salidas\scanqueue\backend\node_modules\pg-pool\index.js:45:11
    at process.processTicksAndRejections (node:internal/process/task_queues:105:5)
    at async query (file:///C:/Users/ludin/Desktop/salidas/scanqueue/backend/src/config/database.js:25:18)
    at async Module.getScansToday (file:///C:/Users/ludin/Desktop/salidas/scanqueue/backend/src/models/Scan.js:23:15)
    at async getTodaySummary (file:///C:/Users/ludin/Desktop/salidas/scanqueue/backend/src/controllers/DashboardController.js:30:24)
Path: /api/dashboard/today

[2026-03-04T12:54:47.685Z] ERROR: 
Stack: AggregateError [ECONNREFUSED]: 
    at C:\Users\ludin\Desktop\salidas\scanqueue\backend\node_modules\pg-pool\index.js:45:11
    at process.processTicksAndRejections (node:internal/process/task_queues:105:5)
    at async query (file:///C:/Users/ludin/Desktop/salidas/scanqueue/backend/src/config/database.js:25:18)
    at async Module.getScansToday (file:///C:/Users/ludin/Desktop/salidas/scanqueue/backend/src/models/Scan.js:23:15)
    at async Module.getScanStatistics (file:///C:/Users/ludin/Desktop/salidas/scanqueue/backend/src/services/ScanService.js:76:24)
    at async getDashboardStats (file:///C:/Users/ludin/Desktop/salidas/scanqueue/backend/src/controllers/DashboardController.js:12:19)
Path: /api/dashboard/stats

[2026-03-04T12:54:47.688Z] ERROR: 
Stack: AggregateError [ECONNREFUSED]: 
    at C:\Users\ludin\Desktop\salidas\scanqueue\backend\node_modules\pg-pool\index.js:45:11
    at process.processTicksAndRejections (node:internal/process/task_queues:105:5)
    at async query (file:///C:/Users/ludin/Desktop/salidas/scanqueue/backend/src/config/database.js:25:18)
    at async Module.getScansToday (file:///C:/Users/ludin/Desktop/salidas/scanqueue/backend/src/models/Scan.js:23:15)
    at async getTodaySummary (file:///C:/Users/ludin/Desktop/salidas/scanqueue/backend/src/controllers/DashboardController.js:30:24)
Path: /api/dashboard/today

[2026-03-04T12:54:48.382Z] ERROR: 
Stack: AggregateError [ECONNREFUSED]: 
    at C:\Users\ludin\Desktop\salidas\scanqueue\backend\node_modules\pg-pool\index.js:45:11
    at process.processTicksAndRejections (node:internal/process/task_queues:105:5)
    at async query (file:///C:/Users/ludin/Desktop/salidas/scanqueue/backend/src/config/database.js:25:18)
    at async Module.getScansToday (file:///C:/Users/ludin/Desktop/salidas/scanqueue/backend/src/models/Scan.js:23:15)
    at async Module.getScanStatistics (file:///C:/Users/ludin/Desktop/salidas/scanqueue/backend/src/services/ScanService.js:76:24)
    at async getDashboardStats (file:///C:/Users/ludin/Desktop/salidas/scanqueue/backend/src/controllers/DashboardController.js:12:19)
Path: /api/dashboard/stats

[2026-03-04T12:54:48.384Z] ERROR: 
Stack: AggregateError [ECONNREFUSED]: 
    at C:\Users\ludin\Desktop\salidas\scanqueue\backend\node_modules\pg-pool\index.js:45:11
    at process.processTicksAndRejections (node:internal/process/task_queues:105:5)
    at async query (file:///C:/Users/ludin/Desktop/salidas/scanqueue/backend/src/config/database.js:25:18)
    at async Module.getScansToday (file:///C:/Users/ludin/Desktop/salidas/scanqueue/backend/src/models/Scan.js:23:15)
    at async getTodaySummary (file:///C:/Users/ludin/Desktop/salidas/scanqueue/backend/src/controllers/DashboardController.js:30:24)
Path: /api/dashboard/today

[2026-03-04T12:54:48.820Z] ERROR: 
Stack: AggregateError [ECONNREFUSED]: 
    at C:\Users\ludin\Desktop\salidas\scanqueue\backend\node_modules\pg-pool\index.js:45:11
    at process.processTicksAndRejections (node:internal/process/task_queues:105:5)
    at async query (file:///C:/Users/ludin/Desktop/salidas/scanqueue/backend/src/config/database.js:25:18)
    at async Module.getScansToday (file:///C:/Users/ludin/Desktop/salidas/scanqueue/backend/src/models/Scan.js:23:15)
    at async Module.getScanStatistics (file:///C:/Users/ludin/Desktop/salidas/scanqueue/backend/src/services/ScanService.js:76:24)
    at async getDashboardStats (file:///C:/Users/ludin/Desktop/salidas/scanqueue/backend/src/controllers/DashboardController.js:12:19)
Path: /api/dashboard/stats

[2026-03-04T12:54:50.295Z] ERROR: 
Stack: AggregateError [ECONNREFUSED]: 
    at C:\Users\ludin\Desktop\salidas\scanqueue\backend\node_modules\pg-pool\index.js:45:11
    at process.processTicksAndRejections (node:internal/process/task_queues:105:5)
    at async query (file:///C:/Users/ludin/Desktop/salidas/scanqueue/backend/src/config/database.js:25:18)
    at async Module.getScansToday (file:///C:/Users/ludin/Desktop/salidas/scanqueue/backend/src/models/Scan.js:23:15)
    at async getTodaySummary (file:///C:/Users/ludin/Desktop/salidas/scanqueue/backend/src/controllers/DashboardController.js:30:24)
Path: /api/dashboard/today

[2026-03-04T12:54:50.913Z] ERROR: 
Stack: AggregateError [ECONNREFUSED]: 
    at C:\Users\ludin\Desktop\salidas\scanqueue\backend\node_modules\pg-pool\index.js:45:11
    at process.processTicksAndRejections (node:internal/process/task_queues:105:5)
    at async query (file:///C:/Users/ludin/Desktop/salidas/scanqueue/backend/src/config/database.js:25:18)
    at async Module.getScansToday (file:///C:/Users/ludin/Desktop/salidas/scanqueue/backend/src/models/Scan.js:23:15)
    at async Module.getScanStatistics (file:///C:/Users/ludin/Desktop/salidas/scanqueue/backend/src/services/ScanService.js:76:24)
    at async getDashboardStats (file:///C:/Users/ludin/Desktop/salidas/scanqueue/backend/src/controllers/DashboardController.js:12:19)
Path: /api/dashboard/stats

[2026-03-04T12:54:50.915Z] ERROR: 
Stack: AggregateError [ECONNREFUSED]: 
    at C:\Users\ludin\Desktop\salidas\scanqueue\backend\node_modules\pg-pool\index.js:45:11
    at process.processTicksAndRejections (node:internal/process/task_queues:105:5)
    at async query (file:///C:/Users/ludin/Desktop/salidas/scanqueue/backend/src/config/database.js:25:18)
    at async Module.getScansToday (file:///C:/Users/ludin/Desktop/salidas/scanqueue/backend/src/models/Scan.js:23:15)
    at async getTodaySummary (file:///C:/Users/ludin/Desktop/salidas/scanqueue/backend/src/controllers/DashboardController.js:30:24)
Path: /api/dashboard/today

[2026-03-04T12:54:51.570Z] ERROR: 
Stack: AggregateError [ECONNREFUSED]: 
    at C:\Users\ludin\Desktop\salidas\scanqueue\backend\node_modules\pg-pool\index.js:45:11
    at process.processTicksAndRejections (node:internal/process/task_queues:105:5)
    at async query (file:///C:/Users/ludin/Desktop/salidas/scanqueue/backend/src/config/database.js:25:18)
    at async Module.getScansToday (file:///C:/Users/ludin/Desktop/salidas/scanqueue/backend/src/models/Scan.js:23:15)
    at async Module.getScanStatistics (file:///C:/Users/ludin/Desktop/salidas/scanqueue/backend/src/services/ScanService.js:76:24)
    at async getDashboardStats (file:///C:/Users/ludin/Desktop/salidas/scanqueue/backend/src/controllers/DashboardController.js:12:19)
Path: /api/dashboard/stats

[2026-03-04T12:54:51.573Z] ERROR: 
Stack: AggregateError [ECONNREFUSED]: 
    at C:\Users\ludin\Desktop\salidas\scanqueue\backend\node_modules\pg-pool\index.js:45:11
    at process.processTicksAndRejections (node:internal/process/task_queues:105:5)
    at async query (file:///C:/Users/ludin/Desktop/salidas/scanqueue/backend/src/config/database.js:25:18)
    at async Module.getScansToday (file:///C:/Users/ludin/Desktop/salidas/scanqueue/backend/src/models/Scan.js:23:15)
    at async getTodaySummary (file:///C:/Users/ludin/Desktop/salidas/scanqueue/backend/src/controllers/DashboardController.js:30:24)
Path: /api/dashboard/today

[2026-03-04T12:54:52.380Z] ERROR: 
Stack: AggregateError [ECONNREFUSED]: 
    at C:\Users\ludin\Desktop\salidas\scanqueue\backend\node_modules\pg-pool\index.js:45:11
    at process.processTicksAndRejections (node:internal/process/task_queues:105:5)
    at async query (file:///C:/Users/ludin/Desktop/salidas/scanqueue/backend/src/config/database.js:25:18)
    at async Module.getScansToday (file:///C:/Users/ludin/Desktop/salidas/scanqueue/backend/src/models/Scan.js:23:15)
    at async Module.getScanStatistics (file:///C:/Users/ludin/Desktop/salidas/scanqueue/backend/src/services/ScanService.js:76:24)
    at async getDashboardStats (file:///C:/Users/ludin/Desktop/salidas/scanqueue/backend/src/controllers/DashboardController.js:12:19)
Path: /api/dashboard/stats

[2026-03-04T12:54:52.386Z] ERROR: 
Stack: AggregateError [ECONNREFUSED]: 
    at C:\Users\ludin\Desktop\salidas\scanqueue\backend\node_modules\pg-pool\index.js:45:11
    at process.processTicksAndRejections (node:internal/process/task_queues:105:5)
    at async query (file:///C:/Users/ludin/Desktop/salidas/scanqueue/backend/src/config/database.js:25:18)
    at async Module.getScansToday (file:///C:/Users/ludin/Desktop/salidas/scanqueue/backend/src/models/Scan.js:23:15)
    at async getTodaySummary (file:///C:/Users/ludin/Desktop/salidas/scanqueue/backend/src/controllers/DashboardController.js:30:24)
Path: /api/dashboard/today

[2026-03-04T12:54:52.920Z] ERROR: 
Stack: AggregateError [ECONNREFUSED]: 
    at C:\Users\ludin\Desktop\salidas\scanqueue\backend\node_modules\pg-pool\index.js:45:11
    at process.processTicksAndRejections (node:internal/process/task_queues:105:5)
    at async query (file:///C:/Users/ludin/Desktop/salidas/scanqueue/backend/src/config/database.js:25:18)
    at async Module.getScansToday (file:///C:/Users/ludin/Desktop/salidas/scanqueue/backend/src/models/Scan.js:23:15)
    at async Module.getScanStatistics (file:///C:/Users/ludin/Desktop/salidas/scanqueue/backend/src/services/ScanService.js:76:24)
    at async getDashboardStats (file:///C:/Users/ludin/Desktop/salidas/scanqueue/backend/src/controllers/DashboardController.js:12:19)
Path: /api/dashboard/stats

[2026-03-04T12:54:52.923Z] ERROR: 
Stack: AggregateError [ECONNREFUSED]: 
    at C:\Users\ludin\Desktop\salidas\scanqueue\backend\node_modules\pg-pool\index.js:45:11
    at process.processTicksAndRejections (node:internal/process/task_queues:105:5)
    at async query (file:///C:/Users/ludin/Desktop/salidas/scanqueue/backend/src/config/database.js:25:18)
    at async Module.getScansToday (file:///C:/Users/ludin/Desktop/salidas/scanqueue/backend/src/models/Scan.js:23:15)
    at async getTodaySummary (file:///C:/Users/ludin/Desktop/salidas/scanqueue/backend/src/controllers/DashboardController.js:30:24)
Path: /api/dashboard/today

[2026-03-04T12:54:53.609Z] ERROR: 
Stack: AggregateError [ECONNREFUSED]: 
    at C:\Users\ludin\Desktop\salidas\scanqueue\backend\node_modules\pg-pool\index.js:45:11
    at process.processTicksAndRejections (node:internal/process/task_queues:105:5)
    at async query (file:///C:/Users/ludin/Desktop/salidas/scanqueue/backend/src/config/database.js:25:18)
    at async Module.getScansToday (file:///C:/Users/ludin/Desktop/salidas/scanqueue/backend/src/models/Scan.js:23:15)
    at async Module.getScanStatistics (file:///C:/Users/ludin/Desktop/salidas/scanqueue/backend/src/services/ScanService.js:76:24)
    at async getDashboardStats (file:///C:/Users/ludin/Desktop/salidas/scanqueue/backend/src/controllers/DashboardController.js:12:19)
Path: /api/dashboard/stats

[2026-03-04T12:54:53.612Z] ERROR: 
Stack: AggregateError [ECONNREFUSED]: 
    at C:\Users\ludin\Desktop\salidas\scanqueue\backend\node_modules\pg-pool\index.js:45:11
    at process.processTicksAndRejections (node:internal/process/task_queues:105:5)
    at async query (file:///C:/Users/ludin/Desktop/salidas/scanqueue/backend/src/config/database.js:25:18)
    at async Module.getScansToday (file:///C:/Users/ludin/Desktop/salidas/scanqueue/backend/src/models/Scan.js:23:15)
    at async getTodaySummary (file:///C:/Users/ludin/Desktop/salidas/scanqueue/backend/src/controllers/DashboardController.js:30:24)
Path: /api/dashboard/today

[2026-03-04T12:54:54.243Z] ERROR: 
Stack: AggregateError [ECONNREFUSED]: 
    at C:\Users\ludin\Desktop\salidas\scanqueue\backend\node_modules\pg-pool\index.js:45:11
    at process.processTicksAndRejections (node:internal/process/task_queues:105:5)
    at async query (file:///C:/Users/ludin/Desktop/salidas/scanqueue/backend/src/config/database.js:25:18)
    at async Module.getScansToday (file:///C:/Users/ludin/Desktop/salidas/scanqueue/backend/src/models/Scan.js:23:15)
    at async Module.getScanStatistics (file:///C:/Users/ludin/Desktop/salidas/scanqueue/backend/src/services/ScanService.js:76:24)
    at async getDashboardStats (file:///C:/Users/ludin/Desktop/salidas/scanqueue/backend/src/controllers/DashboardController.js:12:19)
Path: /api/dashboard/stats

[2026-03-04T12:54:54.248Z] ERROR: 
Stack: AggregateError [ECONNREFUSED]: 
    at C:\Users\ludin\Desktop\salidas\scanqueue\backend\node_modules\pg-pool\index.js:45:11
    at process.processTicksAndRejections (node:internal/process/task_queues:105:5)
    at async query (file:///C:/Users/ludin/Desktop/salidas/scanqueue/backend/src/config/database.js:25:18)
    at async Module.getScansToday (file:///C:/Users/ludin/Desktop/salidas/scanqueue/backend/src/models/Scan.js:23:15)
    at async getTodaySummary (file:///C:/Users/ludin/Desktop/salidas/scanqueue/backend/src/controllers/DashboardController.js:30:24)
Path: /api/dashboard/today

[2026-03-04T12:54:55.041Z] ERROR: 
Stack: AggregateError [ECONNREFUSED]: 
    at C:\Users\ludin\Desktop\salidas\scanqueue\backend\node_modules\pg-pool\index.js:45:11
    at process.processTicksAndRejections (node:internal/process/task_queues:105:5)
    at async query (file:///C:/Users/ludin/Desktop/salidas/scanqueue/backend/src/config/database.js:25:18)
    at async Module.getScansToday (file:///C:/Users/ludin/Desktop/salidas/scanqueue/backend/src/models/Scan.js:23:15)
    at async Module.getScanStatistics (file:///C:/Users/ludin/Desktop/salidas/scanqueue/backend/src/services/ScanService.js:76:24)
    at async getDashboardStats (file:///C:/Users/ludin/Desktop/salidas/scanqueue/backend/src/controllers/DashboardController.js:12:19)
Path: /api/dashboard/stats

[2026-03-04T12:54:55.045Z] ERROR: 
Stack: AggregateError [ECONNREFUSED]: 
    at C:\Users\ludin\Desktop\salidas\scanqueue\backend\node_modules\pg-pool\index.js:45:11
    at process.processTicksAndRejections (node:internal/process/task_queues:105:5)
    at async query (file:///C:/Users/ludin/Desktop/salidas/scanqueue/backend/src/config/database.js:25:18)
    at async Module.getScansToday (file:///C:/Users/ludin/Desktop/salidas/scanqueue/backend/src/models/Scan.js:23:15)
    at async getTodaySummary (file:///C:/Users/ludin/Desktop/salidas/scanqueue/backend/src/controllers/DashboardController.js:30:24)
Path: /api/dashboard/today

[2026-03-04T12:54:55.613Z] ERROR: 
Stack: AggregateError [ECONNREFUSED]: 
    at C:\Users\ludin\Desktop\salidas\scanqueue\backend\node_modules\pg-pool\index.js:45:11
    at process.processTicksAndRejections (node:internal/process/task_queues:105:5)
    at async query (file:///C:/Users/ludin/Desktop/salidas/scanqueue/backend/src/config/database.js:25:18)
    at async Module.getScansToday (file:///C:/Users/ludin/Desktop/salidas/scanqueue/backend/src/models/Scan.js:23:15)
    at async Module.getScanStatistics (file:///C:/Users/ludin/Desktop/salidas/scanqueue/backend/src/services/ScanService.js:76:24)
    at async getDashboardStats (file:///C:/Users/ludin/Desktop/salidas/scanqueue/backend/src/controllers/DashboardController.js:12:19)
Path: /api/dashboard/stats

[2026-03-04T12:54:55.615Z] ERROR: 
Stack: AggregateError [ECONNREFUSED]: 
    at C:\Users\ludin\Desktop\salidas\scanqueue\backend\node_modules\pg-pool\index.js:45:11
    at process.processTicksAndRejections (node:internal/process/task_queues:105:5)
    at async query (file:///C:/Users/ludin/Desktop/salidas/scanqueue/backend/src/config/database.js:25:18)
    at async Module.getScansToday (file:///C:/Users/ludin/Desktop/salidas/scanqueue/backend/src/models/Scan.js:23:15)
    at async getTodaySummary (file:///C:/Users/ludin/Desktop/salidas/scanqueue/backend/src/controllers/DashboardController.js:30:24)
Path: /api/dashboard/today

[2026-03-04T12:54:56.346Z] ERROR: 
Stack: AggregateError [ECONNREFUSED]: 
    at C:\Users\ludin\Desktop\salidas\scanqueue\backend\node_modules\pg-pool\index.js:45:11
    at process.processTicksAndRejections (node:internal/process/task_queues:105:5)
    at async query (file:///C:/Users/ludin/Desktop/salidas/scanqueue/backend/src/config/database.js:25:18)
    at async Module.getScansToday (file:///C:/Users/ludin/Desktop/salidas/scanqueue/backend/src/models/Scan.js:23:15)
    at async Module.getScanStatistics (file:///C:/Users/ludin/Desktop/salidas/scanqueue/backend/src/services/ScanService.js:76:24)
    at async getDashboardStats (file:///C:/Users/ludin/Desktop/salidas/scanqueue/backend/src/controllers/DashboardController.js:12:19)
Path: /api/dashboard/stats

[2026-03-04T12:54:56.349Z] ERROR: 
Stack: AggregateError [ECONNREFUSED]: 
    at C:\Users\ludin\Desktop\salidas\scanqueue\backend\node_modules\pg-pool\index.js:45:11
    at process.processTicksAndRejections (node:internal/process/task_queues:105:5)
    at async query (file:///C:/Users/ludin/Desktop/salidas/scanqueue/backend/src/config/database.js:25:18)
    at async Module.getScansToday (file:///C:/Users/ludin/Desktop/salidas/scanqueue/backend/src/models/Scan.js:23:15)
    at async getTodaySummary (file:///C:/Users/ludin/Desktop/salidas/scanqueue/backend/src/controllers/DashboardController.js:30:24)
Path: /api/dashboard/today

[2026-03-04T12:54:56.910Z] ERROR: 
Stack: AggregateError [ECONNREFUSED]: 
    at C:\Users\ludin\Desktop\salidas\scanqueue\backend\node_modules\pg-pool\index.js:45:11
    at process.processTicksAndRejections (node:internal/process/task_queues:105:5)
    at async query (file:///C:/Users/ludin/Desktop/salidas/scanqueue/backend/src/config/database.js:25:18)
    at async Module.getScansToday (file:///C:/Users/ludin/Desktop/salidas/scanqueue/backend/src/models/Scan.js:23:15)
    at async Module.getScanStatistics (file:///C:/Users/ludin/Desktop/salidas/scanqueue/backend/src/services/ScanService.js:76:24)
    at async getDashboardStats (file:///C:/Users/ludin/Desktop/salidas/scanqueue/backend/src/controllers/DashboardController.js:12:19)
Path: /api/dashboard/stats

[2026-03-04T12:54:56.914Z] ERROR: 
Stack: AggregateError [ECONNREFUSED]: 
    at C:\Users\ludin\Desktop\salidas\scanqueue\backend\node_modules\pg-pool\index.js:45:11
    at process.processTicksAndRejections (node:internal/process/task_queues:105:5)
    at async query (file:///C:/Users/ludin/Desktop/salidas/scanqueue/backend/src/config/database.js:25:18)
    at async Module.getScansToday (file:///C:/Users/ludin/Desktop/salidas/scanqueue/backend/src/models/Scan.js:23:15)
    at async getTodaySummary (file:///C:/Users/ludin/Desktop/salidas/scanqueue/backend/src/controllers/DashboardController.js:30:24)
Path: /api/dashboard/today

[2026-03-04T12:54:57.568Z] ERROR: 
Stack: AggregateError [ECONNREFUSED]: 
    at C:\Users\ludin\Desktop\salidas\scanqueue\backend\node_modules\pg-pool\index.js:45:11
    at process.processTicksAndRejections (node:internal/process/task_queues:105:5)
    at async query (file:///C:/Users/ludin/Desktop/salidas/scanqueue/backend/src/config/database.js:25:18)
    at async Module.getScansToday (file:///C:/Users/ludin/Desktop/salidas/scanqueue/backend/src/models/Scan.js:23:15)
    at async Module.getScanStatistics (file:///C:/Users/ludin/Desktop/salidas/scanqueue/backend/src/services/ScanService.js:76:24)
    at async getDashboardStats (file:///C:/Users/ludin/Desktop/salidas/scanqueue/backend/src/controllers/DashboardController.js:12:19)
Path: /api/dashboard/stats

[2026-03-04T12:54:57.570Z] ERROR: 
Stack: AggregateError [ECONNREFUSED]: 
    at C:\Users\ludin\Desktop\salidas\scanqueue\backend\node_modules\pg-pool\index.js:45:11
    at process.processTicksAndRejections (node:internal/process/task_queues:105:5)
    at async query (file:///C:/Users/ludin/Desktop/salidas/scanqueue/backend/src/config/database.js:25:18)
    at async Module.getScansToday (file:///C:/Users/ludin/Desktop/salidas/scanqueue/backend/src/models/Scan.js:23:15)
    at async getTodaySummary (file:///C:/Users/ludin/Desktop/salidas/scanqueue/backend/src/controllers/DashboardController.js:30:24)
Path: /api/dashboard/today

[2026-03-04T12:54:58.048Z] ERROR: 
Stack: AggregateError [ECONNREFUSED]: 
    at C:\Users\ludin\Desktop\salidas\scanqueue\backend\node_modules\pg-pool\index.js:45:11
    at process.processTicksAndRejections (node:internal/process/task_queues:105:5)
    at async query (file:///C:/Users/ludin/Desktop/salidas/scanqueue/backend/src/config/database.js:25:18)
    at async Module.getScansToday (file:///C:/Users/ludin/Desktop/salidas/scanqueue/backend/src/models/Scan.js:23:15)
    at async Module.getScanStatistics (file:///C:/Users/ludin/Desktop/salidas/scanqueue/backend/src/services/ScanService.js:76:24)
    at async getDashboardStats (file:///C:/Users/ludin/Desktop/salidas/scanqueue/backend/src/controllers/DashboardController.js:12:19)
Path: /api/dashboard/stats

[2026-03-04T12:54:58.051Z] ERROR: 
Stack: AggregateError [ECONNREFUSED]: 
    at C:\Users\ludin\Desktop\salidas\scanqueue\backend\node_modules\pg-pool\index.js:45:11
    at process.processTicksAndRejections (node:internal/process/task_queues:105:5)
    at async query (file:///C:/Users/ludin/Desktop/salidas/scanqueue/backend/src/config/database.js:25:18)
    at async Module.getScansToday (file:///C:/Users/ludin/Desktop/salidas/scanqueue/backend/src/models/Scan.js:23:15)
    at async getTodaySummary (file:///C:/Users/ludin/Desktop/salidas/scanqueue/backend/src/controllers/DashboardController.js:30:24)
Path: /api/dashboard/today

[2026-03-04T12:54:58.728Z] ERROR: 
Stack: AggregateError [ECONNREFUSED]: 
    at C:\Users\ludin\Desktop\salidas\scanqueue\backend\node_modules\pg-pool\index.js:45:11
    at process.processTicksAndRejections (node:internal/process/task_queues:105:5)
    at async query (file:///C:/Users/ludin/Desktop/salidas/scanqueue/backend/src/config/database.js:25:18)
    at async Module.getScansToday (file:///C:/Users/ludin/Desktop/salidas/scanqueue/backend/src/models/Scan.js:23:15)
    at async Module.getScanStatistics (file:///C:/Users/ludin/Desktop/salidas/scanqueue/backend/src/services/ScanService.js:76:24)
    at async getDashboardStats (file:///C:/Users/ludin/Desktop/salidas/scanqueue/backend/src/controllers/DashboardController.js:12:19)
Path: /api/dashboard/stats

[2026-03-04T12:54:58.731Z] ERROR: 
Stack: AggregateError [ECONNREFUSED]: 
    at C:\Users\ludin\Desktop\salidas\scanqueue\backend\node_modules\pg-pool\index.js:45:11
    at process.processTicksAndRejections (node:internal/process/task_queues:105:5)
    at async query (file:///C:/Users/ludin/Desktop/salidas/scanqueue/backend/src/config/database.js:25:18)
    at async Module.getScansToday (file:///C:/Users/ludin/Desktop/salidas/scanqueue/backend/src/models/Scan.js:23:15)
    at async getTodaySummary (file:///C:/Users/ludin/Desktop/salidas/scanqueue/backend/src/controllers/DashboardController.js:30:24)
Path: /api/dashboard/today

[2026-03-04T12:54:59.227Z] ERROR: 
Stack: AggregateError [ECONNREFUSED]: 
    at C:\Users\ludin\Desktop\salidas\scanqueue\backend\node_modules\pg-pool\index.js:45:11
    at process.processTicksAndRejections (node:internal/process/task_queues:105:5)
    at async query (file:///C:/Users/ludin/Desktop/salidas/scanqueue/backend/src/config/database.js:25:18)
    at async Module.getScansToday (file:///C:/Users/ludin/Desktop/salidas/scanqueue/backend/src/models/Scan.js:23:15)
    at async Module.getScanStatistics (file:///C:/Users/ludin/Desktop/salidas/scanqueue/backend/src/services/ScanService.js:76:24)
    at async getDashboardStats (file:///C:/Users/ludin/Desktop/salidas/scanqueue/backend/src/controllers/DashboardController.js:12:19)
Path: /api/dashboard/stats

[2026-03-04T12:54:59.230Z] ERROR: 
Stack: AggregateError [ECONNREFUSED]: 
    at C:\Users\ludin\Desktop\salidas\scanqueue\backend\node_modules\pg-pool\index.js:45:11
    at process.processTicksAndRejections (node:internal/process/task_queues:105:5)
    at async query (file:///C:/Users/ludin/Desktop/salidas/scanqueue/backend/src/config/database.js:25:18)
    at async Module.getScansToday (file:///C:/Users/ludin/Desktop/salidas/scanqueue/backend/src/models/Scan.js:23:15)
    at async getTodaySummary (file:///C:/Users/ludin/Desktop/salidas/scanqueue/backend/src/controllers/DashboardController.js:30:24)
Path: /api/dashboard/today

[2026-03-04T12:54:59.825Z] ERROR: 
Stack: AggregateError [ECONNREFUSED]: 
    at C:\Users\ludin\Desktop\salidas\scanqueue\backend\node_modules\pg-pool\index.js:45:11
    at process.processTicksAndRejections (node:internal/process/task_queues:105:5)
    at async query (file:///C:/Users/ludin/Desktop/salidas/scanqueue/backend/src/config/database.js:25:18)
    at async Module.getScansToday (file:///C:/Users/ludin/Desktop/salidas/scanqueue/backend/src/models/Scan.js:23:15)
    at async Module.getScanStatistics (file:///C:/Users/ludin/Desktop/salidas/scanqueue/backend/src/services/ScanService.js:76:24)
    at async getDashboardStats (file:///C:/Users/ludin/Desktop/salidas/scanqueue/backend/src/controllers/DashboardController.js:12:19)
Path: /api/dashboard/stats

[2026-03-04T12:54:59.827Z] ERROR: 
Stack: AggregateError [ECONNREFUSED]: 
    at C:\Users\ludin\Desktop\salidas\scanqueue\backend\node_modules\pg-pool\index.js:45:11
    at process.processTicksAndRejections (node:internal/process/task_queues:105:5)
    at async query (file:///C:/Users/ludin/Desktop/salidas/scanqueue/backend/src/config/database.js:25:18)
    at async Module.getScansToday (file:///C:/Users/ludin/Desktop/salidas/scanqueue/backend/src/models/Scan.js:23:15)
    at async getTodaySummary (file:///C:/Users/ludin/Desktop/salidas/scanqueue/backend/src/controllers/DashboardController.js:30:24)
Path: /api/dashboard/today

[2026-03-04T12:55:18.785Z] ERROR: 
Stack: AggregateError [ECONNREFUSED]: 
    at C:\Users\ludin\Desktop\salidas\scanqueue\backend\node_modules\pg-pool\index.js:45:11
    at process.processTicksAndRejections (node:internal/process/task_queues:105:5)
    at async query (file:///C:/Users/ludin/Desktop/salidas/scanqueue/backend/src/config/database.js:25:18)
    at async Module.getScansToday (file:///C:/Users/ludin/Desktop/salidas/scanqueue/backend/src/models/Scan.js:23:15)
    at async Module.getScanStatistics (file:///C:/Users/ludin/Desktop/salidas/scanqueue/backend/src/services/ScanService.js:76:24)
    at async getDashboardStats (file:///C:/Users/ludin/Desktop/salidas/scanqueue/backend/src/controllers/DashboardController.js:12:19)
Path: /api/dashboard/stats

[2026-03-04T12:55:18.796Z] ERROR: 
Stack: AggregateError [ECONNREFUSED]: 
    at C:\Users\ludin\Desktop\salidas\scanqueue\backend\node_modules\pg-pool\index.js:45:11
    at process.processTicksAndRejections (node:internal/process/task_queues:105:5)
    at async query (file:///C:/Users/ludin/Desktop/salidas/scanqueue/backend/src/config/database.js:25:18)
    at async Module.getScansToday (file:///C:/Users/ludin/Desktop/salidas/scanqueue/backend/src/models/Scan.js:23:15)
    at async getTodaySummary (file:///C:/Users/ludin/Desktop/salidas/scanqueue/backend/src/controllers/DashboardController.js:30:24)
Path: /api/dashboard/today

[2026-03-04T12:55:19.863Z] ERROR: 
Stack: AggregateError [ECONNREFUSED]: 
    at C:\Users\ludin\Desktop\salidas\scanqueue\backend\node_modules\pg-pool\index.js:45:11
    at process.processTicksAndRejections (node:internal/process/task_queues:105:5)
    at async query (file:///C:/Users/ludin/Desktop/salidas/scanqueue/backend/src/config/database.js:25:18)
    at async Module.getScansToday (file:///C:/Users/ludin/Desktop/salidas/scanqueue/backend/src/models/Scan.js:23:15)
    at async Module.getScanStatistics (file:///C:/Users/ludin/Desktop/salidas/scanqueue/backend/src/services/ScanService.js:76:24)
    at async getDashboardStats (file:///C:/Users/ludin/Desktop/salidas/scanqueue/backend/src/controllers/DashboardController.js:12:19)
Path: /api/dashboard/stats

[2026-03-04T12:55:19.867Z] ERROR: 
Stack: AggregateError [ECONNREFUSED]: 
    at C:\Users\ludin\Desktop\salidas\scanqueue\backend\node_modules\pg-pool\index.js:45:11
    at process.processTicksAndRejections (node:internal/process/task_queues:105:5)
    at async query (file:///C:/Users/ludin/Desktop/salidas/scanqueue/backend/src/config/database.js:25:18)
    at async Module.getScansToday (file:///C:/Users/ludin/Desktop/salidas/scanqueue/backend/src/models/Scan.js:23:15)
    at async getTodaySummary (file:///C:/Users/ludin/Desktop/salidas/scanqueue/backend/src/controllers/DashboardController.js:30:24)
Path: /api/dashboard/today

[2026-03-04T12:55:20.746Z] ERROR: 
Stack: AggregateError [ECONNREFUSED]: 
    at C:\Users\ludin\Desktop\salidas\scanqueue\backend\node_modules\pg-pool\index.js:45:11
    at process.processTicksAndRejections (node:internal/process/task_queues:105:5)
    at async query (file:///C:/Users/ludin/Desktop/salidas/scanqueue/backend/src/config/database.js:25:18)
    at async Module.getScansToday (file:///C:/Users/ludin/Desktop/salidas/scanqueue/backend/src/models/Scan.js:23:15)
    at async Module.getScanStatistics (file:///C:/Users/ludin/Desktop/salidas/scanqueue/backend/src/services/ScanService.js:76:24)
    at async getDashboardStats (file:///C:/Users/ludin/Desktop/salidas/scanqueue/backend/src/controllers/DashboardController.js:12:19)
Path: /api/dashboard/stats

[2026-03-04T12:55:20.752Z] ERROR: 
Stack: AggregateError [ECONNREFUSED]: 
    at C:\Users\ludin\Desktop\salidas\scanqueue\backend\node_modules\pg-pool\index.js:45:11
    at process.processTicksAndRejections (node:internal/process/task_queues:105:5)
    at async query (file:///C:/Users/ludin/Desktop/salidas/scanqueue/backend/src/config/database.js:25:18)
    at async Module.getScansToday (file:///C:/Users/ludin/Desktop/salidas/scanqueue/backend/src/models/Scan.js:23:15)
    at async getTodaySummary (file:///C:/Users/ludin/Desktop/salidas/scanqueue/backend/src/controllers/DashboardController.js:30:24)
Path: /api/dashboard/today

[2026-03-04T12:55:21.590Z] ERROR: 
Stack: AggregateError [ECONNREFUSED]: 
    at C:\Users\ludin\Desktop\salidas\scanqueue\backend\node_modules\pg-pool\index.js:45:11
    at process.processTicksAndRejections (node:internal/process/task_queues:105:5)
    at async query (file:///C:/Users/ludin/Desktop/salidas/scanqueue/backend/src/config/database.js:25:18)
    at async Module.getScansToday (file:///C:/Users/ludin/Desktop/salidas/scanqueue/backend/src/models/Scan.js:23:15)
    at async Module.getScanStatistics (file:///C:/Users/ludin/Desktop/salidas/scanqueue/backend/src/services/ScanService.js:76:24)
    at async getDashboardStats (file:///C:/Users/ludin/Desktop/salidas/scanqueue/backend/src/controllers/DashboardController.js:12:19)
Path: /api/dashboard/stats

[2026-03-04T12:55:21.594Z] ERROR: 
Stack: AggregateError [ECONNREFUSED]: 
    at C:\Users\ludin\Desktop\salidas\scanqueue\backend\node_modules\pg-pool\index.js:45:11
    at process.processTicksAndRejections (node:internal/process/task_queues:105:5)
    at async query (file:///C:/Users/ludin/Desktop/salidas/scanqueue/backend/src/config/database.js:25:18)
    at async Module.getScansToday (file:///C:/Users/ludin/Desktop/salidas/scanqueue/backend/src/models/Scan.js:23:15)
    at async getTodaySummary (file:///C:/Users/ludin/Desktop/salidas/scanqueue/backend/src/controllers/DashboardController.js:30:24)
Path: /api/dashboard/today

[2026-03-04T12:55:22.169Z] ERROR: 
Stack: AggregateError [ECONNREFUSED]: 
    at C:\Users\ludin\Desktop\salidas\scanqueue\backend\node_modules\pg-pool\index.js:45:11
    at process.processTicksAndRejections (node:internal/process/task_queues:105:5)
    at async query (file:///C:/Users/ludin/Desktop/salidas/scanqueue/backend/src/config/database.js:25:18)
    at async Module.getScansToday (file:///C:/Users/ludin/Desktop/salidas/scanqueue/backend/src/models/Scan.js:23:15)
    at async Module.getScanStatistics (file:///C:/Users/ludin/Desktop/salidas/scanqueue/backend/src/services/ScanService.js:76:24)
    at async getDashboardStats (file:///C:/Users/ludin/Desktop/salidas/scanqueue/backend/src/controllers/DashboardController.js:12:19)
Path: /api/dashboard/stats

[2026-03-04T12:55:22.178Z] ERROR: 
Stack: AggregateError [ECONNREFUSED]: 
    at C:\Users\ludin\Desktop\salidas\scanqueue\backend\node_modules\pg-pool\index.js:45:11
    at process.processTicksAndRejections (node:internal/process/task_queues:105:5)
    at async query (file:///C:/Users/ludin/Desktop/salidas/scanqueue/backend/src/config/database.js:25:18)
    at async Module.getScansToday (file:///C:/Users/ludin/Desktop/salidas/scanqueue/backend/src/models/Scan.js:23:15)
    at async getTodaySummary (file:///C:/Users/ludin/Desktop/salidas/scanqueue/backend/src/controllers/DashboardController.js:30:24)
Path: /api/dashboard/today

[2026-03-04T12:55:22.916Z] ERROR: 
Stack: AggregateError [ECONNREFUSED]: 
    at C:\Users\ludin\Desktop\salidas\scanqueue\backend\node_modules\pg-pool\index.js:45:11
    at process.processTicksAndRejections (node:internal/process/task_queues:105:5)
    at async query (file:///C:/Users/ludin/Desktop/salidas/scanqueue/backend/src/config/database.js:25:18)
    at async Module.getScansToday (file:///C:/Users/ludin/Desktop/salidas/scanqueue/backend/src/models/Scan.js:23:15)
    at async Module.getScanStatistics (file:///C:/Users/ludin/Desktop/salidas/scanqueue/backend/src/services/ScanService.js:76:24)
    at async getDashboardStats (file:///C:/Users/ludin/Desktop/salidas/scanqueue/backend/src/controllers/DashboardController.js:12:19)
Path: /api/dashboard/stats

[2026-03-04T12:55:22.919Z] ERROR: 
Stack: AggregateError [ECONNREFUSED]: 
    at C:\Users\ludin\Desktop\salidas\scanqueue\backend\node_modules\pg-pool\index.js:45:11
    at process.processTicksAndRejections (node:internal/process/task_queues:105:5)
    at async query (file:///C:/Users/ludin/Desktop/salidas/scanqueue/backend/src/config/database.js:25:18)
    at async Module.getScansToday (file:///C:/Users/ludin/Desktop/salidas/scanqueue/backend/src/models/Scan.js:23:15)
    at async getTodaySummary (file:///C:/Users/ludin/Desktop/salidas/scanqueue/backend/src/controllers/DashboardController.js:30:24)
Path: /api/dashboard/today

[2026-03-04T12:55:23.287Z] ERROR: 
Stack: AggregateError [ECONNREFUSED]: 
    at C:\Users\ludin\Desktop\salidas\scanqueue\backend\node_modules\pg-pool\index.js:45:11
    at process.processTicksAndRejections (node:internal/process/task_queues:105:5)
    at async query (file:///C:/Users/ludin/Desktop/salidas/scanqueue/backend/src/config/database.js:25:18)
    at async Module.getScansToday (file:///C:/Users/ludin/Desktop/salidas/scanqueue/backend/src/models/Scan.js:23:15)
    at async Module.getScanStatistics (file:///C:/Users/ludin/Desktop/salidas/scanqueue/backend/src/services/ScanService.js:76:24)
    at async getDashboardStats (file:///C:/Users/ludin/Desktop/salidas/scanqueue/backend/src/controllers/DashboardController.js:12:19)
Path: /api/dashboard/stats

[2026-03-04T12:55:23.290Z] ERROR: 
Stack: AggregateError [ECONNREFUSED]: 
    at C:\Users\ludin\Desktop\salidas\scanqueue\backend\node_modules\pg-pool\index.js:45:11
    at process.processTicksAndRejections (node:internal/process/task_queues:105:5)
    at async query (file:///C:/Users/ludin/Desktop/salidas/scanqueue/backend/src/config/database.js:25:18)
    at async Module.getScansToday (file:///C:/Users/ludin/Desktop/salidas/scanqueue/backend/src/models/Scan.js:23:15)
    at async getTodaySummary (file:///C:/Users/ludin/Desktop/salidas/scanqueue/backend/src/controllers/DashboardController.js:30:24)
Path: /api/dashboard/today

[2026-03-04T12:55:23.799Z] ERROR: 
Stack: AggregateError [ECONNREFUSED]: 
    at C:\Users\ludin\Desktop\salidas\scanqueue\backend\node_modules\pg-pool\index.js:45:11
    at process.processTicksAndRejections (node:internal/process/task_queues:105:5)
    at async query (file:///C:/Users/ludin/Desktop/salidas/scanqueue/backend/src/config/database.js:25:18)
    at async Module.getScansToday (file:///C:/Users/ludin/Desktop/salidas/scanqueue/backend/src/models/Scan.js:23:15)
    at async Module.getScanStatistics (file:///C:/Users/ludin/Desktop/salidas/scanqueue/backend/src/services/ScanService.js:76:24)
    at async getDashboardStats (file:///C:/Users/ludin/Desktop/salidas/scanqueue/backend/src/controllers/DashboardController.js:12:19)
Path: /api/dashboard/stats

[2026-03-04T12:55:23.802Z] ERROR: 
Stack: AggregateError [ECONNREFUSED]: 
    at C:\Users\ludin\Desktop\salidas\scanqueue\backend\node_modules\pg-pool\index.js:45:11
    at process.processTicksAndRejections (node:internal/process/task_queues:105:5)
    at async query (file:///C:/Users/ludin/Desktop/salidas/scanqueue/backend/src/config/database.js:25:18)
    at async Module.getScansToday (file:///C:/Users/ludin/Desktop/salidas/scanqueue/backend/src/models/Scan.js:23:15)
    at async getTodaySummary (file:///C:/Users/ludin/Desktop/salidas/scanqueue/backend/src/controllers/DashboardController.js:30:24)
Path: /api/dashboard/today

[2026-03-04T12:55:24.483Z] ERROR: 
Stack: AggregateError [ECONNREFUSED]: 
    at C:\Users\ludin\Desktop\salidas\scanqueue\backend\node_modules\pg-pool\index.js:45:11
    at process.processTicksAndRejections (node:internal/process/task_queues:105:5)
    at async query (file:///C:/Users/ludin/Desktop/salidas/scanqueue/backend/src/config/database.js:25:18)
    at async Module.getScansToday (file:///C:/Users/ludin/Desktop/salidas/scanqueue/backend/src/models/Scan.js:23:15)
    at async Module.getScanStatistics (file:///C:/Users/ludin/Desktop/salidas/scanqueue/backend/src/services/ScanService.js:76:24)
    at async getDashboardStats (file:///C:/Users/ludin/Desktop/salidas/scanqueue/backend/src/controllers/DashboardController.js:12:19)
Path: /api/dashboard/stats

[2026-03-04T12:55:24.487Z] ERROR: 
Stack: AggregateError [ECONNREFUSED]: 
    at C:\Users\ludin\Desktop\salidas\scanqueue\backend\node_modules\pg-pool\index.js:45:11
    at process.processTicksAndRejections (node:internal/process/task_queues:105:5)
    at async query (file:///C:/Users/ludin/Desktop/salidas/scanqueue/backend/src/config/database.js:25:18)
    at async Module.getScansToday (file:///C:/Users/ludin/Desktop/salidas/scanqueue/backend/src/models/Scan.js:23:15)
    at async getTodaySummary (file:///C:/Users/ludin/Desktop/salidas/scanqueue/backend/src/controllers/DashboardController.js:30:24)
Path: /api/dashboard/today

[2026-03-04T12:55:25.157Z] ERROR: 
Stack: AggregateError [ECONNREFUSED]: 
    at C:\Users\ludin\Desktop\salidas\scanqueue\backend\node_modules\pg-pool\index.js:45:11
    at process.processTicksAndRejections (node:internal/process/task_queues:105:5)
    at async query (file:///C:/Users/ludin/Desktop/salidas/scanqueue/backend/src/config/database.js:25:18)
    at async Module.getScansToday (file:///C:/Users/ludin/Desktop/salidas/scanqueue/backend/src/models/Scan.js:23:15)
    at async Module.getScanStatistics (file:///C:/Users/ludin/Desktop/salidas/scanqueue/backend/src/services/ScanService.js:76:24)
    at async getDashboardStats (file:///C:/Users/ludin/Desktop/salidas/scanqueue/backend/src/controllers/DashboardController.js:12:19)
Path: /api/dashboard/stats

[2026-03-04T12:55:25.159Z] ERROR: 
Stack: AggregateError [ECONNREFUSED]: 
    at C:\Users\ludin\Desktop\salidas\scanqueue\backend\node_modules\pg-pool\index.js:45:11
    at process.processTicksAndRejections (node:internal/process/task_queues:105:5)
    at async query (file:///C:/Users/ludin/Desktop/salidas/scanqueue/backend/src/config/database.js:25:18)
    at async Module.getScansToday (file:///C:/Users/ludin/Desktop/salidas/scanqueue/backend/src/models/Scan.js:23:15)
    at async getTodaySummary (file:///C:/Users/ludin/Desktop/salidas/scanqueue/backend/src/controllers/DashboardController.js:30:24)
Path: /api/dashboard/today

[2026-03-04T12:55:27.802Z] ERROR: 
Stack: AggregateError [ECONNREFUSED]: 
    at C:\Users\ludin\Desktop\salidas\scanqueue\backend\node_modules\pg-pool\index.js:45:11
    at process.processTicksAndRejections (node:internal/process/task_queues:105:5)
    at async query (file:///C:/Users/ludin/Desktop/salidas/scanqueue/backend/src/config/database.js:25:18)
    at async Module.getScansToday (file:///C:/Users/ludin/Desktop/salidas/scanqueue/backend/src/models/Scan.js:23:15)
    at async Module.getScanStatistics (file:///C:/Users/ludin/Desktop/salidas/scanqueue/backend/src/services/ScanService.js:76:24)
    at async getDashboardStats (file:///C:/Users/ludin/Desktop/salidas/scanqueue/backend/src/controllers/DashboardController.js:12:19)
Path: /api/dashboard/stats

[2026-03-04T12:55:27.807Z] ERROR: 
Stack: AggregateError [ECONNREFUSED]: 
    at C:\Users\ludin\Desktop\salidas\scanqueue\backend\node_modules\pg-pool\index.js:45:11
    at process.processTicksAndRejections (node:internal/process/task_queues:105:5)
    at async query (file:///C:/Users/ludin/Desktop/salidas/scanqueue/backend/src/config/database.js:25:18)
    at async Module.getScansToday (file:///C:/Users/ludin/Desktop/salidas/scanqueue/backend/src/models/Scan.js:23:15)
    at async getTodaySummary (file:///C:/Users/ludin/Desktop/salidas/scanqueue/backend/src/controllers/DashboardController.js:30:24)
Path: /api/dashboard/today

[2026-03-04T12:55:28.624Z] ERROR: 
Stack: AggregateError [ECONNREFUSED]: 
    at C:\Users\ludin\Desktop\salidas\scanqueue\backend\node_modules\pg-pool\index.js:45:11
    at process.processTicksAndRejections (node:internal/process/task_queues:105:5)
    at async query (file:///C:/Users/ludin/Desktop/salidas/scanqueue/backend/src/config/database.js:25:18)
    at async Module.getScansToday (file:///C:/Users/ludin/Desktop/salidas/scanqueue/backend/src/models/Scan.js:23:15)
    at async Module.getScanStatistics (file:///C:/Users/ludin/Desktop/salidas/scanqueue/backend/src/services/ScanService.js:76:24)
    at async getDashboardStats (file:///C:/Users/ludin/Desktop/salidas/scanqueue/backend/src/controllers/DashboardController.js:12:19)
Path: /api/dashboard/stats

[2026-03-04T12:55:28.627Z] ERROR: 
Stack: AggregateError [ECONNREFUSED]: 
    at C:\Users\ludin\Desktop\salidas\scanqueue\backend\node_modules\pg-pool\index.js:45:11
    at process.processTicksAndRejections (node:internal/process/task_queues:105:5)
    at async query (file:///C:/Users/ludin/Desktop/salidas/scanqueue/backend/src/config/database.js:25:18)
    at async Module.getScansToday (file:///C:/Users/ludin/Desktop/salidas/scanqueue/backend/src/models/Scan.js:23:15)
    at async getTodaySummary (file:///C:/Users/ludin/Desktop/salidas/scanqueue/backend/src/controllers/DashboardController.js:30:24)
Path: /api/dashboard/today

[2026-03-04T12:55:36.735Z] ERROR: 
Stack: AggregateError [ECONNREFUSED]: 
    at C:\Users\ludin\Desktop\salidas\scanqueue\backend\node_modules\pg-pool\index.js:45:11
    at process.processTicksAndRejections (node:internal/process/task_queues:105:5)
    at async query (file:///C:/Users/ludin/Desktop/salidas/scanqueue/backend/src/config/database.js:25:18)
    at async Module.getScansToday (file:///C:/Users/ludin/Desktop/salidas/scanqueue/backend/src/models/Scan.js:23:15)
    at async Module.getScanStatistics (file:///C:/Users/ludin/Desktop/salidas/scanqueue/backend/src/services/ScanService.js:76:24)
    at async getDashboardStats (file:///C:/Users/ludin/Desktop/salidas/scanqueue/backend/src/controllers/DashboardController.js:12:19)
Path: /api/dashboard/stats

[2026-03-04T12:55:36.739Z] ERROR: 
Stack: AggregateError [ECONNREFUSED]: 
    at C:\Users\ludin\Desktop\salidas\scanqueue\backend\node_modules\pg-pool\index.js:45:11
    at process.processTicksAndRejections (node:internal/process/task_queues:105:5)
    at async query (file:///C:/Users/ludin/Desktop/salidas/scanqueue/backend/src/config/database.js:25:18)
    at async Module.getScansToday (file:///C:/Users/ludin/Desktop/salidas/scanqueue/backend/src/models/Scan.js:23:15)
    at async getTodaySummary (file:///C:/Users/ludin/Desktop/salidas/scanqueue/backend/src/controllers/DashboardController.js:30:24)
Path: /api/dashboard/today

[2026-03-04T12:55:37.635Z] ERROR: 
Stack: AggregateError [ECONNREFUSED]: 
    at C:\Users\ludin\Desktop\salidas\scanqueue\backend\node_modules\pg-pool\index.js:45:11
    at process.processTicksAndRejections (node:internal/process/task_queues:105:5)
    at async query (file:///C:/Users/ludin/Desktop/salidas/scanqueue/backend/src/config/database.js:25:18)
    at async Module.getScansToday (file:///C:/Users/ludin/Desktop/salidas/scanqueue/backend/src/models/Scan.js:23:15)
    at async Module.getScanStatistics (file:///C:/Users/ludin/Desktop/salidas/scanqueue/backend/src/services/ScanService.js:76:24)
    at async getDashboardStats (file:///C:/Users/ludin/Desktop/salidas/scanqueue/backend/src/controllers/DashboardController.js:12:19)
Path: /api/dashboard/stats

[2026-03-04T12:55:37.640Z] ERROR: 
Stack: AggregateError [ECONNREFUSED]: 
    at C:\Users\ludin\Desktop\salidas\scanqueue\backend\node_modules\pg-pool\index.js:45:11
    at process.processTicksAndRejections (node:internal/process/task_queues:105:5)
    at async query (file:///C:/Users/ludin/Desktop/salidas/scanqueue/backend/src/config/database.js:25:18)
    at async Module.getScansToday (file:///C:/Users/ludin/Desktop/salidas/scanqueue/backend/src/models/Scan.js:23:15)
    at async getTodaySummary (file:///C:/Users/ludin/Desktop/salidas/scanqueue/backend/src/controllers/DashboardController.js:30:24)
Path: /api/dashboard/today

[2026-03-04T12:55:48.138Z] ERROR: 
Stack: AggregateError [ECONNREFUSED]: 
    at C:\Users\ludin\Desktop\salidas\scanqueue\backend\node_modules\pg-pool\index.js:45:11
    at process.processTicksAndRejections (node:internal/process/task_queues:105:5)
    at async query (file:///C:/Users/ludin/Desktop/salidas/scanqueue/backend/src/config/database.js:25:18)
    at async Module.getScansToday (file:///C:/Users/ludin/Desktop/salidas/scanqueue/backend/src/models/Scan.js:23:15)
    at async Module.getScanStatistics (file:///C:/Users/ludin/Desktop/salidas/scanqueue/backend/src/services/ScanService.js:76:24)
    at async getDashboardStats (file:///C:/Users/ludin/Desktop/salidas/scanqueue/backend/src/controllers/DashboardController.js:12:19)
Path: /api/dashboard/stats

[2026-03-04T12:55:48.141Z] ERROR: 
Stack: AggregateError [ECONNREFUSED]: 
    at C:\Users\ludin\Desktop\salidas\scanqueue\backend\node_modules\pg-pool\index.js:45:11
    at process.processTicksAndRejections (node:internal/process/task_queues:105:5)
    at async query (file:///C:/Users/ludin/Desktop/salidas/scanqueue/backend/src/config/database.js:25:18)
    at async Module.getScansToday (file:///C:/Users/ludin/Desktop/salidas/scanqueue/backend/src/models/Scan.js:23:15)
    at async getTodaySummary (file:///C:/Users/ludin/Desktop/salidas/scanqueue/backend/src/controllers/DashboardController.js:30:24)
Path: /api/dashboard/today

[2026-03-04T12:55:49.404Z] ERROR: 
Stack: AggregateError [ECONNREFUSED]: 
    at C:\Users\ludin\Desktop\salidas\scanqueue\backend\node_modules\pg-pool\index.js:45:11
    at process.processTicksAndRejections (node:internal/process/task_queues:105:5)
    at async query (file:///C:/Users/ludin/Desktop/salidas/scanqueue/backend/src/config/database.js:25:18)
    at async Module.getScansToday (file:///C:/Users/ludin/Desktop/salidas/scanqueue/backend/src/models/Scan.js:23:15)
    at async Module.getScanStatistics (file:///C:/Users/ludin/Desktop/salidas/scanqueue/backend/src/services/ScanService.js:76:24)
    at async getDashboardStats (file:///C:/Users/ludin/Desktop/salidas/scanqueue/backend/src/controllers/DashboardController.js:12:19)
Path: /api/dashboard/stats

[2026-03-04T12:55:49.408Z] ERROR: 
Stack: AggregateError [ECONNREFUSED]: 
    at C:\Users\ludin\Desktop\salidas\scanqueue\backend\node_modules\pg-pool\index.js:45:11
    at process.processTicksAndRejections (node:internal/process/task_queues:105:5)
    at async query (file:///C:/Users/ludin/Desktop/salidas/scanqueue/backend/src/config/database.js:25:18)
    at async Module.getScansToday (file:///C:/Users/ludin/Desktop/salidas/scanqueue/backend/src/models/Scan.js:23:15)
    at async getTodaySummary (file:///C:/Users/ludin/Desktop/salidas/scanqueue/backend/src/controllers/DashboardController.js:30:24)
Path: /api/dashboard/today

[2026-03-04T12:55:54.078Z] ERROR: 
Stack: AggregateError [ECONNREFUSED]: 
    at C:\Users\ludin\Desktop\salidas\scanqueue\backend\node_modules\pg-pool\index.js:45:11
    at process.processTicksAndRejections (node:internal/process/task_queues:105:5)
    at async query (file:///C:/Users/ludin/Desktop/salidas/scanqueue/backend/src/config/database.js:25:18)
    at async Module.getScansToday (file:///C:/Users/ludin/Desktop/salidas/scanqueue/backend/src/models/Scan.js:23:15)
    at async Module.getScanStatistics (file:///C:/Users/ludin/Desktop/salidas/scanqueue/backend/src/services/ScanService.js:76:24)
    at async getDashboardStats (file:///C:/Users/ludin/Desktop/salidas/scanqueue/backend/src/controllers/DashboardController.js:12:19)
Path: /api/dashboard/stats

[2026-03-04T12:55:54.085Z] ERROR: 
Stack: AggregateError [ECONNREFUSED]: 
    at C:\Users\ludin\Desktop\salidas\scanqueue\backend\node_modules\pg-pool\index.js:45:11
    at process.processTicksAndRejections (node:internal/process/task_queues:105:5)
    at async query (file:///C:/Users/ludin/Desktop/salidas/scanqueue/backend/src/config/database.js:25:18)
    at async Module.getScansToday (file:///C:/Users/ludin/Desktop/salidas/scanqueue/backend/src/models/Scan.js:23:15)
    at async getTodaySummary (file:///C:/Users/ludin/Desktop/salidas/scanqueue/backend/src/controllers/DashboardController.js:30:24)
Path: /api/dashboard/today

[2026-03-04T12:55:54.889Z] ERROR: 
Stack: AggregateError [ECONNREFUSED]: 
    at C:\Users\ludin\Desktop\salidas\scanqueue\backend\node_modules\pg-pool\index.js:45:11
    at process.processTicksAndRejections (node:internal/process/task_queues:105:5)
    at async query (file:///C:/Users/ludin/Desktop/salidas/scanqueue/backend/src/config/database.js:25:18)
    at async Module.getScansToday (file:///C:/Users/ludin/Desktop/salidas/scanqueue/backend/src/models/Scan.js:23:15)
    at async Module.getScanStatistics (file:///C:/Users/ludin/Desktop/salidas/scanqueue/backend/src/services/ScanService.js:76:24)
    at async getDashboardStats (file:///C:/Users/ludin/Desktop/salidas/scanqueue/backend/src/controllers/DashboardController.js:12:19)
Path: /api/dashboard/stats

[2026-03-04T12:55:54.895Z] ERROR: 
Stack: AggregateError [ECONNREFUSED]: 
    at C:\Users\ludin\Desktop\salidas\scanqueue\backend\node_modules\pg-pool\index.js:45:11
    at process.processTicksAndRejections (node:internal/process/task_queues:105:5)
    at async query (file:///C:/Users/ludin/Desktop/salidas/scanqueue/backend/src/config/database.js:25:18)
    at async Module.getScansToday (file:///C:/Users/ludin/Desktop/salidas/scanqueue/backend/src/models/Scan.js:23:15)
    at async getTodaySummary (file:///C:/Users/ludin/Desktop/salidas/scanqueue/backend/src/controllers/DashboardController.js:30:24)
Path: /api/dashboard/today

[2026-03-04T12:55:55.582Z] ERROR: 
Stack: AggregateError [ECONNREFUSED]: 
    at C:\Users\ludin\Desktop\salidas\scanqueue\backend\node_modules\pg-pool\index.js:45:11
    at process.processTicksAndRejections (node:internal/process/task_queues:105:5)
    at async query (file:///C:/Users/ludin/Desktop/salidas/scanqueue/backend/src/config/database.js:25:18)
    at async Module.getScansToday (file:///C:/Users/ludin/Desktop/salidas/scanqueue/backend/src/models/Scan.js:23:15)
    at async Module.getScanStatistics (file:///C:/Users/ludin/Desktop/salidas/scanqueue/backend/src/services/ScanService.js:76:24)
    at async getDashboardStats (file:///C:/Users/ludin/Desktop/salidas/scanqueue/backend/src/controllers/DashboardController.js:12:19)
Path: /api/dashboard/stats

[2026-03-04T12:55:55.587Z] ERROR: 
Stack: AggregateError [ECONNREFUSED]: 
    at C:\Users\ludin\Desktop\salidas\scanqueue\backend\node_modules\pg-pool\index.js:45:11
    at process.processTicksAndRejections (node:internal/process/task_queues:105:5)
    at async query (file:///C:/Users/ludin/Desktop/salidas/scanqueue/backend/src/config/database.js:25:18)
    at async Module.getScansToday (file:///C:/Users/ludin/Desktop/salidas/scanqueue/backend/src/models/Scan.js:23:15)
    at async getTodaySummary (file:///C:/Users/ludin/Desktop/salidas/scanqueue/backend/src/controllers/DashboardController.js:30:24)
Path: /api/dashboard/today

[2026-03-04T12:55:56.354Z] ERROR: 
Stack: AggregateError [ECONNREFUSED]: 
    at C:\Users\ludin\Desktop\salidas\scanqueue\backend\node_modules\pg-pool\index.js:45:11
    at process.processTicksAndRejections (node:internal/process/task_queues:105:5)
    at async query (file:///C:/Users/ludin/Desktop/salidas/scanqueue/backend/src/config/database.js:25:18)
    at async Module.getScansToday (file:///C:/Users/ludin/Desktop/salidas/scanqueue/backend/src/models/Scan.js:23:15)
    at async Module.getScanStatistics (file:///C:/Users/ludin/Desktop/salidas/scanqueue/backend/src/services/ScanService.js:76:24)
    at async getDashboardStats (file:///C:/Users/ludin/Desktop/salidas/scanqueue/backend/src/controllers/DashboardController.js:12:19)
Path: /api/dashboard/stats

[2026-03-04T12:55:56.356Z] ERROR: 
Stack: AggregateError [ECONNREFUSED]: 
    at C:\Users\ludin\Desktop\salidas\scanqueue\backend\node_modules\pg-pool\index.js:45:11
    at process.processTicksAndRejections (node:internal/process/task_queues:105:5)
    at async query (file:///C:/Users/ludin/Desktop/salidas/scanqueue/backend/src/config/database.js:25:18)
    at async Module.getScansToday (file:///C:/Users/ludin/Desktop/salidas/scanqueue/backend/src/models/Scan.js:23:15)
    at async getTodaySummary (file:///C:/Users/ludin/Desktop/salidas/scanqueue/backend/src/controllers/DashboardController.js:30:24)
Path: /api/dashboard/today

[2026-03-04T12:55:57.063Z] ERROR: 
Stack: AggregateError [ECONNREFUSED]: 
    at C:\Users\ludin\Desktop\salidas\scanqueue\backend\node_modules\pg-pool\index.js:45:11
    at process.processTicksAndRejections (node:internal/process/task_queues:105:5)
    at async query (file:///C:/Users/ludin/Desktop/salidas/scanqueue/backend/src/config/database.js:25:18)
    at async Module.getScansToday (file:///C:/Users/ludin/Desktop/salidas/scanqueue/backend/src/models/Scan.js:23:15)
    at async Module.getScanStatistics (file:///C:/Users/ludin/Desktop/salidas/scanqueue/backend/src/services/ScanService.js:76:24)
    at async getDashboardStats (file:///C:/Users/ludin/Desktop/salidas/scanqueue/backend/src/controllers/DashboardController.js:12:19)
Path: /api/dashboard/stats

[2026-03-04T12:55:57.072Z] ERROR: 
Stack: AggregateError [ECONNREFUSED]: 
    at C:\Users\ludin\Desktop\salidas\scanqueue\backend\node_modules\pg-pool\index.js:45:11
    at process.processTicksAndRejections (node:internal/process/task_queues:105:5)
    at async query (file:///C:/Users/ludin/Desktop/salidas/scanqueue/backend/src/config/database.js:25:18)
    at async Module.getScansToday (file:///C:/Users/ludin/Desktop/salidas/scanqueue/backend/src/models/Scan.js:23:15)
    at async getTodaySummary (file:///C:/Users/ludin/Desktop/salidas/scanqueue/backend/src/controllers/DashboardController.js:30:24)
Path: /api/dashboard/today

[2026-03-04T12:55:58.180Z] ERROR: 
Stack: AggregateError [ECONNREFUSED]: 
    at C:\Users\ludin\Desktop\salidas\scanqueue\backend\node_modules\pg-pool\index.js:45:11
    at process.processTicksAndRejections (node:internal/process/task_queues:105:5)
    at async query (file:///C:/Users/ludin/Desktop/salidas/scanqueue/backend/src/config/database.js:25:18)
    at async Module.getScansToday (file:///C:/Users/ludin/Desktop/salidas/scanqueue/backend/src/models/Scan.js:23:15)
    at async Module.getScanStatistics (file:///C:/Users/ludin/Desktop/salidas/scanqueue/backend/src/services/ScanService.js:76:24)
    at async getDashboardStats (file:///C:/Users/ludin/Desktop/salidas/scanqueue/backend/src/controllers/DashboardController.js:12:19)
Path: /api/dashboard/stats

[2026-03-04T12:55:58.185Z] ERROR: 
Stack: AggregateError [ECONNREFUSED]: 
    at C:\Users\ludin\Desktop\salidas\scanqueue\backend\node_modules\pg-pool\index.js:45:11
    at process.processTicksAndRejections (node:internal/process/task_queues:105:5)
    at async query (file:///C:/Users/ludin/Desktop/salidas/scanqueue/backend/src/config/database.js:25:18)
    at async Module.getScansToday (file:///C:/Users/ludin/Desktop/salidas/scanqueue/backend/src/models/Scan.js:23:15)
    at async getTodaySummary (file:///C:/Users/ludin/Desktop/salidas/scanqueue/backend/src/controllers/DashboardController.js:30:24)
Path: /api/dashboard/today

[2026-03-04T12:55:59.392Z] ERROR: 
Stack: AggregateError [ECONNREFUSED]: 
    at C:\Users\ludin\Desktop\salidas\scanqueue\backend\node_modules\pg-pool\index.js:45:11
    at process.processTicksAndRejections (node:internal/process/task_queues:105:5)
    at async query (file:///C:/Users/ludin/Desktop/salidas/scanqueue/backend/src/config/database.js:25:18)
    at async Module.getScansToday (file:///C:/Users/ludin/Desktop/salidas/scanqueue/backend/src/models/Scan.js:23:15)
    at async Module.getScanStatistics (file:///C:/Users/ludin/Desktop/salidas/scanqueue/backend/src/services/ScanService.js:76:24)
    at async getDashboardStats (file:///C:/Users/ludin/Desktop/salidas/scanqueue/backend/src/controllers/DashboardController.js:12:19)
Path: /api/dashboard/stats

[2026-03-04T12:55:59.396Z] ERROR: 
Stack: AggregateError [ECONNREFUSED]: 
    at C:\Users\ludin\Desktop\salidas\scanqueue\backend\node_modules\pg-pool\index.js:45:11
    at process.processTicksAndRejections (node:internal/process/task_queues:105:5)
    at async query (file:///C:/Users/ludin/Desktop/salidas/scanqueue/backend/src/config/database.js:25:18)
    at async Module.getScansToday (file:///C:/Users/ludin/Desktop/salidas/scanqueue/backend/src/models/Scan.js:23:15)
    at async getTodaySummary (file:///C:/Users/ludin/Desktop/salidas/scanqueue/backend/src/controllers/DashboardController.js:30:24)
Path: /api/dashboard/today

[2026-03-04T12:56:00.590Z] ERROR: 
Stack: AggregateError [ECONNREFUSED]: 
    at C:\Users\ludin\Desktop\salidas\scanqueue\backend\node_modules\pg-pool\index.js:45:11
    at process.processTicksAndRejections (node:internal/process/task_queues:105:5)
    at async query (file:///C:/Users/ludin/Desktop/salidas/scanqueue/backend/src/config/database.js:25:18)
    at async Module.getScansToday (file:///C:/Users/ludin/Desktop/salidas/scanqueue/backend/src/models/Scan.js:23:15)
    at async Module.getScanStatistics (file:///C:/Users/ludin/Desktop/salidas/scanqueue/backend/src/services/ScanService.js:76:24)
    at async getDashboardStats (file:///C:/Users/ludin/Desktop/salidas/scanqueue/backend/src/controllers/DashboardController.js:12:19)
Path: /api/dashboard/stats

[2026-03-04T12:56:00.598Z] ERROR: 
Stack: AggregateError [ECONNREFUSED]: 
    at C:\Users\ludin\Desktop\salidas\scanqueue\backend\node_modules\pg-pool\index.js:45:11
    at process.processTicksAndRejections (node:internal/process/task_queues:105:5)
    at async query (file:///C:/Users/ludin/Desktop/salidas/scanqueue/backend/src/config/database.js:25:18)
    at async Module.getScansToday (file:///C:/Users/ludin/Desktop/salidas/scanqueue/backend/src/models/Scan.js:23:15)
    at async getTodaySummary (file:///C:/Users/ludin/Desktop/salidas/scanqueue/backend/src/controllers/DashboardController.js:30:24)
Path: /api/dashboard/today

[2026-03-04T12:56:02.056Z] ERROR: 
Stack: AggregateError [ECONNREFUSED]: 
    at C:\Users\ludin\Desktop\salidas\scanqueue\backend\node_modules\pg-pool\index.js:45:11
    at process.processTicksAndRejections (node:internal/process/task_queues:105:5)
    at async query (file:///C:/Users/ludin/Desktop/salidas/scanqueue/backend/src/config/database.js:25:18)
    at async Module.getScansToday (file:///C:/Users/ludin/Desktop/salidas/scanqueue/backend/src/models/Scan.js:23:15)
    at async getTodaySummary (file:///C:/Users/ludin/Desktop/salidas/scanqueue/backend/src/controllers/DashboardController.js:30:24)
Path: /api/dashboard/today

[2026-03-04T12:56:02.186Z] ERROR: 
Stack: AggregateError [ECONNREFUSED]: 
    at C:\Users\ludin\Desktop\salidas\scanqueue\backend\node_modules\pg-pool\index.js:45:11
    at process.processTicksAndRejections (node:internal/process/task_queues:105:5)
    at async query (file:///C:/Users/ludin/Desktop/salidas/scanqueue/backend/src/config/database.js:25:18)
    at async Module.getScansToday (file:///C:/Users/ludin/Desktop/salidas/scanqueue/backend/src/models/Scan.js:23:15)
    at async Module.getScanStatistics (file:///C:/Users/ludin/Desktop/salidas/scanqueue/backend/src/services/ScanService.js:76:24)
    at async getDashboardStats (file:///C:/Users/ludin/Desktop/salidas/scanqueue/backend/src/controllers/DashboardController.js:12:19)
Path: /api/dashboard/stats

[2026-03-04T12:56:10.081Z] ERROR: connect ECONNREFUSED 127.0.0.1:5432
Stack: Error: connect ECONNREFUSED 127.0.0.1:5432
    at C:\Users\ludin\Desktop\salidas\scanqueue\backend\node_modules\pg-pool\index.js:45:11
    at process.processTicksAndRejections (node:internal/process/task_queues:105:5)
    at async query (file:///C:/Users/ludin/Desktop/salidas/scanqueue/backend/src/config/database.js:25:18)
    at async Module.getScansToday (file:///C:/Users/ludin/Desktop/salidas/scanqueue/backend/src/models/Scan.js:23:15)
    at async Module.getScanStatistics (file:///C:/Users/ludin/Desktop/salidas/scanqueue/backend/src/services/ScanService.js:76:24)
    at async getDashboardStats (file:///C:/Users/ludin/Desktop/salidas/scanqueue/backend/src/controllers/DashboardController.js:12:19)
Path: /api/dashboard/stats

[2026-03-04T12:56:10.099Z] ERROR: connect ECONNREFUSED 127.0.0.1:5432
Stack: Error: connect ECONNREFUSED 127.0.0.1:5432
    at C:\Users\ludin\Desktop\salidas\scanqueue\backend\node_modules\pg-pool\index.js:45:11
    at process.processTicksAndRejections (node:internal/process/task_queues:105:5)
    at async query (file:///C:/Users/ludin/Desktop/salidas/scanqueue/backend/src/config/database.js:25:18)
    at async Module.getScansToday (file:///C:/Users/ludin/Desktop/salidas/scanqueue/backend/src/models/Scan.js:23:15)
    at async getTodaySummary (file:///C:/Users/ludin/Desktop/salidas/scanqueue/backend/src/controllers/DashboardController.js:30:24)
Path: /api/dashboard/today

[2026-03-04T12:56:11.807Z] ERROR: connect ECONNREFUSED 127.0.0.1:5432
Stack: Error: connect ECONNREFUSED 127.0.0.1:5432
    at C:\Users\ludin\Desktop\salidas\scanqueue\backend\node_modules\pg-pool\index.js:45:11
    at process.processTicksAndRejections (node:internal/process/task_queues:105:5)
    at async query (file:///C:/Users/ludin/Desktop/salidas/scanqueue/backend/src/config/database.js:25:18)
    at async Module.getScansToday (file:///C:/Users/ludin/Desktop/salidas/scanqueue/backend/src/models/Scan.js:23:15)
    at async Module.getScanStatistics (file:///C:/Users/ludin/Desktop/salidas/scanqueue/backend/src/services/ScanService.js:76:24)
    at async getDashboardStats (file:///C:/Users/ludin/Desktop/salidas/scanqueue/backend/src/controllers/DashboardController.js:12:19)
Path: /api/dashboard/stats

[2026-03-04T12:56:11.815Z] ERROR: connect ECONNREFUSED 127.0.0.1:5432
Stack: Error: connect ECONNREFUSED 127.0.0.1:5432
    at C:\Users\ludin\Desktop\salidas\scanqueue\backend\node_modules\pg-pool\index.js:45:11
    at process.processTicksAndRejections (node:internal/process/task_queues:105:5)
    at async query (file:///C:/Users/ludin/Desktop/salidas/scanqueue/backend/src/config/database.js:25:18)
    at async Module.getScansToday (file:///C:/Users/ludin/Desktop/salidas/scanqueue/backend/src/models/Scan.js:23:15)
    at async getTodaySummary (file:///C:/Users/ludin/Desktop/salidas/scanqueue/backend/src/controllers/DashboardController.js:30:24)
Path: /api/dashboard/today

[2026-03-04T12:56:14.436Z] ERROR: connect ECONNREFUSED 127.0.0.1:5432
Stack: Error: connect ECONNREFUSED 127.0.0.1:5432
    at C:\Users\ludin\Desktop\salidas\scanqueue\backend\node_modules\pg-pool\index.js:45:11
    at process.processTicksAndRejections (node:internal/process/task_queues:105:5)
    at async query (file:///C:/Users/ludin/Desktop/salidas/scanqueue/backend/src/config/database.js:25:18)
    at async Module.getScansToday (file:///C:/Users/ludin/Desktop/salidas/scanqueue/backend/src/models/Scan.js:23:15)
    at async Module.getScanStatistics (file:///C:/Users/ludin/Desktop/salidas/scanqueue/backend/src/services/ScanService.js:76:24)
    at async getDashboardStats (file:///C:/Users/ludin/Desktop/salidas/scanqueue/backend/src/controllers/DashboardController.js:12:19)
Path: /api/dashboard/stats

[2026-03-04T12:56:14.440Z] ERROR: connect ECONNREFUSED 127.0.0.1:5432
Stack: Error: connect ECONNREFUSED 127.0.0.1:5432
    at C:\Users\ludin\Desktop\salidas\scanqueue\backend\node_modules\pg-pool\index.js:45:11
    at process.processTicksAndRejections (node:internal/process/task_queues:105:5)
    at async query (file:///C:/Users/ludin/Desktop/salidas/scanqueue/backend/src/config/database.js:25:18)
    at async Module.getScansToday (file:///C:/Users/ludin/Desktop/salidas/scanqueue/backend/src/models/Scan.js:23:15)
    at async getTodaySummary (file:///C:/Users/ludin/Desktop/salidas/scanqueue/backend/src/controllers/DashboardController.js:30:24)
Path: /api/dashboard/today

[2026-03-04T12:56:15.389Z] ERROR: connect ECONNREFUSED 127.0.0.1:5432
Stack: Error: connect ECONNREFUSED 127.0.0.1:5432
    at C:\Users\ludin\Desktop\salidas\scanqueue\backend\node_modules\pg-pool\index.js:45:11
    at process.processTicksAndRejections (node:internal/process/task_queues:105:5)
    at async query (file:///C:/Users/ludin/Desktop/salidas/scanqueue/backend/src/config/database.js:25:18)
    at async Module.getScansToday (file:///C:/Users/ludin/Desktop/salidas/scanqueue/backend/src/models/Scan.js:23:15)
    at async Module.getScanStatistics (file:///C:/Users/ludin/Desktop/salidas/scanqueue/backend/src/services/ScanService.js:76:24)
    at async getDashboardStats (file:///C:/Users/ludin/Desktop/salidas/scanqueue/backend/src/controllers/DashboardController.js:12:19)
Path: /api/dashboard/stats

[2026-03-04T12:56:15.393Z] ERROR: connect ECONNREFUSED 127.0.0.1:5432
Stack: Error: connect ECONNREFUSED 127.0.0.1:5432
    at C:\Users\ludin\Desktop\salidas\scanqueue\backend\node_modules\pg-pool\index.js:45:11
    at process.processTicksAndRejections (node:internal/process/task_queues:105:5)
    at async query (file:///C:/Users/ludin/Desktop/salidas/scanqueue/backend/src/config/database.js:25:18)
    at async Module.getScansToday (file:///C:/Users/ludin/Desktop/salidas/scanqueue/backend/src/models/Scan.js:23:15)
    at async getTodaySummary (file:///C:/Users/ludin/Desktop/salidas/scanqueue/backend/src/controllers/DashboardController.js:30:24)
Path: /api/dashboard/today

[2026-03-04T12:56:16.346Z] ERROR: connect ECONNREFUSED 127.0.0.1:5432
Stack: Error: connect ECONNREFUSED 127.0.0.1:5432
    at C:\Users\ludin\Desktop\salidas\scanqueue\backend\node_modules\pg-pool\index.js:45:11
    at process.processTicksAndRejections (node:internal/process/task_queues:105:5)
    at async query (file:///C:/Users/ludin/Desktop/salidas/scanqueue/backend/src/config/database.js:25:18)
    at async Module.getScansToday (file:///C:/Users/ludin/Desktop/salidas/scanqueue/backend/src/models/Scan.js:23:15)
    at async Module.getScanStatistics (file:///C:/Users/ludin/Desktop/salidas/scanqueue/backend/src/services/ScanService.js:76:24)
    at async getDashboardStats (file:///C:/Users/ludin/Desktop/salidas/scanqueue/backend/src/controllers/DashboardController.js:12:19)
Path: /api/dashboard/stats

[2026-03-04T12:56:16.351Z] ERROR: connect ECONNREFUSED 127.0.0.1:5432
Stack: Error: connect ECONNREFUSED 127.0.0.1:5432
    at C:\Users\ludin\Desktop\salidas\scanqueue\backend\node_modules\pg-pool\index.js:45:11
    at process.processTicksAndRejections (node:internal/process/task_queues:105:5)
    at async query (file:///C:/Users/ludin/Desktop/salidas/scanqueue/backend/src/config/database.js:25:18)
    at async Module.getScansToday (file:///C:/Users/ludin/Desktop/salidas/scanqueue/backend/src/models/Scan.js:23:15)
    at async getTodaySummary (file:///C:/Users/ludin/Desktop/salidas/scanqueue/backend/src/controllers/DashboardController.js:30:24)
Path: /api/dashboard/today

[2026-03-04T12:56:17.329Z] ERROR: connect ECONNREFUSED 127.0.0.1:5432
Stack: Error: connect ECONNREFUSED 127.0.0.1:5432
    at C:\Users\ludin\Desktop\salidas\scanqueue\backend\node_modules\pg-pool\index.js:45:11
    at process.processTicksAndRejections (node:internal/process/task_queues:105:5)
    at async query (file:///C:/Users/ludin/Desktop/salidas/scanqueue/backend/src/config/database.js:25:18)
    at async Module.getScansToday (file:///C:/Users/ludin/Desktop/salidas/scanqueue/backend/src/models/Scan.js:23:15)
    at async Module.getScanStatistics (file:///C:/Users/ludin/Desktop/salidas/scanqueue/backend/src/services/ScanService.js:76:24)
    at async getDashboardStats (file:///C:/Users/ludin/Desktop/salidas/scanqueue/backend/src/controllers/DashboardController.js:12:19)
Path: /api/dashboard/stats

[2026-03-04T12:56:17.335Z] ERROR: connect ECONNREFUSED 127.0.0.1:5432
Stack: Error: connect ECONNREFUSED 127.0.0.1:5432
    at C:\Users\ludin\Desktop\salidas\scanqueue\backend\node_modules\pg-pool\index.js:45:11
    at process.processTicksAndRejections (node:internal/process/task_queues:105:5)
    at async query (file:///C:/Users/ludin/Desktop/salidas/scanqueue/backend/src/config/database.js:25:18)
    at async Module.getScansToday (file:///C:/Users/ludin/Desktop/salidas/scanqueue/backend/src/models/Scan.js:23:15)
    at async getTodaySummary (file:///C:/Users/ludin/Desktop/salidas/scanqueue/backend/src/controllers/DashboardController.js:30:24)
Path: /api/dashboard/today

[2026-03-04T12:56:18.111Z] ERROR: connect ECONNREFUSED 127.0.0.1:5432
Stack: Error: connect ECONNREFUSED 127.0.0.1:5432
    at C:\Users\ludin\Desktop\salidas\scanqueue\backend\node_modules\pg-pool\index.js:45:11
    at process.processTicksAndRejections (node:internal/process/task_queues:105:5)
    at async query (file:///C:/Users/ludin/Desktop/salidas/scanqueue/backend/src/config/database.js:25:18)
    at async Module.getScansToday (file:///C:/Users/ludin/Desktop/salidas/scanqueue/backend/src/models/Scan.js:23:15)
    at async Module.getScanStatistics (file:///C:/Users/ludin/Desktop/salidas/scanqueue/backend/src/services/ScanService.js:76:24)
    at async getDashboardStats (file:///C:/Users/ludin/Desktop/salidas/scanqueue/backend/src/controllers/DashboardController.js:12:19)
Path: /api/dashboard/stats

[2026-03-04T12:56:18.121Z] ERROR: connect ECONNREFUSED 127.0.0.1:5432
Stack: Error: connect ECONNREFUSED 127.0.0.1:5432
    at C:\Users\ludin\Desktop\salidas\scanqueue\backend\node_modules\pg-pool\index.js:45:11
    at process.processTicksAndRejections (node:internal/process/task_queues:105:5)
    at async query (file:///C:/Users/ludin/Desktop/salidas/scanqueue/backend/src/config/database.js:25:18)
    at async Module.getScansToday (file:///C:/Users/ludin/Desktop/salidas/scanqueue/backend/src/models/Scan.js:23:15)
    at async getTodaySummary (file:///C:/Users/ludin/Desktop/salidas/scanqueue/backend/src/controllers/DashboardController.js:30:24)
Path: /api/dashboard/today

[2026-03-04T12:56:18.768Z] ERROR: connect ECONNREFUSED 127.0.0.1:5432
Stack: Error: connect ECONNREFUSED 127.0.0.1:5432
    at C:\Users\ludin\Desktop\salidas\scanqueue\backend\node_modules\pg-pool\index.js:45:11
    at process.processTicksAndRejections (node:internal/process/task_queues:105:5)
    at async query (file:///C:/Users/ludin/Desktop/salidas/scanqueue/backend/src/config/database.js:25:18)
    at async Module.getScansToday (file:///C:/Users/ludin/Desktop/salidas/scanqueue/backend/src/models/Scan.js:23:15)
    at async Module.getScanStatistics (file:///C:/Users/ludin/Desktop/salidas/scanqueue/backend/src/services/ScanService.js:76:24)
    at async getDashboardStats (file:///C:/Users/ludin/Desktop/salidas/scanqueue/backend/src/controllers/DashboardController.js:12:19)
Path: /api/dashboard/stats

[2026-03-04T12:56:18.774Z] ERROR: connect ECONNREFUSED 127.0.0.1:5432
Stack: Error: connect ECONNREFUSED 127.0.0.1:5432
    at C:\Users\ludin\Desktop\salidas\scanqueue\backend\node_modules\pg-pool\index.js:45:11
    at process.processTicksAndRejections (node:internal/process/task_queues:105:5)
    at async query (file:///C:/Users/ludin/Desktop/salidas/scanqueue/backend/src/config/database.js:25:18)
    at async Module.getScansToday (file:///C:/Users/ludin/Desktop/salidas/scanqueue/backend/src/models/Scan.js:23:15)
    at async getTodaySummary (file:///C:/Users/ludin/Desktop/salidas/scanqueue/backend/src/controllers/DashboardController.js:30:24)
Path: /api/dashboard/today

[2026-03-04T12:56:19.870Z] ERROR: connect ECONNREFUSED 127.0.0.1:5432
Stack: Error: connect ECONNREFUSED 127.0.0.1:5432
    at C:\Users\ludin\Desktop\salidas\scanqueue\backend\node_modules\pg-pool\index.js:45:11
    at process.processTicksAndRejections (node:internal/process/task_queues:105:5)
    at async query (file:///C:/Users/ludin/Desktop/salidas/scanqueue/backend/src/config/database.js:25:18)
    at async Module.getScansToday (file:///C:/Users/ludin/Desktop/salidas/scanqueue/backend/src/models/Scan.js:23:15)
    at async Module.getScanStatistics (file:///C:/Users/ludin/Desktop/salidas/scanqueue/backend/src/services/ScanService.js:76:24)
    at async getDashboardStats (file:///C:/Users/ludin/Desktop/salidas/scanqueue/backend/src/controllers/DashboardController.js:12:19)
Path: /api/dashboard/stats

[2026-03-04T12:56:19.893Z] ERROR: connect ECONNREFUSED 127.0.0.1:5432
Stack: Error: connect ECONNREFUSED 127.0.0.1:5432
    at C:\Users\ludin\Desktop\salidas\scanqueue\backend\node_modules\pg-pool\index.js:45:11
    at process.processTicksAndRejections (node:internal/process/task_queues:105:5)
    at async query (file:///C:/Users/ludin/Desktop/salidas/scanqueue/backend/src/config/database.js:25:18)
    at async Module.getScansToday (file:///C:/Users/ludin/Desktop/salidas/scanqueue/backend/src/models/Scan.js:23:15)
    at async getTodaySummary (file:///C:/Users/ludin/Desktop/salidas/scanqueue/backend/src/controllers/DashboardController.js:30:24)
Path: /api/dashboard/today

[2026-03-04T12:56:23.148Z] ERROR: connect ECONNREFUSED 127.0.0.1:5432
Stack: Error: connect ECONNREFUSED 127.0.0.1:5432
    at C:\Users\ludin\Desktop\salidas\scanqueue\backend\node_modules\pg-pool\index.js:45:11
    at process.processTicksAndRejections (node:internal/process/task_queues:105:5)
    at async query (file:///C:/Users/ludin/Desktop/salidas/scanqueue/backend/src/config/database.js:43:18)
    at async Module.getScansToday (file:///C:/Users/ludin/Desktop/salidas/scanqueue/backend/src/models/Scan.js:23:15)
    at async Module.getScanStatistics (file:///C:/Users/ludin/Desktop/salidas/scanqueue/backend/src/services/ScanService.js:76:24)
    at async getDashboardStats (file:///C:/Users/ludin/Desktop/salidas/scanqueue/backend/src/controllers/DashboardController.js:12:19)
Path: /api/dashboard/stats

[2026-03-04T12:56:23.165Z] ERROR: connect ECONNREFUSED 127.0.0.1:5432
Stack: Error: connect ECONNREFUSED 127.0.0.1:5432
    at C:\Users\ludin\Desktop\salidas\scanqueue\backend\node_modules\pg-pool\index.js:45:11
    at process.processTicksAndRejections (node:internal/process/task_queues:105:5)
    at async query (file:///C:/Users/ludin/Desktop/salidas/scanqueue/backend/src/config/database.js:43:18)
    at async Module.getScansToday (file:///C:/Users/ludin/Desktop/salidas/scanqueue/backend/src/models/Scan.js:23:15)
    at async getTodaySummary (file:///C:/Users/ludin/Desktop/salidas/scanqueue/backend/src/controllers/DashboardController.js:30:24)
Path: /api/dashboard/today

[2026-03-04T12:56:23.916Z] ERROR: connect ECONNREFUSED 127.0.0.1:5432
Stack: Error: connect ECONNREFUSED 127.0.0.1:5432
    at C:\Users\ludin\Desktop\salidas\scanqueue\backend\node_modules\pg-pool\index.js:45:11
    at process.processTicksAndRejections (node:internal/process/task_queues:105:5)
    at async query (file:///C:/Users/ludin/Desktop/salidas/scanqueue/backend/src/config/database.js:43:18)
    at async Module.getScansToday (file:///C:/Users/ludin/Desktop/salidas/scanqueue/backend/src/models/Scan.js:23:15)
    at async Module.getScanStatistics (file:///C:/Users/ludin/Desktop/salidas/scanqueue/backend/src/services/ScanService.js:76:24)
    at async getDashboardStats (file:///C:/Users/ludin/Desktop/salidas/scanqueue/backend/src/controllers/DashboardController.js:12:19)
Path: /api/dashboard/stats

[2026-03-04T12:56:23.924Z] ERROR: connect ECONNREFUSED 127.0.0.1:5432
Stack: Error: connect ECONNREFUSED 127.0.0.1:5432
    at C:\Users\ludin\Desktop\salidas\scanqueue\backend\node_modules\pg-pool\index.js:45:11
    at process.processTicksAndRejections (node:internal/process/task_queues:105:5)
    at async query (file:///C:/Users/ludin/Desktop/salidas/scanqueue/backend/src/config/database.js:43:18)
    at async Module.getScansToday (file:///C:/Users/ludin/Desktop/salidas/scanqueue/backend/src/models/Scan.js:23:15)
    at async getTodaySummary (file:///C:/Users/ludin/Desktop/salidas/scanqueue/backend/src/controllers/DashboardController.js:30:24)
Path: /api/dashboard/today

[2026-03-04T12:56:24.514Z] ERROR: connect ECONNREFUSED 127.0.0.1:5432
Stack: Error: connect ECONNREFUSED 127.0.0.1:5432
    at C:\Users\ludin\Desktop\salidas\scanqueue\backend\node_modules\pg-pool\index.js:45:11
    at process.processTicksAndRejections (node:internal/process/task_queues:105:5)
    at async query (file:///C:/Users/ludin/Desktop/salidas/scanqueue/backend/src/config/database.js:43:18)
    at async Module.getScansToday (file:///C:/Users/ludin/Desktop/salidas/scanqueue/backend/src/models/Scan.js:23:15)
    at async Module.getScanStatistics (file:///C:/Users/ludin/Desktop/salidas/scanqueue/backend/src/services/ScanService.js:76:24)
    at async getDashboardStats (file:///C:/Users/ludin/Desktop/salidas/scanqueue/backend/src/controllers/DashboardController.js:12:19)
Path: /api/dashboard/stats

[2026-03-04T12:56:24.517Z] ERROR: connect ECONNREFUSED 127.0.0.1:5432
Stack: Error: connect ECONNREFUSED 127.0.0.1:5432
    at C:\Users\ludin\Desktop\salidas\scanqueue\backend\node_modules\pg-pool\index.js:45:11
    at process.processTicksAndRejections (node:internal/process/task_queues:105:5)
    at async query (file:///C:/Users/ludin/Desktop/salidas/scanqueue/backend/src/config/database.js:43:18)
    at async Module.getScansToday (file:///C:/Users/ludin/Desktop/salidas/scanqueue/backend/src/models/Scan.js:23:15)
    at async getTodaySummary (file:///C:/Users/ludin/Desktop/salidas/scanqueue/backend/src/controllers/DashboardController.js:30:24)
Path: /api/dashboard/today

[2026-03-04T12:56:25.289Z] ERROR: connect ECONNREFUSED 127.0.0.1:5432
Stack: Error: connect ECONNREFUSED 127.0.0.1:5432
    at C:\Users\ludin\Desktop\salidas\scanqueue\backend\node_modules\pg-pool\index.js:45:11
    at process.processTicksAndRejections (node:internal/process/task_queues:105:5)
    at async query (file:///C:/Users/ludin/Desktop/salidas/scanqueue/backend/src/config/database.js:43:18)
    at async Module.getScansToday (file:///C:/Users/ludin/Desktop/salidas/scanqueue/backend/src/models/Scan.js:23:15)
    at async Module.getScanStatistics (file:///C:/Users/ludin/Desktop/salidas/scanqueue/backend/src/services/ScanService.js:76:24)
    at async getDashboardStats (file:///C:/Users/ludin/Desktop/salidas/scanqueue/backend/src/controllers/DashboardController.js:12:19)
Path: /api/dashboard/stats

[2026-03-04T12:56:25.296Z] ERROR: connect ECONNREFUSED 127.0.0.1:5432
Stack: Error: connect ECONNREFUSED 127.0.0.1:5432
    at C:\Users\ludin\Desktop\salidas\scanqueue\backend\node_modules\pg-pool\index.js:45:11
    at process.processTicksAndRejections (node:internal/process/task_queues:105:5)
    at async query (file:///C:/Users/ludin/Desktop/salidas/scanqueue/backend/src/config/database.js:43:18)
    at async Module.getScansToday (file:///C:/Users/ludin/Desktop/salidas/scanqueue/backend/src/models/Scan.js:23:15)
    at async getTodaySummary (file:///C:/Users/ludin/Desktop/salidas/scanqueue/backend/src/controllers/DashboardController.js:30:24)
Path: /api/dashboard/today

[2026-03-04T12:56:25.868Z] ERROR: connect ECONNREFUSED 127.0.0.1:5432
Stack: Error: connect ECONNREFUSED 127.0.0.1:5432
    at C:\Users\ludin\Desktop\salidas\scanqueue\backend\node_modules\pg-pool\index.js:45:11
    at process.processTicksAndRejections (node:internal/process/task_queues:105:5)
    at async query (file:///C:/Users/ludin/Desktop/salidas/scanqueue/backend/src/config/database.js:43:18)
    at async Module.getScansToday (file:///C:/Users/ludin/Desktop/salidas/scanqueue/backend/src/models/Scan.js:23:15)
    at async Module.getScanStatistics (file:///C:/Users/ludin/Desktop/salidas/scanqueue/backend/src/services/ScanService.js:76:24)
    at async getDashboardStats (file:///C:/Users/ludin/Desktop/salidas/scanqueue/backend/src/controllers/DashboardController.js:12:19)
Path: /api/dashboard/stats

[2026-03-04T12:56:25.871Z] ERROR: connect ECONNREFUSED 127.0.0.1:5432
Stack: Error: connect ECONNREFUSED 127.0.0.1:5432
    at C:\Users\ludin\Desktop\salidas\scanqueue\backend\node_modules\pg-pool\index.js:45:11
    at process.processTicksAndRejections (node:internal/process/task_queues:105:5)
    at async query (file:///C:/Users/ludin/Desktop/salidas/scanqueue/backend/src/config/database.js:43:18)
    at async Module.getScansToday (file:///C:/Users/ludin/Desktop/salidas/scanqueue/backend/src/models/Scan.js:23:15)
    at async getTodaySummary (file:///C:/Users/ludin/Desktop/salidas/scanqueue/backend/src/controllers/DashboardController.js:30:24)
Path: /api/dashboard/today

[2026-03-04T12:56:26.631Z] ERROR: connect ECONNREFUSED 127.0.0.1:5432
Stack: Error: connect ECONNREFUSED 127.0.0.1:5432
    at C:\Users\ludin\Desktop\salidas\scanqueue\backend\node_modules\pg-pool\index.js:45:11
    at process.processTicksAndRejections (node:internal/process/task_queues:105:5)
    at async query (file:///C:/Users/ludin/Desktop/salidas/scanqueue/backend/src/config/database.js:43:18)
    at async Module.getScansToday (file:///C:/Users/ludin/Desktop/salidas/scanqueue/backend/src/models/Scan.js:23:15)
    at async Module.getScanStatistics (file:///C:/Users/ludin/Desktop/salidas/scanqueue/backend/src/services/ScanService.js:76:24)
    at async getDashboardStats (file:///C:/Users/ludin/Desktop/salidas/scanqueue/backend/src/controllers/DashboardController.js:12:19)
Path: /api/dashboard/stats

[2026-03-04T12:56:26.634Z] ERROR: connect ECONNREFUSED 127.0.0.1:5432
Stack: Error: connect ECONNREFUSED 127.0.0.1:5432
    at C:\Users\ludin\Desktop\salidas\scanqueue\backend\node_modules\pg-pool\index.js:45:11
    at process.processTicksAndRejections (node:internal/process/task_queues:105:5)
    at async query (file:///C:/Users/ludin/Desktop/salidas/scanqueue/backend/src/config/database.js:43:18)
    at async Module.getScansToday (file:///C:/Users/ludin/Desktop/salidas/scanqueue/backend/src/models/Scan.js:23:15)
    at async getTodaySummary (file:///C:/Users/ludin/Desktop/salidas/scanqueue/backend/src/controllers/DashboardController.js:30:24)
Path: /api/dashboard/today

[2026-03-04T12:56:27.230Z] ERROR: connect ECONNREFUSED 127.0.0.1:5432
Stack: Error: connect ECONNREFUSED 127.0.0.1:5432
    at C:\Users\ludin\Desktop\salidas\scanqueue\backend\node_modules\pg-pool\index.js:45:11
    at process.processTicksAndRejections (node:internal/process/task_queues:105:5)
    at async query (file:///C:/Users/ludin/Desktop/salidas/scanqueue/backend/src/config/database.js:43:18)
    at async Module.getScansToday (file:///C:/Users/ludin/Desktop/salidas/scanqueue/backend/src/models/Scan.js:23:15)
    at async Module.getScanStatistics (file:///C:/Users/ludin/Desktop/salidas/scanqueue/backend/src/services/ScanService.js:76:24)
    at async getDashboardStats (file:///C:/Users/ludin/Desktop/salidas/scanqueue/backend/src/controllers/DashboardController.js:12:19)
Path: /api/dashboard/stats

[2026-03-04T12:56:27.235Z] ERROR: connect ECONNREFUSED 127.0.0.1:5432
Stack: Error: connect ECONNREFUSED 127.0.0.1:5432
    at C:\Users\ludin\Desktop\salidas\scanqueue\backend\node_modules\pg-pool\index.js:45:11
    at process.processTicksAndRejections (node:internal/process/task_queues:105:5)
    at async query (file:///C:/Users/ludin/Desktop/salidas/scanqueue/backend/src/config/database.js:43:18)
    at async Module.getScansToday (file:///C:/Users/ludin/Desktop/salidas/scanqueue/backend/src/models/Scan.js:23:15)
    at async getTodaySummary (file:///C:/Users/ludin/Desktop/salidas/scanqueue/backend/src/controllers/DashboardController.js:30:24)
Path: /api/dashboard/today

[2026-03-04T12:56:27.898Z] ERROR: connect ECONNREFUSED 127.0.0.1:5432
Stack: Error: connect ECONNREFUSED 127.0.0.1:5432
    at C:\Users\ludin\Desktop\salidas\scanqueue\backend\node_modules\pg-pool\index.js:45:11
    at process.processTicksAndRejections (node:internal/process/task_queues:105:5)
    at async query (file:///C:/Users/ludin/Desktop/salidas/scanqueue/backend/src/config/database.js:43:18)
    at async Module.getScansToday (file:///C:/Users/ludin/Desktop/salidas/scanqueue/backend/src/models/Scan.js:23:15)
    at async Module.getScanStatistics (file:///C:/Users/ludin/Desktop/salidas/scanqueue/backend/src/services/ScanService.js:76:24)
    at async getDashboardStats (file:///C:/Users/ludin/Desktop/salidas/scanqueue/backend/src/controllers/DashboardController.js:12:19)
Path: /api/dashboard/stats

[2026-03-04T12:56:27.903Z] ERROR: connect ECONNREFUSED 127.0.0.1:5432
Stack: Error: connect ECONNREFUSED 127.0.0.1:5432
    at C:\Users\ludin\Desktop\salidas\scanqueue\backend\node_modules\pg-pool\index.js:45:11
    at process.processTicksAndRejections (node:internal/process/task_queues:105:5)
    at async query (file:///C:/Users/ludin/Desktop/salidas/scanqueue/backend/src/config/database.js:43:18)
    at async Module.getScansToday (file:///C:/Users/ludin/Desktop/salidas/scanqueue/backend/src/models/Scan.js:23:15)
    at async getTodaySummary (file:///C:/Users/ludin/Desktop/salidas/scanqueue/backend/src/controllers/DashboardController.js:30:24)
Path: /api/dashboard/today

[2026-03-04T12:56:28.481Z] ERROR: connect ECONNREFUSED 127.0.0.1:5432
Stack: Error: connect ECONNREFUSED 127.0.0.1:5432
    at C:\Users\ludin\Desktop\salidas\scanqueue\backend\node_modules\pg-pool\index.js:45:11
    at process.processTicksAndRejections (node:internal/process/task_queues:105:5)
    at async query (file:///C:/Users/ludin/Desktop/salidas/scanqueue/backend/src/config/database.js:43:18)
    at async Module.getScansToday (file:///C:/Users/ludin/Desktop/salidas/scanqueue/backend/src/models/Scan.js:23:15)
    at async Module.getScanStatistics (file:///C:/Users/ludin/Desktop/salidas/scanqueue/backend/src/services/ScanService.js:76:24)
    at async getDashboardStats (file:///C:/Users/ludin/Desktop/salidas/scanqueue/backend/src/controllers/DashboardController.js:12:19)
Path: /api/dashboard/stats

[2026-03-04T12:56:32.776Z] ERROR: Connection terminated due to connection timeout
Stack: Error: Connection terminated due to connection timeout
    at C:\Users\ludin\Desktop\salidas\scanqueue\backend\node_modules\pg-pool\index.js:45:11
    at process.processTicksAndRejections (node:internal/process/task_queues:105:5)
    at async query (file:///C:/Users/ludin/Desktop/salidas/scanqueue/backend/src/config/database.js:43:18)
    at async Module.getScansToday (file:///C:/Users/ludin/Desktop/salidas/scanqueue/backend/src/models/Scan.js:23:15)
    at async getTodaySummary (file:///C:/Users/ludin/Desktop/salidas/scanqueue/backend/src/controllers/DashboardController.js:30:24)
Path: /api/dashboard/today

[2026-03-04T12:56:33.495Z] ERROR: connect ECONNREFUSED 127.0.0.1:5432
Stack: Error: connect ECONNREFUSED 127.0.0.1:5432
    at C:\Users\ludin\Desktop\salidas\scanqueue\backend\node_modules\pg-pool\index.js:45:11
    at process.processTicksAndRejections (node:internal/process/task_queues:105:5)
    at async query (file:///C:/Users/ludin/Desktop/salidas/scanqueue/backend/src/config/database.js:43:18)
    at async Module.getScansToday (file:///C:/Users/ludin/Desktop/salidas/scanqueue/backend/src/models/Scan.js:23:15)
    at async Module.getScanStatistics (file:///C:/Users/ludin/Desktop/salidas/scanqueue/backend/src/services/ScanService.js:76:24)
    at async getDashboardStats (file:///C:/Users/ludin/Desktop/salidas/scanqueue/backend/src/controllers/DashboardController.js:12:19)
Path: /api/dashboard/stats

[2026-03-04T12:56:33.500Z] ERROR: connect ECONNREFUSED 127.0.0.1:5432
Stack: Error: connect ECONNREFUSED 127.0.0.1:5432
    at C:\Users\ludin\Desktop\salidas\scanqueue\backend\node_modules\pg-pool\index.js:45:11
    at process.processTicksAndRejections (node:internal/process/task_queues:105:5)
    at async query (file:///C:/Users/ludin/Desktop/salidas/scanqueue/backend/src/config/database.js:43:18)
    at async Module.getScansToday (file:///C:/Users/ludin/Desktop/salidas/scanqueue/backend/src/models/Scan.js:23:15)
    at async getTodaySummary (file:///C:/Users/ludin/Desktop/salidas/scanqueue/backend/src/controllers/DashboardController.js:30:24)
Path: /api/dashboard/today

[2026-03-04T12:56:34.014Z] ERROR: connect ECONNREFUSED 127.0.0.1:5432
Stack: Error: connect ECONNREFUSED 127.0.0.1:5432
    at C:\Users\ludin\Desktop\salidas\scanqueue\backend\node_modules\pg-pool\index.js:45:11
    at process.processTicksAndRejections (node:internal/process/task_queues:105:5)
    at async query (file:///C:/Users/ludin/Desktop/salidas/scanqueue/backend/src/config/database.js:43:18)
    at async Module.getScansToday (file:///C:/Users/ludin/Desktop/salidas/scanqueue/backend/src/models/Scan.js:23:15)
    at async Module.getScanStatistics (file:///C:/Users/ludin/Desktop/salidas/scanqueue/backend/src/services/ScanService.js:76:24)
    at async getDashboardStats (file:///C:/Users/ludin/Desktop/salidas/scanqueue/backend/src/controllers/DashboardController.js:12:19)
Path: /api/dashboard/stats

[2026-03-04T12:56:34.021Z] ERROR: connect ECONNREFUSED 127.0.0.1:5432
Stack: Error: connect ECONNREFUSED 127.0.0.1:5432
    at C:\Users\ludin\Desktop\salidas\scanqueue\backend\node_modules\pg-pool\index.js:45:11
    at process.processTicksAndRejections (node:internal/process/task_queues:105:5)
    at async query (file:///C:/Users/ludin/Desktop/salidas/scanqueue/backend/src/config/database.js:43:18)
    at async Module.getScansToday (file:///C:/Users/ludin/Desktop/salidas/scanqueue/backend/src/models/Scan.js:23:15)
    at async getTodaySummary (file:///C:/Users/ludin/Desktop/salidas/scanqueue/backend/src/controllers/DashboardController.js:30:24)
Path: /api/dashboard/today

[2026-03-04T12:56:34.697Z] ERROR: connect ECONNREFUSED 127.0.0.1:5432
Stack: Error: connect ECONNREFUSED 127.0.0.1:5432
    at C:\Users\ludin\Desktop\salidas\scanqueue\backend\node_modules\pg-pool\index.js:45:11
    at process.processTicksAndRejections (node:internal/process/task_queues:105:5)
    at async query (file:///C:/Users/ludin/Desktop/salidas/scanqueue/backend/src/config/database.js:43:18)
    at async Module.getScansToday (file:///C:/Users/ludin/Desktop/salidas/scanqueue/backend/src/models/Scan.js:23:15)
    at async Module.getScanStatistics (file:///C:/Users/ludin/Desktop/salidas/scanqueue/backend/src/services/ScanService.js:76:24)
    at async getDashboardStats (file:///C:/Users/ludin/Desktop/salidas/scanqueue/backend/src/controllers/DashboardController.js:12:19)
Path: /api/dashboard/stats

[2026-03-04T12:56:34.703Z] ERROR: connect ECONNREFUSED 127.0.0.1:5432
Stack: Error: connect ECONNREFUSED 127.0.0.1:5432
    at C:\Users\ludin\Desktop\salidas\scanqueue\backend\node_modules\pg-pool\index.js:45:11
    at process.processTicksAndRejections (node:internal/process/task_queues:105:5)
    at async query (file:///C:/Users/ludin/Desktop/salidas/scanqueue/backend/src/config/database.js:43:18)
    at async Module.getScansToday (file:///C:/Users/ludin/Desktop/salidas/scanqueue/backend/src/models/Scan.js:23:15)
    at async getTodaySummary (file:///C:/Users/ludin/Desktop/salidas/scanqueue/backend/src/controllers/DashboardController.js:30:24)
Path: /api/dashboard/today

[2026-03-04T12:56:35.236Z] ERROR: connect ECONNREFUSED 127.0.0.1:5432
Stack: Error: connect ECONNREFUSED 127.0.0.1:5432
    at C:\Users\ludin\Desktop\salidas\scanqueue\backend\node_modules\pg-pool\index.js:45:11
    at process.processTicksAndRejections (node:internal/process/task_queues:105:5)
    at async query (file:///C:/Users/ludin/Desktop/salidas/scanqueue/backend/src/config/database.js:43:18)
    at async Module.getScansToday (file:///C:/Users/ludin/Desktop/salidas/scanqueue/backend/src/models/Scan.js:23:15)
    at async Module.getScanStatistics (file:///C:/Users/ludin/Desktop/salidas/scanqueue/backend/src/services/ScanService.js:76:24)
    at async getDashboardStats (file:///C:/Users/ludin/Desktop/salidas/scanqueue/backend/src/controllers/DashboardController.js:12:19)
Path: /api/dashboard/stats

[2026-03-04T12:56:35.258Z] ERROR: connect ECONNREFUSED 127.0.0.1:5432
Stack: Error: connect ECONNREFUSED 127.0.0.1:5432
    at C:\Users\ludin\Desktop\salidas\scanqueue\backend\node_modules\pg-pool\index.js:45:11
    at process.processTicksAndRejections (node:internal/process/task_queues:105:5)
    at async query (file:///C:/Users/ludin/Desktop/salidas/scanqueue/backend/src/config/database.js:43:18)
    at async Module.getScansToday (file:///C:/Users/ludin/Desktop/salidas/scanqueue/backend/src/models/Scan.js:23:15)
    at async getTodaySummary (file:///C:/Users/ludin/Desktop/salidas/scanqueue/backend/src/controllers/DashboardController.js:30:24)
Path: /api/dashboard/today

[2026-03-04T12:56:35.849Z] ERROR: connect ECONNREFUSED 127.0.0.1:5432
Stack: Error: connect ECONNREFUSED 127.0.0.1:5432
    at C:\Users\ludin\Desktop\salidas\scanqueue\backend\node_modules\pg-pool\index.js:45:11
    at process.processTicksAndRejections (node:internal/process/task_queues:105:5)
    at async query (file:///C:/Users/ludin/Desktop/salidas/scanqueue/backend/src/config/database.js:43:18)
    at async Module.getScansToday (file:///C:/Users/ludin/Desktop/salidas/scanqueue/backend/src/models/Scan.js:23:15)
    at async Module.getScanStatistics (file:///C:/Users/ludin/Desktop/salidas/scanqueue/backend/src/services/ScanService.js:76:24)
    at async getDashboardStats (file:///C:/Users/ludin/Desktop/salidas/scanqueue/backend/src/controllers/DashboardController.js:12:19)
Path: /api/dashboard/stats

[2026-03-04T12:56:35.852Z] ERROR: connect ECONNREFUSED 127.0.0.1:5432
Stack: Error: connect ECONNREFUSED 127.0.0.1:5432
    at C:\Users\ludin\Desktop\salidas\scanqueue\backend\node_modules\pg-pool\index.js:45:11
    at process.processTicksAndRejections (node:internal/process/task_queues:105:5)
    at async query (file:///C:/Users/ludin/Desktop/salidas/scanqueue/backend/src/config/database.js:43:18)
    at async Module.getScansToday (file:///C:/Users/ludin/Desktop/salidas/scanqueue/backend/src/models/Scan.js:23:15)
    at async getTodaySummary (file:///C:/Users/ludin/Desktop/salidas/scanqueue/backend/src/controllers/DashboardController.js:30:24)
Path: /api/dashboard/today

[2026-03-04T12:56:36.385Z] ERROR: connect ECONNREFUSED 127.0.0.1:5432
Stack: Error: connect ECONNREFUSED 127.0.0.1:5432
    at C:\Users\ludin\Desktop\salidas\scanqueue\backend\node_modules\pg-pool\index.js:45:11
    at process.processTicksAndRejections (node:internal/process/task_queues:105:5)
    at async query (file:///C:/Users/ludin/Desktop/salidas/scanqueue/backend/src/config/database.js:43:18)
    at async Module.getScansToday (file:///C:/Users/ludin/Desktop/salidas/scanqueue/backend/src/models/Scan.js:23:15)
    at async Module.getScanStatistics (file:///C:/Users/ludin/Desktop/salidas/scanqueue/backend/src/services/ScanService.js:76:24)
    at async getDashboardStats (file:///C:/Users/ludin/Desktop/salidas/scanqueue/backend/src/controllers/DashboardController.js:12:19)
Path: /api/dashboard/stats

[2026-03-04T12:56:36.386Z] ERROR: connect ECONNREFUSED 127.0.0.1:5432
Stack: Error: connect ECONNREFUSED 127.0.0.1:5432
    at C:\Users\ludin\Desktop\salidas\scanqueue\backend\node_modules\pg-pool\index.js:45:11
    at process.processTicksAndRejections (node:internal/process/task_queues:105:5)
    at async query (file:///C:/Users/ludin/Desktop/salidas/scanqueue/backend/src/config/database.js:43:18)
    at async Module.getScansToday (file:///C:/Users/ludin/Desktop/salidas/scanqueue/backend/src/models/Scan.js:23:15)
    at async getTodaySummary (file:///C:/Users/ludin/Desktop/salidas/scanqueue/backend/src/controllers/DashboardController.js:30:24)
Path: /api/dashboard/today

[2026-03-04T12:56:37.224Z] ERROR: connect ECONNREFUSED 127.0.0.1:5432
Stack: Error: connect ECONNREFUSED 127.0.0.1:5432
    at C:\Users\ludin\Desktop\salidas\scanqueue\backend\node_modules\pg-pool\index.js:45:11
    at process.processTicksAndRejections (node:internal/process/task_queues:105:5)
    at async query (file:///C:/Users/ludin/Desktop/salidas/scanqueue/backend/src/config/database.js:43:18)
    at async Module.getScansToday (file:///C:/Users/ludin/Desktop/salidas/scanqueue/backend/src/models/Scan.js:23:15)
    at async Module.getScanStatistics (file:///C:/Users/ludin/Desktop/salidas/scanqueue/backend/src/services/ScanService.js:76:24)
    at async getDashboardStats (file:///C:/Users/ludin/Desktop/salidas/scanqueue/backend/src/controllers/DashboardController.js:12:19)
Path: /api/dashboard/stats

[2026-03-04T12:56:37.228Z] ERROR: connect ECONNREFUSED 127.0.0.1:5432
Stack: Error: connect ECONNREFUSED 127.0.0.1:5432
    at C:\Users\ludin\Desktop\salidas\scanqueue\backend\node_modules\pg-pool\index.js:45:11
    at process.processTicksAndRejections (node:internal/process/task_queues:105:5)
    at async query (file:///C:/Users/ludin/Desktop/salidas/scanqueue/backend/src/config/database.js:43:18)
    at async Module.getScansToday (file:///C:/Users/ludin/Desktop/salidas/scanqueue/backend/src/models/Scan.js:23:15)
    at async getTodaySummary (file:///C:/Users/ludin/Desktop/salidas/scanqueue/backend/src/controllers/DashboardController.js:30:24)
Path: /api/dashboard/today

[2026-03-04T12:56:37.901Z] ERROR: connect ECONNREFUSED 127.0.0.1:5432
Stack: Error: connect ECONNREFUSED 127.0.0.1:5432
    at C:\Users\ludin\Desktop\salidas\scanqueue\backend\node_modules\pg-pool\index.js:45:11
    at process.processTicksAndRejections (node:internal/process/task_queues:105:5)
    at async query (file:///C:/Users/ludin/Desktop/salidas/scanqueue/backend/src/config/database.js:43:18)
    at async Module.getScansToday (file:///C:/Users/ludin/Desktop/salidas/scanqueue/backend/src/models/Scan.js:23:15)
    at async Module.getScanStatistics (file:///C:/Users/ludin/Desktop/salidas/scanqueue/backend/src/services/ScanService.js:76:24)
    at async getDashboardStats (file:///C:/Users/ludin/Desktop/salidas/scanqueue/backend/src/controllers/DashboardController.js:12:19)
Path: /api/dashboard/stats

[2026-03-04T12:56:37.905Z] ERROR: connect ECONNREFUSED 127.0.0.1:5432
Stack: Error: connect ECONNREFUSED 127.0.0.1:5432
    at C:\Users\ludin\Desktop\salidas\scanqueue\backend\node_modules\pg-pool\index.js:45:11
    at process.processTicksAndRejections (node:internal/process/task_queues:105:5)
    at async query (file:///C:/Users/ludin/Desktop/salidas/scanqueue/backend/src/config/database.js:43:18)
    at async Module.getScansToday (file:///C:/Users/ludin/Desktop/salidas/scanqueue/backend/src/models/Scan.js:23:15)
    at async getTodaySummary (file:///C:/Users/ludin/Desktop/salidas/scanqueue/backend/src/controllers/DashboardController.js:30:24)
Path: /api/dashboard/today

[2026-03-04T12:56:38.667Z] ERROR: connect ECONNREFUSED 127.0.0.1:5432
Stack: Error: connect ECONNREFUSED 127.0.0.1:5432
    at C:\Users\ludin\Desktop\salidas\scanqueue\backend\node_modules\pg-pool\index.js:45:11
    at process.processTicksAndRejections (node:internal/process/task_queues:105:5)
    at async query (file:///C:/Users/ludin/Desktop/salidas/scanqueue/backend/src/config/database.js:43:18)
    at async Module.getScansToday (file:///C:/Users/ludin/Desktop/salidas/scanqueue/backend/src/models/Scan.js:23:15)
    at async Module.getScanStatistics (file:///C:/Users/ludin/Desktop/salidas/scanqueue/backend/src/services/ScanService.js:76:24)
    at async getDashboardStats (file:///C:/Users/ludin/Desktop/salidas/scanqueue/backend/src/controllers/DashboardController.js:12:19)
Path: /api/dashboard/stats

[2026-03-04T12:56:38.671Z] ERROR: connect ECONNREFUSED 127.0.0.1:5432
Stack: Error: connect ECONNREFUSED 127.0.0.1:5432
    at C:\Users\ludin\Desktop\salidas\scanqueue\backend\node_modules\pg-pool\index.js:45:11
    at process.processTicksAndRejections (node:internal/process/task_queues:105:5)
    at async query (file:///C:/Users/ludin/Desktop/salidas/scanqueue/backend/src/config/database.js:43:18)
    at async Module.getScansToday (file:///C:/Users/ludin/Desktop/salidas/scanqueue/backend/src/models/Scan.js:23:15)
    at async getTodaySummary (file:///C:/Users/ludin/Desktop/salidas/scanqueue/backend/src/controllers/DashboardController.js:30:24)
Path: /api/dashboard/today

[2026-03-04T12:56:39.299Z] ERROR: connect ECONNREFUSED 127.0.0.1:5432
Stack: Error: connect ECONNREFUSED 127.0.0.1:5432
    at C:\Users\ludin\Desktop\salidas\scanqueue\backend\node_modules\pg-pool\index.js:45:11
    at process.processTicksAndRejections (node:internal/process/task_queues:105:5)
    at async query (file:///C:/Users/ludin/Desktop/salidas/scanqueue/backend/src/config/database.js:43:18)
    at async Module.getScansToday (file:///C:/Users/ludin/Desktop/salidas/scanqueue/backend/src/models/Scan.js:23:15)
    at async Module.getScanStatistics (file:///C:/Users/ludin/Desktop/salidas/scanqueue/backend/src/services/ScanService.js:76:24)
    at async getDashboardStats (file:///C:/Users/ludin/Desktop/salidas/scanqueue/backend/src/controllers/DashboardController.js:12:19)
Path: /api/dashboard/stats

[2026-03-04T12:56:39.303Z] ERROR: connect ECONNREFUSED 127.0.0.1:5432
Stack: Error: connect ECONNREFUSED 127.0.0.1:5432
    at C:\Users\ludin\Desktop\salidas\scanqueue\backend\node_modules\pg-pool\index.js:45:11
    at process.processTicksAndRejections (node:internal/process/task_queues:105:5)
    at async query (file:///C:/Users/ludin/Desktop/salidas/scanqueue/backend/src/config/database.js:43:18)
    at async Module.getScansToday (file:///C:/Users/ludin/Desktop/salidas/scanqueue/backend/src/models/Scan.js:23:15)
    at async getTodaySummary (file:///C:/Users/ludin/Desktop/salidas/scanqueue/backend/src/controllers/DashboardController.js:30:24)
Path: /api/dashboard/today

[2026-03-04T12:56:39.927Z] ERROR: connect ECONNREFUSED 127.0.0.1:5432
Stack: Error: connect ECONNREFUSED 127.0.0.1:5432
    at C:\Users\ludin\Desktop\salidas\scanqueue\backend\node_modules\pg-pool\index.js:45:11
    at process.processTicksAndRejections (node:internal/process/task_queues:105:5)
    at async query (file:///C:/Users/ludin/Desktop/salidas/scanqueue/backend/src/config/database.js:43:18)
    at async Module.getScansToday (file:///C:/Users/ludin/Desktop/salidas/scanqueue/backend/src/models/Scan.js:23:15)
    at async Module.getScanStatistics (file:///C:/Users/ludin/Desktop/salidas/scanqueue/backend/src/services/ScanService.js:76:24)
    at async getDashboardStats (file:///C:/Users/ludin/Desktop/salidas/scanqueue/backend/src/controllers/DashboardController.js:12:19)
Path: /api/dashboard/stats

[2026-03-04T12:56:39.937Z] ERROR: connect ECONNREFUSED 127.0.0.1:5432
Stack: Error: connect ECONNREFUSED 127.0.0.1:5432
    at C:\Users\ludin\Desktop\salidas\scanqueue\backend\node_modules\pg-pool\index.js:45:11
    at process.processTicksAndRejections (node:internal/process/task_queues:105:5)
    at async query (file:///C:/Users/ludin/Desktop/salidas/scanqueue/backend/src/config/database.js:43:18)
    at async Module.getScansToday (file:///C:/Users/ludin/Desktop/salidas/scanqueue/backend/src/models/Scan.js:23:15)
    at async getTodaySummary (file:///C:/Users/ludin/Desktop/salidas/scanqueue/backend/src/controllers/DashboardController.js:30:24)
Path: /api/dashboard/today

[2026-03-04T12:56:40.400Z] ERROR: connect ECONNREFUSED 127.0.0.1:5432
Stack: Error: connect ECONNREFUSED 127.0.0.1:5432
    at C:\Users\ludin\Desktop\salidas\scanqueue\backend\node_modules\pg-pool\index.js:45:11
    at process.processTicksAndRejections (node:internal/process/task_queues:105:5)
    at async query (file:///C:/Users/ludin/Desktop/salidas/scanqueue/backend/src/config/database.js:43:18)
    at async Module.getScansToday (file:///C:/Users/ludin/Desktop/salidas/scanqueue/backend/src/models/Scan.js:23:15)
    at async Module.getScanStatistics (file:///C:/Users/ludin/Desktop/salidas/scanqueue/backend/src/services/ScanService.js:76:24)
    at async getDashboardStats (file:///C:/Users/ludin/Desktop/salidas/scanqueue/backend/src/controllers/DashboardController.js:12:19)
Path: /api/dashboard/stats

[2026-03-04T12:56:40.402Z] ERROR: connect ECONNREFUSED 127.0.0.1:5432
Stack: Error: connect ECONNREFUSED 127.0.0.1:5432
    at C:\Users\ludin\Desktop\salidas\scanqueue\backend\node_modules\pg-pool\index.js:45:11
    at process.processTicksAndRejections (node:internal/process/task_queues:105:5)
    at async query (file:///C:/Users/ludin/Desktop/salidas/scanqueue/backend/src/config/database.js:43:18)
    at async Module.getScansToday (file:///C:/Users/ludin/Desktop/salidas/scanqueue/backend/src/models/Scan.js:23:15)
    at async getTodaySummary (file:///C:/Users/ludin/Desktop/salidas/scanqueue/backend/src/controllers/DashboardController.js:30:24)
Path: /api/dashboard/today

[2026-03-04T12:56:40.960Z] ERROR: connect ECONNREFUSED 127.0.0.1:5432
Stack: Error: connect ECONNREFUSED 127.0.0.1:5432
    at C:\Users\ludin\Desktop\salidas\scanqueue\backend\node_modules\pg-pool\index.js:45:11
    at process.processTicksAndRejections (node:internal/process/task_queues:105:5)
    at async query (file:///C:/Users/ludin/Desktop/salidas/scanqueue/backend/src/config/database.js:43:18)
    at async Module.getScansToday (file:///C:/Users/ludin/Desktop/salidas/scanqueue/backend/src/models/Scan.js:23:15)
    at async Module.getScanStatistics (file:///C:/Users/ludin/Desktop/salidas/scanqueue/backend/src/services/ScanService.js:76:24)
    at async getDashboardStats (file:///C:/Users/ludin/Desktop/salidas/scanqueue/backend/src/controllers/DashboardController.js:12:19)
Path: /api/dashboard/stats

[2026-03-04T12:56:40.963Z] ERROR: connect ECONNREFUSED 127.0.0.1:5432
Stack: Error: connect ECONNREFUSED 127.0.0.1:5432
    at C:\Users\ludin\Desktop\salidas\scanqueue\backend\node_modules\pg-pool\index.js:45:11
    at process.processTicksAndRejections (node:internal/process/task_queues:105:5)
    at async query (file:///C:/Users/ludin/Desktop/salidas/scanqueue/backend/src/config/database.js:43:18)
    at async Module.getScansToday (file:///C:/Users/ludin/Desktop/salidas/scanqueue/backend/src/models/Scan.js:23:15)
    at async getTodaySummary (file:///C:/Users/ludin/Desktop/salidas/scanqueue/backend/src/controllers/DashboardController.js:30:24)
Path: /api/dashboard/today

[2026-03-04T12:56:41.419Z] ERROR: connect ECONNREFUSED 127.0.0.1:5432
Stack: Error: connect ECONNREFUSED 127.0.0.1:5432
    at C:\Users\ludin\Desktop\salidas\scanqueue\backend\node_modules\pg-pool\index.js:45:11
    at process.processTicksAndRejections (node:internal/process/task_queues:105:5)
    at async query (file:///C:/Users/ludin/Desktop/salidas/scanqueue/backend/src/config/database.js:43:18)
    at async Module.getScansToday (file:///C:/Users/ludin/Desktop/salidas/scanqueue/backend/src/models/Scan.js:23:15)
    at async Module.getScanStatistics (file:///C:/Users/ludin/Desktop/salidas/scanqueue/backend/src/services/ScanService.js:76:24)
    at async getDashboardStats (file:///C:/Users/ludin/Desktop/salidas/scanqueue/backend/src/controllers/DashboardController.js:12:19)
Path: /api/dashboard/stats

[2026-03-04T12:56:41.425Z] ERROR: connect ECONNREFUSED 127.0.0.1:5432
Stack: Error: connect ECONNREFUSED 127.0.0.1:5432
    at C:\Users\ludin\Desktop\salidas\scanqueue\backend\node_modules\pg-pool\index.js:45:11
    at process.processTicksAndRejections (node:internal/process/task_queues:105:5)
    at async query (file:///C:/Users/ludin/Desktop/salidas/scanqueue/backend/src/config/database.js:43:18)
    at async Module.getScansToday (file:///C:/Users/ludin/Desktop/salidas/scanqueue/backend/src/models/Scan.js:23:15)
    at async getTodaySummary (file:///C:/Users/ludin/Desktop/salidas/scanqueue/backend/src/controllers/DashboardController.js:30:24)
Path: /api/dashboard/today

[2026-03-04T12:56:41.948Z] ERROR: connect ECONNREFUSED 127.0.0.1:5432
Stack: Error: connect ECONNREFUSED 127.0.0.1:5432
    at C:\Users\ludin\Desktop\salidas\scanqueue\backend\node_modules\pg-pool\index.js:45:11
    at process.processTicksAndRejections (node:internal/process/task_queues:105:5)
    at async query (file:///C:/Users/ludin/Desktop/salidas/scanqueue/backend/src/config/database.js:43:18)
    at async Module.getScansToday (file:///C:/Users/ludin/Desktop/salidas/scanqueue/backend/src/models/Scan.js:23:15)
    at async Module.getScanStatistics (file:///C:/Users/ludin/Desktop/salidas/scanqueue/backend/src/services/ScanService.js:76:24)
    at async getDashboardStats (file:///C:/Users/ludin/Desktop/salidas/scanqueue/backend/src/controllers/DashboardController.js:12:19)
Path: /api/dashboard/stats

[2026-03-04T12:56:41.950Z] ERROR: connect ECONNREFUSED 127.0.0.1:5432
Stack: Error: connect ECONNREFUSED 127.0.0.1:5432
    at C:\Users\ludin\Desktop\salidas\scanqueue\backend\node_modules\pg-pool\index.js:45:11
    at process.processTicksAndRejections (node:internal/process/task_queues:105:5)
    at async query (file:///C:/Users/ludin/Desktop/salidas/scanqueue/backend/src/config/database.js:43:18)
    at async Module.getScansToday (file:///C:/Users/ludin/Desktop/salidas/scanqueue/backend/src/models/Scan.js:23:15)
    at async getTodaySummary (file:///C:/Users/ludin/Desktop/salidas/scanqueue/backend/src/controllers/DashboardController.js:30:24)
Path: /api/dashboard/today

[2026-03-04T12:56:46.000Z] ERROR: connect ECONNREFUSED 127.0.0.1:5432
Stack: Error: connect ECONNREFUSED 127.0.0.1:5432
    at C:\Users\ludin\Desktop\salidas\scanqueue\backend\node_modules\pg-pool\index.js:45:11
    at process.processTicksAndRejections (node:internal/process/task_queues:105:5)
    at async query (file:///C:/Users/ludin/Desktop/salidas/scanqueue/backend/src/config/database.js:43:18)
    at async Module.getScansToday (file:///C:/Users/ludin/Desktop/salidas/scanqueue/backend/src/models/Scan.js:23:15)
    at async Module.getScanStatistics (file:///C:/Users/ludin/Desktop/salidas/scanqueue/backend/src/services/ScanService.js:76:24)
    at async getDashboardStats (file:///C:/Users/ludin/Desktop/salidas/scanqueue/backend/src/controllers/DashboardController.js:12:19)
Path: /api/dashboard/stats

[2026-03-04T12:56:46.003Z] ERROR: connect ECONNREFUSED 127.0.0.1:5432
Stack: Error: connect ECONNREFUSED 127.0.0.1:5432
    at C:\Users\ludin\Desktop\salidas\scanqueue\backend\node_modules\pg-pool\index.js:45:11
    at process.processTicksAndRejections (node:internal/process/task_queues:105:5)
    at async query (file:///C:/Users/ludin/Desktop/salidas/scanqueue/backend/src/config/database.js:43:18)
    at async Module.getScansToday (file:///C:/Users/ludin/Desktop/salidas/scanqueue/backend/src/models/Scan.js:23:15)
    at async getTodaySummary (file:///C:/Users/ludin/Desktop/salidas/scanqueue/backend/src/controllers/DashboardController.js:30:24)
Path: /api/dashboard/today

[2026-03-04T12:56:46.608Z] ERROR: connect ECONNREFUSED 127.0.0.1:5432
Stack: Error: connect ECONNREFUSED 127.0.0.1:5432
    at C:\Users\ludin\Desktop\salidas\scanqueue\backend\node_modules\pg-pool\index.js:45:11
    at process.processTicksAndRejections (node:internal/process/task_queues:105:5)
    at async query (file:///C:/Users/ludin/Desktop/salidas/scanqueue/backend/src/config/database.js:43:18)
    at async Module.getScansToday (file:///C:/Users/ludin/Desktop/salidas/scanqueue/backend/src/models/Scan.js:23:15)
    at async Module.getScanStatistics (file:///C:/Users/ludin/Desktop/salidas/scanqueue/backend/src/services/ScanService.js:76:24)
    at async getDashboardStats (file:///C:/Users/ludin/Desktop/salidas/scanqueue/backend/src/controllers/DashboardController.js:12:19)
Path: /api/dashboard/stats

[2026-03-04T12:56:46.611Z] ERROR: connect ECONNREFUSED 127.0.0.1:5432
Stack: Error: connect ECONNREFUSED 127.0.0.1:5432
    at C:\Users\ludin\Desktop\salidas\scanqueue\backend\node_modules\pg-pool\index.js:45:11
    at process.processTicksAndRejections (node:internal/process/task_queues:105:5)
    at async query (file:///C:/Users/ludin/Desktop/salidas/scanqueue/backend/src/config/database.js:43:18)
    at async Module.getScansToday (file:///C:/Users/ludin/Desktop/salidas/scanqueue/backend/src/models/Scan.js:23:15)
    at async getTodaySummary (file:///C:/Users/ludin/Desktop/salidas/scanqueue/backend/src/controllers/DashboardController.js:30:24)
Path: /api/dashboard/today

[2026-03-04T12:56:57.856Z] ERROR: connect ECONNREFUSED 127.0.0.1:5432
Stack: Error: connect ECONNREFUSED 127.0.0.1:5432
    at C:\Users\ludin\Desktop\salidas\scanqueue\backend\node_modules\pg-pool\index.js:45:11
    at process.processTicksAndRejections (node:internal/process/task_queues:105:5)
    at async query (file:///C:/Users/ludin/Desktop/salidas/scanqueue/backend/src/config/database.js:43:18)
    at async Module.getTotalStudents (file:///C:/Users/ludin/Desktop/salidas/scanqueue/backend/src/models/Student.js:23:15)
    at async Module.getScanStatistics (file:///C:/Users/ludin/Desktop/salidas/scanqueue/backend/src/services/ScanService.js:78:27)
    at async getDashboardStats (file:///C:/Users/ludin/Desktop/salidas/scanqueue/backend/src/controllers/DashboardController.js:12:19)
Path: /api/dashboard/stats

[2026-03-04T12:56:57.862Z] ERROR: connect ECONNREFUSED 127.0.0.1:5432
Stack: Error: connect ECONNREFUSED 127.0.0.1:5432
    at C:\Users\ludin\Desktop\salidas\scanqueue\backend\node_modules\pg-pool\index.js:45:11
    at process.processTicksAndRejections (node:internal/process/task_queues:105:5)
    at async query (file:///C:/Users/ludin/Desktop/salidas/scanqueue/backend/src/config/database.js:43:18)
    at async Module.getAllRoutes (file:///C:/Users/ludin/Desktop/salidas/scanqueue/backend/src/models/Route.js:7:15)
    at async getTodaySummary (file:///C:/Users/ludin/Desktop/salidas/scanqueue/backend/src/controllers/DashboardController.js:31:20)
Path: /api/dashboard/today

[2026-03-04T12:57:02.634Z] ERROR: connect ECONNREFUSED 127.0.0.1:5432
Stack: Error: connect ECONNREFUSED 127.0.0.1:5432
    at C:\Users\ludin\Desktop\salidas\scanqueue\backend\node_modules\pg-pool\index.js:45:11
    at process.processTicksAndRejections (node:internal/process/task_queues:105:5)
    at async query (file:///C:/Users/ludin/Desktop/salidas/scanqueue/backend/src/config/database.js:43:18)
    at async Module.getTotalStudents (file:///C:/Users/ludin/Desktop/salidas/scanqueue/backend/src/models/Student.js:23:15)
    at async Module.getScanStatistics (file:///C:/Users/ludin/Desktop/salidas/scanqueue/backend/src/services/ScanService.js:78:27)
    at async getDashboardStats (file:///C:/Users/ludin/Desktop/salidas/scanqueue/backend/src/controllers/DashboardController.js:12:19)
Path: /api/dashboard/stats

[2026-03-04T12:57:02.648Z] ERROR: connect ECONNREFUSED 127.0.0.1:5432
Stack: Error: connect ECONNREFUSED 127.0.0.1:5432
    at C:\Users\ludin\Desktop\salidas\scanqueue\backend\node_modules\pg-pool\index.js:45:11
    at process.processTicksAndRejections (node:internal/process/task_queues:105:5)
    at async query (file:///C:/Users/ludin/Desktop/salidas/scanqueue/backend/src/config/database.js:43:18)
    at async Module.getAllRoutes (file:///C:/Users/ludin/Desktop/salidas/scanqueue/backend/src/models/Route.js:7:15)
    at async getTodaySummary (file:///C:/Users/ludin/Desktop/salidas/scanqueue/backend/src/controllers/DashboardController.js:31:20)
Path: /api/dashboard/today

[2026-03-04T12:57:03.856Z] ERROR: connect ECONNREFUSED 127.0.0.1:5432
Stack: Error: connect ECONNREFUSED 127.0.0.1:5432
    at C:\Users\ludin\Desktop\salidas\scanqueue\backend\node_modules\pg-pool\index.js:45:11
    at process.processTicksAndRejections (node:internal/process/task_queues:105:5)
    at async query (file:///C:/Users/ludin/Desktop/salidas/scanqueue/backend/src/config/database.js:43:18)
    at async Module.getTotalStudents (file:///C:/Users/ludin/Desktop/salidas/scanqueue/backend/src/models/Student.js:23:15)
    at async Module.getScanStatistics (file:///C:/Users/ludin/Desktop/salidas/scanqueue/backend/src/services/ScanService.js:78:27)
    at async getDashboardStats (file:///C:/Users/ludin/Desktop/salidas/scanqueue/backend/src/controllers/DashboardController.js:12:19)
Path: /api/dashboard/stats

[2026-03-04T12:57:03.875Z] ERROR: connect ECONNREFUSED 127.0.0.1:5432
Stack: Error: connect ECONNREFUSED 127.0.0.1:5432
    at C:\Users\ludin\Desktop\salidas\scanqueue\backend\node_modules\pg-pool\index.js:45:11
    at process.processTicksAndRejections (node:internal/process/task_queues:105:5)
    at async query (file:///C:/Users/ludin/Desktop/salidas/scanqueue/backend/src/config/database.js:43:18)
    at async Module.getAllRoutes (file:///C:/Users/ludin/Desktop/salidas/scanqueue/backend/src/models/Route.js:7:15)
    at async getTodaySummary (file:///C:/Users/ludin/Desktop/salidas/scanqueue/backend/src/controllers/DashboardController.js:31:20)
Path: /api/dashboard/today

[2026-03-04T12:57:05.233Z] ERROR: connect ECONNREFUSED 127.0.0.1:5432
Stack: Error: connect ECONNREFUSED 127.0.0.1:5432
    at C:\Users\ludin\Desktop\salidas\scanqueue\backend\node_modules\pg-pool\index.js:45:11
    at process.processTicksAndRejections (node:internal/process/task_queues:105:5)
    at async query (file:///C:/Users/ludin/Desktop/salidas/scanqueue/backend/src/config/database.js:43:18)
    at async Module.getTotalStudents (file:///C:/Users/ludin/Desktop/salidas/scanqueue/backend/src/models/Student.js:23:15)
    at async Module.getScanStatistics (file:///C:/Users/ludin/Desktop/salidas/scanqueue/backend/src/services/ScanService.js:78:27)
    at async getDashboardStats (file:///C:/Users/ludin/Desktop/salidas/scanqueue/backend/src/controllers/DashboardController.js:12:19)
Path: /api/dashboard/stats

[2026-03-04T12:57:05.239Z] ERROR: connect ECONNREFUSED 127.0.0.1:5432
Stack: Error: connect ECONNREFUSED 127.0.0.1:5432
    at C:\Users\ludin\Desktop\salidas\scanqueue\backend\node_modules\pg-pool\index.js:45:11
    at process.processTicksAndRejections (node:internal/process/task_queues:105:5)
    at async query (file:///C:/Users/ludin/Desktop/salidas/scanqueue/backend/src/config/database.js:43:18)
    at async Module.getAllRoutes (file:///C:/Users/ludin/Desktop/salidas/scanqueue/backend/src/models/Route.js:7:15)
    at async getTodaySummary (file:///C:/Users/ludin/Desktop/salidas/scanqueue/backend/src/controllers/DashboardController.js:31:20)
Path: /api/dashboard/today

[2026-03-04T12:57:06.079Z] ERROR: connect ECONNREFUSED 127.0.0.1:5432
Stack: Error: connect ECONNREFUSED 127.0.0.1:5432
    at C:\Users\ludin\Desktop\salidas\scanqueue\backend\node_modules\pg-pool\index.js:45:11
    at process.processTicksAndRejections (node:internal/process/task_queues:105:5)
    at async query (file:///C:/Users/ludin/Desktop/salidas/scanqueue/backend/src/config/database.js:43:18)
    at async Module.getTotalStudents (file:///C:/Users/ludin/Desktop/salidas/scanqueue/backend/src/models/Student.js:23:15)
    at async Module.getScanStatistics (file:///C:/Users/ludin/Desktop/salidas/scanqueue/backend/src/services/ScanService.js:78:27)
    at async getDashboardStats (file:///C:/Users/ludin/Desktop/salidas/scanqueue/backend/src/controllers/DashboardController.js:12:19)
Path: /api/dashboard/stats

[2026-03-04T12:57:06.082Z] ERROR: connect ECONNREFUSED 127.0.0.1:5432
Stack: Error: connect ECONNREFUSED 127.0.0.1:5432
    at C:\Users\ludin\Desktop\salidas\scanqueue\backend\node_modules\pg-pool\index.js:45:11
    at process.processTicksAndRejections (node:internal/process/task_queues:105:5)
    at async query (file:///C:/Users/ludin/Desktop/salidas/scanqueue/backend/src/config/database.js:43:18)
    at async Module.getAllRoutes (file:///C:/Users/ludin/Desktop/salidas/scanqueue/backend/src/models/Route.js:7:15)
    at async getTodaySummary (file:///C:/Users/ludin/Desktop/salidas/scanqueue/backend/src/controllers/DashboardController.js:31:20)
Path: /api/dashboard/today

[2026-03-04T12:57:06.794Z] ERROR: connect ECONNREFUSED 127.0.0.1:5432
Stack: Error: connect ECONNREFUSED 127.0.0.1:5432
    at C:\Users\ludin\Desktop\salidas\scanqueue\backend\node_modules\pg-pool\index.js:45:11
    at process.processTicksAndRejections (node:internal/process/task_queues:105:5)
    at async query (file:///C:/Users/ludin/Desktop/salidas/scanqueue/backend/src/config/database.js:43:18)
    at async Module.getTotalStudents (file:///C:/Users/ludin/Desktop/salidas/scanqueue/backend/src/models/Student.js:23:15)
    at async Module.getScanStatistics (file:///C:/Users/ludin/Desktop/salidas/scanqueue/backend/src/services/ScanService.js:78:27)
    at async getDashboardStats (file:///C:/Users/ludin/Desktop/salidas/scanqueue/backend/src/controllers/DashboardController.js:12:19)
Path: /api/dashboard/stats

[2026-03-04T12:57:06.797Z] ERROR: connect ECONNREFUSED 127.0.0.1:5432
Stack: Error: connect ECONNREFUSED 127.0.0.1:5432
    at C:\Users\ludin\Desktop\salidas\scanqueue\backend\node_modules\pg-pool\index.js:45:11
    at process.processTicksAndRejections (node:internal/process/task_queues:105:5)
    at async query (file:///C:/Users/ludin/Desktop/salidas/scanqueue/backend/src/config/database.js:43:18)
    at async Module.getAllRoutes (file:///C:/Users/ludin/Desktop/salidas/scanqueue/backend/src/models/Route.js:7:15)
    at async getTodaySummary (file:///C:/Users/ludin/Desktop/salidas/scanqueue/backend/src/controllers/DashboardController.js:31:20)
Path: /api/dashboard/today

[2026-03-04T12:57:07.426Z] ERROR: connect ECONNREFUSED 127.0.0.1:5432
Stack: Error: connect ECONNREFUSED 127.0.0.1:5432
    at C:\Users\ludin\Desktop\salidas\scanqueue\backend\node_modules\pg-pool\index.js:45:11
    at process.processTicksAndRejections (node:internal/process/task_queues:105:5)
    at async query (file:///C:/Users/ludin/Desktop/salidas/scanqueue/backend/src/config/database.js:43:18)
    at async Module.getTotalStudents (file:///C:/Users/ludin/Desktop/salidas/scanqueue/backend/src/models/Student.js:23:15)
    at async Module.getScanStatistics (file:///C:/Users/ludin/Desktop/salidas/scanqueue/backend/src/services/ScanService.js:78:27)
    at async getDashboardStats (file:///C:/Users/ludin/Desktop/salidas/scanqueue/backend/src/controllers/DashboardController.js:12:19)
Path: /api/dashboard/stats

[2026-03-04T12:57:07.429Z] ERROR: connect ECONNREFUSED 127.0.0.1:5432
Stack: Error: connect ECONNREFUSED 127.0.0.1:5432
    at C:\Users\ludin\Desktop\salidas\scanqueue\backend\node_modules\pg-pool\index.js:45:11
    at process.processTicksAndRejections (node:internal/process/task_queues:105:5)
    at async query (file:///C:/Users/ludin/Desktop/salidas/scanqueue/backend/src/config/database.js:43:18)
    at async Module.getAllRoutes (file:///C:/Users/ludin/Desktop/salidas/scanqueue/backend/src/models/Route.js:7:15)
    at async getTodaySummary (file:///C:/Users/ludin/Desktop/salidas/scanqueue/backend/src/controllers/DashboardController.js:31:20)
Path: /api/dashboard/today

[2026-03-04T12:57:08.132Z] ERROR: connect ECONNREFUSED 127.0.0.1:5432
Stack: Error: connect ECONNREFUSED 127.0.0.1:5432
    at C:\Users\ludin\Desktop\salidas\scanqueue\backend\node_modules\pg-pool\index.js:45:11
    at process.processTicksAndRejections (node:internal/process/task_queues:105:5)
    at async query (file:///C:/Users/ludin/Desktop/salidas/scanqueue/backend/src/config/database.js:43:18)
    at async Module.getTotalStudents (file:///C:/Users/ludin/Desktop/salidas/scanqueue/backend/src/models/Student.js:23:15)
    at async Module.getScanStatistics (file:///C:/Users/ludin/Desktop/salidas/scanqueue/backend/src/services/ScanService.js:78:27)
    at async getDashboardStats (file:///C:/Users/ludin/Desktop/salidas/scanqueue/backend/src/controllers/DashboardController.js:12:19)
Path: /api/dashboard/stats

[2026-03-04T12:57:08.135Z] ERROR: connect ECONNREFUSED 127.0.0.1:5432
Stack: Error: connect ECONNREFUSED 127.0.0.1:5432
    at C:\Users\ludin\Desktop\salidas\scanqueue\backend\node_modules\pg-pool\index.js:45:11
    at process.processTicksAndRejections (node:internal/process/task_queues:105:5)
    at async query (file:///C:/Users/ludin/Desktop/salidas/scanqueue/backend/src/config/database.js:43:18)
    at async Module.getAllRoutes (file:///C:/Users/ludin/Desktop/salidas/scanqueue/backend/src/models/Route.js:7:15)
    at async getTodaySummary (file:///C:/Users/ludin/Desktop/salidas/scanqueue/backend/src/controllers/DashboardController.js:31:20)
Path: /api/dashboard/today

[2026-03-04T12:57:32.464Z] ERROR: connect ECONNREFUSED 127.0.0.1:5432
Stack: Error: connect ECONNREFUSED 127.0.0.1:5432
    at C:\Users\ludin\Desktop\salidas\scanqueue\backend\node_modules\pg-pool\index.js:45:11
    at process.processTicksAndRejections (node:internal/process/task_queues:105:5)
    at async query (file:///C:/Users/ludin/Desktop/salidas/scanqueue/backend/src/config/database.js:43:18)
    at async Module.getAllRoutes (file:///C:/Users/ludin/Desktop/salidas/scanqueue/backend/src/models/Route.js:7:15)
    at async getTodaySummary (file:///C:/Users/ludin/Desktop/salidas/scanqueue/backend/src/controllers/DashboardController.js:31:20)
Path: /api/dashboard/today

[2026-03-04T12:57:35.561Z] ERROR: connect ECONNREFUSED 127.0.0.1:5432
Stack: Error: connect ECONNREFUSED 127.0.0.1:5432
    at C:\Users\ludin\Desktop\salidas\scanqueue\backend\node_modules\pg-pool\index.js:45:11
    at process.processTicksAndRejections (node:internal/process/task_queues:105:5)
    at async query (file:///C:/Users/ludin/Desktop/salidas/scanqueue/backend/src/config/database.js:43:18)
    at async Module.getAllRoutes (file:///C:/Users/ludin/Desktop/salidas/scanqueue/backend/src/models/Route.js:7:15)
    at async getTodaySummary (file:///C:/Users/ludin/Desktop/salidas/scanqueue/backend/src/controllers/DashboardController.js:31:20)
Path: /api/dashboard/today

